Using device: cuda
Current CUDA device: 0
CUDA device name: Tesla V100-PCIE-16GB
010-H3K9ac-H3K27ac
Epoch [1/100] - [TRAIN] Loss: 0.6106, Accuracy: 72.23%, AUC: 0.72 [VAL] Loss: 0.5672, Accuracy: 75.01%, Precision: 0.78, Recall: 0.68, F1-Score: 0.73, AUC: 0.75
Epoch [2/100] - [TRAIN] Loss: 0.5743, Accuracy: 74.42%, AUC: 0.74 [VAL] Loss: 0.5464, Accuracy: 75.70%, Precision: 0.79, Recall: 0.70, F1-Score: 0.74, AUC: 0.76
Epoch [3/100] - [TRAIN] Loss: 0.5615, Accuracy: 74.75%, AUC: 0.75 [VAL] Loss: 0.5374, Accuracy: 75.53%, Precision: 0.78, Recall: 0.69, F1-Score: 0.73, AUC: 0.75
Epoch [4/100] - [TRAIN] Loss: 0.5578, Accuracy: 74.72%, AUC: 0.75 [VAL] Loss: 0.5385, Accuracy: 75.37%, Precision: 0.79, Recall: 0.68, F1-Score: 0.73, AUC: 0.75
Epoch [5/100] - [TRAIN] Loss: 0.5500, Accuracy: 74.72%, AUC: 0.75 [VAL] Loss: 0.5312, Accuracy: 75.97%, Precision: 0.79, Recall: 0.68, F1-Score: 0.73, AUC: 0.76
Epoch [6/100] - [TRAIN] Loss: 0.5497, Accuracy: 74.68%, AUC: 0.75 [VAL] Loss: 0.5279, Accuracy: 75.15%, Precision: 0.79, Recall: 0.67, F1-Score: 0.72, AUC: 0.75
Epoch [7/100] - [TRAIN] Loss: 0.5485, Accuracy: 74.66%, AUC: 0.74 [VAL] Loss: 0.5240, Accuracy: 75.81%, Precision: 0.80, Recall: 0.68, F1-Score: 0.74, AUC: 0.76
Epoch [8/100] - [TRAIN] Loss: 0.5459, Accuracy: 74.83%, AUC: 0.75 [VAL] Loss: 0.5269, Accuracy: 76.16%, Precision: 0.82, Recall: 0.67, F1-Score: 0.74, AUC: 0.76
Epoch [9/100] - [TRAIN] Loss: 0.5428, Accuracy: 74.73%, AUC: 0.75 [VAL] Loss: 0.5307, Accuracy: 76.19%, Precision: 0.79, Recall: 0.67, F1-Score: 0.73, AUC: 0.76
Epoch [10/100] - [TRAIN] Loss: 0.5439, Accuracy: 74.90%, AUC: 0.75 [VAL] Loss: 0.5260, Accuracy: 75.61%, Precision: 0.80, Recall: 0.68, F1-Score: 0.73, AUC: 0.75
Epoch [11/100] - [TRAIN] Loss: 0.5447, Accuracy: 74.78%, AUC: 0.75 [VAL] Loss: 0.5291, Accuracy: 75.89%, Precision: 0.81, Recall: 0.67, F1-Score: 0.73, AUC: 0.76
Epoch [12/100] - [TRAIN] Loss: 0.5422, Accuracy: 74.75%, AUC: 0.75 [VAL] Loss: 0.5338, Accuracy: 75.60%, Precision: 0.80, Recall: 0.67, F1-Score: 0.73, AUC: 0.75
Epoch [13/100] - [TRAIN] Loss: 0.5411, Accuracy: 74.83%, AUC: 0.75 [VAL] Loss: 0.5294, Accuracy: 75.72%, Precision: 0.79, Recall: 0.67, F1-Score: 0.73, AUC: 0.75
Epoch [14/100] - [TRAIN] Loss: 0.5335, Accuracy: 75.10%, AUC: 0.75 [VAL] Loss: 0.5211, Accuracy: 75.68%, Precision: 0.79, Recall: 0.67, F1-Score: 0.73, AUC: 0.75
Epoch [15/100] - [TRAIN] Loss: 0.5396, Accuracy: 74.81%, AUC: 0.75 [VAL] Loss: 0.5364, Accuracy: 74.97%, Precision: 0.79, Recall: 0.66, F1-Score: 0.72, AUC: 0.75
Epoch [16/100] - [TRAIN] Loss: 0.5367, Accuracy: 74.94%, AUC: 0.75 [VAL] Loss: 0.5261, Accuracy: 75.53%, Precision: 0.80, Recall: 0.67, F1-Score: 0.73, AUC: 0.75
Epoch [17/100] - [TRAIN] Loss: 0.5401, Accuracy: 74.64%, AUC: 0.74 [VAL] Loss: 0.5291, Accuracy: 75.39%, Precision: 0.80, Recall: 0.66, F1-Score: 0.72, AUC: 0.75
Epoch [18/100] - [TRAIN] Loss: 0.5405, Accuracy: 74.72%, AUC: 0.75 [VAL] Loss: 0.5269, Accuracy: 75.30%, Precision: 0.80, Recall: 0.66, F1-Score: 0.72, AUC: 0.75
Epoch [19/100] - [TRAIN] Loss: 0.5397, Accuracy: 74.85%, AUC: 0.75 [VAL] Loss: 0.5238, Accuracy: 76.20%, Precision: 0.82, Recall: 0.66, F1-Score: 0.73, AUC: 0.76
Epoch [20/100] - [TRAIN] Loss: 0.5398, Accuracy: 74.65%, AUC: 0.74 [VAL] Loss: 0.5266, Accuracy: 75.53%, Precision: 0.80, Recall: 0.66, F1-Score: 0.73, AUC: 0.75
Epoch [21/100] - [TRAIN] Loss: 0.5425, Accuracy: 74.62%, AUC: 0.74 [VAL] Loss: 0.5295, Accuracy: 75.88%, Precision: 0.80, Recall: 0.67, F1-Score: 0.73, AUC: 0.76
Epoch [22/100] - [TRAIN] Loss: 0.5384, Accuracy: 74.83%, AUC: 0.75 [VAL] Loss: 0.5244, Accuracy: 75.96%, Precision: 0.81, Recall: 0.67, F1-Score: 0.73, AUC: 0.76
Epoch [23/100] - [TRAIN] Loss: 0.5406, Accuracy: 74.72%, AUC: 0.75 [VAL] Loss: 0.5291, Accuracy: 75.47%, Precision: 0.81, Recall: 0.66, F1-Score: 0.73, AUC: 0.75
Epoch [24/100] - [TRAIN] Loss: 0.5405, Accuracy: 74.61%, AUC: 0.74 [VAL] Loss: 0.5237, Accuracy: 76.35%, Precision: 0.81, Recall: 0.67, F1-Score: 0.73, AUC: 0.76
Epoch [25/100] - [TRAIN] Loss: 0.5388, Accuracy: 74.98%, AUC: 0.75 [VAL] Loss: 0.5253, Accuracy: 76.09%, Precision: 0.81, Recall: 0.67, F1-Score: 0.73, AUC: 0.76
Epoch [26/100] - [TRAIN] Loss: 0.5375, Accuracy: 74.89%, AUC: 0.75 [VAL] Loss: 0.5286, Accuracy: 75.81%, Precision: 0.80, Recall: 0.67, F1-Score: 0.73, AUC: 0.76
Epoch [27/100] - [TRAIN] Loss: 0.5366, Accuracy: 74.98%, AUC: 0.75 [VAL] Loss: 0.5312, Accuracy: 75.48%, Precision: 0.80, Recall: 0.66, F1-Score: 0.72, AUC: 0.75
Epoch [28/100] - [TRAIN] Loss: 0.5377, Accuracy: 74.97%, AUC: 0.75 [VAL] Loss: 0.5249, Accuracy: 75.52%, Precision: 0.80, Recall: 0.67, F1-Score: 0.73, AUC: 0.75
Epoch [29/100] - [TRAIN] Loss: 0.5369, Accuracy: 75.12%, AUC: 0.75 [VAL] Loss: 0.5329, Accuracy: 75.74%, Precision: 0.80, Recall: 0.66, F1-Score: 0.72, AUC: 0.75
Epoch [30/100] - [TRAIN] Loss: 0.5418, Accuracy: 74.74%, AUC: 0.75 [VAL] Loss: 0.5241, Accuracy: 76.00%, Precision: 0.81, Recall: 0.67, F1-Score: 0.73, AUC: 0.76
Epoch [31/100] - [TRAIN] Loss: 0.5391, Accuracy: 74.75%, AUC: 0.75 [VAL] Loss: 0.5346, Accuracy: 75.24%, Precision: 0.80, Recall: 0.66, F1-Score: 0.73, AUC: 0.75
Epoch [32/100] - [TRAIN] Loss: 0.5415, Accuracy: 74.39%, AUC: 0.74 [VAL] Loss: 0.5245, Accuracy: 75.16%, Precision: 0.80, Recall: 0.66, F1-Score: 0.72, AUC: 0.75
Epoch [33/100] - [TRAIN] Loss: 0.5426, Accuracy: 74.70%, AUC: 0.74 [VAL] Loss: 0.5208, Accuracy: 75.97%, Precision: 0.81, Recall: 0.66, F1-Score: 0.73, AUC: 0.76
Epoch [34/100] - [TRAIN] Loss: 0.5397, Accuracy: 74.79%, AUC: 0.75 [VAL] Loss: 0.5226, Accuracy: 75.19%, Precision: 0.80, Recall: 0.66, F1-Score: 0.72, AUC: 0.75
Epoch [35/100] - [TRAIN] Loss: 0.5389, Accuracy: 74.79%, AUC: 0.75 [VAL] Loss: 0.5310, Accuracy: 75.34%, Precision: 0.80, Recall: 0.66, F1-Score: 0.72, AUC: 0.75
Epoch [36/100] - [TRAIN] Loss: 0.5392, Accuracy: 74.92%, AUC: 0.75 [VAL] Loss: 0.5241, Accuracy: 75.52%, Precision: 0.80, Recall: 0.67, F1-Score: 0.73, AUC: 0.75
Epoch [37/100] - [TRAIN] Loss: 0.5403, Accuracy: 74.76%, AUC: 0.75 [VAL] Loss: 0.5326, Accuracy: 75.50%, Precision: 0.79, Recall: 0.67, F1-Score: 0.73, AUC: 0.75
Epoch [38/100] - [TRAIN] Loss: 0.5397, Accuracy: 74.90%, AUC: 0.75 [VAL] Loss: 0.5208, Accuracy: 75.71%, Precision: 0.80, Recall: 0.67, F1-Score: 0.73, AUC: 0.76
Epoch [39/100] - [TRAIN] Loss: 0.5398, Accuracy: 74.64%, AUC: 0.74 [VAL] Loss: 0.5228, Accuracy: 75.70%, Precision: 0.81, Recall: 0.67, F1-Score: 0.73, AUC: 0.76
Epoch [40/100] - [TRAIN] Loss: 0.5400, Accuracy: 74.71%, AUC: 0.75 [VAL] Loss: 0.5321, Accuracy: 75.53%, Precision: 0.81, Recall: 0.65, F1-Score: 0.72, AUC: 0.75
Epoch [41/100] - [TRAIN] Loss: 0.5396, Accuracy: 74.62%, AUC: 0.74 [VAL] Loss: 0.5304, Accuracy: 74.70%, Precision: 0.79, Recall: 0.66, F1-Score: 0.72, AUC: 0.75
Epoch [42/100] - [TRAIN] Loss: 0.5386, Accuracy: 74.79%, AUC: 0.75 [VAL] Loss: 0.5241, Accuracy: 76.19%, Precision: 0.80, Recall: 0.68, F1-Score: 0.73, AUC: 0.76
Epoch [43/100] - [TRAIN] Loss: 0.5358, Accuracy: 74.93%, AUC: 0.75 [VAL] Loss: 0.5294, Accuracy: 74.88%, Precision: 0.79, Recall: 0.66, F1-Score: 0.72, AUC: 0.75
Epoch [44/100] - [TRAIN] Loss: 0.5382, Accuracy: 74.84%, AUC: 0.75 [VAL] Loss: 0.5140, Accuracy: 76.49%, Precision: 0.81, Recall: 0.67, F1-Score: 0.74, AUC: 0.76
Epoch [45/100] - [TRAIN] Loss: 0.5384, Accuracy: 74.86%, AUC: 0.75 [VAL] Loss: 0.5220, Accuracy: 76.57%, Precision: 0.82, Recall: 0.67, F1-Score: 0.73, AUC: 0.76
Epoch [46/100] - [TRAIN] Loss: 0.5377, Accuracy: 74.82%, AUC: 0.75 [VAL] Loss: 0.5282, Accuracy: 75.49%, Precision: 0.80, Recall: 0.67, F1-Score: 0.73, AUC: 0.75
Epoch [47/100] - [TRAIN] Loss: 0.5392, Accuracy: 75.18%, AUC: 0.75 [VAL] Loss: 0.5254, Accuracy: 76.13%, Precision: 0.80, Recall: 0.67, F1-Score: 0.73, AUC: 0.76
Epoch [48/100] - [TRAIN] Loss: 0.5396, Accuracy: 74.75%, AUC: 0.75 [VAL] Loss: 0.5172, Accuracy: 76.35%, Precision: 0.80, Recall: 0.68, F1-Score: 0.74, AUC: 0.76
Epoch [49/100] - [TRAIN] Loss: 0.5388, Accuracy: 74.75%, AUC: 0.75 [VAL] Loss: 0.5266, Accuracy: 75.17%, Precision: 0.79, Recall: 0.66, F1-Score: 0.72, AUC: 0.75
Epoch [50/100] - [TRAIN] Loss: 0.5441, Accuracy: 74.55%, AUC: 0.74 [VAL] Loss: 0.5326, Accuracy: 74.70%, Precision: 0.80, Recall: 0.65, F1-Score: 0.72, AUC: 0.75
Epoch [51/100] - [TRAIN] Loss: 0.5398, Accuracy: 74.74%, AUC: 0.75 [VAL] Loss: 0.5397, Accuracy: 74.69%, Precision: 0.78, Recall: 0.67, F1-Score: 0.72, AUC: 0.74
Epoch [52/100] - [TRAIN] Loss: 0.5400, Accuracy: 74.78%, AUC: 0.75 [VAL] Loss: 0.5264, Accuracy: 75.47%, Precision: 0.80, Recall: 0.66, F1-Score: 0.72, AUC: 0.75
Epoch [53/100] - [TRAIN] Loss: 0.5402, Accuracy: 74.68%, AUC: 0.75 [VAL] Loss: 0.5342, Accuracy: 75.42%, Precision: 0.80, Recall: 0.66, F1-Score: 0.72, AUC: 0.75
Epoch [54/100] - [TRAIN] Loss: 0.5377, Accuracy: 74.78%, AUC: 0.75 [VAL] Loss: 0.5217, Accuracy: 75.55%, Precision: 0.80, Recall: 0.66, F1-Score: 0.72, AUC: 0.75
Epoch [55/100] - [TRAIN] Loss: 0.5415, Accuracy: 74.79%, AUC: 0.75 [VAL] Loss: 0.5304, Accuracy: 75.60%, Precision: 0.81, Recall: 0.66, F1-Score: 0.72, AUC: 0.75
Epoch [56/100] - [TRAIN] Loss: 0.5393, Accuracy: 74.94%, AUC: 0.75 [VAL] Loss: 0.5215, Accuracy: 75.93%, Precision: 0.81, Recall: 0.67, F1-Score: 0.73, AUC: 0.76
Epoch [57/100] - [TRAIN] Loss: 0.5380, Accuracy: 74.91%, AUC: 0.75 [VAL] Loss: 0.5280, Accuracy: 75.69%, Precision: 0.80, Recall: 0.67, F1-Score: 0.73, AUC: 0.75
Epoch [58/100] - [TRAIN] Loss: 0.5385, Accuracy: 75.07%, AUC: 0.75 [VAL] Loss: 0.5225, Accuracy: 75.68%, Precision: 0.81, Recall: 0.66, F1-Score: 0.73, AUC: 0.76
Epoch [59/100] - [TRAIN] Loss: 0.5408, Accuracy: 74.69%, AUC: 0.75 [VAL] Loss: 0.5297, Accuracy: 75.86%, Precision: 0.80, Recall: 0.67, F1-Score: 0.73, AUC: 0.76
Epoch [60/100] - [TRAIN] Loss: 0.5391, Accuracy: 74.87%, AUC: 0.75 [VAL] Loss: 0.5335, Accuracy: 75.46%, Precision: 0.80, Recall: 0.66, F1-Score: 0.72, AUC: 0.75
Epoch [61/100] - [TRAIN] Loss: 0.5391, Accuracy: 74.92%, AUC: 0.75 [VAL] Loss: 0.5243, Accuracy: 75.55%, Precision: 0.80, Recall: 0.66, F1-Score: 0.72, AUC: 0.75
Epoch [62/100] - [TRAIN] Loss: 0.5414, Accuracy: 74.66%, AUC: 0.74 [VAL] Loss: 0.5288, Accuracy: 75.51%, Precision: 0.81, Recall: 0.66, F1-Score: 0.73, AUC: 0.75
Epoch [63/100] - [TRAIN] Loss: 0.5413, Accuracy: 74.86%, AUC: 0.75 [VAL] Loss: 0.5297, Accuracy: 75.58%, Precision: 0.80, Recall: 0.67, F1-Score: 0.73, AUC: 0.75
Epoch [64/100] - [TRAIN] Loss: 0.5388, Accuracy: 74.80%, AUC: 0.75 [VAL] Loss: 0.5234, Accuracy: 75.81%, Precision: 0.79, Recall: 0.68, F1-Score: 0.73, AUC: 0.76
Epoch [65/100] - [TRAIN] Loss: 0.5382, Accuracy: 74.84%, AUC: 0.75 [VAL] Loss: 0.5262, Accuracy: 76.22%, Precision: 0.81, Recall: 0.67, F1-Score: 0.73, AUC: 0.76
Epoch [66/100] - [TRAIN] Loss: 0.5395, Accuracy: 74.58%, AUC: 0.74 [VAL] Loss: 0.5347, Accuracy: 75.45%, Precision: 0.79, Recall: 0.67, F1-Score: 0.72, AUC: 0.75
Epoch [67/100] - [TRAIN] Loss: 0.5408, Accuracy: 74.73%, AUC: 0.75 [VAL] Loss: 0.5234, Accuracy: 76.24%, Precision: 0.81, Recall: 0.67, F1-Score: 0.73, AUC: 0.76
Epoch [68/100] - [TRAIN] Loss: 0.5362, Accuracy: 75.08%, AUC: 0.75 [VAL] Loss: 0.5334, Accuracy: 75.10%, Precision: 0.80, Recall: 0.66, F1-Score: 0.72, AUC: 0.75
Epoch [69/100] - [TRAIN] Loss: 0.5366, Accuracy: 75.18%, AUC: 0.75 [VAL] Loss: 0.5198, Accuracy: 76.26%, Precision: 0.80, Recall: 0.67, F1-Score: 0.73, AUC: 0.76
Epoch [70/100] - [TRAIN] Loss: 0.5407, Accuracy: 74.68%, AUC: 0.74 [VAL] Loss: 0.5354, Accuracy: 75.46%, Precision: 0.80, Recall: 0.66, F1-Score: 0.72, AUC: 0.75
Epoch [71/100] - [TRAIN] Loss: 0.5375, Accuracy: 74.85%, AUC: 0.75 [VAL] Loss: 0.5288, Accuracy: 75.46%, Precision: 0.81, Recall: 0.66, F1-Score: 0.73, AUC: 0.75
Epoch [72/100] - [TRAIN] Loss: 0.5381, Accuracy: 74.73%, AUC: 0.75 [VAL] Loss: 0.5277, Accuracy: 75.76%, Precision: 0.80, Recall: 0.67, F1-Score: 0.73, AUC: 0.76
Epoch [73/100] - [TRAIN] Loss: 0.5412, Accuracy: 74.60%, AUC: 0.74 [VAL] Loss: 0.5292, Accuracy: 76.05%, Precision: 0.81, Recall: 0.67, F1-Score: 0.73, AUC: 0.76
Epoch [74/100] - [TRAIN] Loss: 0.5391, Accuracy: 74.81%, AUC: 0.75 [VAL] Loss: 0.5323, Accuracy: 75.16%, Precision: 0.80, Recall: 0.66, F1-Score: 0.72, AUC: 0.75
Epoch [75/100] - [TRAIN] Loss: 0.5396, Accuracy: 74.70%, AUC: 0.75 [VAL] Loss: 0.5276, Accuracy: 75.51%, Precision: 0.80, Recall: 0.67, F1-Score: 0.73, AUC: 0.75
Epoch [76/100] - [TRAIN] Loss: 0.5372, Accuracy: 74.96%, AUC: 0.75 [VAL] Loss: 0.5310, Accuracy: 75.47%, Precision: 0.80, Recall: 0.67, F1-Score: 0.73, AUC: 0.75
Epoch [77/100] - [TRAIN] Loss: 0.5395, Accuracy: 74.95%, AUC: 0.75 [VAL] Loss: 0.5321, Accuracy: 75.96%, Precision: 0.81, Recall: 0.66, F1-Score: 0.73, AUC: 0.76
Epoch [78/100] - [TRAIN] Loss: 0.5412, Accuracy: 74.66%, AUC: 0.75 [VAL] Loss: 0.5215, Accuracy: 76.00%, Precision: 0.81, Recall: 0.67, F1-Score: 0.73, AUC: 0.76
Epoch [79/100] - [TRAIN] Loss: 0.5383, Accuracy: 74.61%, AUC: 0.74 [VAL] Loss: 0.5308, Accuracy: 74.90%, Precision: 0.80, Recall: 0.66, F1-Score: 0.72, AUC: 0.75
Epoch [80/100] - [TRAIN] Loss: 0.5359, Accuracy: 75.08%, AUC: 0.75 [VAL] Loss: 0.5235, Accuracy: 76.04%, Precision: 0.81, Recall: 0.68, F1-Score: 0.74, AUC: 0.76
Epoch [81/100] - [TRAIN] Loss: 0.5409, Accuracy: 74.78%, AUC: 0.75 [VAL] Loss: 0.5294, Accuracy: 75.81%, Precision: 0.80, Recall: 0.67, F1-Score: 0.73, AUC: 0.75
Epoch [82/100] - [TRAIN] Loss: 0.5373, Accuracy: 74.88%, AUC: 0.75 [VAL] Loss: 0.5248, Accuracy: 75.76%, Precision: 0.80, Recall: 0.67, F1-Score: 0.73, AUC: 0.76
Epoch [83/100] - [TRAIN] Loss: 0.5373, Accuracy: 74.89%, AUC: 0.75 [VAL] Loss: 0.5270, Accuracy: 75.39%, Precision: 0.80, Recall: 0.67, F1-Score: 0.73, AUC: 0.75
Epoch [84/100] - [TRAIN] Loss: 0.5353, Accuracy: 74.94%, AUC: 0.75 [VAL] Loss: 0.5194, Accuracy: 76.15%, Precision: 0.81, Recall: 0.67, F1-Score: 0.73, AUC: 0.76
Epoch [85/100] - [TRAIN] Loss: 0.5383, Accuracy: 74.87%, AUC: 0.75 [VAL] Loss: 0.5268, Accuracy: 75.58%, Precision: 0.81, Recall: 0.66, F1-Score: 0.73, AUC: 0.75
Epoch [86/100] - [TRAIN] Loss: 0.5388, Accuracy: 75.06%, AUC: 0.75 [VAL] Loss: 0.5279, Accuracy: 75.07%, Precision: 0.80, Recall: 0.66, F1-Score: 0.72, AUC: 0.75
Epoch [87/100] - [TRAIN] Loss: 0.5386, Accuracy: 74.70%, AUC: 0.75 [VAL] Loss: 0.5216, Accuracy: 75.35%, Precision: 0.79, Recall: 0.67, F1-Score: 0.72, AUC: 0.75
Epoch [88/100] - [TRAIN] Loss: 0.5408, Accuracy: 74.71%, AUC: 0.75 [VAL] Loss: 0.5212, Accuracy: 76.04%, Precision: 0.81, Recall: 0.67, F1-Score: 0.73, AUC: 0.76
Epoch [89/100] - [TRAIN] Loss: 0.5374, Accuracy: 74.78%, AUC: 0.75 [VAL] Loss: 0.5316, Accuracy: 75.31%, Precision: 0.82, Recall: 0.65, F1-Score: 0.73, AUC: 0.75
Epoch [90/100] - [TRAIN] Loss: 0.5399, Accuracy: 74.70%, AUC: 0.75 [VAL] Loss: 0.5218, Accuracy: 76.10%, Precision: 0.80, Recall: 0.68, F1-Score: 0.73, AUC: 0.76
Epoch [91/100] - [TRAIN] Loss: 0.5388, Accuracy: 74.69%, AUC: 0.75 [VAL] Loss: 0.5336, Accuracy: 75.44%, Precision: 0.81, Recall: 0.66, F1-Score: 0.73, AUC: 0.75
Epoch [92/100] - [TRAIN] Loss: 0.5363, Accuracy: 74.77%, AUC: 0.75 [VAL] Loss: 0.5239, Accuracy: 75.87%, Precision: 0.80, Recall: 0.67, F1-Score: 0.73, AUC: 0.76
Epoch [93/100] - [TRAIN] Loss: 0.5386, Accuracy: 74.94%, AUC: 0.75 [VAL] Loss: 0.5272, Accuracy: 75.67%, Precision: 0.81, Recall: 0.67, F1-Score: 0.73, AUC: 0.76
Epoch [94/100] - [TRAIN] Loss: 0.5419, Accuracy: 74.61%, AUC: 0.74 [VAL] Loss: 0.5323, Accuracy: 75.55%, Precision: 0.79, Recall: 0.67, F1-Score: 0.73, AUC: 0.75
Epoch [95/100] - [TRAIN] Loss: 0.5394, Accuracy: 74.71%, AUC: 0.75 [VAL] Loss: 0.5314, Accuracy: 75.31%, Precision: 0.80, Recall: 0.67, F1-Score: 0.73, AUC: 0.75
Epoch [96/100] - [TRAIN] Loss: 0.5373, Accuracy: 74.93%, AUC: 0.75 [VAL] Loss: 0.5285, Accuracy: 75.59%, Precision: 0.80, Recall: 0.66, F1-Score: 0.72, AUC: 0.75
Epoch [97/100] - [TRAIN] Loss: 0.5393, Accuracy: 74.95%, AUC: 0.75 [VAL] Loss: 0.5217, Accuracy: 75.26%, Precision: 0.79, Recall: 0.67, F1-Score: 0.73, AUC: 0.75
Epoch [98/100] - [TRAIN] Loss: 0.5409, Accuracy: 74.73%, AUC: 0.75 [VAL] Loss: 0.5290, Accuracy: 75.50%, Precision: 0.80, Recall: 0.67, F1-Score: 0.73, AUC: 0.75
Epoch [99/100] - [TRAIN] Loss: 0.5399, Accuracy: 74.86%, AUC: 0.75 [VAL] Loss: 0.5328, Accuracy: 74.90%, Precision: 0.79, Recall: 0.66, F1-Score: 0.72, AUC: 0.75
Epoch [100/100] - [TRAIN] Loss: 0.5419, Accuracy: 74.55%, AUC: 0.74 [VAL] Loss: 0.5347, Accuracy: 74.90%, Precision: 0.80, Recall: 0.65, F1-Score: 0.72, AUC: 0.75
Accuracy Score on test set: 75.82 %
    AUC Score on test set: 0.76
    Precision: 0.8074
    Recall: 0.6687
    F1-Score: 0.7315

    Detailed Classification Report:
                  precision    recall  f1-score   support

           0       0.72      0.85      0.78      5074
           1       0.81      0.67      0.73      4926

    accuracy                           0.76     10000
   macro avg       0.77      0.76      0.76     10000
weighted avg       0.77      0.76      0.76     10000


    Confusion Matrix:
    [[4288  786]
 [1632 3294]]
    
011-H3K9ac-H3K27me3
Epoch [1/100] - [TRAIN] Loss: 0.6389, Accuracy: 65.30%, AUC: 0.66 [VAL] Loss: 0.5874, Accuracy: 70.88%, Precision: 0.66, Recall: 0.81, F1-Score: 0.73, AUC: 0.71
Epoch [2/100] - [TRAIN] Loss: 0.5946, Accuracy: 70.78%, AUC: 0.71 [VAL] Loss: 0.5711, Accuracy: 71.48%, Precision: 0.68, Recall: 0.81, F1-Score: 0.74, AUC: 0.72
Epoch [3/100] - [TRAIN] Loss: 0.5872, Accuracy: 71.06%, AUC: 0.71 [VAL] Loss: 0.5630, Accuracy: 71.74%, Precision: 0.67, Recall: 0.81, F1-Score: 0.74, AUC: 0.72
Epoch [4/100] - [TRAIN] Loss: 0.5755, Accuracy: 72.32%, AUC: 0.72 [VAL] Loss: 0.5643, Accuracy: 72.83%, Precision: 0.77, Recall: 0.65, F1-Score: 0.70, AUC: 0.73
Epoch [5/100] - [TRAIN] Loss: 0.5713, Accuracy: 72.84%, AUC: 0.73 [VAL] Loss: 0.5619, Accuracy: 72.97%, Precision: 0.76, Recall: 0.65, F1-Score: 0.70, AUC: 0.73
Epoch [6/100] - [TRAIN] Loss: 0.5700, Accuracy: 72.96%, AUC: 0.73 [VAL] Loss: 0.5582, Accuracy: 72.83%, Precision: 0.77, Recall: 0.63, F1-Score: 0.70, AUC: 0.73
Epoch [7/100] - [TRAIN] Loss: 0.5681, Accuracy: 73.05%, AUC: 0.73 [VAL] Loss: 0.5614, Accuracy: 72.91%, Precision: 0.78, Recall: 0.63, F1-Score: 0.70, AUC: 0.73
Epoch [8/100] - [TRAIN] Loss: 0.5639, Accuracy: 73.14%, AUC: 0.73 [VAL] Loss: 0.5565, Accuracy: 72.87%, Precision: 0.77, Recall: 0.63, F1-Score: 0.69, AUC: 0.73
Epoch [9/100] - [TRAIN] Loss: 0.5638, Accuracy: 73.08%, AUC: 0.73 [VAL] Loss: 0.5575, Accuracy: 73.17%, Precision: 0.78, Recall: 0.62, F1-Score: 0.69, AUC: 0.73
Epoch [10/100] - [TRAIN] Loss: 0.5633, Accuracy: 72.91%, AUC: 0.73 [VAL] Loss: 0.5556, Accuracy: 73.11%, Precision: 0.78, Recall: 0.62, F1-Score: 0.69, AUC: 0.73
Epoch [11/100] - [TRAIN] Loss: 0.5620, Accuracy: 72.90%, AUC: 0.73 [VAL] Loss: 0.5476, Accuracy: 73.69%, Precision: 0.78, Recall: 0.64, F1-Score: 0.70, AUC: 0.73
Epoch [12/100] - [TRAIN] Loss: 0.5588, Accuracy: 73.36%, AUC: 0.73 [VAL] Loss: 0.5539, Accuracy: 73.46%, Precision: 0.77, Recall: 0.65, F1-Score: 0.71, AUC: 0.73
Epoch [13/100] - [TRAIN] Loss: 0.5614, Accuracy: 72.98%, AUC: 0.73 [VAL] Loss: 0.5438, Accuracy: 73.85%, Precision: 0.78, Recall: 0.64, F1-Score: 0.71, AUC: 0.74
Epoch [14/100] - [TRAIN] Loss: 0.5589, Accuracy: 73.16%, AUC: 0.73 [VAL] Loss: 0.5440, Accuracy: 73.88%, Precision: 0.78, Recall: 0.65, F1-Score: 0.71, AUC: 0.74
Epoch [15/100] - [TRAIN] Loss: 0.5574, Accuracy: 73.23%, AUC: 0.73 [VAL] Loss: 0.5441, Accuracy: 73.96%, Precision: 0.78, Recall: 0.64, F1-Score: 0.70, AUC: 0.74
Epoch [16/100] - [TRAIN] Loss: 0.5573, Accuracy: 73.11%, AUC: 0.73 [VAL] Loss: 0.5448, Accuracy: 74.15%, Precision: 0.79, Recall: 0.65, F1-Score: 0.71, AUC: 0.74
Epoch [17/100] - [TRAIN] Loss: 0.5551, Accuracy: 73.28%, AUC: 0.73 [VAL] Loss: 0.5520, Accuracy: 72.92%, Precision: 0.77, Recall: 0.63, F1-Score: 0.69, AUC: 0.73
Epoch [18/100] - [TRAIN] Loss: 0.5561, Accuracy: 73.18%, AUC: 0.73 [VAL] Loss: 0.5431, Accuracy: 73.53%, Precision: 0.78, Recall: 0.64, F1-Score: 0.70, AUC: 0.73
Epoch [19/100] - [TRAIN] Loss: 0.5546, Accuracy: 73.17%, AUC: 0.73 [VAL] Loss: 0.5473, Accuracy: 73.68%, Precision: 0.78, Recall: 0.64, F1-Score: 0.71, AUC: 0.73
Epoch [20/100] - [TRAIN] Loss: 0.5535, Accuracy: 73.26%, AUC: 0.73 [VAL] Loss: 0.5443, Accuracy: 73.81%, Precision: 0.78, Recall: 0.65, F1-Score: 0.71, AUC: 0.74
Epoch [21/100] - [TRAIN] Loss: 0.5528, Accuracy: 73.31%, AUC: 0.73 [VAL] Loss: 0.5425, Accuracy: 73.72%, Precision: 0.77, Recall: 0.66, F1-Score: 0.71, AUC: 0.74
Epoch [22/100] - [TRAIN] Loss: 0.5549, Accuracy: 73.04%, AUC: 0.73 [VAL] Loss: 0.5335, Accuracy: 74.41%, Precision: 0.78, Recall: 0.66, F1-Score: 0.71, AUC: 0.74
Epoch [23/100] - [TRAIN] Loss: 0.5535, Accuracy: 73.39%, AUC: 0.73 [VAL] Loss: 0.5473, Accuracy: 73.01%, Precision: 0.77, Recall: 0.64, F1-Score: 0.70, AUC: 0.73
Epoch [24/100] - [TRAIN] Loss: 0.5536, Accuracy: 73.31%, AUC: 0.73 [VAL] Loss: 0.5485, Accuracy: 72.98%, Precision: 0.77, Recall: 0.64, F1-Score: 0.70, AUC: 0.73
Epoch [25/100] - [TRAIN] Loss: 0.5538, Accuracy: 73.25%, AUC: 0.73 [VAL] Loss: 0.5339, Accuracy: 73.89%, Precision: 0.80, Recall: 0.64, F1-Score: 0.71, AUC: 0.74
Epoch [26/100] - [TRAIN] Loss: 0.5534, Accuracy: 73.03%, AUC: 0.73 [VAL] Loss: 0.5503, Accuracy: 72.99%, Precision: 0.77, Recall: 0.63, F1-Score: 0.69, AUC: 0.73
Epoch [27/100] - [TRAIN] Loss: 0.5517, Accuracy: 73.12%, AUC: 0.73 [VAL] Loss: 0.5517, Accuracy: 72.99%, Precision: 0.77, Recall: 0.64, F1-Score: 0.70, AUC: 0.73
Epoch [28/100] - [TRAIN] Loss: 0.5517, Accuracy: 73.25%, AUC: 0.73 [VAL] Loss: 0.5407, Accuracy: 74.06%, Precision: 0.77, Recall: 0.66, F1-Score: 0.71, AUC: 0.74
Epoch [29/100] - [TRAIN] Loss: 0.5515, Accuracy: 73.03%, AUC: 0.73 [VAL] Loss: 0.5473, Accuracy: 73.41%, Precision: 0.77, Recall: 0.64, F1-Score: 0.70, AUC: 0.73
Epoch [30/100] - [TRAIN] Loss: 0.5493, Accuracy: 73.27%, AUC: 0.73 [VAL] Loss: 0.5381, Accuracy: 74.33%, Precision: 0.79, Recall: 0.66, F1-Score: 0.72, AUC: 0.74
Epoch [31/100] - [TRAIN] Loss: 0.5505, Accuracy: 73.17%, AUC: 0.73 [VAL] Loss: 0.5442, Accuracy: 73.28%, Precision: 0.77, Recall: 0.65, F1-Score: 0.70, AUC: 0.73
Epoch [32/100] - [TRAIN] Loss: 0.5545, Accuracy: 73.14%, AUC: 0.73 [VAL] Loss: 0.5341, Accuracy: 74.63%, Precision: 0.78, Recall: 0.67, F1-Score: 0.72, AUC: 0.75
Epoch [33/100] - [TRAIN] Loss: 0.5498, Accuracy: 73.36%, AUC: 0.73 [VAL] Loss: 0.5436, Accuracy: 73.81%, Precision: 0.78, Recall: 0.65, F1-Score: 0.71, AUC: 0.74
Epoch [34/100] - [TRAIN] Loss: 0.5527, Accuracy: 73.12%, AUC: 0.73 [VAL] Loss: 0.5472, Accuracy: 73.21%, Precision: 0.77, Recall: 0.64, F1-Score: 0.70, AUC: 0.73
Epoch [35/100] - [TRAIN] Loss: 0.5514, Accuracy: 73.06%, AUC: 0.73 [VAL] Loss: 0.5487, Accuracy: 73.32%, Precision: 0.78, Recall: 0.64, F1-Score: 0.70, AUC: 0.73
Epoch [36/100] - [TRAIN] Loss: 0.5503, Accuracy: 73.48%, AUC: 0.73 [VAL] Loss: 0.5468, Accuracy: 73.48%, Precision: 0.78, Recall: 0.64, F1-Score: 0.70, AUC: 0.73
Epoch [37/100] - [TRAIN] Loss: 0.5486, Accuracy: 73.40%, AUC: 0.73 [VAL] Loss: 0.5428, Accuracy: 73.34%, Precision: 0.77, Recall: 0.65, F1-Score: 0.70, AUC: 0.73
Epoch [38/100] - [TRAIN] Loss: 0.5519, Accuracy: 73.29%, AUC: 0.73 [VAL] Loss: 0.5430, Accuracy: 73.72%, Precision: 0.77, Recall: 0.65, F1-Score: 0.71, AUC: 0.73
Epoch [39/100] - [TRAIN] Loss: 0.5515, Accuracy: 72.94%, AUC: 0.73 [VAL] Loss: 0.5477, Accuracy: 73.34%, Precision: 0.77, Recall: 0.64, F1-Score: 0.70, AUC: 0.73
Epoch [40/100] - [TRAIN] Loss: 0.5518, Accuracy: 73.20%, AUC: 0.73 [VAL] Loss: 0.5487, Accuracy: 73.31%, Precision: 0.78, Recall: 0.64, F1-Score: 0.70, AUC: 0.73
Epoch [41/100] - [TRAIN] Loss: 0.5528, Accuracy: 73.06%, AUC: 0.73 [VAL] Loss: 0.5369, Accuracy: 74.63%, Precision: 0.79, Recall: 0.65, F1-Score: 0.71, AUC: 0.74
Epoch [42/100] - [TRAIN] Loss: 0.5497, Accuracy: 73.44%, AUC: 0.73 [VAL] Loss: 0.5340, Accuracy: 73.74%, Precision: 0.79, Recall: 0.64, F1-Score: 0.71, AUC: 0.74
Epoch [43/100] - [TRAIN] Loss: 0.5502, Accuracy: 73.35%, AUC: 0.73 [VAL] Loss: 0.5426, Accuracy: 74.03%, Precision: 0.78, Recall: 0.65, F1-Score: 0.71, AUC: 0.74
Epoch [44/100] - [TRAIN] Loss: 0.5506, Accuracy: 73.18%, AUC: 0.73 [VAL] Loss: 0.5495, Accuracy: 73.25%, Precision: 0.77, Recall: 0.64, F1-Score: 0.70, AUC: 0.73
Epoch [45/100] - [TRAIN] Loss: 0.5493, Accuracy: 73.28%, AUC: 0.73 [VAL] Loss: 0.5476, Accuracy: 73.26%, Precision: 0.78, Recall: 0.65, F1-Score: 0.71, AUC: 0.73
Epoch [46/100] - [TRAIN] Loss: 0.5543, Accuracy: 72.74%, AUC: 0.73 [VAL] Loss: 0.5371, Accuracy: 74.15%, Precision: 0.79, Recall: 0.65, F1-Score: 0.71, AUC: 0.74
Epoch [47/100] - [TRAIN] Loss: 0.5508, Accuracy: 73.24%, AUC: 0.73 [VAL] Loss: 0.5482, Accuracy: 73.73%, Precision: 0.77, Recall: 0.66, F1-Score: 0.71, AUC: 0.74
Epoch [48/100] - [TRAIN] Loss: 0.5520, Accuracy: 73.23%, AUC: 0.73 [VAL] Loss: 0.5438, Accuracy: 73.81%, Precision: 0.78, Recall: 0.65, F1-Score: 0.71, AUC: 0.74
Epoch [49/100] - [TRAIN] Loss: 0.5491, Accuracy: 73.45%, AUC: 0.73 [VAL] Loss: 0.5442, Accuracy: 73.72%, Precision: 0.77, Recall: 0.64, F1-Score: 0.70, AUC: 0.73
Epoch [50/100] - [TRAIN] Loss: 0.5525, Accuracy: 73.11%, AUC: 0.73 [VAL] Loss: 0.5406, Accuracy: 73.76%, Precision: 0.78, Recall: 0.64, F1-Score: 0.71, AUC: 0.74
Epoch [51/100] - [TRAIN] Loss: 0.5518, Accuracy: 73.19%, AUC: 0.73 [VAL] Loss: 0.5472, Accuracy: 73.65%, Precision: 0.77, Recall: 0.65, F1-Score: 0.70, AUC: 0.73
Epoch [52/100] - [TRAIN] Loss: 0.5467, Accuracy: 73.61%, AUC: 0.73 [VAL] Loss: 0.5441, Accuracy: 73.59%, Precision: 0.77, Recall: 0.65, F1-Score: 0.71, AUC: 0.73
Epoch [53/100] - [TRAIN] Loss: 0.5510, Accuracy: 73.33%, AUC: 0.73 [VAL] Loss: 0.5424, Accuracy: 73.46%, Precision: 0.77, Recall: 0.64, F1-Score: 0.70, AUC: 0.73
Epoch [54/100] - [TRAIN] Loss: 0.5520, Accuracy: 73.23%, AUC: 0.73 [VAL] Loss: 0.5393, Accuracy: 74.32%, Precision: 0.78, Recall: 0.66, F1-Score: 0.72, AUC: 0.74
Epoch [55/100] - [TRAIN] Loss: 0.5487, Accuracy: 73.39%, AUC: 0.73 [VAL] Loss: 0.5430, Accuracy: 74.09%, Precision: 0.77, Recall: 0.66, F1-Score: 0.71, AUC: 0.74
Epoch [56/100] - [TRAIN] Loss: 0.5524, Accuracy: 73.08%, AUC: 0.73 [VAL] Loss: 0.5514, Accuracy: 72.70%, Precision: 0.77, Recall: 0.63, F1-Score: 0.69, AUC: 0.72
Epoch [57/100] - [TRAIN] Loss: 0.5491, Accuracy: 73.47%, AUC: 0.73 [VAL] Loss: 0.5352, Accuracy: 74.16%, Precision: 0.78, Recall: 0.66, F1-Score: 0.71, AUC: 0.74
Epoch [58/100] - [TRAIN] Loss: 0.5523, Accuracy: 73.17%, AUC: 0.73 [VAL] Loss: 0.5425, Accuracy: 74.10%, Precision: 0.78, Recall: 0.66, F1-Score: 0.71, AUC: 0.74
Epoch [59/100] - [TRAIN] Loss: 0.5517, Accuracy: 73.24%, AUC: 0.73 [VAL] Loss: 0.5422, Accuracy: 73.45%, Precision: 0.77, Recall: 0.64, F1-Score: 0.70, AUC: 0.73
Epoch [60/100] - [TRAIN] Loss: 0.5527, Accuracy: 73.29%, AUC: 0.73 [VAL] Loss: 0.5460, Accuracy: 73.90%, Precision: 0.77, Recall: 0.65, F1-Score: 0.71, AUC: 0.74
Epoch [61/100] - [TRAIN] Loss: 0.5529, Accuracy: 73.27%, AUC: 0.73 [VAL] Loss: 0.5397, Accuracy: 74.30%, Precision: 0.78, Recall: 0.66, F1-Score: 0.71, AUC: 0.74
Epoch [62/100] - [TRAIN] Loss: 0.5513, Accuracy: 73.19%, AUC: 0.73 [VAL] Loss: 0.5402, Accuracy: 74.15%, Precision: 0.78, Recall: 0.65, F1-Score: 0.71, AUC: 0.74
Epoch [63/100] - [TRAIN] Loss: 0.5501, Accuracy: 73.57%, AUC: 0.73 [VAL] Loss: 0.5420, Accuracy: 73.73%, Precision: 0.77, Recall: 0.65, F1-Score: 0.70, AUC: 0.73
Epoch [64/100] - [TRAIN] Loss: 0.5532, Accuracy: 73.20%, AUC: 0.73 [VAL] Loss: 0.5396, Accuracy: 74.30%, Precision: 0.78, Recall: 0.66, F1-Score: 0.71, AUC: 0.74
Epoch [65/100] - [TRAIN] Loss: 0.5499, Accuracy: 73.25%, AUC: 0.73 [VAL] Loss: 0.5443, Accuracy: 73.07%, Precision: 0.77, Recall: 0.64, F1-Score: 0.70, AUC: 0.73
Epoch [66/100] - [TRAIN] Loss: 0.5523, Accuracy: 73.12%, AUC: 0.73 [VAL] Loss: 0.5410, Accuracy: 73.48%, Precision: 0.77, Recall: 0.64, F1-Score: 0.70, AUC: 0.73
Epoch [67/100] - [TRAIN] Loss: 0.5522, Accuracy: 73.26%, AUC: 0.73 [VAL] Loss: 0.5416, Accuracy: 73.72%, Precision: 0.77, Recall: 0.65, F1-Score: 0.70, AUC: 0.73
Epoch [68/100] - [TRAIN] Loss: 0.5499, Accuracy: 73.50%, AUC: 0.73 [VAL] Loss: 0.5459, Accuracy: 73.93%, Precision: 0.77, Recall: 0.65, F1-Score: 0.71, AUC: 0.74
Epoch [69/100] - [TRAIN] Loss: 0.5512, Accuracy: 73.30%, AUC: 0.73 [VAL] Loss: 0.5417, Accuracy: 74.15%, Precision: 0.77, Recall: 0.65, F1-Score: 0.71, AUC: 0.74
Epoch [70/100] - [TRAIN] Loss: 0.5506, Accuracy: 73.36%, AUC: 0.73 [VAL] Loss: 0.5406, Accuracy: 74.13%, Precision: 0.78, Recall: 0.65, F1-Score: 0.71, AUC: 0.74
Epoch [71/100] - [TRAIN] Loss: 0.5530, Accuracy: 72.98%, AUC: 0.73 [VAL] Loss: 0.5399, Accuracy: 74.58%, Precision: 0.78, Recall: 0.66, F1-Score: 0.71, AUC: 0.74
Epoch [72/100] - [TRAIN] Loss: 0.5533, Accuracy: 73.35%, AUC: 0.73 [VAL] Loss: 0.5466, Accuracy: 73.36%, Precision: 0.77, Recall: 0.64, F1-Score: 0.70, AUC: 0.73
Epoch [73/100] - [TRAIN] Loss: 0.5504, Accuracy: 73.34%, AUC: 0.73 [VAL] Loss: 0.5447, Accuracy: 73.28%, Precision: 0.77, Recall: 0.65, F1-Score: 0.70, AUC: 0.73
Epoch [74/100] - [TRAIN] Loss: 0.5532, Accuracy: 73.17%, AUC: 0.73 [VAL] Loss: 0.5275, Accuracy: 74.32%, Precision: 0.78, Recall: 0.66, F1-Score: 0.72, AUC: 0.74
Epoch [75/100] - [TRAIN] Loss: 0.5523, Accuracy: 73.18%, AUC: 0.73 [VAL] Loss: 0.5440, Accuracy: 72.76%, Precision: 0.77, Recall: 0.64, F1-Score: 0.70, AUC: 0.73
Epoch [76/100] - [TRAIN] Loss: 0.5545, Accuracy: 73.14%, AUC: 0.73 [VAL] Loss: 0.5512, Accuracy: 73.11%, Precision: 0.77, Recall: 0.64, F1-Score: 0.70, AUC: 0.73
Epoch [77/100] - [TRAIN] Loss: 0.5498, Accuracy: 73.24%, AUC: 0.73 [VAL] Loss: 0.5374, Accuracy: 73.79%, Precision: 0.78, Recall: 0.65, F1-Score: 0.71, AUC: 0.74
Epoch [78/100] - [TRAIN] Loss: 0.5547, Accuracy: 72.97%, AUC: 0.73 [VAL] Loss: 0.5421, Accuracy: 73.69%, Precision: 0.78, Recall: 0.65, F1-Score: 0.71, AUC: 0.74
Epoch [79/100] - [TRAIN] Loss: 0.5524, Accuracy: 73.25%, AUC: 0.73 [VAL] Loss: 0.5437, Accuracy: 73.07%, Precision: 0.76, Recall: 0.64, F1-Score: 0.70, AUC: 0.73
Epoch [80/100] - [TRAIN] Loss: 0.5516, Accuracy: 73.46%, AUC: 0.73 [VAL] Loss: 0.5400, Accuracy: 74.32%, Precision: 0.78, Recall: 0.65, F1-Score: 0.71, AUC: 0.74
Epoch [81/100] - [TRAIN] Loss: 0.5512, Accuracy: 73.20%, AUC: 0.73 [VAL] Loss: 0.5418, Accuracy: 74.14%, Precision: 0.78, Recall: 0.65, F1-Score: 0.71, AUC: 0.74
Epoch [82/100] - [TRAIN] Loss: 0.5490, Accuracy: 73.22%, AUC: 0.73 [VAL] Loss: 0.5386, Accuracy: 73.70%, Precision: 0.77, Recall: 0.65, F1-Score: 0.71, AUC: 0.74
Epoch [83/100] - [TRAIN] Loss: 0.5519, Accuracy: 73.08%, AUC: 0.73 [VAL] Loss: 0.5465, Accuracy: 73.51%, Precision: 0.78, Recall: 0.65, F1-Score: 0.71, AUC: 0.73
Epoch [84/100] - [TRAIN] Loss: 0.5492, Accuracy: 73.46%, AUC: 0.73 [VAL] Loss: 0.5404, Accuracy: 74.29%, Precision: 0.79, Recall: 0.66, F1-Score: 0.72, AUC: 0.74
Epoch [85/100] - [TRAIN] Loss: 0.5538, Accuracy: 73.22%, AUC: 0.73 [VAL] Loss: 0.5422, Accuracy: 73.60%, Precision: 0.77, Recall: 0.65, F1-Score: 0.71, AUC: 0.73
Epoch [86/100] - [TRAIN] Loss: 0.5499, Accuracy: 73.25%, AUC: 0.73 [VAL] Loss: 0.5406, Accuracy: 74.02%, Precision: 0.78, Recall: 0.65, F1-Score: 0.71, AUC: 0.74
Epoch [87/100] - [TRAIN] Loss: 0.5506, Accuracy: 73.23%, AUC: 0.73 [VAL] Loss: 0.5414, Accuracy: 74.30%, Precision: 0.78, Recall: 0.65, F1-Score: 0.71, AUC: 0.74
Epoch [88/100] - [TRAIN] Loss: 0.5504, Accuracy: 73.59%, AUC: 0.73 [VAL] Loss: 0.5366, Accuracy: 74.92%, Precision: 0.79, Recall: 0.66, F1-Score: 0.72, AUC: 0.75
Epoch [89/100] - [TRAIN] Loss: 0.5522, Accuracy: 73.13%, AUC: 0.73 [VAL] Loss: 0.5313, Accuracy: 74.43%, Precision: 0.78, Recall: 0.66, F1-Score: 0.72, AUC: 0.74
Epoch [90/100] - [TRAIN] Loss: 0.5511, Accuracy: 73.27%, AUC: 0.73 [VAL] Loss: 0.5392, Accuracy: 73.38%, Precision: 0.78, Recall: 0.63, F1-Score: 0.70, AUC: 0.73
Epoch [91/100] - [TRAIN] Loss: 0.5519, Accuracy: 73.19%, AUC: 0.73 [VAL] Loss: 0.5448, Accuracy: 72.98%, Precision: 0.78, Recall: 0.63, F1-Score: 0.70, AUC: 0.73
Epoch [92/100] - [TRAIN] Loss: 0.5518, Accuracy: 73.12%, AUC: 0.73 [VAL] Loss: 0.5517, Accuracy: 73.28%, Precision: 0.76, Recall: 0.65, F1-Score: 0.70, AUC: 0.73
Epoch [93/100] - [TRAIN] Loss: 0.5527, Accuracy: 73.22%, AUC: 0.73 [VAL] Loss: 0.5417, Accuracy: 74.09%, Precision: 0.78, Recall: 0.66, F1-Score: 0.71, AUC: 0.74
Epoch [94/100] - [TRAIN] Loss: 0.5514, Accuracy: 73.38%, AUC: 0.73 [VAL] Loss: 0.5399, Accuracy: 74.42%, Precision: 0.78, Recall: 0.65, F1-Score: 0.71, AUC: 0.74
Epoch [95/100] - [TRAIN] Loss: 0.5516, Accuracy: 73.16%, AUC: 0.73 [VAL] Loss: 0.5389, Accuracy: 73.99%, Precision: 0.78, Recall: 0.65, F1-Score: 0.71, AUC: 0.74
Epoch [96/100] - [TRAIN] Loss: 0.5479, Accuracy: 73.32%, AUC: 0.73 [VAL] Loss: 0.5392, Accuracy: 74.32%, Precision: 0.79, Recall: 0.66, F1-Score: 0.72, AUC: 0.74
Epoch [97/100] - [TRAIN] Loss: 0.5520, Accuracy: 73.21%, AUC: 0.73 [VAL] Loss: 0.5375, Accuracy: 73.89%, Precision: 0.79, Recall: 0.65, F1-Score: 0.71, AUC: 0.74
Epoch [98/100] - [TRAIN] Loss: 0.5519, Accuracy: 73.28%, AUC: 0.73 [VAL] Loss: 0.5483, Accuracy: 73.27%, Precision: 0.76, Recall: 0.65, F1-Score: 0.70, AUC: 0.73
Epoch [99/100] - [TRAIN] Loss: 0.5510, Accuracy: 73.17%, AUC: 0.73 [VAL] Loss: 0.5453, Accuracy: 73.84%, Precision: 0.78, Recall: 0.64, F1-Score: 0.71, AUC: 0.74
Epoch [100/100] - [TRAIN] Loss: 0.5514, Accuracy: 73.25%, AUC: 0.73 [VAL] Loss: 0.5445, Accuracy: 73.23%, Precision: 0.78, Recall: 0.63, F1-Score: 0.70, AUC: 0.73
Accuracy Score on test set: 73.95 %
    AUC Score on test set: 0.74
    Precision: 0.7738
    Recall: 0.6532
    F1-Score: 0.7084

    Detailed Classification Report:
                  precision    recall  f1-score   support

           0       0.72      0.82      0.76      5156
           1       0.77      0.65      0.71      4844

    accuracy                           0.74     10000
   macro avg       0.74      0.74      0.74     10000
weighted avg       0.74      0.74      0.74     10000


    Confusion Matrix:
    [[4231  925]
 [1680 3164]]
    
012-H3K9me3-H3K27ac
Epoch [1/100] - [TRAIN] Loss: 0.6139, Accuracy: 69.62%, AUC: 0.70 [VAL] Loss: 0.5694, Accuracy: 73.19%, Precision: 0.70, Recall: 0.79, F1-Score: 0.74, AUC: 0.73
Epoch [2/100] - [TRAIN] Loss: 0.5858, Accuracy: 72.17%, AUC: 0.72 [VAL] Loss: 0.5502, Accuracy: 73.77%, Precision: 0.71, Recall: 0.79, F1-Score: 0.75, AUC: 0.74
Epoch [3/100] - [TRAIN] Loss: 0.5701, Accuracy: 73.17%, AUC: 0.73 [VAL] Loss: 0.5473, Accuracy: 74.85%, Precision: 0.78, Recall: 0.68, F1-Score: 0.72, AUC: 0.75
Epoch [4/100] - [TRAIN] Loss: 0.5648, Accuracy: 73.59%, AUC: 0.73 [VAL] Loss: 0.5503, Accuracy: 74.34%, Precision: 0.78, Recall: 0.66, F1-Score: 0.71, AUC: 0.74
Epoch [5/100] - [TRAIN] Loss: 0.5601, Accuracy: 73.92%, AUC: 0.74 [VAL] Loss: 0.5464, Accuracy: 74.20%, Precision: 0.78, Recall: 0.67, F1-Score: 0.72, AUC: 0.74
Epoch [6/100] - [TRAIN] Loss: 0.5544, Accuracy: 74.30%, AUC: 0.74 [VAL] Loss: 0.5391, Accuracy: 74.93%, Precision: 0.80, Recall: 0.66, F1-Score: 0.72, AUC: 0.75
Epoch [7/100] - [TRAIN] Loss: 0.5564, Accuracy: 74.04%, AUC: 0.74 [VAL] Loss: 0.5430, Accuracy: 75.18%, Precision: 0.79, Recall: 0.67, F1-Score: 0.72, AUC: 0.75
Epoch [8/100] - [TRAIN] Loss: 0.5545, Accuracy: 73.84%, AUC: 0.74 [VAL] Loss: 0.5345, Accuracy: 75.04%, Precision: 0.78, Recall: 0.66, F1-Score: 0.72, AUC: 0.75
Epoch [9/100] - [TRAIN] Loss: 0.5581, Accuracy: 73.72%, AUC: 0.74 [VAL] Loss: 0.5397, Accuracy: 74.51%, Precision: 0.78, Recall: 0.66, F1-Score: 0.72, AUC: 0.74
Epoch [10/100] - [TRAIN] Loss: 0.5492, Accuracy: 74.18%, AUC: 0.74 [VAL] Loss: 0.5329, Accuracy: 74.56%, Precision: 0.79, Recall: 0.67, F1-Score: 0.72, AUC: 0.75
Epoch [11/100] - [TRAIN] Loss: 0.5500, Accuracy: 74.29%, AUC: 0.74 [VAL] Loss: 0.5382, Accuracy: 74.95%, Precision: 0.79, Recall: 0.67, F1-Score: 0.73, AUC: 0.75
Epoch [12/100] - [TRAIN] Loss: 0.5510, Accuracy: 73.82%, AUC: 0.74 [VAL] Loss: 0.5406, Accuracy: 74.70%, Precision: 0.79, Recall: 0.66, F1-Score: 0.72, AUC: 0.74
Epoch [13/100] - [TRAIN] Loss: 0.5488, Accuracy: 74.20%, AUC: 0.74 [VAL] Loss: 0.5397, Accuracy: 74.45%, Precision: 0.79, Recall: 0.66, F1-Score: 0.72, AUC: 0.74
Epoch [14/100] - [TRAIN] Loss: 0.5482, Accuracy: 74.06%, AUC: 0.74 [VAL] Loss: 0.5334, Accuracy: 74.55%, Precision: 0.78, Recall: 0.66, F1-Score: 0.72, AUC: 0.74
Epoch [15/100] - [TRAIN] Loss: 0.5442, Accuracy: 74.15%, AUC: 0.74 [VAL] Loss: 0.5392, Accuracy: 74.64%, Precision: 0.78, Recall: 0.67, F1-Score: 0.72, AUC: 0.74
Epoch [16/100] - [TRAIN] Loss: 0.5475, Accuracy: 74.30%, AUC: 0.74 [VAL] Loss: 0.5336, Accuracy: 74.90%, Precision: 0.79, Recall: 0.66, F1-Score: 0.72, AUC: 0.75
Epoch [17/100] - [TRAIN] Loss: 0.5443, Accuracy: 74.11%, AUC: 0.74 [VAL] Loss: 0.5333, Accuracy: 74.55%, Precision: 0.79, Recall: 0.65, F1-Score: 0.71, AUC: 0.74
Epoch [18/100] - [TRAIN] Loss: 0.5481, Accuracy: 74.03%, AUC: 0.74 [VAL] Loss: 0.5334, Accuracy: 74.30%, Precision: 0.78, Recall: 0.66, F1-Score: 0.71, AUC: 0.74
Epoch [19/100] - [TRAIN] Loss: 0.5472, Accuracy: 73.97%, AUC: 0.74 [VAL] Loss: 0.5311, Accuracy: 74.97%, Precision: 0.78, Recall: 0.67, F1-Score: 0.72, AUC: 0.75
Epoch [20/100] - [TRAIN] Loss: 0.5465, Accuracy: 74.33%, AUC: 0.74 [VAL] Loss: 0.5376, Accuracy: 74.33%, Precision: 0.79, Recall: 0.65, F1-Score: 0.72, AUC: 0.74
Epoch [21/100] - [TRAIN] Loss: 0.5467, Accuracy: 73.90%, AUC: 0.74 [VAL] Loss: 0.5369, Accuracy: 74.20%, Precision: 0.79, Recall: 0.65, F1-Score: 0.71, AUC: 0.74
Epoch [22/100] - [TRAIN] Loss: 0.5452, Accuracy: 74.24%, AUC: 0.74 [VAL] Loss: 0.5351, Accuracy: 75.12%, Precision: 0.78, Recall: 0.66, F1-Score: 0.72, AUC: 0.75
Epoch [23/100] - [TRAIN] Loss: 0.5483, Accuracy: 73.89%, AUC: 0.74 [VAL] Loss: 0.5316, Accuracy: 74.43%, Precision: 0.78, Recall: 0.66, F1-Score: 0.72, AUC: 0.74
Epoch [24/100] - [TRAIN] Loss: 0.5477, Accuracy: 74.20%, AUC: 0.74 [VAL] Loss: 0.5423, Accuracy: 74.25%, Precision: 0.77, Recall: 0.65, F1-Score: 0.71, AUC: 0.74
Epoch [25/100] - [TRAIN] Loss: 0.5439, Accuracy: 74.36%, AUC: 0.74 [VAL] Loss: 0.5387, Accuracy: 73.79%, Precision: 0.77, Recall: 0.65, F1-Score: 0.71, AUC: 0.74
Epoch [26/100] - [TRAIN] Loss: 0.5492, Accuracy: 74.06%, AUC: 0.74 [VAL] Loss: 0.5237, Accuracy: 75.09%, Precision: 0.79, Recall: 0.67, F1-Score: 0.72, AUC: 0.75
Epoch [27/100] - [TRAIN] Loss: 0.5466, Accuracy: 74.27%, AUC: 0.74 [VAL] Loss: 0.5279, Accuracy: 74.94%, Precision: 0.78, Recall: 0.67, F1-Score: 0.72, AUC: 0.75
Epoch [28/100] - [TRAIN] Loss: 0.5486, Accuracy: 74.03%, AUC: 0.74 [VAL] Loss: 0.5277, Accuracy: 75.39%, Precision: 0.79, Recall: 0.67, F1-Score: 0.73, AUC: 0.75
Epoch [29/100] - [TRAIN] Loss: 0.5455, Accuracy: 74.21%, AUC: 0.74 [VAL] Loss: 0.5294, Accuracy: 75.09%, Precision: 0.78, Recall: 0.67, F1-Score: 0.72, AUC: 0.75
Epoch [30/100] - [TRAIN] Loss: 0.5457, Accuracy: 74.03%, AUC: 0.74 [VAL] Loss: 0.5367, Accuracy: 74.39%, Precision: 0.79, Recall: 0.65, F1-Score: 0.71, AUC: 0.74
Epoch [31/100] - [TRAIN] Loss: 0.5431, Accuracy: 74.34%, AUC: 0.74 [VAL] Loss: 0.5305, Accuracy: 75.54%, Precision: 0.79, Recall: 0.68, F1-Score: 0.73, AUC: 0.75
Epoch [32/100] - [TRAIN] Loss: 0.5453, Accuracy: 74.19%, AUC: 0.74 [VAL] Loss: 0.5302, Accuracy: 75.01%, Precision: 0.79, Recall: 0.67, F1-Score: 0.72, AUC: 0.75
Epoch [33/100] - [TRAIN] Loss: 0.5438, Accuracy: 74.41%, AUC: 0.74 [VAL] Loss: 0.5278, Accuracy: 75.16%, Precision: 0.79, Recall: 0.67, F1-Score: 0.72, AUC: 0.75
Epoch [34/100] - [TRAIN] Loss: 0.5446, Accuracy: 74.24%, AUC: 0.74 [VAL] Loss: 0.5330, Accuracy: 75.18%, Precision: 0.79, Recall: 0.67, F1-Score: 0.72, AUC: 0.75
Epoch [35/100] - [TRAIN] Loss: 0.5479, Accuracy: 74.03%, AUC: 0.74 [VAL] Loss: 0.5376, Accuracy: 74.22%, Precision: 0.79, Recall: 0.66, F1-Score: 0.72, AUC: 0.74
Epoch [36/100] - [TRAIN] Loss: 0.5474, Accuracy: 74.17%, AUC: 0.74 [VAL] Loss: 0.5273, Accuracy: 74.37%, Precision: 0.78, Recall: 0.66, F1-Score: 0.72, AUC: 0.74
Epoch [37/100] - [TRAIN] Loss: 0.5459, Accuracy: 73.91%, AUC: 0.74 [VAL] Loss: 0.5293, Accuracy: 74.80%, Precision: 0.79, Recall: 0.66, F1-Score: 0.72, AUC: 0.75
Epoch [38/100] - [TRAIN] Loss: 0.5432, Accuracy: 74.46%, AUC: 0.74 [VAL] Loss: 0.5452, Accuracy: 73.66%, Precision: 0.77, Recall: 0.65, F1-Score: 0.71, AUC: 0.73
Epoch [39/100] - [TRAIN] Loss: 0.5480, Accuracy: 74.20%, AUC: 0.74 [VAL] Loss: 0.5431, Accuracy: 74.25%, Precision: 0.78, Recall: 0.65, F1-Score: 0.71, AUC: 0.74
Epoch [40/100] - [TRAIN] Loss: 0.5476, Accuracy: 74.00%, AUC: 0.74 [VAL] Loss: 0.5327, Accuracy: 74.51%, Precision: 0.78, Recall: 0.66, F1-Score: 0.72, AUC: 0.74
Epoch [41/100] - [TRAIN] Loss: 0.5426, Accuracy: 74.40%, AUC: 0.74 [VAL] Loss: 0.5393, Accuracy: 74.24%, Precision: 0.79, Recall: 0.66, F1-Score: 0.72, AUC: 0.74
Epoch [42/100] - [TRAIN] Loss: 0.5484, Accuracy: 74.00%, AUC: 0.74 [VAL] Loss: 0.5292, Accuracy: 74.72%, Precision: 0.79, Recall: 0.66, F1-Score: 0.72, AUC: 0.75
Epoch [43/100] - [TRAIN] Loss: 0.5478, Accuracy: 74.02%, AUC: 0.74 [VAL] Loss: 0.5395, Accuracy: 74.49%, Precision: 0.78, Recall: 0.66, F1-Score: 0.72, AUC: 0.74
Epoch [44/100] - [TRAIN] Loss: 0.5444, Accuracy: 74.33%, AUC: 0.74 [VAL] Loss: 0.5315, Accuracy: 75.05%, Precision: 0.79, Recall: 0.67, F1-Score: 0.73, AUC: 0.75
Epoch [45/100] - [TRAIN] Loss: 0.5480, Accuracy: 74.01%, AUC: 0.74 [VAL] Loss: 0.5359, Accuracy: 74.71%, Precision: 0.78, Recall: 0.66, F1-Score: 0.71, AUC: 0.74
Epoch [46/100] - [TRAIN] Loss: 0.5435, Accuracy: 74.29%, AUC: 0.74 [VAL] Loss: 0.5309, Accuracy: 75.26%, Precision: 0.79, Recall: 0.66, F1-Score: 0.72, AUC: 0.75
Epoch [47/100] - [TRAIN] Loss: 0.5458, Accuracy: 74.17%, AUC: 0.74 [VAL] Loss: 0.5307, Accuracy: 75.24%, Precision: 0.78, Recall: 0.67, F1-Score: 0.72, AUC: 0.75
Epoch [48/100] - [TRAIN] Loss: 0.5460, Accuracy: 73.96%, AUC: 0.74 [VAL] Loss: 0.5272, Accuracy: 75.32%, Precision: 0.79, Recall: 0.67, F1-Score: 0.73, AUC: 0.75
Epoch [49/100] - [TRAIN] Loss: 0.5477, Accuracy: 74.03%, AUC: 0.74 [VAL] Loss: 0.5367, Accuracy: 74.56%, Precision: 0.78, Recall: 0.66, F1-Score: 0.72, AUC: 0.74
Epoch [50/100] - [TRAIN] Loss: 0.5455, Accuracy: 74.13%, AUC: 0.74 [VAL] Loss: 0.5354, Accuracy: 74.46%, Precision: 0.78, Recall: 0.66, F1-Score: 0.71, AUC: 0.74
Epoch [51/100] - [TRAIN] Loss: 0.5465, Accuracy: 74.19%, AUC: 0.74 [VAL] Loss: 0.5409, Accuracy: 74.17%, Precision: 0.78, Recall: 0.66, F1-Score: 0.71, AUC: 0.74
Epoch [52/100] - [TRAIN] Loss: 0.5453, Accuracy: 74.11%, AUC: 0.74 [VAL] Loss: 0.5282, Accuracy: 75.85%, Precision: 0.80, Recall: 0.67, F1-Score: 0.73, AUC: 0.76
Epoch [53/100] - [TRAIN] Loss: 0.5433, Accuracy: 74.23%, AUC: 0.74 [VAL] Loss: 0.5314, Accuracy: 74.86%, Precision: 0.79, Recall: 0.66, F1-Score: 0.72, AUC: 0.75
Epoch [54/100] - [TRAIN] Loss: 0.5462, Accuracy: 74.06%, AUC: 0.74 [VAL] Loss: 0.5331, Accuracy: 74.36%, Precision: 0.78, Recall: 0.66, F1-Score: 0.72, AUC: 0.74
Epoch [55/100] - [TRAIN] Loss: 0.5462, Accuracy: 74.06%, AUC: 0.74 [VAL] Loss: 0.5235, Accuracy: 75.75%, Precision: 0.79, Recall: 0.67, F1-Score: 0.73, AUC: 0.75
Epoch [56/100] - [TRAIN] Loss: 0.5447, Accuracy: 74.37%, AUC: 0.74 [VAL] Loss: 0.5323, Accuracy: 75.01%, Precision: 0.79, Recall: 0.67, F1-Score: 0.73, AUC: 0.75
Epoch [57/100] - [TRAIN] Loss: 0.5425, Accuracy: 74.31%, AUC: 0.74 [VAL] Loss: 0.5332, Accuracy: 74.65%, Precision: 0.78, Recall: 0.66, F1-Score: 0.72, AUC: 0.74
Epoch [58/100] - [TRAIN] Loss: 0.5478, Accuracy: 73.87%, AUC: 0.74 [VAL] Loss: 0.5260, Accuracy: 75.00%, Precision: 0.79, Recall: 0.67, F1-Score: 0.72, AUC: 0.75
Epoch [59/100] - [TRAIN] Loss: 0.5464, Accuracy: 73.99%, AUC: 0.74 [VAL] Loss: 0.5375, Accuracy: 74.33%, Precision: 0.79, Recall: 0.64, F1-Score: 0.71, AUC: 0.74
Epoch [60/100] - [TRAIN] Loss: 0.5482, Accuracy: 73.99%, AUC: 0.74 [VAL] Loss: 0.5379, Accuracy: 74.07%, Precision: 0.77, Recall: 0.65, F1-Score: 0.71, AUC: 0.74
Epoch [61/100] - [TRAIN] Loss: 0.5465, Accuracy: 74.18%, AUC: 0.74 [VAL] Loss: 0.5412, Accuracy: 74.11%, Precision: 0.79, Recall: 0.66, F1-Score: 0.72, AUC: 0.74
Epoch [62/100] - [TRAIN] Loss: 0.5463, Accuracy: 74.27%, AUC: 0.74 [VAL] Loss: 0.5307, Accuracy: 74.44%, Precision: 0.78, Recall: 0.66, F1-Score: 0.72, AUC: 0.74
Epoch [63/100] - [TRAIN] Loss: 0.5457, Accuracy: 74.12%, AUC: 0.74 [VAL] Loss: 0.5362, Accuracy: 74.84%, Precision: 0.78, Recall: 0.67, F1-Score: 0.72, AUC: 0.75
Epoch [64/100] - [TRAIN] Loss: 0.5471, Accuracy: 74.23%, AUC: 0.74 [VAL] Loss: 0.5258, Accuracy: 75.31%, Precision: 0.79, Recall: 0.66, F1-Score: 0.72, AUC: 0.75
Epoch [65/100] - [TRAIN] Loss: 0.5474, Accuracy: 74.14%, AUC: 0.74 [VAL] Loss: 0.5269, Accuracy: 75.59%, Precision: 0.80, Recall: 0.67, F1-Score: 0.73, AUC: 0.75
Epoch [66/100] - [TRAIN] Loss: 0.5467, Accuracy: 74.16%, AUC: 0.74 [VAL] Loss: 0.5310, Accuracy: 74.80%, Precision: 0.79, Recall: 0.67, F1-Score: 0.72, AUC: 0.75
Epoch [67/100] - [TRAIN] Loss: 0.5446, Accuracy: 74.16%, AUC: 0.74 [VAL] Loss: 0.5350, Accuracy: 74.52%, Precision: 0.79, Recall: 0.65, F1-Score: 0.72, AUC: 0.74
Epoch [68/100] - [TRAIN] Loss: 0.5464, Accuracy: 74.28%, AUC: 0.74 [VAL] Loss: 0.5290, Accuracy: 75.28%, Precision: 0.80, Recall: 0.66, F1-Score: 0.73, AUC: 0.75
Epoch [69/100] - [TRAIN] Loss: 0.5452, Accuracy: 74.15%, AUC: 0.74 [VAL] Loss: 0.5284, Accuracy: 75.00%, Precision: 0.79, Recall: 0.66, F1-Score: 0.72, AUC: 0.75
Epoch [70/100] - [TRAIN] Loss: 0.5418, Accuracy: 74.40%, AUC: 0.74 [VAL] Loss: 0.5351, Accuracy: 74.58%, Precision: 0.77, Recall: 0.67, F1-Score: 0.72, AUC: 0.74
Epoch [71/100] - [TRAIN] Loss: 0.5458, Accuracy: 74.19%, AUC: 0.74 [VAL] Loss: 0.5354, Accuracy: 75.28%, Precision: 0.79, Recall: 0.67, F1-Score: 0.73, AUC: 0.75
Epoch [72/100] - [TRAIN] Loss: 0.5450, Accuracy: 74.26%, AUC: 0.74 [VAL] Loss: 0.5330, Accuracy: 74.58%, Precision: 0.78, Recall: 0.66, F1-Score: 0.72, AUC: 0.74
Epoch [73/100] - [TRAIN] Loss: 0.5493, Accuracy: 73.90%, AUC: 0.74 [VAL] Loss: 0.5353, Accuracy: 75.16%, Precision: 0.79, Recall: 0.67, F1-Score: 0.73, AUC: 0.75
Epoch [74/100] - [TRAIN] Loss: 0.5454, Accuracy: 74.19%, AUC: 0.74 [VAL] Loss: 0.5317, Accuracy: 75.12%, Precision: 0.79, Recall: 0.66, F1-Score: 0.72, AUC: 0.75
Epoch [75/100] - [TRAIN] Loss: 0.5448, Accuracy: 74.17%, AUC: 0.74 [VAL] Loss: 0.5321, Accuracy: 75.56%, Precision: 0.79, Recall: 0.67, F1-Score: 0.73, AUC: 0.75
Epoch [76/100] - [TRAIN] Loss: 0.5413, Accuracy: 74.45%, AUC: 0.74 [VAL] Loss: 0.5296, Accuracy: 74.88%, Precision: 0.80, Recall: 0.66, F1-Score: 0.72, AUC: 0.75
Epoch [77/100] - [TRAIN] Loss: 0.5430, Accuracy: 74.30%, AUC: 0.74 [VAL] Loss: 0.5396, Accuracy: 74.37%, Precision: 0.78, Recall: 0.66, F1-Score: 0.72, AUC: 0.74
Epoch [78/100] - [TRAIN] Loss: 0.5463, Accuracy: 74.16%, AUC: 0.74 [VAL] Loss: 0.5460, Accuracy: 74.08%, Precision: 0.78, Recall: 0.65, F1-Score: 0.71, AUC: 0.74
Epoch [79/100] - [TRAIN] Loss: 0.5482, Accuracy: 73.91%, AUC: 0.74 [VAL] Loss: 0.5339, Accuracy: 74.90%, Precision: 0.79, Recall: 0.66, F1-Score: 0.72, AUC: 0.75
Epoch [80/100] - [TRAIN] Loss: 0.5458, Accuracy: 74.08%, AUC: 0.74 [VAL] Loss: 0.5288, Accuracy: 74.09%, Precision: 0.78, Recall: 0.65, F1-Score: 0.71, AUC: 0.74
Epoch [81/100] - [TRAIN] Loss: 0.5475, Accuracy: 74.01%, AUC: 0.74 [VAL] Loss: 0.5421, Accuracy: 74.20%, Precision: 0.78, Recall: 0.66, F1-Score: 0.71, AUC: 0.74
Epoch [82/100] - [TRAIN] Loss: 0.5471, Accuracy: 74.07%, AUC: 0.74 [VAL] Loss: 0.5305, Accuracy: 74.96%, Precision: 0.79, Recall: 0.66, F1-Score: 0.72, AUC: 0.75
Epoch [83/100] - [TRAIN] Loss: 0.5510, Accuracy: 73.94%, AUC: 0.74 [VAL] Loss: 0.5301, Accuracy: 75.00%, Precision: 0.78, Recall: 0.67, F1-Score: 0.72, AUC: 0.75
Epoch [84/100] - [TRAIN] Loss: 0.5455, Accuracy: 74.20%, AUC: 0.74 [VAL] Loss: 0.5376, Accuracy: 74.76%, Precision: 0.79, Recall: 0.66, F1-Score: 0.72, AUC: 0.75
Epoch [85/100] - [TRAIN] Loss: 0.5470, Accuracy: 74.08%, AUC: 0.74 [VAL] Loss: 0.5317, Accuracy: 74.89%, Precision: 0.79, Recall: 0.66, F1-Score: 0.72, AUC: 0.75
Epoch [86/100] - [TRAIN] Loss: 0.5425, Accuracy: 74.36%, AUC: 0.74 [VAL] Loss: 0.5267, Accuracy: 75.73%, Precision: 0.79, Recall: 0.67, F1-Score: 0.73, AUC: 0.75
Epoch [87/100] - [TRAIN] Loss: 0.5474, Accuracy: 73.79%, AUC: 0.74 [VAL] Loss: 0.5372, Accuracy: 74.97%, Precision: 0.79, Recall: 0.67, F1-Score: 0.72, AUC: 0.75
Epoch [88/100] - [TRAIN] Loss: 0.5436, Accuracy: 74.63%, AUC: 0.74 [VAL] Loss: 0.5341, Accuracy: 74.42%, Precision: 0.79, Recall: 0.65, F1-Score: 0.71, AUC: 0.74
Epoch [89/100] - [TRAIN] Loss: 0.5449, Accuracy: 74.31%, AUC: 0.74 [VAL] Loss: 0.5319, Accuracy: 74.94%, Precision: 0.79, Recall: 0.65, F1-Score: 0.72, AUC: 0.75
Epoch [90/100] - [TRAIN] Loss: 0.5446, Accuracy: 74.33%, AUC: 0.74 [VAL] Loss: 0.5337, Accuracy: 74.36%, Precision: 0.79, Recall: 0.66, F1-Score: 0.72, AUC: 0.74
Epoch [91/100] - [TRAIN] Loss: 0.5485, Accuracy: 73.98%, AUC: 0.74 [VAL] Loss: 0.5324, Accuracy: 75.35%, Precision: 0.79, Recall: 0.67, F1-Score: 0.73, AUC: 0.75
Epoch [92/100] - [TRAIN] Loss: 0.5465, Accuracy: 74.18%, AUC: 0.74 [VAL] Loss: 0.5366, Accuracy: 74.40%, Precision: 0.78, Recall: 0.67, F1-Score: 0.72, AUC: 0.74
Epoch [93/100] - [TRAIN] Loss: 0.5452, Accuracy: 74.25%, AUC: 0.74 [VAL] Loss: 0.5442, Accuracy: 74.44%, Precision: 0.77, Recall: 0.66, F1-Score: 0.71, AUC: 0.74
Epoch [94/100] - [TRAIN] Loss: 0.5477, Accuracy: 74.09%, AUC: 0.74 [VAL] Loss: 0.5335, Accuracy: 74.81%, Precision: 0.78, Recall: 0.67, F1-Score: 0.72, AUC: 0.75
Epoch [95/100] - [TRAIN] Loss: 0.5464, Accuracy: 74.10%, AUC: 0.74 [VAL] Loss: 0.5403, Accuracy: 74.15%, Precision: 0.79, Recall: 0.65, F1-Score: 0.71, AUC: 0.74
Epoch [96/100] - [TRAIN] Loss: 0.5444, Accuracy: 74.30%, AUC: 0.74 [VAL] Loss: 0.5290, Accuracy: 75.07%, Precision: 0.78, Recall: 0.67, F1-Score: 0.72, AUC: 0.75
Epoch [97/100] - [TRAIN] Loss: 0.5478, Accuracy: 74.05%, AUC: 0.74 [VAL] Loss: 0.5388, Accuracy: 74.72%, Precision: 0.78, Recall: 0.67, F1-Score: 0.72, AUC: 0.75
Epoch [98/100] - [TRAIN] Loss: 0.5466, Accuracy: 74.17%, AUC: 0.74 [VAL] Loss: 0.5325, Accuracy: 74.81%, Precision: 0.79, Recall: 0.65, F1-Score: 0.71, AUC: 0.74
Epoch [99/100] - [TRAIN] Loss: 0.5455, Accuracy: 74.26%, AUC: 0.74 [VAL] Loss: 0.5325, Accuracy: 74.96%, Precision: 0.78, Recall: 0.66, F1-Score: 0.72, AUC: 0.75
Epoch [100/100] - [TRAIN] Loss: 0.5480, Accuracy: 74.02%, AUC: 0.74 [VAL] Loss: 0.5251, Accuracy: 75.46%, Precision: 0.80, Recall: 0.67, F1-Score: 0.73, AUC: 0.75
Accuracy Score on test set: 74.02 %
    AUC Score on test set: 0.74
    Precision: 0.7714
    Recall: 0.6620
    F1-Score: 0.7125

    Detailed Classification Report:
                  precision    recall  f1-score   support

           0       0.72      0.81      0.76      5136
           1       0.77      0.66      0.71      4864

    accuracy                           0.74     10000
   macro avg       0.74      0.74      0.74     10000
weighted avg       0.74      0.74      0.74     10000


    Confusion Matrix:
    [[4182  954]
 [1644 3220]]
    
013-H3K9me3-H3K27me3
Epoch [1/100] - [TRAIN] Loss: 0.7172, Accuracy: 49.88%, AUC: 0.51 [VAL] Loss: 0.7158, Accuracy: 50.62%, Precision: 0.50, Recall: 0.93, F1-Score: 0.65, AUC: 0.51
Epoch [2/100] - [TRAIN] Loss: 0.7152, Accuracy: 51.42%, AUC: 0.51 [VAL] Loss: 0.7148, Accuracy: 52.02%, Precision: 0.66, Recall: 0.04, F1-Score: 0.07, AUC: 0.51
Epoch [3/100] - [TRAIN] Loss: 0.7145, Accuracy: 51.69%, AUC: 0.51 [VAL] Loss: 0.7142, Accuracy: 52.85%, Precision: 0.66, Recall: 0.05, F1-Score: 0.09, AUC: 0.51
Epoch [4/100] - [TRAIN] Loss: 0.7141, Accuracy: 51.79%, AUC: 0.51 [VAL] Loss: 0.7136, Accuracy: 52.27%, Precision: 0.68, Recall: 0.05, F1-Score: 0.09, AUC: 0.51
Epoch [5/100] - [TRAIN] Loss: 0.7135, Accuracy: 51.90%, AUC: 0.51 [VAL] Loss: 0.7131, Accuracy: 52.02%, Precision: 0.67, Recall: 0.04, F1-Score: 0.08, AUC: 0.51
Epoch [6/100] - [TRAIN] Loss: 0.7130, Accuracy: 52.20%, AUC: 0.51 [VAL] Loss: 0.7118, Accuracy: 54.06%, Precision: 0.70, Recall: 0.05, F1-Score: 0.09, AUC: 0.51
Epoch [7/100] - [TRAIN] Loss: 0.7126, Accuracy: 52.12%, AUC: 0.51 [VAL] Loss: 0.7126, Accuracy: 52.60%, Precision: 0.67, Recall: 0.05, F1-Score: 0.09, AUC: 0.51
Epoch [8/100] - [TRAIN] Loss: 0.7126, Accuracy: 51.90%, AUC: 0.51 [VAL] Loss: 0.7116, Accuracy: 52.50%, Precision: 0.72, Recall: 0.06, F1-Score: 0.11, AUC: 0.52
Epoch [9/100] - [TRAIN] Loss: 0.7121, Accuracy: 51.98%, AUC: 0.51 [VAL] Loss: 0.7120, Accuracy: 52.25%, Precision: 0.63, Recall: 0.05, F1-Score: 0.08, AUC: 0.51
Epoch [10/100] - [TRAIN] Loss: 0.7118, Accuracy: 52.17%, AUC: 0.51 [VAL] Loss: 0.7113, Accuracy: 52.62%, Precision: 0.67, Recall: 0.06, F1-Score: 0.10, AUC: 0.51
Epoch [11/100] - [TRAIN] Loss: 0.7115, Accuracy: 52.26%, AUC: 0.52 [VAL] Loss: 0.7108, Accuracy: 53.09%, Precision: 0.70, Recall: 0.06, F1-Score: 0.11, AUC: 0.52
Epoch [12/100] - [TRAIN] Loss: 0.7109, Accuracy: 52.49%, AUC: 0.52 [VAL] Loss: 0.7104, Accuracy: 52.89%, Precision: 0.67, Recall: 0.06, F1-Score: 0.11, AUC: 0.52
Epoch [13/100] - [TRAIN] Loss: 0.7105, Accuracy: 52.56%, AUC: 0.52 [VAL] Loss: 0.7101, Accuracy: 52.60%, Precision: 0.72, Recall: 0.06, F1-Score: 0.11, AUC: 0.52
Epoch [14/100] - [TRAIN] Loss: 0.7106, Accuracy: 52.45%, AUC: 0.52 [VAL] Loss: 0.7096, Accuracy: 52.11%, Precision: 0.70, Recall: 0.06, F1-Score: 0.11, AUC: 0.52
Epoch [15/100] - [TRAIN] Loss: 0.7100, Accuracy: 52.82%, AUC: 0.52 [VAL] Loss: 0.7099, Accuracy: 52.13%, Precision: 0.67, Recall: 0.06, F1-Score: 0.10, AUC: 0.51
Epoch [16/100] - [TRAIN] Loss: 0.7097, Accuracy: 52.49%, AUC: 0.52 [VAL] Loss: 0.7094, Accuracy: 53.00%, Precision: 0.69, Recall: 0.07, F1-Score: 0.12, AUC: 0.52
Epoch [17/100] - [TRAIN] Loss: 0.7094, Accuracy: 52.87%, AUC: 0.52 [VAL] Loss: 0.7089, Accuracy: 52.91%, Precision: 0.67, Recall: 0.06, F1-Score: 0.11, AUC: 0.52
Epoch [18/100] - [TRAIN] Loss: 0.7088, Accuracy: 52.89%, AUC: 0.52 [VAL] Loss: 0.7085, Accuracy: 52.61%, Precision: 0.70, Recall: 0.06, F1-Score: 0.11, AUC: 0.52
Epoch [19/100] - [TRAIN] Loss: 0.7084, Accuracy: 52.88%, AUC: 0.52 [VAL] Loss: 0.7088, Accuracy: 51.79%, Precision: 0.72, Recall: 0.06, F1-Score: 0.11, AUC: 0.52
Epoch [20/100] - [TRAIN] Loss: 0.7088, Accuracy: 52.92%, AUC: 0.52 [VAL] Loss: 0.7069, Accuracy: 53.28%, Precision: 0.70, Recall: 0.07, F1-Score: 0.12, AUC: 0.52
Epoch [21/100] - [TRAIN] Loss: 0.7079, Accuracy: 52.91%, AUC: 0.52 [VAL] Loss: 0.7064, Accuracy: 53.37%, Precision: 0.71, Recall: 0.07, F1-Score: 0.13, AUC: 0.52
Epoch [22/100] - [TRAIN] Loss: 0.7077, Accuracy: 52.84%, AUC: 0.52 [VAL] Loss: 0.7072, Accuracy: 53.09%, Precision: 0.71, Recall: 0.07, F1-Score: 0.13, AUC: 0.52
Epoch [23/100] - [TRAIN] Loss: 0.7079, Accuracy: 52.73%, AUC: 0.52 [VAL] Loss: 0.7077, Accuracy: 52.75%, Precision: 0.66, Recall: 0.07, F1-Score: 0.12, AUC: 0.52
Epoch [24/100] - [TRAIN] Loss: 0.7077, Accuracy: 52.79%, AUC: 0.52 [VAL] Loss: 0.7071, Accuracy: 52.92%, Precision: 0.68, Recall: 0.07, F1-Score: 0.12, AUC: 0.52
Epoch [25/100] - [TRAIN] Loss: 0.7077, Accuracy: 52.76%, AUC: 0.52 [VAL] Loss: 0.7065, Accuracy: 53.51%, Precision: 0.70, Recall: 0.07, F1-Score: 0.13, AUC: 0.52
Epoch [26/100] - [TRAIN] Loss: 0.7071, Accuracy: 52.89%, AUC: 0.52 [VAL] Loss: 0.7071, Accuracy: 52.64%, Precision: 0.68, Recall: 0.07, F1-Score: 0.12, AUC: 0.52
Epoch [27/100] - [TRAIN] Loss: 0.7067, Accuracy: 52.95%, AUC: 0.52 [VAL] Loss: 0.7064, Accuracy: 52.74%, Precision: 0.69, Recall: 0.07, F1-Score: 0.13, AUC: 0.52
Epoch [28/100] - [TRAIN] Loss: 0.7073, Accuracy: 52.61%, AUC: 0.52 [VAL] Loss: 0.7065, Accuracy: 52.15%, Precision: 0.71, Recall: 0.07, F1-Score: 0.13, AUC: 0.52
Epoch [29/100] - [TRAIN] Loss: 0.7070, Accuracy: 52.82%, AUC: 0.52 [VAL] Loss: 0.7065, Accuracy: 52.76%, Precision: 0.68, Recall: 0.07, F1-Score: 0.12, AUC: 0.52
Epoch [30/100] - [TRAIN] Loss: 0.7075, Accuracy: 52.33%, AUC: 0.52 [VAL] Loss: 0.7065, Accuracy: 52.56%, Precision: 0.70, Recall: 0.07, F1-Score: 0.13, AUC: 0.52
Epoch [31/100] - [TRAIN] Loss: 0.7067, Accuracy: 52.80%, AUC: 0.52 [VAL] Loss: 0.7067, Accuracy: 53.21%, Precision: 0.71, Recall: 0.07, F1-Score: 0.13, AUC: 0.52
Epoch [32/100] - [TRAIN] Loss: 0.7066, Accuracy: 52.72%, AUC: 0.52 [VAL] Loss: 0.7068, Accuracy: 52.73%, Precision: 0.66, Recall: 0.07, F1-Score: 0.12, AUC: 0.52
Epoch [33/100] - [TRAIN] Loss: 0.7063, Accuracy: 52.99%, AUC: 0.52 [VAL] Loss: 0.7071, Accuracy: 52.61%, Precision: 0.71, Recall: 0.07, F1-Score: 0.12, AUC: 0.52
Epoch [34/100] - [TRAIN] Loss: 0.7073, Accuracy: 52.64%, AUC: 0.52 [VAL] Loss: 0.7062, Accuracy: 53.48%, Precision: 0.68, Recall: 0.07, F1-Score: 0.13, AUC: 0.52
Epoch [35/100] - [TRAIN] Loss: 0.7066, Accuracy: 53.03%, AUC: 0.52 [VAL] Loss: 0.7061, Accuracy: 53.77%, Precision: 0.69, Recall: 0.07, F1-Score: 0.13, AUC: 0.52
Epoch [36/100] - [TRAIN] Loss: 0.7063, Accuracy: 52.69%, AUC: 0.52 [VAL] Loss: 0.7066, Accuracy: 52.77%, Precision: 0.68, Recall: 0.07, F1-Score: 0.12, AUC: 0.52
Epoch [37/100] - [TRAIN] Loss: 0.7072, Accuracy: 52.60%, AUC: 0.52 [VAL] Loss: 0.7055, Accuracy: 52.66%, Precision: 0.68, Recall: 0.07, F1-Score: 0.13, AUC: 0.52
Epoch [38/100] - [TRAIN] Loss: 0.7066, Accuracy: 52.83%, AUC: 0.52 [VAL] Loss: 0.7050, Accuracy: 53.74%, Precision: 0.72, Recall: 0.08, F1-Score: 0.15, AUC: 0.53
Epoch [39/100] - [TRAIN] Loss: 0.7066, Accuracy: 52.97%, AUC: 0.52 [VAL] Loss: 0.7070, Accuracy: 52.67%, Precision: 0.69, Recall: 0.07, F1-Score: 0.13, AUC: 0.52
Epoch [40/100] - [TRAIN] Loss: 0.7067, Accuracy: 52.62%, AUC: 0.52 [VAL] Loss: 0.7067, Accuracy: 52.99%, Precision: 0.70, Recall: 0.07, F1-Score: 0.13, AUC: 0.52
Epoch [41/100] - [TRAIN] Loss: 0.7070, Accuracy: 52.68%, AUC: 0.52 [VAL] Loss: 0.7070, Accuracy: 52.91%, Precision: 0.69, Recall: 0.07, F1-Score: 0.12, AUC: 0.52
Epoch [42/100] - [TRAIN] Loss: 0.7071, Accuracy: 52.84%, AUC: 0.52 [VAL] Loss: 0.7057, Accuracy: 53.04%, Precision: 0.73, Recall: 0.07, F1-Score: 0.14, AUC: 0.52
Epoch [43/100] - [TRAIN] Loss: 0.7071, Accuracy: 52.63%, AUC: 0.52 [VAL] Loss: 0.7077, Accuracy: 51.66%, Precision: 0.68, Recall: 0.07, F1-Score: 0.12, AUC: 0.52
Epoch [44/100] - [TRAIN] Loss: 0.7069, Accuracy: 52.69%, AUC: 0.52 [VAL] Loss: 0.7060, Accuracy: 53.17%, Precision: 0.72, Recall: 0.07, F1-Score: 0.13, AUC: 0.52
Epoch [45/100] - [TRAIN] Loss: 0.7063, Accuracy: 53.18%, AUC: 0.52 [VAL] Loss: 0.7060, Accuracy: 53.73%, Precision: 0.67, Recall: 0.07, F1-Score: 0.12, AUC: 0.52
Epoch [46/100] - [TRAIN] Loss: 0.7067, Accuracy: 53.00%, AUC: 0.52 [VAL] Loss: 0.7056, Accuracy: 53.21%, Precision: 0.69, Recall: 0.08, F1-Score: 0.14, AUC: 0.52
Epoch [47/100] - [TRAIN] Loss: 0.7066, Accuracy: 52.72%, AUC: 0.52 [VAL] Loss: 0.7066, Accuracy: 52.78%, Precision: 0.66, Recall: 0.07, F1-Score: 0.13, AUC: 0.52
Epoch [48/100] - [TRAIN] Loss: 0.7064, Accuracy: 52.69%, AUC: 0.52 [VAL] Loss: 0.7059, Accuracy: 53.10%, Precision: 0.67, Recall: 0.07, F1-Score: 0.13, AUC: 0.52
Epoch [49/100] - [TRAIN] Loss: 0.7068, Accuracy: 52.91%, AUC: 0.52 [VAL] Loss: 0.7055, Accuracy: 52.47%, Precision: 0.68, Recall: 0.06, F1-Score: 0.12, AUC: 0.52
Epoch [50/100] - [TRAIN] Loss: 0.7065, Accuracy: 52.71%, AUC: 0.52 [VAL] Loss: 0.7035, Accuracy: 54.11%, Precision: 0.73, Recall: 0.08, F1-Score: 0.14, AUC: 0.53
Epoch [51/100] - [TRAIN] Loss: 0.7066, Accuracy: 52.93%, AUC: 0.52 [VAL] Loss: 0.7046, Accuracy: 53.65%, Precision: 0.70, Recall: 0.07, F1-Score: 0.13, AUC: 0.52
Epoch [52/100] - [TRAIN] Loss: 0.7068, Accuracy: 52.86%, AUC: 0.52 [VAL] Loss: 0.7036, Accuracy: 54.45%, Precision: 0.73, Recall: 0.08, F1-Score: 0.14, AUC: 0.53
Epoch [53/100] - [TRAIN] Loss: 0.7064, Accuracy: 53.02%, AUC: 0.52 [VAL] Loss: 0.7060, Accuracy: 52.75%, Precision: 0.69, Recall: 0.07, F1-Score: 0.13, AUC: 0.52
Epoch [54/100] - [TRAIN] Loss: 0.7071, Accuracy: 52.66%, AUC: 0.52 [VAL] Loss: 0.7056, Accuracy: 53.33%, Precision: 0.73, Recall: 0.08, F1-Score: 0.14, AUC: 0.52
Epoch [55/100] - [TRAIN] Loss: 0.7069, Accuracy: 52.68%, AUC: 0.52 [VAL] Loss: 0.7062, Accuracy: 53.75%, Precision: 0.69, Recall: 0.07, F1-Score: 0.13, AUC: 0.52
Epoch [56/100] - [TRAIN] Loss: 0.7064, Accuracy: 53.09%, AUC: 0.52 [VAL] Loss: 0.7052, Accuracy: 53.76%, Precision: 0.69, Recall: 0.07, F1-Score: 0.12, AUC: 0.52
Epoch [57/100] - [TRAIN] Loss: 0.7061, Accuracy: 53.04%, AUC: 0.52 [VAL] Loss: 0.7052, Accuracy: 52.89%, Precision: 0.70, Recall: 0.07, F1-Score: 0.12, AUC: 0.52
Epoch [58/100] - [TRAIN] Loss: 0.7069, Accuracy: 52.63%, AUC: 0.52 [VAL] Loss: 0.7067, Accuracy: 52.91%, Precision: 0.68, Recall: 0.07, F1-Score: 0.12, AUC: 0.52
Epoch [59/100] - [TRAIN] Loss: 0.7070, Accuracy: 52.56%, AUC: 0.52 [VAL] Loss: 0.7053, Accuracy: 53.08%, Precision: 0.69, Recall: 0.07, F1-Score: 0.12, AUC: 0.52
Epoch [60/100] - [TRAIN] Loss: 0.7065, Accuracy: 53.18%, AUC: 0.52 [VAL] Loss: 0.7072, Accuracy: 52.83%, Precision: 0.67, Recall: 0.06, F1-Score: 0.12, AUC: 0.52
Epoch [61/100] - [TRAIN] Loss: 0.7065, Accuracy: 52.77%, AUC: 0.52 [VAL] Loss: 0.7068, Accuracy: 52.77%, Precision: 0.70, Recall: 0.07, F1-Score: 0.13, AUC: 0.52
Epoch [62/100] - [TRAIN] Loss: 0.7068, Accuracy: 52.79%, AUC: 0.52 [VAL] Loss: 0.7072, Accuracy: 52.84%, Precision: 0.68, Recall: 0.07, F1-Score: 0.12, AUC: 0.52
Epoch [63/100] - [TRAIN] Loss: 0.7064, Accuracy: 53.04%, AUC: 0.52 [VAL] Loss: 0.7064, Accuracy: 52.30%, Precision: 0.70, Recall: 0.07, F1-Score: 0.12, AUC: 0.52
Epoch [64/100] - [TRAIN] Loss: 0.7068, Accuracy: 52.96%, AUC: 0.52 [VAL] Loss: 0.7064, Accuracy: 52.70%, Precision: 0.69, Recall: 0.07, F1-Score: 0.12, AUC: 0.52
Epoch [65/100] - [TRAIN] Loss: 0.7062, Accuracy: 52.69%, AUC: 0.52 [VAL] Loss: 0.7066, Accuracy: 53.23%, Precision: 0.69, Recall: 0.07, F1-Score: 0.13, AUC: 0.52
Epoch [66/100] - [TRAIN] Loss: 0.7069, Accuracy: 52.70%, AUC: 0.52 [VAL] Loss: 0.7069, Accuracy: 51.94%, Precision: 0.70, Recall: 0.07, F1-Score: 0.13, AUC: 0.52
Epoch [67/100] - [TRAIN] Loss: 0.7063, Accuracy: 53.05%, AUC: 0.52 [VAL] Loss: 0.7061, Accuracy: 53.00%, Precision: 0.68, Recall: 0.07, F1-Score: 0.13, AUC: 0.52
Epoch [68/100] - [TRAIN] Loss: 0.7065, Accuracy: 52.83%, AUC: 0.52 [VAL] Loss: 0.7067, Accuracy: 53.67%, Precision: 0.70, Recall: 0.07, F1-Score: 0.13, AUC: 0.52
Epoch [69/100] - [TRAIN] Loss: 0.7070, Accuracy: 52.90%, AUC: 0.52 [VAL] Loss: 0.7049, Accuracy: 53.34%, Precision: 0.72, Recall: 0.08, F1-Score: 0.14, AUC: 0.52
Epoch [70/100] - [TRAIN] Loss: 0.7065, Accuracy: 53.03%, AUC: 0.52 [VAL] Loss: 0.7056, Accuracy: 53.89%, Precision: 0.70, Recall: 0.07, F1-Score: 0.13, AUC: 0.52
Epoch [71/100] - [TRAIN] Loss: 0.7063, Accuracy: 52.92%, AUC: 0.52 [VAL] Loss: 0.7053, Accuracy: 53.81%, Precision: 0.71, Recall: 0.07, F1-Score: 0.13, AUC: 0.52
Epoch [72/100] - [TRAIN] Loss: 0.7059, Accuracy: 53.12%, AUC: 0.52 [VAL] Loss: 0.7052, Accuracy: 53.76%, Precision: 0.69, Recall: 0.07, F1-Score: 0.12, AUC: 0.52
Epoch [73/100] - [TRAIN] Loss: 0.7063, Accuracy: 52.88%, AUC: 0.52 [VAL] Loss: 0.7068, Accuracy: 52.38%, Precision: 0.66, Recall: 0.07, F1-Score: 0.13, AUC: 0.52
Epoch [74/100] - [TRAIN] Loss: 0.7068, Accuracy: 53.02%, AUC: 0.52 [VAL] Loss: 0.7063, Accuracy: 53.45%, Precision: 0.67, Recall: 0.07, F1-Score: 0.12, AUC: 0.52
Epoch [75/100] - [TRAIN] Loss: 0.7068, Accuracy: 52.80%, AUC: 0.52 [VAL] Loss: 0.7062, Accuracy: 53.52%, Precision: 0.69, Recall: 0.07, F1-Score: 0.12, AUC: 0.52
Epoch [76/100] - [TRAIN] Loss: 0.7065, Accuracy: 52.76%, AUC: 0.52 [VAL] Loss: 0.7059, Accuracy: 53.12%, Precision: 0.68, Recall: 0.07, F1-Score: 0.12, AUC: 0.52
Epoch [77/100] - [TRAIN] Loss: 0.7066, Accuracy: 52.89%, AUC: 0.52 [VAL] Loss: 0.7063, Accuracy: 52.58%, Precision: 0.68, Recall: 0.07, F1-Score: 0.13, AUC: 0.52
Epoch [78/100] - [TRAIN] Loss: 0.7061, Accuracy: 53.00%, AUC: 0.52 [VAL] Loss: 0.7068, Accuracy: 53.08%, Precision: 0.67, Recall: 0.07, F1-Score: 0.13, AUC: 0.52
Epoch [79/100] - [TRAIN] Loss: 0.7066, Accuracy: 52.65%, AUC: 0.52 [VAL] Loss: 0.7059, Accuracy: 52.75%, Precision: 0.72, Recall: 0.08, F1-Score: 0.14, AUC: 0.52
Epoch [80/100] - [TRAIN] Loss: 0.7063, Accuracy: 53.08%, AUC: 0.52 [VAL] Loss: 0.7065, Accuracy: 52.64%, Precision: 0.69, Recall: 0.07, F1-Score: 0.13, AUC: 0.52
Epoch [81/100] - [TRAIN] Loss: 0.7064, Accuracy: 52.88%, AUC: 0.52 [VAL] Loss: 0.7055, Accuracy: 52.71%, Precision: 0.70, Recall: 0.07, F1-Score: 0.12, AUC: 0.52
Epoch [82/100] - [TRAIN] Loss: 0.7067, Accuracy: 53.01%, AUC: 0.52 [VAL] Loss: 0.7054, Accuracy: 53.40%, Precision: 0.71, Recall: 0.07, F1-Score: 0.13, AUC: 0.52
Epoch [83/100] - [TRAIN] Loss: 0.7067, Accuracy: 52.41%, AUC: 0.52 [VAL] Loss: 0.7060, Accuracy: 52.78%, Precision: 0.69, Recall: 0.07, F1-Score: 0.13, AUC: 0.52
Epoch [84/100] - [TRAIN] Loss: 0.7065, Accuracy: 52.90%, AUC: 0.52 [VAL] Loss: 0.7060, Accuracy: 53.12%, Precision: 0.72, Recall: 0.07, F1-Score: 0.13, AUC: 0.52
Epoch [85/100] - [TRAIN] Loss: 0.7067, Accuracy: 52.65%, AUC: 0.52 [VAL] Loss: 0.7056, Accuracy: 53.37%, Precision: 0.69, Recall: 0.07, F1-Score: 0.12, AUC: 0.52
Epoch [86/100] - [TRAIN] Loss: 0.7067, Accuracy: 52.60%, AUC: 0.52 [VAL] Loss: 0.7062, Accuracy: 52.89%, Precision: 0.73, Recall: 0.07, F1-Score: 0.13, AUC: 0.52
Epoch [87/100] - [TRAIN] Loss: 0.7064, Accuracy: 53.08%, AUC: 0.52 [VAL] Loss: 0.7080, Accuracy: 52.82%, Precision: 0.66, Recall: 0.06, F1-Score: 0.11, AUC: 0.52
Epoch [88/100] - [TRAIN] Loss: 0.7067, Accuracy: 52.91%, AUC: 0.52 [VAL] Loss: 0.7057, Accuracy: 53.52%, Precision: 0.67, Recall: 0.07, F1-Score: 0.12, AUC: 0.52
Epoch [89/100] - [TRAIN] Loss: 0.7068, Accuracy: 53.01%, AUC: 0.52 [VAL] Loss: 0.7061, Accuracy: 52.79%, Precision: 0.68, Recall: 0.07, F1-Score: 0.12, AUC: 0.52
Epoch [90/100] - [TRAIN] Loss: 0.7072, Accuracy: 52.82%, AUC: 0.52 [VAL] Loss: 0.7064, Accuracy: 53.19%, Precision: 0.69, Recall: 0.07, F1-Score: 0.12, AUC: 0.52
Epoch [91/100] - [TRAIN] Loss: 0.7067, Accuracy: 52.82%, AUC: 0.52 [VAL] Loss: 0.7049, Accuracy: 53.96%, Precision: 0.69, Recall: 0.07, F1-Score: 0.13, AUC: 0.52
Epoch [92/100] - [TRAIN] Loss: 0.7067, Accuracy: 52.82%, AUC: 0.52 [VAL] Loss: 0.7064, Accuracy: 53.21%, Precision: 0.68, Recall: 0.07, F1-Score: 0.12, AUC: 0.52
Epoch [93/100] - [TRAIN] Loss: 0.7066, Accuracy: 52.92%, AUC: 0.52 [VAL] Loss: 0.7064, Accuracy: 53.35%, Precision: 0.67, Recall: 0.07, F1-Score: 0.13, AUC: 0.52
Epoch [94/100] - [TRAIN] Loss: 0.7066, Accuracy: 52.48%, AUC: 0.52 [VAL] Loss: 0.7065, Accuracy: 52.31%, Precision: 0.66, Recall: 0.07, F1-Score: 0.12, AUC: 0.52
Epoch [95/100] - [TRAIN] Loss: 0.7068, Accuracy: 52.72%, AUC: 0.52 [VAL] Loss: 0.7075, Accuracy: 52.60%, Precision: 0.65, Recall: 0.07, F1-Score: 0.13, AUC: 0.52
Epoch [96/100] - [TRAIN] Loss: 0.7069, Accuracy: 53.05%, AUC: 0.52 [VAL] Loss: 0.7068, Accuracy: 53.15%, Precision: 0.69, Recall: 0.07, F1-Score: 0.12, AUC: 0.52
Epoch [97/100] - [TRAIN] Loss: 0.7066, Accuracy: 52.65%, AUC: 0.52 [VAL] Loss: 0.7058, Accuracy: 53.93%, Precision: 0.69, Recall: 0.07, F1-Score: 0.13, AUC: 0.52
Epoch [98/100] - [TRAIN] Loss: 0.7063, Accuracy: 52.89%, AUC: 0.52 [VAL] Loss: 0.7063, Accuracy: 52.51%, Precision: 0.71, Recall: 0.07, F1-Score: 0.13, AUC: 0.52
Epoch [99/100] - [TRAIN] Loss: 0.7065, Accuracy: 52.79%, AUC: 0.52 [VAL] Loss: 0.7060, Accuracy: 52.60%, Precision: 0.71, Recall: 0.07, F1-Score: 0.14, AUC: 0.52
Epoch [100/100] - [TRAIN] Loss: 0.7064, Accuracy: 53.09%, AUC: 0.52 [VAL] Loss: 0.7056, Accuracy: 53.18%, Precision: 0.71, Recall: 0.07, F1-Score: 0.13, AUC: 0.52
Accuracy Score on test set: 53.67 %
    AUC Score on test set: 0.52
    Precision: 0.6912
    Recall: 0.0701
    F1-Score: 0.1273

    Detailed Classification Report:
                  precision    recall  f1-score   support

           0       0.53      0.97      0.68      5180
           1       0.69      0.07      0.13      4820

    accuracy                           0.54     10000
   macro avg       0.61      0.52      0.41     10000
weighted avg       0.61      0.54      0.42     10000


    Confusion Matrix:
    [[5029  151]
 [4482  338]]
    
014-H3K27ac-H3K27me3
Epoch [1/100] - [TRAIN] Loss: 0.6132, Accuracy: 71.47%, AUC: 0.71 [VAL] Loss: 0.5718, Accuracy: 74.64%, Precision: 0.77, Recall: 0.69, F1-Score: 0.73, AUC: 0.75
Epoch [2/100] - [TRAIN] Loss: 0.5794, Accuracy: 73.59%, AUC: 0.73 [VAL] Loss: 0.5545, Accuracy: 75.14%, Precision: 0.78, Recall: 0.69, F1-Score: 0.73, AUC: 0.75
Epoch [3/100] - [TRAIN] Loss: 0.5675, Accuracy: 73.68%, AUC: 0.74 [VAL] Loss: 0.5449, Accuracy: 75.29%, Precision: 0.77, Recall: 0.69, F1-Score: 0.73, AUC: 0.75
Epoch [4/100] - [TRAIN] Loss: 0.5615, Accuracy: 74.16%, AUC: 0.74 [VAL] Loss: 0.5428, Accuracy: 75.00%, Precision: 0.78, Recall: 0.68, F1-Score: 0.73, AUC: 0.75
Epoch [5/100] - [TRAIN] Loss: 0.5580, Accuracy: 73.89%, AUC: 0.74 [VAL] Loss: 0.5408, Accuracy: 74.78%, Precision: 0.78, Recall: 0.69, F1-Score: 0.73, AUC: 0.75
Epoch [6/100] - [TRAIN] Loss: 0.5565, Accuracy: 73.81%, AUC: 0.74 [VAL] Loss: 0.5437, Accuracy: 74.44%, Precision: 0.77, Recall: 0.68, F1-Score: 0.72, AUC: 0.74
Epoch [7/100] - [TRAIN] Loss: 0.5565, Accuracy: 73.72%, AUC: 0.74 [VAL] Loss: 0.5356, Accuracy: 74.76%, Precision: 0.78, Recall: 0.68, F1-Score: 0.73, AUC: 0.75
Epoch [8/100] - [TRAIN] Loss: 0.5560, Accuracy: 73.91%, AUC: 0.74 [VAL] Loss: 0.5360, Accuracy: 74.99%, Precision: 0.77, Recall: 0.68, F1-Score: 0.72, AUC: 0.75
Epoch [9/100] - [TRAIN] Loss: 0.5517, Accuracy: 74.10%, AUC: 0.74 [VAL] Loss: 0.5277, Accuracy: 75.10%, Precision: 0.78, Recall: 0.68, F1-Score: 0.73, AUC: 0.75
Epoch [10/100] - [TRAIN] Loss: 0.5506, Accuracy: 74.07%, AUC: 0.74 [VAL] Loss: 0.5314, Accuracy: 75.28%, Precision: 0.79, Recall: 0.68, F1-Score: 0.73, AUC: 0.75
Epoch [11/100] - [TRAIN] Loss: 0.5482, Accuracy: 74.36%, AUC: 0.74 [VAL] Loss: 0.5356, Accuracy: 74.64%, Precision: 0.78, Recall: 0.68, F1-Score: 0.73, AUC: 0.75
Epoch [12/100] - [TRAIN] Loss: 0.5492, Accuracy: 74.12%, AUC: 0.74 [VAL] Loss: 0.5343, Accuracy: 74.43%, Precision: 0.77, Recall: 0.67, F1-Score: 0.72, AUC: 0.74
Epoch [13/100] - [TRAIN] Loss: 0.5500, Accuracy: 73.96%, AUC: 0.74 [VAL] Loss: 0.5376, Accuracy: 74.14%, Precision: 0.77, Recall: 0.67, F1-Score: 0.72, AUC: 0.74
Epoch [14/100] - [TRAIN] Loss: 0.5451, Accuracy: 74.22%, AUC: 0.74 [VAL] Loss: 0.5365, Accuracy: 74.88%, Precision: 0.79, Recall: 0.68, F1-Score: 0.73, AUC: 0.75
Epoch [15/100] - [TRAIN] Loss: 0.5423, Accuracy: 74.34%, AUC: 0.74 [VAL] Loss: 0.5312, Accuracy: 75.23%, Precision: 0.78, Recall: 0.69, F1-Score: 0.73, AUC: 0.75
Epoch [16/100] - [TRAIN] Loss: 0.5408, Accuracy: 74.54%, AUC: 0.74 [VAL] Loss: 0.5372, Accuracy: 74.86%, Precision: 0.77, Recall: 0.69, F1-Score: 0.73, AUC: 0.75
Epoch [17/100] - [TRAIN] Loss: 0.5476, Accuracy: 74.22%, AUC: 0.74 [VAL] Loss: 0.5329, Accuracy: 75.03%, Precision: 0.77, Recall: 0.69, F1-Score: 0.73, AUC: 0.75
Epoch [18/100] - [TRAIN] Loss: 0.5452, Accuracy: 74.17%, AUC: 0.74 [VAL] Loss: 0.5252, Accuracy: 75.77%, Precision: 0.79, Recall: 0.70, F1-Score: 0.74, AUC: 0.76
Epoch [19/100] - [TRAIN] Loss: 0.5455, Accuracy: 74.23%, AUC: 0.74 [VAL] Loss: 0.5318, Accuracy: 75.34%, Precision: 0.78, Recall: 0.69, F1-Score: 0.73, AUC: 0.75
Epoch [20/100] - [TRAIN] Loss: 0.5441, Accuracy: 74.42%, AUC: 0.74 [VAL] Loss: 0.5371, Accuracy: 74.26%, Precision: 0.77, Recall: 0.68, F1-Score: 0.72, AUC: 0.74
Epoch [21/100] - [TRAIN] Loss: 0.5455, Accuracy: 74.32%, AUC: 0.74 [VAL] Loss: 0.5381, Accuracy: 74.32%, Precision: 0.76, Recall: 0.68, F1-Score: 0.72, AUC: 0.74
Epoch [22/100] - [TRAIN] Loss: 0.5448, Accuracy: 74.25%, AUC: 0.74 [VAL] Loss: 0.5384, Accuracy: 74.84%, Precision: 0.76, Recall: 0.69, F1-Score: 0.72, AUC: 0.75
Epoch [23/100] - [TRAIN] Loss: 0.5457, Accuracy: 74.09%, AUC: 0.74 [VAL] Loss: 0.5322, Accuracy: 74.89%, Precision: 0.77, Recall: 0.68, F1-Score: 0.72, AUC: 0.75
Epoch [24/100] - [TRAIN] Loss: 0.5455, Accuracy: 74.23%, AUC: 0.74 [VAL] Loss: 0.5350, Accuracy: 74.70%, Precision: 0.76, Recall: 0.69, F1-Score: 0.72, AUC: 0.74
Epoch [25/100] - [TRAIN] Loss: 0.5450, Accuracy: 74.31%, AUC: 0.74 [VAL] Loss: 0.5321, Accuracy: 75.35%, Precision: 0.78, Recall: 0.70, F1-Score: 0.74, AUC: 0.75
Epoch [26/100] - [TRAIN] Loss: 0.5472, Accuracy: 74.17%, AUC: 0.74 [VAL] Loss: 0.5327, Accuracy: 74.97%, Precision: 0.77, Recall: 0.69, F1-Score: 0.73, AUC: 0.75
Epoch [27/100] - [TRAIN] Loss: 0.5463, Accuracy: 74.12%, AUC: 0.74 [VAL] Loss: 0.5350, Accuracy: 75.13%, Precision: 0.76, Recall: 0.69, F1-Score: 0.73, AUC: 0.75
Epoch [28/100] - [TRAIN] Loss: 0.5431, Accuracy: 74.39%, AUC: 0.74 [VAL] Loss: 0.5314, Accuracy: 75.24%, Precision: 0.78, Recall: 0.69, F1-Score: 0.73, AUC: 0.75
Epoch [29/100] - [TRAIN] Loss: 0.5448, Accuracy: 74.11%, AUC: 0.74 [VAL] Loss: 0.5345, Accuracy: 74.64%, Precision: 0.78, Recall: 0.68, F1-Score: 0.73, AUC: 0.75
Epoch [30/100] - [TRAIN] Loss: 0.5438, Accuracy: 74.50%, AUC: 0.74 [VAL] Loss: 0.5358, Accuracy: 74.46%, Precision: 0.77, Recall: 0.68, F1-Score: 0.72, AUC: 0.74
Epoch [31/100] - [TRAIN] Loss: 0.5434, Accuracy: 74.18%, AUC: 0.74 [VAL] Loss: 0.5364, Accuracy: 75.33%, Precision: 0.78, Recall: 0.70, F1-Score: 0.74, AUC: 0.75
Epoch [32/100] - [TRAIN] Loss: 0.5457, Accuracy: 74.25%, AUC: 0.74 [VAL] Loss: 0.5229, Accuracy: 75.44%, Precision: 0.78, Recall: 0.69, F1-Score: 0.73, AUC: 0.75
Epoch [33/100] - [TRAIN] Loss: 0.5435, Accuracy: 74.21%, AUC: 0.74 [VAL] Loss: 0.5294, Accuracy: 75.66%, Precision: 0.78, Recall: 0.70, F1-Score: 0.74, AUC: 0.76
Epoch [34/100] - [TRAIN] Loss: 0.5474, Accuracy: 74.14%, AUC: 0.74 [VAL] Loss: 0.5308, Accuracy: 75.17%, Precision: 0.77, Recall: 0.69, F1-Score: 0.73, AUC: 0.75
Epoch [35/100] - [TRAIN] Loss: 0.5483, Accuracy: 74.11%, AUC: 0.74 [VAL] Loss: 0.5317, Accuracy: 74.90%, Precision: 0.77, Recall: 0.69, F1-Score: 0.73, AUC: 0.75
Epoch [36/100] - [TRAIN] Loss: 0.5407, Accuracy: 74.65%, AUC: 0.74 [VAL] Loss: 0.5315, Accuracy: 75.24%, Precision: 0.77, Recall: 0.69, F1-Score: 0.73, AUC: 0.75
Epoch [37/100] - [TRAIN] Loss: 0.5430, Accuracy: 74.24%, AUC: 0.74 [VAL] Loss: 0.5345, Accuracy: 74.78%, Precision: 0.76, Recall: 0.69, F1-Score: 0.73, AUC: 0.75
Epoch [38/100] - [TRAIN] Loss: 0.5422, Accuracy: 74.34%, AUC: 0.74 [VAL] Loss: 0.5329, Accuracy: 74.79%, Precision: 0.76, Recall: 0.69, F1-Score: 0.72, AUC: 0.75
Epoch [39/100] - [TRAIN] Loss: 0.5451, Accuracy: 74.33%, AUC: 0.74 [VAL] Loss: 0.5292, Accuracy: 75.28%, Precision: 0.77, Recall: 0.69, F1-Score: 0.73, AUC: 0.75
Epoch [40/100] - [TRAIN] Loss: 0.5449, Accuracy: 74.20%, AUC: 0.74 [VAL] Loss: 0.5338, Accuracy: 74.66%, Precision: 0.78, Recall: 0.68, F1-Score: 0.73, AUC: 0.75
Epoch [41/100] - [TRAIN] Loss: 0.5439, Accuracy: 74.34%, AUC: 0.74 [VAL] Loss: 0.5272, Accuracy: 75.70%, Precision: 0.78, Recall: 0.70, F1-Score: 0.73, AUC: 0.75
Epoch [42/100] - [TRAIN] Loss: 0.5429, Accuracy: 74.27%, AUC: 0.74 [VAL] Loss: 0.5317, Accuracy: 75.11%, Precision: 0.78, Recall: 0.70, F1-Score: 0.73, AUC: 0.75
Epoch [43/100] - [TRAIN] Loss: 0.5427, Accuracy: 74.31%, AUC: 0.74 [VAL] Loss: 0.5222, Accuracy: 75.86%, Precision: 0.79, Recall: 0.70, F1-Score: 0.74, AUC: 0.76
Epoch [44/100] - [TRAIN] Loss: 0.5450, Accuracy: 74.08%, AUC: 0.74 [VAL] Loss: 0.5286, Accuracy: 75.43%, Precision: 0.78, Recall: 0.69, F1-Score: 0.73, AUC: 0.75
Epoch [45/100] - [TRAIN] Loss: 0.5434, Accuracy: 74.20%, AUC: 0.74 [VAL] Loss: 0.5361, Accuracy: 74.25%, Precision: 0.77, Recall: 0.68, F1-Score: 0.72, AUC: 0.74
Epoch [46/100] - [TRAIN] Loss: 0.5415, Accuracy: 74.39%, AUC: 0.74 [VAL] Loss: 0.5377, Accuracy: 74.68%, Precision: 0.77, Recall: 0.68, F1-Score: 0.72, AUC: 0.74
Epoch [47/100] - [TRAIN] Loss: 0.5439, Accuracy: 74.19%, AUC: 0.74 [VAL] Loss: 0.5402, Accuracy: 74.23%, Precision: 0.77, Recall: 0.68, F1-Score: 0.72, AUC: 0.74
Epoch [48/100] - [TRAIN] Loss: 0.5444, Accuracy: 74.08%, AUC: 0.74 [VAL] Loss: 0.5330, Accuracy: 75.26%, Precision: 0.76, Recall: 0.70, F1-Score: 0.73, AUC: 0.75
Epoch [49/100] - [TRAIN] Loss: 0.5463, Accuracy: 74.10%, AUC: 0.74 [VAL] Loss: 0.5422, Accuracy: 74.11%, Precision: 0.76, Recall: 0.69, F1-Score: 0.72, AUC: 0.74
Epoch [50/100] - [TRAIN] Loss: 0.5406, Accuracy: 74.39%, AUC: 0.74 [VAL] Loss: 0.5347, Accuracy: 75.29%, Precision: 0.77, Recall: 0.69, F1-Score: 0.73, AUC: 0.75
Epoch [51/100] - [TRAIN] Loss: 0.5447, Accuracy: 74.29%, AUC: 0.74 [VAL] Loss: 0.5366, Accuracy: 74.66%, Precision: 0.77, Recall: 0.69, F1-Score: 0.72, AUC: 0.74
Epoch [52/100] - [TRAIN] Loss: 0.5443, Accuracy: 74.20%, AUC: 0.74 [VAL] Loss: 0.5363, Accuracy: 74.82%, Precision: 0.78, Recall: 0.68, F1-Score: 0.73, AUC: 0.75
Epoch [53/100] - [TRAIN] Loss: 0.5456, Accuracy: 74.18%, AUC: 0.74 [VAL] Loss: 0.5334, Accuracy: 74.94%, Precision: 0.77, Recall: 0.69, F1-Score: 0.73, AUC: 0.75
Epoch [54/100] - [TRAIN] Loss: 0.5451, Accuracy: 74.26%, AUC: 0.74 [VAL] Loss: 0.5423, Accuracy: 74.51%, Precision: 0.77, Recall: 0.69, F1-Score: 0.73, AUC: 0.74
Epoch [55/100] - [TRAIN] Loss: 0.5465, Accuracy: 73.99%, AUC: 0.74 [VAL] Loss: 0.5300, Accuracy: 75.25%, Precision: 0.77, Recall: 0.70, F1-Score: 0.74, AUC: 0.75
Epoch [56/100] - [TRAIN] Loss: 0.5475, Accuracy: 74.09%, AUC: 0.74 [VAL] Loss: 0.5398, Accuracy: 74.76%, Precision: 0.77, Recall: 0.68, F1-Score: 0.73, AUC: 0.75
Epoch [57/100] - [TRAIN] Loss: 0.5473, Accuracy: 74.14%, AUC: 0.74 [VAL] Loss: 0.5307, Accuracy: 74.92%, Precision: 0.78, Recall: 0.68, F1-Score: 0.73, AUC: 0.75
Epoch [58/100] - [TRAIN] Loss: 0.5446, Accuracy: 74.22%, AUC: 0.74 [VAL] Loss: 0.5388, Accuracy: 74.96%, Precision: 0.77, Recall: 0.69, F1-Score: 0.73, AUC: 0.75
Epoch [59/100] - [TRAIN] Loss: 0.5432, Accuracy: 74.17%, AUC: 0.74 [VAL] Loss: 0.5227, Accuracy: 75.98%, Precision: 0.78, Recall: 0.70, F1-Score: 0.74, AUC: 0.76
Epoch [60/100] - [TRAIN] Loss: 0.5428, Accuracy: 74.20%, AUC: 0.74 [VAL] Loss: 0.5267, Accuracy: 75.28%, Precision: 0.77, Recall: 0.69, F1-Score: 0.73, AUC: 0.75
Epoch [61/100] - [TRAIN] Loss: 0.5475, Accuracy: 74.26%, AUC: 0.74 [VAL] Loss: 0.5356, Accuracy: 74.46%, Precision: 0.77, Recall: 0.68, F1-Score: 0.72, AUC: 0.74
Epoch [62/100] - [TRAIN] Loss: 0.5473, Accuracy: 73.92%, AUC: 0.74 [VAL] Loss: 0.5406, Accuracy: 74.65%, Precision: 0.77, Recall: 0.69, F1-Score: 0.72, AUC: 0.74
Epoch [63/100] - [TRAIN] Loss: 0.5452, Accuracy: 74.28%, AUC: 0.74 [VAL] Loss: 0.5270, Accuracy: 75.50%, Precision: 0.78, Recall: 0.69, F1-Score: 0.74, AUC: 0.75
Epoch [64/100] - [TRAIN] Loss: 0.5438, Accuracy: 74.18%, AUC: 0.74 [VAL] Loss: 0.5336, Accuracy: 74.51%, Precision: 0.77, Recall: 0.68, F1-Score: 0.72, AUC: 0.74
Epoch [65/100] - [TRAIN] Loss: 0.5447, Accuracy: 74.25%, AUC: 0.74 [VAL] Loss: 0.5415, Accuracy: 74.89%, Precision: 0.76, Recall: 0.69, F1-Score: 0.73, AUC: 0.75
Epoch [66/100] - [TRAIN] Loss: 0.5459, Accuracy: 74.29%, AUC: 0.74 [VAL] Loss: 0.5405, Accuracy: 74.23%, Precision: 0.76, Recall: 0.69, F1-Score: 0.72, AUC: 0.74
Epoch [67/100] - [TRAIN] Loss: 0.5455, Accuracy: 74.24%, AUC: 0.74 [VAL] Loss: 0.5262, Accuracy: 75.19%, Precision: 0.78, Recall: 0.69, F1-Score: 0.73, AUC: 0.75
Epoch [68/100] - [TRAIN] Loss: 0.5436, Accuracy: 74.29%, AUC: 0.74 [VAL] Loss: 0.5307, Accuracy: 75.27%, Precision: 0.78, Recall: 0.68, F1-Score: 0.73, AUC: 0.75
Epoch [69/100] - [TRAIN] Loss: 0.5429, Accuracy: 74.28%, AUC: 0.74 [VAL] Loss: 0.5300, Accuracy: 75.12%, Precision: 0.78, Recall: 0.69, F1-Score: 0.73, AUC: 0.75
Epoch [70/100] - [TRAIN] Loss: 0.5471, Accuracy: 74.19%, AUC: 0.74 [VAL] Loss: 0.5346, Accuracy: 74.68%, Precision: 0.78, Recall: 0.69, F1-Score: 0.73, AUC: 0.75
Epoch [71/100] - [TRAIN] Loss: 0.5427, Accuracy: 74.22%, AUC: 0.74 [VAL] Loss: 0.5271, Accuracy: 75.50%, Precision: 0.78, Recall: 0.69, F1-Score: 0.73, AUC: 0.75
Epoch [72/100] - [TRAIN] Loss: 0.5465, Accuracy: 74.12%, AUC: 0.74 [VAL] Loss: 0.5337, Accuracy: 75.18%, Precision: 0.78, Recall: 0.69, F1-Score: 0.73, AUC: 0.75
Epoch [73/100] - [TRAIN] Loss: 0.5426, Accuracy: 74.41%, AUC: 0.74 [VAL] Loss: 0.5371, Accuracy: 74.19%, Precision: 0.76, Recall: 0.69, F1-Score: 0.72, AUC: 0.74
Epoch [74/100] - [TRAIN] Loss: 0.5443, Accuracy: 74.09%, AUC: 0.74 [VAL] Loss: 0.5345, Accuracy: 74.82%, Precision: 0.77, Recall: 0.68, F1-Score: 0.72, AUC: 0.75
Epoch [75/100] - [TRAIN] Loss: 0.5454, Accuracy: 74.34%, AUC: 0.74 [VAL] Loss: 0.5325, Accuracy: 75.00%, Precision: 0.77, Recall: 0.69, F1-Score: 0.73, AUC: 0.75
Epoch [76/100] - [TRAIN] Loss: 0.5448, Accuracy: 73.98%, AUC: 0.74 [VAL] Loss: 0.5335, Accuracy: 75.15%, Precision: 0.77, Recall: 0.68, F1-Score: 0.72, AUC: 0.75
Epoch [77/100] - [TRAIN] Loss: 0.5469, Accuracy: 74.04%, AUC: 0.74 [VAL] Loss: 0.5389, Accuracy: 74.18%, Precision: 0.76, Recall: 0.68, F1-Score: 0.72, AUC: 0.74
Epoch [78/100] - [TRAIN] Loss: 0.5438, Accuracy: 74.07%, AUC: 0.74 [VAL] Loss: 0.5317, Accuracy: 75.36%, Precision: 0.78, Recall: 0.69, F1-Score: 0.73, AUC: 0.75
Epoch [79/100] - [TRAIN] Loss: 0.5460, Accuracy: 74.15%, AUC: 0.74 [VAL] Loss: 0.5225, Accuracy: 75.59%, Precision: 0.77, Recall: 0.70, F1-Score: 0.74, AUC: 0.75
Epoch [80/100] - [TRAIN] Loss: 0.5438, Accuracy: 74.54%, AUC: 0.74 [VAL] Loss: 0.5383, Accuracy: 74.63%, Precision: 0.77, Recall: 0.68, F1-Score: 0.72, AUC: 0.74
Epoch [81/100] - [TRAIN] Loss: 0.5449, Accuracy: 74.06%, AUC: 0.74 [VAL] Loss: 0.5346, Accuracy: 74.50%, Precision: 0.77, Recall: 0.68, F1-Score: 0.72, AUC: 0.74
Epoch [82/100] - [TRAIN] Loss: 0.5414, Accuracy: 74.53%, AUC: 0.74 [VAL] Loss: 0.5355, Accuracy: 74.56%, Precision: 0.77, Recall: 0.69, F1-Score: 0.73, AUC: 0.75
Epoch [83/100] - [TRAIN] Loss: 0.5459, Accuracy: 74.13%, AUC: 0.74 [VAL] Loss: 0.5399, Accuracy: 74.45%, Precision: 0.77, Recall: 0.68, F1-Score: 0.72, AUC: 0.74
Epoch [84/100] - [TRAIN] Loss: 0.5474, Accuracy: 74.11%, AUC: 0.74 [VAL] Loss: 0.5407, Accuracy: 74.36%, Precision: 0.77, Recall: 0.68, F1-Score: 0.73, AUC: 0.74
Epoch [85/100] - [TRAIN] Loss: 0.5434, Accuracy: 74.29%, AUC: 0.74 [VAL] Loss: 0.5331, Accuracy: 74.91%, Precision: 0.78, Recall: 0.69, F1-Score: 0.73, AUC: 0.75
Epoch [86/100] - [TRAIN] Loss: 0.5474, Accuracy: 74.18%, AUC: 0.74 [VAL] Loss: 0.5355, Accuracy: 74.79%, Precision: 0.77, Recall: 0.68, F1-Score: 0.72, AUC: 0.75
Epoch [87/100] - [TRAIN] Loss: 0.5459, Accuracy: 74.23%, AUC: 0.74 [VAL] Loss: 0.5356, Accuracy: 74.87%, Precision: 0.78, Recall: 0.68, F1-Score: 0.73, AUC: 0.75
Epoch [88/100] - [TRAIN] Loss: 0.5437, Accuracy: 74.25%, AUC: 0.74 [VAL] Loss: 0.5298, Accuracy: 74.57%, Precision: 0.77, Recall: 0.68, F1-Score: 0.73, AUC: 0.74
Epoch [89/100] - [TRAIN] Loss: 0.5459, Accuracy: 74.20%, AUC: 0.74 [VAL] Loss: 0.5336, Accuracy: 74.67%, Precision: 0.77, Recall: 0.69, F1-Score: 0.73, AUC: 0.75
Epoch [90/100] - [TRAIN] Loss: 0.5454, Accuracy: 74.18%, AUC: 0.74 [VAL] Loss: 0.5374, Accuracy: 74.66%, Precision: 0.77, Recall: 0.69, F1-Score: 0.73, AUC: 0.75
Epoch [91/100] - [TRAIN] Loss: 0.5466, Accuracy: 74.18%, AUC: 0.74 [VAL] Loss: 0.5346, Accuracy: 74.80%, Precision: 0.78, Recall: 0.69, F1-Score: 0.73, AUC: 0.75
Epoch [92/100] - [TRAIN] Loss: 0.5468, Accuracy: 74.14%, AUC: 0.74 [VAL] Loss: 0.5409, Accuracy: 74.42%, Precision: 0.77, Recall: 0.69, F1-Score: 0.73, AUC: 0.74
Epoch [93/100] - [TRAIN] Loss: 0.5492, Accuracy: 73.77%, AUC: 0.74 [VAL] Loss: 0.5313, Accuracy: 74.65%, Precision: 0.77, Recall: 0.69, F1-Score: 0.73, AUC: 0.74
Epoch [94/100] - [TRAIN] Loss: 0.5448, Accuracy: 74.21%, AUC: 0.74 [VAL] Loss: 0.5383, Accuracy: 74.68%, Precision: 0.76, Recall: 0.69, F1-Score: 0.72, AUC: 0.74
Epoch [95/100] - [TRAIN] Loss: 0.5462, Accuracy: 74.20%, AUC: 0.74 [VAL] Loss: 0.5298, Accuracy: 74.83%, Precision: 0.77, Recall: 0.68, F1-Score: 0.72, AUC: 0.75
Epoch [96/100] - [TRAIN] Loss: 0.5479, Accuracy: 74.18%, AUC: 0.74 [VAL] Loss: 0.5369, Accuracy: 74.75%, Precision: 0.76, Recall: 0.70, F1-Score: 0.73, AUC: 0.75
Epoch [97/100] - [TRAIN] Loss: 0.5426, Accuracy: 74.27%, AUC: 0.74 [VAL] Loss: 0.5295, Accuracy: 75.07%, Precision: 0.79, Recall: 0.68, F1-Score: 0.73, AUC: 0.75
Epoch [98/100] - [TRAIN] Loss: 0.5457, Accuracy: 74.15%, AUC: 0.74 [VAL] Loss: 0.5456, Accuracy: 73.67%, Precision: 0.76, Recall: 0.68, F1-Score: 0.72, AUC: 0.74
Epoch [99/100] - [TRAIN] Loss: 0.5444, Accuracy: 74.22%, AUC: 0.74 [VAL] Loss: 0.5341, Accuracy: 74.82%, Precision: 0.77, Recall: 0.69, F1-Score: 0.73, AUC: 0.75
Epoch [100/100] - [TRAIN] Loss: 0.5459, Accuracy: 74.14%, AUC: 0.74 [VAL] Loss: 0.5325, Accuracy: 74.70%, Precision: 0.77, Recall: 0.68, F1-Score: 0.72, AUC: 0.75
Accuracy Score on test set: 74.60 %
    AUC Score on test set: 0.75
    Precision: 0.7731
    Recall: 0.6873
    F1-Score: 0.7276

    Detailed Classification Report:
                  precision    recall  f1-score   support

           0       0.72      0.80      0.76      5063
           1       0.77      0.69      0.73      4937

    accuracy                           0.75     10000
   macro avg       0.75      0.75      0.74     10000
weighted avg       0.75      0.75      0.75     10000


    Confusion Matrix:
    [[4067  996]
 [1544 3393]]
    
Batch FINISHED!!!

Real-time duration: 9343.487528070 seconds
