Using device: cuda
Current CUDA device: 0
CUDA device name: Tesla V100-PCIE-16GB
025-H3K4me3-H3K9ac-H3K9me3-H3K27ac
Epoch [1/100] - [TRAIN] Loss: 0.5751, Accuracy: 73.89%, AUC: 0.74 [VAL] Loss: 0.5403, Accuracy: 75.38%, Precision: 0.78, Recall: 0.70, F1-Score: 0.74, AUC: 0.75
Epoch [2/100] - [TRAIN] Loss: 0.5489, Accuracy: 74.99%, AUC: 0.75 [VAL] Loss: 0.5230, Accuracy: 76.03%, Precision: 0.78, Recall: 0.70, F1-Score: 0.74, AUC: 0.76
Epoch [3/100] - [TRAIN] Loss: 0.5449, Accuracy: 75.09%, AUC: 0.75 [VAL] Loss: 0.5364, Accuracy: 74.82%, Precision: 0.76, Recall: 0.69, F1-Score: 0.73, AUC: 0.75
Epoch [4/100] - [TRAIN] Loss: 0.5362, Accuracy: 75.32%, AUC: 0.75 [VAL] Loss: 0.5368, Accuracy: 74.81%, Precision: 0.78, Recall: 0.68, F1-Score: 0.73, AUC: 0.75
Epoch [5/100] - [TRAIN] Loss: 0.5362, Accuracy: 75.07%, AUC: 0.75 [VAL] Loss: 0.5186, Accuracy: 76.34%, Precision: 0.78, Recall: 0.71, F1-Score: 0.74, AUC: 0.76
Epoch [6/100] - [TRAIN] Loss: 0.5385, Accuracy: 75.26%, AUC: 0.75 [VAL] Loss: 0.5260, Accuracy: 75.80%, Precision: 0.78, Recall: 0.70, F1-Score: 0.74, AUC: 0.76
Epoch [7/100] - [TRAIN] Loss: 0.5361, Accuracy: 75.13%, AUC: 0.75 [VAL] Loss: 0.5205, Accuracy: 75.56%, Precision: 0.79, Recall: 0.69, F1-Score: 0.74, AUC: 0.76
Epoch [8/100] - [TRAIN] Loss: 0.5321, Accuracy: 75.31%, AUC: 0.75 [VAL] Loss: 0.5169, Accuracy: 75.90%, Precision: 0.79, Recall: 0.70, F1-Score: 0.74, AUC: 0.76
Epoch [9/100] - [TRAIN] Loss: 0.5340, Accuracy: 75.17%, AUC: 0.75 [VAL] Loss: 0.5184, Accuracy: 76.38%, Precision: 0.78, Recall: 0.71, F1-Score: 0.74, AUC: 0.76
Epoch [10/100] - [TRAIN] Loss: 0.5314, Accuracy: 75.21%, AUC: 0.75 [VAL] Loss: 0.5107, Accuracy: 76.87%, Precision: 0.79, Recall: 0.71, F1-Score: 0.75, AUC: 0.77
Epoch [11/100] - [TRAIN] Loss: 0.5298, Accuracy: 75.41%, AUC: 0.75 [VAL] Loss: 0.5231, Accuracy: 75.62%, Precision: 0.78, Recall: 0.68, F1-Score: 0.73, AUC: 0.75
Epoch [12/100] - [TRAIN] Loss: 0.5297, Accuracy: 75.43%, AUC: 0.75 [VAL] Loss: 0.5124, Accuracy: 75.69%, Precision: 0.79, Recall: 0.69, F1-Score: 0.74, AUC: 0.76
Epoch [13/100] - [TRAIN] Loss: 0.5310, Accuracy: 75.33%, AUC: 0.75 [VAL] Loss: 0.5221, Accuracy: 75.79%, Precision: 0.78, Recall: 0.70, F1-Score: 0.74, AUC: 0.76
Epoch [14/100] - [TRAIN] Loss: 0.5250, Accuracy: 75.41%, AUC: 0.75 [VAL] Loss: 0.5137, Accuracy: 75.98%, Precision: 0.79, Recall: 0.70, F1-Score: 0.74, AUC: 0.76
Epoch [15/100] - [TRAIN] Loss: 0.5291, Accuracy: 75.30%, AUC: 0.75 [VAL] Loss: 0.5097, Accuracy: 76.37%, Precision: 0.79, Recall: 0.71, F1-Score: 0.75, AUC: 0.76
Epoch [16/100] - [TRAIN] Loss: 0.5272, Accuracy: 75.57%, AUC: 0.75 [VAL] Loss: 0.5176, Accuracy: 76.67%, Precision: 0.79, Recall: 0.71, F1-Score: 0.75, AUC: 0.77
Epoch [17/100] - [TRAIN] Loss: 0.5292, Accuracy: 75.35%, AUC: 0.75 [VAL] Loss: 0.5227, Accuracy: 75.89%, Precision: 0.78, Recall: 0.69, F1-Score: 0.74, AUC: 0.76
Epoch [18/100] - [TRAIN] Loss: 0.5250, Accuracy: 75.51%, AUC: 0.75 [VAL] Loss: 0.5113, Accuracy: 75.83%, Precision: 0.78, Recall: 0.71, F1-Score: 0.74, AUC: 0.76
Epoch [19/100] - [TRAIN] Loss: 0.5264, Accuracy: 75.35%, AUC: 0.75 [VAL] Loss: 0.5153, Accuracy: 75.90%, Precision: 0.77, Recall: 0.72, F1-Score: 0.74, AUC: 0.76
Epoch [20/100] - [TRAIN] Loss: 0.5238, Accuracy: 75.57%, AUC: 0.75 [VAL] Loss: 0.5119, Accuracy: 76.32%, Precision: 0.78, Recall: 0.72, F1-Score: 0.75, AUC: 0.76
Epoch [21/100] - [TRAIN] Loss: 0.5257, Accuracy: 75.35%, AUC: 0.75 [VAL] Loss: 0.5167, Accuracy: 75.92%, Precision: 0.78, Recall: 0.70, F1-Score: 0.74, AUC: 0.76
Epoch [22/100] - [TRAIN] Loss: 0.5246, Accuracy: 75.51%, AUC: 0.75 [VAL] Loss: 0.5189, Accuracy: 75.40%, Precision: 0.78, Recall: 0.70, F1-Score: 0.74, AUC: 0.75
Epoch [23/100] - [TRAIN] Loss: 0.5256, Accuracy: 75.36%, AUC: 0.75 [VAL] Loss: 0.5177, Accuracy: 75.98%, Precision: 0.78, Recall: 0.71, F1-Score: 0.74, AUC: 0.76
Epoch [24/100] - [TRAIN] Loss: 0.5219, Accuracy: 75.77%, AUC: 0.76 [VAL] Loss: 0.5159, Accuracy: 75.68%, Precision: 0.78, Recall: 0.70, F1-Score: 0.74, AUC: 0.76
Epoch [25/100] - [TRAIN] Loss: 0.5251, Accuracy: 75.64%, AUC: 0.76 [VAL] Loss: 0.5159, Accuracy: 75.45%, Precision: 0.77, Recall: 0.69, F1-Score: 0.73, AUC: 0.75
Epoch [26/100] - [TRAIN] Loss: 0.5241, Accuracy: 75.68%, AUC: 0.76 [VAL] Loss: 0.5189, Accuracy: 76.15%, Precision: 0.78, Recall: 0.71, F1-Score: 0.74, AUC: 0.76
Epoch [27/100] - [TRAIN] Loss: 0.5245, Accuracy: 75.71%, AUC: 0.76 [VAL] Loss: 0.5134, Accuracy: 76.49%, Precision: 0.79, Recall: 0.70, F1-Score: 0.74, AUC: 0.76
Epoch [28/100] - [TRAIN] Loss: 0.5291, Accuracy: 75.32%, AUC: 0.75 [VAL] Loss: 0.5044, Accuracy: 76.92%, Precision: 0.79, Recall: 0.72, F1-Score: 0.75, AUC: 0.77
Epoch [29/100] - [TRAIN] Loss: 0.5251, Accuracy: 75.64%, AUC: 0.76 [VAL] Loss: 0.5165, Accuracy: 75.88%, Precision: 0.79, Recall: 0.70, F1-Score: 0.74, AUC: 0.76
Epoch [30/100] - [TRAIN] Loss: 0.5232, Accuracy: 75.92%, AUC: 0.76 [VAL] Loss: 0.5192, Accuracy: 76.20%, Precision: 0.78, Recall: 0.70, F1-Score: 0.74, AUC: 0.76
Epoch [31/100] - [TRAIN] Loss: 0.5257, Accuracy: 75.40%, AUC: 0.75 [VAL] Loss: 0.5097, Accuracy: 76.28%, Precision: 0.79, Recall: 0.70, F1-Score: 0.74, AUC: 0.76
Epoch [32/100] - [TRAIN] Loss: 0.5275, Accuracy: 75.32%, AUC: 0.75 [VAL] Loss: 0.5154, Accuracy: 75.56%, Precision: 0.77, Recall: 0.70, F1-Score: 0.73, AUC: 0.75
Epoch [33/100] - [TRAIN] Loss: 0.5241, Accuracy: 75.57%, AUC: 0.75 [VAL] Loss: 0.5211, Accuracy: 75.68%, Precision: 0.78, Recall: 0.70, F1-Score: 0.74, AUC: 0.76
Epoch [34/100] - [TRAIN] Loss: 0.5277, Accuracy: 75.42%, AUC: 0.75 [VAL] Loss: 0.5175, Accuracy: 76.05%, Precision: 0.79, Recall: 0.70, F1-Score: 0.74, AUC: 0.76
Epoch [35/100] - [TRAIN] Loss: 0.5226, Accuracy: 75.43%, AUC: 0.75 [VAL] Loss: 0.5082, Accuracy: 77.09%, Precision: 0.80, Recall: 0.71, F1-Score: 0.75, AUC: 0.77
Epoch [36/100] - [TRAIN] Loss: 0.5276, Accuracy: 75.47%, AUC: 0.75 [VAL] Loss: 0.5163, Accuracy: 75.97%, Precision: 0.78, Recall: 0.71, F1-Score: 0.74, AUC: 0.76
Epoch [37/100] - [TRAIN] Loss: 0.5250, Accuracy: 75.51%, AUC: 0.75 [VAL] Loss: 0.5144, Accuracy: 76.08%, Precision: 0.78, Recall: 0.71, F1-Score: 0.74, AUC: 0.76
Epoch [38/100] - [TRAIN] Loss: 0.5256, Accuracy: 75.54%, AUC: 0.75 [VAL] Loss: 0.5208, Accuracy: 76.18%, Precision: 0.78, Recall: 0.71, F1-Score: 0.74, AUC: 0.76
Epoch [39/100] - [TRAIN] Loss: 0.5254, Accuracy: 75.23%, AUC: 0.75 [VAL] Loss: 0.5190, Accuracy: 76.09%, Precision: 0.77, Recall: 0.71, F1-Score: 0.74, AUC: 0.76
Epoch [40/100] - [TRAIN] Loss: 0.5252, Accuracy: 75.36%, AUC: 0.75 [VAL] Loss: 0.5239, Accuracy: 75.07%, Precision: 0.77, Recall: 0.69, F1-Score: 0.73, AUC: 0.75
Epoch [41/100] - [TRAIN] Loss: 0.5229, Accuracy: 75.60%, AUC: 0.75 [VAL] Loss: 0.5200, Accuracy: 75.82%, Precision: 0.79, Recall: 0.69, F1-Score: 0.74, AUC: 0.76
Epoch [42/100] - [TRAIN] Loss: 0.5268, Accuracy: 75.51%, AUC: 0.75 [VAL] Loss: 0.5212, Accuracy: 75.78%, Precision: 0.79, Recall: 0.69, F1-Score: 0.74, AUC: 0.76
Epoch [43/100] - [TRAIN] Loss: 0.5206, Accuracy: 75.93%, AUC: 0.76 [VAL] Loss: 0.5183, Accuracy: 75.98%, Precision: 0.79, Recall: 0.70, F1-Score: 0.74, AUC: 0.76
Epoch [44/100] - [TRAIN] Loss: 0.5247, Accuracy: 75.52%, AUC: 0.75 [VAL] Loss: 0.5185, Accuracy: 75.99%, Precision: 0.79, Recall: 0.70, F1-Score: 0.74, AUC: 0.76
Epoch [45/100] - [TRAIN] Loss: 0.5253, Accuracy: 75.59%, AUC: 0.75 [VAL] Loss: 0.5165, Accuracy: 75.86%, Precision: 0.79, Recall: 0.69, F1-Score: 0.74, AUC: 0.76
Epoch [46/100] - [TRAIN] Loss: 0.5270, Accuracy: 75.36%, AUC: 0.75 [VAL] Loss: 0.5042, Accuracy: 76.64%, Precision: 0.79, Recall: 0.71, F1-Score: 0.75, AUC: 0.77
Epoch [47/100] - [TRAIN] Loss: 0.5257, Accuracy: 75.27%, AUC: 0.75 [VAL] Loss: 0.5082, Accuracy: 76.29%, Precision: 0.79, Recall: 0.70, F1-Score: 0.74, AUC: 0.76
Epoch [48/100] - [TRAIN] Loss: 0.5250, Accuracy: 75.66%, AUC: 0.76 [VAL] Loss: 0.5115, Accuracy: 76.20%, Precision: 0.79, Recall: 0.70, F1-Score: 0.74, AUC: 0.76
Epoch [49/100] - [TRAIN] Loss: 0.5241, Accuracy: 75.71%, AUC: 0.76 [VAL] Loss: 0.5205, Accuracy: 75.66%, Precision: 0.79, Recall: 0.70, F1-Score: 0.74, AUC: 0.76
Epoch [50/100] - [TRAIN] Loss: 0.5256, Accuracy: 75.57%, AUC: 0.75 [VAL] Loss: 0.5178, Accuracy: 75.33%, Precision: 0.77, Recall: 0.69, F1-Score: 0.73, AUC: 0.75
Epoch [51/100] - [TRAIN] Loss: 0.5215, Accuracy: 75.68%, AUC: 0.76 [VAL] Loss: 0.5162, Accuracy: 76.41%, Precision: 0.79, Recall: 0.71, F1-Score: 0.75, AUC: 0.76
Epoch [52/100] - [TRAIN] Loss: 0.5241, Accuracy: 75.33%, AUC: 0.75 [VAL] Loss: 0.5169, Accuracy: 75.80%, Precision: 0.78, Recall: 0.70, F1-Score: 0.74, AUC: 0.76
Epoch [53/100] - [TRAIN] Loss: 0.5249, Accuracy: 75.36%, AUC: 0.75 [VAL] Loss: 0.5151, Accuracy: 76.16%, Precision: 0.79, Recall: 0.70, F1-Score: 0.75, AUC: 0.76
Epoch [54/100] - [TRAIN] Loss: 0.5246, Accuracy: 75.44%, AUC: 0.75 [VAL] Loss: 0.5108, Accuracy: 76.49%, Precision: 0.78, Recall: 0.71, F1-Score: 0.74, AUC: 0.76
Epoch [55/100] - [TRAIN] Loss: 0.5234, Accuracy: 75.76%, AUC: 0.76 [VAL] Loss: 0.5158, Accuracy: 75.89%, Precision: 0.78, Recall: 0.70, F1-Score: 0.74, AUC: 0.76
Epoch [56/100] - [TRAIN] Loss: 0.5257, Accuracy: 75.57%, AUC: 0.75 [VAL] Loss: 0.5197, Accuracy: 75.33%, Precision: 0.77, Recall: 0.70, F1-Score: 0.74, AUC: 0.75
Epoch [57/100] - [TRAIN] Loss: 0.5237, Accuracy: 75.75%, AUC: 0.76 [VAL] Loss: 0.5208, Accuracy: 76.05%, Precision: 0.79, Recall: 0.70, F1-Score: 0.74, AUC: 0.76
Epoch [58/100] - [TRAIN] Loss: 0.5229, Accuracy: 75.49%, AUC: 0.75 [VAL] Loss: 0.5148, Accuracy: 75.75%, Precision: 0.79, Recall: 0.70, F1-Score: 0.74, AUC: 0.76
Epoch [59/100] - [TRAIN] Loss: 0.5219, Accuracy: 75.64%, AUC: 0.76 [VAL] Loss: 0.5144, Accuracy: 75.69%, Precision: 0.79, Recall: 0.70, F1-Score: 0.74, AUC: 0.76
Epoch [60/100] - [TRAIN] Loss: 0.5272, Accuracy: 75.27%, AUC: 0.75 [VAL] Loss: 0.5062, Accuracy: 76.30%, Precision: 0.78, Recall: 0.71, F1-Score: 0.74, AUC: 0.76
Epoch [61/100] - [TRAIN] Loss: 0.5246, Accuracy: 75.35%, AUC: 0.75 [VAL] Loss: 0.5153, Accuracy: 75.85%, Precision: 0.78, Recall: 0.71, F1-Score: 0.74, AUC: 0.76
Epoch [62/100] - [TRAIN] Loss: 0.5237, Accuracy: 75.44%, AUC: 0.75 [VAL] Loss: 0.5158, Accuracy: 76.01%, Precision: 0.79, Recall: 0.70, F1-Score: 0.74, AUC: 0.76
Epoch [63/100] - [TRAIN] Loss: 0.5260, Accuracy: 75.58%, AUC: 0.75 [VAL] Loss: 0.5185, Accuracy: 75.47%, Precision: 0.79, Recall: 0.69, F1-Score: 0.74, AUC: 0.75
Epoch [64/100] - [TRAIN] Loss: 0.5259, Accuracy: 75.41%, AUC: 0.75 [VAL] Loss: 0.5204, Accuracy: 75.93%, Precision: 0.79, Recall: 0.70, F1-Score: 0.74, AUC: 0.76
Epoch [65/100] - [TRAIN] Loss: 0.5242, Accuracy: 75.54%, AUC: 0.75 [VAL] Loss: 0.5184, Accuracy: 75.93%, Precision: 0.79, Recall: 0.70, F1-Score: 0.74, AUC: 0.76
Epoch [66/100] - [TRAIN] Loss: 0.5223, Accuracy: 75.59%, AUC: 0.75 [VAL] Loss: 0.4985, Accuracy: 77.09%, Precision: 0.80, Recall: 0.71, F1-Score: 0.75, AUC: 0.77
Epoch [67/100] - [TRAIN] Loss: 0.5228, Accuracy: 75.74%, AUC: 0.76 [VAL] Loss: 0.5284, Accuracy: 75.11%, Precision: 0.77, Recall: 0.68, F1-Score: 0.72, AUC: 0.75
Epoch [68/100] - [TRAIN] Loss: 0.5263, Accuracy: 75.34%, AUC: 0.75 [VAL] Loss: 0.5094, Accuracy: 76.64%, Precision: 0.79, Recall: 0.71, F1-Score: 0.75, AUC: 0.77
Epoch [69/100] - [TRAIN] Loss: 0.5229, Accuracy: 75.45%, AUC: 0.75 [VAL] Loss: 0.5215, Accuracy: 75.85%, Precision: 0.78, Recall: 0.70, F1-Score: 0.74, AUC: 0.76
Epoch [70/100] - [TRAIN] Loss: 0.5237, Accuracy: 75.51%, AUC: 0.75 [VAL] Loss: 0.5134, Accuracy: 75.86%, Precision: 0.79, Recall: 0.70, F1-Score: 0.74, AUC: 0.76
Epoch [71/100] - [TRAIN] Loss: 0.5260, Accuracy: 75.38%, AUC: 0.75 [VAL] Loss: 0.5147, Accuracy: 75.80%, Precision: 0.79, Recall: 0.70, F1-Score: 0.74, AUC: 0.76
Epoch [72/100] - [TRAIN] Loss: 0.5269, Accuracy: 75.26%, AUC: 0.75 [VAL] Loss: 0.5156, Accuracy: 75.96%, Precision: 0.79, Recall: 0.70, F1-Score: 0.74, AUC: 0.76
Epoch [73/100] - [TRAIN] Loss: 0.5225, Accuracy: 75.73%, AUC: 0.76 [VAL] Loss: 0.5099, Accuracy: 76.25%, Precision: 0.79, Recall: 0.70, F1-Score: 0.74, AUC: 0.76
Epoch [74/100] - [TRAIN] Loss: 0.5255, Accuracy: 75.42%, AUC: 0.75 [VAL] Loss: 0.5085, Accuracy: 76.60%, Precision: 0.79, Recall: 0.72, F1-Score: 0.75, AUC: 0.77
Epoch [75/100] - [TRAIN] Loss: 0.5243, Accuracy: 75.77%, AUC: 0.76 [VAL] Loss: 0.5160, Accuracy: 75.70%, Precision: 0.78, Recall: 0.71, F1-Score: 0.74, AUC: 0.76
Epoch [76/100] - [TRAIN] Loss: 0.5243, Accuracy: 75.52%, AUC: 0.75 [VAL] Loss: 0.5200, Accuracy: 75.88%, Precision: 0.77, Recall: 0.70, F1-Score: 0.74, AUC: 0.76
Epoch [77/100] - [TRAIN] Loss: 0.5254, Accuracy: 75.46%, AUC: 0.75 [VAL] Loss: 0.5150, Accuracy: 76.00%, Precision: 0.79, Recall: 0.71, F1-Score: 0.74, AUC: 0.76
Epoch [78/100] - [TRAIN] Loss: 0.5264, Accuracy: 75.52%, AUC: 0.75 [VAL] Loss: 0.5268, Accuracy: 74.97%, Precision: 0.77, Recall: 0.69, F1-Score: 0.73, AUC: 0.75
Epoch [79/100] - [TRAIN] Loss: 0.5245, Accuracy: 75.48%, AUC: 0.75 [VAL] Loss: 0.5162, Accuracy: 75.38%, Precision: 0.78, Recall: 0.69, F1-Score: 0.73, AUC: 0.75
Epoch [80/100] - [TRAIN] Loss: 0.5250, Accuracy: 75.38%, AUC: 0.75 [VAL] Loss: 0.5141, Accuracy: 76.41%, Precision: 0.79, Recall: 0.70, F1-Score: 0.74, AUC: 0.76
Epoch [81/100] - [TRAIN] Loss: 0.5242, Accuracy: 75.52%, AUC: 0.75 [VAL] Loss: 0.5134, Accuracy: 75.87%, Precision: 0.79, Recall: 0.70, F1-Score: 0.74, AUC: 0.76
Epoch [82/100] - [TRAIN] Loss: 0.5246, Accuracy: 75.46%, AUC: 0.75 [VAL] Loss: 0.5078, Accuracy: 76.95%, Precision: 0.79, Recall: 0.72, F1-Score: 0.75, AUC: 0.77
Epoch [83/100] - [TRAIN] Loss: 0.5227, Accuracy: 75.62%, AUC: 0.76 [VAL] Loss: 0.5027, Accuracy: 76.70%, Precision: 0.80, Recall: 0.71, F1-Score: 0.75, AUC: 0.77
Epoch [84/100] - [TRAIN] Loss: 0.5236, Accuracy: 75.44%, AUC: 0.75 [VAL] Loss: 0.5133, Accuracy: 76.09%, Precision: 0.79, Recall: 0.70, F1-Score: 0.74, AUC: 0.76
Epoch [85/100] - [TRAIN] Loss: 0.5243, Accuracy: 75.49%, AUC: 0.75 [VAL] Loss: 0.5213, Accuracy: 75.71%, Precision: 0.78, Recall: 0.70, F1-Score: 0.74, AUC: 0.76
Epoch [86/100] - [TRAIN] Loss: 0.5211, Accuracy: 75.90%, AUC: 0.76 [VAL] Loss: 0.5152, Accuracy: 75.96%, Precision: 0.78, Recall: 0.70, F1-Score: 0.74, AUC: 0.76
Epoch [87/100] - [TRAIN] Loss: 0.5254, Accuracy: 75.35%, AUC: 0.75 [VAL] Loss: 0.5181, Accuracy: 76.03%, Precision: 0.79, Recall: 0.71, F1-Score: 0.75, AUC: 0.76
Epoch [88/100] - [TRAIN] Loss: 0.5214, Accuracy: 75.56%, AUC: 0.75 [VAL] Loss: 0.5149, Accuracy: 75.86%, Precision: 0.79, Recall: 0.70, F1-Score: 0.74, AUC: 0.76
Epoch [89/100] - [TRAIN] Loss: 0.5239, Accuracy: 75.58%, AUC: 0.75 [VAL] Loss: 0.5166, Accuracy: 75.95%, Precision: 0.78, Recall: 0.71, F1-Score: 0.74, AUC: 0.76
Epoch [90/100] - [TRAIN] Loss: 0.5232, Accuracy: 75.56%, AUC: 0.75 [VAL] Loss: 0.5127, Accuracy: 76.36%, Precision: 0.79, Recall: 0.70, F1-Score: 0.74, AUC: 0.76
Epoch [91/100] - [TRAIN] Loss: 0.5237, Accuracy: 75.61%, AUC: 0.75 [VAL] Loss: 0.5116, Accuracy: 76.42%, Precision: 0.79, Recall: 0.71, F1-Score: 0.75, AUC: 0.76
Epoch [92/100] - [TRAIN] Loss: 0.5259, Accuracy: 75.25%, AUC: 0.75 [VAL] Loss: 0.5084, Accuracy: 76.30%, Precision: 0.79, Recall: 0.70, F1-Score: 0.74, AUC: 0.76
Epoch [93/100] - [TRAIN] Loss: 0.5227, Accuracy: 75.50%, AUC: 0.75 [VAL] Loss: 0.5165, Accuracy: 75.85%, Precision: 0.77, Recall: 0.71, F1-Score: 0.74, AUC: 0.76
Epoch [94/100] - [TRAIN] Loss: 0.5254, Accuracy: 75.42%, AUC: 0.75 [VAL] Loss: 0.5139, Accuracy: 75.73%, Precision: 0.79, Recall: 0.70, F1-Score: 0.74, AUC: 0.76
Epoch [95/100] - [TRAIN] Loss: 0.5206, Accuracy: 75.82%, AUC: 0.76 [VAL] Loss: 0.5167, Accuracy: 75.58%, Precision: 0.79, Recall: 0.70, F1-Score: 0.74, AUC: 0.76
Epoch [96/100] - [TRAIN] Loss: 0.5236, Accuracy: 75.51%, AUC: 0.75 [VAL] Loss: 0.5146, Accuracy: 76.30%, Precision: 0.79, Recall: 0.71, F1-Score: 0.75, AUC: 0.76
Epoch [97/100] - [TRAIN] Loss: 0.5234, Accuracy: 75.73%, AUC: 0.76 [VAL] Loss: 0.5170, Accuracy: 75.63%, Precision: 0.78, Recall: 0.71, F1-Score: 0.74, AUC: 0.76
Epoch [98/100] - [TRAIN] Loss: 0.5226, Accuracy: 75.71%, AUC: 0.76 [VAL] Loss: 0.5184, Accuracy: 75.51%, Precision: 0.79, Recall: 0.69, F1-Score: 0.73, AUC: 0.75
Epoch [99/100] - [TRAIN] Loss: 0.5240, Accuracy: 75.73%, AUC: 0.76 [VAL] Loss: 0.5066, Accuracy: 76.88%, Precision: 0.80, Recall: 0.71, F1-Score: 0.75, AUC: 0.77
Epoch [100/100] - [TRAIN] Loss: 0.5230, Accuracy: 75.67%, AUC: 0.76 [VAL] Loss: 0.5182, Accuracy: 75.63%, Precision: 0.78, Recall: 0.69, F1-Score: 0.73, AUC: 0.75
Accuracy Score on test set: 76.01 %
    AUC Score on test set: 0.76
    Precision: 0.7917
    Recall: 0.7009
    F1-Score: 0.7435

    Detailed Classification Report:
                  precision    recall  f1-score   support

           0       0.74      0.82      0.77      5039
           1       0.79      0.70      0.74      4961

    accuracy                           0.76     10000
   macro avg       0.76      0.76      0.76     10000
weighted avg       0.76      0.76      0.76     10000


    Confusion Matrix:
    [[4124  915]
 [1484 3477]]
    
026-H3K4me3-H3K9ac-H3K9me3-H3K27me3
Epoch [1/100] - [TRAIN] Loss: 0.5918, Accuracy: 72.42%, AUC: 0.72 [VAL] Loss: 0.5498, Accuracy: 75.10%, Precision: 0.78, Recall: 0.69, F1-Score: 0.73, AUC: 0.75
Epoch [2/100] - [TRAIN] Loss: 0.5647, Accuracy: 73.55%, AUC: 0.73 [VAL] Loss: 0.5532, Accuracy: 74.06%, Precision: 0.77, Recall: 0.68, F1-Score: 0.72, AUC: 0.74
Epoch [3/100] - [TRAIN] Loss: 0.5565, Accuracy: 74.08%, AUC: 0.74 [VAL] Loss: 0.5388, Accuracy: 74.65%, Precision: 0.78, Recall: 0.67, F1-Score: 0.72, AUC: 0.75
Epoch [4/100] - [TRAIN] Loss: 0.5535, Accuracy: 73.96%, AUC: 0.74 [VAL] Loss: 0.5326, Accuracy: 75.31%, Precision: 0.79, Recall: 0.68, F1-Score: 0.73, AUC: 0.75
Epoch [5/100] - [TRAIN] Loss: 0.5509, Accuracy: 74.38%, AUC: 0.74 [VAL] Loss: 0.5338, Accuracy: 75.33%, Precision: 0.78, Recall: 0.69, F1-Score: 0.73, AUC: 0.75
Epoch [6/100] - [TRAIN] Loss: 0.5429, Accuracy: 74.67%, AUC: 0.75 [VAL] Loss: 0.5392, Accuracy: 74.85%, Precision: 0.77, Recall: 0.68, F1-Score: 0.72, AUC: 0.75
Epoch [7/100] - [TRAIN] Loss: 0.5450, Accuracy: 74.34%, AUC: 0.74 [VAL] Loss: 0.5466, Accuracy: 74.03%, Precision: 0.77, Recall: 0.67, F1-Score: 0.72, AUC: 0.74
Epoch [8/100] - [TRAIN] Loss: 0.5448, Accuracy: 74.36%, AUC: 0.74 [VAL] Loss: 0.5314, Accuracy: 75.18%, Precision: 0.79, Recall: 0.68, F1-Score: 0.73, AUC: 0.75
Epoch [9/100] - [TRAIN] Loss: 0.5456, Accuracy: 74.16%, AUC: 0.74 [VAL] Loss: 0.5330, Accuracy: 74.74%, Precision: 0.77, Recall: 0.69, F1-Score: 0.73, AUC: 0.75
Epoch [10/100] - [TRAIN] Loss: 0.5411, Accuracy: 74.57%, AUC: 0.74 [VAL] Loss: 0.5265, Accuracy: 75.30%, Precision: 0.78, Recall: 0.68, F1-Score: 0.73, AUC: 0.75
Epoch [11/100] - [TRAIN] Loss: 0.5420, Accuracy: 74.48%, AUC: 0.74 [VAL] Loss: 0.5294, Accuracy: 75.21%, Precision: 0.78, Recall: 0.68, F1-Score: 0.73, AUC: 0.75
Epoch [12/100] - [TRAIN] Loss: 0.5404, Accuracy: 74.92%, AUC: 0.75 [VAL] Loss: 0.5190, Accuracy: 76.45%, Precision: 0.79, Recall: 0.69, F1-Score: 0.74, AUC: 0.76
Epoch [13/100] - [TRAIN] Loss: 0.5427, Accuracy: 74.54%, AUC: 0.74 [VAL] Loss: 0.5343, Accuracy: 74.79%, Precision: 0.78, Recall: 0.68, F1-Score: 0.73, AUC: 0.75
Epoch [14/100] - [TRAIN] Loss: 0.5409, Accuracy: 74.41%, AUC: 0.74 [VAL] Loss: 0.5259, Accuracy: 74.58%, Precision: 0.78, Recall: 0.67, F1-Score: 0.72, AUC: 0.74
Epoch [15/100] - [TRAIN] Loss: 0.5411, Accuracy: 74.54%, AUC: 0.74 [VAL] Loss: 0.5364, Accuracy: 75.38%, Precision: 0.79, Recall: 0.68, F1-Score: 0.73, AUC: 0.75
Epoch [16/100] - [TRAIN] Loss: 0.5411, Accuracy: 74.59%, AUC: 0.74 [VAL] Loss: 0.5225, Accuracy: 75.77%, Precision: 0.78, Recall: 0.69, F1-Score: 0.73, AUC: 0.76
Epoch [17/100] - [TRAIN] Loss: 0.5379, Accuracy: 74.69%, AUC: 0.75 [VAL] Loss: 0.5298, Accuracy: 75.22%, Precision: 0.78, Recall: 0.68, F1-Score: 0.73, AUC: 0.75
Epoch [18/100] - [TRAIN] Loss: 0.5378, Accuracy: 74.66%, AUC: 0.75 [VAL] Loss: 0.5331, Accuracy: 74.60%, Precision: 0.77, Recall: 0.68, F1-Score: 0.72, AUC: 0.74
Epoch [19/100] - [TRAIN] Loss: 0.5384, Accuracy: 74.60%, AUC: 0.74 [VAL] Loss: 0.5311, Accuracy: 75.21%, Precision: 0.78, Recall: 0.68, F1-Score: 0.73, AUC: 0.75
Epoch [20/100] - [TRAIN] Loss: 0.5416, Accuracy: 74.35%, AUC: 0.74 [VAL] Loss: 0.5301, Accuracy: 74.99%, Precision: 0.79, Recall: 0.68, F1-Score: 0.73, AUC: 0.75
Epoch [21/100] - [TRAIN] Loss: 0.5384, Accuracy: 74.67%, AUC: 0.75 [VAL] Loss: 0.5249, Accuracy: 75.47%, Precision: 0.79, Recall: 0.69, F1-Score: 0.73, AUC: 0.75
Epoch [22/100] - [TRAIN] Loss: 0.5392, Accuracy: 74.67%, AUC: 0.75 [VAL] Loss: 0.5304, Accuracy: 75.31%, Precision: 0.78, Recall: 0.68, F1-Score: 0.73, AUC: 0.75
Epoch [23/100] - [TRAIN] Loss: 0.5389, Accuracy: 74.45%, AUC: 0.74 [VAL] Loss: 0.5277, Accuracy: 75.53%, Precision: 0.79, Recall: 0.68, F1-Score: 0.73, AUC: 0.75
Epoch [24/100] - [TRAIN] Loss: 0.5384, Accuracy: 74.47%, AUC: 0.74 [VAL] Loss: 0.5285, Accuracy: 75.32%, Precision: 0.79, Recall: 0.69, F1-Score: 0.73, AUC: 0.75
Epoch [25/100] - [TRAIN] Loss: 0.5360, Accuracy: 74.82%, AUC: 0.75 [VAL] Loss: 0.5334, Accuracy: 74.52%, Precision: 0.78, Recall: 0.67, F1-Score: 0.72, AUC: 0.74
Epoch [26/100] - [TRAIN] Loss: 0.5423, Accuracy: 74.33%, AUC: 0.74 [VAL] Loss: 0.5280, Accuracy: 75.56%, Precision: 0.80, Recall: 0.69, F1-Score: 0.74, AUC: 0.76
Epoch [27/100] - [TRAIN] Loss: 0.5396, Accuracy: 74.41%, AUC: 0.74 [VAL] Loss: 0.5291, Accuracy: 75.04%, Precision: 0.78, Recall: 0.68, F1-Score: 0.73, AUC: 0.75
Epoch [28/100] - [TRAIN] Loss: 0.5409, Accuracy: 74.36%, AUC: 0.74 [VAL] Loss: 0.5307, Accuracy: 74.98%, Precision: 0.78, Recall: 0.68, F1-Score: 0.73, AUC: 0.75
Epoch [29/100] - [TRAIN] Loss: 0.5410, Accuracy: 74.31%, AUC: 0.74 [VAL] Loss: 0.5223, Accuracy: 75.79%, Precision: 0.78, Recall: 0.69, F1-Score: 0.73, AUC: 0.76
Epoch [30/100] - [TRAIN] Loss: 0.5378, Accuracy: 74.77%, AUC: 0.75 [VAL] Loss: 0.5210, Accuracy: 75.66%, Precision: 0.79, Recall: 0.68, F1-Score: 0.73, AUC: 0.76
Epoch [31/100] - [TRAIN] Loss: 0.5398, Accuracy: 74.31%, AUC: 0.74 [VAL] Loss: 0.5277, Accuracy: 75.49%, Precision: 0.78, Recall: 0.69, F1-Score: 0.73, AUC: 0.75
Epoch [32/100] - [TRAIN] Loss: 0.5370, Accuracy: 74.65%, AUC: 0.75 [VAL] Loss: 0.5279, Accuracy: 74.67%, Precision: 0.77, Recall: 0.68, F1-Score: 0.72, AUC: 0.74
Epoch [33/100] - [TRAIN] Loss: 0.5394, Accuracy: 74.52%, AUC: 0.74 [VAL] Loss: 0.5269, Accuracy: 75.71%, Precision: 0.78, Recall: 0.69, F1-Score: 0.73, AUC: 0.75
Epoch [34/100] - [TRAIN] Loss: 0.5391, Accuracy: 74.64%, AUC: 0.75 [VAL] Loss: 0.5302, Accuracy: 75.01%, Precision: 0.79, Recall: 0.67, F1-Score: 0.73, AUC: 0.75
Epoch [35/100] - [TRAIN] Loss: 0.5366, Accuracy: 74.69%, AUC: 0.75 [VAL] Loss: 0.5329, Accuracy: 74.32%, Precision: 0.77, Recall: 0.67, F1-Score: 0.72, AUC: 0.74
Epoch [36/100] - [TRAIN] Loss: 0.5380, Accuracy: 74.73%, AUC: 0.75 [VAL] Loss: 0.5332, Accuracy: 74.61%, Precision: 0.77, Recall: 0.67, F1-Score: 0.72, AUC: 0.74
Epoch [37/100] - [TRAIN] Loss: 0.5362, Accuracy: 74.74%, AUC: 0.75 [VAL] Loss: 0.5231, Accuracy: 76.19%, Precision: 0.80, Recall: 0.68, F1-Score: 0.74, AUC: 0.76
Epoch [38/100] - [TRAIN] Loss: 0.5381, Accuracy: 74.82%, AUC: 0.75 [VAL] Loss: 0.5362, Accuracy: 74.63%, Precision: 0.77, Recall: 0.68, F1-Score: 0.72, AUC: 0.74
Epoch [39/100] - [TRAIN] Loss: 0.5376, Accuracy: 74.69%, AUC: 0.75 [VAL] Loss: 0.5315, Accuracy: 75.31%, Precision: 0.78, Recall: 0.68, F1-Score: 0.73, AUC: 0.75
Epoch [40/100] - [TRAIN] Loss: 0.5358, Accuracy: 74.67%, AUC: 0.75 [VAL] Loss: 0.5264, Accuracy: 75.54%, Precision: 0.79, Recall: 0.69, F1-Score: 0.73, AUC: 0.75
Epoch [41/100] - [TRAIN] Loss: 0.5371, Accuracy: 74.69%, AUC: 0.75 [VAL] Loss: 0.5346, Accuracy: 75.01%, Precision: 0.78, Recall: 0.68, F1-Score: 0.73, AUC: 0.75
Epoch [42/100] - [TRAIN] Loss: 0.5402, Accuracy: 74.52%, AUC: 0.74 [VAL] Loss: 0.5347, Accuracy: 75.19%, Precision: 0.78, Recall: 0.69, F1-Score: 0.73, AUC: 0.75
Epoch [43/100] - [TRAIN] Loss: 0.5398, Accuracy: 74.55%, AUC: 0.74 [VAL] Loss: 0.5237, Accuracy: 76.15%, Precision: 0.79, Recall: 0.68, F1-Score: 0.73, AUC: 0.76
Epoch [44/100] - [TRAIN] Loss: 0.5362, Accuracy: 74.88%, AUC: 0.75 [VAL] Loss: 0.5333, Accuracy: 74.78%, Precision: 0.78, Recall: 0.68, F1-Score: 0.73, AUC: 0.75
Epoch [45/100] - [TRAIN] Loss: 0.5367, Accuracy: 74.77%, AUC: 0.75 [VAL] Loss: 0.5325, Accuracy: 75.35%, Precision: 0.79, Recall: 0.69, F1-Score: 0.73, AUC: 0.75
Epoch [46/100] - [TRAIN] Loss: 0.5360, Accuracy: 74.84%, AUC: 0.75 [VAL] Loss: 0.5258, Accuracy: 75.08%, Precision: 0.78, Recall: 0.68, F1-Score: 0.72, AUC: 0.75
Epoch [47/100] - [TRAIN] Loss: 0.5391, Accuracy: 74.49%, AUC: 0.74 [VAL] Loss: 0.5244, Accuracy: 75.08%, Precision: 0.78, Recall: 0.68, F1-Score: 0.73, AUC: 0.75
Epoch [48/100] - [TRAIN] Loss: 0.5379, Accuracy: 74.52%, AUC: 0.74 [VAL] Loss: 0.5317, Accuracy: 75.19%, Precision: 0.78, Recall: 0.69, F1-Score: 0.73, AUC: 0.75
Epoch [49/100] - [TRAIN] Loss: 0.5379, Accuracy: 74.71%, AUC: 0.75 [VAL] Loss: 0.5241, Accuracy: 75.77%, Precision: 0.79, Recall: 0.68, F1-Score: 0.73, AUC: 0.76
Epoch [50/100] - [TRAIN] Loss: 0.5344, Accuracy: 74.81%, AUC: 0.75 [VAL] Loss: 0.5203, Accuracy: 76.19%, Precision: 0.79, Recall: 0.69, F1-Score: 0.74, AUC: 0.76
Epoch [51/100] - [TRAIN] Loss: 0.5411, Accuracy: 74.37%, AUC: 0.74 [VAL] Loss: 0.5244, Accuracy: 75.91%, Precision: 0.79, Recall: 0.69, F1-Score: 0.73, AUC: 0.76
Epoch [52/100] - [TRAIN] Loss: 0.5392, Accuracy: 74.45%, AUC: 0.74 [VAL] Loss: 0.5372, Accuracy: 74.96%, Precision: 0.77, Recall: 0.68, F1-Score: 0.72, AUC: 0.75
Epoch [53/100] - [TRAIN] Loss: 0.5409, Accuracy: 74.50%, AUC: 0.74 [VAL] Loss: 0.5282, Accuracy: 75.33%, Precision: 0.79, Recall: 0.68, F1-Score: 0.73, AUC: 0.75
Epoch [54/100] - [TRAIN] Loss: 0.5385, Accuracy: 74.75%, AUC: 0.75 [VAL] Loss: 0.5218, Accuracy: 75.55%, Precision: 0.78, Recall: 0.69, F1-Score: 0.73, AUC: 0.75
Epoch [55/100] - [TRAIN] Loss: 0.5396, Accuracy: 74.81%, AUC: 0.75 [VAL] Loss: 0.5367, Accuracy: 74.72%, Precision: 0.77, Recall: 0.68, F1-Score: 0.72, AUC: 0.75
Epoch [56/100] - [TRAIN] Loss: 0.5383, Accuracy: 74.42%, AUC: 0.74 [VAL] Loss: 0.5272, Accuracy: 75.45%, Precision: 0.78, Recall: 0.68, F1-Score: 0.73, AUC: 0.75
Epoch [57/100] - [TRAIN] Loss: 0.5395, Accuracy: 74.46%, AUC: 0.74 [VAL] Loss: 0.5280, Accuracy: 75.39%, Precision: 0.78, Recall: 0.69, F1-Score: 0.73, AUC: 0.75
Epoch [58/100] - [TRAIN] Loss: 0.5390, Accuracy: 74.41%, AUC: 0.74 [VAL] Loss: 0.5322, Accuracy: 74.60%, Precision: 0.78, Recall: 0.67, F1-Score: 0.72, AUC: 0.74
Epoch [59/100] - [TRAIN] Loss: 0.5375, Accuracy: 74.71%, AUC: 0.75 [VAL] Loss: 0.5381, Accuracy: 74.41%, Precision: 0.79, Recall: 0.67, F1-Score: 0.72, AUC: 0.74
Epoch [60/100] - [TRAIN] Loss: 0.5379, Accuracy: 74.66%, AUC: 0.75 [VAL] Loss: 0.5305, Accuracy: 74.87%, Precision: 0.77, Recall: 0.67, F1-Score: 0.72, AUC: 0.75
Epoch [61/100] - [TRAIN] Loss: 0.5375, Accuracy: 74.61%, AUC: 0.74 [VAL] Loss: 0.5265, Accuracy: 75.53%, Precision: 0.78, Recall: 0.68, F1-Score: 0.73, AUC: 0.75
Epoch [62/100] - [TRAIN] Loss: 0.5358, Accuracy: 74.90%, AUC: 0.75 [VAL] Loss: 0.5388, Accuracy: 74.80%, Precision: 0.77, Recall: 0.68, F1-Score: 0.72, AUC: 0.75
Epoch [63/100] - [TRAIN] Loss: 0.5387, Accuracy: 74.59%, AUC: 0.74 [VAL] Loss: 0.5303, Accuracy: 75.36%, Precision: 0.78, Recall: 0.68, F1-Score: 0.73, AUC: 0.75
Epoch [64/100] - [TRAIN] Loss: 0.5363, Accuracy: 74.76%, AUC: 0.75 [VAL] Loss: 0.5286, Accuracy: 75.40%, Precision: 0.78, Recall: 0.68, F1-Score: 0.73, AUC: 0.75
Epoch [65/100] - [TRAIN] Loss: 0.5388, Accuracy: 74.59%, AUC: 0.74 [VAL] Loss: 0.5277, Accuracy: 75.50%, Precision: 0.79, Recall: 0.69, F1-Score: 0.73, AUC: 0.75
Epoch [66/100] - [TRAIN] Loss: 0.5356, Accuracy: 74.94%, AUC: 0.75 [VAL] Loss: 0.5296, Accuracy: 74.97%, Precision: 0.77, Recall: 0.69, F1-Score: 0.73, AUC: 0.75
Epoch [67/100] - [TRAIN] Loss: 0.5367, Accuracy: 74.77%, AUC: 0.75 [VAL] Loss: 0.5265, Accuracy: 75.21%, Precision: 0.78, Recall: 0.68, F1-Score: 0.73, AUC: 0.75
Epoch [68/100] - [TRAIN] Loss: 0.5351, Accuracy: 74.84%, AUC: 0.75 [VAL] Loss: 0.5238, Accuracy: 75.30%, Precision: 0.78, Recall: 0.69, F1-Score: 0.73, AUC: 0.75
Epoch [69/100] - [TRAIN] Loss: 0.5377, Accuracy: 74.57%, AUC: 0.74 [VAL] Loss: 0.5324, Accuracy: 74.95%, Precision: 0.77, Recall: 0.68, F1-Score: 0.72, AUC: 0.75
Epoch [70/100] - [TRAIN] Loss: 0.5368, Accuracy: 74.55%, AUC: 0.74 [VAL] Loss: 0.5339, Accuracy: 75.34%, Precision: 0.79, Recall: 0.68, F1-Score: 0.73, AUC: 0.75
Epoch [71/100] - [TRAIN] Loss: 0.5349, Accuracy: 74.80%, AUC: 0.75 [VAL] Loss: 0.5250, Accuracy: 75.49%, Precision: 0.78, Recall: 0.69, F1-Score: 0.73, AUC: 0.75
Epoch [72/100] - [TRAIN] Loss: 0.5387, Accuracy: 74.55%, AUC: 0.74 [VAL] Loss: 0.5300, Accuracy: 75.30%, Precision: 0.78, Recall: 0.69, F1-Score: 0.73, AUC: 0.75
Epoch [73/100] - [TRAIN] Loss: 0.5387, Accuracy: 74.70%, AUC: 0.75 [VAL] Loss: 0.5244, Accuracy: 75.44%, Precision: 0.78, Recall: 0.69, F1-Score: 0.73, AUC: 0.75
Epoch [74/100] - [TRAIN] Loss: 0.5371, Accuracy: 74.34%, AUC: 0.74 [VAL] Loss: 0.5257, Accuracy: 75.18%, Precision: 0.78, Recall: 0.69, F1-Score: 0.73, AUC: 0.75
Epoch [75/100] - [TRAIN] Loss: 0.5390, Accuracy: 74.53%, AUC: 0.74 [VAL] Loss: 0.5258, Accuracy: 75.43%, Precision: 0.78, Recall: 0.69, F1-Score: 0.73, AUC: 0.75
Epoch [76/100] - [TRAIN] Loss: 0.5376, Accuracy: 74.61%, AUC: 0.74 [VAL] Loss: 0.5259, Accuracy: 75.30%, Precision: 0.78, Recall: 0.68, F1-Score: 0.73, AUC: 0.75
Epoch [77/100] - [TRAIN] Loss: 0.5378, Accuracy: 74.69%, AUC: 0.75 [VAL] Loss: 0.5251, Accuracy: 75.92%, Precision: 0.78, Recall: 0.69, F1-Score: 0.73, AUC: 0.76
Epoch [78/100] - [TRAIN] Loss: 0.5388, Accuracy: 74.36%, AUC: 0.74 [VAL] Loss: 0.5208, Accuracy: 76.06%, Precision: 0.78, Recall: 0.69, F1-Score: 0.73, AUC: 0.76
Epoch [79/100] - [TRAIN] Loss: 0.5397, Accuracy: 74.60%, AUC: 0.74 [VAL] Loss: 0.5224, Accuracy: 75.57%, Precision: 0.79, Recall: 0.68, F1-Score: 0.73, AUC: 0.75
Epoch [80/100] - [TRAIN] Loss: 0.5431, Accuracy: 74.44%, AUC: 0.74 [VAL] Loss: 0.5355, Accuracy: 75.39%, Precision: 0.78, Recall: 0.69, F1-Score: 0.73, AUC: 0.75
Epoch [81/100] - [TRAIN] Loss: 0.5398, Accuracy: 74.42%, AUC: 0.74 [VAL] Loss: 0.5358, Accuracy: 74.85%, Precision: 0.79, Recall: 0.67, F1-Score: 0.72, AUC: 0.75
Epoch [82/100] - [TRAIN] Loss: 0.5371, Accuracy: 74.51%, AUC: 0.74 [VAL] Loss: 0.5234, Accuracy: 75.01%, Precision: 0.77, Recall: 0.68, F1-Score: 0.73, AUC: 0.75
Epoch [83/100] - [TRAIN] Loss: 0.5357, Accuracy: 74.61%, AUC: 0.74 [VAL] Loss: 0.5308, Accuracy: 75.11%, Precision: 0.77, Recall: 0.69, F1-Score: 0.73, AUC: 0.75
Epoch [84/100] - [TRAIN] Loss: 0.5403, Accuracy: 74.36%, AUC: 0.74 [VAL] Loss: 0.5282, Accuracy: 75.46%, Precision: 0.79, Recall: 0.69, F1-Score: 0.73, AUC: 0.75
Epoch [85/100] - [TRAIN] Loss: 0.5401, Accuracy: 74.55%, AUC: 0.74 [VAL] Loss: 0.5310, Accuracy: 75.14%, Precision: 0.78, Recall: 0.68, F1-Score: 0.73, AUC: 0.75
Epoch [86/100] - [TRAIN] Loss: 0.5405, Accuracy: 74.42%, AUC: 0.74 [VAL] Loss: 0.5245, Accuracy: 75.46%, Precision: 0.79, Recall: 0.68, F1-Score: 0.73, AUC: 0.75
Epoch [87/100] - [TRAIN] Loss: 0.5390, Accuracy: 74.75%, AUC: 0.75 [VAL] Loss: 0.5216, Accuracy: 75.58%, Precision: 0.79, Recall: 0.68, F1-Score: 0.73, AUC: 0.75
Epoch [88/100] - [TRAIN] Loss: 0.5370, Accuracy: 74.69%, AUC: 0.75 [VAL] Loss: 0.5202, Accuracy: 75.82%, Precision: 0.79, Recall: 0.69, F1-Score: 0.74, AUC: 0.76
Epoch [89/100] - [TRAIN] Loss: 0.5358, Accuracy: 74.84%, AUC: 0.75 [VAL] Loss: 0.5192, Accuracy: 75.34%, Precision: 0.79, Recall: 0.69, F1-Score: 0.73, AUC: 0.75
Epoch [90/100] - [TRAIN] Loss: 0.5353, Accuracy: 74.89%, AUC: 0.75 [VAL] Loss: 0.5307, Accuracy: 74.78%, Precision: 0.77, Recall: 0.67, F1-Score: 0.72, AUC: 0.74
Epoch [91/100] - [TRAIN] Loss: 0.5379, Accuracy: 74.55%, AUC: 0.74 [VAL] Loss: 0.5286, Accuracy: 75.32%, Precision: 0.78, Recall: 0.69, F1-Score: 0.73, AUC: 0.75
Epoch [92/100] - [TRAIN] Loss: 0.5408, Accuracy: 74.46%, AUC: 0.74 [VAL] Loss: 0.5240, Accuracy: 75.46%, Precision: 0.78, Recall: 0.69, F1-Score: 0.73, AUC: 0.75
Epoch [93/100] - [TRAIN] Loss: 0.5393, Accuracy: 74.52%, AUC: 0.74 [VAL] Loss: 0.5231, Accuracy: 75.68%, Precision: 0.78, Recall: 0.69, F1-Score: 0.73, AUC: 0.75
Epoch [94/100] - [TRAIN] Loss: 0.5351, Accuracy: 74.91%, AUC: 0.75 [VAL] Loss: 0.5236, Accuracy: 75.63%, Precision: 0.79, Recall: 0.69, F1-Score: 0.74, AUC: 0.76
Epoch [95/100] - [TRAIN] Loss: 0.5369, Accuracy: 74.69%, AUC: 0.75 [VAL] Loss: 0.5267, Accuracy: 75.70%, Precision: 0.79, Recall: 0.69, F1-Score: 0.74, AUC: 0.76
Epoch [96/100] - [TRAIN] Loss: 0.5401, Accuracy: 74.57%, AUC: 0.74 [VAL] Loss: 0.5224, Accuracy: 75.89%, Precision: 0.79, Recall: 0.69, F1-Score: 0.73, AUC: 0.76
Epoch [97/100] - [TRAIN] Loss: 0.5389, Accuracy: 74.50%, AUC: 0.74 [VAL] Loss: 0.5274, Accuracy: 75.05%, Precision: 0.77, Recall: 0.69, F1-Score: 0.73, AUC: 0.75
Epoch [98/100] - [TRAIN] Loss: 0.5389, Accuracy: 74.60%, AUC: 0.74 [VAL] Loss: 0.5319, Accuracy: 75.16%, Precision: 0.78, Recall: 0.69, F1-Score: 0.73, AUC: 0.75
Epoch [99/100] - [TRAIN] Loss: 0.5399, Accuracy: 74.61%, AUC: 0.74 [VAL] Loss: 0.5319, Accuracy: 75.12%, Precision: 0.78, Recall: 0.69, F1-Score: 0.73, AUC: 0.75
Epoch [100/100] - [TRAIN] Loss: 0.5374, Accuracy: 74.49%, AUC: 0.74 [VAL] Loss: 0.5290, Accuracy: 75.58%, Precision: 0.79, Recall: 0.68, F1-Score: 0.73, AUC: 0.75
Accuracy Score on test set: 74.66 %
    AUC Score on test set: 0.75
    Precision: 0.7809
    Recall: 0.6784
    F1-Score: 0.7261

    Detailed Classification Report:
                  precision    recall  f1-score   support

           0       0.72      0.81      0.76      5050
           1       0.78      0.68      0.73      4950

    accuracy                           0.75     10000
   macro avg       0.75      0.75      0.75     10000
weighted avg       0.75      0.75      0.75     10000


    Confusion Matrix:
    [[4108  942]
 [1592 3358]]
    
027-H3K4me3-H3K9ac-H3K27ac-H3K27me3
Epoch [1/100] - [TRAIN] Loss: 0.5830, Accuracy: 71.58%, AUC: 0.72 [VAL] Loss: 0.5436, Accuracy: 73.60%, Precision: 0.71, Recall: 0.81, F1-Score: 0.75, AUC: 0.74
Epoch [2/100] - [TRAIN] Loss: 0.5512, Accuracy: 73.17%, AUC: 0.73 [VAL] Loss: 0.5409, Accuracy: 73.73%, Precision: 0.71, Recall: 0.77, F1-Score: 0.74, AUC: 0.74
Epoch [3/100] - [TRAIN] Loss: 0.5409, Accuracy: 74.23%, AUC: 0.74 [VAL] Loss: 0.5381, Accuracy: 75.33%, Precision: 0.76, Recall: 0.71, F1-Score: 0.74, AUC: 0.75
Epoch [4/100] - [TRAIN] Loss: 0.5387, Accuracy: 74.83%, AUC: 0.75 [VAL] Loss: 0.5232, Accuracy: 76.12%, Precision: 0.79, Recall: 0.70, F1-Score: 0.74, AUC: 0.76
Epoch [5/100] - [TRAIN] Loss: 0.5400, Accuracy: 75.16%, AUC: 0.75 [VAL] Loss: 0.5281, Accuracy: 76.07%, Precision: 0.78, Recall: 0.72, F1-Score: 0.74, AUC: 0.76
Epoch [6/100] - [TRAIN] Loss: 0.5356, Accuracy: 75.19%, AUC: 0.75 [VAL] Loss: 0.5211, Accuracy: 75.94%, Precision: 0.78, Recall: 0.71, F1-Score: 0.74, AUC: 0.76
Epoch [7/100] - [TRAIN] Loss: 0.5348, Accuracy: 75.07%, AUC: 0.75 [VAL] Loss: 0.5188, Accuracy: 75.66%, Precision: 0.79, Recall: 0.69, F1-Score: 0.74, AUC: 0.76
Epoch [8/100] - [TRAIN] Loss: 0.5324, Accuracy: 75.33%, AUC: 0.75 [VAL] Loss: 0.5221, Accuracy: 75.19%, Precision: 0.78, Recall: 0.68, F1-Score: 0.73, AUC: 0.75
Epoch [9/100] - [TRAIN] Loss: 0.5299, Accuracy: 75.49%, AUC: 0.75 [VAL] Loss: 0.5145, Accuracy: 76.52%, Precision: 0.80, Recall: 0.69, F1-Score: 0.74, AUC: 0.76
Epoch [10/100] - [TRAIN] Loss: 0.5269, Accuracy: 75.44%, AUC: 0.75 [VAL] Loss: 0.5229, Accuracy: 75.17%, Precision: 0.77, Recall: 0.70, F1-Score: 0.73, AUC: 0.75
Epoch [11/100] - [TRAIN] Loss: 0.5318, Accuracy: 75.32%, AUC: 0.75 [VAL] Loss: 0.5159, Accuracy: 75.94%, Precision: 0.78, Recall: 0.70, F1-Score: 0.74, AUC: 0.76
Epoch [12/100] - [TRAIN] Loss: 0.5302, Accuracy: 75.40%, AUC: 0.75 [VAL] Loss: 0.5087, Accuracy: 76.60%, Precision: 0.79, Recall: 0.70, F1-Score: 0.74, AUC: 0.76
Epoch [13/100] - [TRAIN] Loss: 0.5292, Accuracy: 75.36%, AUC: 0.75 [VAL] Loss: 0.5258, Accuracy: 75.42%, Precision: 0.78, Recall: 0.69, F1-Score: 0.73, AUC: 0.75
Epoch [14/100] - [TRAIN] Loss: 0.5293, Accuracy: 75.39%, AUC: 0.75 [VAL] Loss: 0.5196, Accuracy: 75.94%, Precision: 0.79, Recall: 0.70, F1-Score: 0.74, AUC: 0.76
Epoch [15/100] - [TRAIN] Loss: 0.5270, Accuracy: 75.44%, AUC: 0.75 [VAL] Loss: 0.5134, Accuracy: 75.47%, Precision: 0.80, Recall: 0.68, F1-Score: 0.73, AUC: 0.75
Epoch [16/100] - [TRAIN] Loss: 0.5298, Accuracy: 75.25%, AUC: 0.75 [VAL] Loss: 0.5147, Accuracy: 75.73%, Precision: 0.79, Recall: 0.68, F1-Score: 0.73, AUC: 0.76
Epoch [17/100] - [TRAIN] Loss: 0.5248, Accuracy: 75.47%, AUC: 0.75 [VAL] Loss: 0.5205, Accuracy: 75.89%, Precision: 0.79, Recall: 0.69, F1-Score: 0.74, AUC: 0.76
Epoch [18/100] - [TRAIN] Loss: 0.5255, Accuracy: 75.61%, AUC: 0.75 [VAL] Loss: 0.5130, Accuracy: 75.96%, Precision: 0.79, Recall: 0.68, F1-Score: 0.73, AUC: 0.76
Epoch [19/100] - [TRAIN] Loss: 0.5269, Accuracy: 75.25%, AUC: 0.75 [VAL] Loss: 0.5107, Accuracy: 75.86%, Precision: 0.79, Recall: 0.70, F1-Score: 0.74, AUC: 0.76
Epoch [20/100] - [TRAIN] Loss: 0.5249, Accuracy: 75.48%, AUC: 0.75 [VAL] Loss: 0.5205, Accuracy: 75.20%, Precision: 0.79, Recall: 0.68, F1-Score: 0.73, AUC: 0.75
Epoch [21/100] - [TRAIN] Loss: 0.5254, Accuracy: 75.47%, AUC: 0.75 [VAL] Loss: 0.5128, Accuracy: 75.87%, Precision: 0.79, Recall: 0.70, F1-Score: 0.74, AUC: 0.76
Epoch [22/100] - [TRAIN] Loss: 0.5231, Accuracy: 75.60%, AUC: 0.75 [VAL] Loss: 0.5245, Accuracy: 75.79%, Precision: 0.79, Recall: 0.69, F1-Score: 0.74, AUC: 0.76
Epoch [23/100] - [TRAIN] Loss: 0.5260, Accuracy: 75.36%, AUC: 0.75 [VAL] Loss: 0.5150, Accuracy: 76.32%, Precision: 0.80, Recall: 0.70, F1-Score: 0.75, AUC: 0.76
Epoch [24/100] - [TRAIN] Loss: 0.5252, Accuracy: 75.34%, AUC: 0.75 [VAL] Loss: 0.5129, Accuracy: 75.54%, Precision: 0.79, Recall: 0.69, F1-Score: 0.74, AUC: 0.75
Epoch [25/100] - [TRAIN] Loss: 0.5255, Accuracy: 75.43%, AUC: 0.75 [VAL] Loss: 0.5202, Accuracy: 75.32%, Precision: 0.79, Recall: 0.68, F1-Score: 0.73, AUC: 0.75
Epoch [26/100] - [TRAIN] Loss: 0.5258, Accuracy: 75.35%, AUC: 0.75 [VAL] Loss: 0.5195, Accuracy: 76.13%, Precision: 0.80, Recall: 0.68, F1-Score: 0.74, AUC: 0.76
Epoch [27/100] - [TRAIN] Loss: 0.5212, Accuracy: 75.55%, AUC: 0.75 [VAL] Loss: 0.5184, Accuracy: 75.85%, Precision: 0.79, Recall: 0.69, F1-Score: 0.73, AUC: 0.76
Epoch [28/100] - [TRAIN] Loss: 0.5237, Accuracy: 75.60%, AUC: 0.75 [VAL] Loss: 0.5086, Accuracy: 76.16%, Precision: 0.80, Recall: 0.69, F1-Score: 0.74, AUC: 0.76
Epoch [29/100] - [TRAIN] Loss: 0.5226, Accuracy: 75.40%, AUC: 0.75 [VAL] Loss: 0.5227, Accuracy: 75.13%, Precision: 0.77, Recall: 0.68, F1-Score: 0.73, AUC: 0.75
Epoch [30/100] - [TRAIN] Loss: 0.5224, Accuracy: 75.56%, AUC: 0.75 [VAL] Loss: 0.5139, Accuracy: 76.14%, Precision: 0.79, Recall: 0.69, F1-Score: 0.74, AUC: 0.76
Epoch [31/100] - [TRAIN] Loss: 0.5246, Accuracy: 75.29%, AUC: 0.75 [VAL] Loss: 0.5157, Accuracy: 76.33%, Precision: 0.79, Recall: 0.70, F1-Score: 0.74, AUC: 0.76
Epoch [32/100] - [TRAIN] Loss: 0.5223, Accuracy: 75.37%, AUC: 0.75 [VAL] Loss: 0.5180, Accuracy: 75.50%, Precision: 0.79, Recall: 0.68, F1-Score: 0.73, AUC: 0.75
Epoch [33/100] - [TRAIN] Loss: 0.5272, Accuracy: 75.12%, AUC: 0.75 [VAL] Loss: 0.5219, Accuracy: 75.17%, Precision: 0.78, Recall: 0.68, F1-Score: 0.73, AUC: 0.75
Epoch [34/100] - [TRAIN] Loss: 0.5247, Accuracy: 75.39%, AUC: 0.75 [VAL] Loss: 0.5159, Accuracy: 75.99%, Precision: 0.80, Recall: 0.69, F1-Score: 0.74, AUC: 0.76
Epoch [35/100] - [TRAIN] Loss: 0.5251, Accuracy: 75.34%, AUC: 0.75 [VAL] Loss: 0.5185, Accuracy: 75.59%, Precision: 0.78, Recall: 0.69, F1-Score: 0.73, AUC: 0.75
Epoch [36/100] - [TRAIN] Loss: 0.5283, Accuracy: 75.12%, AUC: 0.75 [VAL] Loss: 0.5160, Accuracy: 76.32%, Precision: 0.79, Recall: 0.70, F1-Score: 0.74, AUC: 0.76
Epoch [37/100] - [TRAIN] Loss: 0.5255, Accuracy: 75.41%, AUC: 0.75 [VAL] Loss: 0.5212, Accuracy: 75.35%, Precision: 0.79, Recall: 0.68, F1-Score: 0.73, AUC: 0.75
Epoch [38/100] - [TRAIN] Loss: 0.5229, Accuracy: 75.38%, AUC: 0.75 [VAL] Loss: 0.5247, Accuracy: 75.98%, Precision: 0.79, Recall: 0.69, F1-Score: 0.74, AUC: 0.76
Epoch [39/100] - [TRAIN] Loss: 0.5228, Accuracy: 75.55%, AUC: 0.75 [VAL] Loss: 0.5139, Accuracy: 76.16%, Precision: 0.79, Recall: 0.70, F1-Score: 0.74, AUC: 0.76
Epoch [40/100] - [TRAIN] Loss: 0.5264, Accuracy: 75.31%, AUC: 0.75 [VAL] Loss: 0.5168, Accuracy: 75.98%, Precision: 0.79, Recall: 0.68, F1-Score: 0.73, AUC: 0.76
Epoch [41/100] - [TRAIN] Loss: 0.5230, Accuracy: 75.36%, AUC: 0.75 [VAL] Loss: 0.5174, Accuracy: 75.83%, Precision: 0.78, Recall: 0.69, F1-Score: 0.73, AUC: 0.76
Epoch [42/100] - [TRAIN] Loss: 0.5256, Accuracy: 75.48%, AUC: 0.75 [VAL] Loss: 0.5184, Accuracy: 75.72%, Precision: 0.78, Recall: 0.69, F1-Score: 0.74, AUC: 0.76
Epoch [43/100] - [TRAIN] Loss: 0.5278, Accuracy: 75.45%, AUC: 0.75 [VAL] Loss: 0.5152, Accuracy: 75.87%, Precision: 0.79, Recall: 0.70, F1-Score: 0.74, AUC: 0.76
Epoch [44/100] - [TRAIN] Loss: 0.5228, Accuracy: 75.66%, AUC: 0.76 [VAL] Loss: 0.5285, Accuracy: 75.06%, Precision: 0.79, Recall: 0.68, F1-Score: 0.73, AUC: 0.75
Epoch [45/100] - [TRAIN] Loss: 0.5247, Accuracy: 75.59%, AUC: 0.75 [VAL] Loss: 0.5165, Accuracy: 76.20%, Precision: 0.79, Recall: 0.69, F1-Score: 0.74, AUC: 0.76
Epoch [46/100] - [TRAIN] Loss: 0.5219, Accuracy: 75.85%, AUC: 0.76 [VAL] Loss: 0.5061, Accuracy: 76.38%, Precision: 0.80, Recall: 0.70, F1-Score: 0.75, AUC: 0.76
Epoch [47/100] - [TRAIN] Loss: 0.5199, Accuracy: 75.69%, AUC: 0.76 [VAL] Loss: 0.5154, Accuracy: 75.98%, Precision: 0.79, Recall: 0.69, F1-Score: 0.74, AUC: 0.76
Epoch [48/100] - [TRAIN] Loss: 0.5251, Accuracy: 75.33%, AUC: 0.75 [VAL] Loss: 0.5211, Accuracy: 75.63%, Precision: 0.80, Recall: 0.68, F1-Score: 0.74, AUC: 0.76
Epoch [49/100] - [TRAIN] Loss: 0.5255, Accuracy: 75.57%, AUC: 0.75 [VAL] Loss: 0.5183, Accuracy: 75.76%, Precision: 0.79, Recall: 0.70, F1-Score: 0.74, AUC: 0.76
Epoch [50/100] - [TRAIN] Loss: 0.5234, Accuracy: 75.35%, AUC: 0.75 [VAL] Loss: 0.5145, Accuracy: 76.22%, Precision: 0.80, Recall: 0.69, F1-Score: 0.74, AUC: 0.76
Epoch [51/100] - [TRAIN] Loss: 0.5238, Accuracy: 75.48%, AUC: 0.75 [VAL] Loss: 0.5166, Accuracy: 75.61%, Precision: 0.80, Recall: 0.68, F1-Score: 0.74, AUC: 0.76
Epoch [52/100] - [TRAIN] Loss: 0.5242, Accuracy: 75.59%, AUC: 0.75 [VAL] Loss: 0.5198, Accuracy: 75.44%, Precision: 0.78, Recall: 0.69, F1-Score: 0.73, AUC: 0.75
Epoch [53/100] - [TRAIN] Loss: 0.5245, Accuracy: 75.50%, AUC: 0.75 [VAL] Loss: 0.5196, Accuracy: 75.83%, Precision: 0.79, Recall: 0.69, F1-Score: 0.74, AUC: 0.76
Epoch [54/100] - [TRAIN] Loss: 0.5258, Accuracy: 75.30%, AUC: 0.75 [VAL] Loss: 0.5171, Accuracy: 75.86%, Precision: 0.78, Recall: 0.69, F1-Score: 0.74, AUC: 0.76
Epoch [55/100] - [TRAIN] Loss: 0.5236, Accuracy: 75.63%, AUC: 0.76 [VAL] Loss: 0.5123, Accuracy: 76.03%, Precision: 0.79, Recall: 0.69, F1-Score: 0.74, AUC: 0.76
Epoch [56/100] - [TRAIN] Loss: 0.5267, Accuracy: 75.36%, AUC: 0.75 [VAL] Loss: 0.5128, Accuracy: 76.19%, Precision: 0.79, Recall: 0.69, F1-Score: 0.74, AUC: 0.76
Epoch [57/100] - [TRAIN] Loss: 0.5247, Accuracy: 75.49%, AUC: 0.75 [VAL] Loss: 0.5072, Accuracy: 76.87%, Precision: 0.80, Recall: 0.70, F1-Score: 0.75, AUC: 0.77
Epoch [58/100] - [TRAIN] Loss: 0.5234, Accuracy: 75.57%, AUC: 0.75 [VAL] Loss: 0.5198, Accuracy: 75.81%, Precision: 0.80, Recall: 0.69, F1-Score: 0.74, AUC: 0.76
Epoch [59/100] - [TRAIN] Loss: 0.5294, Accuracy: 75.16%, AUC: 0.75 [VAL] Loss: 0.5170, Accuracy: 76.29%, Precision: 0.79, Recall: 0.70, F1-Score: 0.74, AUC: 0.76
Epoch [60/100] - [TRAIN] Loss: 0.5266, Accuracy: 75.42%, AUC: 0.75 [VAL] Loss: 0.5117, Accuracy: 76.80%, Precision: 0.80, Recall: 0.70, F1-Score: 0.75, AUC: 0.77
Epoch [61/100] - [TRAIN] Loss: 0.5231, Accuracy: 75.44%, AUC: 0.75 [VAL] Loss: 0.5107, Accuracy: 76.06%, Precision: 0.79, Recall: 0.70, F1-Score: 0.74, AUC: 0.76
Epoch [62/100] - [TRAIN] Loss: 0.5249, Accuracy: 75.40%, AUC: 0.75 [VAL] Loss: 0.5095, Accuracy: 76.51%, Precision: 0.79, Recall: 0.70, F1-Score: 0.74, AUC: 0.76
Epoch [63/100] - [TRAIN] Loss: 0.5240, Accuracy: 75.58%, AUC: 0.75 [VAL] Loss: 0.5116, Accuracy: 76.56%, Precision: 0.79, Recall: 0.70, F1-Score: 0.74, AUC: 0.76
Epoch [64/100] - [TRAIN] Loss: 0.5257, Accuracy: 75.13%, AUC: 0.75 [VAL] Loss: 0.5133, Accuracy: 76.58%, Precision: 0.79, Recall: 0.70, F1-Score: 0.74, AUC: 0.76
Epoch [65/100] - [TRAIN] Loss: 0.5262, Accuracy: 75.29%, AUC: 0.75 [VAL] Loss: 0.5161, Accuracy: 76.08%, Precision: 0.79, Recall: 0.69, F1-Score: 0.74, AUC: 0.76
Epoch [66/100] - [TRAIN] Loss: 0.5253, Accuracy: 75.42%, AUC: 0.75 [VAL] Loss: 0.5219, Accuracy: 75.74%, Precision: 0.79, Recall: 0.69, F1-Score: 0.73, AUC: 0.76
Epoch [67/100] - [TRAIN] Loss: 0.5261, Accuracy: 75.15%, AUC: 0.75 [VAL] Loss: 0.5110, Accuracy: 76.23%, Precision: 0.79, Recall: 0.69, F1-Score: 0.74, AUC: 0.76
Epoch [68/100] - [TRAIN] Loss: 0.5275, Accuracy: 75.16%, AUC: 0.75 [VAL] Loss: 0.5156, Accuracy: 75.70%, Precision: 0.78, Recall: 0.69, F1-Score: 0.73, AUC: 0.75
Epoch [69/100] - [TRAIN] Loss: 0.5270, Accuracy: 75.45%, AUC: 0.75 [VAL] Loss: 0.5085, Accuracy: 76.19%, Precision: 0.79, Recall: 0.69, F1-Score: 0.74, AUC: 0.76
Epoch [70/100] - [TRAIN] Loss: 0.5257, Accuracy: 75.48%, AUC: 0.75 [VAL] Loss: 0.5261, Accuracy: 75.67%, Precision: 0.79, Recall: 0.69, F1-Score: 0.73, AUC: 0.76
Epoch [71/100] - [TRAIN] Loss: 0.5247, Accuracy: 75.55%, AUC: 0.75 [VAL] Loss: 0.5108, Accuracy: 76.05%, Precision: 0.79, Recall: 0.70, F1-Score: 0.74, AUC: 0.76
Epoch [72/100] - [TRAIN] Loss: 0.5259, Accuracy: 75.34%, AUC: 0.75 [VAL] Loss: 0.5132, Accuracy: 76.17%, Precision: 0.79, Recall: 0.69, F1-Score: 0.74, AUC: 0.76
Epoch [73/100] - [TRAIN] Loss: 0.5261, Accuracy: 75.40%, AUC: 0.75 [VAL] Loss: 0.5193, Accuracy: 75.72%, Precision: 0.79, Recall: 0.69, F1-Score: 0.74, AUC: 0.76
Epoch [74/100] - [TRAIN] Loss: 0.5232, Accuracy: 75.68%, AUC: 0.76 [VAL] Loss: 0.5202, Accuracy: 75.75%, Precision: 0.79, Recall: 0.68, F1-Score: 0.73, AUC: 0.76
Epoch [75/100] - [TRAIN] Loss: 0.5224, Accuracy: 75.47%, AUC: 0.75 [VAL] Loss: 0.5162, Accuracy: 76.48%, Precision: 0.79, Recall: 0.70, F1-Score: 0.74, AUC: 0.76
Epoch [76/100] - [TRAIN] Loss: 0.5278, Accuracy: 75.06%, AUC: 0.75 [VAL] Loss: 0.5201, Accuracy: 76.08%, Precision: 0.79, Recall: 0.70, F1-Score: 0.74, AUC: 0.76
Epoch [77/100] - [TRAIN] Loss: 0.5257, Accuracy: 75.42%, AUC: 0.75 [VAL] Loss: 0.5198, Accuracy: 75.53%, Precision: 0.78, Recall: 0.69, F1-Score: 0.73, AUC: 0.75
Epoch [78/100] - [TRAIN] Loss: 0.5219, Accuracy: 75.69%, AUC: 0.76 [VAL] Loss: 0.5226, Accuracy: 75.15%, Precision: 0.78, Recall: 0.68, F1-Score: 0.73, AUC: 0.75
Epoch [79/100] - [TRAIN] Loss: 0.5274, Accuracy: 75.47%, AUC: 0.75 [VAL] Loss: 0.5154, Accuracy: 75.99%, Precision: 0.79, Recall: 0.70, F1-Score: 0.74, AUC: 0.76
Epoch [80/100] - [TRAIN] Loss: 0.5245, Accuracy: 75.48%, AUC: 0.75 [VAL] Loss: 0.5114, Accuracy: 75.76%, Precision: 0.79, Recall: 0.69, F1-Score: 0.73, AUC: 0.76
Epoch [81/100] - [TRAIN] Loss: 0.5237, Accuracy: 75.57%, AUC: 0.75 [VAL] Loss: 0.5136, Accuracy: 75.89%, Precision: 0.79, Recall: 0.68, F1-Score: 0.73, AUC: 0.76
Epoch [82/100] - [TRAIN] Loss: 0.5259, Accuracy: 75.34%, AUC: 0.75 [VAL] Loss: 0.5100, Accuracy: 76.54%, Precision: 0.79, Recall: 0.71, F1-Score: 0.75, AUC: 0.76
Epoch [83/100] - [TRAIN] Loss: 0.5256, Accuracy: 75.66%, AUC: 0.75 [VAL] Loss: 0.5201, Accuracy: 75.80%, Precision: 0.78, Recall: 0.69, F1-Score: 0.73, AUC: 0.76
Epoch [84/100] - [TRAIN] Loss: 0.5271, Accuracy: 75.26%, AUC: 0.75 [VAL] Loss: 0.5140, Accuracy: 75.72%, Precision: 0.79, Recall: 0.69, F1-Score: 0.73, AUC: 0.76
Epoch [85/100] - [TRAIN] Loss: 0.5253, Accuracy: 75.56%, AUC: 0.75 [VAL] Loss: 0.5158, Accuracy: 75.65%, Precision: 0.79, Recall: 0.68, F1-Score: 0.73, AUC: 0.75
Epoch [86/100] - [TRAIN] Loss: 0.5254, Accuracy: 75.42%, AUC: 0.75 [VAL] Loss: 0.5095, Accuracy: 76.31%, Precision: 0.79, Recall: 0.69, F1-Score: 0.74, AUC: 0.76
Epoch [87/100] - [TRAIN] Loss: 0.5251, Accuracy: 75.39%, AUC: 0.75 [VAL] Loss: 0.5162, Accuracy: 75.52%, Precision: 0.79, Recall: 0.69, F1-Score: 0.74, AUC: 0.75
Epoch [88/100] - [TRAIN] Loss: 0.5224, Accuracy: 75.46%, AUC: 0.75 [VAL] Loss: 0.5180, Accuracy: 75.93%, Precision: 0.79, Recall: 0.69, F1-Score: 0.74, AUC: 0.76
Epoch [89/100] - [TRAIN] Loss: 0.5227, Accuracy: 75.63%, AUC: 0.75 [VAL] Loss: 0.5171, Accuracy: 75.98%, Precision: 0.79, Recall: 0.69, F1-Score: 0.74, AUC: 0.76
Epoch [90/100] - [TRAIN] Loss: 0.5225, Accuracy: 75.45%, AUC: 0.75 [VAL] Loss: 0.5140, Accuracy: 75.81%, Precision: 0.80, Recall: 0.69, F1-Score: 0.74, AUC: 0.76
Epoch [91/100] - [TRAIN] Loss: 0.5250, Accuracy: 75.40%, AUC: 0.75 [VAL] Loss: 0.5162, Accuracy: 76.32%, Precision: 0.79, Recall: 0.69, F1-Score: 0.74, AUC: 0.76
Epoch [92/100] - [TRAIN] Loss: 0.5253, Accuracy: 75.50%, AUC: 0.75 [VAL] Loss: 0.5190, Accuracy: 75.95%, Precision: 0.78, Recall: 0.70, F1-Score: 0.74, AUC: 0.76
Epoch [93/100] - [TRAIN] Loss: 0.5253, Accuracy: 75.52%, AUC: 0.75 [VAL] Loss: 0.5239, Accuracy: 75.06%, Precision: 0.78, Recall: 0.67, F1-Score: 0.72, AUC: 0.75
Epoch [94/100] - [TRAIN] Loss: 0.5275, Accuracy: 75.24%, AUC: 0.75 [VAL] Loss: 0.5161, Accuracy: 75.98%, Precision: 0.79, Recall: 0.69, F1-Score: 0.73, AUC: 0.76
Epoch [95/100] - [TRAIN] Loss: 0.5246, Accuracy: 75.42%, AUC: 0.75 [VAL] Loss: 0.5087, Accuracy: 76.50%, Precision: 0.79, Recall: 0.70, F1-Score: 0.74, AUC: 0.76
Epoch [96/100] - [TRAIN] Loss: 0.5246, Accuracy: 75.65%, AUC: 0.76 [VAL] Loss: 0.5178, Accuracy: 75.68%, Precision: 0.79, Recall: 0.69, F1-Score: 0.73, AUC: 0.76
Epoch [97/100] - [TRAIN] Loss: 0.5244, Accuracy: 75.50%, AUC: 0.75 [VAL] Loss: 0.5123, Accuracy: 76.56%, Precision: 0.81, Recall: 0.69, F1-Score: 0.75, AUC: 0.76
Epoch [98/100] - [TRAIN] Loss: 0.5266, Accuracy: 75.31%, AUC: 0.75 [VAL] Loss: 0.5156, Accuracy: 75.64%, Precision: 0.79, Recall: 0.68, F1-Score: 0.74, AUC: 0.76
Epoch [99/100] - [TRAIN] Loss: 0.5223, Accuracy: 75.57%, AUC: 0.75 [VAL] Loss: 0.5202, Accuracy: 75.08%, Precision: 0.77, Recall: 0.68, F1-Score: 0.73, AUC: 0.75
Epoch [100/100] - [TRAIN] Loss: 0.5268, Accuracy: 75.39%, AUC: 0.75 [VAL] Loss: 0.5199, Accuracy: 75.88%, Precision: 0.77, Recall: 0.69, F1-Score: 0.73, AUC: 0.75
Accuracy Score on test set: 76.71 %
    AUC Score on test set: 0.77
    Precision: 0.8012
    Recall: 0.7020
    F1-Score: 0.7484

    Detailed Classification Report:
                  precision    recall  f1-score   support

           0       0.74      0.83      0.78      5067
           1       0.80      0.70      0.75      4933

    accuracy                           0.77     10000
   macro avg       0.77      0.77      0.77     10000
weighted avg       0.77      0.77      0.77     10000


    Confusion Matrix:
    [[4208  859]
 [1470 3463]]
    
028-H3K4me3-H3K9me3-H3K27ac-H3K27me3
Epoch [1/100] - [TRAIN] Loss: 0.5813, Accuracy: 72.42%, AUC: 0.72 [VAL] Loss: 0.5507, Accuracy: 74.39%, Precision: 0.76, Recall: 0.71, F1-Score: 0.73, AUC: 0.74
Epoch [2/100] - [TRAIN] Loss: 0.5510, Accuracy: 74.46%, AUC: 0.74 [VAL] Loss: 0.5351, Accuracy: 75.09%, Precision: 0.77, Recall: 0.70, F1-Score: 0.73, AUC: 0.75
Epoch [3/100] - [TRAIN] Loss: 0.5421, Accuracy: 74.99%, AUC: 0.75 [VAL] Loss: 0.5289, Accuracy: 76.05%, Precision: 0.79, Recall: 0.70, F1-Score: 0.74, AUC: 0.76
Epoch [4/100] - [TRAIN] Loss: 0.5369, Accuracy: 75.14%, AUC: 0.75 [VAL] Loss: 0.5325, Accuracy: 74.70%, Precision: 0.77, Recall: 0.69, F1-Score: 0.73, AUC: 0.75
Epoch [5/100] - [TRAIN] Loss: 0.5347, Accuracy: 75.18%, AUC: 0.75 [VAL] Loss: 0.5262, Accuracy: 75.51%, Precision: 0.77, Recall: 0.71, F1-Score: 0.74, AUC: 0.75
Epoch [6/100] - [TRAIN] Loss: 0.5342, Accuracy: 75.09%, AUC: 0.75 [VAL] Loss: 0.5219, Accuracy: 75.90%, Precision: 0.78, Recall: 0.71, F1-Score: 0.74, AUC: 0.76
Epoch [7/100] - [TRAIN] Loss: 0.5353, Accuracy: 75.21%, AUC: 0.75 [VAL] Loss: 0.5318, Accuracy: 75.25%, Precision: 0.76, Recall: 0.71, F1-Score: 0.73, AUC: 0.75
Epoch [8/100] - [TRAIN] Loss: 0.5330, Accuracy: 75.19%, AUC: 0.75 [VAL] Loss: 0.5247, Accuracy: 75.09%, Precision: 0.78, Recall: 0.69, F1-Score: 0.73, AUC: 0.75
Epoch [9/100] - [TRAIN] Loss: 0.5337, Accuracy: 75.08%, AUC: 0.75 [VAL] Loss: 0.5175, Accuracy: 76.13%, Precision: 0.78, Recall: 0.70, F1-Score: 0.74, AUC: 0.76
Epoch [10/100] - [TRAIN] Loss: 0.5276, Accuracy: 75.55%, AUC: 0.75 [VAL] Loss: 0.5222, Accuracy: 76.02%, Precision: 0.79, Recall: 0.70, F1-Score: 0.74, AUC: 0.76
Epoch [11/100] - [TRAIN] Loss: 0.5328, Accuracy: 75.00%, AUC: 0.75 [VAL] Loss: 0.5253, Accuracy: 75.48%, Precision: 0.78, Recall: 0.69, F1-Score: 0.73, AUC: 0.75
Epoch [12/100] - [TRAIN] Loss: 0.5275, Accuracy: 75.53%, AUC: 0.75 [VAL] Loss: 0.5231, Accuracy: 75.72%, Precision: 0.78, Recall: 0.71, F1-Score: 0.74, AUC: 0.76
Epoch [13/100] - [TRAIN] Loss: 0.5293, Accuracy: 75.39%, AUC: 0.75 [VAL] Loss: 0.5209, Accuracy: 75.21%, Precision: 0.78, Recall: 0.69, F1-Score: 0.73, AUC: 0.75
Epoch [14/100] - [TRAIN] Loss: 0.5273, Accuracy: 75.55%, AUC: 0.75 [VAL] Loss: 0.5120, Accuracy: 75.98%, Precision: 0.79, Recall: 0.69, F1-Score: 0.74, AUC: 0.76
Epoch [15/100] - [TRAIN] Loss: 0.5272, Accuracy: 75.28%, AUC: 0.75 [VAL] Loss: 0.5195, Accuracy: 76.20%, Precision: 0.78, Recall: 0.71, F1-Score: 0.74, AUC: 0.76
Epoch [16/100] - [TRAIN] Loss: 0.5250, Accuracy: 75.41%, AUC: 0.75 [VAL] Loss: 0.5153, Accuracy: 76.60%, Precision: 0.78, Recall: 0.72, F1-Score: 0.75, AUC: 0.76
Epoch [17/100] - [TRAIN] Loss: 0.5262, Accuracy: 75.43%, AUC: 0.75 [VAL] Loss: 0.5229, Accuracy: 75.15%, Precision: 0.77, Recall: 0.70, F1-Score: 0.73, AUC: 0.75
Epoch [18/100] - [TRAIN] Loss: 0.5257, Accuracy: 75.27%, AUC: 0.75 [VAL] Loss: 0.5185, Accuracy: 75.69%, Precision: 0.77, Recall: 0.70, F1-Score: 0.74, AUC: 0.75
Epoch [19/100] - [TRAIN] Loss: 0.5288, Accuracy: 75.27%, AUC: 0.75 [VAL] Loss: 0.5067, Accuracy: 76.73%, Precision: 0.79, Recall: 0.70, F1-Score: 0.74, AUC: 0.76
Epoch [20/100] - [TRAIN] Loss: 0.5270, Accuracy: 75.38%, AUC: 0.75 [VAL] Loss: 0.5110, Accuracy: 76.27%, Precision: 0.78, Recall: 0.71, F1-Score: 0.74, AUC: 0.76
Epoch [21/100] - [TRAIN] Loss: 0.5231, Accuracy: 75.55%, AUC: 0.75 [VAL] Loss: 0.5102, Accuracy: 76.98%, Precision: 0.79, Recall: 0.72, F1-Score: 0.75, AUC: 0.77
Epoch [22/100] - [TRAIN] Loss: 0.5234, Accuracy: 75.52%, AUC: 0.75 [VAL] Loss: 0.5198, Accuracy: 75.56%, Precision: 0.78, Recall: 0.70, F1-Score: 0.74, AUC: 0.75
Epoch [23/100] - [TRAIN] Loss: 0.5245, Accuracy: 75.39%, AUC: 0.75 [VAL] Loss: 0.5103, Accuracy: 75.77%, Precision: 0.78, Recall: 0.70, F1-Score: 0.74, AUC: 0.76
Epoch [24/100] - [TRAIN] Loss: 0.5232, Accuracy: 75.60%, AUC: 0.75 [VAL] Loss: 0.5155, Accuracy: 75.93%, Precision: 0.79, Recall: 0.70, F1-Score: 0.74, AUC: 0.76
Epoch [25/100] - [TRAIN] Loss: 0.5241, Accuracy: 75.42%, AUC: 0.75 [VAL] Loss: 0.5178, Accuracy: 76.30%, Precision: 0.78, Recall: 0.72, F1-Score: 0.75, AUC: 0.76
Epoch [26/100] - [TRAIN] Loss: 0.5251, Accuracy: 75.26%, AUC: 0.75 [VAL] Loss: 0.5128, Accuracy: 76.14%, Precision: 0.78, Recall: 0.71, F1-Score: 0.74, AUC: 0.76
Epoch [27/100] - [TRAIN] Loss: 0.5264, Accuracy: 75.25%, AUC: 0.75 [VAL] Loss: 0.5134, Accuracy: 75.46%, Precision: 0.78, Recall: 0.71, F1-Score: 0.74, AUC: 0.75
Epoch [28/100] - [TRAIN] Loss: 0.5225, Accuracy: 75.67%, AUC: 0.76 [VAL] Loss: 0.5192, Accuracy: 76.10%, Precision: 0.78, Recall: 0.71, F1-Score: 0.74, AUC: 0.76
Epoch [29/100] - [TRAIN] Loss: 0.5257, Accuracy: 75.30%, AUC: 0.75 [VAL] Loss: 0.5114, Accuracy: 76.42%, Precision: 0.79, Recall: 0.71, F1-Score: 0.75, AUC: 0.76
Epoch [30/100] - [TRAIN] Loss: 0.5251, Accuracy: 75.29%, AUC: 0.75 [VAL] Loss: 0.5280, Accuracy: 74.87%, Precision: 0.76, Recall: 0.69, F1-Score: 0.73, AUC: 0.75
Epoch [31/100] - [TRAIN] Loss: 0.5243, Accuracy: 75.53%, AUC: 0.75 [VAL] Loss: 0.5139, Accuracy: 76.08%, Precision: 0.78, Recall: 0.71, F1-Score: 0.74, AUC: 0.76
Epoch [32/100] - [TRAIN] Loss: 0.5243, Accuracy: 75.24%, AUC: 0.75 [VAL] Loss: 0.5104, Accuracy: 76.10%, Precision: 0.79, Recall: 0.71, F1-Score: 0.74, AUC: 0.76
Epoch [33/100] - [TRAIN] Loss: 0.5221, Accuracy: 75.48%, AUC: 0.75 [VAL] Loss: 0.5031, Accuracy: 76.87%, Precision: 0.78, Recall: 0.72, F1-Score: 0.75, AUC: 0.77
Epoch [34/100] - [TRAIN] Loss: 0.5246, Accuracy: 75.43%, AUC: 0.75 [VAL] Loss: 0.5084, Accuracy: 76.21%, Precision: 0.78, Recall: 0.70, F1-Score: 0.74, AUC: 0.76
Epoch [35/100] - [TRAIN] Loss: 0.5235, Accuracy: 75.19%, AUC: 0.75 [VAL] Loss: 0.5070, Accuracy: 76.33%, Precision: 0.79, Recall: 0.70, F1-Score: 0.74, AUC: 0.76
Epoch [36/100] - [TRAIN] Loss: 0.5233, Accuracy: 75.51%, AUC: 0.75 [VAL] Loss: 0.5209, Accuracy: 75.59%, Precision: 0.77, Recall: 0.70, F1-Score: 0.74, AUC: 0.75
Epoch [37/100] - [TRAIN] Loss: 0.5229, Accuracy: 75.39%, AUC: 0.75 [VAL] Loss: 0.5200, Accuracy: 75.49%, Precision: 0.77, Recall: 0.71, F1-Score: 0.74, AUC: 0.75
Epoch [38/100] - [TRAIN] Loss: 0.5243, Accuracy: 75.31%, AUC: 0.75 [VAL] Loss: 0.5181, Accuracy: 75.98%, Precision: 0.77, Recall: 0.71, F1-Score: 0.74, AUC: 0.76
Epoch [39/100] - [TRAIN] Loss: 0.5255, Accuracy: 75.33%, AUC: 0.75 [VAL] Loss: 0.5198, Accuracy: 75.27%, Precision: 0.77, Recall: 0.70, F1-Score: 0.73, AUC: 0.75
Epoch [40/100] - [TRAIN] Loss: 0.5186, Accuracy: 75.86%, AUC: 0.76 [VAL] Loss: 0.5199, Accuracy: 75.84%, Precision: 0.77, Recall: 0.71, F1-Score: 0.74, AUC: 0.76
Epoch [41/100] - [TRAIN] Loss: 0.5282, Accuracy: 75.09%, AUC: 0.75 [VAL] Loss: 0.5116, Accuracy: 75.77%, Precision: 0.78, Recall: 0.71, F1-Score: 0.74, AUC: 0.76
Epoch [42/100] - [TRAIN] Loss: 0.5225, Accuracy: 75.37%, AUC: 0.75 [VAL] Loss: 0.5205, Accuracy: 75.79%, Precision: 0.78, Recall: 0.71, F1-Score: 0.74, AUC: 0.76
Epoch [43/100] - [TRAIN] Loss: 0.5240, Accuracy: 75.49%, AUC: 0.75 [VAL] Loss: 0.5221, Accuracy: 75.56%, Precision: 0.76, Recall: 0.71, F1-Score: 0.74, AUC: 0.75
Epoch [44/100] - [TRAIN] Loss: 0.5260, Accuracy: 75.27%, AUC: 0.75 [VAL] Loss: 0.5163, Accuracy: 75.91%, Precision: 0.77, Recall: 0.71, F1-Score: 0.74, AUC: 0.76
Epoch [45/100] - [TRAIN] Loss: 0.5218, Accuracy: 75.72%, AUC: 0.76 [VAL] Loss: 0.5177, Accuracy: 75.83%, Precision: 0.79, Recall: 0.70, F1-Score: 0.74, AUC: 0.76
Epoch [46/100] - [TRAIN] Loss: 0.5265, Accuracy: 75.40%, AUC: 0.75 [VAL] Loss: 0.5097, Accuracy: 75.78%, Precision: 0.78, Recall: 0.70, F1-Score: 0.74, AUC: 0.76
Epoch [47/100] - [TRAIN] Loss: 0.5223, Accuracy: 75.54%, AUC: 0.75 [VAL] Loss: 0.5144, Accuracy: 75.86%, Precision: 0.78, Recall: 0.70, F1-Score: 0.74, AUC: 0.76
Epoch [48/100] - [TRAIN] Loss: 0.5232, Accuracy: 75.45%, AUC: 0.75 [VAL] Loss: 0.5154, Accuracy: 75.83%, Precision: 0.78, Recall: 0.71, F1-Score: 0.74, AUC: 0.76
Epoch [49/100] - [TRAIN] Loss: 0.5232, Accuracy: 75.54%, AUC: 0.75 [VAL] Loss: 0.5257, Accuracy: 74.65%, Precision: 0.77, Recall: 0.69, F1-Score: 0.73, AUC: 0.75
Epoch [50/100] - [TRAIN] Loss: 0.5223, Accuracy: 75.39%, AUC: 0.75 [VAL] Loss: 0.5222, Accuracy: 75.09%, Precision: 0.77, Recall: 0.70, F1-Score: 0.73, AUC: 0.75
Epoch [51/100] - [TRAIN] Loss: 0.5245, Accuracy: 75.40%, AUC: 0.75 [VAL] Loss: 0.5146, Accuracy: 75.86%, Precision: 0.78, Recall: 0.71, F1-Score: 0.74, AUC: 0.76
Epoch [52/100] - [TRAIN] Loss: 0.5226, Accuracy: 75.58%, AUC: 0.75 [VAL] Loss: 0.5239, Accuracy: 75.50%, Precision: 0.78, Recall: 0.70, F1-Score: 0.74, AUC: 0.75
Epoch [53/100] - [TRAIN] Loss: 0.5242, Accuracy: 75.38%, AUC: 0.75 [VAL] Loss: 0.5147, Accuracy: 76.03%, Precision: 0.79, Recall: 0.71, F1-Score: 0.75, AUC: 0.76
Epoch [54/100] - [TRAIN] Loss: 0.5215, Accuracy: 75.61%, AUC: 0.75 [VAL] Loss: 0.5212, Accuracy: 74.71%, Precision: 0.78, Recall: 0.70, F1-Score: 0.73, AUC: 0.75
Epoch [55/100] - [TRAIN] Loss: 0.5254, Accuracy: 75.30%, AUC: 0.75 [VAL] Loss: 0.5123, Accuracy: 75.87%, Precision: 0.77, Recall: 0.70, F1-Score: 0.74, AUC: 0.76
Epoch [56/100] - [TRAIN] Loss: 0.5256, Accuracy: 75.21%, AUC: 0.75 [VAL] Loss: 0.5117, Accuracy: 76.19%, Precision: 0.78, Recall: 0.71, F1-Score: 0.74, AUC: 0.76
Epoch [57/100] - [TRAIN] Loss: 0.5215, Accuracy: 75.56%, AUC: 0.75 [VAL] Loss: 0.5129, Accuracy: 75.75%, Precision: 0.78, Recall: 0.70, F1-Score: 0.74, AUC: 0.76
Epoch [58/100] - [TRAIN] Loss: 0.5218, Accuracy: 75.67%, AUC: 0.76 [VAL] Loss: 0.5218, Accuracy: 75.14%, Precision: 0.77, Recall: 0.70, F1-Score: 0.73, AUC: 0.75
Epoch [59/100] - [TRAIN] Loss: 0.5210, Accuracy: 75.69%, AUC: 0.76 [VAL] Loss: 0.5184, Accuracy: 75.56%, Precision: 0.78, Recall: 0.71, F1-Score: 0.74, AUC: 0.76
Epoch [60/100] - [TRAIN] Loss: 0.5232, Accuracy: 75.24%, AUC: 0.75 [VAL] Loss: 0.5190, Accuracy: 75.39%, Precision: 0.77, Recall: 0.70, F1-Score: 0.73, AUC: 0.75
Epoch [61/100] - [TRAIN] Loss: 0.5244, Accuracy: 75.41%, AUC: 0.75 [VAL] Loss: 0.5113, Accuracy: 76.19%, Precision: 0.78, Recall: 0.71, F1-Score: 0.74, AUC: 0.76
Epoch [62/100] - [TRAIN] Loss: 0.5251, Accuracy: 75.32%, AUC: 0.75 [VAL] Loss: 0.5173, Accuracy: 76.00%, Precision: 0.77, Recall: 0.71, F1-Score: 0.74, AUC: 0.76
Epoch [63/100] - [TRAIN] Loss: 0.5232, Accuracy: 75.43%, AUC: 0.75 [VAL] Loss: 0.5216, Accuracy: 75.52%, Precision: 0.76, Recall: 0.71, F1-Score: 0.74, AUC: 0.75
Epoch [64/100] - [TRAIN] Loss: 0.5234, Accuracy: 75.34%, AUC: 0.75 [VAL] Loss: 0.5184, Accuracy: 75.93%, Precision: 0.78, Recall: 0.71, F1-Score: 0.74, AUC: 0.76
Epoch [65/100] - [TRAIN] Loss: 0.5214, Accuracy: 75.60%, AUC: 0.75 [VAL] Loss: 0.5191, Accuracy: 75.41%, Precision: 0.78, Recall: 0.71, F1-Score: 0.74, AUC: 0.75
Epoch [66/100] - [TRAIN] Loss: 0.5243, Accuracy: 75.39%, AUC: 0.75 [VAL] Loss: 0.5108, Accuracy: 76.18%, Precision: 0.79, Recall: 0.70, F1-Score: 0.74, AUC: 0.76
Epoch [67/100] - [TRAIN] Loss: 0.5235, Accuracy: 75.45%, AUC: 0.75 [VAL] Loss: 0.5120, Accuracy: 75.91%, Precision: 0.77, Recall: 0.70, F1-Score: 0.74, AUC: 0.76
Epoch [68/100] - [TRAIN] Loss: 0.5212, Accuracy: 75.65%, AUC: 0.76 [VAL] Loss: 0.5191, Accuracy: 75.50%, Precision: 0.77, Recall: 0.70, F1-Score: 0.74, AUC: 0.75
Epoch [69/100] - [TRAIN] Loss: 0.5228, Accuracy: 75.59%, AUC: 0.75 [VAL] Loss: 0.5110, Accuracy: 76.10%, Precision: 0.79, Recall: 0.70, F1-Score: 0.74, AUC: 0.76
Epoch [70/100] - [TRAIN] Loss: 0.5229, Accuracy: 75.33%, AUC: 0.75 [VAL] Loss: 0.5103, Accuracy: 76.43%, Precision: 0.79, Recall: 0.71, F1-Score: 0.75, AUC: 0.76
Epoch [71/100] - [TRAIN] Loss: 0.5255, Accuracy: 75.59%, AUC: 0.75 [VAL] Loss: 0.5241, Accuracy: 75.05%, Precision: 0.76, Recall: 0.70, F1-Score: 0.73, AUC: 0.75
Epoch [72/100] - [TRAIN] Loss: 0.5209, Accuracy: 75.77%, AUC: 0.76 [VAL] Loss: 0.5266, Accuracy: 74.94%, Precision: 0.77, Recall: 0.70, F1-Score: 0.73, AUC: 0.75
Epoch [73/100] - [TRAIN] Loss: 0.5228, Accuracy: 75.59%, AUC: 0.75 [VAL] Loss: 0.5073, Accuracy: 76.36%, Precision: 0.78, Recall: 0.72, F1-Score: 0.75, AUC: 0.76
Epoch [74/100] - [TRAIN] Loss: 0.5240, Accuracy: 75.52%, AUC: 0.75 [VAL] Loss: 0.5180, Accuracy: 75.56%, Precision: 0.79, Recall: 0.70, F1-Score: 0.74, AUC: 0.76
Epoch [75/100] - [TRAIN] Loss: 0.5237, Accuracy: 75.42%, AUC: 0.75 [VAL] Loss: 0.5214, Accuracy: 75.25%, Precision: 0.77, Recall: 0.70, F1-Score: 0.74, AUC: 0.75
Epoch [76/100] - [TRAIN] Loss: 0.5213, Accuracy: 75.49%, AUC: 0.75 [VAL] Loss: 0.5113, Accuracy: 76.31%, Precision: 0.77, Recall: 0.72, F1-Score: 0.74, AUC: 0.76
Epoch [77/100] - [TRAIN] Loss: 0.5239, Accuracy: 75.24%, AUC: 0.75 [VAL] Loss: 0.5075, Accuracy: 76.30%, Precision: 0.78, Recall: 0.71, F1-Score: 0.74, AUC: 0.76
Epoch [78/100] - [TRAIN] Loss: 0.5244, Accuracy: 75.36%, AUC: 0.75 [VAL] Loss: 0.5172, Accuracy: 75.60%, Precision: 0.78, Recall: 0.70, F1-Score: 0.74, AUC: 0.76
Epoch [79/100] - [TRAIN] Loss: 0.5216, Accuracy: 75.48%, AUC: 0.75 [VAL] Loss: 0.5159, Accuracy: 75.82%, Precision: 0.78, Recall: 0.71, F1-Score: 0.74, AUC: 0.76
Epoch [80/100] - [TRAIN] Loss: 0.5255, Accuracy: 75.21%, AUC: 0.75 [VAL] Loss: 0.5208, Accuracy: 75.31%, Precision: 0.77, Recall: 0.71, F1-Score: 0.74, AUC: 0.75
Epoch [81/100] - [TRAIN] Loss: 0.5238, Accuracy: 75.48%, AUC: 0.75 [VAL] Loss: 0.5136, Accuracy: 76.05%, Precision: 0.78, Recall: 0.71, F1-Score: 0.74, AUC: 0.76
Epoch [82/100] - [TRAIN] Loss: 0.5233, Accuracy: 75.36%, AUC: 0.75 [VAL] Loss: 0.5145, Accuracy: 75.98%, Precision: 0.79, Recall: 0.70, F1-Score: 0.74, AUC: 0.76
Epoch [83/100] - [TRAIN] Loss: 0.5251, Accuracy: 75.42%, AUC: 0.75 [VAL] Loss: 0.5145, Accuracy: 75.93%, Precision: 0.78, Recall: 0.70, F1-Score: 0.74, AUC: 0.76
Epoch [84/100] - [TRAIN] Loss: 0.5248, Accuracy: 75.42%, AUC: 0.75 [VAL] Loss: 0.5133, Accuracy: 76.06%, Precision: 0.78, Recall: 0.71, F1-Score: 0.74, AUC: 0.76
Epoch [85/100] - [TRAIN] Loss: 0.5212, Accuracy: 75.45%, AUC: 0.75 [VAL] Loss: 0.5105, Accuracy: 76.29%, Precision: 0.78, Recall: 0.72, F1-Score: 0.75, AUC: 0.76
Epoch [86/100] - [TRAIN] Loss: 0.5237, Accuracy: 75.28%, AUC: 0.75 [VAL] Loss: 0.5108, Accuracy: 76.36%, Precision: 0.79, Recall: 0.71, F1-Score: 0.75, AUC: 0.76
Epoch [87/100] - [TRAIN] Loss: 0.5251, Accuracy: 75.47%, AUC: 0.75 [VAL] Loss: 0.5098, Accuracy: 75.61%, Precision: 0.78, Recall: 0.70, F1-Score: 0.74, AUC: 0.75
Epoch [88/100] - [TRAIN] Loss: 0.5227, Accuracy: 75.59%, AUC: 0.75 [VAL] Loss: 0.5191, Accuracy: 76.08%, Precision: 0.78, Recall: 0.70, F1-Score: 0.74, AUC: 0.76
Epoch [89/100] - [TRAIN] Loss: 0.5271, Accuracy: 75.33%, AUC: 0.75 [VAL] Loss: 0.5180, Accuracy: 76.03%, Precision: 0.78, Recall: 0.71, F1-Score: 0.74, AUC: 0.76
Epoch [90/100] - [TRAIN] Loss: 0.5236, Accuracy: 75.51%, AUC: 0.75 [VAL] Loss: 0.5098, Accuracy: 76.81%, Precision: 0.79, Recall: 0.72, F1-Score: 0.75, AUC: 0.77
Epoch [91/100] - [TRAIN] Loss: 0.5244, Accuracy: 75.32%, AUC: 0.75 [VAL] Loss: 0.5101, Accuracy: 76.26%, Precision: 0.78, Recall: 0.71, F1-Score: 0.74, AUC: 0.76
Epoch [92/100] - [TRAIN] Loss: 0.5267, Accuracy: 75.10%, AUC: 0.75 [VAL] Loss: 0.5149, Accuracy: 75.67%, Precision: 0.79, Recall: 0.70, F1-Score: 0.74, AUC: 0.76
Epoch [93/100] - [TRAIN] Loss: 0.5242, Accuracy: 75.57%, AUC: 0.75 [VAL] Loss: 0.5141, Accuracy: 76.19%, Precision: 0.77, Recall: 0.72, F1-Score: 0.74, AUC: 0.76
Epoch [94/100] - [TRAIN] Loss: 0.5211, Accuracy: 75.63%, AUC: 0.76 [VAL] Loss: 0.5091, Accuracy: 76.74%, Precision: 0.78, Recall: 0.71, F1-Score: 0.75, AUC: 0.77
Epoch [95/100] - [TRAIN] Loss: 0.5238, Accuracy: 75.56%, AUC: 0.75 [VAL] Loss: 0.5209, Accuracy: 75.41%, Precision: 0.78, Recall: 0.70, F1-Score: 0.74, AUC: 0.75
Epoch [96/100] - [TRAIN] Loss: 0.5225, Accuracy: 75.43%, AUC: 0.75 [VAL] Loss: 0.5201, Accuracy: 75.69%, Precision: 0.78, Recall: 0.70, F1-Score: 0.74, AUC: 0.76
Epoch [97/100] - [TRAIN] Loss: 0.5253, Accuracy: 75.36%, AUC: 0.75 [VAL] Loss: 0.5116, Accuracy: 75.86%, Precision: 0.79, Recall: 0.72, F1-Score: 0.75, AUC: 0.76
Epoch [98/100] - [TRAIN] Loss: 0.5260, Accuracy: 75.23%, AUC: 0.75 [VAL] Loss: 0.5139, Accuracy: 75.46%, Precision: 0.77, Recall: 0.70, F1-Score: 0.73, AUC: 0.75
Epoch [99/100] - [TRAIN] Loss: 0.5243, Accuracy: 75.40%, AUC: 0.75 [VAL] Loss: 0.5230, Accuracy: 75.74%, Precision: 0.78, Recall: 0.71, F1-Score: 0.74, AUC: 0.76
Epoch [100/100] - [TRAIN] Loss: 0.5237, Accuracy: 75.28%, AUC: 0.75 [VAL] Loss: 0.5178, Accuracy: 75.92%, Precision: 0.78, Recall: 0.71, F1-Score: 0.74, AUC: 0.76
Accuracy Score on test set: 76.56 %
    AUC Score on test set: 0.76
    Precision: 0.7810
    Recall: 0.7228
    F1-Score: 0.7508

    Detailed Classification Report:
                  precision    recall  f1-score   support

           0       0.75      0.81      0.78      5115
           1       0.78      0.72      0.75      4885

    accuracy                           0.77     10000
   macro avg       0.77      0.76      0.76     10000
weighted avg       0.77      0.77      0.77     10000


    Confusion Matrix:
    [[4125  990]
 [1354 3531]]
    
029-H3K9ac-H3K9me3-H3K27ac-H3K27me3
Epoch [1/100] - [TRAIN] Loss: 0.6045, Accuracy: 69.98%, AUC: 0.70 [VAL] Loss: 0.5664, Accuracy: 72.91%, Precision: 0.69, Recall: 0.82, F1-Score: 0.75, AUC: 0.73
Epoch [2/100] - [TRAIN] Loss: 0.5700, Accuracy: 72.69%, AUC: 0.73 [VAL] Loss: 0.5445, Accuracy: 73.87%, Precision: 0.71, Recall: 0.80, F1-Score: 0.75, AUC: 0.74
Epoch [3/100] - [TRAIN] Loss: 0.5581, Accuracy: 73.06%, AUC: 0.73 [VAL] Loss: 0.5416, Accuracy: 74.02%, Precision: 0.72, Recall: 0.77, F1-Score: 0.74, AUC: 0.74
Epoch [4/100] - [TRAIN] Loss: 0.5506, Accuracy: 73.93%, AUC: 0.74 [VAL] Loss: 0.5288, Accuracy: 76.25%, Precision: 0.78, Recall: 0.71, F1-Score: 0.75, AUC: 0.76
Epoch [5/100] - [TRAIN] Loss: 0.5479, Accuracy: 74.25%, AUC: 0.74 [VAL] Loss: 0.5239, Accuracy: 75.86%, Precision: 0.78, Recall: 0.71, F1-Score: 0.74, AUC: 0.76
Epoch [6/100] - [TRAIN] Loss: 0.5420, Accuracy: 74.70%, AUC: 0.75 [VAL] Loss: 0.5313, Accuracy: 75.31%, Precision: 0.76, Recall: 0.70, F1-Score: 0.73, AUC: 0.75
Epoch [7/100] - [TRAIN] Loss: 0.5418, Accuracy: 74.77%, AUC: 0.75 [VAL] Loss: 0.5298, Accuracy: 75.86%, Precision: 0.78, Recall: 0.70, F1-Score: 0.74, AUC: 0.76
Epoch [8/100] - [TRAIN] Loss: 0.5419, Accuracy: 74.73%, AUC: 0.75 [VAL] Loss: 0.5320, Accuracy: 75.06%, Precision: 0.78, Recall: 0.68, F1-Score: 0.73, AUC: 0.75
Epoch [9/100] - [TRAIN] Loss: 0.5383, Accuracy: 74.84%, AUC: 0.75 [VAL] Loss: 0.5229, Accuracy: 75.50%, Precision: 0.79, Recall: 0.68, F1-Score: 0.73, AUC: 0.75
Epoch [10/100] - [TRAIN] Loss: 0.5379, Accuracy: 75.04%, AUC: 0.75 [VAL] Loss: 0.5269, Accuracy: 74.96%, Precision: 0.79, Recall: 0.67, F1-Score: 0.72, AUC: 0.75
Epoch [11/100] - [TRAIN] Loss: 0.5379, Accuracy: 74.69%, AUC: 0.75 [VAL] Loss: 0.5265, Accuracy: 75.03%, Precision: 0.79, Recall: 0.68, F1-Score: 0.73, AUC: 0.75
Epoch [12/100] - [TRAIN] Loss: 0.5390, Accuracy: 74.72%, AUC: 0.75 [VAL] Loss: 0.5114, Accuracy: 76.30%, Precision: 0.80, Recall: 0.69, F1-Score: 0.74, AUC: 0.76
Epoch [13/100] - [TRAIN] Loss: 0.5366, Accuracy: 74.89%, AUC: 0.75 [VAL] Loss: 0.5228, Accuracy: 75.39%, Precision: 0.79, Recall: 0.67, F1-Score: 0.73, AUC: 0.75
Epoch [14/100] - [TRAIN] Loss: 0.5371, Accuracy: 74.90%, AUC: 0.75 [VAL] Loss: 0.5236, Accuracy: 75.22%, Precision: 0.78, Recall: 0.69, F1-Score: 0.73, AUC: 0.75
Epoch [15/100] - [TRAIN] Loss: 0.5308, Accuracy: 75.26%, AUC: 0.75 [VAL] Loss: 0.5147, Accuracy: 75.00%, Precision: 0.79, Recall: 0.67, F1-Score: 0.72, AUC: 0.75
Epoch [16/100] - [TRAIN] Loss: 0.5325, Accuracy: 74.92%, AUC: 0.75 [VAL] Loss: 0.5191, Accuracy: 75.59%, Precision: 0.79, Recall: 0.68, F1-Score: 0.73, AUC: 0.75
Epoch [17/100] - [TRAIN] Loss: 0.5344, Accuracy: 74.87%, AUC: 0.75 [VAL] Loss: 0.5191, Accuracy: 75.36%, Precision: 0.79, Recall: 0.68, F1-Score: 0.73, AUC: 0.75
Epoch [18/100] - [TRAIN] Loss: 0.5315, Accuracy: 74.90%, AUC: 0.75 [VAL] Loss: 0.5257, Accuracy: 75.15%, Precision: 0.79, Recall: 0.68, F1-Score: 0.73, AUC: 0.75
Epoch [19/100] - [TRAIN] Loss: 0.5288, Accuracy: 75.12%, AUC: 0.75 [VAL] Loss: 0.5198, Accuracy: 75.53%, Precision: 0.79, Recall: 0.68, F1-Score: 0.73, AUC: 0.75
Epoch [20/100] - [TRAIN] Loss: 0.5285, Accuracy: 75.16%, AUC: 0.75 [VAL] Loss: 0.5229, Accuracy: 75.45%, Precision: 0.78, Recall: 0.69, F1-Score: 0.73, AUC: 0.75
Epoch [21/100] - [TRAIN] Loss: 0.5354, Accuracy: 74.70%, AUC: 0.75 [VAL] Loss: 0.5122, Accuracy: 76.67%, Precision: 0.80, Recall: 0.70, F1-Score: 0.74, AUC: 0.77
Epoch [22/100] - [TRAIN] Loss: 0.5314, Accuracy: 74.97%, AUC: 0.75 [VAL] Loss: 0.5202, Accuracy: 75.69%, Precision: 0.79, Recall: 0.69, F1-Score: 0.74, AUC: 0.76
Epoch [23/100] - [TRAIN] Loss: 0.5309, Accuracy: 75.04%, AUC: 0.75 [VAL] Loss: 0.5205, Accuracy: 75.67%, Precision: 0.79, Recall: 0.68, F1-Score: 0.73, AUC: 0.76
Epoch [24/100] - [TRAIN] Loss: 0.5339, Accuracy: 74.77%, AUC: 0.75 [VAL] Loss: 0.5192, Accuracy: 75.72%, Precision: 0.80, Recall: 0.69, F1-Score: 0.74, AUC: 0.76
Epoch [25/100] - [TRAIN] Loss: 0.5307, Accuracy: 75.06%, AUC: 0.75 [VAL] Loss: 0.5186, Accuracy: 75.78%, Precision: 0.78, Recall: 0.69, F1-Score: 0.74, AUC: 0.76
Epoch [26/100] - [TRAIN] Loss: 0.5301, Accuracy: 74.92%, AUC: 0.75 [VAL] Loss: 0.5247, Accuracy: 75.58%, Precision: 0.79, Recall: 0.68, F1-Score: 0.73, AUC: 0.75
Epoch [27/100] - [TRAIN] Loss: 0.5312, Accuracy: 75.09%, AUC: 0.75 [VAL] Loss: 0.5137, Accuracy: 76.01%, Precision: 0.79, Recall: 0.69, F1-Score: 0.73, AUC: 0.76
Epoch [28/100] - [TRAIN] Loss: 0.5294, Accuracy: 75.07%, AUC: 0.75 [VAL] Loss: 0.5271, Accuracy: 74.71%, Precision: 0.77, Recall: 0.68, F1-Score: 0.72, AUC: 0.75
Epoch [29/100] - [TRAIN] Loss: 0.5291, Accuracy: 75.17%, AUC: 0.75 [VAL] Loss: 0.5180, Accuracy: 75.98%, Precision: 0.79, Recall: 0.69, F1-Score: 0.74, AUC: 0.76
Epoch [30/100] - [TRAIN] Loss: 0.5316, Accuracy: 75.11%, AUC: 0.75 [VAL] Loss: 0.5254, Accuracy: 75.77%, Precision: 0.79, Recall: 0.68, F1-Score: 0.73, AUC: 0.76
Epoch [31/100] - [TRAIN] Loss: 0.5305, Accuracy: 75.11%, AUC: 0.75 [VAL] Loss: 0.5164, Accuracy: 75.36%, Precision: 0.79, Recall: 0.68, F1-Score: 0.73, AUC: 0.75
Epoch [32/100] - [TRAIN] Loss: 0.5325, Accuracy: 74.84%, AUC: 0.75 [VAL] Loss: 0.5220, Accuracy: 75.52%, Precision: 0.80, Recall: 0.68, F1-Score: 0.73, AUC: 0.75
Epoch [33/100] - [TRAIN] Loss: 0.5315, Accuracy: 74.85%, AUC: 0.75 [VAL] Loss: 0.5203, Accuracy: 75.43%, Precision: 0.79, Recall: 0.68, F1-Score: 0.73, AUC: 0.75
Epoch [34/100] - [TRAIN] Loss: 0.5319, Accuracy: 74.94%, AUC: 0.75 [VAL] Loss: 0.5162, Accuracy: 75.80%, Precision: 0.80, Recall: 0.68, F1-Score: 0.74, AUC: 0.76
Epoch [35/100] - [TRAIN] Loss: 0.5305, Accuracy: 74.94%, AUC: 0.75 [VAL] Loss: 0.5185, Accuracy: 75.68%, Precision: 0.80, Recall: 0.68, F1-Score: 0.73, AUC: 0.76
Epoch [36/100] - [TRAIN] Loss: 0.5339, Accuracy: 74.76%, AUC: 0.75 [VAL] Loss: 0.5189, Accuracy: 75.39%, Precision: 0.78, Recall: 0.68, F1-Score: 0.73, AUC: 0.75
Epoch [37/100] - [TRAIN] Loss: 0.5286, Accuracy: 75.13%, AUC: 0.75 [VAL] Loss: 0.5141, Accuracy: 75.97%, Precision: 0.80, Recall: 0.68, F1-Score: 0.74, AUC: 0.76
Epoch [38/100] - [TRAIN] Loss: 0.5309, Accuracy: 75.07%, AUC: 0.75 [VAL] Loss: 0.5160, Accuracy: 75.83%, Precision: 0.78, Recall: 0.69, F1-Score: 0.74, AUC: 0.76
Epoch [39/100] - [TRAIN] Loss: 0.5356, Accuracy: 74.62%, AUC: 0.74 [VAL] Loss: 0.5192, Accuracy: 75.42%, Precision: 0.78, Recall: 0.68, F1-Score: 0.73, AUC: 0.75
Epoch [40/100] - [TRAIN] Loss: 0.5313, Accuracy: 74.98%, AUC: 0.75 [VAL] Loss: 0.5289, Accuracy: 74.60%, Precision: 0.77, Recall: 0.68, F1-Score: 0.72, AUC: 0.74
Epoch [41/100] - [TRAIN] Loss: 0.5329, Accuracy: 75.07%, AUC: 0.75 [VAL] Loss: 0.5165, Accuracy: 75.99%, Precision: 0.79, Recall: 0.69, F1-Score: 0.74, AUC: 0.76
Epoch [42/100] - [TRAIN] Loss: 0.5329, Accuracy: 74.82%, AUC: 0.75 [VAL] Loss: 0.5218, Accuracy: 75.77%, Precision: 0.79, Recall: 0.68, F1-Score: 0.73, AUC: 0.76
Epoch [43/100] - [TRAIN] Loss: 0.5329, Accuracy: 74.63%, AUC: 0.74 [VAL] Loss: 0.5215, Accuracy: 75.84%, Precision: 0.79, Recall: 0.69, F1-Score: 0.73, AUC: 0.76
Epoch [44/100] - [TRAIN] Loss: 0.5310, Accuracy: 74.89%, AUC: 0.75 [VAL] Loss: 0.5220, Accuracy: 75.54%, Precision: 0.78, Recall: 0.68, F1-Score: 0.72, AUC: 0.75
Epoch [45/100] - [TRAIN] Loss: 0.5319, Accuracy: 75.04%, AUC: 0.75 [VAL] Loss: 0.5221, Accuracy: 75.45%, Precision: 0.78, Recall: 0.68, F1-Score: 0.73, AUC: 0.75
Epoch [46/100] - [TRAIN] Loss: 0.5336, Accuracy: 74.87%, AUC: 0.75 [VAL] Loss: 0.5270, Accuracy: 75.17%, Precision: 0.78, Recall: 0.68, F1-Score: 0.73, AUC: 0.75
Epoch [47/100] - [TRAIN] Loss: 0.5288, Accuracy: 75.04%, AUC: 0.75 [VAL] Loss: 0.5121, Accuracy: 76.13%, Precision: 0.79, Recall: 0.70, F1-Score: 0.74, AUC: 0.76
Epoch [48/100] - [TRAIN] Loss: 0.5331, Accuracy: 74.95%, AUC: 0.75 [VAL] Loss: 0.5141, Accuracy: 76.17%, Precision: 0.80, Recall: 0.70, F1-Score: 0.74, AUC: 0.76
Epoch [49/100] - [TRAIN] Loss: 0.5328, Accuracy: 74.96%, AUC: 0.75 [VAL] Loss: 0.5210, Accuracy: 76.12%, Precision: 0.79, Recall: 0.70, F1-Score: 0.74, AUC: 0.76
Epoch [50/100] - [TRAIN] Loss: 0.5326, Accuracy: 74.82%, AUC: 0.75 [VAL] Loss: 0.5157, Accuracy: 76.25%, Precision: 0.79, Recall: 0.70, F1-Score: 0.74, AUC: 0.76
Epoch [51/100] - [TRAIN] Loss: 0.5316, Accuracy: 75.07%, AUC: 0.75 [VAL] Loss: 0.5265, Accuracy: 75.13%, Precision: 0.79, Recall: 0.68, F1-Score: 0.73, AUC: 0.75
Epoch [52/100] - [TRAIN] Loss: 0.5294, Accuracy: 75.08%, AUC: 0.75 [VAL] Loss: 0.5208, Accuracy: 75.94%, Precision: 0.80, Recall: 0.69, F1-Score: 0.74, AUC: 0.76
Epoch [53/100] - [TRAIN] Loss: 0.5314, Accuracy: 75.06%, AUC: 0.75 [VAL] Loss: 0.5171, Accuracy: 75.62%, Precision: 0.79, Recall: 0.68, F1-Score: 0.73, AUC: 0.75
Epoch [54/100] - [TRAIN] Loss: 0.5362, Accuracy: 74.83%, AUC: 0.75 [VAL] Loss: 0.5207, Accuracy: 75.92%, Precision: 0.79, Recall: 0.70, F1-Score: 0.74, AUC: 0.76
Epoch [55/100] - [TRAIN] Loss: 0.5324, Accuracy: 75.03%, AUC: 0.75 [VAL] Loss: 0.5203, Accuracy: 75.63%, Precision: 0.79, Recall: 0.68, F1-Score: 0.73, AUC: 0.75
Epoch [56/100] - [TRAIN] Loss: 0.5300, Accuracy: 74.83%, AUC: 0.75 [VAL] Loss: 0.5134, Accuracy: 76.30%, Precision: 0.79, Recall: 0.69, F1-Score: 0.74, AUC: 0.76
Epoch [57/100] - [TRAIN] Loss: 0.5310, Accuracy: 75.09%, AUC: 0.75 [VAL] Loss: 0.5186, Accuracy: 75.85%, Precision: 0.79, Recall: 0.69, F1-Score: 0.74, AUC: 0.76
Epoch [58/100] - [TRAIN] Loss: 0.5285, Accuracy: 75.30%, AUC: 0.75 [VAL] Loss: 0.5212, Accuracy: 75.53%, Precision: 0.79, Recall: 0.68, F1-Score: 0.73, AUC: 0.75
Epoch [59/100] - [TRAIN] Loss: 0.5300, Accuracy: 75.24%, AUC: 0.75 [VAL] Loss: 0.5176, Accuracy: 75.68%, Precision: 0.78, Recall: 0.68, F1-Score: 0.73, AUC: 0.75
Epoch [60/100] - [TRAIN] Loss: 0.5299, Accuracy: 75.08%, AUC: 0.75 [VAL] Loss: 0.5236, Accuracy: 75.44%, Precision: 0.78, Recall: 0.68, F1-Score: 0.73, AUC: 0.75
Epoch [61/100] - [TRAIN] Loss: 0.5310, Accuracy: 75.03%, AUC: 0.75 [VAL] Loss: 0.5197, Accuracy: 75.31%, Precision: 0.79, Recall: 0.69, F1-Score: 0.73, AUC: 0.75
Epoch [62/100] - [TRAIN] Loss: 0.5303, Accuracy: 75.01%, AUC: 0.75 [VAL] Loss: 0.5163, Accuracy: 75.87%, Precision: 0.79, Recall: 0.69, F1-Score: 0.74, AUC: 0.76
Epoch [63/100] - [TRAIN] Loss: 0.5291, Accuracy: 75.23%, AUC: 0.75 [VAL] Loss: 0.5201, Accuracy: 75.55%, Precision: 0.79, Recall: 0.69, F1-Score: 0.74, AUC: 0.75
Epoch [64/100] - [TRAIN] Loss: 0.5290, Accuracy: 75.25%, AUC: 0.75 [VAL] Loss: 0.5221, Accuracy: 75.96%, Precision: 0.79, Recall: 0.69, F1-Score: 0.73, AUC: 0.76
Epoch [65/100] - [TRAIN] Loss: 0.5281, Accuracy: 75.06%, AUC: 0.75 [VAL] Loss: 0.5215, Accuracy: 75.03%, Precision: 0.78, Recall: 0.68, F1-Score: 0.73, AUC: 0.75
Epoch [66/100] - [TRAIN] Loss: 0.5296, Accuracy: 75.16%, AUC: 0.75 [VAL] Loss: 0.5255, Accuracy: 75.44%, Precision: 0.79, Recall: 0.69, F1-Score: 0.73, AUC: 0.75
Epoch [67/100] - [TRAIN] Loss: 0.5297, Accuracy: 75.14%, AUC: 0.75 [VAL] Loss: 0.5248, Accuracy: 75.66%, Precision: 0.78, Recall: 0.69, F1-Score: 0.73, AUC: 0.75
Epoch [68/100] - [TRAIN] Loss: 0.5315, Accuracy: 74.98%, AUC: 0.75 [VAL] Loss: 0.5233, Accuracy: 75.84%, Precision: 0.79, Recall: 0.68, F1-Score: 0.73, AUC: 0.76
Epoch [69/100] - [TRAIN] Loss: 0.5336, Accuracy: 74.95%, AUC: 0.75 [VAL] Loss: 0.5206, Accuracy: 75.96%, Precision: 0.79, Recall: 0.69, F1-Score: 0.74, AUC: 0.76
Epoch [70/100] - [TRAIN] Loss: 0.5319, Accuracy: 74.99%, AUC: 0.75 [VAL] Loss: 0.5110, Accuracy: 76.72%, Precision: 0.80, Recall: 0.70, F1-Score: 0.75, AUC: 0.77
Epoch [71/100] - [TRAIN] Loss: 0.5334, Accuracy: 74.85%, AUC: 0.75 [VAL] Loss: 0.5244, Accuracy: 75.48%, Precision: 0.79, Recall: 0.68, F1-Score: 0.73, AUC: 0.75
Epoch [72/100] - [TRAIN] Loss: 0.5332, Accuracy: 74.97%, AUC: 0.75 [VAL] Loss: 0.5237, Accuracy: 74.94%, Precision: 0.79, Recall: 0.67, F1-Score: 0.72, AUC: 0.75
Epoch [73/100] - [TRAIN] Loss: 0.5307, Accuracy: 75.15%, AUC: 0.75 [VAL] Loss: 0.5164, Accuracy: 75.75%, Precision: 0.80, Recall: 0.68, F1-Score: 0.74, AUC: 0.76
Epoch [74/100] - [TRAIN] Loss: 0.5289, Accuracy: 75.16%, AUC: 0.75 [VAL] Loss: 0.5175, Accuracy: 75.71%, Precision: 0.78, Recall: 0.68, F1-Score: 0.73, AUC: 0.75
Epoch [75/100] - [TRAIN] Loss: 0.5317, Accuracy: 74.92%, AUC: 0.75 [VAL] Loss: 0.5286, Accuracy: 74.42%, Precision: 0.77, Recall: 0.67, F1-Score: 0.72, AUC: 0.74
Epoch [76/100] - [TRAIN] Loss: 0.5304, Accuracy: 75.03%, AUC: 0.75 [VAL] Loss: 0.5297, Accuracy: 75.22%, Precision: 0.78, Recall: 0.68, F1-Score: 0.73, AUC: 0.75
Epoch [77/100] - [TRAIN] Loss: 0.5304, Accuracy: 75.12%, AUC: 0.75 [VAL] Loss: 0.5148, Accuracy: 76.37%, Precision: 0.79, Recall: 0.70, F1-Score: 0.74, AUC: 0.76
Epoch [78/100] - [TRAIN] Loss: 0.5315, Accuracy: 74.98%, AUC: 0.75 [VAL] Loss: 0.5236, Accuracy: 75.39%, Precision: 0.79, Recall: 0.67, F1-Score: 0.73, AUC: 0.75
Epoch [79/100] - [TRAIN] Loss: 0.5309, Accuracy: 75.13%, AUC: 0.75 [VAL] Loss: 0.5128, Accuracy: 76.21%, Precision: 0.79, Recall: 0.69, F1-Score: 0.74, AUC: 0.76
Epoch [80/100] - [TRAIN] Loss: 0.5307, Accuracy: 74.98%, AUC: 0.75 [VAL] Loss: 0.5164, Accuracy: 75.92%, Precision: 0.79, Recall: 0.69, F1-Score: 0.74, AUC: 0.76
Epoch [81/100] - [TRAIN] Loss: 0.5293, Accuracy: 75.10%, AUC: 0.75 [VAL] Loss: 0.5224, Accuracy: 75.84%, Precision: 0.80, Recall: 0.68, F1-Score: 0.74, AUC: 0.76
Epoch [82/100] - [TRAIN] Loss: 0.5273, Accuracy: 75.24%, AUC: 0.75 [VAL] Loss: 0.5193, Accuracy: 75.38%, Precision: 0.79, Recall: 0.68, F1-Score: 0.73, AUC: 0.75
Epoch [83/100] - [TRAIN] Loss: 0.5306, Accuracy: 74.95%, AUC: 0.75 [VAL] Loss: 0.5180, Accuracy: 76.19%, Precision: 0.80, Recall: 0.69, F1-Score: 0.74, AUC: 0.76
Epoch [84/100] - [TRAIN] Loss: 0.5275, Accuracy: 75.14%, AUC: 0.75 [VAL] Loss: 0.5216, Accuracy: 75.48%, Precision: 0.78, Recall: 0.69, F1-Score: 0.73, AUC: 0.75
Epoch [85/100] - [TRAIN] Loss: 0.5294, Accuracy: 75.18%, AUC: 0.75 [VAL] Loss: 0.5253, Accuracy: 74.88%, Precision: 0.79, Recall: 0.67, F1-Score: 0.73, AUC: 0.75
Epoch [86/100] - [TRAIN] Loss: 0.5314, Accuracy: 75.02%, AUC: 0.75 [VAL] Loss: 0.5141, Accuracy: 76.38%, Precision: 0.80, Recall: 0.69, F1-Score: 0.74, AUC: 0.76
Epoch [87/100] - [TRAIN] Loss: 0.5291, Accuracy: 75.14%, AUC: 0.75 [VAL] Loss: 0.5311, Accuracy: 75.01%, Precision: 0.79, Recall: 0.68, F1-Score: 0.73, AUC: 0.75
Epoch [88/100] - [TRAIN] Loss: 0.5290, Accuracy: 75.18%, AUC: 0.75 [VAL] Loss: 0.5176, Accuracy: 75.76%, Precision: 0.78, Recall: 0.69, F1-Score: 0.74, AUC: 0.76
Epoch [89/100] - [TRAIN] Loss: 0.5315, Accuracy: 74.94%, AUC: 0.75 [VAL] Loss: 0.5261, Accuracy: 75.25%, Precision: 0.78, Recall: 0.67, F1-Score: 0.72, AUC: 0.75
Epoch [90/100] - [TRAIN] Loss: 0.5335, Accuracy: 75.10%, AUC: 0.75 [VAL] Loss: 0.5270, Accuracy: 75.05%, Precision: 0.79, Recall: 0.68, F1-Score: 0.73, AUC: 0.75
Epoch [91/100] - [TRAIN] Loss: 0.5329, Accuracy: 74.66%, AUC: 0.75 [VAL] Loss: 0.5155, Accuracy: 76.08%, Precision: 0.79, Recall: 0.69, F1-Score: 0.74, AUC: 0.76
Epoch [92/100] - [TRAIN] Loss: 0.5332, Accuracy: 75.02%, AUC: 0.75 [VAL] Loss: 0.5137, Accuracy: 76.15%, Precision: 0.80, Recall: 0.69, F1-Score: 0.74, AUC: 0.76
Epoch [93/100] - [TRAIN] Loss: 0.5325, Accuracy: 74.80%, AUC: 0.75 [VAL] Loss: 0.5200, Accuracy: 75.83%, Precision: 0.79, Recall: 0.68, F1-Score: 0.73, AUC: 0.76
Epoch [94/100] - [TRAIN] Loss: 0.5292, Accuracy: 75.06%, AUC: 0.75 [VAL] Loss: 0.5219, Accuracy: 75.48%, Precision: 0.79, Recall: 0.68, F1-Score: 0.73, AUC: 0.75
Epoch [95/100] - [TRAIN] Loss: 0.5321, Accuracy: 74.96%, AUC: 0.75 [VAL] Loss: 0.5238, Accuracy: 75.28%, Precision: 0.78, Recall: 0.68, F1-Score: 0.73, AUC: 0.75
Epoch [96/100] - [TRAIN] Loss: 0.5291, Accuracy: 75.01%, AUC: 0.75 [VAL] Loss: 0.5209, Accuracy: 75.49%, Precision: 0.78, Recall: 0.68, F1-Score: 0.73, AUC: 0.75
Epoch [97/100] - [TRAIN] Loss: 0.5284, Accuracy: 75.06%, AUC: 0.75 [VAL] Loss: 0.5171, Accuracy: 76.08%, Precision: 0.79, Recall: 0.69, F1-Score: 0.74, AUC: 0.76
Epoch [98/100] - [TRAIN] Loss: 0.5333, Accuracy: 74.80%, AUC: 0.75 [VAL] Loss: 0.5161, Accuracy: 76.15%, Precision: 0.80, Recall: 0.69, F1-Score: 0.74, AUC: 0.76
Epoch [99/100] - [TRAIN] Loss: 0.5321, Accuracy: 74.67%, AUC: 0.75 [VAL] Loss: 0.5227, Accuracy: 75.88%, Precision: 0.79, Recall: 0.69, F1-Score: 0.74, AUC: 0.76
Epoch [100/100] - [TRAIN] Loss: 0.5314, Accuracy: 75.00%, AUC: 0.75 [VAL] Loss: 0.5166, Accuracy: 76.34%, Precision: 0.79, Recall: 0.69, F1-Score: 0.74, AUC: 0.76
Accuracy Score on test set: 75.76 %
    AUC Score on test set: 0.76
    Precision: 0.7794
    Recall: 0.6919
    F1-Score: 0.7330

    Detailed Classification Report:
                  precision    recall  f1-score   support

           0       0.74      0.82      0.78      5190
           1       0.78      0.69      0.73      4810

    accuracy                           0.76     10000
   macro avg       0.76      0.76      0.76     10000
weighted avg       0.76      0.76      0.76     10000


    Confusion Matrix:
    [[4248  942]
 [1482 3328]]
    
Batch FINISHED!!!

Real-time duration: 9249.842356113 seconds
