Pytorch Conv1D
Loading the data ...
Loading the chunk ...
Loading the chunk ...
Loading the chunk ...
Loading the chunk ...
Loading the chunk ...
Loading the chunk ...
Loading the chunk ...
Loading the chunk ...
Loading the chunk ...
Loading the chunk ...
Loading the chunk ...
Loading the chunk ...
Loading the chunk ...
Loading the chunk ...
Loading the chunk ...
Loading the chunk ...
Loading the chunk ...
Loading the chunk ...
Loading the chunk ...
Loading the chunk ...
Loading the chunk ...
Loading the chunk ...
Loading the chunk ...
Loading the chunk ...
Loading the chunk ...
Loading the chunk ...
Loading the chunk ...
Loading the chunk ...
Loading the chunk ...
Loading the chunk ...
Loading the chunk ...
Loading the chunk ...
Loading the chunk ...
Loading the chunk ...
Loading the chunk ...
Loading the chunk ...
Loading the chunk ...
Loading the chunk ...
Loading the chunk ...
Loading the chunk ...
Loading the chunk ...
Loading the chunk ...
Loading the chunk ...
Loading the chunk ...
Loading the chunk ...
Loading the chunk ...
Loading the chunk ...
Loading the chunk ...
Loading the chunk ...
Loading the chunk ...
Loading the chunk ...
Loading the chunk ...
Loading the chunk ...
Loading the chunk ...
Loading the chunk ...
Loading the chunk ...
Loading the chunk ...
Loading the chunk ...
Loading the chunk ...
Loading the chunk ...
Loading the data ...
Loading the chunk ...
Loading the chunk ...
Loading the chunk ...
Loading the chunk ...
Loading the chunk ...
Loading the chunk ...
Loading the chunk ...
Loading the chunk ...
Loading the chunk ...
Loading the chunk ...
Loading the chunk ...
Loading the chunk ...
Loading the chunk ...
Loading the chunk ...
Loading the chunk ...
Loading the chunk ...
Loading the chunk ...
Loading the chunk ...
Loading the chunk ...
Loading the chunk ...
Loading the chunk ...
Loading the chunk ...
Loading the chunk ...
Loading the chunk ...
Loading the chunk ...
Loading the chunk ...
Loading the chunk ...
Loading the chunk ...
Loading the chunk ...
Loading the chunk ...
Loading the chunk ...
Loading the chunk ...
Loading the chunk ...
Loading the chunk ...
Loading the chunk ...
Loading the chunk ...
Loading the chunk ...
Loading the chunk ...
Loading the chunk ...
Loading the chunk ...
Loading the chunk ...
Loading the chunk ...
Loading the chunk ...
Loading the chunk ...
Loading the chunk ...
Loading the chunk ...
Loading the chunk ...
Loading the chunk ...
Loading the chunk ...
Loading the chunk ...
Loading the chunk ...
Loading the chunk ...
Loading the chunk ...
Loading the chunk ...
Loading the chunk ...
Loading the chunk ...
Loading the chunk ...
Loading the chunk ...
Loading the chunk ...
Loading the chunk ...
Epoch 1, Time:95.1187436580658,  Loss: 19.256837844848633
Epoch 2, Time:94.41080522537231,  Loss: 604.6280517578125
Epoch 3, Time:94.40995144844055,  Loss: 503.7142639160156
Epoch 4, Time:94.4224636554718,  Loss: 14.494139671325684
Epoch 5, Time:94.40725064277649,  Loss: 150.2025146484375
Epoch 6, Time:94.42390298843384,  Loss: 16.249835968017578
Epoch 7, Time:94.4213330745697,  Loss: 235.12454223632812
Epoch 8, Time:94.42237067222595,  Loss: 19.87285614013672
Epoch 9, Time:94.4074318408966,  Loss: 4560.35791015625
Epoch 10, Time:94.3886501789093,  Loss: 22.147247314453125
Epoch 11, Time:94.38434863090515,  Loss: 80.57831573486328
Epoch 12, Time:94.37469363212585,  Loss: 32.98218536376953
Epoch 13, Time:94.35966539382935,  Loss: 420.41937255859375
Epoch 14, Time:94.34216117858887,  Loss: 471.0956726074219
Epoch 15, Time:94.33109426498413,  Loss: 6895.84033203125
Epoch 16, Time:94.32767033576965,  Loss: 70.02021789550781
Epoch 17, Time:94.32428860664368,  Loss: 105.41122436523438
Epoch 18, Time:94.32038617134094,  Loss: 115.56983184814453
Epoch 19, Time:94.31946730613708,  Loss: 1057.93896484375
Epoch 20, Time:94.3119547367096,  Loss: 1535.2154541015625
Epoch 21, Time:94.31014227867126,  Loss: 107.26264953613281
Epoch 22, Time:94.30899953842163,  Loss: 120.3109130859375
Epoch 23, Time:94.30462193489075,  Loss: 341.1100769042969
Epoch 24, Time:94.30412220954895,  Loss: 144.87008666992188
Epoch 25, Time:94.30319356918335,  Loss: 122.72193145751953
Epoch 26, Time:94.30138230323792,  Loss: 76.41465759277344
Epoch 27, Time:94.29679703712463,  Loss: 170.51844787597656
Epoch 28, Time:94.3056013584137,  Loss: 85.87217712402344
Epoch 29, Time:94.30465960502625,  Loss: 168.54904174804688
Epoch 30, Time:94.29304194450378,  Loss: 117.4735107421875
Epoch 31, Time:94.30504083633423,  Loss: 300.71722412109375
Epoch 32, Time:94.31217646598816,  Loss: 192.76513671875
Epoch 33, Time:94.30739569664001,  Loss: 333.3760986328125
Epoch 34, Time:94.31332063674927,  Loss: 198.7304229736328
Epoch 35, Time:94.32206630706787,  Loss: 370.86773681640625
Epoch 36, Time:94.31825256347656,  Loss: 770.5437622070312
Epoch 37, Time:94.3205783367157,  Loss: 195.25662231445312
Epoch 38, Time:94.326176404953,  Loss: 233.24447631835938
Epoch 39, Time:94.32776260375977,  Loss: 221.01397705078125
Epoch 40, Time:94.32463955879211,  Loss: 264.6282958984375
Epoch 41, Time:94.31207227706909,  Loss: 272.78338623046875
Epoch 42, Time:94.31557512283325,  Loss: 212.25091552734375
Epoch 43, Time:94.31403875350952,  Loss: 715.60986328125
Epoch 44, Time:94.32683110237122,  Loss: 234.15467834472656
Epoch 45, Time:94.32580208778381,  Loss: 196.25759887695312
Epoch 46, Time:94.32331204414368,  Loss: 119.74937438964844
Epoch 47, Time:94.33036541938782,  Loss: 253.79421997070312
Epoch 48, Time:94.31838726997375,  Loss: 130.63055419921875
Epoch 49, Time:94.31749057769775,  Loss: 243.8974609375
Epoch 50, Time:94.31696915626526,  Loss: 249.64405822753906
Epoch 51, Time:94.32939505577087,  Loss: 201.0823974609375
Epoch 52, Time:94.32796621322632,  Loss: 172.73248291015625
Epoch 53, Time:94.32918310165405,  Loss: 288.2140197753906
Epoch 54, Time:94.32679224014282,  Loss: 778.1474609375
Epoch 55, Time:94.31594562530518,  Loss: 722.371337890625
Epoch 56, Time:94.3169481754303,  Loss: 153.88555908203125
Epoch 57, Time:94.32339668273926,  Loss: 588.0626220703125
Epoch 58, Time:94.32507967948914,  Loss: 478.90264892578125
Epoch 59, Time:94.32229423522949,  Loss: 249.8212127685547
Epoch 60, Time:94.32203984260559,  Loss: 341.26348876953125
Epoch 61, Time:94.33048462867737,  Loss: 1258.5887451171875
Epoch 62, Time:94.3279378414154,  Loss: 1275.84521484375
Epoch 63, Time:94.32900857925415,  Loss: 255.7327423095703
Epoch 64, Time:94.33198142051697,  Loss: 233.57760620117188
Epoch 65, Time:94.32712769508362,  Loss: 204.89158630371094
Epoch 66, Time:94.32436680793762,  Loss: 293.9256286621094
Epoch 67, Time:94.32014083862305,  Loss: 321.7037048339844
Epoch 68, Time:94.3215880393982,  Loss: 331.92742919921875
Epoch 69, Time:94.33080959320068,  Loss: 287.3538818359375
Epoch 70, Time:94.32773900032043,  Loss: 138.98440551757812
Epoch 71, Time:94.32372665405273,  Loss: 34469.43359375
Epoch 72, Time:94.32961773872375,  Loss: 3474.919921875
Epoch 73, Time:94.32264876365662,  Loss: 255.69735717773438
Epoch 74, Time:94.32350730895996,  Loss: 190.74185180664062
Epoch 75, Time:94.3296160697937,  Loss: 259.7481384277344
Epoch 76, Time:94.33048415184021,  Loss: 884.2657470703125
Epoch 77, Time:94.32785654067993,  Loss: 141.14389038085938
Epoch 78, Time:94.32407259941101,  Loss: 2899.81591796875
Epoch 79, Time:94.31729006767273,  Loss: 320.8459777832031
Epoch 80, Time:94.32203769683838,  Loss: 702.3089599609375
Epoch 81, Time:94.32154941558838,  Loss: 224.60848999023438
Epoch 82, Time:94.32275652885437,  Loss: 274.6880187988281
Epoch 83, Time:94.3261730670929,  Loss: 765.8858642578125
Epoch 84, Time:94.32396268844604,  Loss: 319.2236022949219
Epoch 85, Time:94.31997609138489,  Loss: 289.79803466796875
Epoch 86, Time:94.32469534873962,  Loss: 227.68185424804688
Epoch 87, Time:94.32529640197754,  Loss: 179.23187255859375
Epoch 88, Time:94.32657599449158,  Loss: 219.51817321777344
Epoch 89, Time:94.31758832931519,  Loss: 176.141845703125
Epoch 90, Time:94.3216450214386,  Loss: 182.91824340820312
Epoch 91, Time:94.3239152431488,  Loss: 430.95465087890625
Epoch 92, Time:94.32107758522034,  Loss: 355.7951354980469
Epoch 93, Time:94.32343125343323,  Loss: 4217.95263671875
Epoch 94, Time:94.320716381073,  Loss: 248.08584594726562
Epoch 95, Time:94.32338213920593,  Loss: 37410.88671875
Epoch 96, Time:94.3266532421112,  Loss: 274.50189208984375
Epoch 97, Time:94.32038688659668,  Loss: 277.810302734375
Epoch 98, Time:94.3196747303009,  Loss: 222.6116943359375
Epoch 99, Time:94.32054853439331,  Loss: 351.8045654296875
Epoch 100, Time:94.32803082466125,  Loss: 189.3590850830078
Average loss on the test data: 12775.0555
MSE: 12806.4521484375
RMSE: 113.16559600830078
MAE: 25.44666862487793
R2 Score: -4.5299530029296875e-06
Predictions and true values saved to predictions_v1_conv1d_20240704081204.csv.

Real-time duration: 9758.618483326 seconds
