Using device: cuda
Current CUDA device: 0
CUDA device name: Tesla V100-PCIE-32GB
/group/pmc021/amunif/epi-thesis/workflow/09_Learning_to_Rank/output/autoencoder/all_features/model/dol1l2-autoencoder-cnn-64-32-0.2-checkpoint-1000000-100-64-0.005-0.001.pt
CNNAutoEncoder(
  (encoder): Sequential(
    (0): Conv2d(1, 16, kernel_size=(5, 10), stride=(1, 4), padding=(0, 3))
    (1): BatchNorm2d(16, eps=1e-05, momentum=0.1, affine=True, track_running_stats=True)
    (2): ReLU()
    (3): Conv2d(16, 32, kernel_size=(1, 10), stride=(1, 4), padding=(0, 3))
    (4): BatchNorm2d(32, eps=1e-05, momentum=0.1, affine=True, track_running_stats=True)
    (5): ReLU()
    (6): Conv2d(32, 64, kernel_size=(1, 10), stride=(1, 4), padding=(0, 3))
    (7): BatchNorm2d(64, eps=1e-05, momentum=0.1, affine=True, track_running_stats=True)
    (8): ReLU()
    (9): Conv2d(64, 64, kernel_size=(1, 5), stride=(1, 2), padding=(0, 2))
  )
  (decoder): Sequential(
    (0): ConvTranspose2d(64, 64, kernel_size=(1, 5), stride=(1, 2), padding=(0, 2), output_padding=(0, 1))
    (1): BatchNorm2d(64, eps=1e-05, momentum=0.1, affine=True, track_running_stats=True)
    (2): ReLU()
    (3): ConvTranspose2d(64, 32, kernel_size=(1, 10), stride=(1, 4), padding=(0, 3), output_padding=(0, 2))
    (4): BatchNorm2d(32, eps=1e-05, momentum=0.1, affine=True, track_running_stats=True)
    (5): ReLU()
    (6): ConvTranspose2d(32, 16, kernel_size=(1, 10), stride=(1, 4), padding=(0, 3))
    (7): BatchNorm2d(16, eps=1e-05, momentum=0.1, affine=True, track_running_stats=True)
    (8): ReLU()
    (9): ConvTranspose2d(16, 1, kernel_size=(5, 10), stride=(1, 4), padding=(0, 3))
    (10): Sigmoid()
  )
)
Epoch [1/100], Train Loss: 0.0295, Val Loss: 0.0026
Epoch [2/100], Train Loss: 0.0018, Val Loss: 0.0014
Epoch [3/100], Train Loss: 0.0010, Val Loss: 0.0006
Epoch [4/100], Train Loss: 0.0006, Val Loss: 0.0005
Epoch [5/100], Train Loss: 0.0004, Val Loss: 0.0004
Epoch [6/100], Train Loss: 0.0003, Val Loss: 0.0003
Epoch [7/100], Train Loss: 0.0003, Val Loss: 0.0003
Epoch [8/100], Train Loss: 0.0002, Val Loss: 0.0002
Epoch [9/100], Train Loss: 0.0002, Val Loss: 0.0002
Epoch [10/100], Train Loss: 0.0001, Val Loss: 0.0001
Epoch [11/100], Train Loss: 0.0001, Val Loss: 0.0001
Epoch [12/100], Train Loss: 0.0001, Val Loss: 0.0001
Epoch [13/100], Train Loss: 0.0001, Val Loss: 0.0001
Epoch [14/100], Train Loss: 0.0001, Val Loss: 0.0001
Epoch [15/100], Train Loss: 0.0001, Val Loss: 0.0001
Epoch [16/100], Train Loss: 0.0001, Val Loss: 0.0001
Epoch [17/100], Train Loss: 0.0001, Val Loss: 0.0001
Epoch [18/100], Train Loss: 0.0001, Val Loss: 0.0000
Epoch [19/100], Train Loss: 0.0000, Val Loss: 0.0000
Epoch [20/100], Train Loss: 0.0000, Val Loss: 0.0000
Epoch [21/100], Train Loss: 0.0000, Val Loss: 0.0001
Epoch [22/100], Train Loss: 0.0001, Val Loss: 0.0000
Epoch [23/100], Train Loss: 0.0000, Val Loss: 0.0000
Epoch [24/100], Train Loss: 0.0000, Val Loss: 0.0000
Epoch [25/100], Train Loss: 0.0000, Val Loss: 0.0000
Epoch [26/100], Train Loss: 0.0000, Val Loss: 0.0000
Epoch [27/100], Train Loss: 0.0000, Val Loss: 0.0000
Epoch [28/100], Train Loss: 0.0000, Val Loss: 0.0000
Epoch [29/100], Train Loss: 0.0000, Val Loss: 0.0000
Epoch [30/100], Train Loss: 0.0001, Val Loss: 0.0001
Epoch [31/100], Train Loss: 0.0000, Val Loss: 0.0000
Epoch [32/100], Train Loss: 0.0000, Val Loss: 0.0000
Epoch [33/100], Train Loss: 0.0000, Val Loss: 0.0000
Epoch [34/100], Train Loss: 0.0000, Val Loss: 0.0000
Epoch [35/100], Train Loss: 0.0000, Val Loss: 0.0000
Epoch [36/100], Train Loss: 0.0000, Val Loss: 0.0000
Epoch [37/100], Train Loss: 0.0000, Val Loss: 0.0000
Epoch [38/100], Train Loss: 0.0000, Val Loss: 0.0000
Epoch [39/100], Train Loss: 0.0000, Val Loss: 0.0000
Epoch [40/100], Train Loss: 0.0000, Val Loss: 0.0000
Epoch [41/100], Train Loss: 0.0000, Val Loss: 0.0000
Epoch [42/100], Train Loss: 0.0000, Val Loss: 0.0000
Epoch [43/100], Train Loss: 0.0000, Val Loss: 0.0000
Epoch [44/100], Train Loss: 0.0000, Val Loss: 0.0000
Epoch [45/100], Train Loss: 0.0000, Val Loss: 0.0000
Epoch [46/100], Train Loss: 0.0000, Val Loss: 0.0000
Epoch [47/100], Train Loss: 0.0000, Val Loss: 0.0001
Epoch [48/100], Train Loss: 0.0000, Val Loss: 0.0000
Epoch [49/100], Train Loss: 0.0000, Val Loss: 0.0000
Epoch [50/100], Train Loss: 0.0000, Val Loss: 0.0000
Epoch [51/100], Train Loss: 0.0000, Val Loss: 0.0000
Epoch [52/100], Train Loss: 0.0000, Val Loss: 0.0000
Epoch [53/100], Train Loss: 0.0000, Val Loss: 0.0000
Epoch [54/100], Train Loss: 0.0000, Val Loss: 0.0000
Epoch [55/100], Train Loss: 0.0000, Val Loss: 0.0000
Epoch [56/100], Train Loss: 0.0000, Val Loss: 0.0000
Epoch [57/100], Train Loss: 0.0000, Val Loss: 0.0000
Epoch [58/100], Train Loss: 0.0000, Val Loss: 0.0000
Epoch [59/100], Train Loss: 0.0000, Val Loss: 0.0000
Epoch [60/100], Train Loss: 0.0000, Val Loss: 0.0000
Epoch [61/100], Train Loss: 0.0000, Val Loss: 0.0000
Epoch [62/100], Train Loss: 0.0000, Val Loss: 0.0000
Epoch [63/100], Train Loss: 0.0000, Val Loss: 0.0000
Epoch [64/100], Train Loss: 0.0000, Val Loss: 0.0000
Epoch [65/100], Train Loss: 0.0000, Val Loss: 0.0000
Epoch [66/100], Train Loss: 0.0000, Val Loss: 0.0000
Epoch [67/100], Train Loss: 0.0000, Val Loss: 0.0000
Epoch [68/100], Train Loss: 0.0000, Val Loss: 0.0000
Epoch [69/100], Train Loss: 0.0000, Val Loss: 0.0000
Epoch [70/100], Train Loss: 0.0000, Val Loss: 0.0000
Epoch [71/100], Train Loss: 0.0000, Val Loss: 0.0000
Epoch [72/100], Train Loss: 0.0000, Val Loss: 0.0000
Epoch [73/100], Train Loss: 0.0000, Val Loss: 0.0000
Epoch [74/100], Train Loss: 0.0000, Val Loss: 0.0000
Epoch [75/100], Train Loss: 0.0000, Val Loss: 0.0000
Epoch [76/100], Train Loss: 0.0000, Val Loss: 0.0000
Epoch [77/100], Train Loss: 0.0000, Val Loss: 0.0000
Epoch [78/100], Train Loss: 0.0000, Val Loss: 0.0000
Epoch [79/100], Train Loss: 0.0000, Val Loss: 0.0000
Epoch [80/100], Train Loss: 0.0000, Val Loss: 0.0000
Epoch [81/100], Train Loss: 0.0000, Val Loss: 0.0000
Epoch [82/100], Train Loss: 0.0000, Val Loss: 0.0000
Epoch [83/100], Train Loss: 0.0000, Val Loss: 0.0000
Epoch [84/100], Train Loss: 0.0000, Val Loss: 0.0000
Epoch [85/100], Train Loss: 0.0000, Val Loss: 0.0000
Epoch [86/100], Train Loss: 0.0000, Val Loss: 0.0000
Epoch [87/100], Train Loss: 0.0000, Val Loss: 0.0000
Epoch [88/100], Train Loss: 0.0000, Val Loss: 0.0000
Epoch [89/100], Train Loss: 0.0000, Val Loss: 0.0000
Epoch [90/100], Train Loss: 0.0000, Val Loss: 0.0000
Epoch [91/100], Train Loss: 0.0000, Val Loss: 0.0000
Epoch [92/100], Train Loss: 0.0000, Val Loss: 0.0000
Epoch [93/100], Train Loss: 0.0000, Val Loss: 0.0000
Epoch [94/100], Train Loss: 0.0000, Val Loss: 0.0000
Epoch [95/100], Train Loss: 0.0000, Val Loss: 0.0000
Epoch [96/100], Train Loss: 0.0000, Val Loss: 0.0000
Epoch [97/100], Train Loss: 0.0000, Val Loss: 0.0000
Epoch [98/100], Train Loss: 0.0000, Val Loss: 0.0000
Epoch [99/100], Train Loss: 0.0000, Val Loss: 0.0000
Epoch [100/100], Train Loss: 0.0000, Val Loss: 0.0000
[    0     1     2 ... 22151 22152 22153]
Train indices: 17723
Test indices: 2216
Validation indices: 2215
BinaryClassifierDropOutL1L2(
  (network): Sequential(
    (0): Linear(in_features=3968, out_features=512, bias=True)
    (1): LeakyReLU(negative_slope=0.1)
    (2): Dropout(p=0.2, inplace=False)
    (3): Linear(in_features=512, out_features=256, bias=True)
    (4): LeakyReLU(negative_slope=0.1)
    (5): Dropout(p=0.2, inplace=False)
    (6): Linear(in_features=256, out_features=1, bias=True)
    (7): Sigmoid()
  )
)
Epoch [1/100] - [TRAIN] Loss: 0.6214, Accuracy: 70.72%, AUC: 0.70 [VAL] Loss: 0.6235, Accuracy: 70.20%, Precision: 0.70, Recall: 0.64, F1-Score: 0.67, AUC: 0.70
Epoch [2/100] - [TRAIN] Loss: 0.5966, Accuracy: 72.27%, AUC: 0.72 [VAL] Loss: 0.6200, Accuracy: 70.66%, Precision: 0.71, Recall: 0.64, F1-Score: 0.67, AUC: 0.70
Epoch [3/100] - [TRAIN] Loss: 0.5821, Accuracy: 73.34%, AUC: 0.73 [VAL] Loss: 0.6224, Accuracy: 70.60%, Precision: 0.71, Recall: 0.65, F1-Score: 0.68, AUC: 0.70
Epoch [4/100] - [TRAIN] Loss: 0.5693, Accuracy: 74.32%, AUC: 0.74 [VAL] Loss: 0.6283, Accuracy: 70.44%, Precision: 0.71, Recall: 0.64, F1-Score: 0.67, AUC: 0.70
Epoch [5/100] - [TRAIN] Loss: 0.5580, Accuracy: 75.05%, AUC: 0.75 [VAL] Loss: 0.6378, Accuracy: 69.98%, Precision: 0.71, Recall: 0.62, F1-Score: 0.66, AUC: 0.70
Epoch [6/100] - [TRAIN] Loss: 0.5486, Accuracy: 75.80%, AUC: 0.75 [VAL] Loss: 0.6386, Accuracy: 70.25%, Precision: 0.70, Recall: 0.64, F1-Score: 0.67, AUC: 0.70
Epoch [7/100] - [TRAIN] Loss: 0.5409, Accuracy: 76.25%, AUC: 0.76 [VAL] Loss: 0.6483, Accuracy: 69.83%, Precision: 0.71, Recall: 0.62, F1-Score: 0.66, AUC: 0.69
Epoch [8/100] - [TRAIN] Loss: 0.5353, Accuracy: 76.61%, AUC: 0.76 [VAL] Loss: 0.6589, Accuracy: 69.48%, Precision: 0.71, Recall: 0.61, F1-Score: 0.65, AUC: 0.69
Epoch [9/100] - [TRAIN] Loss: 0.5298, Accuracy: 77.00%, AUC: 0.77 [VAL] Loss: 0.6530, Accuracy: 69.78%, Precision: 0.70, Recall: 0.62, F1-Score: 0.66, AUC: 0.69
Epoch [10/100] - [TRAIN] Loss: 0.5291, Accuracy: 76.97%, AUC: 0.77 [VAL] Loss: 0.6533, Accuracy: 69.96%, Precision: 0.71, Recall: 0.62, F1-Score: 0.66, AUC: 0.70
Epoch [11/100] - [TRAIN] Loss: 0.5275, Accuracy: 77.05%, AUC: 0.77 [VAL] Loss: 0.6513, Accuracy: 69.95%, Precision: 0.70, Recall: 0.63, F1-Score: 0.66, AUC: 0.70
Epoch [12/100] - [TRAIN] Loss: 0.5279, Accuracy: 77.04%, AUC: 0.77 [VAL] Loss: 0.6521, Accuracy: 70.06%, Precision: 0.71, Recall: 0.63, F1-Score: 0.66, AUC: 0.70
Epoch [13/100] - [TRAIN] Loss: 0.5270, Accuracy: 77.11%, AUC: 0.77 [VAL] Loss: 0.6586, Accuracy: 69.58%, Precision: 0.70, Recall: 0.62, F1-Score: 0.66, AUC: 0.69
Epoch [14/100] - [TRAIN] Loss: 0.5252, Accuracy: 77.27%, AUC: 0.77 [VAL] Loss: 0.6572, Accuracy: 69.62%, Precision: 0.70, Recall: 0.63, F1-Score: 0.66, AUC: 0.69
Epoch [15/100] - [TRAIN] Loss: 0.5251, Accuracy: 77.26%, AUC: 0.77 [VAL] Loss: 0.6568, Accuracy: 69.75%, Precision: 0.70, Recall: 0.63, F1-Score: 0.66, AUC: 0.69
Epoch [16/100] - [TRAIN] Loss: 0.5252, Accuracy: 77.19%, AUC: 0.77 [VAL] Loss: 0.6584, Accuracy: 69.57%, Precision: 0.70, Recall: 0.62, F1-Score: 0.66, AUC: 0.69
Epoch [17/100] - [TRAIN] Loss: 0.5252, Accuracy: 77.20%, AUC: 0.77 [VAL] Loss: 0.6578, Accuracy: 69.67%, Precision: 0.70, Recall: 0.62, F1-Score: 0.66, AUC: 0.69
Epoch [18/100] - [TRAIN] Loss: 0.5256, Accuracy: 77.18%, AUC: 0.77 [VAL] Loss: 0.6578, Accuracy: 69.72%, Precision: 0.70, Recall: 0.62, F1-Score: 0.66, AUC: 0.69
Epoch [19/100] - [TRAIN] Loss: 0.5255, Accuracy: 77.21%, AUC: 0.77 [VAL] Loss: 0.6577, Accuracy: 69.64%, Precision: 0.70, Recall: 0.62, F1-Score: 0.66, AUC: 0.69
Epoch [20/100] - [TRAIN] Loss: 0.5246, Accuracy: 77.23%, AUC: 0.77 [VAL] Loss: 0.6559, Accuracy: 69.75%, Precision: 0.70, Recall: 0.62, F1-Score: 0.66, AUC: 0.69
Epoch [21/100] - [TRAIN] Loss: 0.5251, Accuracy: 77.25%, AUC: 0.77 [VAL] Loss: 0.6615, Accuracy: 69.40%, Precision: 0.70, Recall: 0.62, F1-Score: 0.66, AUC: 0.69
Epoch [22/100] - [TRAIN] Loss: 0.5257, Accuracy: 77.18%, AUC: 0.77 [VAL] Loss: 0.6577, Accuracy: 69.47%, Precision: 0.70, Recall: 0.62, F1-Score: 0.66, AUC: 0.69
Epoch [23/100] - [TRAIN] Loss: 0.5255, Accuracy: 77.19%, AUC: 0.77 [VAL] Loss: 0.6572, Accuracy: 69.85%, Precision: 0.70, Recall: 0.63, F1-Score: 0.66, AUC: 0.69
Epoch [24/100] - [TRAIN] Loss: 0.5258, Accuracy: 77.17%, AUC: 0.77 [VAL] Loss: 0.6596, Accuracy: 69.67%, Precision: 0.70, Recall: 0.62, F1-Score: 0.66, AUC: 0.69
Epoch [25/100] - [TRAIN] Loss: 0.5253, Accuracy: 77.24%, AUC: 0.77 [VAL] Loss: 0.6606, Accuracy: 69.59%, Precision: 0.70, Recall: 0.62, F1-Score: 0.66, AUC: 0.69
Epoch [26/100] - [TRAIN] Loss: 0.5246, Accuracy: 77.28%, AUC: 0.77 [VAL] Loss: 0.6617, Accuracy: 69.61%, Precision: 0.70, Recall: 0.62, F1-Score: 0.66, AUC: 0.69
Epoch [27/100] - [TRAIN] Loss: 0.5253, Accuracy: 77.18%, AUC: 0.77 [VAL] Loss: 0.6588, Accuracy: 69.63%, Precision: 0.70, Recall: 0.62, F1-Score: 0.66, AUC: 0.69
Epoch [28/100] - [TRAIN] Loss: 0.5250, Accuracy: 77.24%, AUC: 0.77 [VAL] Loss: 0.6589, Accuracy: 69.64%, Precision: 0.70, Recall: 0.62, F1-Score: 0.66, AUC: 0.69
Epoch [29/100] - [TRAIN] Loss: 0.5259, Accuracy: 77.17%, AUC: 0.77 [VAL] Loss: 0.6638, Accuracy: 69.40%, Precision: 0.70, Recall: 0.62, F1-Score: 0.66, AUC: 0.69
Epoch [30/100] - [TRAIN] Loss: 0.5250, Accuracy: 77.22%, AUC: 0.77 [VAL] Loss: 0.6604, Accuracy: 69.64%, Precision: 0.70, Recall: 0.62, F1-Score: 0.66, AUC: 0.69
Epoch [31/100] - [TRAIN] Loss: 0.5254, Accuracy: 77.21%, AUC: 0.77 [VAL] Loss: 0.6583, Accuracy: 69.66%, Precision: 0.70, Recall: 0.62, F1-Score: 0.66, AUC: 0.69
Epoch [32/100] - [TRAIN] Loss: 0.5248, Accuracy: 77.22%, AUC: 0.77 [VAL] Loss: 0.6563, Accuracy: 69.71%, Precision: 0.70, Recall: 0.62, F1-Score: 0.66, AUC: 0.69
Epoch [33/100] - [TRAIN] Loss: 0.5248, Accuracy: 77.25%, AUC: 0.77 [VAL] Loss: 0.6606, Accuracy: 69.50%, Precision: 0.70, Recall: 0.62, F1-Score: 0.66, AUC: 0.69
Epoch [34/100] - [TRAIN] Loss: 0.5253, Accuracy: 77.21%, AUC: 0.77 [VAL] Loss: 0.6585, Accuracy: 69.73%, Precision: 0.70, Recall: 0.62, F1-Score: 0.66, AUC: 0.69
Epoch [35/100] - [TRAIN] Loss: 0.5252, Accuracy: 77.28%, AUC: 0.77 [VAL] Loss: 0.6568, Accuracy: 69.92%, Precision: 0.71, Recall: 0.63, F1-Score: 0.66, AUC: 0.70
Epoch [36/100] - [TRAIN] Loss: 0.5254, Accuracy: 77.22%, AUC: 0.77 [VAL] Loss: 0.6607, Accuracy: 69.54%, Precision: 0.70, Recall: 0.62, F1-Score: 0.66, AUC: 0.69
Epoch [37/100] - [TRAIN] Loss: 0.5260, Accuracy: 77.15%, AUC: 0.77 [VAL] Loss: 0.6619, Accuracy: 69.53%, Precision: 0.70, Recall: 0.62, F1-Score: 0.66, AUC: 0.69
Epoch [38/100] - [TRAIN] Loss: 0.5255, Accuracy: 77.19%, AUC: 0.77 [VAL] Loss: 0.6606, Accuracy: 69.73%, Precision: 0.70, Recall: 0.62, F1-Score: 0.66, AUC: 0.69
Epoch [39/100] - [TRAIN] Loss: 0.5242, Accuracy: 77.27%, AUC: 0.77 [VAL] Loss: 0.6573, Accuracy: 69.77%, Precision: 0.70, Recall: 0.62, F1-Score: 0.66, AUC: 0.69
Epoch [40/100] - [TRAIN] Loss: 0.5250, Accuracy: 77.26%, AUC: 0.77 [VAL] Loss: 0.6610, Accuracy: 69.60%, Precision: 0.70, Recall: 0.62, F1-Score: 0.66, AUC: 0.69
Epoch [41/100] - [TRAIN] Loss: 0.5249, Accuracy: 77.23%, AUC: 0.77 [VAL] Loss: 0.6580, Accuracy: 69.70%, Precision: 0.70, Recall: 0.62, F1-Score: 0.66, AUC: 0.69
Epoch [42/100] - [TRAIN] Loss: 0.5245, Accuracy: 77.32%, AUC: 0.77 [VAL] Loss: 0.6607, Accuracy: 69.50%, Precision: 0.70, Recall: 0.62, F1-Score: 0.66, AUC: 0.69
Epoch [43/100] - [TRAIN] Loss: 0.5247, Accuracy: 77.25%, AUC: 0.77 [VAL] Loss: 0.6615, Accuracy: 69.52%, Precision: 0.70, Recall: 0.62, F1-Score: 0.66, AUC: 0.69
Epoch [44/100] - [TRAIN] Loss: 0.5258, Accuracy: 77.19%, AUC: 0.77 [VAL] Loss: 0.6607, Accuracy: 69.53%, Precision: 0.70, Recall: 0.62, F1-Score: 0.66, AUC: 0.69
Epoch [45/100] - [TRAIN] Loss: 0.5252, Accuracy: 77.29%, AUC: 0.77 [VAL] Loss: 0.6620, Accuracy: 69.47%, Precision: 0.70, Recall: 0.62, F1-Score: 0.66, AUC: 0.69
Epoch [46/100] - [TRAIN] Loss: 0.5250, Accuracy: 77.23%, AUC: 0.77 [VAL] Loss: 0.6589, Accuracy: 69.51%, Precision: 0.70, Recall: 0.62, F1-Score: 0.66, AUC: 0.69
Epoch [47/100] - [TRAIN] Loss: 0.5260, Accuracy: 77.14%, AUC: 0.77 [VAL] Loss: 0.6600, Accuracy: 69.80%, Precision: 0.70, Recall: 0.62, F1-Score: 0.66, AUC: 0.69
Epoch [48/100] - [TRAIN] Loss: 0.5258, Accuracy: 77.19%, AUC: 0.77 [VAL] Loss: 0.6604, Accuracy: 69.56%, Precision: 0.70, Recall: 0.62, F1-Score: 0.66, AUC: 0.69
Epoch [49/100] - [TRAIN] Loss: 0.5257, Accuracy: 77.24%, AUC: 0.77 [VAL] Loss: 0.6600, Accuracy: 69.66%, Precision: 0.70, Recall: 0.62, F1-Score: 0.66, AUC: 0.69
Epoch [50/100] - [TRAIN] Loss: 0.5244, Accuracy: 77.26%, AUC: 0.77 [VAL] Loss: 0.6610, Accuracy: 69.46%, Precision: 0.70, Recall: 0.62, F1-Score: 0.66, AUC: 0.69
Epoch [51/100] - [TRAIN] Loss: 0.5255, Accuracy: 77.22%, AUC: 0.77 [VAL] Loss: 0.6550, Accuracy: 69.87%, Precision: 0.70, Recall: 0.63, F1-Score: 0.66, AUC: 0.69
Epoch [52/100] - [TRAIN] Loss: 0.5244, Accuracy: 77.30%, AUC: 0.77 [VAL] Loss: 0.6598, Accuracy: 69.60%, Precision: 0.70, Recall: 0.62, F1-Score: 0.66, AUC: 0.69
Epoch [53/100] - [TRAIN] Loss: 0.5241, Accuracy: 77.28%, AUC: 0.77 [VAL] Loss: 0.6606, Accuracy: 69.53%, Precision: 0.70, Recall: 0.62, F1-Score: 0.66, AUC: 0.69
Epoch [54/100] - [TRAIN] Loss: 0.5250, Accuracy: 77.23%, AUC: 0.77 [VAL] Loss: 0.6578, Accuracy: 69.60%, Precision: 0.70, Recall: 0.62, F1-Score: 0.66, AUC: 0.69
Epoch [55/100] - [TRAIN] Loss: 0.5251, Accuracy: 77.19%, AUC: 0.77 [VAL] Loss: 0.6603, Accuracy: 69.69%, Precision: 0.70, Recall: 0.62, F1-Score: 0.66, AUC: 0.69
Epoch [56/100] - [TRAIN] Loss: 0.5247, Accuracy: 77.27%, AUC: 0.77 [VAL] Loss: 0.6584, Accuracy: 69.77%, Precision: 0.70, Recall: 0.62, F1-Score: 0.66, AUC: 0.69
Epoch [57/100] - [TRAIN] Loss: 0.5251, Accuracy: 77.24%, AUC: 0.77 [VAL] Loss: 0.6612, Accuracy: 69.52%, Precision: 0.70, Recall: 0.62, F1-Score: 0.66, AUC: 0.69
Epoch [58/100] - [TRAIN] Loss: 0.5245, Accuracy: 77.31%, AUC: 0.77 [VAL] Loss: 0.6576, Accuracy: 69.75%, Precision: 0.70, Recall: 0.63, F1-Score: 0.66, AUC: 0.69
Epoch [59/100] - [TRAIN] Loss: 0.5248, Accuracy: 77.29%, AUC: 0.77 [VAL] Loss: 0.6586, Accuracy: 69.66%, Precision: 0.70, Recall: 0.62, F1-Score: 0.66, AUC: 0.69
Epoch [60/100] - [TRAIN] Loss: 0.5251, Accuracy: 77.23%, AUC: 0.77 [VAL] Loss: 0.6622, Accuracy: 69.44%, Precision: 0.70, Recall: 0.62, F1-Score: 0.66, AUC: 0.69
Epoch [61/100] - [TRAIN] Loss: 0.5243, Accuracy: 77.26%, AUC: 0.77 [VAL] Loss: 0.6594, Accuracy: 69.71%, Precision: 0.70, Recall: 0.63, F1-Score: 0.66, AUC: 0.69
Epoch [62/100] - [TRAIN] Loss: 0.5253, Accuracy: 77.20%, AUC: 0.77 [VAL] Loss: 0.6561, Accuracy: 69.84%, Precision: 0.70, Recall: 0.63, F1-Score: 0.66, AUC: 0.69
Epoch [63/100] - [TRAIN] Loss: 0.5252, Accuracy: 77.23%, AUC: 0.77 [VAL] Loss: 0.6571, Accuracy: 69.92%, Precision: 0.70, Recall: 0.63, F1-Score: 0.66, AUC: 0.70
Epoch [64/100] - [TRAIN] Loss: 0.5252, Accuracy: 77.23%, AUC: 0.77 [VAL] Loss: 0.6553, Accuracy: 69.82%, Precision: 0.70, Recall: 0.63, F1-Score: 0.66, AUC: 0.69
Epoch [65/100] - [TRAIN] Loss: 0.5252, Accuracy: 77.20%, AUC: 0.77 [VAL] Loss: 0.6574, Accuracy: 69.66%, Precision: 0.70, Recall: 0.62, F1-Score: 0.66, AUC: 0.69
Epoch [66/100] - [TRAIN] Loss: 0.5263, Accuracy: 77.11%, AUC: 0.77 [VAL] Loss: 0.6620, Accuracy: 69.45%, Precision: 0.70, Recall: 0.62, F1-Score: 0.66, AUC: 0.69
Epoch [67/100] - [TRAIN] Loss: 0.5248, Accuracy: 77.23%, AUC: 0.77 [VAL] Loss: 0.6582, Accuracy: 69.57%, Precision: 0.70, Recall: 0.62, F1-Score: 0.66, AUC: 0.69
Epoch [68/100] - [TRAIN] Loss: 0.5251, Accuracy: 77.19%, AUC: 0.77 [VAL] Loss: 0.6559, Accuracy: 69.73%, Precision: 0.70, Recall: 0.62, F1-Score: 0.66, AUC: 0.69
Epoch [69/100] - [TRAIN] Loss: 0.5252, Accuracy: 77.16%, AUC: 0.77 [VAL] Loss: 0.6577, Accuracy: 69.88%, Precision: 0.70, Recall: 0.63, F1-Score: 0.66, AUC: 0.70
Epoch [70/100] - [TRAIN] Loss: 0.5249, Accuracy: 77.24%, AUC: 0.77 [VAL] Loss: 0.6632, Accuracy: 69.42%, Precision: 0.70, Recall: 0.62, F1-Score: 0.66, AUC: 0.69
Epoch [71/100] - [TRAIN] Loss: 0.5247, Accuracy: 77.29%, AUC: 0.77 [VAL] Loss: 0.6608, Accuracy: 69.57%, Precision: 0.70, Recall: 0.62, F1-Score: 0.66, AUC: 0.69
Epoch [72/100] - [TRAIN] Loss: 0.5258, Accuracy: 77.16%, AUC: 0.77 [VAL] Loss: 0.6567, Accuracy: 69.76%, Precision: 0.70, Recall: 0.63, F1-Score: 0.66, AUC: 0.69
Epoch [73/100] - [TRAIN] Loss: 0.5253, Accuracy: 77.21%, AUC: 0.77 [VAL] Loss: 0.6586, Accuracy: 69.54%, Precision: 0.70, Recall: 0.62, F1-Score: 0.66, AUC: 0.69
Epoch [74/100] - [TRAIN] Loss: 0.5261, Accuracy: 77.16%, AUC: 0.77 [VAL] Loss: 0.6605, Accuracy: 69.40%, Precision: 0.70, Recall: 0.62, F1-Score: 0.66, AUC: 0.69
Epoch [75/100] - [TRAIN] Loss: 0.5255, Accuracy: 77.22%, AUC: 0.77 [VAL] Loss: 0.6560, Accuracy: 69.81%, Precision: 0.71, Recall: 0.63, F1-Score: 0.66, AUC: 0.69
Epoch [76/100] - [TRAIN] Loss: 0.5254, Accuracy: 77.21%, AUC: 0.77 [VAL] Loss: 0.6600, Accuracy: 69.50%, Precision: 0.70, Recall: 0.62, F1-Score: 0.66, AUC: 0.69
Epoch [77/100] - [TRAIN] Loss: 0.5251, Accuracy: 77.23%, AUC: 0.77 [VAL] Loss: 0.6623, Accuracy: 69.50%, Precision: 0.70, Recall: 0.62, F1-Score: 0.66, AUC: 0.69
Epoch [78/100] - [TRAIN] Loss: 0.5253, Accuracy: 77.19%, AUC: 0.77 [VAL] Loss: 0.6610, Accuracy: 69.56%, Precision: 0.70, Recall: 0.62, F1-Score: 0.66, AUC: 0.69
Epoch [79/100] - [TRAIN] Loss: 0.5244, Accuracy: 77.29%, AUC: 0.77 [VAL] Loss: 0.6585, Accuracy: 69.65%, Precision: 0.70, Recall: 0.62, F1-Score: 0.66, AUC: 0.69
Epoch [80/100] - [TRAIN] Loss: 0.5252, Accuracy: 77.21%, AUC: 0.77 [VAL] Loss: 0.6582, Accuracy: 69.40%, Precision: 0.70, Recall: 0.62, F1-Score: 0.66, AUC: 0.69
Epoch [81/100] - [TRAIN] Loss: 0.5251, Accuracy: 77.25%, AUC: 0.77 [VAL] Loss: 0.6573, Accuracy: 69.64%, Precision: 0.70, Recall: 0.62, F1-Score: 0.66, AUC: 0.69
Epoch [82/100] - [TRAIN] Loss: 0.5255, Accuracy: 77.18%, AUC: 0.77 [VAL] Loss: 0.6621, Accuracy: 69.52%, Precision: 0.70, Recall: 0.62, F1-Score: 0.66, AUC: 0.69
Epoch [83/100] - [TRAIN] Loss: 0.5250, Accuracy: 77.28%, AUC: 0.77 [VAL] Loss: 0.6592, Accuracy: 69.67%, Precision: 0.70, Recall: 0.62, F1-Score: 0.66, AUC: 0.69
Epoch [84/100] - [TRAIN] Loss: 0.5255, Accuracy: 77.25%, AUC: 0.77 [VAL] Loss: 0.6596, Accuracy: 69.50%, Precision: 0.70, Recall: 0.62, F1-Score: 0.66, AUC: 0.69
Epoch [85/100] - [TRAIN] Loss: 0.5261, Accuracy: 77.10%, AUC: 0.77 [VAL] Loss: 0.6587, Accuracy: 69.64%, Precision: 0.70, Recall: 0.62, F1-Score: 0.66, AUC: 0.69
Epoch [86/100] - [TRAIN] Loss: 0.5255, Accuracy: 77.25%, AUC: 0.77 [VAL] Loss: 0.6573, Accuracy: 69.81%, Precision: 0.71, Recall: 0.62, F1-Score: 0.66, AUC: 0.69
Epoch [87/100] - [TRAIN] Loss: 0.5251, Accuracy: 77.18%, AUC: 0.77 [VAL] Loss: 0.6587, Accuracy: 69.69%, Precision: 0.70, Recall: 0.62, F1-Score: 0.66, AUC: 0.69
Epoch [88/100] - [TRAIN] Loss: 0.5245, Accuracy: 77.32%, AUC: 0.77 [VAL] Loss: 0.6607, Accuracy: 69.59%, Precision: 0.70, Recall: 0.62, F1-Score: 0.66, AUC: 0.69
Epoch [89/100] - [TRAIN] Loss: 0.5255, Accuracy: 77.24%, AUC: 0.77 [VAL] Loss: 0.6586, Accuracy: 69.56%, Precision: 0.70, Recall: 0.62, F1-Score: 0.66, AUC: 0.69
Epoch [90/100] - [TRAIN] Loss: 0.5256, Accuracy: 77.20%, AUC: 0.77 [VAL] Loss: 0.6584, Accuracy: 69.53%, Precision: 0.70, Recall: 0.62, F1-Score: 0.66, AUC: 0.69
Epoch [91/100] - [TRAIN] Loss: 0.5254, Accuracy: 77.22%, AUC: 0.77 [VAL] Loss: 0.6541, Accuracy: 70.02%, Precision: 0.70, Recall: 0.63, F1-Score: 0.66, AUC: 0.70
Epoch [92/100] - [TRAIN] Loss: 0.5256, Accuracy: 77.22%, AUC: 0.77 [VAL] Loss: 0.6570, Accuracy: 69.72%, Precision: 0.70, Recall: 0.63, F1-Score: 0.66, AUC: 0.69
Epoch [93/100] - [TRAIN] Loss: 0.5262, Accuracy: 77.16%, AUC: 0.77 [VAL] Loss: 0.6621, Accuracy: 69.52%, Precision: 0.70, Recall: 0.62, F1-Score: 0.66, AUC: 0.69
Epoch [94/100] - [TRAIN] Loss: 0.5250, Accuracy: 77.21%, AUC: 0.77 [VAL] Loss: 0.6574, Accuracy: 69.73%, Precision: 0.70, Recall: 0.63, F1-Score: 0.66, AUC: 0.69
Epoch [95/100] - [TRAIN] Loss: 0.5250, Accuracy: 77.22%, AUC: 0.77 [VAL] Loss: 0.6597, Accuracy: 69.56%, Precision: 0.70, Recall: 0.62, F1-Score: 0.66, AUC: 0.69
Epoch [96/100] - [TRAIN] Loss: 0.5245, Accuracy: 77.31%, AUC: 0.77 [VAL] Loss: 0.6574, Accuracy: 69.67%, Precision: 0.70, Recall: 0.62, F1-Score: 0.66, AUC: 0.69
Epoch [97/100] - [TRAIN] Loss: 0.5255, Accuracy: 77.16%, AUC: 0.77 [VAL] Loss: 0.6602, Accuracy: 69.48%, Precision: 0.70, Recall: 0.62, F1-Score: 0.66, AUC: 0.69
Epoch [98/100] - [TRAIN] Loss: 0.5268, Accuracy: 77.11%, AUC: 0.77 [VAL] Loss: 0.6557, Accuracy: 69.82%, Precision: 0.70, Recall: 0.62, F1-Score: 0.66, AUC: 0.69
Epoch [99/100] - [TRAIN] Loss: 0.5247, Accuracy: 77.25%, AUC: 0.77 [VAL] Loss: 0.6563, Accuracy: 69.80%, Precision: 0.70, Recall: 0.62, F1-Score: 0.66, AUC: 0.69
Epoch [100/100] - [TRAIN] Loss: 0.5248, Accuracy: 77.23%, AUC: 0.77 [VAL] Loss: 0.6585, Accuracy: 69.73%, Precision: 0.70, Recall: 0.62, F1-Score: 0.66, AUC: 0.69
Accuracy Score on test set: 69.68 %
AUC Score on test set: 0.69
Precision: 0.7035
Recall: 0.6245
F1-Score: 0.6616

Detailed Classification Report:
              precision    recall  f1-score   support

           0       0.69      0.76      0.73     52536
           1       0.70      0.62      0.66     47464

    accuracy                           0.70    100000
   macro avg       0.70      0.69      0.69    100000
weighted avg       0.70      0.70      0.70    100000


Confusion Matrix:
[[40043 12493]
 [17824 29640]]


Real-time duration: 66475.053000898 seconds
