/group/pmc021/amunif/epi-thesis/workflow/09_Learning_to_Rank/output/model/reduced_features_rp/dol1l2-leakyrelu-complex-lrscheduler-0.5-checkpoint-1000000-100-128-0.005-0.001.pt
Using device: cuda
Current CUDA device: 0
CUDA device name: Tesla P100-SXM2-16GB
[    0     1     2 ... 22151 22152 22153]
[12829 12333  8225 ...  5390   860 15795]
[13202 15153  3113 ...  1158  6603 15289]
[17261  8344  1396 ...  7985   482 16493]
Train indices: 17723
Test indices: 2216
Validation indices: 2215
800000
100000
100000
BinaryClassifierDropOutL1L2(
  (network): Sequential(
    (0): Linear(in_features=200, out_features=128, bias=True)
    (1): LeakyReLU(negative_slope=0.1)
    (2): Dropout(p=0.5, inplace=False)
    (3): Linear(in_features=128, out_features=64, bias=True)
    (4): LeakyReLU(negative_slope=0.1)
    (5): Dropout(p=0.5, inplace=False)
    (6): Linear(in_features=64, out_features=32, bias=True)
    (7): LeakyReLU(negative_slope=0.1)
    (8): Dropout(p=0.5, inplace=False)
    (9): Linear(in_features=32, out_features=1, bias=True)
    (10): Sigmoid()
  )
)
Epoch [1/100] - [TRAIN] Loss: 0.6131, Accuracy: 70.50%, AUC: 0.70 [VAL] Loss: 0.6007, Accuracy: 70.59%, Precision: 0.72, Recall: 0.61, F1-Score: 0.66, AUC: 0.70
Epoch [2/100] - [TRAIN] Loss: 0.6052, Accuracy: 70.77%, AUC: 0.70 [VAL] Loss: 0.6055, Accuracy: 69.98%, Precision: 0.70, Recall: 0.64, F1-Score: 0.67, AUC: 0.70
Epoch [3/100] - [TRAIN] Loss: 0.6047, Accuracy: 70.71%, AUC: 0.70 [VAL] Loss: 0.6066, Accuracy: 70.05%, Precision: 0.72, Recall: 0.59, F1-Score: 0.65, AUC: 0.69
Epoch [4/100] - [TRAIN] Loss: 0.6030, Accuracy: 70.90%, AUC: 0.71 [VAL] Loss: 0.6119, Accuracy: 70.00%, Precision: 0.72, Recall: 0.60, F1-Score: 0.65, AUC: 0.69
Epoch [5/100] - [TRAIN] Loss: 0.6034, Accuracy: 70.78%, AUC: 0.70 [VAL] Loss: 0.6042, Accuracy: 70.41%, Precision: 0.74, Recall: 0.58, F1-Score: 0.65, AUC: 0.70
Epoch [6/100] - [TRAIN] Loss: 0.6026, Accuracy: 70.79%, AUC: 0.70 [VAL] Loss: 0.6043, Accuracy: 70.00%, Precision: 0.73, Recall: 0.58, F1-Score: 0.65, AUC: 0.69
Epoch [7/100] - [TRAIN] Loss: 0.6017, Accuracy: 70.91%, AUC: 0.71 [VAL] Loss: 0.6010, Accuracy: 70.31%, Precision: 0.72, Recall: 0.60, F1-Score: 0.66, AUC: 0.70
Epoch [8/100] - [TRAIN] Loss: 0.6022, Accuracy: 70.91%, AUC: 0.71 [VAL] Loss: 0.6028, Accuracy: 70.38%, Precision: 0.72, Recall: 0.60, F1-Score: 0.66, AUC: 0.70
Epoch [9/100] - [TRAIN] Loss: 0.6015, Accuracy: 70.89%, AUC: 0.71 [VAL] Loss: 0.6041, Accuracy: 70.26%, Precision: 0.71, Recall: 0.64, F1-Score: 0.67, AUC: 0.70
Epoch [10/100] - [TRAIN] Loss: 0.6022, Accuracy: 70.86%, AUC: 0.71 [VAL] Loss: 0.6040, Accuracy: 70.17%, Precision: 0.70, Recall: 0.63, F1-Score: 0.67, AUC: 0.70
Epoch [11/100] - [TRAIN] Loss: 0.6015, Accuracy: 70.93%, AUC: 0.71 [VAL] Loss: 0.6051, Accuracy: 69.79%, Precision: 0.70, Recall: 0.62, F1-Score: 0.66, AUC: 0.69
Epoch [12/100] - [TRAIN] Loss: 0.6022, Accuracy: 70.78%, AUC: 0.70 [VAL] Loss: 0.6057, Accuracy: 70.25%, Precision: 0.73, Recall: 0.59, F1-Score: 0.65, AUC: 0.70
Epoch [13/100] - [TRAIN] Loss: 0.6020, Accuracy: 70.75%, AUC: 0.70 [VAL] Loss: 0.6036, Accuracy: 70.22%, Precision: 0.71, Recall: 0.63, F1-Score: 0.67, AUC: 0.70
Epoch [14/100] - [TRAIN] Loss: 0.6013, Accuracy: 70.85%, AUC: 0.70 [VAL] Loss: 0.6016, Accuracy: 70.27%, Precision: 0.72, Recall: 0.60, F1-Score: 0.65, AUC: 0.70
Epoch [15/100] - [TRAIN] Loss: 0.6023, Accuracy: 70.76%, AUC: 0.70 [VAL] Loss: 0.6004, Accuracy: 70.50%, Precision: 0.71, Recall: 0.63, F1-Score: 0.67, AUC: 0.70
Epoch [16/100] - [TRAIN] Loss: 0.6028, Accuracy: 70.78%, AUC: 0.70 [VAL] Loss: 0.6016, Accuracy: 70.28%, Precision: 0.70, Recall: 0.64, F1-Score: 0.67, AUC: 0.70
Epoch [17/100] - [TRAIN] Loss: 0.6019, Accuracy: 70.85%, AUC: 0.71 [VAL] Loss: 0.6043, Accuracy: 70.25%, Precision: 0.72, Recall: 0.60, F1-Score: 0.66, AUC: 0.70
Epoch [18/100] - [TRAIN] Loss: 0.6011, Accuracy: 70.85%, AUC: 0.71 [VAL] Loss: 0.5989, Accuracy: 70.59%, Precision: 0.71, Recall: 0.63, F1-Score: 0.67, AUC: 0.70
Epoch [19/100] - [TRAIN] Loss: 0.6014, Accuracy: 70.89%, AUC: 0.71 [VAL] Loss: 0.6053, Accuracy: 70.05%, Precision: 0.72, Recall: 0.60, F1-Score: 0.65, AUC: 0.69
Epoch [20/100] - [TRAIN] Loss: 0.6013, Accuracy: 70.96%, AUC: 0.71 [VAL] Loss: 0.6020, Accuracy: 70.49%, Precision: 0.70, Recall: 0.66, F1-Score: 0.68, AUC: 0.70
Epoch [21/100] - [TRAIN] Loss: 0.5924, Accuracy: 70.92%, AUC: 0.71 [VAL] Loss: 0.5920, Accuracy: 70.64%, Precision: 0.71, Recall: 0.64, F1-Score: 0.67, AUC: 0.70
Epoch [22/100] - [TRAIN] Loss: 0.5903, Accuracy: 71.02%, AUC: 0.71 [VAL] Loss: 0.5951, Accuracy: 70.45%, Precision: 0.70, Recall: 0.65, F1-Score: 0.67, AUC: 0.70
Epoch [23/100] - [TRAIN] Loss: 0.5914, Accuracy: 70.88%, AUC: 0.71 [VAL] Loss: 0.5929, Accuracy: 70.33%, Precision: 0.71, Recall: 0.63, F1-Score: 0.67, AUC: 0.70
Epoch [24/100] - [TRAIN] Loss: 0.5906, Accuracy: 70.95%, AUC: 0.71 [VAL] Loss: 0.5942, Accuracy: 70.42%, Precision: 0.70, Recall: 0.65, F1-Score: 0.67, AUC: 0.70
Epoch [25/100] - [TRAIN] Loss: 0.5896, Accuracy: 71.02%, AUC: 0.71 [VAL] Loss: 0.5957, Accuracy: 70.30%, Precision: 0.71, Recall: 0.63, F1-Score: 0.67, AUC: 0.70
Epoch [26/100] - [TRAIN] Loss: 0.5899, Accuracy: 71.02%, AUC: 0.71 [VAL] Loss: 0.5945, Accuracy: 70.30%, Precision: 0.70, Recall: 0.65, F1-Score: 0.67, AUC: 0.70
Epoch [27/100] - [TRAIN] Loss: 0.5892, Accuracy: 71.10%, AUC: 0.71 [VAL] Loss: 0.5942, Accuracy: 70.27%, Precision: 0.72, Recall: 0.60, F1-Score: 0.66, AUC: 0.70
Epoch [28/100] - [TRAIN] Loss: 0.5896, Accuracy: 71.07%, AUC: 0.71 [VAL] Loss: 0.5963, Accuracy: 70.31%, Precision: 0.71, Recall: 0.63, F1-Score: 0.67, AUC: 0.70
Epoch [29/100] - [TRAIN] Loss: 0.5901, Accuracy: 70.98%, AUC: 0.71 [VAL] Loss: 0.5944, Accuracy: 70.53%, Precision: 0.71, Recall: 0.64, F1-Score: 0.67, AUC: 0.70
Epoch [30/100] - [TRAIN] Loss: 0.5893, Accuracy: 71.04%, AUC: 0.71 [VAL] Loss: 0.5949, Accuracy: 70.06%, Precision: 0.70, Recall: 0.65, F1-Score: 0.67, AUC: 0.70
Epoch [31/100] - [TRAIN] Loss: 0.5891, Accuracy: 71.08%, AUC: 0.71 [VAL] Loss: 0.5959, Accuracy: 70.25%, Precision: 0.73, Recall: 0.59, F1-Score: 0.65, AUC: 0.70
Epoch [32/100] - [TRAIN] Loss: 0.5897, Accuracy: 71.04%, AUC: 0.71 [VAL] Loss: 0.5909, Accuracy: 70.64%, Precision: 0.71, Recall: 0.63, F1-Score: 0.67, AUC: 0.70
Epoch [33/100] - [TRAIN] Loss: 0.5895, Accuracy: 71.09%, AUC: 0.71 [VAL] Loss: 0.5906, Accuracy: 70.34%, Precision: 0.73, Recall: 0.59, F1-Score: 0.65, AUC: 0.70
Epoch [34/100] - [TRAIN] Loss: 0.5891, Accuracy: 71.10%, AUC: 0.71 [VAL] Loss: 0.5951, Accuracy: 70.43%, Precision: 0.71, Recall: 0.62, F1-Score: 0.66, AUC: 0.70
Epoch [35/100] - [TRAIN] Loss: 0.5890, Accuracy: 71.16%, AUC: 0.71 [VAL] Loss: 0.5945, Accuracy: 70.26%, Precision: 0.71, Recall: 0.62, F1-Score: 0.66, AUC: 0.70
Epoch [36/100] - [TRAIN] Loss: 0.5897, Accuracy: 71.00%, AUC: 0.71 [VAL] Loss: 0.5924, Accuracy: 70.57%, Precision: 0.70, Recall: 0.66, F1-Score: 0.68, AUC: 0.70
Epoch [37/100] - [TRAIN] Loss: 0.5896, Accuracy: 71.12%, AUC: 0.71 [VAL] Loss: 0.5907, Accuracy: 70.65%, Precision: 0.71, Recall: 0.63, F1-Score: 0.67, AUC: 0.70
Epoch [38/100] - [TRAIN] Loss: 0.5893, Accuracy: 71.10%, AUC: 0.71 [VAL] Loss: 0.5924, Accuracy: 70.34%, Precision: 0.71, Recall: 0.63, F1-Score: 0.67, AUC: 0.70
Epoch [39/100] - [TRAIN] Loss: 0.5893, Accuracy: 71.04%, AUC: 0.71 [VAL] Loss: 0.5964, Accuracy: 70.05%, Precision: 0.73, Recall: 0.59, F1-Score: 0.65, AUC: 0.69
Epoch [40/100] - [TRAIN] Loss: 0.5899, Accuracy: 71.03%, AUC: 0.71 [VAL] Loss: 0.5935, Accuracy: 70.72%, Precision: 0.71, Recall: 0.64, F1-Score: 0.67, AUC: 0.70
Epoch [41/100] - [TRAIN] Loss: 0.5845, Accuracy: 71.20%, AUC: 0.71 [VAL] Loss: 0.5911, Accuracy: 70.31%, Precision: 0.71, Recall: 0.62, F1-Score: 0.66, AUC: 0.70
Epoch [42/100] - [TRAIN] Loss: 0.5821, Accuracy: 71.28%, AUC: 0.71 [VAL] Loss: 0.5917, Accuracy: 70.41%, Precision: 0.71, Recall: 0.64, F1-Score: 0.67, AUC: 0.70
Epoch [43/100] - [TRAIN] Loss: 0.5835, Accuracy: 71.13%, AUC: 0.71 [VAL] Loss: 0.5894, Accuracy: 70.31%, Precision: 0.72, Recall: 0.61, F1-Score: 0.66, AUC: 0.70
Epoch [44/100] - [TRAIN] Loss: 0.5822, Accuracy: 71.25%, AUC: 0.71 [VAL] Loss: 0.5889, Accuracy: 70.48%, Precision: 0.71, Recall: 0.63, F1-Score: 0.67, AUC: 0.70
Epoch [45/100] - [TRAIN] Loss: 0.5823, Accuracy: 71.28%, AUC: 0.71 [VAL] Loss: 0.5902, Accuracy: 70.22%, Precision: 0.71, Recall: 0.62, F1-Score: 0.66, AUC: 0.70
Epoch [46/100] - [TRAIN] Loss: 0.5831, Accuracy: 71.15%, AUC: 0.71 [VAL] Loss: 0.5897, Accuracy: 70.43%, Precision: 0.71, Recall: 0.64, F1-Score: 0.67, AUC: 0.70
Epoch [47/100] - [TRAIN] Loss: 0.5823, Accuracy: 71.21%, AUC: 0.71 [VAL] Loss: 0.5884, Accuracy: 70.55%, Precision: 0.71, Recall: 0.63, F1-Score: 0.67, AUC: 0.70
Epoch [48/100] - [TRAIN] Loss: 0.5816, Accuracy: 71.26%, AUC: 0.71 [VAL] Loss: 0.5906, Accuracy: 70.35%, Precision: 0.72, Recall: 0.61, F1-Score: 0.66, AUC: 0.70
Epoch [49/100] - [TRAIN] Loss: 0.5809, Accuracy: 71.32%, AUC: 0.71 [VAL] Loss: 0.5886, Accuracy: 70.38%, Precision: 0.71, Recall: 0.62, F1-Score: 0.66, AUC: 0.70
Epoch [50/100] - [TRAIN] Loss: 0.5815, Accuracy: 71.26%, AUC: 0.71 [VAL] Loss: 0.5885, Accuracy: 70.44%, Precision: 0.71, Recall: 0.63, F1-Score: 0.67, AUC: 0.70
Epoch [51/100] - [TRAIN] Loss: 0.5826, Accuracy: 71.15%, AUC: 0.71 [VAL] Loss: 0.5887, Accuracy: 70.78%, Precision: 0.71, Recall: 0.64, F1-Score: 0.67, AUC: 0.70
Epoch [52/100] - [TRAIN] Loss: 0.5820, Accuracy: 71.29%, AUC: 0.71 [VAL] Loss: 0.5905, Accuracy: 70.30%, Precision: 0.71, Recall: 0.62, F1-Score: 0.67, AUC: 0.70
Epoch [53/100] - [TRAIN] Loss: 0.5813, Accuracy: 71.31%, AUC: 0.71 [VAL] Loss: 0.5859, Accuracy: 70.73%, Precision: 0.71, Recall: 0.65, F1-Score: 0.68, AUC: 0.70
Epoch [54/100] - [TRAIN] Loss: 0.5820, Accuracy: 71.26%, AUC: 0.71 [VAL] Loss: 0.5881, Accuracy: 70.57%, Precision: 0.72, Recall: 0.61, F1-Score: 0.66, AUC: 0.70
Epoch [55/100] - [TRAIN] Loss: 0.5821, Accuracy: 71.26%, AUC: 0.71 [VAL] Loss: 0.5914, Accuracy: 70.43%, Precision: 0.71, Recall: 0.63, F1-Score: 0.67, AUC: 0.70
Epoch [56/100] - [TRAIN] Loss: 0.5825, Accuracy: 71.22%, AUC: 0.71 [VAL] Loss: 0.5880, Accuracy: 70.37%, Precision: 0.74, Recall: 0.58, F1-Score: 0.65, AUC: 0.70
Epoch [57/100] - [TRAIN] Loss: 0.5819, Accuracy: 71.30%, AUC: 0.71 [VAL] Loss: 0.5867, Accuracy: 70.68%, Precision: 0.72, Recall: 0.62, F1-Score: 0.66, AUC: 0.70
Epoch [58/100] - [TRAIN] Loss: 0.5811, Accuracy: 71.36%, AUC: 0.71 [VAL] Loss: 0.5905, Accuracy: 70.33%, Precision: 0.71, Recall: 0.64, F1-Score: 0.67, AUC: 0.70
Epoch [59/100] - [TRAIN] Loss: 0.5821, Accuracy: 71.28%, AUC: 0.71 [VAL] Loss: 0.5905, Accuracy: 70.50%, Precision: 0.71, Recall: 0.63, F1-Score: 0.67, AUC: 0.70
Epoch [60/100] - [TRAIN] Loss: 0.5825, Accuracy: 71.30%, AUC: 0.71 [VAL] Loss: 0.5891, Accuracy: 70.51%, Precision: 0.70, Recall: 0.65, F1-Score: 0.68, AUC: 0.70
Epoch [61/100] - [TRAIN] Loss: 0.5779, Accuracy: 71.48%, AUC: 0.71 [VAL] Loss: 0.5873, Accuracy: 70.40%, Precision: 0.73, Recall: 0.60, F1-Score: 0.66, AUC: 0.70
Epoch [62/100] - [TRAIN] Loss: 0.5785, Accuracy: 71.33%, AUC: 0.71 [VAL] Loss: 0.5871, Accuracy: 70.39%, Precision: 0.72, Recall: 0.61, F1-Score: 0.66, AUC: 0.70
Epoch [63/100] - [TRAIN] Loss: 0.5786, Accuracy: 71.27%, AUC: 0.71 [VAL] Loss: 0.5851, Accuracy: 70.62%, Precision: 0.72, Recall: 0.61, F1-Score: 0.66, AUC: 0.70
Epoch [64/100] - [TRAIN] Loss: 0.5774, Accuracy: 71.46%, AUC: 0.71 [VAL] Loss: 0.5883, Accuracy: 70.25%, Precision: 0.72, Recall: 0.61, F1-Score: 0.66, AUC: 0.70
Epoch [65/100] - [TRAIN] Loss: 0.5777, Accuracy: 71.38%, AUC: 0.71 [VAL] Loss: 0.5862, Accuracy: 70.62%, Precision: 0.72, Recall: 0.62, F1-Score: 0.67, AUC: 0.70
Epoch [66/100] - [TRAIN] Loss: 0.5785, Accuracy: 71.32%, AUC: 0.71 [VAL] Loss: 0.5855, Accuracy: 70.73%, Precision: 0.71, Recall: 0.64, F1-Score: 0.67, AUC: 0.70
Epoch [67/100] - [TRAIN] Loss: 0.5772, Accuracy: 71.44%, AUC: 0.71 [VAL] Loss: 0.5873, Accuracy: 70.50%, Precision: 0.72, Recall: 0.61, F1-Score: 0.66, AUC: 0.70
Epoch [68/100] - [TRAIN] Loss: 0.5772, Accuracy: 71.46%, AUC: 0.71 [VAL] Loss: 0.5868, Accuracy: 70.56%, Precision: 0.71, Recall: 0.65, F1-Score: 0.68, AUC: 0.70
Epoch [69/100] - [TRAIN] Loss: 0.5764, Accuracy: 71.50%, AUC: 0.71 [VAL] Loss: 0.5891, Accuracy: 70.28%, Precision: 0.72, Recall: 0.60, F1-Score: 0.66, AUC: 0.70
Epoch [70/100] - [TRAIN] Loss: 0.5769, Accuracy: 71.39%, AUC: 0.71 [VAL] Loss: 0.5880, Accuracy: 70.35%, Precision: 0.72, Recall: 0.61, F1-Score: 0.66, AUC: 0.70
Epoch [71/100] - [TRAIN] Loss: 0.5767, Accuracy: 71.47%, AUC: 0.71 [VAL] Loss: 0.5860, Accuracy: 70.72%, Precision: 0.72, Recall: 0.62, F1-Score: 0.67, AUC: 0.70
Epoch [72/100] - [TRAIN] Loss: 0.5780, Accuracy: 71.32%, AUC: 0.71 [VAL] Loss: 0.5848, Accuracy: 70.67%, Precision: 0.71, Recall: 0.63, F1-Score: 0.67, AUC: 0.70
Epoch [73/100] - [TRAIN] Loss: 0.5766, Accuracy: 71.53%, AUC: 0.71 [VAL] Loss: 0.5875, Accuracy: 70.48%, Precision: 0.71, Recall: 0.62, F1-Score: 0.67, AUC: 0.70
Epoch [74/100] - [TRAIN] Loss: 0.5775, Accuracy: 71.47%, AUC: 0.71 [VAL] Loss: 0.5873, Accuracy: 70.33%, Precision: 0.72, Recall: 0.61, F1-Score: 0.66, AUC: 0.70
Epoch [75/100] - [TRAIN] Loss: 0.5772, Accuracy: 71.50%, AUC: 0.71 [VAL] Loss: 0.5861, Accuracy: 70.59%, Precision: 0.72, Recall: 0.62, F1-Score: 0.67, AUC: 0.70
Epoch [76/100] - [TRAIN] Loss: 0.5771, Accuracy: 71.46%, AUC: 0.71 [VAL] Loss: 0.5882, Accuracy: 70.38%, Precision: 0.72, Recall: 0.61, F1-Score: 0.66, AUC: 0.70
Epoch [77/100] - [TRAIN] Loss: 0.5764, Accuracy: 71.51%, AUC: 0.71 [VAL] Loss: 0.5890, Accuracy: 70.43%, Precision: 0.70, Recall: 0.64, F1-Score: 0.67, AUC: 0.70
Epoch [78/100] - [TRAIN] Loss: 0.5770, Accuracy: 71.44%, AUC: 0.71 [VAL] Loss: 0.5839, Accuracy: 70.88%, Precision: 0.71, Recall: 0.64, F1-Score: 0.68, AUC: 0.71
Epoch [79/100] - [TRAIN] Loss: 0.5767, Accuracy: 71.43%, AUC: 0.71 [VAL] Loss: 0.5863, Accuracy: 70.73%, Precision: 0.71, Recall: 0.63, F1-Score: 0.67, AUC: 0.70
Epoch [80/100] - [TRAIN] Loss: 0.5767, Accuracy: 71.50%, AUC: 0.71 [VAL] Loss: 0.5863, Accuracy: 70.73%, Precision: 0.71, Recall: 0.64, F1-Score: 0.67, AUC: 0.70
Epoch [81/100] - [TRAIN] Loss: 0.5759, Accuracy: 71.47%, AUC: 0.71 [VAL] Loss: 0.5876, Accuracy: 70.53%, Precision: 0.72, Recall: 0.62, F1-Score: 0.67, AUC: 0.70
Epoch [82/100] - [TRAIN] Loss: 0.5746, Accuracy: 71.59%, AUC: 0.71 [VAL] Loss: 0.5857, Accuracy: 70.62%, Precision: 0.71, Recall: 0.63, F1-Score: 0.67, AUC: 0.70
Epoch [83/100] - [TRAIN] Loss: 0.5742, Accuracy: 71.58%, AUC: 0.71 [VAL] Loss: 0.5839, Accuracy: 70.78%, Precision: 0.72, Recall: 0.62, F1-Score: 0.67, AUC: 0.70
Epoch [84/100] - [TRAIN] Loss: 0.5752, Accuracy: 71.47%, AUC: 0.71 [VAL] Loss: 0.5869, Accuracy: 70.42%, Precision: 0.71, Recall: 0.63, F1-Score: 0.67, AUC: 0.70
Epoch [85/100] - [TRAIN] Loss: 0.5747, Accuracy: 71.53%, AUC: 0.71 [VAL] Loss: 0.5860, Accuracy: 70.73%, Precision: 0.72, Recall: 0.63, F1-Score: 0.67, AUC: 0.70
Epoch [86/100] - [TRAIN] Loss: 0.5745, Accuracy: 71.53%, AUC: 0.71 [VAL] Loss: 0.5869, Accuracy: 70.47%, Precision: 0.71, Recall: 0.63, F1-Score: 0.67, AUC: 0.70
Epoch [87/100] - [TRAIN] Loss: 0.5741, Accuracy: 71.65%, AUC: 0.71 [VAL] Loss: 0.5879, Accuracy: 70.28%, Precision: 0.72, Recall: 0.61, F1-Score: 0.66, AUC: 0.70
Epoch [88/100] - [TRAIN] Loss: 0.5743, Accuracy: 71.52%, AUC: 0.71 [VAL] Loss: 0.5839, Accuracy: 70.79%, Precision: 0.71, Recall: 0.64, F1-Score: 0.67, AUC: 0.70
Epoch [89/100] - [TRAIN] Loss: 0.5745, Accuracy: 71.55%, AUC: 0.71 [VAL] Loss: 0.5831, Accuracy: 71.00%, Precision: 0.72, Recall: 0.63, F1-Score: 0.67, AUC: 0.71
Epoch [90/100] - [TRAIN] Loss: 0.5738, Accuracy: 71.60%, AUC: 0.71 [VAL] Loss: 0.5860, Accuracy: 70.58%, Precision: 0.71, Recall: 0.63, F1-Score: 0.67, AUC: 0.70
Epoch [91/100] - [TRAIN] Loss: 0.5743, Accuracy: 71.57%, AUC: 0.71 [VAL] Loss: 0.5857, Accuracy: 70.58%, Precision: 0.71, Recall: 0.63, F1-Score: 0.67, AUC: 0.70
Epoch [92/100] - [TRAIN] Loss: 0.5737, Accuracy: 71.62%, AUC: 0.71 [VAL] Loss: 0.5858, Accuracy: 70.62%, Precision: 0.72, Recall: 0.62, F1-Score: 0.67, AUC: 0.70
Epoch [93/100] - [TRAIN] Loss: 0.5741, Accuracy: 71.58%, AUC: 0.71 [VAL] Loss: 0.5860, Accuracy: 70.62%, Precision: 0.71, Recall: 0.64, F1-Score: 0.67, AUC: 0.70
Epoch [94/100] - [TRAIN] Loss: 0.5742, Accuracy: 71.58%, AUC: 0.71 [VAL] Loss: 0.5865, Accuracy: 70.50%, Precision: 0.71, Recall: 0.62, F1-Score: 0.66, AUC: 0.70
Epoch [95/100] - [TRAIN] Loss: 0.5737, Accuracy: 71.58%, AUC: 0.71 [VAL] Loss: 0.5858, Accuracy: 70.73%, Precision: 0.72, Recall: 0.62, F1-Score: 0.67, AUC: 0.70
Epoch [96/100] - [TRAIN] Loss: 0.5740, Accuracy: 71.58%, AUC: 0.71 [VAL] Loss: 0.5849, Accuracy: 70.64%, Precision: 0.72, Recall: 0.63, F1-Score: 0.67, AUC: 0.70
Epoch [97/100] - [TRAIN] Loss: 0.5738, Accuracy: 71.63%, AUC: 0.71 [VAL] Loss: 0.5859, Accuracy: 70.78%, Precision: 0.72, Recall: 0.63, F1-Score: 0.67, AUC: 0.70
Epoch [98/100] - [TRAIN] Loss: 0.5743, Accuracy: 71.59%, AUC: 0.71 [VAL] Loss: 0.5828, Accuracy: 71.05%, Precision: 0.72, Recall: 0.63, F1-Score: 0.67, AUC: 0.71
Epoch [99/100] - [TRAIN] Loss: 0.5739, Accuracy: 71.64%, AUC: 0.71 [VAL] Loss: 0.5832, Accuracy: 70.97%, Precision: 0.71, Recall: 0.64, F1-Score: 0.67, AUC: 0.71
Epoch [100/100] - [TRAIN] Loss: 0.5732, Accuracy: 71.68%, AUC: 0.71 [VAL] Loss: 0.5848, Accuracy: 70.53%, Precision: 0.72, Recall: 0.61, F1-Score: 0.66, AUC: 0.70
Accuracy Score on test set: 70.60 %
AUC Score on test set: 0.70
Precision: 0.7249
Recall: 0.6178
F1-Score: 0.6671

Detailed Classification Report:
              precision    recall  f1-score   support

           0       0.69      0.79      0.74     52326
           1       0.72      0.62      0.67     47674

    accuracy                           0.71    100000
   macro avg       0.71      0.70      0.70    100000
weighted avg       0.71      0.71      0.70    100000


Confusion Matrix:
[[41149 11177]
 [18219 29455]]


Real-time duration: 10455.451267845 seconds
