/group/pmc021/amunif/epi-thesis/workflow/09_Learning_to_Rank/output/model/reduced_features_rp/dol1l2-leakyrelu-complex-lrscheduler-0.5-checkpoint-100000-100-128-0.005-0.001.pt
Using device: cuda
Current CUDA device: 0
CUDA device name: Tesla P100-SXM2-16GB
[    0     1     2 ... 22151 22152 22153]
[12829 12333  8225 ...  5390   860 15795]
[13202 15153  3113 ...  1158  6603 15289]
[17261  8344  1396 ...  7985   482 16493]
Train indices: 17723
Test indices: 2216
Validation indices: 2215
80000
10000
10000
BinaryClassifierDropOutL1L2(
  (network): Sequential(
    (0): Linear(in_features=200, out_features=128, bias=True)
    (1): LeakyReLU(negative_slope=0.1)
    (2): Dropout(p=0.5, inplace=False)
    (3): Linear(in_features=128, out_features=64, bias=True)
    (4): LeakyReLU(negative_slope=0.1)
    (5): Dropout(p=0.5, inplace=False)
    (6): Linear(in_features=64, out_features=32, bias=True)
    (7): LeakyReLU(negative_slope=0.1)
    (8): Dropout(p=0.5, inplace=False)
    (9): Linear(in_features=32, out_features=1, bias=True)
    (10): Sigmoid()
  )
)
Epoch [1/100] - [TRAIN] Loss: 0.6476, Accuracy: 69.38%, AUC: 0.69 [VAL] Loss: 0.6244, Accuracy: 69.84%, Precision: 0.70, Recall: 0.64, F1-Score: 0.67, AUC: 0.70
Epoch [2/100] - [TRAIN] Loss: 0.6225, Accuracy: 70.56%, AUC: 0.70 [VAL] Loss: 0.6161, Accuracy: 69.70%, Precision: 0.71, Recall: 0.61, F1-Score: 0.65, AUC: 0.69
Epoch [3/100] - [TRAIN] Loss: 0.6166, Accuracy: 70.31%, AUC: 0.70 [VAL] Loss: 0.6109, Accuracy: 70.05%, Precision: 0.70, Recall: 0.64, F1-Score: 0.67, AUC: 0.70
Epoch [4/100] - [TRAIN] Loss: 0.6114, Accuracy: 70.42%, AUC: 0.70 [VAL] Loss: 0.6047, Accuracy: 70.13%, Precision: 0.69, Recall: 0.65, F1-Score: 0.67, AUC: 0.70
Epoch [5/100] - [TRAIN] Loss: 0.6079, Accuracy: 70.76%, AUC: 0.71 [VAL] Loss: 0.6117, Accuracy: 69.98%, Precision: 0.70, Recall: 0.64, F1-Score: 0.67, AUC: 0.70
Epoch [6/100] - [TRAIN] Loss: 0.6078, Accuracy: 70.78%, AUC: 0.70 [VAL] Loss: 0.5998, Accuracy: 70.18%, Precision: 0.69, Recall: 0.67, F1-Score: 0.68, AUC: 0.70
Epoch [7/100] - [TRAIN] Loss: 0.6053, Accuracy: 70.84%, AUC: 0.71 [VAL] Loss: 0.5989, Accuracy: 70.45%, Precision: 0.73, Recall: 0.58, F1-Score: 0.65, AUC: 0.70
Epoch [8/100] - [TRAIN] Loss: 0.6052, Accuracy: 70.71%, AUC: 0.70 [VAL] Loss: 0.6047, Accuracy: 70.02%, Precision: 0.70, Recall: 0.64, F1-Score: 0.66, AUC: 0.70
Epoch [9/100] - [TRAIN] Loss: 0.6054, Accuracy: 70.65%, AUC: 0.70 [VAL] Loss: 0.6002, Accuracy: 70.65%, Precision: 0.70, Recall: 0.66, F1-Score: 0.68, AUC: 0.70
Epoch [10/100] - [TRAIN] Loss: 0.6058, Accuracy: 70.75%, AUC: 0.71 [VAL] Loss: 0.6115, Accuracy: 70.08%, Precision: 0.71, Recall: 0.63, F1-Score: 0.66, AUC: 0.70
Epoch [11/100] - [TRAIN] Loss: 0.6048, Accuracy: 70.76%, AUC: 0.70 [VAL] Loss: 0.6024, Accuracy: 70.41%, Precision: 0.70, Recall: 0.66, F1-Score: 0.68, AUC: 0.70
Epoch [12/100] - [TRAIN] Loss: 0.6066, Accuracy: 70.50%, AUC: 0.70 [VAL] Loss: 0.6019, Accuracy: 70.25%, Precision: 0.71, Recall: 0.61, F1-Score: 0.66, AUC: 0.70
Epoch [13/100] - [TRAIN] Loss: 0.6051, Accuracy: 70.74%, AUC: 0.70 [VAL] Loss: 0.6084, Accuracy: 69.17%, Precision: 0.68, Recall: 0.67, F1-Score: 0.68, AUC: 0.69
Epoch [14/100] - [TRAIN] Loss: 0.6055, Accuracy: 70.72%, AUC: 0.70 [VAL] Loss: 0.6019, Accuracy: 70.57%, Precision: 0.69, Recall: 0.68, F1-Score: 0.69, AUC: 0.70
Epoch [15/100] - [TRAIN] Loss: 0.6055, Accuracy: 70.54%, AUC: 0.70 [VAL] Loss: 0.6016, Accuracy: 70.57%, Precision: 0.70, Recall: 0.68, F1-Score: 0.69, AUC: 0.70
Epoch [16/100] - [TRAIN] Loss: 0.6026, Accuracy: 70.80%, AUC: 0.71 [VAL] Loss: 0.6100, Accuracy: 69.68%, Precision: 0.67, Recall: 0.71, F1-Score: 0.69, AUC: 0.70
Epoch [17/100] - [TRAIN] Loss: 0.6051, Accuracy: 70.76%, AUC: 0.71 [VAL] Loss: 0.6094, Accuracy: 69.18%, Precision: 0.69, Recall: 0.61, F1-Score: 0.65, AUC: 0.69
Epoch [18/100] - [TRAIN] Loss: 0.6070, Accuracy: 70.52%, AUC: 0.70 [VAL] Loss: 0.6111, Accuracy: 70.41%, Precision: 0.71, Recall: 0.63, F1-Score: 0.67, AUC: 0.70
Epoch [19/100] - [TRAIN] Loss: 0.6059, Accuracy: 70.53%, AUC: 0.70 [VAL] Loss: 0.6077, Accuracy: 69.90%, Precision: 0.70, Recall: 0.63, F1-Score: 0.66, AUC: 0.70
Epoch [20/100] - [TRAIN] Loss: 0.6048, Accuracy: 70.71%, AUC: 0.70 [VAL] Loss: 0.6094, Accuracy: 69.83%, Precision: 0.68, Recall: 0.66, F1-Score: 0.67, AUC: 0.70
Epoch [21/100] - [TRAIN] Loss: 0.6020, Accuracy: 70.59%, AUC: 0.70 [VAL] Loss: 0.5928, Accuracy: 70.56%, Precision: 0.71, Recall: 0.64, F1-Score: 0.67, AUC: 0.70
Epoch [22/100] - [TRAIN] Loss: 0.5964, Accuracy: 71.02%, AUC: 0.71 [VAL] Loss: 0.6029, Accuracy: 70.45%, Precision: 0.71, Recall: 0.64, F1-Score: 0.67, AUC: 0.70
Epoch [23/100] - [TRAIN] Loss: 0.5968, Accuracy: 70.75%, AUC: 0.71 [VAL] Loss: 0.5933, Accuracy: 71.39%, Precision: 0.71, Recall: 0.67, F1-Score: 0.69, AUC: 0.71
Epoch [24/100] - [TRAIN] Loss: 0.5922, Accuracy: 70.88%, AUC: 0.71 [VAL] Loss: 0.6042, Accuracy: 70.10%, Precision: 0.73, Recall: 0.59, F1-Score: 0.65, AUC: 0.69
Epoch [25/100] - [TRAIN] Loss: 0.5933, Accuracy: 71.08%, AUC: 0.71 [VAL] Loss: 0.5974, Accuracy: 70.10%, Precision: 0.70, Recall: 0.64, F1-Score: 0.67, AUC: 0.70
Epoch [26/100] - [TRAIN] Loss: 0.5944, Accuracy: 71.07%, AUC: 0.71 [VAL] Loss: 0.5980, Accuracy: 70.11%, Precision: 0.69, Recall: 0.65, F1-Score: 0.67, AUC: 0.70
Epoch [27/100] - [TRAIN] Loss: 0.5944, Accuracy: 70.94%, AUC: 0.71 [VAL] Loss: 0.5888, Accuracy: 71.25%, Precision: 0.72, Recall: 0.65, F1-Score: 0.68, AUC: 0.71
Epoch [28/100] - [TRAIN] Loss: 0.5958, Accuracy: 70.57%, AUC: 0.70 [VAL] Loss: 0.5919, Accuracy: 70.40%, Precision: 0.69, Recall: 0.66, F1-Score: 0.68, AUC: 0.70
Epoch [29/100] - [TRAIN] Loss: 0.5953, Accuracy: 70.64%, AUC: 0.70 [VAL] Loss: 0.5907, Accuracy: 69.93%, Precision: 0.70, Recall: 0.64, F1-Score: 0.67, AUC: 0.70
Epoch [30/100] - [TRAIN] Loss: 0.5921, Accuracy: 71.20%, AUC: 0.71 [VAL] Loss: 0.5990, Accuracy: 70.69%, Precision: 0.71, Recall: 0.66, F1-Score: 0.68, AUC: 0.70
Epoch [31/100] - [TRAIN] Loss: 0.5946, Accuracy: 70.72%, AUC: 0.70 [VAL] Loss: 0.5907, Accuracy: 70.84%, Precision: 0.69, Recall: 0.67, F1-Score: 0.68, AUC: 0.71
Epoch [32/100] - [TRAIN] Loss: 0.5903, Accuracy: 71.23%, AUC: 0.71 [VAL] Loss: 0.5950, Accuracy: 70.57%, Precision: 0.69, Recall: 0.66, F1-Score: 0.68, AUC: 0.70
Epoch [33/100] - [TRAIN] Loss: 0.5921, Accuracy: 71.19%, AUC: 0.71 [VAL] Loss: 0.5879, Accuracy: 70.94%, Precision: 0.70, Recall: 0.67, F1-Score: 0.69, AUC: 0.71
Epoch [34/100] - [TRAIN] Loss: 0.5897, Accuracy: 70.99%, AUC: 0.71 [VAL] Loss: 0.6023, Accuracy: 70.35%, Precision: 0.70, Recall: 0.64, F1-Score: 0.67, AUC: 0.70
Epoch [35/100] - [TRAIN] Loss: 0.5922, Accuracy: 71.07%, AUC: 0.71 [VAL] Loss: 0.5927, Accuracy: 70.56%, Precision: 0.70, Recall: 0.66, F1-Score: 0.68, AUC: 0.70
Epoch [36/100] - [TRAIN] Loss: 0.5895, Accuracy: 71.19%, AUC: 0.71 [VAL] Loss: 0.5895, Accuracy: 70.47%, Precision: 0.70, Recall: 0.68, F1-Score: 0.69, AUC: 0.70
Epoch [37/100] - [TRAIN] Loss: 0.5899, Accuracy: 71.10%, AUC: 0.71 [VAL] Loss: 0.6030, Accuracy: 70.44%, Precision: 0.69, Recall: 0.66, F1-Score: 0.68, AUC: 0.70
Epoch [38/100] - [TRAIN] Loss: 0.5935, Accuracy: 70.93%, AUC: 0.71 [VAL] Loss: 0.6003, Accuracy: 70.41%, Precision: 0.68, Recall: 0.68, F1-Score: 0.68, AUC: 0.70
Epoch [39/100] - [TRAIN] Loss: 0.5914, Accuracy: 70.81%, AUC: 0.71 [VAL] Loss: 0.5887, Accuracy: 70.87%, Precision: 0.70, Recall: 0.66, F1-Score: 0.68, AUC: 0.71
Epoch [40/100] - [TRAIN] Loss: 0.5891, Accuracy: 71.34%, AUC: 0.71 [VAL] Loss: 0.5965, Accuracy: 70.46%, Precision: 0.70, Recall: 0.66, F1-Score: 0.68, AUC: 0.70
Epoch [41/100] - [TRAIN] Loss: 0.5870, Accuracy: 71.32%, AUC: 0.71 [VAL] Loss: 0.5897, Accuracy: 70.68%, Precision: 0.71, Recall: 0.65, F1-Score: 0.68, AUC: 0.70
Epoch [42/100] - [TRAIN] Loss: 0.5870, Accuracy: 71.22%, AUC: 0.71 [VAL] Loss: 0.5945, Accuracy: 70.17%, Precision: 0.70, Recall: 0.65, F1-Score: 0.68, AUC: 0.70
Epoch [43/100] - [TRAIN] Loss: 0.5869, Accuracy: 71.21%, AUC: 0.71 [VAL] Loss: 0.5921, Accuracy: 70.34%, Precision: 0.70, Recall: 0.66, F1-Score: 0.68, AUC: 0.70
Epoch [44/100] - [TRAIN] Loss: 0.5857, Accuracy: 71.30%, AUC: 0.71 [VAL] Loss: 0.5969, Accuracy: 70.18%, Precision: 0.70, Recall: 0.65, F1-Score: 0.68, AUC: 0.70
Epoch [45/100] - [TRAIN] Loss: 0.5873, Accuracy: 71.02%, AUC: 0.71 [VAL] Loss: 0.5934, Accuracy: 70.32%, Precision: 0.71, Recall: 0.62, F1-Score: 0.66, AUC: 0.70
Epoch [46/100] - [TRAIN] Loss: 0.5856, Accuracy: 71.21%, AUC: 0.71 [VAL] Loss: 0.5957, Accuracy: 70.43%, Precision: 0.71, Recall: 0.66, F1-Score: 0.68, AUC: 0.70
Epoch [47/100] - [TRAIN] Loss: 0.5869, Accuracy: 71.13%, AUC: 0.71 [VAL] Loss: 0.5933, Accuracy: 70.09%, Precision: 0.72, Recall: 0.59, F1-Score: 0.65, AUC: 0.70
Epoch [48/100] - [TRAIN] Loss: 0.5837, Accuracy: 71.41%, AUC: 0.71 [VAL] Loss: 0.5888, Accuracy: 70.82%, Precision: 0.70, Recall: 0.64, F1-Score: 0.67, AUC: 0.70
Epoch [49/100] - [TRAIN] Loss: 0.5885, Accuracy: 70.70%, AUC: 0.70 [VAL] Loss: 0.5922, Accuracy: 70.27%, Precision: 0.70, Recall: 0.65, F1-Score: 0.68, AUC: 0.70
Epoch [50/100] - [TRAIN] Loss: 0.5838, Accuracy: 71.27%, AUC: 0.71 [VAL] Loss: 0.5875, Accuracy: 70.55%, Precision: 0.70, Recall: 0.65, F1-Score: 0.68, AUC: 0.70
Epoch [51/100] - [TRAIN] Loss: 0.5836, Accuracy: 71.18%, AUC: 0.71 [VAL] Loss: 0.5896, Accuracy: 70.33%, Precision: 0.72, Recall: 0.64, F1-Score: 0.68, AUC: 0.70
Epoch [52/100] - [TRAIN] Loss: 0.5867, Accuracy: 71.02%, AUC: 0.71 [VAL] Loss: 0.5906, Accuracy: 70.58%, Precision: 0.71, Recall: 0.64, F1-Score: 0.67, AUC: 0.70
Epoch [53/100] - [TRAIN] Loss: 0.5826, Accuracy: 71.32%, AUC: 0.71 [VAL] Loss: 0.5929, Accuracy: 70.31%, Precision: 0.70, Recall: 0.66, F1-Score: 0.68, AUC: 0.70
Epoch [54/100] - [TRAIN] Loss: 0.5864, Accuracy: 70.96%, AUC: 0.71 [VAL] Loss: 0.5918, Accuracy: 70.44%, Precision: 0.70, Recall: 0.66, F1-Score: 0.68, AUC: 0.70
Epoch [55/100] - [TRAIN] Loss: 0.5813, Accuracy: 71.41%, AUC: 0.71 [VAL] Loss: 0.5886, Accuracy: 70.65%, Precision: 0.71, Recall: 0.64, F1-Score: 0.67, AUC: 0.70
Epoch [56/100] - [TRAIN] Loss: 0.5853, Accuracy: 71.13%, AUC: 0.71 [VAL] Loss: 0.5906, Accuracy: 70.24%, Precision: 0.70, Recall: 0.63, F1-Score: 0.67, AUC: 0.70
Epoch [57/100] - [TRAIN] Loss: 0.5836, Accuracy: 71.05%, AUC: 0.71 [VAL] Loss: 0.5853, Accuracy: 70.30%, Precision: 0.70, Recall: 0.65, F1-Score: 0.67, AUC: 0.70
Epoch [58/100] - [TRAIN] Loss: 0.5817, Accuracy: 71.32%, AUC: 0.71 [VAL] Loss: 0.5833, Accuracy: 70.81%, Precision: 0.71, Recall: 0.63, F1-Score: 0.66, AUC: 0.70
Epoch [59/100] - [TRAIN] Loss: 0.5867, Accuracy: 70.81%, AUC: 0.71 [VAL] Loss: 0.5860, Accuracy: 71.14%, Precision: 0.71, Recall: 0.65, F1-Score: 0.68, AUC: 0.71
Epoch [60/100] - [TRAIN] Loss: 0.5843, Accuracy: 71.13%, AUC: 0.71 [VAL] Loss: 0.5936, Accuracy: 70.14%, Precision: 0.71, Recall: 0.61, F1-Score: 0.66, AUC: 0.70
Epoch [61/100] - [TRAIN] Loss: 0.5828, Accuracy: 71.09%, AUC: 0.71 [VAL] Loss: 0.5856, Accuracy: 71.07%, Precision: 0.72, Recall: 0.62, F1-Score: 0.66, AUC: 0.70
Epoch [62/100] - [TRAIN] Loss: 0.5826, Accuracy: 71.06%, AUC: 0.71 [VAL] Loss: 0.5899, Accuracy: 70.88%, Precision: 0.72, Recall: 0.64, F1-Score: 0.68, AUC: 0.71
Epoch [63/100] - [TRAIN] Loss: 0.5823, Accuracy: 71.19%, AUC: 0.71 [VAL] Loss: 0.5907, Accuracy: 70.55%, Precision: 0.69, Recall: 0.67, F1-Score: 0.68, AUC: 0.70
Epoch [64/100] - [TRAIN] Loss: 0.5802, Accuracy: 71.40%, AUC: 0.71 [VAL] Loss: 0.5840, Accuracy: 70.28%, Precision: 0.71, Recall: 0.64, F1-Score: 0.67, AUC: 0.70
Epoch [65/100] - [TRAIN] Loss: 0.5833, Accuracy: 71.13%, AUC: 0.71 [VAL] Loss: 0.5861, Accuracy: 70.49%, Precision: 0.72, Recall: 0.62, F1-Score: 0.67, AUC: 0.70
Epoch [66/100] - [TRAIN] Loss: 0.5806, Accuracy: 71.29%, AUC: 0.71 [VAL] Loss: 0.5886, Accuracy: 70.50%, Precision: 0.70, Recall: 0.64, F1-Score: 0.67, AUC: 0.70
Epoch [67/100] - [TRAIN] Loss: 0.5796, Accuracy: 71.29%, AUC: 0.71 [VAL] Loss: 0.6012, Accuracy: 69.74%, Precision: 0.70, Recall: 0.63, F1-Score: 0.66, AUC: 0.69
Epoch [68/100] - [TRAIN] Loss: 0.5830, Accuracy: 71.03%, AUC: 0.71 [VAL] Loss: 0.5861, Accuracy: 71.21%, Precision: 0.71, Recall: 0.63, F1-Score: 0.67, AUC: 0.71
Epoch [69/100] - [TRAIN] Loss: 0.5808, Accuracy: 71.17%, AUC: 0.71 [VAL] Loss: 0.5859, Accuracy: 70.89%, Precision: 0.71, Recall: 0.65, F1-Score: 0.68, AUC: 0.71
Epoch [70/100] - [TRAIN] Loss: 0.5787, Accuracy: 71.43%, AUC: 0.71 [VAL] Loss: 0.5848, Accuracy: 70.84%, Precision: 0.72, Recall: 0.65, F1-Score: 0.68, AUC: 0.71
Epoch [71/100] - [TRAIN] Loss: 0.5817, Accuracy: 71.20%, AUC: 0.71 [VAL] Loss: 0.5871, Accuracy: 70.53%, Precision: 0.71, Recall: 0.64, F1-Score: 0.67, AUC: 0.70
Epoch [72/100] - [TRAIN] Loss: 0.5811, Accuracy: 71.12%, AUC: 0.71 [VAL] Loss: 0.5892, Accuracy: 70.76%, Precision: 0.70, Recall: 0.65, F1-Score: 0.68, AUC: 0.70
Epoch [73/100] - [TRAIN] Loss: 0.5790, Accuracy: 71.17%, AUC: 0.71 [VAL] Loss: 0.5894, Accuracy: 70.74%, Precision: 0.71, Recall: 0.64, F1-Score: 0.67, AUC: 0.70
Epoch [74/100] - [TRAIN] Loss: 0.5807, Accuracy: 71.25%, AUC: 0.71 [VAL] Loss: 0.5867, Accuracy: 71.31%, Precision: 0.72, Recall: 0.64, F1-Score: 0.68, AUC: 0.71
Epoch [75/100] - [TRAIN] Loss: 0.5821, Accuracy: 71.30%, AUC: 0.71 [VAL] Loss: 0.5972, Accuracy: 70.25%, Precision: 0.71, Recall: 0.64, F1-Score: 0.67, AUC: 0.70
Epoch [76/100] - [TRAIN] Loss: 0.5788, Accuracy: 71.35%, AUC: 0.71 [VAL] Loss: 0.5903, Accuracy: 70.27%, Precision: 0.70, Recall: 0.63, F1-Score: 0.67, AUC: 0.70
Epoch [77/100] - [TRAIN] Loss: 0.5802, Accuracy: 71.36%, AUC: 0.71 [VAL] Loss: 0.5897, Accuracy: 70.33%, Precision: 0.70, Recall: 0.63, F1-Score: 0.66, AUC: 0.70
Epoch [78/100] - [TRAIN] Loss: 0.5780, Accuracy: 71.40%, AUC: 0.71 [VAL] Loss: 0.5835, Accuracy: 70.74%, Precision: 0.70, Recall: 0.68, F1-Score: 0.69, AUC: 0.71
Epoch [79/100] - [TRAIN] Loss: 0.5811, Accuracy: 71.14%, AUC: 0.71 [VAL] Loss: 0.5951, Accuracy: 70.02%, Precision: 0.70, Recall: 0.64, F1-Score: 0.67, AUC: 0.70
Epoch [80/100] - [TRAIN] Loss: 0.5808, Accuracy: 71.10%, AUC: 0.71 [VAL] Loss: 0.5898, Accuracy: 70.74%, Precision: 0.71, Recall: 0.63, F1-Score: 0.67, AUC: 0.70
Epoch [81/100] - [TRAIN] Loss: 0.5789, Accuracy: 71.24%, AUC: 0.71 [VAL] Loss: 0.5908, Accuracy: 70.03%, Precision: 0.71, Recall: 0.63, F1-Score: 0.67, AUC: 0.70
Epoch [82/100] - [TRAIN] Loss: 0.5786, Accuracy: 71.24%, AUC: 0.71 [VAL] Loss: 0.5843, Accuracy: 70.43%, Precision: 0.70, Recall: 0.63, F1-Score: 0.66, AUC: 0.70
Epoch [83/100] - [TRAIN] Loss: 0.5773, Accuracy: 71.36%, AUC: 0.71 [VAL] Loss: 0.5854, Accuracy: 70.51%, Precision: 0.71, Recall: 0.64, F1-Score: 0.67, AUC: 0.70
Epoch [84/100] - [TRAIN] Loss: 0.5783, Accuracy: 71.17%, AUC: 0.71 [VAL] Loss: 0.5805, Accuracy: 70.99%, Precision: 0.71, Recall: 0.66, F1-Score: 0.68, AUC: 0.71
Epoch [85/100] - [TRAIN] Loss: 0.5819, Accuracy: 71.27%, AUC: 0.71 [VAL] Loss: 0.5856, Accuracy: 70.69%, Precision: 0.70, Recall: 0.66, F1-Score: 0.68, AUC: 0.70
Epoch [86/100] - [TRAIN] Loss: 0.5773, Accuracy: 71.41%, AUC: 0.71 [VAL] Loss: 0.5850, Accuracy: 70.74%, Precision: 0.70, Recall: 0.66, F1-Score: 0.68, AUC: 0.70
Epoch [87/100] - [TRAIN] Loss: 0.5790, Accuracy: 71.17%, AUC: 0.71 [VAL] Loss: 0.5803, Accuracy: 71.09%, Precision: 0.72, Recall: 0.64, F1-Score: 0.68, AUC: 0.71
Epoch [88/100] - [TRAIN] Loss: 0.5791, Accuracy: 71.21%, AUC: 0.71 [VAL] Loss: 0.5777, Accuracy: 71.69%, Precision: 0.72, Recall: 0.65, F1-Score: 0.68, AUC: 0.71
Epoch [89/100] - [TRAIN] Loss: 0.5786, Accuracy: 71.31%, AUC: 0.71 [VAL] Loss: 0.5909, Accuracy: 69.56%, Precision: 0.69, Recall: 0.63, F1-Score: 0.66, AUC: 0.69
Epoch [90/100] - [TRAIN] Loss: 0.5792, Accuracy: 71.10%, AUC: 0.71 [VAL] Loss: 0.5907, Accuracy: 69.90%, Precision: 0.70, Recall: 0.64, F1-Score: 0.67, AUC: 0.70
Epoch [91/100] - [TRAIN] Loss: 0.5811, Accuracy: 71.04%, AUC: 0.71 [VAL] Loss: 0.5888, Accuracy: 70.07%, Precision: 0.70, Recall: 0.65, F1-Score: 0.67, AUC: 0.70
Epoch [92/100] - [TRAIN] Loss: 0.5796, Accuracy: 71.26%, AUC: 0.71 [VAL] Loss: 0.5880, Accuracy: 70.55%, Precision: 0.71, Recall: 0.61, F1-Score: 0.66, AUC: 0.70
Epoch [93/100] - [TRAIN] Loss: 0.5775, Accuracy: 71.31%, AUC: 0.71 [VAL] Loss: 0.5856, Accuracy: 70.63%, Precision: 0.71, Recall: 0.64, F1-Score: 0.67, AUC: 0.70
Epoch [94/100] - [TRAIN] Loss: 0.5780, Accuracy: 71.34%, AUC: 0.71 [VAL] Loss: 0.5867, Accuracy: 70.88%, Precision: 0.70, Recall: 0.66, F1-Score: 0.68, AUC: 0.71
Epoch [95/100] - [TRAIN] Loss: 0.5782, Accuracy: 71.22%, AUC: 0.71 [VAL] Loss: 0.5855, Accuracy: 70.51%, Precision: 0.71, Recall: 0.62, F1-Score: 0.66, AUC: 0.70
Epoch [96/100] - [TRAIN] Loss: 0.5759, Accuracy: 71.40%, AUC: 0.71 [VAL] Loss: 0.5872, Accuracy: 69.89%, Precision: 0.70, Recall: 0.64, F1-Score: 0.67, AUC: 0.70
Epoch [97/100] - [TRAIN] Loss: 0.5774, Accuracy: 71.34%, AUC: 0.71 [VAL] Loss: 0.5809, Accuracy: 70.52%, Precision: 0.71, Recall: 0.63, F1-Score: 0.67, AUC: 0.70
Epoch [98/100] - [TRAIN] Loss: 0.5771, Accuracy: 71.25%, AUC: 0.71 [VAL] Loss: 0.5897, Accuracy: 70.53%, Precision: 0.71, Recall: 0.64, F1-Score: 0.67, AUC: 0.70
Epoch [99/100] - [TRAIN] Loss: 0.5779, Accuracy: 71.17%, AUC: 0.71 [VAL] Loss: 0.5807, Accuracy: 70.62%, Precision: 0.71, Recall: 0.64, F1-Score: 0.67, AUC: 0.70
Epoch [100/100] - [TRAIN] Loss: 0.5759, Accuracy: 71.29%, AUC: 0.71 [VAL] Loss: 0.5847, Accuracy: 70.56%, Precision: 0.71, Recall: 0.66, F1-Score: 0.68, AUC: 0.70
Accuracy Score on test set: 71.94 %
AUC Score on test set: 0.72
Precision: 0.7193
Recall: 0.6676
F1-Score: 0.6925

Detailed Classification Report:
              precision    recall  f1-score   support

           0       0.72      0.77      0.74      5268
           1       0.72      0.67      0.69      4732

    accuracy                           0.72     10000
   macro avg       0.72      0.72      0.72     10000
weighted avg       0.72      0.72      0.72     10000


Confusion Matrix:
[[4035 1233]
 [1573 3159]]


Real-time duration: 1062.460123232 seconds
