Number of data: 250
Using device: cuda
Current CUDA device: 0
CUDA device name: Tesla P100-SXM2-16GB
Using device: cuda
Current CUDA device: 0
CUDA device name: Tesla P100-SXM2-16GB
New best model saved with validation metric: 25.3041
Epoch [1/100] - [TRAIN] Loss: 0.5744, Accuracy: 76.10% - [VAL] Loss: 0.5188, Accuracy: 79.15%, Precision: 0.70, Recall: 0.59, F1-Score: 0.61, 
Epoch [2/100] - [TRAIN] Loss: 0.4627, Accuracy: 80.30% - [VAL] Loss: 0.5047, Accuracy: 79.07%, Precision: 0.53, Recall: 0.55, F1-Score: 0.54, 
New best model saved with validation metric: 25.9063
Epoch [3/100] - [TRAIN] Loss: 0.4545, Accuracy: 81.04% - [VAL] Loss: 0.4433, Accuracy: 81.03%, Precision: 0.54, Recall: 0.57, F1-Score: 0.55, 
Epoch [4/100] - [TRAIN] Loss: 0.4291, Accuracy: 81.76% - [VAL] Loss: 0.4886, Accuracy: 79.50%, Precision: 0.53, Recall: 0.56, F1-Score: 0.54, 
New best model saved with validation metric: 25.9739
Epoch [5/100] - [TRAIN] Loss: 0.4158, Accuracy: 81.94% - [VAL] Loss: 0.4487, Accuracy: 81.25%, Precision: 0.68, Recall: 0.73, F1-Score: 0.70, 
Epoch [6/100] - [TRAIN] Loss: 0.4175, Accuracy: 81.91% - [VAL] Loss: 0.4316, Accuracy: 80.28%, Precision: 0.54, Recall: 0.56, F1-Score: 0.55, 
New best model saved with validation metric: 26.1797
Epoch [7/100] - [TRAIN] Loss: 0.3977, Accuracy: 82.64% - [VAL] Loss: 0.4059, Accuracy: 81.89%, Precision: 0.56, Recall: 0.57, F1-Score: 0.56, 
Epoch [8/100] - [TRAIN] Loss: 0.3904, Accuracy: 82.85% - [VAL] Loss: 0.5031, Accuracy: 80.06%, Precision: 0.54, Recall: 0.56, F1-Score: 0.55, 
Epoch [9/100] - [TRAIN] Loss: 0.4313, Accuracy: 82.32% - [VAL] Loss: 0.4685, Accuracy: 81.25%, Precision: 0.54, Recall: 0.57, F1-Score: 0.55, 
Epoch [10/100] - [TRAIN] Loss: 0.3882, Accuracy: 82.97% - [VAL] Loss: 0.4183, Accuracy: 81.79%, Precision: 0.55, Recall: 0.57, F1-Score: 0.56, 
Epoch [11/100] - [TRAIN] Loss: 0.3863, Accuracy: 83.27% - [VAL] Loss: 0.4612, Accuracy: 81.65%, Precision: 0.55, Recall: 0.57, F1-Score: 0.56, 
New best model saved with validation metric: 26.3502
Epoch [12/100] - [TRAIN] Loss: 0.3866, Accuracy: 83.02% - [VAL] Loss: 0.4170, Accuracy: 82.42%, Precision: 0.56, Recall: 0.58, F1-Score: 0.56, 
Epoch [13/100] - [TRAIN] Loss: 0.3848, Accuracy: 83.11% - [VAL] Loss: 0.4180, Accuracy: 82.33%, Precision: 0.69, Recall: 0.74, F1-Score: 0.70, 
Epoch [14/100] - [TRAIN] Loss: 0.3826, Accuracy: 83.17% - [VAL] Loss: 0.4260, Accuracy: 82.11%, Precision: 0.69, Recall: 0.74, F1-Score: 0.70, 
Epoch [15/100] - [TRAIN] Loss: 0.3891, Accuracy: 82.99% - [VAL] Loss: 0.4167, Accuracy: 81.80%, Precision: 0.68, Recall: 0.73, F1-Score: 0.70, 
Epoch [16/100] - [TRAIN] Loss: 0.3748, Accuracy: 83.73% - [VAL] Loss: 0.4239, Accuracy: 80.78%, Precision: 0.54, Recall: 0.56, F1-Score: 0.55, 
New best model saved with validation metric: 26.3733
Epoch [17/100] - [TRAIN] Loss: 0.3711, Accuracy: 83.81% - [VAL] Loss: 0.4466, Accuracy: 82.50%, Precision: 0.69, Recall: 0.74, F1-Score: 0.71, 
New best model saved with validation metric: 26.4163
Epoch [18/100] - [TRAIN] Loss: 0.4042, Accuracy: 82.65% - [VAL] Loss: 0.4176, Accuracy: 82.63%, Precision: 0.56, Recall: 0.58, F1-Score: 0.56, 
New best model saved with validation metric: 26.4977
Epoch [19/100] - [TRAIN] Loss: 0.3658, Accuracy: 84.08% - [VAL] Loss: 0.4040, Accuracy: 82.88%, Precision: 0.69, Recall: 0.74, F1-Score: 0.71, 
Epoch [20/100] - [TRAIN] Loss: 0.3704, Accuracy: 83.80% - [VAL] Loss: 0.4213, Accuracy: 82.21%, Precision: 0.55, Recall: 0.57, F1-Score: 0.56, 
Epoch [21/100] - [TRAIN] Loss: 0.3623, Accuracy: 84.04% - [VAL] Loss: 0.4208, Accuracy: 82.88%, Precision: 0.70, Recall: 0.74, F1-Score: 0.71, 
Epoch [22/100] - [TRAIN] Loss: 0.3701, Accuracy: 83.89% - [VAL] Loss: 0.3981, Accuracy: 82.73%, Precision: 0.56, Recall: 0.58, F1-Score: 0.57, 
New best model saved with validation metric: 26.5284
Epoch [23/100] - [TRAIN] Loss: 0.3674, Accuracy: 83.95% - [VAL] Loss: 0.4066, Accuracy: 82.98%, Precision: 0.55, Recall: 0.58, F1-Score: 0.57, 
Epoch [24/100] - [TRAIN] Loss: 0.3958, Accuracy: 83.45% - [VAL] Loss: 0.4216, Accuracy: 81.84%, Precision: 0.68, Recall: 0.73, F1-Score: 0.70, 
New best model saved with validation metric: 26.5330
Epoch [25/100] - [TRAIN] Loss: 0.3775, Accuracy: 83.79% - [VAL] Loss: 0.4389, Accuracy: 83.00%, Precision: 0.56, Recall: 0.58, F1-Score: 0.57, 
Epoch [26/100] - [TRAIN] Loss: 0.3824, Accuracy: 83.93% - [VAL] Loss: 0.4192, Accuracy: 82.84%, Precision: 0.69, Recall: 0.74, F1-Score: 0.71, 
Epoch [27/100] - [TRAIN] Loss: 0.3840, Accuracy: 83.34% - [VAL] Loss: 0.4149, Accuracy: 82.59%, Precision: 0.69, Recall: 0.74, F1-Score: 0.71, 
New best model saved with validation metric: 26.5975
Epoch [28/100] - [TRAIN] Loss: 0.3582, Accuracy: 83.89% - [VAL] Loss: 0.4227, Accuracy: 83.20%, Precision: 0.56, Recall: 0.58, F1-Score: 0.57, 
New best model saved with validation metric: 26.6160
Epoch [29/100] - [TRAIN] Loss: 0.3656, Accuracy: 83.60% - [VAL] Loss: 0.4155, Accuracy: 83.25%, Precision: 0.70, Recall: 0.74, F1-Score: 0.71, 
Epoch [30/100] - [TRAIN] Loss: 0.3638, Accuracy: 84.26% - [VAL] Loss: 0.4341, Accuracy: 82.72%, Precision: 0.55, Recall: 0.58, F1-Score: 0.56, 
Epoch [31/100] - [TRAIN] Loss: 0.3548, Accuracy: 83.97% - [VAL] Loss: 0.4041, Accuracy: 82.30%, Precision: 0.69, Recall: 0.74, F1-Score: 0.70, 
Epoch [32/100] - [TRAIN] Loss: 0.3573, Accuracy: 83.89% - [VAL] Loss: 0.4255, Accuracy: 81.81%, Precision: 0.55, Recall: 0.57, F1-Score: 0.56, 
Epoch [33/100] - [TRAIN] Loss: 0.3768, Accuracy: 82.52% - [VAL] Loss: 0.4270, Accuracy: 82.91%, Precision: 0.70, Recall: 0.74, F1-Score: 0.71, 
Epoch [34/100] - [TRAIN] Loss: 0.3641, Accuracy: 83.70% - [VAL] Loss: 0.4676, Accuracy: 82.16%, Precision: 0.56, Recall: 0.57, F1-Score: 0.56, 
Epoch [35/100] - [TRAIN] Loss: 0.3673, Accuracy: 83.31% - [VAL] Loss: 0.4115, Accuracy: 81.32%, Precision: 0.68, Recall: 0.73, F1-Score: 0.70, 
Epoch [36/100] - [TRAIN] Loss: 0.3583, Accuracy: 83.65% - [VAL] Loss: 0.4297, Accuracy: 82.49%, Precision: 0.55, Recall: 0.58, F1-Score: 0.56, 
Epoch [37/100] - [TRAIN] Loss: 0.3561, Accuracy: 83.67% - [VAL] Loss: 0.4402, Accuracy: 82.64%, Precision: 0.69, Recall: 0.74, F1-Score: 0.71, 
Epoch [38/100] - [TRAIN] Loss: 0.3517, Accuracy: 84.30% - [VAL] Loss: 0.4102, Accuracy: 82.47%, Precision: 0.55, Recall: 0.58, F1-Score: 0.56, 
Epoch [39/100] - [TRAIN] Loss: 0.3547, Accuracy: 83.91% - [VAL] Loss: 0.4340, Accuracy: 81.85%, Precision: 0.56, Recall: 0.57, F1-Score: 0.56, 
Epoch [40/100] - [TRAIN] Loss: 0.3573, Accuracy: 83.97% - [VAL] Loss: 0.4116, Accuracy: 81.42%, Precision: 0.69, Recall: 0.73, F1-Score: 0.70, 
Epoch [41/100] - [TRAIN] Loss: 0.3596, Accuracy: 84.00% - [VAL] Loss: 0.4537, Accuracy: 82.66%, Precision: 0.69, Recall: 0.74, F1-Score: 0.71, 
Epoch [42/100] - [TRAIN] Loss: 0.3547, Accuracy: 84.33% - [VAL] Loss: 0.4247, Accuracy: 82.55%, Precision: 0.55, Recall: 0.58, F1-Score: 0.56, 
Epoch [43/100] - [TRAIN] Loss: 0.3514, Accuracy: 83.87% - [VAL] Loss: 0.3990, Accuracy: 82.45%, Precision: 0.55, Recall: 0.58, F1-Score: 0.56, 
Epoch [44/100] - [TRAIN] Loss: 0.3514, Accuracy: 84.11% - [VAL] Loss: 0.4108, Accuracy: 82.20%, Precision: 0.56, Recall: 0.57, F1-Score: 0.56, 
Epoch [45/100] - [TRAIN] Loss: 0.3449, Accuracy: 84.05% - [VAL] Loss: 0.4201, Accuracy: 82.10%, Precision: 0.56, Recall: 0.57, F1-Score: 0.56, 
Epoch [46/100] - [TRAIN] Loss: 0.3536, Accuracy: 84.50% - [VAL] Loss: 0.4135, Accuracy: 82.55%, Precision: 0.56, Recall: 0.58, F1-Score: 0.56, 
Epoch [47/100] - [TRAIN] Loss: 0.3504, Accuracy: 84.21% - [VAL] Loss: 0.4095, Accuracy: 82.52%, Precision: 0.69, Recall: 0.74, F1-Score: 0.71, 
Epoch [48/100] - [TRAIN] Loss: 0.3472, Accuracy: 83.93% - [VAL] Loss: 0.4116, Accuracy: 82.58%, Precision: 0.69, Recall: 0.74, F1-Score: 0.71, 
Epoch [49/100] - [TRAIN] Loss: 0.3490, Accuracy: 84.29% - [VAL] Loss: 0.3975, Accuracy: 82.91%, Precision: 0.55, Recall: 0.58, F1-Score: 0.57, 
Epoch [50/100] - [TRAIN] Loss: 0.3406, Accuracy: 84.33% - [VAL] Loss: 0.3985, Accuracy: 82.67%, Precision: 0.55, Recall: 0.58, F1-Score: 0.56, 
Epoch [51/100] - [TRAIN] Loss: 0.3416, Accuracy: 84.22% - [VAL] Loss: 0.4046, Accuracy: 82.74%, Precision: 0.56, Recall: 0.58, F1-Score: 0.57, 
Epoch [52/100] - [TRAIN] Loss: 0.3409, Accuracy: 83.77% - [VAL] Loss: 0.4328, Accuracy: 82.94%, Precision: 0.56, Recall: 0.58, F1-Score: 0.57, 
Epoch [53/100] - [TRAIN] Loss: 0.3567, Accuracy: 83.84% - [VAL] Loss: 0.4612, Accuracy: 82.51%, Precision: 0.69, Recall: 0.74, F1-Score: 0.71, 
Epoch [54/100] - [TRAIN] Loss: 0.3400, Accuracy: 84.46% - [VAL] Loss: 0.4063, Accuracy: 82.91%, Precision: 0.69, Recall: 0.74, F1-Score: 0.71, 
Epoch [55/100] - [TRAIN] Loss: 0.3461, Accuracy: 84.27% - [VAL] Loss: 0.4438, Accuracy: 82.30%, Precision: 0.56, Recall: 0.58, F1-Score: 0.56, 
Epoch [56/100] - [TRAIN] Loss: 0.3481, Accuracy: 84.11% - [VAL] Loss: 0.4067, Accuracy: 82.15%, Precision: 0.56, Recall: 0.57, F1-Score: 0.56, 
Epoch [57/100] - [TRAIN] Loss: 0.3491, Accuracy: 84.20% - [VAL] Loss: 0.4047, Accuracy: 83.10%, Precision: 0.69, Recall: 0.74, F1-Score: 0.71, 
Epoch [58/100] - [TRAIN] Loss: 0.3486, Accuracy: 84.01% - [VAL] Loss: 0.4471, Accuracy: 82.32%, Precision: 0.55, Recall: 0.58, F1-Score: 0.56, 
Epoch [59/100] - [TRAIN] Loss: 0.3621, Accuracy: 83.77% - [VAL] Loss: 0.4375, Accuracy: 83.12%, Precision: 0.70, Recall: 0.74, F1-Score: 0.71, 
Epoch [60/100] - [TRAIN] Loss: 0.3425, Accuracy: 84.47% - [VAL] Loss: 0.4353, Accuracy: 82.03%, Precision: 0.70, Recall: 0.74, F1-Score: 0.70, 
New best model saved with validation metric: 26.6866
Epoch [61/100] - [TRAIN] Loss: 0.3393, Accuracy: 83.92% - [VAL] Loss: 0.4079, Accuracy: 83.48%, Precision: 0.70, Recall: 0.75, F1-Score: 0.71, 
Epoch [62/100] - [TRAIN] Loss: 0.3389, Accuracy: 84.57% - [VAL] Loss: 0.4153, Accuracy: 82.54%, Precision: 0.56, Recall: 0.58, F1-Score: 0.56, 
Epoch [63/100] - [TRAIN] Loss: 0.3522, Accuracy: 84.02% - [VAL] Loss: 0.4562, Accuracy: 82.86%, Precision: 0.56, Recall: 0.58, F1-Score: 0.57, 
Epoch [64/100] - [TRAIN] Loss: 0.3393, Accuracy: 84.04% - [VAL] Loss: 0.3959, Accuracy: 83.26%, Precision: 0.70, Recall: 0.74, F1-Score: 0.71, 
Epoch [65/100] - [TRAIN] Loss: 0.3351, Accuracy: 84.30% - [VAL] Loss: 0.4020, Accuracy: 82.92%, Precision: 0.56, Recall: 0.58, F1-Score: 0.57, 
Epoch [66/100] - [TRAIN] Loss: 0.3496, Accuracy: 83.80% - [VAL] Loss: 0.4269, Accuracy: 82.11%, Precision: 0.56, Recall: 0.57, F1-Score: 0.56, 
Epoch [67/100] - [TRAIN] Loss: 0.3562, Accuracy: 84.10% - [VAL] Loss: 0.4001, Accuracy: 82.34%, Precision: 0.69, Recall: 0.74, F1-Score: 0.70, 
Epoch [68/100] - [TRAIN] Loss: 0.3387, Accuracy: 84.37% - [VAL] Loss: 0.3871, Accuracy: 82.84%, Precision: 0.57, Recall: 0.58, F1-Score: 0.57, 
Epoch [69/100] - [TRAIN] Loss: 0.3431, Accuracy: 83.96% - [VAL] Loss: 0.4699, Accuracy: 81.87%, Precision: 0.55, Recall: 0.57, F1-Score: 0.56, 
Epoch [70/100] - [TRAIN] Loss: 0.3506, Accuracy: 84.24% - [VAL] Loss: 0.3974, Accuracy: 82.73%, Precision: 0.69, Recall: 0.74, F1-Score: 0.71, 
Epoch [71/100] - [TRAIN] Loss: 0.3337, Accuracy: 84.57% - [VAL] Loss: 0.4382, Accuracy: 83.25%, Precision: 0.56, Recall: 0.58, F1-Score: 0.57, 
New best model saved with validation metric: 26.7450
Epoch [72/100] - [TRAIN] Loss: 0.3355, Accuracy: 84.25% - [VAL] Loss: 0.4202, Accuracy: 83.66%, Precision: 0.70, Recall: 0.75, F1-Score: 0.71, 
Epoch [73/100] - [TRAIN] Loss: 0.3349, Accuracy: 84.37% - [VAL] Loss: 0.5334, Accuracy: 82.89%, Precision: 0.56, Recall: 0.58, F1-Score: 0.57, 
Epoch [74/100] - [TRAIN] Loss: 0.3344, Accuracy: 84.17% - [VAL] Loss: 0.4203, Accuracy: 83.40%, Precision: 0.70, Recall: 0.75, F1-Score: 0.71, 
Epoch [75/100] - [TRAIN] Loss: 0.3360, Accuracy: 84.23% - [VAL] Loss: 0.3954, Accuracy: 83.34%, Precision: 0.70, Recall: 0.75, F1-Score: 0.71, 
Epoch [76/100] - [TRAIN] Loss: 0.3316, Accuracy: 84.46% - [VAL] Loss: 0.4724, Accuracy: 82.46%, Precision: 0.57, Recall: 0.58, F1-Score: 0.56, 
Epoch [77/100] - [TRAIN] Loss: 0.3344, Accuracy: 84.18% - [VAL] Loss: 0.4002, Accuracy: 83.34%, Precision: 0.57, Recall: 0.58, F1-Score: 0.57, 
Epoch [78/100] - [TRAIN] Loss: 0.3280, Accuracy: 84.29% - [VAL] Loss: 0.4067, Accuracy: 82.22%, Precision: 0.56, Recall: 0.57, F1-Score: 0.56, 
Epoch [79/100] - [TRAIN] Loss: 0.3454, Accuracy: 84.02% - [VAL] Loss: 0.4543, Accuracy: 82.94%, Precision: 0.56, Recall: 0.58, F1-Score: 0.57, 
Epoch [80/100] - [TRAIN] Loss: 0.3400, Accuracy: 84.37% - [VAL] Loss: 0.4717, Accuracy: 82.29%, Precision: 0.55, Recall: 0.58, F1-Score: 0.56, 
Epoch [81/100] - [TRAIN] Loss: 0.3564, Accuracy: 83.91% - [VAL] Loss: 0.4595, Accuracy: 83.20%, Precision: 0.70, Recall: 0.74, F1-Score: 0.71, 
Epoch [82/100] - [TRAIN] Loss: 0.3285, Accuracy: 84.66% - [VAL] Loss: 0.4475, Accuracy: 83.31%, Precision: 0.56, Recall: 0.58, F1-Score: 0.57, 
Epoch [83/100] - [TRAIN] Loss: 0.3347, Accuracy: 84.51% - [VAL] Loss: 0.4538, Accuracy: 83.11%, Precision: 0.56, Recall: 0.58, F1-Score: 0.57, 
Epoch [84/100] - [TRAIN] Loss: 0.3301, Accuracy: 84.57% - [VAL] Loss: 0.4243, Accuracy: 82.24%, Precision: 0.57, Recall: 0.57, F1-Score: 0.56, 
Epoch [85/100] - [TRAIN] Loss: 0.3321, Accuracy: 84.40% - [VAL] Loss: 0.4148, Accuracy: 83.53%, Precision: 0.70, Recall: 0.75, F1-Score: 0.71, 
Epoch [86/100] - [TRAIN] Loss: 0.3350, Accuracy: 84.42% - [VAL] Loss: 0.4320, Accuracy: 82.62%, Precision: 0.55, Recall: 0.58, F1-Score: 0.56, 
Epoch [87/100] - [TRAIN] Loss: 0.3324, Accuracy: 84.10% - [VAL] Loss: 0.4169, Accuracy: 82.17%, Precision: 0.69, Recall: 0.74, F1-Score: 0.70, 
Epoch [88/100] - [TRAIN] Loss: 0.3305, Accuracy: 84.45% - [VAL] Loss: 0.4335, Accuracy: 83.41%, Precision: 0.57, Recall: 0.58, F1-Score: 0.57, 
Epoch [89/100] - [TRAIN] Loss: 0.3365, Accuracy: 84.28% - [VAL] Loss: 0.4744, Accuracy: 83.58%, Precision: 0.70, Recall: 0.75, F1-Score: 0.71, 
Epoch [90/100] - [TRAIN] Loss: 0.3346, Accuracy: 84.57% - [VAL] Loss: 0.4234, Accuracy: 83.00%, Precision: 0.56, Recall: 0.58, F1-Score: 0.57, 
Epoch [91/100] - [TRAIN] Loss: 0.3283, Accuracy: 84.50% - [VAL] Loss: 0.4115, Accuracy: 82.90%, Precision: 0.57, Recall: 0.58, F1-Score: 0.57, 
Epoch [92/100] - [TRAIN] Loss: 0.3276, Accuracy: 84.49% - [VAL] Loss: 0.4098, Accuracy: 83.31%, Precision: 0.57, Recall: 0.58, F1-Score: 0.57, 
Epoch [93/100] - [TRAIN] Loss: 0.3534, Accuracy: 84.06% - [VAL] Loss: 0.4201, Accuracy: 83.43%, Precision: 0.57, Recall: 0.58, F1-Score: 0.57, 
Epoch [94/100] - [TRAIN] Loss: 0.3341, Accuracy: 84.46% - [VAL] Loss: 0.4281, Accuracy: 82.80%, Precision: 0.55, Recall: 0.58, F1-Score: 0.57, 
Epoch [95/100] - [TRAIN] Loss: 0.3345, Accuracy: 84.36% - [VAL] Loss: 0.3992, Accuracy: 82.36%, Precision: 0.69, Recall: 0.74, F1-Score: 0.70, 
Epoch [96/100] - [TRAIN] Loss: 0.3297, Accuracy: 84.46% - [VAL] Loss: 0.4387, Accuracy: 82.85%, Precision: 0.57, Recall: 0.58, F1-Score: 0.57, 
Epoch [97/100] - [TRAIN] Loss: 0.3318, Accuracy: 84.49% - [VAL] Loss: 0.4164, Accuracy: 82.61%, Precision: 0.57, Recall: 0.58, F1-Score: 0.56, 
Epoch [98/100] - [TRAIN] Loss: 0.3307, Accuracy: 84.49% - [VAL] Loss: 0.4172, Accuracy: 82.52%, Precision: 0.57, Recall: 0.58, F1-Score: 0.56, 
Epoch [99/100] - [TRAIN] Loss: 0.3340, Accuracy: 84.54% - [VAL] Loss: 0.4240, Accuracy: 83.13%, Precision: 0.55, Recall: 0.58, F1-Score: 0.57, 
Epoch [100/100] - [TRAIN] Loss: 0.3355, Accuracy: 84.54% - [VAL] Loss: 0.4217, Accuracy: 83.10%, Precision: 0.56, Recall: 0.58, F1-Score: 0.57, 
Accuracy Score on test set: 83.37 %
Precision: 0.5579
Recall: 0.5829
F1-Score: 0.5692

Detailed Classification Report:
              precision    recall  f1-score   support

           0       0.80      0.90      0.84      9923
           1       0.00      0.00      0.00       967
           2       0.88      0.85      0.86      9923

    accuracy                           0.83     20813
   macro avg       0.56      0.58      0.57     20813
weighted avg       0.80      0.83      0.81     20813


Confusion Matrix:
[[8928    0  995]
 [ 787    0  180]
 [1500    0 8423]]
Using device: cuda
Current CUDA device: 0
CUDA device name: Tesla P100-SXM2-16GB
Accuracy Score on test set: 84.26 %
Precision: 0.5725
Recall: 0.5891
F1-Score: 0.5757

Detailed Classification Report:
              precision    recall  f1-score   support

           0       0.77      0.96      0.85      9923
           1       0.00      0.00      0.00       967
           2       0.95      0.81      0.87      9923

    accuracy                           0.84     20813
   macro avg       0.57      0.59      0.58     20813
weighted avg       0.82      0.84      0.82     20813


Confusion Matrix:
[[9500    0  423]
 [ 936    0   31]
 [1886    0 8037]]

Real-time duration: 662.005807312 seconds
