Using device: cuda
Current CUDA device: 0
CUDA device name: Tesla P100-SXM2-16GB

Number of items: 1000000

Epoch [1/100] - [TRAIN] Loss: 0.4649, Accuracy: 77.16%, AUC: 0.77 [VAL] Loss: 0.4553, Accuracy: 77.46%, Precision: 0.76, Recall: 0.79, F1-Score: 0.78, AUC: 0.77
Epoch [2/100] - [TRAIN] Loss: 0.4491, Accuracy: 77.88%, AUC: 0.78 [VAL] Loss: 0.4500, Accuracy: 77.90%, Precision: 0.79, Recall: 0.75, F1-Score: 0.77, AUC: 0.78
Epoch [3/100] - [TRAIN] Loss: 0.4387, Accuracy: 78.52%, AUC: 0.78 [VAL] Loss: 0.4410, Accuracy: 78.28%, Precision: 0.82, Recall: 0.71, F1-Score: 0.76, AUC: 0.78
Epoch [4/100] - [TRAIN] Loss: 0.4285, Accuracy: 79.12%, AUC: 0.79 [VAL] Loss: 0.4331, Accuracy: 78.92%, Precision: 0.82, Recall: 0.74, F1-Score: 0.78, AUC: 0.79
Epoch [5/100] - [TRAIN] Loss: 0.4195, Accuracy: 79.60%, AUC: 0.80 [VAL] Loss: 0.4259, Accuracy: 79.23%, Precision: 0.82, Recall: 0.74, F1-Score: 0.78, AUC: 0.79
Epoch [6/100] - [TRAIN] Loss: 0.4118, Accuracy: 80.08%, AUC: 0.80 [VAL] Loss: 0.4221, Accuracy: 79.36%, Precision: 0.80, Recall: 0.77, F1-Score: 0.79, AUC: 0.79
Epoch [7/100] - [TRAIN] Loss: 0.4049, Accuracy: 80.38%, AUC: 0.80 [VAL] Loss: 0.4162, Accuracy: 79.70%, Precision: 0.80, Recall: 0.79, F1-Score: 0.79, AUC: 0.80
Epoch [8/100] - [TRAIN] Loss: 0.3995, Accuracy: 80.70%, AUC: 0.81 [VAL] Loss: 0.4162, Accuracy: 79.85%, Precision: 0.84, Recall: 0.73, F1-Score: 0.78, AUC: 0.80
Epoch [9/100] - [TRAIN] Loss: 0.3943, Accuracy: 80.98%, AUC: 0.81 [VAL] Loss: 0.4092, Accuracy: 80.20%, Precision: 0.84, Recall: 0.74, F1-Score: 0.79, AUC: 0.80
Epoch [10/100] - [TRAIN] Loss: 0.3899, Accuracy: 81.19%, AUC: 0.81 [VAL] Loss: 0.4110, Accuracy: 80.27%, Precision: 0.84, Recall: 0.74, F1-Score: 0.79, AUC: 0.80
Epoch [11/100] - [TRAIN] Loss: 0.3862, Accuracy: 81.38%, AUC: 0.81 [VAL] Loss: 0.4039, Accuracy: 80.43%, Precision: 0.83, Recall: 0.75, F1-Score: 0.79, AUC: 0.80
Epoch [12/100] - [TRAIN] Loss: 0.3825, Accuracy: 81.54%, AUC: 0.81 [VAL] Loss: 0.4007, Accuracy: 80.53%, Precision: 0.82, Recall: 0.78, F1-Score: 0.80, AUC: 0.81
Epoch [13/100] - [TRAIN] Loss: 0.3796, Accuracy: 81.66%, AUC: 0.82 [VAL] Loss: 0.4006, Accuracy: 80.61%, Precision: 0.83, Recall: 0.77, F1-Score: 0.80, AUC: 0.81
Epoch [14/100] - [TRAIN] Loss: 0.3768, Accuracy: 81.78%, AUC: 0.82 [VAL] Loss: 0.3957, Accuracy: 80.86%, Precision: 0.83, Recall: 0.77, F1-Score: 0.80, AUC: 0.81
Epoch [15/100] - [TRAIN] Loss: 0.3737, Accuracy: 81.95%, AUC: 0.82 [VAL] Loss: 0.3984, Accuracy: 80.72%, Precision: 0.83, Recall: 0.77, F1-Score: 0.80, AUC: 0.81
Epoch [16/100] - [TRAIN] Loss: 0.3717, Accuracy: 82.03%, AUC: 0.82 [VAL] Loss: 0.3950, Accuracy: 80.88%, Precision: 0.83, Recall: 0.77, F1-Score: 0.80, AUC: 0.81
Epoch [17/100] - [TRAIN] Loss: 0.3689, Accuracy: 82.15%, AUC: 0.82 [VAL] Loss: 0.3932, Accuracy: 81.07%, Precision: 0.84, Recall: 0.76, F1-Score: 0.80, AUC: 0.81
Epoch [18/100] - [TRAIN] Loss: 0.3672, Accuracy: 82.23%, AUC: 0.82 [VAL] Loss: 0.3955, Accuracy: 81.04%, Precision: 0.85, Recall: 0.75, F1-Score: 0.80, AUC: 0.81
Epoch [19/100] - [TRAIN] Loss: 0.3653, Accuracy: 82.33%, AUC: 0.82 [VAL] Loss: 0.3974, Accuracy: 80.88%, Precision: 0.84, Recall: 0.76, F1-Score: 0.80, AUC: 0.81
Epoch [20/100] - [TRAIN] Loss: 0.3636, Accuracy: 82.41%, AUC: 0.82 [VAL] Loss: 0.3912, Accuracy: 81.15%, Precision: 0.84, Recall: 0.77, F1-Score: 0.80, AUC: 0.81
Epoch [21/100] - [TRAIN] Loss: 0.3613, Accuracy: 82.49%, AUC: 0.82 [VAL] Loss: 0.3915, Accuracy: 81.06%, Precision: 0.83, Recall: 0.77, F1-Score: 0.80, AUC: 0.81
Epoch [22/100] - [TRAIN] Loss: 0.3601, Accuracy: 82.55%, AUC: 0.82 [VAL] Loss: 0.3912, Accuracy: 81.24%, Precision: 0.85, Recall: 0.76, F1-Score: 0.80, AUC: 0.81
Epoch [23/100] - [TRAIN] Loss: 0.3587, Accuracy: 82.60%, AUC: 0.83 [VAL] Loss: 0.3900, Accuracy: 81.11%, Precision: 0.81, Recall: 0.80, F1-Score: 0.81, AUC: 0.81
Epoch [24/100] - [TRAIN] Loss: 0.3578, Accuracy: 82.63%, AUC: 0.83 [VAL] Loss: 0.3883, Accuracy: 81.23%, Precision: 0.84, Recall: 0.77, F1-Score: 0.80, AUC: 0.81
Epoch [25/100] - [TRAIN] Loss: 0.3563, Accuracy: 82.75%, AUC: 0.83 [VAL] Loss: 0.3888, Accuracy: 81.27%, Precision: 0.84, Recall: 0.77, F1-Score: 0.80, AUC: 0.81
Epoch [26/100] - [TRAIN] Loss: 0.3548, Accuracy: 82.78%, AUC: 0.83 [VAL] Loss: 0.3908, Accuracy: 81.27%, Precision: 0.83, Recall: 0.78, F1-Score: 0.80, AUC: 0.81
Epoch [27/100] - [TRAIN] Loss: 0.3531, Accuracy: 82.85%, AUC: 0.83 [VAL] Loss: 0.3900, Accuracy: 81.30%, Precision: 0.84, Recall: 0.77, F1-Score: 0.80, AUC: 0.81
Epoch [28/100] - [TRAIN] Loss: 0.3527, Accuracy: 82.86%, AUC: 0.83 [VAL] Loss: 0.3864, Accuracy: 81.40%, Precision: 0.85, Recall: 0.76, F1-Score: 0.80, AUC: 0.81
Epoch [29/100] - [TRAIN] Loss: 0.3514, Accuracy: 82.93%, AUC: 0.83 [VAL] Loss: 0.3871, Accuracy: 81.42%, Precision: 0.85, Recall: 0.76, F1-Score: 0.80, AUC: 0.81
Epoch [30/100] - [TRAIN] Loss: 0.3499, Accuracy: 83.00%, AUC: 0.83 [VAL] Loss: 0.3892, Accuracy: 81.28%, Precision: 0.82, Recall: 0.79, F1-Score: 0.81, AUC: 0.81
Epoch [31/100] - [TRAIN] Loss: 0.3502, Accuracy: 82.99%, AUC: 0.83 [VAL] Loss: 0.3872, Accuracy: 81.35%, Precision: 0.83, Recall: 0.78, F1-Score: 0.81, AUC: 0.81
Epoch [32/100] - [TRAIN] Loss: 0.3483, Accuracy: 83.02%, AUC: 0.83 [VAL] Loss: 0.3884, Accuracy: 81.32%, Precision: 0.86, Recall: 0.75, F1-Score: 0.80, AUC: 0.81
Epoch [33/100] - [TRAIN] Loss: 0.3474, Accuracy: 83.10%, AUC: 0.83 [VAL] Loss: 0.3883, Accuracy: 81.45%, Precision: 0.85, Recall: 0.75, F1-Score: 0.80, AUC: 0.81
Epoch [34/100] - [TRAIN] Loss: 0.3464, Accuracy: 83.12%, AUC: 0.83 [VAL] Loss: 0.3862, Accuracy: 81.50%, Precision: 0.84, Recall: 0.78, F1-Score: 0.81, AUC: 0.81
Epoch [35/100] - [TRAIN] Loss: 0.3459, Accuracy: 83.13%, AUC: 0.83 [VAL] Loss: 0.3839, Accuracy: 81.51%, Precision: 0.84, Recall: 0.77, F1-Score: 0.80, AUC: 0.81
Epoch [36/100] - [TRAIN] Loss: 0.3452, Accuracy: 83.14%, AUC: 0.83 [VAL] Loss: 0.3868, Accuracy: 81.47%, Precision: 0.83, Recall: 0.79, F1-Score: 0.81, AUC: 0.81
Epoch [37/100] - [TRAIN] Loss: 0.3440, Accuracy: 83.14%, AUC: 0.83 [VAL] Loss: 0.3854, Accuracy: 81.52%, Precision: 0.84, Recall: 0.77, F1-Score: 0.80, AUC: 0.81
Epoch [38/100] - [TRAIN] Loss: 0.3434, Accuracy: 83.23%, AUC: 0.83 [VAL] Loss: 0.3855, Accuracy: 81.50%, Precision: 0.85, Recall: 0.76, F1-Score: 0.80, AUC: 0.81
Epoch [39/100] - [TRAIN] Loss: 0.3427, Accuracy: 83.28%, AUC: 0.83 [VAL] Loss: 0.3873, Accuracy: 81.40%, Precision: 0.83, Recall: 0.78, F1-Score: 0.81, AUC: 0.81
Epoch [40/100] - [TRAIN] Loss: 0.3421, Accuracy: 83.25%, AUC: 0.83 [VAL] Loss: 0.3838, Accuracy: 81.50%, Precision: 0.85, Recall: 0.76, F1-Score: 0.80, AUC: 0.81
Epoch [41/100] - [TRAIN] Loss: 0.3414, Accuracy: 83.31%, AUC: 0.83 [VAL] Loss: 0.3845, Accuracy: 81.65%, Precision: 0.84, Recall: 0.77, F1-Score: 0.81, AUC: 0.82
Epoch [42/100] - [TRAIN] Loss: 0.3409, Accuracy: 83.33%, AUC: 0.83 [VAL] Loss: 0.3851, Accuracy: 81.56%, Precision: 0.83, Recall: 0.78, F1-Score: 0.81, AUC: 0.82
Epoch [43/100] - [TRAIN] Loss: 0.3395, Accuracy: 83.36%, AUC: 0.83 [VAL] Loss: 0.3861, Accuracy: 81.39%, Precision: 0.82, Recall: 0.80, F1-Score: 0.81, AUC: 0.81
Epoch [44/100] - [TRAIN] Loss: 0.3394, Accuracy: 83.40%, AUC: 0.83 [VAL] Loss: 0.3825, Accuracy: 81.50%, Precision: 0.83, Recall: 0.79, F1-Score: 0.81, AUC: 0.81
Epoch [45/100] - [TRAIN] Loss: 0.3391, Accuracy: 83.41%, AUC: 0.83 [VAL] Loss: 0.3828, Accuracy: 81.64%, Precision: 0.85, Recall: 0.76, F1-Score: 0.80, AUC: 0.82
Epoch [46/100] - [TRAIN] Loss: 0.3383, Accuracy: 83.40%, AUC: 0.83 [VAL] Loss: 0.3867, Accuracy: 81.43%, Precision: 0.83, Recall: 0.78, F1-Score: 0.81, AUC: 0.81
Epoch [47/100] - [TRAIN] Loss: 0.3374, Accuracy: 83.46%, AUC: 0.83 [VAL] Loss: 0.3876, Accuracy: 81.48%, Precision: 0.85, Recall: 0.76, F1-Score: 0.80, AUC: 0.81
Epoch [48/100] - [TRAIN] Loss: 0.3369, Accuracy: 83.50%, AUC: 0.83 [VAL] Loss: 0.3840, Accuracy: 81.51%, Precision: 0.83, Recall: 0.78, F1-Score: 0.81, AUC: 0.81
Epoch [49/100] - [TRAIN] Loss: 0.3362, Accuracy: 83.48%, AUC: 0.83 [VAL] Loss: 0.3827, Accuracy: 81.66%, Precision: 0.85, Recall: 0.76, F1-Score: 0.80, AUC: 0.82
Epoch [50/100] - [TRAIN] Loss: 0.3352, Accuracy: 83.56%, AUC: 0.84 [VAL] Loss: 0.3859, Accuracy: 81.60%, Precision: 0.84, Recall: 0.77, F1-Score: 0.81, AUC: 0.82
Epoch [51/100] - [TRAIN] Loss: 0.3352, Accuracy: 83.53%, AUC: 0.83 [VAL] Loss: 0.3842, Accuracy: 81.55%, Precision: 0.83, Recall: 0.79, F1-Score: 0.81, AUC: 0.82
Epoch [52/100] - [TRAIN] Loss: 0.3350, Accuracy: 83.56%, AUC: 0.84 [VAL] Loss: 0.3859, Accuracy: 81.67%, Precision: 0.85, Recall: 0.76, F1-Score: 0.80, AUC: 0.82
Epoch [53/100] - [TRAIN] Loss: 0.3347, Accuracy: 83.59%, AUC: 0.84 [VAL] Loss: 0.3880, Accuracy: 81.52%, Precision: 0.85, Recall: 0.76, F1-Score: 0.80, AUC: 0.81
Epoch [54/100] - [TRAIN] Loss: 0.3337, Accuracy: 83.61%, AUC: 0.84 [VAL] Loss: 0.3858, Accuracy: 81.54%, Precision: 0.83, Recall: 0.78, F1-Score: 0.81, AUC: 0.82
Epoch [55/100] - [TRAIN] Loss: 0.3333, Accuracy: 83.65%, AUC: 0.84 [VAL] Loss: 0.3863, Accuracy: 81.61%, Precision: 0.85, Recall: 0.76, F1-Score: 0.80, AUC: 0.82
Epoch [56/100] - [TRAIN] Loss: 0.3328, Accuracy: 83.65%, AUC: 0.84 [VAL] Loss: 0.3857, Accuracy: 81.56%, Precision: 0.84, Recall: 0.77, F1-Score: 0.81, AUC: 0.82
Epoch [57/100] - [TRAIN] Loss: 0.3325, Accuracy: 83.69%, AUC: 0.84 [VAL] Loss: 0.3887, Accuracy: 81.59%, Precision: 0.84, Recall: 0.78, F1-Score: 0.81, AUC: 0.82
Epoch [58/100] - [TRAIN] Loss: 0.3324, Accuracy: 83.64%, AUC: 0.84 [VAL] Loss: 0.3847, Accuracy: 81.56%, Precision: 0.85, Recall: 0.77, F1-Score: 0.80, AUC: 0.81
Epoch [59/100] - [TRAIN] Loss: 0.3319, Accuracy: 83.73%, AUC: 0.84 [VAL] Loss: 0.3842, Accuracy: 81.58%, Precision: 0.84, Recall: 0.77, F1-Score: 0.81, AUC: 0.82
Epoch [60/100] - [TRAIN] Loss: 0.3307, Accuracy: 83.77%, AUC: 0.84 [VAL] Loss: 0.3873, Accuracy: 81.55%, Precision: 0.83, Recall: 0.79, F1-Score: 0.81, AUC: 0.82
Epoch [61/100] - [TRAIN] Loss: 0.3308, Accuracy: 83.74%, AUC: 0.84 [VAL] Loss: 0.3844, Accuracy: 81.66%, Precision: 0.85, Recall: 0.77, F1-Score: 0.81, AUC: 0.82
Epoch [62/100] - [TRAIN] Loss: 0.3300, Accuracy: 83.81%, AUC: 0.84 [VAL] Loss: 0.3842, Accuracy: 81.63%, Precision: 0.85, Recall: 0.76, F1-Score: 0.80, AUC: 0.82
Epoch [63/100] - [TRAIN] Loss: 0.3298, Accuracy: 83.77%, AUC: 0.84 [VAL] Loss: 0.3867, Accuracy: 81.63%, Precision: 0.85, Recall: 0.76, F1-Score: 0.80, AUC: 0.82
Epoch [64/100] - [TRAIN] Loss: 0.3298, Accuracy: 83.80%, AUC: 0.84 [VAL] Loss: 0.3845, Accuracy: 81.64%, Precision: 0.84, Recall: 0.77, F1-Score: 0.81, AUC: 0.82
Epoch [65/100] - [TRAIN] Loss: 0.3290, Accuracy: 83.82%, AUC: 0.84 [VAL] Loss: 0.3841, Accuracy: 81.68%, Precision: 0.85, Recall: 0.77, F1-Score: 0.81, AUC: 0.82
Epoch [66/100] - [TRAIN] Loss: 0.3282, Accuracy: 83.86%, AUC: 0.84 [VAL] Loss: 0.3871, Accuracy: 81.59%, Precision: 0.85, Recall: 0.76, F1-Score: 0.80, AUC: 0.82
Epoch [67/100] - [TRAIN] Loss: 0.3284, Accuracy: 83.85%, AUC: 0.84 [VAL] Loss: 0.3860, Accuracy: 81.61%, Precision: 0.85, Recall: 0.77, F1-Score: 0.80, AUC: 0.82
Epoch [68/100] - [TRAIN] Loss: 0.3278, Accuracy: 83.84%, AUC: 0.84 [VAL] Loss: 0.3904, Accuracy: 81.50%, Precision: 0.84, Recall: 0.78, F1-Score: 0.81, AUC: 0.81
Epoch [69/100] - [TRAIN] Loss: 0.3279, Accuracy: 83.83%, AUC: 0.84 [VAL] Loss: 0.3858, Accuracy: 81.58%, Precision: 0.84, Recall: 0.77, F1-Score: 0.80, AUC: 0.82
Epoch [70/100] - [TRAIN] Loss: 0.3272, Accuracy: 83.87%, AUC: 0.84 [VAL] Loss: 0.3841, Accuracy: 81.63%, Precision: 0.83, Recall: 0.79, F1-Score: 0.81, AUC: 0.82
Epoch [71/100] - [TRAIN] Loss: 0.3269, Accuracy: 83.90%, AUC: 0.84 [VAL] Loss: 0.3872, Accuracy: 81.59%, Precision: 0.83, Recall: 0.79, F1-Score: 0.81, AUC: 0.82
Epoch [72/100] - [TRAIN] Loss: 0.3266, Accuracy: 83.89%, AUC: 0.84 [VAL] Loss: 0.3864, Accuracy: 81.58%, Precision: 0.85, Recall: 0.76, F1-Score: 0.80, AUC: 0.82
Epoch [73/100] - [TRAIN] Loss: 0.3258, Accuracy: 83.91%, AUC: 0.84 [VAL] Loss: 0.3879, Accuracy: 81.65%, Precision: 0.84, Recall: 0.77, F1-Score: 0.81, AUC: 0.82
Epoch [74/100] - [TRAIN] Loss: 0.3264, Accuracy: 83.88%, AUC: 0.84 [VAL] Loss: 0.3863, Accuracy: 81.56%, Precision: 0.84, Recall: 0.78, F1-Score: 0.81, AUC: 0.82
Epoch [75/100] - [TRAIN] Loss: 0.3256, Accuracy: 83.96%, AUC: 0.84 [VAL] Loss: 0.3899, Accuracy: 81.57%, Precision: 0.84, Recall: 0.77, F1-Score: 0.80, AUC: 0.82
Epoch [76/100] - [TRAIN] Loss: 0.3251, Accuracy: 83.96%, AUC: 0.84 [VAL] Loss: 0.3856, Accuracy: 81.68%, Precision: 0.85, Recall: 0.76, F1-Score: 0.80, AUC: 0.82
Epoch [77/100] - [TRAIN] Loss: 0.3249, Accuracy: 84.00%, AUC: 0.84 [VAL] Loss: 0.3861, Accuracy: 81.71%, Precision: 0.85, Recall: 0.77, F1-Score: 0.81, AUC: 0.82
Epoch [78/100] - [TRAIN] Loss: 0.3249, Accuracy: 83.99%, AUC: 0.84 [VAL] Loss: 0.3884, Accuracy: 81.62%, Precision: 0.85, Recall: 0.76, F1-Score: 0.80, AUC: 0.82
Epoch [79/100] - [TRAIN] Loss: 0.3246, Accuracy: 83.96%, AUC: 0.84 [VAL] Loss: 0.3878, Accuracy: 81.76%, Precision: 0.85, Recall: 0.77, F1-Score: 0.81, AUC: 0.82
Epoch [80/100] - [TRAIN] Loss: 0.3239, Accuracy: 83.99%, AUC: 0.84 [VAL] Loss: 0.3860, Accuracy: 81.72%, Precision: 0.84, Recall: 0.77, F1-Score: 0.81, AUC: 0.82
Epoch [81/100] - [TRAIN] Loss: 0.3235, Accuracy: 84.07%, AUC: 0.84 [VAL] Loss: 0.3890, Accuracy: 81.67%, Precision: 0.83, Recall: 0.79, F1-Score: 0.81, AUC: 0.82
Epoch [82/100] - [TRAIN] Loss: 0.3235, Accuracy: 84.00%, AUC: 0.84 [VAL] Loss: 0.3896, Accuracy: 81.59%, Precision: 0.83, Recall: 0.79, F1-Score: 0.81, AUC: 0.82
Epoch [83/100] - [TRAIN] Loss: 0.3233, Accuracy: 84.00%, AUC: 0.84 [VAL] Loss: 0.3881, Accuracy: 81.60%, Precision: 0.83, Recall: 0.79, F1-Score: 0.81, AUC: 0.82
Epoch [84/100] - [TRAIN] Loss: 0.3230, Accuracy: 84.03%, AUC: 0.84 [VAL] Loss: 0.3864, Accuracy: 81.64%, Precision: 0.85, Recall: 0.77, F1-Score: 0.81, AUC: 0.82
Epoch [85/100] - [TRAIN] Loss: 0.3224, Accuracy: 84.06%, AUC: 0.84 [VAL] Loss: 0.3908, Accuracy: 81.58%, Precision: 0.84, Recall: 0.78, F1-Score: 0.81, AUC: 0.82
Epoch [86/100] - [TRAIN] Loss: 0.3223, Accuracy: 84.06%, AUC: 0.84 [VAL] Loss: 0.3901, Accuracy: 81.55%, Precision: 0.84, Recall: 0.78, F1-Score: 0.81, AUC: 0.82
Epoch [87/100] - [TRAIN] Loss: 0.3222, Accuracy: 84.09%, AUC: 0.84 [VAL] Loss: 0.3899, Accuracy: 81.63%, Precision: 0.84, Recall: 0.77, F1-Score: 0.81, AUC: 0.82
Epoch [88/100] - [TRAIN] Loss: 0.3213, Accuracy: 84.15%, AUC: 0.84 [VAL] Loss: 0.3932, Accuracy: 81.61%, Precision: 0.85, Recall: 0.77, F1-Score: 0.80, AUC: 0.82
Epoch [89/100] - [TRAIN] Loss: 0.3214, Accuracy: 84.12%, AUC: 0.84 [VAL] Loss: 0.3921, Accuracy: 81.53%, Precision: 0.83, Recall: 0.78, F1-Score: 0.81, AUC: 0.81
Epoch [90/100] - [TRAIN] Loss: 0.3211, Accuracy: 84.13%, AUC: 0.84 [VAL] Loss: 0.3889, Accuracy: 81.68%, Precision: 0.84, Recall: 0.77, F1-Score: 0.81, AUC: 0.82
Epoch [91/100] - [TRAIN] Loss: 0.3211, Accuracy: 84.15%, AUC: 0.84 [VAL] Loss: 0.3901, Accuracy: 81.68%, Precision: 0.85, Recall: 0.77, F1-Score: 0.81, AUC: 0.82
Epoch [92/100] - [TRAIN] Loss: 0.3204, Accuracy: 84.14%, AUC: 0.84 [VAL] Loss: 0.3915, Accuracy: 81.76%, Precision: 0.85, Recall: 0.77, F1-Score: 0.81, AUC: 0.82
Epoch [93/100] - [TRAIN] Loss: 0.3210, Accuracy: 84.11%, AUC: 0.84 [VAL] Loss: 0.3877, Accuracy: 81.74%, Precision: 0.85, Recall: 0.77, F1-Score: 0.81, AUC: 0.82
Epoch [94/100] - [TRAIN] Loss: 0.3204, Accuracy: 84.18%, AUC: 0.84 [VAL] Loss: 0.3882, Accuracy: 81.76%, Precision: 0.84, Recall: 0.78, F1-Score: 0.81, AUC: 0.82
Epoch [95/100] - [TRAIN] Loss: 0.3199, Accuracy: 84.16%, AUC: 0.84 [VAL] Loss: 0.3891, Accuracy: 81.61%, Precision: 0.84, Recall: 0.78, F1-Score: 0.81, AUC: 0.82
Epoch [96/100] - [TRAIN] Loss: 0.3200, Accuracy: 84.19%, AUC: 0.84 [VAL] Loss: 0.3881, Accuracy: 81.56%, Precision: 0.83, Recall: 0.79, F1-Score: 0.81, AUC: 0.82
Epoch [97/100] - [TRAIN] Loss: 0.3199, Accuracy: 84.16%, AUC: 0.84 [VAL] Loss: 0.3922, Accuracy: 81.68%, Precision: 0.85, Recall: 0.77, F1-Score: 0.81, AUC: 0.82
Epoch [98/100] - [TRAIN] Loss: 0.3192, Accuracy: 84.24%, AUC: 0.84 [VAL] Loss: 0.3896, Accuracy: 81.56%, Precision: 0.82, Recall: 0.80, F1-Score: 0.81, AUC: 0.82
Epoch [99/100] - [TRAIN] Loss: 0.3192, Accuracy: 84.23%, AUC: 0.84 [VAL] Loss: 0.3923, Accuracy: 81.57%, Precision: 0.84, Recall: 0.77, F1-Score: 0.80, AUC: 0.82
Epoch [100/100] - [TRAIN] Loss: 0.3195, Accuracy: 84.21%, AUC: 0.84 [VAL] Loss: 0.3880, Accuracy: 81.63%, Precision: 0.84, Recall: 0.77, F1-Score: 0.81, AUC: 0.82
Accuracy Score on test set: 81.55 %
AUC Score on test set: 0.81
Precision: 0.8437
Recall: 0.7691
F1-Score: 0.8047

Detailed Classification Report:
              precision    recall  f1-score   support

           0       0.79      0.86      0.83    168469
           1       0.84      0.77      0.80    164531

    accuracy                           0.82    333000
   macro avg       0.82      0.81      0.81    333000
weighted avg       0.82      0.82      0.82    333000


Confusion Matrix:
[[145019  23450]
 [ 37990 126541]]

Real-time duration: 23424.467697736 seconds
