Using device: cuda
Current CUDA device: 0
CUDA device name: Tesla V100-PCIE-16GB
030-H3K4me3-H3K9ac-H3K9me3-H3K27ac-H3K27me3
Epoch [1/100] - [TRAIN] Loss: 0.5948, Accuracy: 72.48%, AUC: 0.72 [VAL] Loss: 0.5487, Accuracy: 74.82%, Precision: 0.75, Recall: 0.70, F1-Score: 0.72, AUC: 0.75
Epoch [2/100] - [TRAIN] Loss: 0.5488, Accuracy: 74.93%, AUC: 0.75 [VAL] Loss: 0.5302, Accuracy: 75.36%, Precision: 0.77, Recall: 0.70, F1-Score: 0.74, AUC: 0.75
Epoch [3/100] - [TRAIN] Loss: 0.5378, Accuracy: 75.02%, AUC: 0.75 [VAL] Loss: 0.5208, Accuracy: 75.35%, Precision: 0.78, Recall: 0.70, F1-Score: 0.74, AUC: 0.75
Epoch [4/100] - [TRAIN] Loss: 0.5345, Accuracy: 75.17%, AUC: 0.75 [VAL] Loss: 0.5202, Accuracy: 75.73%, Precision: 0.78, Recall: 0.71, F1-Score: 0.74, AUC: 0.76
Epoch [5/100] - [TRAIN] Loss: 0.5366, Accuracy: 74.75%, AUC: 0.75 [VAL] Loss: 0.5176, Accuracy: 75.87%, Precision: 0.77, Recall: 0.71, F1-Score: 0.74, AUC: 0.76
Epoch [6/100] - [TRAIN] Loss: 0.5303, Accuracy: 75.27%, AUC: 0.75 [VAL] Loss: 0.5216, Accuracy: 76.08%, Precision: 0.78, Recall: 0.70, F1-Score: 0.74, AUC: 0.76
Epoch [7/100] - [TRAIN] Loss: 0.5299, Accuracy: 75.28%, AUC: 0.75 [VAL] Loss: 0.5216, Accuracy: 74.50%, Precision: 0.77, Recall: 0.70, F1-Score: 0.73, AUC: 0.75
Epoch [8/100] - [TRAIN] Loss: 0.5290, Accuracy: 75.18%, AUC: 0.75 [VAL] Loss: 0.5211, Accuracy: 75.13%, Precision: 0.77, Recall: 0.70, F1-Score: 0.73, AUC: 0.75
Epoch [9/100] - [TRAIN] Loss: 0.5253, Accuracy: 75.48%, AUC: 0.75 [VAL] Loss: 0.5175, Accuracy: 75.91%, Precision: 0.79, Recall: 0.69, F1-Score: 0.74, AUC: 0.76
Epoch [10/100] - [TRAIN] Loss: 0.5248, Accuracy: 75.34%, AUC: 0.75 [VAL] Loss: 0.5197, Accuracy: 75.31%, Precision: 0.77, Recall: 0.70, F1-Score: 0.74, AUC: 0.75
Epoch [11/100] - [TRAIN] Loss: 0.5276, Accuracy: 75.06%, AUC: 0.75 [VAL] Loss: 0.5145, Accuracy: 76.22%, Precision: 0.78, Recall: 0.72, F1-Score: 0.75, AUC: 0.76
Epoch [12/100] - [TRAIN] Loss: 0.5249, Accuracy: 75.58%, AUC: 0.75 [VAL] Loss: 0.5190, Accuracy: 75.80%, Precision: 0.79, Recall: 0.70, F1-Score: 0.74, AUC: 0.76
Epoch [13/100] - [TRAIN] Loss: 0.5216, Accuracy: 75.61%, AUC: 0.76 [VAL] Loss: 0.5075, Accuracy: 76.28%, Precision: 0.78, Recall: 0.72, F1-Score: 0.75, AUC: 0.76
Epoch [14/100] - [TRAIN] Loss: 0.5228, Accuracy: 75.51%, AUC: 0.75 [VAL] Loss: 0.5171, Accuracy: 75.63%, Precision: 0.77, Recall: 0.71, F1-Score: 0.74, AUC: 0.76
Epoch [15/100] - [TRAIN] Loss: 0.5244, Accuracy: 75.42%, AUC: 0.75 [VAL] Loss: 0.5087, Accuracy: 75.98%, Precision: 0.78, Recall: 0.71, F1-Score: 0.75, AUC: 0.76
Epoch [16/100] - [TRAIN] Loss: 0.5241, Accuracy: 75.42%, AUC: 0.75 [VAL] Loss: 0.5142, Accuracy: 75.97%, Precision: 0.77, Recall: 0.71, F1-Score: 0.74, AUC: 0.76
Epoch [17/100] - [TRAIN] Loss: 0.5254, Accuracy: 75.29%, AUC: 0.75 [VAL] Loss: 0.5109, Accuracy: 76.92%, Precision: 0.79, Recall: 0.72, F1-Score: 0.75, AUC: 0.77
Epoch [18/100] - [TRAIN] Loss: 0.5198, Accuracy: 75.74%, AUC: 0.76 [VAL] Loss: 0.5015, Accuracy: 77.04%, Precision: 0.79, Recall: 0.72, F1-Score: 0.75, AUC: 0.77
Epoch [19/100] - [TRAIN] Loss: 0.5217, Accuracy: 75.38%, AUC: 0.75 [VAL] Loss: 0.5025, Accuracy: 76.34%, Precision: 0.79, Recall: 0.71, F1-Score: 0.75, AUC: 0.76
Epoch [20/100] - [TRAIN] Loss: 0.5206, Accuracy: 75.41%, AUC: 0.75 [VAL] Loss: 0.5144, Accuracy: 75.54%, Precision: 0.78, Recall: 0.70, F1-Score: 0.74, AUC: 0.75
Epoch [21/100] - [TRAIN] Loss: 0.5188, Accuracy: 75.70%, AUC: 0.76 [VAL] Loss: 0.5111, Accuracy: 76.06%, Precision: 0.77, Recall: 0.73, F1-Score: 0.75, AUC: 0.76
Epoch [22/100] - [TRAIN] Loss: 0.5177, Accuracy: 75.76%, AUC: 0.76 [VAL] Loss: 0.5128, Accuracy: 75.99%, Precision: 0.78, Recall: 0.72, F1-Score: 0.75, AUC: 0.76
Epoch [23/100] - [TRAIN] Loss: 0.5216, Accuracy: 75.42%, AUC: 0.75 [VAL] Loss: 0.5194, Accuracy: 75.03%, Precision: 0.76, Recall: 0.69, F1-Score: 0.72, AUC: 0.75
Epoch [24/100] - [TRAIN] Loss: 0.5191, Accuracy: 75.69%, AUC: 0.76 [VAL] Loss: 0.5185, Accuracy: 75.48%, Precision: 0.77, Recall: 0.70, F1-Score: 0.73, AUC: 0.75
Epoch [25/100] - [TRAIN] Loss: 0.5172, Accuracy: 75.63%, AUC: 0.76 [VAL] Loss: 0.5119, Accuracy: 75.59%, Precision: 0.78, Recall: 0.70, F1-Score: 0.74, AUC: 0.75
Epoch [26/100] - [TRAIN] Loss: 0.5158, Accuracy: 75.77%, AUC: 0.76 [VAL] Loss: 0.5075, Accuracy: 76.39%, Precision: 0.78, Recall: 0.72, F1-Score: 0.75, AUC: 0.76
Epoch [27/100] - [TRAIN] Loss: 0.5196, Accuracy: 75.53%, AUC: 0.75 [VAL] Loss: 0.5117, Accuracy: 75.82%, Precision: 0.78, Recall: 0.71, F1-Score: 0.74, AUC: 0.76
Epoch [28/100] - [TRAIN] Loss: 0.5170, Accuracy: 75.61%, AUC: 0.76 [VAL] Loss: 0.5030, Accuracy: 76.44%, Precision: 0.79, Recall: 0.71, F1-Score: 0.75, AUC: 0.76
Epoch [29/100] - [TRAIN] Loss: 0.5195, Accuracy: 75.58%, AUC: 0.75 [VAL] Loss: 0.5146, Accuracy: 75.79%, Precision: 0.77, Recall: 0.71, F1-Score: 0.74, AUC: 0.76
Epoch [30/100] - [TRAIN] Loss: 0.5183, Accuracy: 75.68%, AUC: 0.76 [VAL] Loss: 0.5109, Accuracy: 75.91%, Precision: 0.78, Recall: 0.71, F1-Score: 0.75, AUC: 0.76
Epoch [31/100] - [TRAIN] Loss: 0.5222, Accuracy: 75.47%, AUC: 0.75 [VAL] Loss: 0.5164, Accuracy: 75.44%, Precision: 0.77, Recall: 0.71, F1-Score: 0.74, AUC: 0.75
Epoch [32/100] - [TRAIN] Loss: 0.5156, Accuracy: 75.90%, AUC: 0.76 [VAL] Loss: 0.5037, Accuracy: 76.31%, Precision: 0.78, Recall: 0.72, F1-Score: 0.75, AUC: 0.76
Epoch [33/100] - [TRAIN] Loss: 0.5161, Accuracy: 75.71%, AUC: 0.76 [VAL] Loss: 0.5114, Accuracy: 76.16%, Precision: 0.78, Recall: 0.71, F1-Score: 0.74, AUC: 0.76
Epoch [34/100] - [TRAIN] Loss: 0.5201, Accuracy: 75.53%, AUC: 0.75 [VAL] Loss: 0.5098, Accuracy: 75.76%, Precision: 0.77, Recall: 0.70, F1-Score: 0.73, AUC: 0.76
Epoch [35/100] - [TRAIN] Loss: 0.5175, Accuracy: 75.63%, AUC: 0.76 [VAL] Loss: 0.5076, Accuracy: 76.34%, Precision: 0.78, Recall: 0.72, F1-Score: 0.75, AUC: 0.76
Epoch [36/100] - [TRAIN] Loss: 0.5179, Accuracy: 75.58%, AUC: 0.76 [VAL] Loss: 0.5057, Accuracy: 76.03%, Precision: 0.78, Recall: 0.71, F1-Score: 0.75, AUC: 0.76
Epoch [37/100] - [TRAIN] Loss: 0.5189, Accuracy: 75.52%, AUC: 0.75 [VAL] Loss: 0.5101, Accuracy: 75.54%, Precision: 0.77, Recall: 0.70, F1-Score: 0.74, AUC: 0.75
Epoch [38/100] - [TRAIN] Loss: 0.5203, Accuracy: 75.44%, AUC: 0.75 [VAL] Loss: 0.5123, Accuracy: 75.69%, Precision: 0.78, Recall: 0.71, F1-Score: 0.74, AUC: 0.76
Epoch [39/100] - [TRAIN] Loss: 0.5211, Accuracy: 75.46%, AUC: 0.75 [VAL] Loss: 0.5135, Accuracy: 75.98%, Precision: 0.78, Recall: 0.71, F1-Score: 0.74, AUC: 0.76
Epoch [40/100] - [TRAIN] Loss: 0.5170, Accuracy: 75.80%, AUC: 0.76 [VAL] Loss: 0.5202, Accuracy: 75.46%, Precision: 0.77, Recall: 0.71, F1-Score: 0.74, AUC: 0.75
Epoch [41/100] - [TRAIN] Loss: 0.5198, Accuracy: 75.61%, AUC: 0.76 [VAL] Loss: 0.5146, Accuracy: 75.14%, Precision: 0.77, Recall: 0.70, F1-Score: 0.73, AUC: 0.75
Epoch [42/100] - [TRAIN] Loss: 0.5192, Accuracy: 75.47%, AUC: 0.75 [VAL] Loss: 0.5126, Accuracy: 76.00%, Precision: 0.78, Recall: 0.72, F1-Score: 0.75, AUC: 0.76
Epoch [43/100] - [TRAIN] Loss: 0.5193, Accuracy: 75.64%, AUC: 0.76 [VAL] Loss: 0.5067, Accuracy: 76.00%, Precision: 0.77, Recall: 0.71, F1-Score: 0.74, AUC: 0.76
Epoch [44/100] - [TRAIN] Loss: 0.5191, Accuracy: 75.50%, AUC: 0.75 [VAL] Loss: 0.5135, Accuracy: 75.65%, Precision: 0.78, Recall: 0.71, F1-Score: 0.74, AUC: 0.76
Epoch [45/100] - [TRAIN] Loss: 0.5206, Accuracy: 75.46%, AUC: 0.75 [VAL] Loss: 0.5041, Accuracy: 76.05%, Precision: 0.78, Recall: 0.72, F1-Score: 0.75, AUC: 0.76
Epoch [46/100] - [TRAIN] Loss: 0.5197, Accuracy: 75.49%, AUC: 0.75 [VAL] Loss: 0.5082, Accuracy: 75.33%, Precision: 0.77, Recall: 0.71, F1-Score: 0.74, AUC: 0.75
Epoch [47/100] - [TRAIN] Loss: 0.5214, Accuracy: 75.45%, AUC: 0.75 [VAL] Loss: 0.5151, Accuracy: 75.09%, Precision: 0.78, Recall: 0.69, F1-Score: 0.73, AUC: 0.75
Epoch [48/100] - [TRAIN] Loss: 0.5157, Accuracy: 75.92%, AUC: 0.76 [VAL] Loss: 0.5067, Accuracy: 76.69%, Precision: 0.78, Recall: 0.72, F1-Score: 0.75, AUC: 0.77
Epoch [49/100] - [TRAIN] Loss: 0.5199, Accuracy: 75.44%, AUC: 0.75 [VAL] Loss: 0.5078, Accuracy: 75.51%, Precision: 0.78, Recall: 0.70, F1-Score: 0.74, AUC: 0.75
Epoch [50/100] - [TRAIN] Loss: 0.5186, Accuracy: 75.69%, AUC: 0.76 [VAL] Loss: 0.5072, Accuracy: 75.78%, Precision: 0.78, Recall: 0.71, F1-Score: 0.74, AUC: 0.76
Epoch [51/100] - [TRAIN] Loss: 0.5115, Accuracy: 76.08%, AUC: 0.76 [VAL] Loss: 0.5040, Accuracy: 76.19%, Precision: 0.78, Recall: 0.71, F1-Score: 0.74, AUC: 0.76
Epoch [52/100] - [TRAIN] Loss: 0.5160, Accuracy: 75.66%, AUC: 0.76 [VAL] Loss: 0.5082, Accuracy: 75.89%, Precision: 0.78, Recall: 0.71, F1-Score: 0.74, AUC: 0.76
Epoch [53/100] - [TRAIN] Loss: 0.5192, Accuracy: 75.58%, AUC: 0.75 [VAL] Loss: 0.5130, Accuracy: 75.46%, Precision: 0.77, Recall: 0.71, F1-Score: 0.74, AUC: 0.75
Epoch [54/100] - [TRAIN] Loss: 0.5182, Accuracy: 75.68%, AUC: 0.76 [VAL] Loss: 0.5074, Accuracy: 76.10%, Precision: 0.78, Recall: 0.71, F1-Score: 0.75, AUC: 0.76
Epoch [55/100] - [TRAIN] Loss: 0.5221, Accuracy: 75.36%, AUC: 0.75 [VAL] Loss: 0.5128, Accuracy: 75.47%, Precision: 0.77, Recall: 0.70, F1-Score: 0.74, AUC: 0.75
Epoch [56/100] - [TRAIN] Loss: 0.5187, Accuracy: 75.58%, AUC: 0.75 [VAL] Loss: 0.4995, Accuracy: 77.19%, Precision: 0.79, Recall: 0.73, F1-Score: 0.76, AUC: 0.77
Epoch [57/100] - [TRAIN] Loss: 0.5143, Accuracy: 75.81%, AUC: 0.76 [VAL] Loss: 0.5183, Accuracy: 75.16%, Precision: 0.77, Recall: 0.71, F1-Score: 0.74, AUC: 0.75
Epoch [58/100] - [TRAIN] Loss: 0.5181, Accuracy: 75.62%, AUC: 0.76 [VAL] Loss: 0.5087, Accuracy: 75.96%, Precision: 0.77, Recall: 0.71, F1-Score: 0.74, AUC: 0.76
Epoch [59/100] - [TRAIN] Loss: 0.5175, Accuracy: 75.74%, AUC: 0.76 [VAL] Loss: 0.5083, Accuracy: 76.13%, Precision: 0.78, Recall: 0.71, F1-Score: 0.75, AUC: 0.76
Epoch [60/100] - [TRAIN] Loss: 0.5175, Accuracy: 75.69%, AUC: 0.76 [VAL] Loss: 0.5143, Accuracy: 75.64%, Precision: 0.77, Recall: 0.71, F1-Score: 0.74, AUC: 0.76
Epoch [61/100] - [TRAIN] Loss: 0.5187, Accuracy: 75.57%, AUC: 0.75 [VAL] Loss: 0.5106, Accuracy: 75.93%, Precision: 0.78, Recall: 0.71, F1-Score: 0.75, AUC: 0.76
Epoch [62/100] - [TRAIN] Loss: 0.5185, Accuracy: 75.66%, AUC: 0.76 [VAL] Loss: 0.5146, Accuracy: 75.49%, Precision: 0.77, Recall: 0.71, F1-Score: 0.74, AUC: 0.75
Epoch [63/100] - [TRAIN] Loss: 0.5159, Accuracy: 75.83%, AUC: 0.76 [VAL] Loss: 0.5092, Accuracy: 76.27%, Precision: 0.78, Recall: 0.71, F1-Score: 0.74, AUC: 0.76
Epoch [64/100] - [TRAIN] Loss: 0.5207, Accuracy: 75.63%, AUC: 0.76 [VAL] Loss: 0.5164, Accuracy: 75.65%, Precision: 0.78, Recall: 0.71, F1-Score: 0.74, AUC: 0.76
Epoch [65/100] - [TRAIN] Loss: 0.5206, Accuracy: 75.40%, AUC: 0.75 [VAL] Loss: 0.5051, Accuracy: 76.48%, Precision: 0.78, Recall: 0.72, F1-Score: 0.75, AUC: 0.76
Epoch [66/100] - [TRAIN] Loss: 0.5190, Accuracy: 75.61%, AUC: 0.76 [VAL] Loss: 0.5075, Accuracy: 75.66%, Precision: 0.77, Recall: 0.71, F1-Score: 0.74, AUC: 0.76
Epoch [67/100] - [TRAIN] Loss: 0.5193, Accuracy: 75.60%, AUC: 0.76 [VAL] Loss: 0.5166, Accuracy: 75.28%, Precision: 0.76, Recall: 0.71, F1-Score: 0.73, AUC: 0.75
Epoch [68/100] - [TRAIN] Loss: 0.5178, Accuracy: 75.53%, AUC: 0.75 [VAL] Loss: 0.5156, Accuracy: 75.77%, Precision: 0.77, Recall: 0.71, F1-Score: 0.74, AUC: 0.76
Epoch [69/100] - [TRAIN] Loss: 0.5200, Accuracy: 75.70%, AUC: 0.76 [VAL] Loss: 0.5028, Accuracy: 76.35%, Precision: 0.78, Recall: 0.71, F1-Score: 0.74, AUC: 0.76
Epoch [70/100] - [TRAIN] Loss: 0.5189, Accuracy: 75.39%, AUC: 0.75 [VAL] Loss: 0.5142, Accuracy: 75.99%, Precision: 0.77, Recall: 0.71, F1-Score: 0.74, AUC: 0.76
Epoch [71/100] - [TRAIN] Loss: 0.5169, Accuracy: 75.52%, AUC: 0.75 [VAL] Loss: 0.5153, Accuracy: 75.68%, Precision: 0.77, Recall: 0.71, F1-Score: 0.74, AUC: 0.75
Epoch [72/100] - [TRAIN] Loss: 0.5219, Accuracy: 75.37%, AUC: 0.75 [VAL] Loss: 0.5107, Accuracy: 76.36%, Precision: 0.78, Recall: 0.72, F1-Score: 0.75, AUC: 0.76
Epoch [73/100] - [TRAIN] Loss: 0.5211, Accuracy: 75.40%, AUC: 0.75 [VAL] Loss: 0.5111, Accuracy: 76.22%, Precision: 0.79, Recall: 0.71, F1-Score: 0.75, AUC: 0.76
Epoch [74/100] - [TRAIN] Loss: 0.5188, Accuracy: 75.68%, AUC: 0.76 [VAL] Loss: 0.5054, Accuracy: 76.37%, Precision: 0.79, Recall: 0.71, F1-Score: 0.75, AUC: 0.76
Epoch [75/100] - [TRAIN] Loss: 0.5214, Accuracy: 75.54%, AUC: 0.75 [VAL] Loss: 0.5128, Accuracy: 75.85%, Precision: 0.78, Recall: 0.71, F1-Score: 0.74, AUC: 0.76
Epoch [76/100] - [TRAIN] Loss: 0.5178, Accuracy: 75.72%, AUC: 0.76 [VAL] Loss: 0.5125, Accuracy: 75.98%, Precision: 0.78, Recall: 0.71, F1-Score: 0.74, AUC: 0.76
Epoch [77/100] - [TRAIN] Loss: 0.5204, Accuracy: 75.47%, AUC: 0.75 [VAL] Loss: 0.5167, Accuracy: 75.74%, Precision: 0.78, Recall: 0.70, F1-Score: 0.74, AUC: 0.76
Epoch [78/100] - [TRAIN] Loss: 0.5198, Accuracy: 75.55%, AUC: 0.75 [VAL] Loss: 0.5150, Accuracy: 75.44%, Precision: 0.77, Recall: 0.70, F1-Score: 0.74, AUC: 0.75
Epoch [79/100] - [TRAIN] Loss: 0.5176, Accuracy: 75.77%, AUC: 0.76 [VAL] Loss: 0.5147, Accuracy: 75.47%, Precision: 0.77, Recall: 0.70, F1-Score: 0.74, AUC: 0.75
Epoch [80/100] - [TRAIN] Loss: 0.5179, Accuracy: 75.77%, AUC: 0.76 [VAL] Loss: 0.5175, Accuracy: 75.95%, Precision: 0.77, Recall: 0.71, F1-Score: 0.74, AUC: 0.76
Epoch [81/100] - [TRAIN] Loss: 0.5168, Accuracy: 75.63%, AUC: 0.76 [VAL] Loss: 0.5102, Accuracy: 76.39%, Precision: 0.78, Recall: 0.72, F1-Score: 0.75, AUC: 0.76
Epoch [82/100] - [TRAIN] Loss: 0.5183, Accuracy: 75.54%, AUC: 0.75 [VAL] Loss: 0.5070, Accuracy: 76.53%, Precision: 0.78, Recall: 0.72, F1-Score: 0.75, AUC: 0.76
Epoch [83/100] - [TRAIN] Loss: 0.5173, Accuracy: 75.75%, AUC: 0.76 [VAL] Loss: 0.5119, Accuracy: 75.94%, Precision: 0.77, Recall: 0.71, F1-Score: 0.74, AUC: 0.76
Epoch [84/100] - [TRAIN] Loss: 0.5178, Accuracy: 75.71%, AUC: 0.76 [VAL] Loss: 0.5012, Accuracy: 76.93%, Precision: 0.79, Recall: 0.72, F1-Score: 0.75, AUC: 0.77
Epoch [85/100] - [TRAIN] Loss: 0.5159, Accuracy: 75.61%, AUC: 0.76 [VAL] Loss: 0.5063, Accuracy: 76.17%, Precision: 0.78, Recall: 0.72, F1-Score: 0.75, AUC: 0.76
Epoch [86/100] - [TRAIN] Loss: 0.5210, Accuracy: 75.44%, AUC: 0.75 [VAL] Loss: 0.5139, Accuracy: 75.93%, Precision: 0.77, Recall: 0.72, F1-Score: 0.74, AUC: 0.76
Epoch [87/100] - [TRAIN] Loss: 0.5203, Accuracy: 75.48%, AUC: 0.75 [VAL] Loss: 0.5135, Accuracy: 75.33%, Precision: 0.77, Recall: 0.70, F1-Score: 0.74, AUC: 0.75
Epoch [88/100] - [TRAIN] Loss: 0.5203, Accuracy: 75.58%, AUC: 0.75 [VAL] Loss: 0.5138, Accuracy: 75.77%, Precision: 0.78, Recall: 0.70, F1-Score: 0.74, AUC: 0.76
Epoch [89/100] - [TRAIN] Loss: 0.5200, Accuracy: 75.58%, AUC: 0.75 [VAL] Loss: 0.5121, Accuracy: 75.55%, Precision: 0.77, Recall: 0.71, F1-Score: 0.74, AUC: 0.75
Epoch [90/100] - [TRAIN] Loss: 0.5188, Accuracy: 75.46%, AUC: 0.75 [VAL] Loss: 0.5160, Accuracy: 75.26%, Precision: 0.78, Recall: 0.71, F1-Score: 0.74, AUC: 0.75
Epoch [91/100] - [TRAIN] Loss: 0.5197, Accuracy: 75.66%, AUC: 0.76 [VAL] Loss: 0.5070, Accuracy: 75.87%, Precision: 0.77, Recall: 0.71, F1-Score: 0.74, AUC: 0.76
Epoch [92/100] - [TRAIN] Loss: 0.5186, Accuracy: 75.59%, AUC: 0.75 [VAL] Loss: 0.5127, Accuracy: 75.89%, Precision: 0.78, Recall: 0.71, F1-Score: 0.74, AUC: 0.76
Epoch [93/100] - [TRAIN] Loss: 0.5189, Accuracy: 75.47%, AUC: 0.75 [VAL] Loss: 0.5106, Accuracy: 75.84%, Precision: 0.78, Recall: 0.71, F1-Score: 0.74, AUC: 0.76
Epoch [94/100] - [TRAIN] Loss: 0.5193, Accuracy: 75.53%, AUC: 0.75 [VAL] Loss: 0.5122, Accuracy: 75.65%, Precision: 0.78, Recall: 0.71, F1-Score: 0.74, AUC: 0.76
Epoch [95/100] - [TRAIN] Loss: 0.5170, Accuracy: 75.82%, AUC: 0.76 [VAL] Loss: 0.5157, Accuracy: 76.04%, Precision: 0.77, Recall: 0.71, F1-Score: 0.74, AUC: 0.76
Epoch [96/100] - [TRAIN] Loss: 0.5176, Accuracy: 75.81%, AUC: 0.76 [VAL] Loss: 0.5068, Accuracy: 76.14%, Precision: 0.77, Recall: 0.72, F1-Score: 0.74, AUC: 0.76
Epoch [97/100] - [TRAIN] Loss: 0.5175, Accuracy: 75.56%, AUC: 0.75 [VAL] Loss: 0.5141, Accuracy: 75.84%, Precision: 0.77, Recall: 0.72, F1-Score: 0.74, AUC: 0.76
Epoch [98/100] - [TRAIN] Loss: 0.5203, Accuracy: 75.71%, AUC: 0.76 [VAL] Loss: 0.5159, Accuracy: 75.55%, Precision: 0.77, Recall: 0.71, F1-Score: 0.74, AUC: 0.75
Epoch [99/100] - [TRAIN] Loss: 0.5179, Accuracy: 75.75%, AUC: 0.76 [VAL] Loss: 0.5187, Accuracy: 75.37%, Precision: 0.76, Recall: 0.71, F1-Score: 0.73, AUC: 0.75
Epoch [100/100] - [TRAIN] Loss: 0.5188, Accuracy: 75.55%, AUC: 0.75 [VAL] Loss: 0.5041, Accuracy: 76.30%, Precision: 0.78, Recall: 0.71, F1-Score: 0.74, AUC: 0.76
Accuracy Score on test set: 75.84 %
    AUC Score on test set: 0.76
    Precision: 0.7769
    Recall: 0.7126
    F1-Score: 0.7434

    Detailed Classification Report:
                  precision    recall  f1-score   support

           0       0.74      0.80      0.77      5090
           1       0.78      0.71      0.74      4910

    accuracy                           0.76     10000
   macro avg       0.76      0.76      0.76     10000
weighted avg       0.76      0.76      0.76     10000


    Confusion Matrix:
    [[4085 1005]
 [1411 3499]]
    

Real-time duration: 2181.186841780 seconds
