Using device: cuda
Current CUDA device: 0
CUDA device name: Tesla V100-PCIE-16GB
010-H3K9ac-H3K27ac
Epoch [1/100] - [TRAIN] Loss: 0.5996, Accuracy: 70.80%, AUC: 0.71 [VAL] Loss: 0.5584, Accuracy: 73.26%, Precision: 0.70, Recall: 0.78, F1-Score: 0.74, AUC: 0.73
Epoch [2/100] - [TRAIN] Loss: 0.5673, Accuracy: 73.96%, AUC: 0.74 [VAL] Loss: 0.5441, Accuracy: 75.72%, Precision: 0.78, Recall: 0.71, F1-Score: 0.75, AUC: 0.76
Epoch [3/100] - [TRAIN] Loss: 0.5568, Accuracy: 74.53%, AUC: 0.74 [VAL] Loss: 0.5418, Accuracy: 75.10%, Precision: 0.77, Recall: 0.71, F1-Score: 0.73, AUC: 0.75
Epoch [4/100] - [TRAIN] Loss: 0.5512, Accuracy: 74.94%, AUC: 0.75 [VAL] Loss: 0.5298, Accuracy: 75.82%, Precision: 0.78, Recall: 0.70, F1-Score: 0.74, AUC: 0.76
Epoch [5/100] - [TRAIN] Loss: 0.5436, Accuracy: 75.20%, AUC: 0.75 [VAL] Loss: 0.5399, Accuracy: 75.04%, Precision: 0.78, Recall: 0.68, F1-Score: 0.73, AUC: 0.75
Epoch [6/100] - [TRAIN] Loss: 0.5434, Accuracy: 75.17%, AUC: 0.75 [VAL] Loss: 0.5205, Accuracy: 75.99%, Precision: 0.80, Recall: 0.68, F1-Score: 0.73, AUC: 0.76
Epoch [7/100] - [TRAIN] Loss: 0.5440, Accuracy: 75.16%, AUC: 0.75 [VAL] Loss: 0.5233, Accuracy: 75.73%, Precision: 0.78, Recall: 0.69, F1-Score: 0.73, AUC: 0.76
Epoch [8/100] - [TRAIN] Loss: 0.5404, Accuracy: 75.26%, AUC: 0.75 [VAL] Loss: 0.5298, Accuracy: 75.55%, Precision: 0.78, Recall: 0.69, F1-Score: 0.74, AUC: 0.75
Epoch [9/100] - [TRAIN] Loss: 0.5391, Accuracy: 74.88%, AUC: 0.75 [VAL] Loss: 0.5283, Accuracy: 74.99%, Precision: 0.78, Recall: 0.68, F1-Score: 0.73, AUC: 0.75
Epoch [10/100] - [TRAIN] Loss: 0.5397, Accuracy: 75.13%, AUC: 0.75 [VAL] Loss: 0.5309, Accuracy: 74.99%, Precision: 0.78, Recall: 0.68, F1-Score: 0.72, AUC: 0.75
Epoch [11/100] - [TRAIN] Loss: 0.5405, Accuracy: 74.89%, AUC: 0.75 [VAL] Loss: 0.5301, Accuracy: 74.79%, Precision: 0.78, Recall: 0.69, F1-Score: 0.73, AUC: 0.75
Epoch [12/100] - [TRAIN] Loss: 0.5380, Accuracy: 75.30%, AUC: 0.75 [VAL] Loss: 0.5258, Accuracy: 75.51%, Precision: 0.78, Recall: 0.70, F1-Score: 0.74, AUC: 0.75
Epoch [13/100] - [TRAIN] Loss: 0.5362, Accuracy: 74.99%, AUC: 0.75 [VAL] Loss: 0.5198, Accuracy: 75.59%, Precision: 0.78, Recall: 0.70, F1-Score: 0.73, AUC: 0.75
Epoch [14/100] - [TRAIN] Loss: 0.5363, Accuracy: 75.18%, AUC: 0.75 [VAL] Loss: 0.5285, Accuracy: 76.44%, Precision: 0.78, Recall: 0.70, F1-Score: 0.74, AUC: 0.76
Epoch [15/100] - [TRAIN] Loss: 0.5386, Accuracy: 74.88%, AUC: 0.75 [VAL] Loss: 0.5252, Accuracy: 75.42%, Precision: 0.78, Recall: 0.69, F1-Score: 0.73, AUC: 0.75
Epoch [16/100] - [TRAIN] Loss: 0.5368, Accuracy: 75.20%, AUC: 0.75 [VAL] Loss: 0.5304, Accuracy: 75.16%, Precision: 0.78, Recall: 0.68, F1-Score: 0.73, AUC: 0.75
Epoch [17/100] - [TRAIN] Loss: 0.5406, Accuracy: 74.66%, AUC: 0.75 [VAL] Loss: 0.5278, Accuracy: 76.02%, Precision: 0.80, Recall: 0.69, F1-Score: 0.74, AUC: 0.76
Epoch [18/100] - [TRAIN] Loss: 0.5355, Accuracy: 75.15%, AUC: 0.75 [VAL] Loss: 0.5317, Accuracy: 75.43%, Precision: 0.78, Recall: 0.69, F1-Score: 0.73, AUC: 0.75
Epoch [19/100] - [TRAIN] Loss: 0.5372, Accuracy: 75.26%, AUC: 0.75 [VAL] Loss: 0.5327, Accuracy: 75.01%, Precision: 0.78, Recall: 0.67, F1-Score: 0.72, AUC: 0.75
Epoch [20/100] - [TRAIN] Loss: 0.5336, Accuracy: 75.13%, AUC: 0.75 [VAL] Loss: 0.5331, Accuracy: 75.05%, Precision: 0.78, Recall: 0.68, F1-Score: 0.73, AUC: 0.75
Epoch [21/100] - [TRAIN] Loss: 0.5374, Accuracy: 74.92%, AUC: 0.75 [VAL] Loss: 0.5240, Accuracy: 76.28%, Precision: 0.79, Recall: 0.70, F1-Score: 0.74, AUC: 0.76
Epoch [22/100] - [TRAIN] Loss: 0.5359, Accuracy: 75.03%, AUC: 0.75 [VAL] Loss: 0.5273, Accuracy: 75.33%, Precision: 0.80, Recall: 0.67, F1-Score: 0.73, AUC: 0.75
Epoch [23/100] - [TRAIN] Loss: 0.5350, Accuracy: 75.23%, AUC: 0.75 [VAL] Loss: 0.5248, Accuracy: 75.50%, Precision: 0.77, Recall: 0.69, F1-Score: 0.73, AUC: 0.75
Epoch [24/100] - [TRAIN] Loss: 0.5365, Accuracy: 74.86%, AUC: 0.75 [VAL] Loss: 0.5223, Accuracy: 76.48%, Precision: 0.79, Recall: 0.69, F1-Score: 0.74, AUC: 0.76
Epoch [25/100] - [TRAIN] Loss: 0.5370, Accuracy: 75.08%, AUC: 0.75 [VAL] Loss: 0.5263, Accuracy: 75.34%, Precision: 0.79, Recall: 0.68, F1-Score: 0.73, AUC: 0.75
Epoch [26/100] - [TRAIN] Loss: 0.5372, Accuracy: 74.93%, AUC: 0.75 [VAL] Loss: 0.5264, Accuracy: 75.31%, Precision: 0.78, Recall: 0.68, F1-Score: 0.73, AUC: 0.75
Epoch [27/100] - [TRAIN] Loss: 0.5389, Accuracy: 75.00%, AUC: 0.75 [VAL] Loss: 0.5369, Accuracy: 75.09%, Precision: 0.78, Recall: 0.68, F1-Score: 0.73, AUC: 0.75
Epoch [28/100] - [TRAIN] Loss: 0.5375, Accuracy: 75.13%, AUC: 0.75 [VAL] Loss: 0.5282, Accuracy: 75.45%, Precision: 0.78, Recall: 0.69, F1-Score: 0.73, AUC: 0.75
Epoch [29/100] - [TRAIN] Loss: 0.5360, Accuracy: 75.23%, AUC: 0.75 [VAL] Loss: 0.5280, Accuracy: 75.78%, Precision: 0.79, Recall: 0.69, F1-Score: 0.74, AUC: 0.76
Epoch [30/100] - [TRAIN] Loss: 0.5381, Accuracy: 74.91%, AUC: 0.75 [VAL] Loss: 0.5269, Accuracy: 75.98%, Precision: 0.80, Recall: 0.69, F1-Score: 0.74, AUC: 0.76
Epoch [31/100] - [TRAIN] Loss: 0.5375, Accuracy: 74.86%, AUC: 0.75 [VAL] Loss: 0.5281, Accuracy: 75.14%, Precision: 0.78, Recall: 0.68, F1-Score: 0.73, AUC: 0.75
Epoch [32/100] - [TRAIN] Loss: 0.5393, Accuracy: 74.72%, AUC: 0.75 [VAL] Loss: 0.5258, Accuracy: 76.03%, Precision: 0.80, Recall: 0.68, F1-Score: 0.73, AUC: 0.76
Epoch [33/100] - [TRAIN] Loss: 0.5348, Accuracy: 75.25%, AUC: 0.75 [VAL] Loss: 0.5345, Accuracy: 74.93%, Precision: 0.78, Recall: 0.68, F1-Score: 0.73, AUC: 0.75
Epoch [34/100] - [TRAIN] Loss: 0.5377, Accuracy: 75.09%, AUC: 0.75 [VAL] Loss: 0.5232, Accuracy: 75.44%, Precision: 0.79, Recall: 0.69, F1-Score: 0.73, AUC: 0.75
Epoch [35/100] - [TRAIN] Loss: 0.5345, Accuracy: 75.37%, AUC: 0.75 [VAL] Loss: 0.5306, Accuracy: 75.23%, Precision: 0.79, Recall: 0.68, F1-Score: 0.73, AUC: 0.75
Epoch [36/100] - [TRAIN] Loss: 0.5334, Accuracy: 75.30%, AUC: 0.75 [VAL] Loss: 0.5249, Accuracy: 75.71%, Precision: 0.79, Recall: 0.69, F1-Score: 0.74, AUC: 0.76
Epoch [37/100] - [TRAIN] Loss: 0.5378, Accuracy: 75.14%, AUC: 0.75 [VAL] Loss: 0.5253, Accuracy: 76.02%, Precision: 0.78, Recall: 0.70, F1-Score: 0.74, AUC: 0.76
Epoch [38/100] - [TRAIN] Loss: 0.5382, Accuracy: 74.85%, AUC: 0.75 [VAL] Loss: 0.5224, Accuracy: 76.25%, Precision: 0.78, Recall: 0.70, F1-Score: 0.74, AUC: 0.76
Epoch [39/100] - [TRAIN] Loss: 0.5352, Accuracy: 75.31%, AUC: 0.75 [VAL] Loss: 0.5295, Accuracy: 75.45%, Precision: 0.78, Recall: 0.68, F1-Score: 0.73, AUC: 0.75
Epoch [40/100] - [TRAIN] Loss: 0.5377, Accuracy: 74.85%, AUC: 0.75 [VAL] Loss: 0.5296, Accuracy: 74.91%, Precision: 0.78, Recall: 0.68, F1-Score: 0.73, AUC: 0.75
Epoch [41/100] - [TRAIN] Loss: 0.5343, Accuracy: 75.25%, AUC: 0.75 [VAL] Loss: 0.5223, Accuracy: 75.93%, Precision: 0.79, Recall: 0.68, F1-Score: 0.73, AUC: 0.76
Epoch [42/100] - [TRAIN] Loss: 0.5353, Accuracy: 75.28%, AUC: 0.75 [VAL] Loss: 0.5266, Accuracy: 75.51%, Precision: 0.78, Recall: 0.70, F1-Score: 0.74, AUC: 0.75
Epoch [43/100] - [TRAIN] Loss: 0.5354, Accuracy: 75.23%, AUC: 0.75 [VAL] Loss: 0.5291, Accuracy: 74.89%, Precision: 0.77, Recall: 0.68, F1-Score: 0.73, AUC: 0.75
Epoch [44/100] - [TRAIN] Loss: 0.5365, Accuracy: 75.09%, AUC: 0.75 [VAL] Loss: 0.5290, Accuracy: 75.22%, Precision: 0.78, Recall: 0.69, F1-Score: 0.73, AUC: 0.75
Epoch [45/100] - [TRAIN] Loss: 0.5348, Accuracy: 75.13%, AUC: 0.75 [VAL] Loss: 0.5282, Accuracy: 75.22%, Precision: 0.79, Recall: 0.68, F1-Score: 0.73, AUC: 0.75
Epoch [46/100] - [TRAIN] Loss: 0.5345, Accuracy: 75.13%, AUC: 0.75 [VAL] Loss: 0.5188, Accuracy: 76.04%, Precision: 0.79, Recall: 0.69, F1-Score: 0.74, AUC: 0.76
Epoch [47/100] - [TRAIN] Loss: 0.5393, Accuracy: 74.91%, AUC: 0.75 [VAL] Loss: 0.5290, Accuracy: 75.47%, Precision: 0.78, Recall: 0.68, F1-Score: 0.73, AUC: 0.75
Epoch [48/100] - [TRAIN] Loss: 0.5357, Accuracy: 75.12%, AUC: 0.75 [VAL] Loss: 0.5114, Accuracy: 76.35%, Precision: 0.79, Recall: 0.69, F1-Score: 0.74, AUC: 0.76
Epoch [49/100] - [TRAIN] Loss: 0.5330, Accuracy: 75.22%, AUC: 0.75 [VAL] Loss: 0.5310, Accuracy: 75.41%, Precision: 0.79, Recall: 0.69, F1-Score: 0.73, AUC: 0.75
Epoch [50/100] - [TRAIN] Loss: 0.5332, Accuracy: 75.38%, AUC: 0.75 [VAL] Loss: 0.5286, Accuracy: 75.53%, Precision: 0.79, Recall: 0.69, F1-Score: 0.73, AUC: 0.75
Epoch [51/100] - [TRAIN] Loss: 0.5364, Accuracy: 75.01%, AUC: 0.75 [VAL] Loss: 0.5279, Accuracy: 75.55%, Precision: 0.79, Recall: 0.68, F1-Score: 0.73, AUC: 0.75
Epoch [52/100] - [TRAIN] Loss: 0.5352, Accuracy: 75.07%, AUC: 0.75 [VAL] Loss: 0.5206, Accuracy: 76.08%, Precision: 0.78, Recall: 0.69, F1-Score: 0.73, AUC: 0.76
Epoch [53/100] - [TRAIN] Loss: 0.5367, Accuracy: 75.02%, AUC: 0.75 [VAL] Loss: 0.5225, Accuracy: 76.20%, Precision: 0.79, Recall: 0.69, F1-Score: 0.74, AUC: 0.76
Epoch [54/100] - [TRAIN] Loss: 0.5360, Accuracy: 75.06%, AUC: 0.75 [VAL] Loss: 0.5215, Accuracy: 76.07%, Precision: 0.78, Recall: 0.70, F1-Score: 0.74, AUC: 0.76
Epoch [55/100] - [TRAIN] Loss: 0.5379, Accuracy: 75.09%, AUC: 0.75 [VAL] Loss: 0.5271, Accuracy: 75.03%, Precision: 0.79, Recall: 0.68, F1-Score: 0.73, AUC: 0.75
Epoch [56/100] - [TRAIN] Loss: 0.5382, Accuracy: 75.11%, AUC: 0.75 [VAL] Loss: 0.5347, Accuracy: 74.81%, Precision: 0.78, Recall: 0.68, F1-Score: 0.73, AUC: 0.75
Epoch [57/100] - [TRAIN] Loss: 0.5368, Accuracy: 75.02%, AUC: 0.75 [VAL] Loss: 0.5250, Accuracy: 75.76%, Precision: 0.79, Recall: 0.69, F1-Score: 0.74, AUC: 0.76
Epoch [58/100] - [TRAIN] Loss: 0.5361, Accuracy: 75.22%, AUC: 0.75 [VAL] Loss: 0.5307, Accuracy: 74.81%, Precision: 0.78, Recall: 0.68, F1-Score: 0.73, AUC: 0.75
Epoch [59/100] - [TRAIN] Loss: 0.5353, Accuracy: 75.17%, AUC: 0.75 [VAL] Loss: 0.5304, Accuracy: 74.88%, Precision: 0.77, Recall: 0.69, F1-Score: 0.73, AUC: 0.75
Epoch [60/100] - [TRAIN] Loss: 0.5401, Accuracy: 75.06%, AUC: 0.75 [VAL] Loss: 0.5174, Accuracy: 76.65%, Precision: 0.79, Recall: 0.71, F1-Score: 0.75, AUC: 0.76
Epoch [61/100] - [TRAIN] Loss: 0.5333, Accuracy: 75.26%, AUC: 0.75 [VAL] Loss: 0.5330, Accuracy: 75.53%, Precision: 0.78, Recall: 0.69, F1-Score: 0.73, AUC: 0.75
Epoch [62/100] - [TRAIN] Loss: 0.5404, Accuracy: 74.76%, AUC: 0.75 [VAL] Loss: 0.5302, Accuracy: 75.76%, Precision: 0.79, Recall: 0.68, F1-Score: 0.73, AUC: 0.76
Epoch [63/100] - [TRAIN] Loss: 0.5361, Accuracy: 74.94%, AUC: 0.75 [VAL] Loss: 0.5347, Accuracy: 74.60%, Precision: 0.77, Recall: 0.68, F1-Score: 0.72, AUC: 0.74
Epoch [64/100] - [TRAIN] Loss: 0.5352, Accuracy: 75.19%, AUC: 0.75 [VAL] Loss: 0.5282, Accuracy: 75.02%, Precision: 0.79, Recall: 0.68, F1-Score: 0.73, AUC: 0.75
Epoch [65/100] - [TRAIN] Loss: 0.5341, Accuracy: 75.11%, AUC: 0.75 [VAL] Loss: 0.5289, Accuracy: 76.01%, Precision: 0.79, Recall: 0.69, F1-Score: 0.74, AUC: 0.76
Epoch [66/100] - [TRAIN] Loss: 0.5382, Accuracy: 74.95%, AUC: 0.75 [VAL] Loss: 0.5294, Accuracy: 75.32%, Precision: 0.78, Recall: 0.69, F1-Score: 0.73, AUC: 0.75
Epoch [67/100] - [TRAIN] Loss: 0.5379, Accuracy: 75.10%, AUC: 0.75 [VAL] Loss: 0.5284, Accuracy: 75.35%, Precision: 0.78, Recall: 0.68, F1-Score: 0.73, AUC: 0.75
Epoch [68/100] - [TRAIN] Loss: 0.5343, Accuracy: 75.30%, AUC: 0.75 [VAL] Loss: 0.5225, Accuracy: 76.33%, Precision: 0.80, Recall: 0.70, F1-Score: 0.75, AUC: 0.76
Epoch [69/100] - [TRAIN] Loss: 0.5361, Accuracy: 75.17%, AUC: 0.75 [VAL] Loss: 0.5216, Accuracy: 75.95%, Precision: 0.78, Recall: 0.70, F1-Score: 0.74, AUC: 0.76
Epoch [70/100] - [TRAIN] Loss: 0.5367, Accuracy: 75.05%, AUC: 0.75 [VAL] Loss: 0.5171, Accuracy: 76.58%, Precision: 0.79, Recall: 0.70, F1-Score: 0.74, AUC: 0.76
Epoch [71/100] - [TRAIN] Loss: 0.5391, Accuracy: 75.00%, AUC: 0.75 [VAL] Loss: 0.5189, Accuracy: 76.37%, Precision: 0.79, Recall: 0.70, F1-Score: 0.74, AUC: 0.76
Epoch [72/100] - [TRAIN] Loss: 0.5376, Accuracy: 75.05%, AUC: 0.75 [VAL] Loss: 0.5240, Accuracy: 75.29%, Precision: 0.79, Recall: 0.68, F1-Score: 0.73, AUC: 0.75
Epoch [73/100] - [TRAIN] Loss: 0.5361, Accuracy: 75.06%, AUC: 0.75 [VAL] Loss: 0.5251, Accuracy: 75.87%, Precision: 0.78, Recall: 0.69, F1-Score: 0.73, AUC: 0.76
Epoch [74/100] - [TRAIN] Loss: 0.5343, Accuracy: 75.28%, AUC: 0.75 [VAL] Loss: 0.5323, Accuracy: 75.06%, Precision: 0.78, Recall: 0.69, F1-Score: 0.73, AUC: 0.75
Epoch [75/100] - [TRAIN] Loss: 0.5361, Accuracy: 75.20%, AUC: 0.75 [VAL] Loss: 0.5250, Accuracy: 75.51%, Precision: 0.78, Recall: 0.69, F1-Score: 0.73, AUC: 0.75
Epoch [76/100] - [TRAIN] Loss: 0.5371, Accuracy: 75.08%, AUC: 0.75 [VAL] Loss: 0.5305, Accuracy: 75.31%, Precision: 0.78, Recall: 0.69, F1-Score: 0.73, AUC: 0.75
Epoch [77/100] - [TRAIN] Loss: 0.5371, Accuracy: 74.92%, AUC: 0.75 [VAL] Loss: 0.5283, Accuracy: 75.18%, Precision: 0.78, Recall: 0.69, F1-Score: 0.73, AUC: 0.75
Epoch [78/100] - [TRAIN] Loss: 0.5355, Accuracy: 75.12%, AUC: 0.75 [VAL] Loss: 0.5238, Accuracy: 75.95%, Precision: 0.79, Recall: 0.69, F1-Score: 0.73, AUC: 0.76
Epoch [79/100] - [TRAIN] Loss: 0.5374, Accuracy: 74.92%, AUC: 0.75 [VAL] Loss: 0.5230, Accuracy: 75.98%, Precision: 0.79, Recall: 0.69, F1-Score: 0.74, AUC: 0.76
Epoch [80/100] - [TRAIN] Loss: 0.5336, Accuracy: 75.32%, AUC: 0.75 [VAL] Loss: 0.5240, Accuracy: 75.69%, Precision: 0.79, Recall: 0.68, F1-Score: 0.73, AUC: 0.75
Epoch [81/100] - [TRAIN] Loss: 0.5404, Accuracy: 74.93%, AUC: 0.75 [VAL] Loss: 0.5344, Accuracy: 75.29%, Precision: 0.79, Recall: 0.68, F1-Score: 0.73, AUC: 0.75
Epoch [82/100] - [TRAIN] Loss: 0.5355, Accuracy: 75.10%, AUC: 0.75 [VAL] Loss: 0.5305, Accuracy: 75.42%, Precision: 0.78, Recall: 0.69, F1-Score: 0.73, AUC: 0.75
Epoch [83/100] - [TRAIN] Loss: 0.5373, Accuracy: 75.15%, AUC: 0.75 [VAL] Loss: 0.5190, Accuracy: 75.94%, Precision: 0.80, Recall: 0.69, F1-Score: 0.74, AUC: 0.76
Epoch [84/100] - [TRAIN] Loss: 0.5364, Accuracy: 75.04%, AUC: 0.75 [VAL] Loss: 0.5223, Accuracy: 75.59%, Precision: 0.78, Recall: 0.68, F1-Score: 0.73, AUC: 0.75
Epoch [85/100] - [TRAIN] Loss: 0.5390, Accuracy: 75.16%, AUC: 0.75 [VAL] Loss: 0.5325, Accuracy: 75.19%, Precision: 0.77, Recall: 0.69, F1-Score: 0.73, AUC: 0.75
Epoch [86/100] - [TRAIN] Loss: 0.5365, Accuracy: 75.08%, AUC: 0.75 [VAL] Loss: 0.5213, Accuracy: 76.07%, Precision: 0.80, Recall: 0.69, F1-Score: 0.74, AUC: 0.76
Epoch [87/100] - [TRAIN] Loss: 0.5362, Accuracy: 75.03%, AUC: 0.75 [VAL] Loss: 0.5270, Accuracy: 75.73%, Precision: 0.79, Recall: 0.69, F1-Score: 0.74, AUC: 0.76
Epoch [88/100] - [TRAIN] Loss: 0.5384, Accuracy: 75.07%, AUC: 0.75 [VAL] Loss: 0.5261, Accuracy: 76.14%, Precision: 0.80, Recall: 0.70, F1-Score: 0.75, AUC: 0.76
Epoch [89/100] - [TRAIN] Loss: 0.5370, Accuracy: 75.18%, AUC: 0.75 [VAL] Loss: 0.5316, Accuracy: 75.18%, Precision: 0.78, Recall: 0.68, F1-Score: 0.73, AUC: 0.75
Epoch [90/100] - [TRAIN] Loss: 0.5325, Accuracy: 75.32%, AUC: 0.75 [VAL] Loss: 0.5174, Accuracy: 76.73%, Precision: 0.80, Recall: 0.70, F1-Score: 0.75, AUC: 0.77
Epoch [91/100] - [TRAIN] Loss: 0.5359, Accuracy: 75.03%, AUC: 0.75 [VAL] Loss: 0.5294, Accuracy: 75.18%, Precision: 0.78, Recall: 0.68, F1-Score: 0.73, AUC: 0.75
Epoch [92/100] - [TRAIN] Loss: 0.5366, Accuracy: 75.12%, AUC: 0.75 [VAL] Loss: 0.5241, Accuracy: 75.82%, Precision: 0.79, Recall: 0.69, F1-Score: 0.73, AUC: 0.76
Epoch [93/100] - [TRAIN] Loss: 0.5375, Accuracy: 75.08%, AUC: 0.75 [VAL] Loss: 0.5277, Accuracy: 76.01%, Precision: 0.78, Recall: 0.69, F1-Score: 0.73, AUC: 0.76
Epoch [94/100] - [TRAIN] Loss: 0.5342, Accuracy: 75.24%, AUC: 0.75 [VAL] Loss: 0.5318, Accuracy: 75.43%, Precision: 0.78, Recall: 0.69, F1-Score: 0.73, AUC: 0.75
Epoch [95/100] - [TRAIN] Loss: 0.5353, Accuracy: 74.94%, AUC: 0.75 [VAL] Loss: 0.5169, Accuracy: 75.94%, Precision: 0.79, Recall: 0.69, F1-Score: 0.74, AUC: 0.76
Epoch [96/100] - [TRAIN] Loss: 0.5339, Accuracy: 75.23%, AUC: 0.75 [VAL] Loss: 0.5343, Accuracy: 75.73%, Precision: 0.79, Recall: 0.70, F1-Score: 0.74, AUC: 0.76
Epoch [97/100] - [TRAIN] Loss: 0.5361, Accuracy: 75.02%, AUC: 0.75 [VAL] Loss: 0.5300, Accuracy: 75.27%, Precision: 0.78, Recall: 0.69, F1-Score: 0.73, AUC: 0.75
Epoch [98/100] - [TRAIN] Loss: 0.5372, Accuracy: 75.07%, AUC: 0.75 [VAL] Loss: 0.5324, Accuracy: 74.89%, Precision: 0.77, Recall: 0.69, F1-Score: 0.73, AUC: 0.75
Epoch [99/100] - [TRAIN] Loss: 0.5355, Accuracy: 75.16%, AUC: 0.75 [VAL] Loss: 0.5333, Accuracy: 75.32%, Precision: 0.79, Recall: 0.68, F1-Score: 0.73, AUC: 0.75
Epoch [100/100] - [TRAIN] Loss: 0.5331, Accuracy: 75.38%, AUC: 0.75 [VAL] Loss: 0.5262, Accuracy: 75.49%, Precision: 0.78, Recall: 0.70, F1-Score: 0.74, AUC: 0.75
Accuracy Score on test set: 75.77 %
    AUC Score on test set: 0.75
    Precision: 0.7809
    Recall: 0.6875
    F1-Score: 0.7312

    Detailed Classification Report:
                  precision    recall  f1-score   support

           0       0.74      0.82      0.78      5206
           1       0.78      0.69      0.73      4794

    accuracy                           0.76     10000
   macro avg       0.76      0.75      0.76     10000
weighted avg       0.76      0.76      0.76     10000


    Confusion Matrix:
    [[4281  925]
 [1498 3296]]
    
011-H3K9ac-H3K27me3
Epoch [1/100] - [TRAIN] Loss: 0.6318, Accuracy: 69.34%, AUC: 0.69 [VAL] Loss: 0.5673, Accuracy: 73.88%, Precision: 0.77, Recall: 0.67, F1-Score: 0.72, AUC: 0.74
Epoch [2/100] - [TRAIN] Loss: 0.5852, Accuracy: 72.57%, AUC: 0.72 [VAL] Loss: 0.5679, Accuracy: 73.41%, Precision: 0.76, Recall: 0.67, F1-Score: 0.71, AUC: 0.73
Epoch [3/100] - [TRAIN] Loss: 0.5737, Accuracy: 72.92%, AUC: 0.73 [VAL] Loss: 0.5629, Accuracy: 73.18%, Precision: 0.75, Recall: 0.68, F1-Score: 0.71, AUC: 0.73
Epoch [4/100] - [TRAIN] Loss: 0.5659, Accuracy: 72.86%, AUC: 0.73 [VAL] Loss: 0.5490, Accuracy: 73.86%, Precision: 0.76, Recall: 0.67, F1-Score: 0.71, AUC: 0.74
Epoch [5/100] - [TRAIN] Loss: 0.5629, Accuracy: 73.20%, AUC: 0.73 [VAL] Loss: 0.5555, Accuracy: 73.17%, Precision: 0.76, Recall: 0.68, F1-Score: 0.72, AUC: 0.73
Epoch [6/100] - [TRAIN] Loss: 0.5611, Accuracy: 73.03%, AUC: 0.73 [VAL] Loss: 0.5533, Accuracy: 73.45%, Precision: 0.75, Recall: 0.67, F1-Score: 0.71, AUC: 0.73
Epoch [7/100] - [TRAIN] Loss: 0.5581, Accuracy: 73.20%, AUC: 0.73 [VAL] Loss: 0.5485, Accuracy: 73.58%, Precision: 0.76, Recall: 0.67, F1-Score: 0.71, AUC: 0.73
Epoch [8/100] - [TRAIN] Loss: 0.5586, Accuracy: 73.20%, AUC: 0.73 [VAL] Loss: 0.5500, Accuracy: 73.97%, Precision: 0.76, Recall: 0.68, F1-Score: 0.71, AUC: 0.74
Epoch [9/100] - [TRAIN] Loss: 0.5538, Accuracy: 73.43%, AUC: 0.73 [VAL] Loss: 0.5452, Accuracy: 74.04%, Precision: 0.77, Recall: 0.67, F1-Score: 0.72, AUC: 0.74
Epoch [10/100] - [TRAIN] Loss: 0.5576, Accuracy: 72.86%, AUC: 0.73 [VAL] Loss: 0.5403, Accuracy: 74.46%, Precision: 0.77, Recall: 0.68, F1-Score: 0.72, AUC: 0.74
Epoch [11/100] - [TRAIN] Loss: 0.5560, Accuracy: 73.16%, AUC: 0.73 [VAL] Loss: 0.5465, Accuracy: 73.60%, Precision: 0.76, Recall: 0.67, F1-Score: 0.71, AUC: 0.73
Epoch [12/100] - [TRAIN] Loss: 0.5514, Accuracy: 73.41%, AUC: 0.73 [VAL] Loss: 0.5396, Accuracy: 74.44%, Precision: 0.76, Recall: 0.68, F1-Score: 0.72, AUC: 0.74
Epoch [13/100] - [TRAIN] Loss: 0.5512, Accuracy: 73.35%, AUC: 0.73 [VAL] Loss: 0.5445, Accuracy: 73.47%, Precision: 0.77, Recall: 0.67, F1-Score: 0.71, AUC: 0.73
Epoch [14/100] - [TRAIN] Loss: 0.5527, Accuracy: 73.26%, AUC: 0.73 [VAL] Loss: 0.5495, Accuracy: 73.00%, Precision: 0.75, Recall: 0.66, F1-Score: 0.70, AUC: 0.73
Epoch [15/100] - [TRAIN] Loss: 0.5522, Accuracy: 73.39%, AUC: 0.73 [VAL] Loss: 0.5401, Accuracy: 74.20%, Precision: 0.76, Recall: 0.68, F1-Score: 0.72, AUC: 0.74
Epoch [16/100] - [TRAIN] Loss: 0.5491, Accuracy: 73.51%, AUC: 0.73 [VAL] Loss: 0.5506, Accuracy: 73.19%, Precision: 0.76, Recall: 0.66, F1-Score: 0.71, AUC: 0.73
Epoch [17/100] - [TRAIN] Loss: 0.5523, Accuracy: 73.33%, AUC: 0.73 [VAL] Loss: 0.5340, Accuracy: 74.05%, Precision: 0.77, Recall: 0.69, F1-Score: 0.73, AUC: 0.74
Epoch [18/100] - [TRAIN] Loss: 0.5494, Accuracy: 73.55%, AUC: 0.73 [VAL] Loss: 0.5420, Accuracy: 73.71%, Precision: 0.75, Recall: 0.68, F1-Score: 0.71, AUC: 0.74
Epoch [19/100] - [TRAIN] Loss: 0.5529, Accuracy: 73.24%, AUC: 0.73 [VAL] Loss: 0.5400, Accuracy: 73.75%, Precision: 0.76, Recall: 0.68, F1-Score: 0.72, AUC: 0.74
Epoch [20/100] - [TRAIN] Loss: 0.5509, Accuracy: 73.39%, AUC: 0.73 [VAL] Loss: 0.5426, Accuracy: 73.60%, Precision: 0.76, Recall: 0.67, F1-Score: 0.71, AUC: 0.73
Epoch [21/100] - [TRAIN] Loss: 0.5479, Accuracy: 73.50%, AUC: 0.73 [VAL] Loss: 0.5512, Accuracy: 73.19%, Precision: 0.75, Recall: 0.67, F1-Score: 0.71, AUC: 0.73
Epoch [22/100] - [TRAIN] Loss: 0.5453, Accuracy: 73.61%, AUC: 0.73 [VAL] Loss: 0.5425, Accuracy: 74.08%, Precision: 0.76, Recall: 0.68, F1-Score: 0.72, AUC: 0.74
Epoch [23/100] - [TRAIN] Loss: 0.5468, Accuracy: 73.71%, AUC: 0.74 [VAL] Loss: 0.5361, Accuracy: 73.79%, Precision: 0.76, Recall: 0.68, F1-Score: 0.72, AUC: 0.74
Epoch [24/100] - [TRAIN] Loss: 0.5468, Accuracy: 73.69%, AUC: 0.74 [VAL] Loss: 0.5348, Accuracy: 73.75%, Precision: 0.77, Recall: 0.68, F1-Score: 0.72, AUC: 0.74
Epoch [25/100] - [TRAIN] Loss: 0.5468, Accuracy: 73.76%, AUC: 0.74 [VAL] Loss: 0.5455, Accuracy: 73.09%, Precision: 0.76, Recall: 0.66, F1-Score: 0.71, AUC: 0.73
Epoch [26/100] - [TRAIN] Loss: 0.5469, Accuracy: 73.44%, AUC: 0.73 [VAL] Loss: 0.5430, Accuracy: 73.38%, Precision: 0.76, Recall: 0.67, F1-Score: 0.71, AUC: 0.73
Epoch [27/100] - [TRAIN] Loss: 0.5471, Accuracy: 73.61%, AUC: 0.73 [VAL] Loss: 0.5481, Accuracy: 73.29%, Precision: 0.75, Recall: 0.68, F1-Score: 0.71, AUC: 0.73
Epoch [28/100] - [TRAIN] Loss: 0.5472, Accuracy: 73.49%, AUC: 0.73 [VAL] Loss: 0.5429, Accuracy: 73.76%, Precision: 0.75, Recall: 0.67, F1-Score: 0.71, AUC: 0.73
Epoch [29/100] - [TRAIN] Loss: 0.5470, Accuracy: 73.46%, AUC: 0.73 [VAL] Loss: 0.5402, Accuracy: 73.98%, Precision: 0.76, Recall: 0.68, F1-Score: 0.72, AUC: 0.74
Epoch [30/100] - [TRAIN] Loss: 0.5460, Accuracy: 73.55%, AUC: 0.73 [VAL] Loss: 0.5387, Accuracy: 74.14%, Precision: 0.76, Recall: 0.68, F1-Score: 0.71, AUC: 0.74
Epoch [31/100] - [TRAIN] Loss: 0.5433, Accuracy: 73.86%, AUC: 0.74 [VAL] Loss: 0.5436, Accuracy: 73.06%, Precision: 0.76, Recall: 0.67, F1-Score: 0.71, AUC: 0.73
Epoch [32/100] - [TRAIN] Loss: 0.5458, Accuracy: 73.62%, AUC: 0.74 [VAL] Loss: 0.5421, Accuracy: 73.26%, Precision: 0.76, Recall: 0.67, F1-Score: 0.71, AUC: 0.73
Epoch [33/100] - [TRAIN] Loss: 0.5454, Accuracy: 73.58%, AUC: 0.73 [VAL] Loss: 0.5393, Accuracy: 73.88%, Precision: 0.77, Recall: 0.68, F1-Score: 0.72, AUC: 0.74
Epoch [34/100] - [TRAIN] Loss: 0.5465, Accuracy: 73.52%, AUC: 0.73 [VAL] Loss: 0.5489, Accuracy: 73.80%, Precision: 0.76, Recall: 0.67, F1-Score: 0.71, AUC: 0.74
Epoch [35/100] - [TRAIN] Loss: 0.5439, Accuracy: 73.71%, AUC: 0.74 [VAL] Loss: 0.5421, Accuracy: 73.47%, Precision: 0.76, Recall: 0.67, F1-Score: 0.71, AUC: 0.73
Epoch [36/100] - [TRAIN] Loss: 0.5469, Accuracy: 73.46%, AUC: 0.73 [VAL] Loss: 0.5377, Accuracy: 74.01%, Precision: 0.76, Recall: 0.68, F1-Score: 0.71, AUC: 0.74
Epoch [37/100] - [TRAIN] Loss: 0.5483, Accuracy: 73.54%, AUC: 0.73 [VAL] Loss: 0.5358, Accuracy: 74.61%, Precision: 0.78, Recall: 0.68, F1-Score: 0.73, AUC: 0.75
Epoch [38/100] - [TRAIN] Loss: 0.5455, Accuracy: 73.87%, AUC: 0.74 [VAL] Loss: 0.5417, Accuracy: 73.56%, Precision: 0.76, Recall: 0.67, F1-Score: 0.71, AUC: 0.73
Epoch [39/100] - [TRAIN] Loss: 0.5449, Accuracy: 73.63%, AUC: 0.74 [VAL] Loss: 0.5368, Accuracy: 74.37%, Precision: 0.76, Recall: 0.68, F1-Score: 0.72, AUC: 0.74
Epoch [40/100] - [TRAIN] Loss: 0.5440, Accuracy: 73.72%, AUC: 0.74 [VAL] Loss: 0.5408, Accuracy: 73.82%, Precision: 0.76, Recall: 0.68, F1-Score: 0.72, AUC: 0.74
Epoch [41/100] - [TRAIN] Loss: 0.5456, Accuracy: 73.57%, AUC: 0.73 [VAL] Loss: 0.5429, Accuracy: 73.41%, Precision: 0.76, Recall: 0.67, F1-Score: 0.71, AUC: 0.73
Epoch [42/100] - [TRAIN] Loss: 0.5491, Accuracy: 73.26%, AUC: 0.73 [VAL] Loss: 0.5400, Accuracy: 73.03%, Precision: 0.76, Recall: 0.67, F1-Score: 0.71, AUC: 0.73
Epoch [43/100] - [TRAIN] Loss: 0.5459, Accuracy: 73.53%, AUC: 0.73 [VAL] Loss: 0.5399, Accuracy: 73.45%, Precision: 0.76, Recall: 0.67, F1-Score: 0.71, AUC: 0.73
Epoch [44/100] - [TRAIN] Loss: 0.5453, Accuracy: 73.61%, AUC: 0.73 [VAL] Loss: 0.5429, Accuracy: 74.00%, Precision: 0.76, Recall: 0.68, F1-Score: 0.72, AUC: 0.74
Epoch [45/100] - [TRAIN] Loss: 0.5471, Accuracy: 73.53%, AUC: 0.73 [VAL] Loss: 0.5321, Accuracy: 74.59%, Precision: 0.78, Recall: 0.68, F1-Score: 0.73, AUC: 0.75
Epoch [46/100] - [TRAIN] Loss: 0.5463, Accuracy: 73.64%, AUC: 0.74 [VAL] Loss: 0.5454, Accuracy: 73.42%, Precision: 0.76, Recall: 0.67, F1-Score: 0.71, AUC: 0.73
Epoch [47/100] - [TRAIN] Loss: 0.5459, Accuracy: 73.54%, AUC: 0.73 [VAL] Loss: 0.5312, Accuracy: 74.19%, Precision: 0.77, Recall: 0.68, F1-Score: 0.72, AUC: 0.74
Epoch [48/100] - [TRAIN] Loss: 0.5496, Accuracy: 73.42%, AUC: 0.73 [VAL] Loss: 0.5385, Accuracy: 74.35%, Precision: 0.76, Recall: 0.68, F1-Score: 0.72, AUC: 0.74
Epoch [49/100] - [TRAIN] Loss: 0.5457, Accuracy: 73.76%, AUC: 0.74 [VAL] Loss: 0.5386, Accuracy: 73.82%, Precision: 0.76, Recall: 0.67, F1-Score: 0.71, AUC: 0.74
Epoch [50/100] - [TRAIN] Loss: 0.5478, Accuracy: 73.36%, AUC: 0.73 [VAL] Loss: 0.5409, Accuracy: 73.86%, Precision: 0.76, Recall: 0.68, F1-Score: 0.72, AUC: 0.74
Epoch [51/100] - [TRAIN] Loss: 0.5484, Accuracy: 73.35%, AUC: 0.73 [VAL] Loss: 0.5402, Accuracy: 73.82%, Precision: 0.76, Recall: 0.68, F1-Score: 0.72, AUC: 0.74
Epoch [52/100] - [TRAIN] Loss: 0.5463, Accuracy: 73.59%, AUC: 0.73 [VAL] Loss: 0.5372, Accuracy: 74.55%, Precision: 0.77, Recall: 0.68, F1-Score: 0.72, AUC: 0.74
Epoch [53/100] - [TRAIN] Loss: 0.5438, Accuracy: 73.69%, AUC: 0.74 [VAL] Loss: 0.5393, Accuracy: 73.73%, Precision: 0.76, Recall: 0.68, F1-Score: 0.72, AUC: 0.74
Epoch [54/100] - [TRAIN] Loss: 0.5475, Accuracy: 73.48%, AUC: 0.73 [VAL] Loss: 0.5372, Accuracy: 74.00%, Precision: 0.76, Recall: 0.68, F1-Score: 0.72, AUC: 0.74
Epoch [55/100] - [TRAIN] Loss: 0.5490, Accuracy: 73.27%, AUC: 0.73 [VAL] Loss: 0.5385, Accuracy: 74.27%, Precision: 0.77, Recall: 0.67, F1-Score: 0.72, AUC: 0.74
Epoch [56/100] - [TRAIN] Loss: 0.5460, Accuracy: 73.48%, AUC: 0.73 [VAL] Loss: 0.5476, Accuracy: 73.68%, Precision: 0.76, Recall: 0.68, F1-Score: 0.72, AUC: 0.74
Epoch [57/100] - [TRAIN] Loss: 0.5431, Accuracy: 73.77%, AUC: 0.74 [VAL] Loss: 0.5362, Accuracy: 74.28%, Precision: 0.76, Recall: 0.68, F1-Score: 0.72, AUC: 0.74
Epoch [58/100] - [TRAIN] Loss: 0.5487, Accuracy: 73.44%, AUC: 0.73 [VAL] Loss: 0.5450, Accuracy: 73.67%, Precision: 0.76, Recall: 0.67, F1-Score: 0.71, AUC: 0.74
Epoch [59/100] - [TRAIN] Loss: 0.5500, Accuracy: 73.32%, AUC: 0.73 [VAL] Loss: 0.5421, Accuracy: 73.68%, Precision: 0.76, Recall: 0.67, F1-Score: 0.71, AUC: 0.74
Epoch [60/100] - [TRAIN] Loss: 0.5452, Accuracy: 73.62%, AUC: 0.73 [VAL] Loss: 0.5378, Accuracy: 74.20%, Precision: 0.76, Recall: 0.68, F1-Score: 0.72, AUC: 0.74
Epoch [61/100] - [TRAIN] Loss: 0.5463, Accuracy: 73.64%, AUC: 0.74 [VAL] Loss: 0.5369, Accuracy: 73.83%, Precision: 0.76, Recall: 0.68, F1-Score: 0.72, AUC: 0.74
Epoch [62/100] - [TRAIN] Loss: 0.5473, Accuracy: 73.55%, AUC: 0.73 [VAL] Loss: 0.5355, Accuracy: 74.29%, Precision: 0.77, Recall: 0.68, F1-Score: 0.72, AUC: 0.74
Epoch [63/100] - [TRAIN] Loss: 0.5477, Accuracy: 73.56%, AUC: 0.73 [VAL] Loss: 0.5349, Accuracy: 74.35%, Precision: 0.77, Recall: 0.68, F1-Score: 0.72, AUC: 0.74
Epoch [64/100] - [TRAIN] Loss: 0.5482, Accuracy: 73.27%, AUC: 0.73 [VAL] Loss: 0.5368, Accuracy: 74.24%, Precision: 0.77, Recall: 0.67, F1-Score: 0.72, AUC: 0.74
Epoch [65/100] - [TRAIN] Loss: 0.5453, Accuracy: 73.68%, AUC: 0.74 [VAL] Loss: 0.5317, Accuracy: 74.36%, Precision: 0.76, Recall: 0.69, F1-Score: 0.72, AUC: 0.74
Epoch [66/100] - [TRAIN] Loss: 0.5457, Accuracy: 73.29%, AUC: 0.73 [VAL] Loss: 0.5393, Accuracy: 73.75%, Precision: 0.77, Recall: 0.66, F1-Score: 0.71, AUC: 0.74
Epoch [67/100] - [TRAIN] Loss: 0.5465, Accuracy: 73.62%, AUC: 0.74 [VAL] Loss: 0.5376, Accuracy: 73.81%, Precision: 0.76, Recall: 0.67, F1-Score: 0.71, AUC: 0.74
Epoch [68/100] - [TRAIN] Loss: 0.5481, Accuracy: 73.54%, AUC: 0.73 [VAL] Loss: 0.5349, Accuracy: 73.60%, Precision: 0.76, Recall: 0.67, F1-Score: 0.71, AUC: 0.73
Epoch [69/100] - [TRAIN] Loss: 0.5474, Accuracy: 73.75%, AUC: 0.74 [VAL] Loss: 0.5471, Accuracy: 73.24%, Precision: 0.74, Recall: 0.68, F1-Score: 0.71, AUC: 0.73
Epoch [70/100] - [TRAIN] Loss: 0.5473, Accuracy: 73.64%, AUC: 0.74 [VAL] Loss: 0.5476, Accuracy: 72.92%, Precision: 0.74, Recall: 0.67, F1-Score: 0.70, AUC: 0.73
Epoch [71/100] - [TRAIN] Loss: 0.5472, Accuracy: 73.64%, AUC: 0.74 [VAL] Loss: 0.5420, Accuracy: 73.61%, Precision: 0.76, Recall: 0.68, F1-Score: 0.72, AUC: 0.74
Epoch [72/100] - [TRAIN] Loss: 0.5475, Accuracy: 73.56%, AUC: 0.73 [VAL] Loss: 0.5338, Accuracy: 74.13%, Precision: 0.77, Recall: 0.68, F1-Score: 0.72, AUC: 0.74
Epoch [73/100] - [TRAIN] Loss: 0.5456, Accuracy: 73.76%, AUC: 0.74 [VAL] Loss: 0.5363, Accuracy: 73.83%, Precision: 0.76, Recall: 0.68, F1-Score: 0.72, AUC: 0.74
Epoch [74/100] - [TRAIN] Loss: 0.5459, Accuracy: 73.72%, AUC: 0.74 [VAL] Loss: 0.5394, Accuracy: 73.64%, Precision: 0.75, Recall: 0.68, F1-Score: 0.71, AUC: 0.73
Epoch [75/100] - [TRAIN] Loss: 0.5481, Accuracy: 73.53%, AUC: 0.73 [VAL] Loss: 0.5380, Accuracy: 74.28%, Precision: 0.76, Recall: 0.68, F1-Score: 0.72, AUC: 0.74
Epoch [76/100] - [TRAIN] Loss: 0.5474, Accuracy: 73.67%, AUC: 0.74 [VAL] Loss: 0.5373, Accuracy: 73.98%, Precision: 0.76, Recall: 0.68, F1-Score: 0.72, AUC: 0.74
Epoch [77/100] - [TRAIN] Loss: 0.5444, Accuracy: 73.66%, AUC: 0.74 [VAL] Loss: 0.5414, Accuracy: 74.03%, Precision: 0.77, Recall: 0.68, F1-Score: 0.72, AUC: 0.74
Epoch [78/100] - [TRAIN] Loss: 0.5489, Accuracy: 73.37%, AUC: 0.73 [VAL] Loss: 0.5417, Accuracy: 73.70%, Precision: 0.75, Recall: 0.68, F1-Score: 0.72, AUC: 0.74
Epoch [79/100] - [TRAIN] Loss: 0.5446, Accuracy: 73.68%, AUC: 0.74 [VAL] Loss: 0.5377, Accuracy: 73.54%, Precision: 0.77, Recall: 0.67, F1-Score: 0.72, AUC: 0.74
Epoch [80/100] - [TRAIN] Loss: 0.5435, Accuracy: 73.72%, AUC: 0.74 [VAL] Loss: 0.5388, Accuracy: 74.21%, Precision: 0.77, Recall: 0.68, F1-Score: 0.72, AUC: 0.74
Epoch [81/100] - [TRAIN] Loss: 0.5454, Accuracy: 73.62%, AUC: 0.73 [VAL] Loss: 0.5435, Accuracy: 73.48%, Precision: 0.75, Recall: 0.68, F1-Score: 0.72, AUC: 0.73
Epoch [82/100] - [TRAIN] Loss: 0.5462, Accuracy: 73.30%, AUC: 0.73 [VAL] Loss: 0.5333, Accuracy: 74.21%, Precision: 0.76, Recall: 0.68, F1-Score: 0.72, AUC: 0.74
Epoch [83/100] - [TRAIN] Loss: 0.5520, Accuracy: 73.19%, AUC: 0.73 [VAL] Loss: 0.5393, Accuracy: 73.92%, Precision: 0.76, Recall: 0.67, F1-Score: 0.71, AUC: 0.74
Epoch [84/100] - [TRAIN] Loss: 0.5431, Accuracy: 73.65%, AUC: 0.73 [VAL] Loss: 0.5363, Accuracy: 74.24%, Precision: 0.77, Recall: 0.68, F1-Score: 0.72, AUC: 0.74
Epoch [85/100] - [TRAIN] Loss: 0.5448, Accuracy: 73.89%, AUC: 0.74 [VAL] Loss: 0.5410, Accuracy: 73.48%, Precision: 0.76, Recall: 0.67, F1-Score: 0.71, AUC: 0.73
Epoch [86/100] - [TRAIN] Loss: 0.5459, Accuracy: 73.63%, AUC: 0.73 [VAL] Loss: 0.5431, Accuracy: 73.69%, Precision: 0.76, Recall: 0.69, F1-Score: 0.72, AUC: 0.74
Epoch [87/100] - [TRAIN] Loss: 0.5456, Accuracy: 73.49%, AUC: 0.73 [VAL] Loss: 0.5365, Accuracy: 73.74%, Precision: 0.76, Recall: 0.67, F1-Score: 0.71, AUC: 0.74
Epoch [88/100] - [TRAIN] Loss: 0.5459, Accuracy: 73.65%, AUC: 0.74 [VAL] Loss: 0.5439, Accuracy: 73.87%, Precision: 0.77, Recall: 0.68, F1-Score: 0.72, AUC: 0.74
Epoch [89/100] - [TRAIN] Loss: 0.5463, Accuracy: 73.63%, AUC: 0.74 [VAL] Loss: 0.5380, Accuracy: 73.87%, Precision: 0.76, Recall: 0.67, F1-Score: 0.71, AUC: 0.74
Epoch [90/100] - [TRAIN] Loss: 0.5454, Accuracy: 73.75%, AUC: 0.74 [VAL] Loss: 0.5391, Accuracy: 73.81%, Precision: 0.75, Recall: 0.69, F1-Score: 0.72, AUC: 0.74
Epoch [91/100] - [TRAIN] Loss: 0.5470, Accuracy: 73.61%, AUC: 0.73 [VAL] Loss: 0.5483, Accuracy: 72.77%, Precision: 0.75, Recall: 0.67, F1-Score: 0.71, AUC: 0.73
Epoch [92/100] - [TRAIN] Loss: 0.5470, Accuracy: 73.65%, AUC: 0.74 [VAL] Loss: 0.5304, Accuracy: 74.05%, Precision: 0.76, Recall: 0.68, F1-Score: 0.72, AUC: 0.74
Epoch [93/100] - [TRAIN] Loss: 0.5456, Accuracy: 73.66%, AUC: 0.74 [VAL] Loss: 0.5392, Accuracy: 73.32%, Precision: 0.75, Recall: 0.68, F1-Score: 0.71, AUC: 0.73
Epoch [94/100] - [TRAIN] Loss: 0.5505, Accuracy: 73.31%, AUC: 0.73 [VAL] Loss: 0.5462, Accuracy: 73.10%, Precision: 0.75, Recall: 0.67, F1-Score: 0.71, AUC: 0.73
Epoch [95/100] - [TRAIN] Loss: 0.5462, Accuracy: 73.45%, AUC: 0.73 [VAL] Loss: 0.5299, Accuracy: 74.21%, Precision: 0.77, Recall: 0.68, F1-Score: 0.72, AUC: 0.74
Epoch [96/100] - [TRAIN] Loss: 0.5494, Accuracy: 73.33%, AUC: 0.73 [VAL] Loss: 0.5376, Accuracy: 73.91%, Precision: 0.76, Recall: 0.68, F1-Score: 0.72, AUC: 0.74
Epoch [97/100] - [TRAIN] Loss: 0.5478, Accuracy: 73.36%, AUC: 0.73 [VAL] Loss: 0.5384, Accuracy: 73.48%, Precision: 0.77, Recall: 0.66, F1-Score: 0.71, AUC: 0.73
Epoch [98/100] - [TRAIN] Loss: 0.5485, Accuracy: 73.48%, AUC: 0.73 [VAL] Loss: 0.5429, Accuracy: 73.95%, Precision: 0.76, Recall: 0.67, F1-Score: 0.71, AUC: 0.74
Epoch [99/100] - [TRAIN] Loss: 0.5500, Accuracy: 73.38%, AUC: 0.73 [VAL] Loss: 0.5457, Accuracy: 72.94%, Precision: 0.75, Recall: 0.67, F1-Score: 0.71, AUC: 0.73
Epoch [100/100] - [TRAIN] Loss: 0.5479, Accuracy: 73.46%, AUC: 0.73 [VAL] Loss: 0.5421, Accuracy: 73.97%, Precision: 0.76, Recall: 0.68, F1-Score: 0.72, AUC: 0.74
Accuracy Score on test set: 74.06 %
    AUC Score on test set: 0.74
    Precision: 0.7644
    Recall: 0.6777
    F1-Score: 0.7185

    Detailed Classification Report:
                  precision    recall  f1-score   support

           0       0.72      0.80      0.76      5116
           1       0.76      0.68      0.72      4884

    accuracy                           0.74     10000
   macro avg       0.74      0.74      0.74     10000
weighted avg       0.74      0.74      0.74     10000


    Confusion Matrix:
    [[4096 1020]
 [1574 3310]]
    
012-H3K9me3-H3K27ac
Epoch [1/100] - [TRAIN] Loss: 0.6100, Accuracy: 71.73%, AUC: 0.72 [VAL] Loss: 0.5637, Accuracy: 75.26%, Precision: 0.79, Recall: 0.66, F1-Score: 0.72, AUC: 0.75
Epoch [2/100] - [TRAIN] Loss: 0.5808, Accuracy: 73.97%, AUC: 0.74 [VAL] Loss: 0.5603, Accuracy: 74.10%, Precision: 0.78, Recall: 0.66, F1-Score: 0.71, AUC: 0.74
Epoch [3/100] - [TRAIN] Loss: 0.5709, Accuracy: 73.59%, AUC: 0.73 [VAL] Loss: 0.5535, Accuracy: 74.33%, Precision: 0.79, Recall: 0.65, F1-Score: 0.71, AUC: 0.74
Epoch [4/100] - [TRAIN] Loss: 0.5652, Accuracy: 73.86%, AUC: 0.74 [VAL] Loss: 0.5386, Accuracy: 75.30%, Precision: 0.80, Recall: 0.66, F1-Score: 0.72, AUC: 0.75
Epoch [5/100] - [TRAIN] Loss: 0.5581, Accuracy: 74.16%, AUC: 0.74 [VAL] Loss: 0.5408, Accuracy: 75.58%, Precision: 0.79, Recall: 0.68, F1-Score: 0.73, AUC: 0.75
Epoch [6/100] - [TRAIN] Loss: 0.5560, Accuracy: 74.03%, AUC: 0.74 [VAL] Loss: 0.5374, Accuracy: 75.27%, Precision: 0.80, Recall: 0.66, F1-Score: 0.72, AUC: 0.75
Epoch [7/100] - [TRAIN] Loss: 0.5529, Accuracy: 74.22%, AUC: 0.74 [VAL] Loss: 0.5400, Accuracy: 73.95%, Precision: 0.77, Recall: 0.67, F1-Score: 0.71, AUC: 0.74
Epoch [8/100] - [TRAIN] Loss: 0.5532, Accuracy: 74.25%, AUC: 0.74 [VAL] Loss: 0.5344, Accuracy: 75.83%, Precision: 0.80, Recall: 0.67, F1-Score: 0.73, AUC: 0.76
Epoch [9/100] - [TRAIN] Loss: 0.5510, Accuracy: 74.21%, AUC: 0.74 [VAL] Loss: 0.5461, Accuracy: 74.47%, Precision: 0.78, Recall: 0.66, F1-Score: 0.72, AUC: 0.74
Epoch [10/100] - [TRAIN] Loss: 0.5485, Accuracy: 74.51%, AUC: 0.74 [VAL] Loss: 0.5324, Accuracy: 75.80%, Precision: 0.80, Recall: 0.68, F1-Score: 0.74, AUC: 0.76
Epoch [11/100] - [TRAIN] Loss: 0.5487, Accuracy: 74.36%, AUC: 0.74 [VAL] Loss: 0.5383, Accuracy: 75.10%, Precision: 0.79, Recall: 0.67, F1-Score: 0.73, AUC: 0.75
Epoch [12/100] - [TRAIN] Loss: 0.5459, Accuracy: 74.39%, AUC: 0.74 [VAL] Loss: 0.5392, Accuracy: 74.89%, Precision: 0.78, Recall: 0.68, F1-Score: 0.73, AUC: 0.75
Epoch [13/100] - [TRAIN] Loss: 0.5471, Accuracy: 74.44%, AUC: 0.74 [VAL] Loss: 0.5336, Accuracy: 74.87%, Precision: 0.78, Recall: 0.67, F1-Score: 0.72, AUC: 0.75
Epoch [14/100] - [TRAIN] Loss: 0.5460, Accuracy: 74.51%, AUC: 0.74 [VAL] Loss: 0.5303, Accuracy: 75.49%, Precision: 0.78, Recall: 0.68, F1-Score: 0.73, AUC: 0.75
Epoch [15/100] - [TRAIN] Loss: 0.5450, Accuracy: 74.39%, AUC: 0.74 [VAL] Loss: 0.5364, Accuracy: 74.56%, Precision: 0.79, Recall: 0.66, F1-Score: 0.72, AUC: 0.74
Epoch [16/100] - [TRAIN] Loss: 0.5431, Accuracy: 74.75%, AUC: 0.75 [VAL] Loss: 0.5324, Accuracy: 74.92%, Precision: 0.79, Recall: 0.67, F1-Score: 0.72, AUC: 0.75
Epoch [17/100] - [TRAIN] Loss: 0.5472, Accuracy: 74.45%, AUC: 0.74 [VAL] Loss: 0.5301, Accuracy: 75.31%, Precision: 0.78, Recall: 0.68, F1-Score: 0.73, AUC: 0.75
Epoch [18/100] - [TRAIN] Loss: 0.5440, Accuracy: 74.39%, AUC: 0.74 [VAL] Loss: 0.5375, Accuracy: 74.82%, Precision: 0.78, Recall: 0.67, F1-Score: 0.72, AUC: 0.75
Epoch [19/100] - [TRAIN] Loss: 0.5436, Accuracy: 74.41%, AUC: 0.74 [VAL] Loss: 0.5351, Accuracy: 74.97%, Precision: 0.77, Recall: 0.68, F1-Score: 0.72, AUC: 0.75
Epoch [20/100] - [TRAIN] Loss: 0.5438, Accuracy: 74.38%, AUC: 0.74 [VAL] Loss: 0.5334, Accuracy: 75.34%, Precision: 0.78, Recall: 0.68, F1-Score: 0.73, AUC: 0.75
Epoch [21/100] - [TRAIN] Loss: 0.5468, Accuracy: 74.20%, AUC: 0.74 [VAL] Loss: 0.5334, Accuracy: 74.64%, Precision: 0.78, Recall: 0.67, F1-Score: 0.72, AUC: 0.74
Epoch [22/100] - [TRAIN] Loss: 0.5456, Accuracy: 74.43%, AUC: 0.74 [VAL] Loss: 0.5390, Accuracy: 74.60%, Precision: 0.76, Recall: 0.69, F1-Score: 0.72, AUC: 0.74
Epoch [23/100] - [TRAIN] Loss: 0.5392, Accuracy: 74.63%, AUC: 0.74 [VAL] Loss: 0.5308, Accuracy: 75.07%, Precision: 0.78, Recall: 0.68, F1-Score: 0.73, AUC: 0.75
Epoch [24/100] - [TRAIN] Loss: 0.5409, Accuracy: 74.43%, AUC: 0.74 [VAL] Loss: 0.5357, Accuracy: 74.82%, Precision: 0.78, Recall: 0.68, F1-Score: 0.73, AUC: 0.75
Epoch [25/100] - [TRAIN] Loss: 0.5381, Accuracy: 74.71%, AUC: 0.75 [VAL] Loss: 0.5270, Accuracy: 75.19%, Precision: 0.77, Recall: 0.69, F1-Score: 0.73, AUC: 0.75
Epoch [26/100] - [TRAIN] Loss: 0.5422, Accuracy: 74.28%, AUC: 0.74 [VAL] Loss: 0.5219, Accuracy: 75.69%, Precision: 0.78, Recall: 0.69, F1-Score: 0.73, AUC: 0.76
Epoch [27/100] - [TRAIN] Loss: 0.5422, Accuracy: 74.33%, AUC: 0.74 [VAL] Loss: 0.5343, Accuracy: 75.16%, Precision: 0.78, Recall: 0.68, F1-Score: 0.73, AUC: 0.75
Epoch [28/100] - [TRAIN] Loss: 0.5430, Accuracy: 74.56%, AUC: 0.74 [VAL] Loss: 0.5351, Accuracy: 75.18%, Precision: 0.78, Recall: 0.68, F1-Score: 0.73, AUC: 0.75
Epoch [29/100] - [TRAIN] Loss: 0.5398, Accuracy: 74.82%, AUC: 0.75 [VAL] Loss: 0.5298, Accuracy: 74.99%, Precision: 0.77, Recall: 0.69, F1-Score: 0.73, AUC: 0.75
Epoch [30/100] - [TRAIN] Loss: 0.5418, Accuracy: 74.50%, AUC: 0.74 [VAL] Loss: 0.5365, Accuracy: 74.78%, Precision: 0.79, Recall: 0.68, F1-Score: 0.73, AUC: 0.75
Epoch [31/100] - [TRAIN] Loss: 0.5412, Accuracy: 74.53%, AUC: 0.74 [VAL] Loss: 0.5273, Accuracy: 76.11%, Precision: 0.79, Recall: 0.69, F1-Score: 0.74, AUC: 0.76
Epoch [32/100] - [TRAIN] Loss: 0.5434, Accuracy: 74.31%, AUC: 0.74 [VAL] Loss: 0.5319, Accuracy: 75.04%, Precision: 0.79, Recall: 0.68, F1-Score: 0.73, AUC: 0.75
Epoch [33/100] - [TRAIN] Loss: 0.5393, Accuracy: 74.77%, AUC: 0.75 [VAL] Loss: 0.5223, Accuracy: 76.35%, Precision: 0.79, Recall: 0.70, F1-Score: 0.74, AUC: 0.76
Epoch [34/100] - [TRAIN] Loss: 0.5402, Accuracy: 74.59%, AUC: 0.74 [VAL] Loss: 0.5305, Accuracy: 75.79%, Precision: 0.78, Recall: 0.69, F1-Score: 0.74, AUC: 0.76
Epoch [35/100] - [TRAIN] Loss: 0.5389, Accuracy: 74.66%, AUC: 0.75 [VAL] Loss: 0.5407, Accuracy: 74.54%, Precision: 0.78, Recall: 0.68, F1-Score: 0.73, AUC: 0.74
Epoch [36/100] - [TRAIN] Loss: 0.5424, Accuracy: 74.19%, AUC: 0.74 [VAL] Loss: 0.5371, Accuracy: 75.17%, Precision: 0.79, Recall: 0.68, F1-Score: 0.73, AUC: 0.75
Epoch [37/100] - [TRAIN] Loss: 0.5429, Accuracy: 74.58%, AUC: 0.74 [VAL] Loss: 0.5279, Accuracy: 75.58%, Precision: 0.78, Recall: 0.69, F1-Score: 0.73, AUC: 0.75
Epoch [38/100] - [TRAIN] Loss: 0.5394, Accuracy: 74.59%, AUC: 0.74 [VAL] Loss: 0.5263, Accuracy: 75.80%, Precision: 0.80, Recall: 0.69, F1-Score: 0.74, AUC: 0.76
Epoch [39/100] - [TRAIN] Loss: 0.5424, Accuracy: 74.57%, AUC: 0.74 [VAL] Loss: 0.5267, Accuracy: 74.92%, Precision: 0.78, Recall: 0.68, F1-Score: 0.73, AUC: 0.75
Epoch [40/100] - [TRAIN] Loss: 0.5422, Accuracy: 74.43%, AUC: 0.74 [VAL] Loss: 0.5406, Accuracy: 74.70%, Precision: 0.77, Recall: 0.67, F1-Score: 0.72, AUC: 0.74
Epoch [41/100] - [TRAIN] Loss: 0.5401, Accuracy: 74.61%, AUC: 0.74 [VAL] Loss: 0.5375, Accuracy: 74.67%, Precision: 0.78, Recall: 0.68, F1-Score: 0.72, AUC: 0.75
Epoch [42/100] - [TRAIN] Loss: 0.5406, Accuracy: 74.56%, AUC: 0.74 [VAL] Loss: 0.5327, Accuracy: 74.81%, Precision: 0.78, Recall: 0.68, F1-Score: 0.73, AUC: 0.75
Epoch [43/100] - [TRAIN] Loss: 0.5443, Accuracy: 74.39%, AUC: 0.74 [VAL] Loss: 0.5359, Accuracy: 75.56%, Precision: 0.78, Recall: 0.69, F1-Score: 0.73, AUC: 0.75
Epoch [44/100] - [TRAIN] Loss: 0.5423, Accuracy: 74.41%, AUC: 0.74 [VAL] Loss: 0.5293, Accuracy: 75.40%, Precision: 0.80, Recall: 0.68, F1-Score: 0.73, AUC: 0.75
Epoch [45/100] - [TRAIN] Loss: 0.5408, Accuracy: 74.63%, AUC: 0.75 [VAL] Loss: 0.5371, Accuracy: 74.58%, Precision: 0.78, Recall: 0.68, F1-Score: 0.73, AUC: 0.75
Epoch [46/100] - [TRAIN] Loss: 0.5408, Accuracy: 74.47%, AUC: 0.74 [VAL] Loss: 0.5312, Accuracy: 75.08%, Precision: 0.77, Recall: 0.68, F1-Score: 0.72, AUC: 0.75
Epoch [47/100] - [TRAIN] Loss: 0.5417, Accuracy: 74.44%, AUC: 0.74 [VAL] Loss: 0.5330, Accuracy: 75.13%, Precision: 0.78, Recall: 0.68, F1-Score: 0.73, AUC: 0.75
Epoch [48/100] - [TRAIN] Loss: 0.5403, Accuracy: 74.66%, AUC: 0.75 [VAL] Loss: 0.5326, Accuracy: 74.77%, Precision: 0.78, Recall: 0.68, F1-Score: 0.73, AUC: 0.75
Epoch [49/100] - [TRAIN] Loss: 0.5438, Accuracy: 74.36%, AUC: 0.74 [VAL] Loss: 0.5334, Accuracy: 75.12%, Precision: 0.78, Recall: 0.68, F1-Score: 0.73, AUC: 0.75
Epoch [50/100] - [TRAIN] Loss: 0.5413, Accuracy: 74.47%, AUC: 0.74 [VAL] Loss: 0.5284, Accuracy: 75.65%, Precision: 0.78, Recall: 0.70, F1-Score: 0.74, AUC: 0.76
Epoch [51/100] - [TRAIN] Loss: 0.5422, Accuracy: 74.55%, AUC: 0.74 [VAL] Loss: 0.5303, Accuracy: 74.85%, Precision: 0.78, Recall: 0.68, F1-Score: 0.72, AUC: 0.75
Epoch [52/100] - [TRAIN] Loss: 0.5417, Accuracy: 74.63%, AUC: 0.74 [VAL] Loss: 0.5312, Accuracy: 75.45%, Precision: 0.78, Recall: 0.69, F1-Score: 0.73, AUC: 0.75
Epoch [53/100] - [TRAIN] Loss: 0.5453, Accuracy: 74.46%, AUC: 0.74 [VAL] Loss: 0.5307, Accuracy: 74.77%, Precision: 0.78, Recall: 0.68, F1-Score: 0.73, AUC: 0.75
Epoch [54/100] - [TRAIN] Loss: 0.5410, Accuracy: 74.41%, AUC: 0.74 [VAL] Loss: 0.5326, Accuracy: 74.82%, Precision: 0.77, Recall: 0.68, F1-Score: 0.72, AUC: 0.75
Epoch [55/100] - [TRAIN] Loss: 0.5436, Accuracy: 74.58%, AUC: 0.74 [VAL] Loss: 0.5334, Accuracy: 75.35%, Precision: 0.78, Recall: 0.68, F1-Score: 0.73, AUC: 0.75
Epoch [56/100] - [TRAIN] Loss: 0.5454, Accuracy: 74.12%, AUC: 0.74 [VAL] Loss: 0.5316, Accuracy: 74.91%, Precision: 0.77, Recall: 0.68, F1-Score: 0.72, AUC: 0.75
Epoch [57/100] - [TRAIN] Loss: 0.5443, Accuracy: 74.31%, AUC: 0.74 [VAL] Loss: 0.5351, Accuracy: 75.09%, Precision: 0.77, Recall: 0.68, F1-Score: 0.72, AUC: 0.75
Epoch [58/100] - [TRAIN] Loss: 0.5423, Accuracy: 74.58%, AUC: 0.74 [VAL] Loss: 0.5223, Accuracy: 75.65%, Precision: 0.78, Recall: 0.69, F1-Score: 0.73, AUC: 0.75
Epoch [59/100] - [TRAIN] Loss: 0.5417, Accuracy: 74.52%, AUC: 0.74 [VAL] Loss: 0.5224, Accuracy: 75.87%, Precision: 0.79, Recall: 0.69, F1-Score: 0.74, AUC: 0.76
Epoch [60/100] - [TRAIN] Loss: 0.5415, Accuracy: 74.53%, AUC: 0.74 [VAL] Loss: 0.5368, Accuracy: 74.00%, Precision: 0.77, Recall: 0.68, F1-Score: 0.72, AUC: 0.74
Epoch [61/100] - [TRAIN] Loss: 0.5445, Accuracy: 74.26%, AUC: 0.74 [VAL] Loss: 0.5276, Accuracy: 75.81%, Precision: 0.79, Recall: 0.69, F1-Score: 0.74, AUC: 0.76
Epoch [62/100] - [TRAIN] Loss: 0.5417, Accuracy: 74.43%, AUC: 0.74 [VAL] Loss: 0.5291, Accuracy: 75.48%, Precision: 0.78, Recall: 0.69, F1-Score: 0.73, AUC: 0.75
Epoch [63/100] - [TRAIN] Loss: 0.5437, Accuracy: 74.35%, AUC: 0.74 [VAL] Loss: 0.5351, Accuracy: 75.79%, Precision: 0.78, Recall: 0.69, F1-Score: 0.73, AUC: 0.76
Epoch [64/100] - [TRAIN] Loss: 0.5420, Accuracy: 74.67%, AUC: 0.75 [VAL] Loss: 0.5288, Accuracy: 75.77%, Precision: 0.78, Recall: 0.69, F1-Score: 0.74, AUC: 0.76
Epoch [65/100] - [TRAIN] Loss: 0.5413, Accuracy: 74.45%, AUC: 0.74 [VAL] Loss: 0.5341, Accuracy: 75.68%, Precision: 0.78, Recall: 0.69, F1-Score: 0.73, AUC: 0.75
Epoch [66/100] - [TRAIN] Loss: 0.5415, Accuracy: 74.55%, AUC: 0.74 [VAL] Loss: 0.5306, Accuracy: 75.44%, Precision: 0.78, Recall: 0.69, F1-Score: 0.73, AUC: 0.75
Epoch [67/100] - [TRAIN] Loss: 0.5424, Accuracy: 74.53%, AUC: 0.74 [VAL] Loss: 0.5295, Accuracy: 75.40%, Precision: 0.78, Recall: 0.68, F1-Score: 0.73, AUC: 0.75
Epoch [68/100] - [TRAIN] Loss: 0.5424, Accuracy: 74.43%, AUC: 0.74 [VAL] Loss: 0.5320, Accuracy: 74.69%, Precision: 0.77, Recall: 0.67, F1-Score: 0.72, AUC: 0.74
Epoch [69/100] - [TRAIN] Loss: 0.5433, Accuracy: 74.56%, AUC: 0.74 [VAL] Loss: 0.5312, Accuracy: 75.14%, Precision: 0.78, Recall: 0.68, F1-Score: 0.73, AUC: 0.75
Epoch [70/100] - [TRAIN] Loss: 0.5416, Accuracy: 74.59%, AUC: 0.74 [VAL] Loss: 0.5353, Accuracy: 75.01%, Precision: 0.78, Recall: 0.68, F1-Score: 0.73, AUC: 0.75
Epoch [71/100] - [TRAIN] Loss: 0.5441, Accuracy: 74.34%, AUC: 0.74 [VAL] Loss: 0.5297, Accuracy: 75.27%, Precision: 0.78, Recall: 0.68, F1-Score: 0.73, AUC: 0.75
Epoch [72/100] - [TRAIN] Loss: 0.5425, Accuracy: 74.52%, AUC: 0.74 [VAL] Loss: 0.5325, Accuracy: 74.94%, Precision: 0.78, Recall: 0.68, F1-Score: 0.73, AUC: 0.75
Epoch [73/100] - [TRAIN] Loss: 0.5429, Accuracy: 74.41%, AUC: 0.74 [VAL] Loss: 0.5236, Accuracy: 75.43%, Precision: 0.79, Recall: 0.69, F1-Score: 0.73, AUC: 0.75
Epoch [74/100] - [TRAIN] Loss: 0.5390, Accuracy: 74.72%, AUC: 0.75 [VAL] Loss: 0.5348, Accuracy: 74.96%, Precision: 0.77, Recall: 0.68, F1-Score: 0.72, AUC: 0.75
Epoch [75/100] - [TRAIN] Loss: 0.5416, Accuracy: 74.51%, AUC: 0.74 [VAL] Loss: 0.5206, Accuracy: 76.02%, Precision: 0.79, Recall: 0.69, F1-Score: 0.74, AUC: 0.76
Epoch [76/100] - [TRAIN] Loss: 0.5403, Accuracy: 74.67%, AUC: 0.75 [VAL] Loss: 0.5261, Accuracy: 75.81%, Precision: 0.78, Recall: 0.69, F1-Score: 0.74, AUC: 0.76
Epoch [77/100] - [TRAIN] Loss: 0.5402, Accuracy: 74.69%, AUC: 0.75 [VAL] Loss: 0.5288, Accuracy: 74.99%, Precision: 0.78, Recall: 0.68, F1-Score: 0.72, AUC: 0.75
Epoch [78/100] - [TRAIN] Loss: 0.5409, Accuracy: 74.65%, AUC: 0.75 [VAL] Loss: 0.5295, Accuracy: 75.78%, Precision: 0.79, Recall: 0.69, F1-Score: 0.74, AUC: 0.76
Epoch [79/100] - [TRAIN] Loss: 0.5403, Accuracy: 74.46%, AUC: 0.74 [VAL] Loss: 0.5304, Accuracy: 75.12%, Precision: 0.78, Recall: 0.68, F1-Score: 0.73, AUC: 0.75
Epoch [80/100] - [TRAIN] Loss: 0.5403, Accuracy: 74.62%, AUC: 0.75 [VAL] Loss: 0.5351, Accuracy: 75.17%, Precision: 0.79, Recall: 0.68, F1-Score: 0.73, AUC: 0.75
Epoch [81/100] - [TRAIN] Loss: 0.5433, Accuracy: 74.40%, AUC: 0.74 [VAL] Loss: 0.5401, Accuracy: 75.08%, Precision: 0.78, Recall: 0.68, F1-Score: 0.73, AUC: 0.75
Epoch [82/100] - [TRAIN] Loss: 0.5426, Accuracy: 74.44%, AUC: 0.74 [VAL] Loss: 0.5219, Accuracy: 75.64%, Precision: 0.79, Recall: 0.69, F1-Score: 0.74, AUC: 0.76
Epoch [83/100] - [TRAIN] Loss: 0.5422, Accuracy: 74.29%, AUC: 0.74 [VAL] Loss: 0.5239, Accuracy: 75.95%, Precision: 0.78, Recall: 0.69, F1-Score: 0.74, AUC: 0.76
Epoch [84/100] - [TRAIN] Loss: 0.5432, Accuracy: 74.50%, AUC: 0.74 [VAL] Loss: 0.5283, Accuracy: 76.02%, Precision: 0.79, Recall: 0.69, F1-Score: 0.74, AUC: 0.76
Epoch [85/100] - [TRAIN] Loss: 0.5402, Accuracy: 74.46%, AUC: 0.74 [VAL] Loss: 0.5301, Accuracy: 75.39%, Precision: 0.78, Recall: 0.68, F1-Score: 0.73, AUC: 0.75
Epoch [86/100] - [TRAIN] Loss: 0.5436, Accuracy: 74.37%, AUC: 0.74 [VAL] Loss: 0.5174, Accuracy: 75.84%, Precision: 0.79, Recall: 0.69, F1-Score: 0.74, AUC: 0.76
Epoch [87/100] - [TRAIN] Loss: 0.5406, Accuracy: 74.55%, AUC: 0.74 [VAL] Loss: 0.5244, Accuracy: 76.21%, Precision: 0.78, Recall: 0.70, F1-Score: 0.74, AUC: 0.76
Epoch [88/100] - [TRAIN] Loss: 0.5417, Accuracy: 74.41%, AUC: 0.74 [VAL] Loss: 0.5329, Accuracy: 75.12%, Precision: 0.78, Recall: 0.68, F1-Score: 0.73, AUC: 0.75
Epoch [89/100] - [TRAIN] Loss: 0.5460, Accuracy: 74.37%, AUC: 0.74 [VAL] Loss: 0.5323, Accuracy: 75.38%, Precision: 0.78, Recall: 0.69, F1-Score: 0.73, AUC: 0.75
Epoch [90/100] - [TRAIN] Loss: 0.5404, Accuracy: 74.57%, AUC: 0.74 [VAL] Loss: 0.5314, Accuracy: 75.57%, Precision: 0.78, Recall: 0.69, F1-Score: 0.73, AUC: 0.75
Epoch [91/100] - [TRAIN] Loss: 0.5428, Accuracy: 74.39%, AUC: 0.74 [VAL] Loss: 0.5259, Accuracy: 76.77%, Precision: 0.79, Recall: 0.71, F1-Score: 0.75, AUC: 0.77
Epoch [92/100] - [TRAIN] Loss: 0.5405, Accuracy: 74.60%, AUC: 0.74 [VAL] Loss: 0.5256, Accuracy: 75.30%, Precision: 0.79, Recall: 0.69, F1-Score: 0.73, AUC: 0.75
Epoch [93/100] - [TRAIN] Loss: 0.5417, Accuracy: 74.45%, AUC: 0.74 [VAL] Loss: 0.5294, Accuracy: 75.48%, Precision: 0.78, Recall: 0.69, F1-Score: 0.73, AUC: 0.75
Epoch [94/100] - [TRAIN] Loss: 0.5407, Accuracy: 74.81%, AUC: 0.75 [VAL] Loss: 0.5383, Accuracy: 74.52%, Precision: 0.78, Recall: 0.67, F1-Score: 0.72, AUC: 0.74
Epoch [95/100] - [TRAIN] Loss: 0.5427, Accuracy: 74.47%, AUC: 0.74 [VAL] Loss: 0.5302, Accuracy: 74.71%, Precision: 0.78, Recall: 0.68, F1-Score: 0.72, AUC: 0.75
Epoch [96/100] - [TRAIN] Loss: 0.5432, Accuracy: 74.37%, AUC: 0.74 [VAL] Loss: 0.5422, Accuracy: 74.28%, Precision: 0.77, Recall: 0.67, F1-Score: 0.72, AUC: 0.74
Epoch [97/100] - [TRAIN] Loss: 0.5416, Accuracy: 74.47%, AUC: 0.74 [VAL] Loss: 0.5296, Accuracy: 75.58%, Precision: 0.77, Recall: 0.69, F1-Score: 0.73, AUC: 0.75
Epoch [98/100] - [TRAIN] Loss: 0.5436, Accuracy: 74.34%, AUC: 0.74 [VAL] Loss: 0.5339, Accuracy: 74.51%, Precision: 0.77, Recall: 0.67, F1-Score: 0.72, AUC: 0.74
Epoch [99/100] - [TRAIN] Loss: 0.5406, Accuracy: 74.61%, AUC: 0.75 [VAL] Loss: 0.5251, Accuracy: 76.12%, Precision: 0.80, Recall: 0.69, F1-Score: 0.74, AUC: 0.76
Epoch [100/100] - [TRAIN] Loss: 0.5396, Accuracy: 74.62%, AUC: 0.74 [VAL] Loss: 0.5339, Accuracy: 75.38%, Precision: 0.78, Recall: 0.68, F1-Score: 0.73, AUC: 0.75
Accuracy Score on test set: 75.10 %
    AUC Score on test set: 0.75
    Precision: 0.7754
    Recall: 0.6801
    F1-Score: 0.7246

    Detailed Classification Report:
                  precision    recall  f1-score   support

           0       0.73      0.82      0.77      5183
           1       0.78      0.68      0.72      4817

    accuracy                           0.75     10000
   macro avg       0.75      0.75      0.75     10000
weighted avg       0.75      0.75      0.75     10000


    Confusion Matrix:
    [[4234  949]
 [1541 3276]]
    
013-H3K9me3-H3K27me3
Epoch [1/100] - [TRAIN] Loss: 0.7141, Accuracy: 52.08%, AUC: 0.51 [VAL] Loss: 0.7103, Accuracy: 53.78%, Precision: 0.75, Recall: 0.07, F1-Score: 0.13, AUC: 0.52
Epoch [2/100] - [TRAIN] Loss: 0.7063, Accuracy: 54.45%, AUC: 0.53 [VAL] Loss: 0.7058, Accuracy: 54.19%, Precision: 0.71, Recall: 0.13, F1-Score: 0.22, AUC: 0.54
Epoch [3/100] - [TRAIN] Loss: 0.7005, Accuracy: 55.82%, AUC: 0.55 [VAL] Loss: 0.6969, Accuracy: 56.64%, Precision: 0.73, Recall: 0.18, F1-Score: 0.28, AUC: 0.56
Epoch [4/100] - [TRAIN] Loss: 0.6962, Accuracy: 56.21%, AUC: 0.56 [VAL] Loss: 0.6916, Accuracy: 56.80%, Precision: 0.71, Recall: 0.19, F1-Score: 0.30, AUC: 0.56
Epoch [5/100] - [TRAIN] Loss: 0.6945, Accuracy: 55.95%, AUC: 0.55 [VAL] Loss: 0.6890, Accuracy: 57.58%, Precision: 0.69, Recall: 0.19, F1-Score: 0.30, AUC: 0.56
Epoch [6/100] - [TRAIN] Loss: 0.6925, Accuracy: 56.35%, AUC: 0.56 [VAL] Loss: 0.6949, Accuracy: 55.96%, Precision: 0.70, Recall: 0.19, F1-Score: 0.30, AUC: 0.55
Epoch [7/100] - [TRAIN] Loss: 0.6916, Accuracy: 56.79%, AUC: 0.56 [VAL] Loss: 0.6946, Accuracy: 56.45%, Precision: 0.69, Recall: 0.19, F1-Score: 0.30, AUC: 0.55
Epoch [8/100] - [TRAIN] Loss: 0.6912, Accuracy: 56.84%, AUC: 0.56 [VAL] Loss: 0.6894, Accuracy: 57.11%, Precision: 0.72, Recall: 0.20, F1-Score: 0.31, AUC: 0.56
Epoch [9/100] - [TRAIN] Loss: 0.6916, Accuracy: 56.48%, AUC: 0.56 [VAL] Loss: 0.6923, Accuracy: 56.58%, Precision: 0.71, Recall: 0.20, F1-Score: 0.31, AUC: 0.56
Epoch [10/100] - [TRAIN] Loss: 0.6919, Accuracy: 56.44%, AUC: 0.56 [VAL] Loss: 0.6905, Accuracy: 57.01%, Precision: 0.69, Recall: 0.21, F1-Score: 0.32, AUC: 0.56
Epoch [11/100] - [TRAIN] Loss: 0.6903, Accuracy: 56.94%, AUC: 0.56 [VAL] Loss: 0.6914, Accuracy: 56.84%, Precision: 0.69, Recall: 0.21, F1-Score: 0.32, AUC: 0.56
Epoch [12/100] - [TRAIN] Loss: 0.6907, Accuracy: 56.67%, AUC: 0.56 [VAL] Loss: 0.6887, Accuracy: 56.89%, Precision: 0.70, Recall: 0.21, F1-Score: 0.32, AUC: 0.56
Epoch [13/100] - [TRAIN] Loss: 0.6904, Accuracy: 56.45%, AUC: 0.56 [VAL] Loss: 0.6896, Accuracy: 57.43%, Precision: 0.71, Recall: 0.21, F1-Score: 0.33, AUC: 0.57
Epoch [14/100] - [TRAIN] Loss: 0.6901, Accuracy: 56.79%, AUC: 0.56 [VAL] Loss: 0.6899, Accuracy: 57.25%, Precision: 0.72, Recall: 0.21, F1-Score: 0.33, AUC: 0.57
Epoch [15/100] - [TRAIN] Loss: 0.6914, Accuracy: 56.14%, AUC: 0.56 [VAL] Loss: 0.6912, Accuracy: 56.63%, Precision: 0.70, Recall: 0.21, F1-Score: 0.32, AUC: 0.56
Epoch [16/100] - [TRAIN] Loss: 0.6913, Accuracy: 56.55%, AUC: 0.56 [VAL] Loss: 0.6926, Accuracy: 57.30%, Precision: 0.70, Recall: 0.20, F1-Score: 0.31, AUC: 0.56
Epoch [17/100] - [TRAIN] Loss: 0.6895, Accuracy: 56.88%, AUC: 0.56 [VAL] Loss: 0.6925, Accuracy: 56.71%, Precision: 0.69, Recall: 0.20, F1-Score: 0.32, AUC: 0.56
Epoch [18/100] - [TRAIN] Loss: 0.6885, Accuracy: 56.80%, AUC: 0.56 [VAL] Loss: 0.6897, Accuracy: 56.70%, Precision: 0.70, Recall: 0.20, F1-Score: 0.32, AUC: 0.56
Epoch [19/100] - [TRAIN] Loss: 0.6902, Accuracy: 56.49%, AUC: 0.56 [VAL] Loss: 0.6922, Accuracy: 56.86%, Precision: 0.70, Recall: 0.20, F1-Score: 0.32, AUC: 0.56
Epoch [20/100] - [TRAIN] Loss: 0.6908, Accuracy: 56.67%, AUC: 0.56 [VAL] Loss: 0.6902, Accuracy: 56.92%, Precision: 0.71, Recall: 0.21, F1-Score: 0.32, AUC: 0.56
Epoch [21/100] - [TRAIN] Loss: 0.6898, Accuracy: 56.66%, AUC: 0.56 [VAL] Loss: 0.6879, Accuracy: 57.64%, Precision: 0.71, Recall: 0.21, F1-Score: 0.33, AUC: 0.57
Epoch [22/100] - [TRAIN] Loss: 0.6907, Accuracy: 56.65%, AUC: 0.56 [VAL] Loss: 0.6876, Accuracy: 57.70%, Precision: 0.73, Recall: 0.21, F1-Score: 0.32, AUC: 0.57
Epoch [23/100] - [TRAIN] Loss: 0.6904, Accuracy: 56.60%, AUC: 0.56 [VAL] Loss: 0.6915, Accuracy: 56.79%, Precision: 0.69, Recall: 0.20, F1-Score: 0.31, AUC: 0.56
Epoch [24/100] - [TRAIN] Loss: 0.6892, Accuracy: 56.59%, AUC: 0.56 [VAL] Loss: 0.6924, Accuracy: 56.67%, Precision: 0.70, Recall: 0.21, F1-Score: 0.32, AUC: 0.56
Epoch [25/100] - [TRAIN] Loss: 0.6879, Accuracy: 57.00%, AUC: 0.56 [VAL] Loss: 0.6893, Accuracy: 57.13%, Precision: 0.70, Recall: 0.21, F1-Score: 0.32, AUC: 0.56
Epoch [26/100] - [TRAIN] Loss: 0.6899, Accuracy: 56.64%, AUC: 0.56 [VAL] Loss: 0.6897, Accuracy: 57.09%, Precision: 0.72, Recall: 0.21, F1-Score: 0.33, AUC: 0.57
Epoch [27/100] - [TRAIN] Loss: 0.6914, Accuracy: 56.53%, AUC: 0.56 [VAL] Loss: 0.6927, Accuracy: 56.47%, Precision: 0.70, Recall: 0.20, F1-Score: 0.31, AUC: 0.56
Epoch [28/100] - [TRAIN] Loss: 0.6898, Accuracy: 56.67%, AUC: 0.56 [VAL] Loss: 0.6895, Accuracy: 57.86%, Precision: 0.70, Recall: 0.22, F1-Score: 0.33, AUC: 0.56
Epoch [29/100] - [TRAIN] Loss: 0.6900, Accuracy: 56.40%, AUC: 0.56 [VAL] Loss: 0.6879, Accuracy: 57.12%, Precision: 0.70, Recall: 0.21, F1-Score: 0.33, AUC: 0.56
Epoch [30/100] - [TRAIN] Loss: 0.6922, Accuracy: 56.39%, AUC: 0.56 [VAL] Loss: 0.6942, Accuracy: 56.77%, Precision: 0.69, Recall: 0.20, F1-Score: 0.31, AUC: 0.56
Epoch [31/100] - [TRAIN] Loss: 0.6898, Accuracy: 56.69%, AUC: 0.56 [VAL] Loss: 0.6929, Accuracy: 56.37%, Precision: 0.70, Recall: 0.21, F1-Score: 0.32, AUC: 0.56
Epoch [32/100] - [TRAIN] Loss: 0.6892, Accuracy: 56.88%, AUC: 0.56 [VAL] Loss: 0.6878, Accuracy: 56.75%, Precision: 0.71, Recall: 0.21, F1-Score: 0.33, AUC: 0.56
Epoch [33/100] - [TRAIN] Loss: 0.6892, Accuracy: 56.61%, AUC: 0.56 [VAL] Loss: 0.6882, Accuracy: 57.27%, Precision: 0.70, Recall: 0.21, F1-Score: 0.32, AUC: 0.56
Epoch [34/100] - [TRAIN] Loss: 0.6902, Accuracy: 56.47%, AUC: 0.56 [VAL] Loss: 0.6925, Accuracy: 56.87%, Precision: 0.70, Recall: 0.20, F1-Score: 0.32, AUC: 0.56
Epoch [35/100] - [TRAIN] Loss: 0.6901, Accuracy: 56.65%, AUC: 0.56 [VAL] Loss: 0.6907, Accuracy: 56.66%, Precision: 0.72, Recall: 0.21, F1-Score: 0.32, AUC: 0.56
Epoch [36/100] - [TRAIN] Loss: 0.6903, Accuracy: 56.48%, AUC: 0.56 [VAL] Loss: 0.6930, Accuracy: 56.69%, Precision: 0.70, Recall: 0.20, F1-Score: 0.32, AUC: 0.56
Epoch [37/100] - [TRAIN] Loss: 0.6897, Accuracy: 56.49%, AUC: 0.56 [VAL] Loss: 0.6941, Accuracy: 56.39%, Precision: 0.68, Recall: 0.21, F1-Score: 0.32, AUC: 0.56
Epoch [38/100] - [TRAIN] Loss: 0.6897, Accuracy: 56.76%, AUC: 0.56 [VAL] Loss: 0.6922, Accuracy: 57.43%, Precision: 0.70, Recall: 0.21, F1-Score: 0.33, AUC: 0.56
Epoch [39/100] - [TRAIN] Loss: 0.6896, Accuracy: 56.79%, AUC: 0.56 [VAL] Loss: 0.6914, Accuracy: 57.62%, Precision: 0.69, Recall: 0.21, F1-Score: 0.32, AUC: 0.56
Epoch [40/100] - [TRAIN] Loss: 0.6893, Accuracy: 56.61%, AUC: 0.56 [VAL] Loss: 0.6880, Accuracy: 57.08%, Precision: 0.70, Recall: 0.21, F1-Score: 0.33, AUC: 0.56
Epoch [41/100] - [TRAIN] Loss: 0.6898, Accuracy: 56.88%, AUC: 0.56 [VAL] Loss: 0.6900, Accuracy: 56.94%, Precision: 0.69, Recall: 0.20, F1-Score: 0.31, AUC: 0.56
Epoch [42/100] - [TRAIN] Loss: 0.6910, Accuracy: 56.86%, AUC: 0.56 [VAL] Loss: 0.6935, Accuracy: 56.85%, Precision: 0.69, Recall: 0.21, F1-Score: 0.32, AUC: 0.56
Epoch [43/100] - [TRAIN] Loss: 0.6912, Accuracy: 56.58%, AUC: 0.56 [VAL] Loss: 0.6916, Accuracy: 56.91%, Precision: 0.69, Recall: 0.21, F1-Score: 0.32, AUC: 0.56
Epoch [44/100] - [TRAIN] Loss: 0.6904, Accuracy: 56.52%, AUC: 0.56 [VAL] Loss: 0.6877, Accuracy: 57.05%, Precision: 0.68, Recall: 0.21, F1-Score: 0.32, AUC: 0.56
Epoch [45/100] - [TRAIN] Loss: 0.6896, Accuracy: 56.62%, AUC: 0.56 [VAL] Loss: 0.6900, Accuracy: 56.94%, Precision: 0.72, Recall: 0.21, F1-Score: 0.33, AUC: 0.57
Epoch [46/100] - [TRAIN] Loss: 0.6897, Accuracy: 56.83%, AUC: 0.56 [VAL] Loss: 0.6865, Accuracy: 57.63%, Precision: 0.73, Recall: 0.22, F1-Score: 0.34, AUC: 0.57
Epoch [47/100] - [TRAIN] Loss: 0.6889, Accuracy: 56.86%, AUC: 0.56 [VAL] Loss: 0.6914, Accuracy: 57.16%, Precision: 0.71, Recall: 0.21, F1-Score: 0.33, AUC: 0.57
Epoch [48/100] - [TRAIN] Loss: 0.6902, Accuracy: 56.84%, AUC: 0.56 [VAL] Loss: 0.6926, Accuracy: 56.34%, Precision: 0.69, Recall: 0.20, F1-Score: 0.31, AUC: 0.56
Epoch [49/100] - [TRAIN] Loss: 0.6904, Accuracy: 56.78%, AUC: 0.56 [VAL] Loss: 0.6913, Accuracy: 57.01%, Precision: 0.71, Recall: 0.20, F1-Score: 0.32, AUC: 0.56
Epoch [50/100] - [TRAIN] Loss: 0.6899, Accuracy: 56.71%, AUC: 0.56 [VAL] Loss: 0.6878, Accuracy: 57.38%, Precision: 0.68, Recall: 0.21, F1-Score: 0.32, AUC: 0.56
Epoch [51/100] - [TRAIN] Loss: 0.6884, Accuracy: 56.91%, AUC: 0.56 [VAL] Loss: 0.6903, Accuracy: 56.69%, Precision: 0.70, Recall: 0.21, F1-Score: 0.32, AUC: 0.56
Epoch [52/100] - [TRAIN] Loss: 0.6902, Accuracy: 56.59%, AUC: 0.56 [VAL] Loss: 0.6926, Accuracy: 56.95%, Precision: 0.69, Recall: 0.20, F1-Score: 0.31, AUC: 0.56
Epoch [53/100] - [TRAIN] Loss: 0.6903, Accuracy: 56.59%, AUC: 0.56 [VAL] Loss: 0.6881, Accuracy: 56.77%, Precision: 0.70, Recall: 0.20, F1-Score: 0.32, AUC: 0.56
Epoch [54/100] - [TRAIN] Loss: 0.6899, Accuracy: 56.80%, AUC: 0.56 [VAL] Loss: 0.6918, Accuracy: 56.09%, Precision: 0.71, Recall: 0.20, F1-Score: 0.31, AUC: 0.56
Epoch [55/100] - [TRAIN] Loss: 0.6910, Accuracy: 56.56%, AUC: 0.56 [VAL] Loss: 0.6896, Accuracy: 57.74%, Precision: 0.70, Recall: 0.21, F1-Score: 0.33, AUC: 0.56
Epoch [56/100] - [TRAIN] Loss: 0.6887, Accuracy: 56.53%, AUC: 0.56 [VAL] Loss: 0.6894, Accuracy: 56.51%, Precision: 0.69, Recall: 0.21, F1-Score: 0.32, AUC: 0.56
Epoch [57/100] - [TRAIN] Loss: 0.6912, Accuracy: 56.53%, AUC: 0.56 [VAL] Loss: 0.6908, Accuracy: 56.78%, Precision: 0.70, Recall: 0.19, F1-Score: 0.30, AUC: 0.56
Epoch [58/100] - [TRAIN] Loss: 0.6905, Accuracy: 56.49%, AUC: 0.56 [VAL] Loss: 0.6894, Accuracy: 58.26%, Precision: 0.71, Recall: 0.21, F1-Score: 0.33, AUC: 0.57
Epoch [59/100] - [TRAIN] Loss: 0.6907, Accuracy: 56.65%, AUC: 0.56 [VAL] Loss: 0.6936, Accuracy: 56.31%, Precision: 0.71, Recall: 0.20, F1-Score: 0.31, AUC: 0.56
Epoch [60/100] - [TRAIN] Loss: 0.6900, Accuracy: 56.64%, AUC: 0.56 [VAL] Loss: 0.6870, Accuracy: 56.69%, Precision: 0.70, Recall: 0.20, F1-Score: 0.32, AUC: 0.56
Epoch [61/100] - [TRAIN] Loss: 0.6892, Accuracy: 56.57%, AUC: 0.56 [VAL] Loss: 0.6937, Accuracy: 57.01%, Precision: 0.71, Recall: 0.21, F1-Score: 0.32, AUC: 0.56
Epoch [62/100] - [TRAIN] Loss: 0.6888, Accuracy: 56.95%, AUC: 0.56 [VAL] Loss: 0.6895, Accuracy: 57.12%, Precision: 0.70, Recall: 0.20, F1-Score: 0.31, AUC: 0.56
Epoch [63/100] - [TRAIN] Loss: 0.6900, Accuracy: 56.70%, AUC: 0.56 [VAL] Loss: 0.6879, Accuracy: 57.28%, Precision: 0.72, Recall: 0.22, F1-Score: 0.33, AUC: 0.57
Epoch [64/100] - [TRAIN] Loss: 0.6896, Accuracy: 56.71%, AUC: 0.56 [VAL] Loss: 0.6910, Accuracy: 56.40%, Precision: 0.72, Recall: 0.20, F1-Score: 0.32, AUC: 0.56
Epoch [65/100] - [TRAIN] Loss: 0.6915, Accuracy: 56.48%, AUC: 0.56 [VAL] Loss: 0.6922, Accuracy: 57.01%, Precision: 0.70, Recall: 0.20, F1-Score: 0.31, AUC: 0.56
Epoch [66/100] - [TRAIN] Loss: 0.6904, Accuracy: 56.46%, AUC: 0.56 [VAL] Loss: 0.6893, Accuracy: 56.71%, Precision: 0.71, Recall: 0.20, F1-Score: 0.31, AUC: 0.56
Epoch [67/100] - [TRAIN] Loss: 0.6890, Accuracy: 56.82%, AUC: 0.56 [VAL] Loss: 0.6923, Accuracy: 56.95%, Precision: 0.70, Recall: 0.21, F1-Score: 0.32, AUC: 0.56
Epoch [68/100] - [TRAIN] Loss: 0.6910, Accuracy: 56.55%, AUC: 0.56 [VAL] Loss: 0.6916, Accuracy: 57.24%, Precision: 0.70, Recall: 0.20, F1-Score: 0.32, AUC: 0.56
Epoch [69/100] - [TRAIN] Loss: 0.6900, Accuracy: 56.37%, AUC: 0.56 [VAL] Loss: 0.6903, Accuracy: 56.39%, Precision: 0.71, Recall: 0.21, F1-Score: 0.32, AUC: 0.56
Epoch [70/100] - [TRAIN] Loss: 0.6887, Accuracy: 56.87%, AUC: 0.56 [VAL] Loss: 0.6896, Accuracy: 58.33%, Precision: 0.70, Recall: 0.21, F1-Score: 0.33, AUC: 0.57
Epoch [71/100] - [TRAIN] Loss: 0.6908, Accuracy: 56.62%, AUC: 0.56 [VAL] Loss: 0.6911, Accuracy: 57.35%, Precision: 0.72, Recall: 0.21, F1-Score: 0.33, AUC: 0.57
Epoch [72/100] - [TRAIN] Loss: 0.6890, Accuracy: 56.62%, AUC: 0.56 [VAL] Loss: 0.6901, Accuracy: 57.28%, Precision: 0.71, Recall: 0.20, F1-Score: 0.32, AUC: 0.56
Epoch [73/100] - [TRAIN] Loss: 0.6904, Accuracy: 56.76%, AUC: 0.56 [VAL] Loss: 0.6909, Accuracy: 57.36%, Precision: 0.70, Recall: 0.21, F1-Score: 0.32, AUC: 0.56
Epoch [74/100] - [TRAIN] Loss: 0.6884, Accuracy: 57.00%, AUC: 0.57 [VAL] Loss: 0.6927, Accuracy: 56.42%, Precision: 0.70, Recall: 0.19, F1-Score: 0.30, AUC: 0.56
Epoch [75/100] - [TRAIN] Loss: 0.6895, Accuracy: 56.80%, AUC: 0.56 [VAL] Loss: 0.6898, Accuracy: 57.28%, Precision: 0.72, Recall: 0.21, F1-Score: 0.32, AUC: 0.56
Epoch [76/100] - [TRAIN] Loss: 0.6888, Accuracy: 56.67%, AUC: 0.56 [VAL] Loss: 0.6909, Accuracy: 56.71%, Precision: 0.69, Recall: 0.21, F1-Score: 0.32, AUC: 0.56
Epoch [77/100] - [TRAIN] Loss: 0.6917, Accuracy: 56.86%, AUC: 0.56 [VAL] Loss: 0.6892, Accuracy: 56.48%, Precision: 0.70, Recall: 0.20, F1-Score: 0.32, AUC: 0.56
Epoch [78/100] - [TRAIN] Loss: 0.6892, Accuracy: 56.81%, AUC: 0.56 [VAL] Loss: 0.6876, Accuracy: 57.13%, Precision: 0.72, Recall: 0.21, F1-Score: 0.33, AUC: 0.57
Epoch [79/100] - [TRAIN] Loss: 0.6900, Accuracy: 56.89%, AUC: 0.56 [VAL] Loss: 0.6910, Accuracy: 56.90%, Precision: 0.70, Recall: 0.21, F1-Score: 0.32, AUC: 0.56
Epoch [80/100] - [TRAIN] Loss: 0.6889, Accuracy: 56.73%, AUC: 0.56 [VAL] Loss: 0.6903, Accuracy: 56.24%, Precision: 0.70, Recall: 0.21, F1-Score: 0.32, AUC: 0.56
Epoch [81/100] - [TRAIN] Loss: 0.6897, Accuracy: 56.92%, AUC: 0.56 [VAL] Loss: 0.6926, Accuracy: 56.62%, Precision: 0.71, Recall: 0.21, F1-Score: 0.32, AUC: 0.56
Epoch [82/100] - [TRAIN] Loss: 0.6907, Accuracy: 56.42%, AUC: 0.56 [VAL] Loss: 0.6923, Accuracy: 56.71%, Precision: 0.68, Recall: 0.20, F1-Score: 0.31, AUC: 0.56
Epoch [83/100] - [TRAIN] Loss: 0.6905, Accuracy: 56.39%, AUC: 0.56 [VAL] Loss: 0.6926, Accuracy: 56.27%, Precision: 0.69, Recall: 0.20, F1-Score: 0.31, AUC: 0.56
Epoch [84/100] - [TRAIN] Loss: 0.6896, Accuracy: 56.69%, AUC: 0.56 [VAL] Loss: 0.6923, Accuracy: 56.97%, Precision: 0.70, Recall: 0.20, F1-Score: 0.31, AUC: 0.56
Epoch [85/100] - [TRAIN] Loss: 0.6899, Accuracy: 57.01%, AUC: 0.56 [VAL] Loss: 0.6890, Accuracy: 56.48%, Precision: 0.71, Recall: 0.21, F1-Score: 0.32, AUC: 0.56
Epoch [86/100] - [TRAIN] Loss: 0.6901, Accuracy: 56.59%, AUC: 0.56 [VAL] Loss: 0.6903, Accuracy: 56.72%, Precision: 0.71, Recall: 0.20, F1-Score: 0.31, AUC: 0.56
Epoch [87/100] - [TRAIN] Loss: 0.6892, Accuracy: 56.91%, AUC: 0.56 [VAL] Loss: 0.6929, Accuracy: 56.34%, Precision: 0.71, Recall: 0.20, F1-Score: 0.31, AUC: 0.56
Epoch [88/100] - [TRAIN] Loss: 0.6897, Accuracy: 56.61%, AUC: 0.56 [VAL] Loss: 0.6904, Accuracy: 56.27%, Precision: 0.69, Recall: 0.20, F1-Score: 0.31, AUC: 0.56
Epoch [89/100] - [TRAIN] Loss: 0.6887, Accuracy: 56.61%, AUC: 0.56 [VAL] Loss: 0.6907, Accuracy: 56.45%, Precision: 0.71, Recall: 0.19, F1-Score: 0.31, AUC: 0.56
Epoch [90/100] - [TRAIN] Loss: 0.6896, Accuracy: 56.59%, AUC: 0.56 [VAL] Loss: 0.6923, Accuracy: 56.60%, Precision: 0.67, Recall: 0.20, F1-Score: 0.31, AUC: 0.55
Epoch [91/100] - [TRAIN] Loss: 0.6910, Accuracy: 56.67%, AUC: 0.56 [VAL] Loss: 0.6908, Accuracy: 57.28%, Precision: 0.73, Recall: 0.21, F1-Score: 0.33, AUC: 0.57
Epoch [92/100] - [TRAIN] Loss: 0.6903, Accuracy: 56.73%, AUC: 0.56 [VAL] Loss: 0.6921, Accuracy: 57.01%, Precision: 0.71, Recall: 0.20, F1-Score: 0.32, AUC: 0.56
Epoch [93/100] - [TRAIN] Loss: 0.6884, Accuracy: 56.89%, AUC: 0.56 [VAL] Loss: 0.6904, Accuracy: 56.76%, Precision: 0.71, Recall: 0.21, F1-Score: 0.32, AUC: 0.56
Epoch [94/100] - [TRAIN] Loss: 0.6905, Accuracy: 56.51%, AUC: 0.56 [VAL] Loss: 0.6855, Accuracy: 56.72%, Precision: 0.71, Recall: 0.20, F1-Score: 0.32, AUC: 0.56
Epoch [95/100] - [TRAIN] Loss: 0.6900, Accuracy: 56.63%, AUC: 0.56 [VAL] Loss: 0.6885, Accuracy: 57.56%, Precision: 0.72, Recall: 0.22, F1-Score: 0.33, AUC: 0.57
Epoch [96/100] - [TRAIN] Loss: 0.6899, Accuracy: 56.35%, AUC: 0.56 [VAL] Loss: 0.6887, Accuracy: 57.54%, Precision: 0.71, Recall: 0.21, F1-Score: 0.33, AUC: 0.56
Epoch [97/100] - [TRAIN] Loss: 0.6905, Accuracy: 56.70%, AUC: 0.56 [VAL] Loss: 0.6878, Accuracy: 57.75%, Precision: 0.72, Recall: 0.21, F1-Score: 0.32, AUC: 0.57
Epoch [98/100] - [TRAIN] Loss: 0.6897, Accuracy: 56.66%, AUC: 0.56 [VAL] Loss: 0.6901, Accuracy: 57.47%, Precision: 0.71, Recall: 0.21, F1-Score: 0.33, AUC: 0.56
Epoch [99/100] - [TRAIN] Loss: 0.6895, Accuracy: 56.86%, AUC: 0.56 [VAL] Loss: 0.6914, Accuracy: 56.93%, Precision: 0.71, Recall: 0.22, F1-Score: 0.33, AUC: 0.56
Epoch [100/100] - [TRAIN] Loss: 0.6890, Accuracy: 56.67%, AUC: 0.56 [VAL] Loss: 0.6911, Accuracy: 57.02%, Precision: 0.69, Recall: 0.21, F1-Score: 0.32, AUC: 0.56
Accuracy Score on test set: 56.48 %
    AUC Score on test set: 0.56
    Precision: 0.7068
    Recall: 0.2116
    F1-Score: 0.3257

    Detailed Classification Report:
                  precision    recall  f1-score   support

           0       0.54      0.91      0.68      5033
           1       0.71      0.21      0.33      4967

    accuracy                           0.56     10000
   macro avg       0.62      0.56      0.50     10000
weighted avg       0.62      0.56      0.50     10000


    Confusion Matrix:
    [[4597  436]
 [3916 1051]]
    
014-H3K27ac-H3K27me3
Epoch [1/100] - [TRAIN] Loss: 0.6095, Accuracy: 71.75%, AUC: 0.72 [VAL] Loss: 0.5595, Accuracy: 75.38%, Precision: 0.78, Recall: 0.69, F1-Score: 0.73, AUC: 0.75
Epoch [2/100] - [TRAIN] Loss: 0.5776, Accuracy: 73.61%, AUC: 0.73 [VAL] Loss: 0.5557, Accuracy: 74.53%, Precision: 0.76, Recall: 0.68, F1-Score: 0.72, AUC: 0.74
Epoch [3/100] - [TRAIN] Loss: 0.5660, Accuracy: 73.93%, AUC: 0.74 [VAL] Loss: 0.5510, Accuracy: 74.30%, Precision: 0.77, Recall: 0.68, F1-Score: 0.72, AUC: 0.74
Epoch [4/100] - [TRAIN] Loss: 0.5536, Accuracy: 74.31%, AUC: 0.74 [VAL] Loss: 0.5451, Accuracy: 74.34%, Precision: 0.78, Recall: 0.65, F1-Score: 0.71, AUC: 0.74
Epoch [5/100] - [TRAIN] Loss: 0.5552, Accuracy: 74.10%, AUC: 0.74 [VAL] Loss: 0.5473, Accuracy: 74.56%, Precision: 0.77, Recall: 0.69, F1-Score: 0.73, AUC: 0.74
Epoch [6/100] - [TRAIN] Loss: 0.5553, Accuracy: 73.87%, AUC: 0.74 [VAL] Loss: 0.5400, Accuracy: 74.98%, Precision: 0.77, Recall: 0.69, F1-Score: 0.73, AUC: 0.75
Epoch [7/100] - [TRAIN] Loss: 0.5538, Accuracy: 73.99%, AUC: 0.74 [VAL] Loss: 0.5406, Accuracy: 74.68%, Precision: 0.77, Recall: 0.69, F1-Score: 0.73, AUC: 0.75
Epoch [8/100] - [TRAIN] Loss: 0.5533, Accuracy: 73.75%, AUC: 0.74 [VAL] Loss: 0.5389, Accuracy: 74.53%, Precision: 0.78, Recall: 0.67, F1-Score: 0.72, AUC: 0.74
Epoch [9/100] - [TRAIN] Loss: 0.5445, Accuracy: 74.32%, AUC: 0.74 [VAL] Loss: 0.5308, Accuracy: 74.72%, Precision: 0.78, Recall: 0.68, F1-Score: 0.73, AUC: 0.75
Epoch [10/100] - [TRAIN] Loss: 0.5466, Accuracy: 74.14%, AUC: 0.74 [VAL] Loss: 0.5262, Accuracy: 75.48%, Precision: 0.78, Recall: 0.70, F1-Score: 0.74, AUC: 0.75
Epoch [11/100] - [TRAIN] Loss: 0.5475, Accuracy: 74.26%, AUC: 0.74 [VAL] Loss: 0.5305, Accuracy: 75.35%, Precision: 0.78, Recall: 0.69, F1-Score: 0.73, AUC: 0.75
Epoch [12/100] - [TRAIN] Loss: 0.5468, Accuracy: 74.28%, AUC: 0.74 [VAL] Loss: 0.5388, Accuracy: 75.67%, Precision: 0.78, Recall: 0.70, F1-Score: 0.74, AUC: 0.76
Epoch [13/100] - [TRAIN] Loss: 0.5397, Accuracy: 74.74%, AUC: 0.75 [VAL] Loss: 0.5290, Accuracy: 75.72%, Precision: 0.78, Recall: 0.70, F1-Score: 0.74, AUC: 0.76
Epoch [14/100] - [TRAIN] Loss: 0.5433, Accuracy: 74.41%, AUC: 0.74 [VAL] Loss: 0.5316, Accuracy: 74.82%, Precision: 0.77, Recall: 0.69, F1-Score: 0.73, AUC: 0.75
Epoch [15/100] - [TRAIN] Loss: 0.5465, Accuracy: 74.33%, AUC: 0.74 [VAL] Loss: 0.5297, Accuracy: 74.80%, Precision: 0.77, Recall: 0.68, F1-Score: 0.73, AUC: 0.75
Epoch [16/100] - [TRAIN] Loss: 0.5439, Accuracy: 74.10%, AUC: 0.74 [VAL] Loss: 0.5328, Accuracy: 75.14%, Precision: 0.78, Recall: 0.69, F1-Score: 0.73, AUC: 0.75
Epoch [17/100] - [TRAIN] Loss: 0.5439, Accuracy: 74.36%, AUC: 0.74 [VAL] Loss: 0.5418, Accuracy: 74.01%, Precision: 0.77, Recall: 0.67, F1-Score: 0.72, AUC: 0.74
Epoch [18/100] - [TRAIN] Loss: 0.5398, Accuracy: 74.44%, AUC: 0.74 [VAL] Loss: 0.5278, Accuracy: 75.19%, Precision: 0.78, Recall: 0.69, F1-Score: 0.73, AUC: 0.75
Epoch [19/100] - [TRAIN] Loss: 0.5428, Accuracy: 74.39%, AUC: 0.74 [VAL] Loss: 0.5338, Accuracy: 74.86%, Precision: 0.79, Recall: 0.68, F1-Score: 0.73, AUC: 0.75
Epoch [20/100] - [TRAIN] Loss: 0.5451, Accuracy: 74.39%, AUC: 0.74 [VAL] Loss: 0.5277, Accuracy: 75.24%, Precision: 0.78, Recall: 0.69, F1-Score: 0.73, AUC: 0.75
Epoch [21/100] - [TRAIN] Loss: 0.5401, Accuracy: 74.58%, AUC: 0.74 [VAL] Loss: 0.5321, Accuracy: 75.10%, Precision: 0.77, Recall: 0.69, F1-Score: 0.73, AUC: 0.75
Epoch [22/100] - [TRAIN] Loss: 0.5426, Accuracy: 74.28%, AUC: 0.74 [VAL] Loss: 0.5355, Accuracy: 75.07%, Precision: 0.78, Recall: 0.69, F1-Score: 0.73, AUC: 0.75
Epoch [23/100] - [TRAIN] Loss: 0.5450, Accuracy: 74.30%, AUC: 0.74 [VAL] Loss: 0.5359, Accuracy: 74.97%, Precision: 0.77, Recall: 0.69, F1-Score: 0.73, AUC: 0.75
Epoch [24/100] - [TRAIN] Loss: 0.5445, Accuracy: 74.30%, AUC: 0.74 [VAL] Loss: 0.5277, Accuracy: 75.18%, Precision: 0.78, Recall: 0.68, F1-Score: 0.73, AUC: 0.75
Epoch [25/100] - [TRAIN] Loss: 0.5412, Accuracy: 74.44%, AUC: 0.74 [VAL] Loss: 0.5376, Accuracy: 73.89%, Precision: 0.76, Recall: 0.68, F1-Score: 0.72, AUC: 0.74
Epoch [26/100] - [TRAIN] Loss: 0.5419, Accuracy: 74.40%, AUC: 0.74 [VAL] Loss: 0.5333, Accuracy: 74.70%, Precision: 0.77, Recall: 0.67, F1-Score: 0.72, AUC: 0.74
Epoch [27/100] - [TRAIN] Loss: 0.5400, Accuracy: 74.65%, AUC: 0.75 [VAL] Loss: 0.5343, Accuracy: 74.35%, Precision: 0.77, Recall: 0.67, F1-Score: 0.72, AUC: 0.74
Epoch [28/100] - [TRAIN] Loss: 0.5429, Accuracy: 74.36%, AUC: 0.74 [VAL] Loss: 0.5388, Accuracy: 74.67%, Precision: 0.77, Recall: 0.68, F1-Score: 0.72, AUC: 0.74
Epoch [29/100] - [TRAIN] Loss: 0.5426, Accuracy: 74.48%, AUC: 0.74 [VAL] Loss: 0.5270, Accuracy: 75.25%, Precision: 0.79, Recall: 0.69, F1-Score: 0.74, AUC: 0.75
Epoch [30/100] - [TRAIN] Loss: 0.5427, Accuracy: 74.39%, AUC: 0.74 [VAL] Loss: 0.5184, Accuracy: 76.32%, Precision: 0.78, Recall: 0.70, F1-Score: 0.74, AUC: 0.76
Epoch [31/100] - [TRAIN] Loss: 0.5436, Accuracy: 74.38%, AUC: 0.74 [VAL] Loss: 0.5257, Accuracy: 75.51%, Precision: 0.78, Recall: 0.70, F1-Score: 0.73, AUC: 0.75
Epoch [32/100] - [TRAIN] Loss: 0.5384, Accuracy: 74.63%, AUC: 0.75 [VAL] Loss: 0.5306, Accuracy: 75.34%, Precision: 0.78, Recall: 0.69, F1-Score: 0.73, AUC: 0.75
Epoch [33/100] - [TRAIN] Loss: 0.5390, Accuracy: 74.73%, AUC: 0.75 [VAL] Loss: 0.5306, Accuracy: 75.60%, Precision: 0.79, Recall: 0.69, F1-Score: 0.73, AUC: 0.75
Epoch [34/100] - [TRAIN] Loss: 0.5442, Accuracy: 74.19%, AUC: 0.74 [VAL] Loss: 0.5263, Accuracy: 75.16%, Precision: 0.78, Recall: 0.68, F1-Score: 0.73, AUC: 0.75
Epoch [35/100] - [TRAIN] Loss: 0.5432, Accuracy: 74.56%, AUC: 0.74 [VAL] Loss: 0.5381, Accuracy: 74.46%, Precision: 0.76, Recall: 0.67, F1-Score: 0.71, AUC: 0.74
Epoch [36/100] - [TRAIN] Loss: 0.5427, Accuracy: 74.23%, AUC: 0.74 [VAL] Loss: 0.5346, Accuracy: 74.93%, Precision: 0.77, Recall: 0.69, F1-Score: 0.73, AUC: 0.75
Epoch [37/100] - [TRAIN] Loss: 0.5419, Accuracy: 74.41%, AUC: 0.74 [VAL] Loss: 0.5323, Accuracy: 75.46%, Precision: 0.78, Recall: 0.69, F1-Score: 0.73, AUC: 0.75
Epoch [38/100] - [TRAIN] Loss: 0.5407, Accuracy: 74.49%, AUC: 0.74 [VAL] Loss: 0.5365, Accuracy: 74.95%, Precision: 0.77, Recall: 0.67, F1-Score: 0.72, AUC: 0.75
Epoch [39/100] - [TRAIN] Loss: 0.5435, Accuracy: 74.31%, AUC: 0.74 [VAL] Loss: 0.5407, Accuracy: 74.90%, Precision: 0.77, Recall: 0.69, F1-Score: 0.73, AUC: 0.75
Epoch [40/100] - [TRAIN] Loss: 0.5434, Accuracy: 74.36%, AUC: 0.74 [VAL] Loss: 0.5270, Accuracy: 75.60%, Precision: 0.79, Recall: 0.69, F1-Score: 0.74, AUC: 0.75
Epoch [41/100] - [TRAIN] Loss: 0.5402, Accuracy: 74.34%, AUC: 0.74 [VAL] Loss: 0.5291, Accuracy: 75.28%, Precision: 0.77, Recall: 0.69, F1-Score: 0.73, AUC: 0.75
Epoch [42/100] - [TRAIN] Loss: 0.5399, Accuracy: 74.53%, AUC: 0.74 [VAL] Loss: 0.5270, Accuracy: 75.09%, Precision: 0.78, Recall: 0.69, F1-Score: 0.73, AUC: 0.75
Epoch [43/100] - [TRAIN] Loss: 0.5430, Accuracy: 74.16%, AUC: 0.74 [VAL] Loss: 0.5284, Accuracy: 75.61%, Precision: 0.78, Recall: 0.70, F1-Score: 0.74, AUC: 0.75
Epoch [44/100] - [TRAIN] Loss: 0.5429, Accuracy: 74.21%, AUC: 0.74 [VAL] Loss: 0.5353, Accuracy: 75.27%, Precision: 0.79, Recall: 0.68, F1-Score: 0.73, AUC: 0.75
Epoch [45/100] - [TRAIN] Loss: 0.5433, Accuracy: 74.41%, AUC: 0.74 [VAL] Loss: 0.5308, Accuracy: 75.61%, Precision: 0.78, Recall: 0.70, F1-Score: 0.73, AUC: 0.75
Epoch [46/100] - [TRAIN] Loss: 0.5399, Accuracy: 74.54%, AUC: 0.74 [VAL] Loss: 0.5222, Accuracy: 75.85%, Precision: 0.78, Recall: 0.70, F1-Score: 0.74, AUC: 0.76
Epoch [47/100] - [TRAIN] Loss: 0.5434, Accuracy: 74.59%, AUC: 0.74 [VAL] Loss: 0.5353, Accuracy: 75.13%, Precision: 0.77, Recall: 0.69, F1-Score: 0.73, AUC: 0.75
Epoch [48/100] - [TRAIN] Loss: 0.5412, Accuracy: 74.32%, AUC: 0.74 [VAL] Loss: 0.5257, Accuracy: 75.64%, Precision: 0.78, Recall: 0.69, F1-Score: 0.73, AUC: 0.75
Epoch [49/100] - [TRAIN] Loss: 0.5401, Accuracy: 74.46%, AUC: 0.74 [VAL] Loss: 0.5351, Accuracy: 74.70%, Precision: 0.76, Recall: 0.69, F1-Score: 0.72, AUC: 0.74
Epoch [50/100] - [TRAIN] Loss: 0.5403, Accuracy: 74.43%, AUC: 0.74 [VAL] Loss: 0.5375, Accuracy: 75.02%, Precision: 0.77, Recall: 0.69, F1-Score: 0.73, AUC: 0.75
Epoch [51/100] - [TRAIN] Loss: 0.5424, Accuracy: 74.31%, AUC: 0.74 [VAL] Loss: 0.5345, Accuracy: 74.76%, Precision: 0.78, Recall: 0.68, F1-Score: 0.73, AUC: 0.75
Epoch [52/100] - [TRAIN] Loss: 0.5431, Accuracy: 74.27%, AUC: 0.74 [VAL] Loss: 0.5322, Accuracy: 74.74%, Precision: 0.76, Recall: 0.68, F1-Score: 0.72, AUC: 0.74
Epoch [53/100] - [TRAIN] Loss: 0.5432, Accuracy: 74.47%, AUC: 0.74 [VAL] Loss: 0.5254, Accuracy: 75.28%, Precision: 0.77, Recall: 0.69, F1-Score: 0.73, AUC: 0.75
Epoch [54/100] - [TRAIN] Loss: 0.5462, Accuracy: 73.94%, AUC: 0.74 [VAL] Loss: 0.5382, Accuracy: 74.70%, Precision: 0.76, Recall: 0.68, F1-Score: 0.72, AUC: 0.74
Epoch [55/100] - [TRAIN] Loss: 0.5452, Accuracy: 74.52%, AUC: 0.74 [VAL] Loss: 0.5290, Accuracy: 74.97%, Precision: 0.78, Recall: 0.68, F1-Score: 0.73, AUC: 0.75
Epoch [56/100] - [TRAIN] Loss: 0.5452, Accuracy: 74.18%, AUC: 0.74 [VAL] Loss: 0.5252, Accuracy: 75.78%, Precision: 0.78, Recall: 0.70, F1-Score: 0.74, AUC: 0.76
Epoch [57/100] - [TRAIN] Loss: 0.5423, Accuracy: 74.22%, AUC: 0.74 [VAL] Loss: 0.5263, Accuracy: 75.55%, Precision: 0.78, Recall: 0.70, F1-Score: 0.74, AUC: 0.75
Epoch [58/100] - [TRAIN] Loss: 0.5447, Accuracy: 74.33%, AUC: 0.74 [VAL] Loss: 0.5391, Accuracy: 73.73%, Precision: 0.77, Recall: 0.67, F1-Score: 0.72, AUC: 0.74
Epoch [59/100] - [TRAIN] Loss: 0.5423, Accuracy: 74.46%, AUC: 0.74 [VAL] Loss: 0.5325, Accuracy: 75.09%, Precision: 0.77, Recall: 0.69, F1-Score: 0.73, AUC: 0.75
Epoch [60/100] - [TRAIN] Loss: 0.5410, Accuracy: 74.45%, AUC: 0.74 [VAL] Loss: 0.5303, Accuracy: 75.36%, Precision: 0.77, Recall: 0.69, F1-Score: 0.73, AUC: 0.75
Epoch [61/100] - [TRAIN] Loss: 0.5445, Accuracy: 74.34%, AUC: 0.74 [VAL] Loss: 0.5309, Accuracy: 75.75%, Precision: 0.79, Recall: 0.69, F1-Score: 0.74, AUC: 0.76
Epoch [62/100] - [TRAIN] Loss: 0.5439, Accuracy: 74.28%, AUC: 0.74 [VAL] Loss: 0.5403, Accuracy: 74.35%, Precision: 0.77, Recall: 0.68, F1-Score: 0.72, AUC: 0.74
Epoch [63/100] - [TRAIN] Loss: 0.5428, Accuracy: 74.39%, AUC: 0.74 [VAL] Loss: 0.5246, Accuracy: 75.47%, Precision: 0.79, Recall: 0.68, F1-Score: 0.73, AUC: 0.75
Epoch [64/100] - [TRAIN] Loss: 0.5448, Accuracy: 74.22%, AUC: 0.74 [VAL] Loss: 0.5337, Accuracy: 75.17%, Precision: 0.78, Recall: 0.69, F1-Score: 0.73, AUC: 0.75
Epoch [65/100] - [TRAIN] Loss: 0.5430, Accuracy: 74.47%, AUC: 0.74 [VAL] Loss: 0.5254, Accuracy: 75.49%, Precision: 0.78, Recall: 0.69, F1-Score: 0.74, AUC: 0.75
Epoch [66/100] - [TRAIN] Loss: 0.5394, Accuracy: 74.80%, AUC: 0.75 [VAL] Loss: 0.5316, Accuracy: 75.16%, Precision: 0.77, Recall: 0.69, F1-Score: 0.73, AUC: 0.75
Epoch [67/100] - [TRAIN] Loss: 0.5421, Accuracy: 74.64%, AUC: 0.75 [VAL] Loss: 0.5341, Accuracy: 75.71%, Precision: 0.79, Recall: 0.69, F1-Score: 0.74, AUC: 0.76
Epoch [68/100] - [TRAIN] Loss: 0.5433, Accuracy: 74.35%, AUC: 0.74 [VAL] Loss: 0.5401, Accuracy: 75.25%, Precision: 0.79, Recall: 0.68, F1-Score: 0.73, AUC: 0.75
Epoch [69/100] - [TRAIN] Loss: 0.5417, Accuracy: 74.58%, AUC: 0.74 [VAL] Loss: 0.5270, Accuracy: 75.69%, Precision: 0.78, Recall: 0.69, F1-Score: 0.74, AUC: 0.76
Epoch [70/100] - [TRAIN] Loss: 0.5429, Accuracy: 74.48%, AUC: 0.74 [VAL] Loss: 0.5262, Accuracy: 75.70%, Precision: 0.77, Recall: 0.70, F1-Score: 0.73, AUC: 0.75
Epoch [71/100] - [TRAIN] Loss: 0.5425, Accuracy: 74.29%, AUC: 0.74 [VAL] Loss: 0.5331, Accuracy: 75.02%, Precision: 0.78, Recall: 0.68, F1-Score: 0.73, AUC: 0.75
Epoch [72/100] - [TRAIN] Loss: 0.5451, Accuracy: 74.25%, AUC: 0.74 [VAL] Loss: 0.5330, Accuracy: 75.35%, Precision: 0.78, Recall: 0.69, F1-Score: 0.73, AUC: 0.75
Epoch [73/100] - [TRAIN] Loss: 0.5459, Accuracy: 74.26%, AUC: 0.74 [VAL] Loss: 0.5335, Accuracy: 74.69%, Precision: 0.78, Recall: 0.68, F1-Score: 0.73, AUC: 0.75
Epoch [74/100] - [TRAIN] Loss: 0.5411, Accuracy: 74.35%, AUC: 0.74 [VAL] Loss: 0.5417, Accuracy: 74.80%, Precision: 0.77, Recall: 0.69, F1-Score: 0.73, AUC: 0.75
Epoch [75/100] - [TRAIN] Loss: 0.5446, Accuracy: 74.36%, AUC: 0.74 [VAL] Loss: 0.5396, Accuracy: 74.71%, Precision: 0.77, Recall: 0.69, F1-Score: 0.73, AUC: 0.75
Epoch [76/100] - [TRAIN] Loss: 0.5411, Accuracy: 74.53%, AUC: 0.74 [VAL] Loss: 0.5276, Accuracy: 75.17%, Precision: 0.79, Recall: 0.69, F1-Score: 0.73, AUC: 0.75
Epoch [77/100] - [TRAIN] Loss: 0.5418, Accuracy: 74.63%, AUC: 0.75 [VAL] Loss: 0.5261, Accuracy: 75.67%, Precision: 0.78, Recall: 0.70, F1-Score: 0.73, AUC: 0.75
Epoch [78/100] - [TRAIN] Loss: 0.5412, Accuracy: 74.64%, AUC: 0.75 [VAL] Loss: 0.5335, Accuracy: 75.16%, Precision: 0.78, Recall: 0.68, F1-Score: 0.73, AUC: 0.75
Epoch [79/100] - [TRAIN] Loss: 0.5430, Accuracy: 74.36%, AUC: 0.74 [VAL] Loss: 0.5320, Accuracy: 75.08%, Precision: 0.78, Recall: 0.69, F1-Score: 0.73, AUC: 0.75
Epoch [80/100] - [TRAIN] Loss: 0.5469, Accuracy: 74.06%, AUC: 0.74 [VAL] Loss: 0.5247, Accuracy: 74.96%, Precision: 0.77, Recall: 0.69, F1-Score: 0.73, AUC: 0.75
Epoch [81/100] - [TRAIN] Loss: 0.5475, Accuracy: 74.09%, AUC: 0.74 [VAL] Loss: 0.5377, Accuracy: 75.37%, Precision: 0.78, Recall: 0.68, F1-Score: 0.73, AUC: 0.75
Epoch [82/100] - [TRAIN] Loss: 0.5424, Accuracy: 74.38%, AUC: 0.74 [VAL] Loss: 0.5354, Accuracy: 75.07%, Precision: 0.77, Recall: 0.69, F1-Score: 0.73, AUC: 0.75
Epoch [83/100] - [TRAIN] Loss: 0.5406, Accuracy: 74.55%, AUC: 0.74 [VAL] Loss: 0.5273, Accuracy: 75.80%, Precision: 0.78, Recall: 0.69, F1-Score: 0.74, AUC: 0.76
Epoch [84/100] - [TRAIN] Loss: 0.5460, Accuracy: 74.20%, AUC: 0.74 [VAL] Loss: 0.5340, Accuracy: 75.30%, Precision: 0.77, Recall: 0.70, F1-Score: 0.73, AUC: 0.75
Epoch [85/100] - [TRAIN] Loss: 0.5411, Accuracy: 74.41%, AUC: 0.74 [VAL] Loss: 0.5304, Accuracy: 75.25%, Precision: 0.77, Recall: 0.69, F1-Score: 0.73, AUC: 0.75
Epoch [86/100] - [TRAIN] Loss: 0.5418, Accuracy: 74.69%, AUC: 0.75 [VAL] Loss: 0.5336, Accuracy: 74.69%, Precision: 0.77, Recall: 0.68, F1-Score: 0.72, AUC: 0.75
Epoch [87/100] - [TRAIN] Loss: 0.5437, Accuracy: 74.21%, AUC: 0.74 [VAL] Loss: 0.5385, Accuracy: 74.60%, Precision: 0.77, Recall: 0.69, F1-Score: 0.73, AUC: 0.74
Epoch [88/100] - [TRAIN] Loss: 0.5426, Accuracy: 74.59%, AUC: 0.74 [VAL] Loss: 0.5320, Accuracy: 75.10%, Precision: 0.78, Recall: 0.69, F1-Score: 0.73, AUC: 0.75
Epoch [89/100] - [TRAIN] Loss: 0.5416, Accuracy: 74.34%, AUC: 0.74 [VAL] Loss: 0.5316, Accuracy: 75.25%, Precision: 0.77, Recall: 0.70, F1-Score: 0.73, AUC: 0.75
Epoch [90/100] - [TRAIN] Loss: 0.5403, Accuracy: 74.70%, AUC: 0.75 [VAL] Loss: 0.5395, Accuracy: 74.96%, Precision: 0.78, Recall: 0.69, F1-Score: 0.73, AUC: 0.75
Epoch [91/100] - [TRAIN] Loss: 0.5419, Accuracy: 74.66%, AUC: 0.75 [VAL] Loss: 0.5346, Accuracy: 75.43%, Precision: 0.77, Recall: 0.70, F1-Score: 0.73, AUC: 0.75
Epoch [92/100] - [TRAIN] Loss: 0.5413, Accuracy: 74.37%, AUC: 0.74 [VAL] Loss: 0.5277, Accuracy: 74.96%, Precision: 0.78, Recall: 0.68, F1-Score: 0.72, AUC: 0.75
Epoch [93/100] - [TRAIN] Loss: 0.5431, Accuracy: 74.38%, AUC: 0.74 [VAL] Loss: 0.5224, Accuracy: 76.01%, Precision: 0.79, Recall: 0.70, F1-Score: 0.74, AUC: 0.76
Epoch [94/100] - [TRAIN] Loss: 0.5471, Accuracy: 74.11%, AUC: 0.74 [VAL] Loss: 0.5345, Accuracy: 75.04%, Precision: 0.77, Recall: 0.69, F1-Score: 0.73, AUC: 0.75
Epoch [95/100] - [TRAIN] Loss: 0.5462, Accuracy: 74.15%, AUC: 0.74 [VAL] Loss: 0.5341, Accuracy: 75.44%, Precision: 0.78, Recall: 0.69, F1-Score: 0.73, AUC: 0.75
Epoch [96/100] - [TRAIN] Loss: 0.5434, Accuracy: 74.40%, AUC: 0.74 [VAL] Loss: 0.5272, Accuracy: 75.78%, Precision: 0.78, Recall: 0.69, F1-Score: 0.73, AUC: 0.76
Epoch [97/100] - [TRAIN] Loss: 0.5442, Accuracy: 74.34%, AUC: 0.74 [VAL] Loss: 0.5385, Accuracy: 74.42%, Precision: 0.77, Recall: 0.69, F1-Score: 0.73, AUC: 0.74
Epoch [98/100] - [TRAIN] Loss: 0.5399, Accuracy: 74.59%, AUC: 0.74 [VAL] Loss: 0.5301, Accuracy: 75.14%, Precision: 0.78, Recall: 0.68, F1-Score: 0.73, AUC: 0.75
Epoch [99/100] - [TRAIN] Loss: 0.5426, Accuracy: 74.53%, AUC: 0.74 [VAL] Loss: 0.5305, Accuracy: 75.48%, Precision: 0.78, Recall: 0.69, F1-Score: 0.73, AUC: 0.75
Epoch [100/100] - [TRAIN] Loss: 0.5436, Accuracy: 74.28%, AUC: 0.74 [VAL] Loss: 0.5389, Accuracy: 74.85%, Precision: 0.77, Recall: 0.69, F1-Score: 0.72, AUC: 0.75
Accuracy Score on test set: 75.15 %
    AUC Score on test set: 0.75
    Precision: 0.7743
    Recall: 0.6886
    F1-Score: 0.7289

    Detailed Classification Report:
                  precision    recall  f1-score   support

           0       0.73      0.81      0.77      5148
           1       0.77      0.69      0.73      4852

    accuracy                           0.75     10000
   macro avg       0.75      0.75      0.75     10000
weighted avg       0.75      0.75      0.75     10000


    Confusion Matrix:
    [[4174  974]
 [1511 3341]]
    
Batch FINISHED!!!

Real-time duration: 8464.393322946 seconds
