Using device: cpu
Epoch [1/100] - [TRAIN] Loss: 0.5769, Accuracy: 70.32%, AUC: 0.70 [VAL] Loss: 0.5789, Accuracy: 70.16%, Precision: 0.70, Recall: 0.64, F1-Score: 0.67, AUC: 0.70
Epoch [2/100] - [TRAIN] Loss: 0.5641, Accuracy: 70.91%, AUC: 0.70 [VAL] Loss: 0.5773, Accuracy: 70.21%, Precision: 0.72, Recall: 0.60, F1-Score: 0.65, AUC: 0.70
Epoch [3/100] - [TRAIN] Loss: 0.5579, Accuracy: 71.29%, AUC: 0.71 [VAL] Loss: 0.5646, Accuracy: 71.45%, Precision: 0.74, Recall: 0.59, F1-Score: 0.66, AUC: 0.71
Epoch [4/100] - [TRAIN] Loss: 0.5553, Accuracy: 71.54%, AUC: 0.71 [VAL] Loss: 0.5728, Accuracy: 70.41%, Precision: 0.72, Recall: 0.61, F1-Score: 0.66, AUC: 0.70
Epoch [5/100] - [TRAIN] Loss: 0.5527, Accuracy: 71.55%, AUC: 0.71 [VAL] Loss: 0.5689, Accuracy: 70.86%, Precision: 0.74, Recall: 0.60, F1-Score: 0.66, AUC: 0.70
Epoch [6/100] - [TRAIN] Loss: 0.5495, Accuracy: 71.61%, AUC: 0.71 [VAL] Loss: 0.5753, Accuracy: 69.63%, Precision: 0.71, Recall: 0.61, F1-Score: 0.66, AUC: 0.69
Epoch [7/100] - [TRAIN] Loss: 0.5463, Accuracy: 71.84%, AUC: 0.71 [VAL] Loss: 0.5778, Accuracy: 69.89%, Precision: 0.70, Recall: 0.64, F1-Score: 0.67, AUC: 0.70
Epoch [8/100] - [TRAIN] Loss: 0.5501, Accuracy: 71.54%, AUC: 0.71 [VAL] Loss: 0.5742, Accuracy: 70.26%, Precision: 0.72, Recall: 0.61, F1-Score: 0.66, AUC: 0.70
Epoch [9/100] - [TRAIN] Loss: 0.5486, Accuracy: 71.73%, AUC: 0.71 [VAL] Loss: 0.5749, Accuracy: 70.12%, Precision: 0.72, Recall: 0.61, F1-Score: 0.66, AUC: 0.70
Epoch [10/100] - [TRAIN] Loss: 0.5441, Accuracy: 72.12%, AUC: 0.72 [VAL] Loss: 0.5749, Accuracy: 70.57%, Precision: 0.70, Recall: 0.65, F1-Score: 0.67, AUC: 0.70
Epoch [11/100] - [TRAIN] Loss: 0.5416, Accuracy: 72.07%, AUC: 0.72 [VAL] Loss: 0.5773, Accuracy: 70.15%, Precision: 0.72, Recall: 0.62, F1-Score: 0.66, AUC: 0.70
Epoch [12/100] - [TRAIN] Loss: 0.5414, Accuracy: 72.19%, AUC: 0.72 [VAL] Loss: 0.5674, Accuracy: 70.35%, Precision: 0.71, Recall: 0.64, F1-Score: 0.67, AUC: 0.70
Epoch [13/100] - [TRAIN] Loss: 0.5393, Accuracy: 72.38%, AUC: 0.72 [VAL] Loss: 0.5757, Accuracy: 70.39%, Precision: 0.72, Recall: 0.61, F1-Score: 0.66, AUC: 0.70
Epoch [14/100] - [TRAIN] Loss: 0.5369, Accuracy: 72.57%, AUC: 0.72 [VAL] Loss: 0.5683, Accuracy: 70.27%, Precision: 0.72, Recall: 0.60, F1-Score: 0.66, AUC: 0.70
Epoch [15/100] - [TRAIN] Loss: 0.5377, Accuracy: 72.56%, AUC: 0.72 [VAL] Loss: 0.5852, Accuracy: 69.85%, Precision: 0.70, Recall: 0.61, F1-Score: 0.66, AUC: 0.69
Epoch [16/100] - [TRAIN] Loss: 0.5349, Accuracy: 72.58%, AUC: 0.72 [VAL] Loss: 0.5725, Accuracy: 70.52%, Precision: 0.72, Recall: 0.60, F1-Score: 0.65, AUC: 0.70
Epoch [17/100] - [TRAIN] Loss: 0.5356, Accuracy: 72.69%, AUC: 0.72 [VAL] Loss: 0.5811, Accuracy: 70.49%, Precision: 0.73, Recall: 0.60, F1-Score: 0.66, AUC: 0.70
Epoch [18/100] - [TRAIN] Loss: 0.5333, Accuracy: 72.86%, AUC: 0.72 [VAL] Loss: 0.5726, Accuracy: 70.42%, Precision: 0.72, Recall: 0.62, F1-Score: 0.66, AUC: 0.70
Epoch [19/100] - [TRAIN] Loss: 0.5327, Accuracy: 72.75%, AUC: 0.72 [VAL] Loss: 0.5848, Accuracy: 70.35%, Precision: 0.70, Recall: 0.64, F1-Score: 0.67, AUC: 0.70
Epoch [20/100] - [TRAIN] Loss: 0.5323, Accuracy: 72.89%, AUC: 0.72 [VAL] Loss: 0.5818, Accuracy: 70.52%, Precision: 0.70, Recall: 0.64, F1-Score: 0.67, AUC: 0.70
Epoch [21/100] - [TRAIN] Loss: 0.5330, Accuracy: 73.00%, AUC: 0.73 [VAL] Loss: 0.5682, Accuracy: 70.98%, Precision: 0.73, Recall: 0.62, F1-Score: 0.67, AUC: 0.71
Epoch [22/100] - [TRAIN] Loss: 0.5299, Accuracy: 73.25%, AUC: 0.73 [VAL] Loss: 0.5813, Accuracy: 70.40%, Precision: 0.70, Recall: 0.66, F1-Score: 0.67, AUC: 0.70
Epoch [23/100] - [TRAIN] Loss: 0.5324, Accuracy: 72.89%, AUC: 0.72 [VAL] Loss: 0.5845, Accuracy: 70.15%, Precision: 0.71, Recall: 0.63, F1-Score: 0.67, AUC: 0.70
Epoch [24/100] - [TRAIN] Loss: 0.5272, Accuracy: 73.25%, AUC: 0.73 [VAL] Loss: 0.5863, Accuracy: 69.67%, Precision: 0.72, Recall: 0.60, F1-Score: 0.66, AUC: 0.69
Epoch [25/100] - [TRAIN] Loss: 0.5261, Accuracy: 73.36%, AUC: 0.73 [VAL] Loss: 0.5730, Accuracy: 70.74%, Precision: 0.73, Recall: 0.62, F1-Score: 0.67, AUC: 0.70
Epoch [26/100] - [TRAIN] Loss: 0.5297, Accuracy: 73.26%, AUC: 0.73 [VAL] Loss: 0.5870, Accuracy: 69.65%, Precision: 0.71, Recall: 0.62, F1-Score: 0.66, AUC: 0.69
Epoch [27/100] - [TRAIN] Loss: 0.5233, Accuracy: 73.71%, AUC: 0.73 [VAL] Loss: 0.5751, Accuracy: 70.47%, Precision: 0.73, Recall: 0.59, F1-Score: 0.65, AUC: 0.70
Epoch [28/100] - [TRAIN] Loss: 0.5250, Accuracy: 73.61%, AUC: 0.73 [VAL] Loss: 0.5727, Accuracy: 70.61%, Precision: 0.70, Recall: 0.67, F1-Score: 0.68, AUC: 0.70
Epoch [29/100] - [TRAIN] Loss: 0.5261, Accuracy: 73.48%, AUC: 0.73 [VAL] Loss: 0.5779, Accuracy: 70.50%, Precision: 0.74, Recall: 0.59, F1-Score: 0.66, AUC: 0.70
Epoch [30/100] - [TRAIN] Loss: 0.5247, Accuracy: 73.50%, AUC: 0.73 [VAL] Loss: 0.5800, Accuracy: 70.75%, Precision: 0.70, Recall: 0.66, F1-Score: 0.68, AUC: 0.70
Epoch [31/100] - [TRAIN] Loss: 0.5190, Accuracy: 73.96%, AUC: 0.74 [VAL] Loss: 0.5864, Accuracy: 70.56%, Precision: 0.70, Recall: 0.66, F1-Score: 0.68, AUC: 0.70
Epoch [32/100] - [TRAIN] Loss: 0.5224, Accuracy: 73.64%, AUC: 0.73 [VAL] Loss: 0.5854, Accuracy: 70.25%, Precision: 0.69, Recall: 0.67, F1-Score: 0.68, AUC: 0.70
Epoch [33/100] - [TRAIN] Loss: 0.5228, Accuracy: 73.73%, AUC: 0.73 [VAL] Loss: 0.5810, Accuracy: 70.42%, Precision: 0.71, Recall: 0.63, F1-Score: 0.67, AUC: 0.70
Epoch [34/100] - [TRAIN] Loss: 0.5204, Accuracy: 73.89%, AUC: 0.73 [VAL] Loss: 0.5791, Accuracy: 70.82%, Precision: 0.72, Recall: 0.62, F1-Score: 0.66, AUC: 0.70
Epoch [35/100] - [TRAIN] Loss: 0.5197, Accuracy: 73.93%, AUC: 0.73 [VAL] Loss: 0.5799, Accuracy: 70.12%, Precision: 0.70, Recall: 0.64, F1-Score: 0.67, AUC: 0.70
Epoch [36/100] - [TRAIN] Loss: 0.5197, Accuracy: 73.72%, AUC: 0.73 [VAL] Loss: 0.5842, Accuracy: 70.56%, Precision: 0.72, Recall: 0.61, F1-Score: 0.66, AUC: 0.70
Epoch [37/100] - [TRAIN] Loss: 0.5146, Accuracy: 74.14%, AUC: 0.74 [VAL] Loss: 0.5805, Accuracy: 70.38%, Precision: 0.72, Recall: 0.62, F1-Score: 0.67, AUC: 0.70
Epoch [38/100] - [TRAIN] Loss: 0.5169, Accuracy: 74.06%, AUC: 0.74 [VAL] Loss: 0.5967, Accuracy: 69.58%, Precision: 0.72, Recall: 0.60, F1-Score: 0.66, AUC: 0.69
Epoch [39/100] - [TRAIN] Loss: 0.5191, Accuracy: 74.09%, AUC: 0.74 [VAL] Loss: 0.5736, Accuracy: 70.90%, Precision: 0.73, Recall: 0.62, F1-Score: 0.67, AUC: 0.70
Epoch [40/100] - [TRAIN] Loss: 0.5172, Accuracy: 74.07%, AUC: 0.74 [VAL] Loss: 0.5929, Accuracy: 70.02%, Precision: 0.70, Recall: 0.62, F1-Score: 0.66, AUC: 0.69
Epoch [41/100] - [TRAIN] Loss: 0.5165, Accuracy: 74.34%, AUC: 0.74 [VAL] Loss: 0.5840, Accuracy: 70.19%, Precision: 0.72, Recall: 0.62, F1-Score: 0.66, AUC: 0.70
Epoch [42/100] - [TRAIN] Loss: 0.5167, Accuracy: 74.14%, AUC: 0.74 [VAL] Loss: 0.5778, Accuracy: 70.30%, Precision: 0.73, Recall: 0.60, F1-Score: 0.66, AUC: 0.70
Epoch [43/100] - [TRAIN] Loss: 0.5134, Accuracy: 74.47%, AUC: 0.74 [VAL] Loss: 0.5989, Accuracy: 69.39%, Precision: 0.71, Recall: 0.61, F1-Score: 0.65, AUC: 0.69
Epoch [44/100] - [TRAIN] Loss: 0.5165, Accuracy: 74.11%, AUC: 0.74 [VAL] Loss: 0.5833, Accuracy: 70.30%, Precision: 0.70, Recall: 0.64, F1-Score: 0.67, AUC: 0.70
Epoch [45/100] - [TRAIN] Loss: 0.5137, Accuracy: 74.32%, AUC: 0.74 [VAL] Loss: 0.5873, Accuracy: 69.98%, Precision: 0.70, Recall: 0.62, F1-Score: 0.66, AUC: 0.69
Epoch [46/100] - [TRAIN] Loss: 0.5106, Accuracy: 74.60%, AUC: 0.74 [VAL] Loss: 0.5771, Accuracy: 71.48%, Precision: 0.73, Recall: 0.62, F1-Score: 0.67, AUC: 0.71
Epoch [47/100] - [TRAIN] Loss: 0.5138, Accuracy: 74.30%, AUC: 0.74 [VAL] Loss: 0.5984, Accuracy: 70.02%, Precision: 0.70, Recall: 0.63, F1-Score: 0.66, AUC: 0.70
Epoch [48/100] - [TRAIN] Loss: 0.5155, Accuracy: 74.24%, AUC: 0.74 [VAL] Loss: 0.5803, Accuracy: 70.60%, Precision: 0.71, Recall: 0.64, F1-Score: 0.67, AUC: 0.70
Epoch [49/100] - [TRAIN] Loss: 0.5119, Accuracy: 74.31%, AUC: 0.74 [VAL] Loss: 0.5873, Accuracy: 70.13%, Precision: 0.72, Recall: 0.61, F1-Score: 0.66, AUC: 0.70
Epoch [50/100] - [TRAIN] Loss: 0.5103, Accuracy: 74.65%, AUC: 0.74 [VAL] Loss: 0.5817, Accuracy: 70.05%, Precision: 0.71, Recall: 0.62, F1-Score: 0.66, AUC: 0.70
Epoch [51/100] - [TRAIN] Loss: 0.5113, Accuracy: 74.55%, AUC: 0.74 [VAL] Loss: 0.5850, Accuracy: 69.82%, Precision: 0.71, Recall: 0.60, F1-Score: 0.65, AUC: 0.69
Epoch [52/100] - [TRAIN] Loss: 0.5092, Accuracy: 74.62%, AUC: 0.74 [VAL] Loss: 0.5780, Accuracy: 70.14%, Precision: 0.71, Recall: 0.62, F1-Score: 0.66, AUC: 0.70
Epoch [53/100] - [TRAIN] Loss: 0.5105, Accuracy: 74.63%, AUC: 0.74 [VAL] Loss: 0.5875, Accuracy: 70.06%, Precision: 0.70, Recall: 0.61, F1-Score: 0.66, AUC: 0.69
Epoch [54/100] - [TRAIN] Loss: 0.5097, Accuracy: 74.59%, AUC: 0.74 [VAL] Loss: 0.5810, Accuracy: 70.32%, Precision: 0.72, Recall: 0.63, F1-Score: 0.67, AUC: 0.70
Epoch [55/100] - [TRAIN] Loss: 0.5053, Accuracy: 75.11%, AUC: 0.75 [VAL] Loss: 0.5849, Accuracy: 70.29%, Precision: 0.70, Recall: 0.64, F1-Score: 0.67, AUC: 0.70
Epoch [56/100] - [TRAIN] Loss: 0.5097, Accuracy: 74.77%, AUC: 0.74 [VAL] Loss: 0.5784, Accuracy: 70.73%, Precision: 0.71, Recall: 0.63, F1-Score: 0.66, AUC: 0.70
Epoch [57/100] - [TRAIN] Loss: 0.5067, Accuracy: 74.85%, AUC: 0.74 [VAL] Loss: 0.6013, Accuracy: 69.71%, Precision: 0.72, Recall: 0.59, F1-Score: 0.65, AUC: 0.69
Epoch [58/100] - [TRAIN] Loss: 0.5061, Accuracy: 74.90%, AUC: 0.75 [VAL] Loss: 0.5916, Accuracy: 70.71%, Precision: 0.70, Recall: 0.65, F1-Score: 0.68, AUC: 0.70
Epoch [59/100] - [TRAIN] Loss: 0.5055, Accuracy: 74.84%, AUC: 0.74 [VAL] Loss: 0.6002, Accuracy: 70.01%, Precision: 0.71, Recall: 0.60, F1-Score: 0.65, AUC: 0.69
Epoch [60/100] - [TRAIN] Loss: 0.5073, Accuracy: 74.87%, AUC: 0.74 [VAL] Loss: 0.5977, Accuracy: 70.15%, Precision: 0.71, Recall: 0.61, F1-Score: 0.65, AUC: 0.70
Epoch [61/100] - [TRAIN] Loss: 0.5090, Accuracy: 74.71%, AUC: 0.74 [VAL] Loss: 0.5806, Accuracy: 70.59%, Precision: 0.72, Recall: 0.61, F1-Score: 0.66, AUC: 0.70
Epoch [62/100] - [TRAIN] Loss: 0.5077, Accuracy: 74.84%, AUC: 0.74 [VAL] Loss: 0.5956, Accuracy: 69.74%, Precision: 0.70, Recall: 0.64, F1-Score: 0.67, AUC: 0.69
Epoch [63/100] - [TRAIN] Loss: 0.5034, Accuracy: 75.13%, AUC: 0.75 [VAL] Loss: 0.5982, Accuracy: 69.48%, Precision: 0.70, Recall: 0.62, F1-Score: 0.66, AUC: 0.69
Epoch [64/100] - [TRAIN] Loss: 0.5045, Accuracy: 74.87%, AUC: 0.75 [VAL] Loss: 0.5897, Accuracy: 69.92%, Precision: 0.70, Recall: 0.63, F1-Score: 0.67, AUC: 0.70
Epoch [65/100] - [TRAIN] Loss: 0.5023, Accuracy: 75.29%, AUC: 0.75 [VAL] Loss: 0.5812, Accuracy: 70.59%, Precision: 0.72, Recall: 0.63, F1-Score: 0.67, AUC: 0.70
Epoch [66/100] - [TRAIN] Loss: 0.5010, Accuracy: 75.27%, AUC: 0.75 [VAL] Loss: 0.5877, Accuracy: 70.84%, Precision: 0.71, Recall: 0.64, F1-Score: 0.67, AUC: 0.70
Epoch [67/100] - [TRAIN] Loss: 0.5013, Accuracy: 75.43%, AUC: 0.75 [VAL] Loss: 0.6073, Accuracy: 69.51%, Precision: 0.71, Recall: 0.62, F1-Score: 0.66, AUC: 0.69
Epoch [68/100] - [TRAIN] Loss: 0.5022, Accuracy: 75.18%, AUC: 0.75 [VAL] Loss: 0.5931, Accuracy: 70.48%, Precision: 0.72, Recall: 0.62, F1-Score: 0.66, AUC: 0.70
Epoch [69/100] - [TRAIN] Loss: 0.4988, Accuracy: 75.47%, AUC: 0.75 [VAL] Loss: 0.5941, Accuracy: 70.16%, Precision: 0.71, Recall: 0.65, F1-Score: 0.68, AUC: 0.70
Epoch [70/100] - [TRAIN] Loss: 0.4994, Accuracy: 75.59%, AUC: 0.75 [VAL] Loss: 0.6066, Accuracy: 69.43%, Precision: 0.69, Recall: 0.63, F1-Score: 0.66, AUC: 0.69
Epoch [71/100] - [TRAIN] Loss: 0.5012, Accuracy: 75.35%, AUC: 0.75 [VAL] Loss: 0.6048, Accuracy: 69.98%, Precision: 0.71, Recall: 0.62, F1-Score: 0.66, AUC: 0.70
Epoch [72/100] - [TRAIN] Loss: 0.4991, Accuracy: 75.36%, AUC: 0.75 [VAL] Loss: 0.5907, Accuracy: 70.89%, Precision: 0.71, Recall: 0.65, F1-Score: 0.68, AUC: 0.71
Epoch [73/100] - [TRAIN] Loss: 0.4998, Accuracy: 75.19%, AUC: 0.75 [VAL] Loss: 0.5895, Accuracy: 69.79%, Precision: 0.70, Recall: 0.60, F1-Score: 0.65, AUC: 0.69
Epoch [74/100] - [TRAIN] Loss: 0.5052, Accuracy: 74.94%, AUC: 0.75 [VAL] Loss: 0.6033, Accuracy: 69.76%, Precision: 0.71, Recall: 0.61, F1-Score: 0.65, AUC: 0.69
Epoch [75/100] - [TRAIN] Loss: 0.4970, Accuracy: 75.57%, AUC: 0.75 [VAL] Loss: 0.5975, Accuracy: 69.86%, Precision: 0.71, Recall: 0.60, F1-Score: 0.65, AUC: 0.69
Epoch [76/100] - [TRAIN] Loss: 0.4981, Accuracy: 75.62%, AUC: 0.75 [VAL] Loss: 0.5877, Accuracy: 70.23%, Precision: 0.73, Recall: 0.60, F1-Score: 0.66, AUC: 0.70
Epoch [77/100] - [TRAIN] Loss: 0.5007, Accuracy: 75.25%, AUC: 0.75 [VAL] Loss: 0.6028, Accuracy: 70.16%, Precision: 0.71, Recall: 0.64, F1-Score: 0.67, AUC: 0.70
Epoch [78/100] - [TRAIN] Loss: 0.4935, Accuracy: 75.91%, AUC: 0.76 [VAL] Loss: 0.6009, Accuracy: 70.29%, Precision: 0.70, Recall: 0.63, F1-Score: 0.67, AUC: 0.70
Epoch [79/100] - [TRAIN] Loss: 0.4975, Accuracy: 75.54%, AUC: 0.75 [VAL] Loss: 0.6074, Accuracy: 69.26%, Precision: 0.70, Recall: 0.61, F1-Score: 0.65, AUC: 0.69
Epoch [80/100] - [TRAIN] Loss: 0.4991, Accuracy: 75.42%, AUC: 0.75 [VAL] Loss: 0.6033, Accuracy: 69.73%, Precision: 0.71, Recall: 0.63, F1-Score: 0.67, AUC: 0.69
Epoch [81/100] - [TRAIN] Loss: 0.4967, Accuracy: 75.66%, AUC: 0.75 [VAL] Loss: 0.6043, Accuracy: 70.04%, Precision: 0.71, Recall: 0.63, F1-Score: 0.67, AUC: 0.70
Epoch [82/100] - [TRAIN] Loss: 0.4963, Accuracy: 75.75%, AUC: 0.75 [VAL] Loss: 0.6059, Accuracy: 69.41%, Precision: 0.68, Recall: 0.64, F1-Score: 0.66, AUC: 0.69
Epoch [83/100] - [TRAIN] Loss: 0.4987, Accuracy: 75.66%, AUC: 0.75 [VAL] Loss: 0.6033, Accuracy: 69.92%, Precision: 0.70, Recall: 0.64, F1-Score: 0.67, AUC: 0.70
Epoch [84/100] - [TRAIN] Loss: 0.4986, Accuracy: 75.57%, AUC: 0.75 [VAL] Loss: 0.5833, Accuracy: 70.44%, Precision: 0.72, Recall: 0.61, F1-Score: 0.66, AUC: 0.70
Epoch [85/100] - [TRAIN] Loss: 0.4942, Accuracy: 75.68%, AUC: 0.75 [VAL] Loss: 0.6012, Accuracy: 70.45%, Precision: 0.71, Recall: 0.63, F1-Score: 0.67, AUC: 0.70
Epoch [86/100] - [TRAIN] Loss: 0.4942, Accuracy: 75.78%, AUC: 0.75 [VAL] Loss: 0.5917, Accuracy: 70.54%, Precision: 0.72, Recall: 0.63, F1-Score: 0.67, AUC: 0.70
Epoch [87/100] - [TRAIN] Loss: 0.4942, Accuracy: 75.92%, AUC: 0.76 [VAL] Loss: 0.6023, Accuracy: 70.11%, Precision: 0.70, Recall: 0.64, F1-Score: 0.67, AUC: 0.70
Epoch [88/100] - [TRAIN] Loss: 0.4934, Accuracy: 75.67%, AUC: 0.75 [VAL] Loss: 0.5846, Accuracy: 71.04%, Precision: 0.71, Recall: 0.66, F1-Score: 0.69, AUC: 0.71
Epoch [89/100] - [TRAIN] Loss: 0.4914, Accuracy: 76.08%, AUC: 0.76 [VAL] Loss: 0.6247, Accuracy: 69.70%, Precision: 0.70, Recall: 0.63, F1-Score: 0.66, AUC: 0.69
Epoch [90/100] - [TRAIN] Loss: 0.4919, Accuracy: 75.95%, AUC: 0.76 [VAL] Loss: 0.6112, Accuracy: 69.75%, Precision: 0.69, Recall: 0.64, F1-Score: 0.66, AUC: 0.69
Epoch [91/100] - [TRAIN] Loss: 0.4931, Accuracy: 75.91%, AUC: 0.76 [VAL] Loss: 0.6037, Accuracy: 69.83%, Precision: 0.71, Recall: 0.64, F1-Score: 0.67, AUC: 0.70
Epoch [92/100] - [TRAIN] Loss: 0.4931, Accuracy: 75.85%, AUC: 0.75 [VAL] Loss: 0.6025, Accuracy: 70.86%, Precision: 0.71, Recall: 0.64, F1-Score: 0.67, AUC: 0.70
Epoch [93/100] - [TRAIN] Loss: 0.4919, Accuracy: 75.79%, AUC: 0.75 [VAL] Loss: 0.6052, Accuracy: 69.62%, Precision: 0.71, Recall: 0.60, F1-Score: 0.65, AUC: 0.69
Epoch [94/100] - [TRAIN] Loss: 0.4913, Accuracy: 75.96%, AUC: 0.76 [VAL] Loss: 0.5953, Accuracy: 70.83%, Precision: 0.71, Recall: 0.63, F1-Score: 0.67, AUC: 0.70
Epoch [95/100] - [TRAIN] Loss: 0.4949, Accuracy: 75.72%, AUC: 0.75 [VAL] Loss: 0.5959, Accuracy: 70.53%, Precision: 0.69, Recall: 0.66, F1-Score: 0.67, AUC: 0.70
Epoch [96/100] - [TRAIN] Loss: 0.4955, Accuracy: 75.83%, AUC: 0.75 [VAL] Loss: 0.6076, Accuracy: 69.55%, Precision: 0.69, Recall: 0.62, F1-Score: 0.66, AUC: 0.69
Epoch [97/100] - [TRAIN] Loss: 0.4944, Accuracy: 75.70%, AUC: 0.75 [VAL] Loss: 0.6017, Accuracy: 69.96%, Precision: 0.71, Recall: 0.61, F1-Score: 0.66, AUC: 0.69
Epoch [98/100] - [TRAIN] Loss: 0.4922, Accuracy: 75.89%, AUC: 0.76 [VAL] Loss: 0.6097, Accuracy: 69.69%, Precision: 0.71, Recall: 0.63, F1-Score: 0.67, AUC: 0.69
Epoch [99/100] - [TRAIN] Loss: 0.4909, Accuracy: 75.98%, AUC: 0.76 [VAL] Loss: 0.6070, Accuracy: 69.89%, Precision: 0.72, Recall: 0.60, F1-Score: 0.66, AUC: 0.69
Epoch [100/100] - [TRAIN] Loss: 0.4937, Accuracy: 75.82%, AUC: 0.75 [VAL] Loss: 0.6088, Accuracy: 69.50%, Precision: 0.70, Recall: 0.63, F1-Score: 0.66, AUC: 0.69
Accuracy Score on test set: 68.81 %
AUC Score on test set: 0.69
Precision: 0.6988
Recall: 0.6247
F1-Score: 0.6597

Detailed Classification Report:
              precision    recall  f1-score   support

           0       0.68      0.75      0.71      5161
           1       0.70      0.62      0.66      4839

    accuracy                           0.69     10000
   macro avg       0.69      0.69      0.69     10000
weighted avg       0.69      0.69      0.69     10000


Confusion Matrix:
[[3858 1303]
 [1816 3023]]


Real-time duration: 6301.752285075 seconds
