/group/pmc021/amunif/epi-thesis/workflow/09_Learning_to_Rank/output/model/all_features/dol1l2-earlystop-0.5-checkpoint-1000000-100-1024.pt
Using device: cuda
Current CUDA device: 0
CUDA device name: Tesla P100-SXM2-16GB
[    0     1     2 ... 22151 22152 22153]
Train indices: 17723
Test indices: 2216
Validation indices: 2215
Epoch [1/100] - [TRAIN] Loss: 0.5851, Accuracy: 70.38%, AUC: 0.70 [VAL] Loss: 0.5799, Accuracy: 70.60%, Precision: 0.72, Recall: 0.62, F1-Score: 0.67, AUC: 0.70
Saved best model at epoch 1.
Epoch [2/100] - [TRAIN] Loss: 0.5745, Accuracy: 71.32%, AUC: 0.71 [VAL] Loss: 0.5779, Accuracy: 70.79%, Precision: 0.72, Recall: 0.62, F1-Score: 0.67, AUC: 0.70
Saved best model at epoch 2.
Epoch [3/100] - [TRAIN] Loss: 0.5688, Accuracy: 71.78%, AUC: 0.71 [VAL] Loss: 0.5787, Accuracy: 70.84%, Precision: 0.71, Recall: 0.64, F1-Score: 0.68, AUC: 0.70
EarlyStopping counter: 1 out of 10
Epoch [4/100] - [TRAIN] Loss: 0.5661, Accuracy: 72.07%, AUC: 0.72 [VAL] Loss: 0.5827, Accuracy: 70.66%, Precision: 0.72, Recall: 0.62, F1-Score: 0.67, AUC: 0.70
EarlyStopping counter: 2 out of 10
Epoch [5/100] - [TRAIN] Loss: 0.5642, Accuracy: 72.21%, AUC: 0.72 [VAL] Loss: 0.5799, Accuracy: 70.72%, Precision: 0.71, Recall: 0.64, F1-Score: 0.67, AUC: 0.70
EarlyStopping counter: 3 out of 10
Epoch [6/100] - [TRAIN] Loss: 0.5610, Accuracy: 72.53%, AUC: 0.72 [VAL] Loss: 0.5798, Accuracy: 70.81%, Precision: 0.72, Recall: 0.63, F1-Score: 0.67, AUC: 0.70
EarlyStopping counter: 4 out of 10
Epoch [7/100] - [TRAIN] Loss: 0.5597, Accuracy: 72.74%, AUC: 0.72 [VAL] Loss: 0.5846, Accuracy: 70.95%, Precision: 0.72, Recall: 0.63, F1-Score: 0.67, AUC: 0.71
EarlyStopping counter: 5 out of 10
Epoch [8/100] - [TRAIN] Loss: 0.5578, Accuracy: 72.91%, AUC: 0.73 [VAL] Loss: 0.5818, Accuracy: 71.01%, Precision: 0.73, Recall: 0.62, F1-Score: 0.67, AUC: 0.71
EarlyStopping counter: 6 out of 10
Epoch [9/100] - [TRAIN] Loss: 0.5567, Accuracy: 72.99%, AUC: 0.73 [VAL] Loss: 0.5863, Accuracy: 70.66%, Precision: 0.71, Recall: 0.64, F1-Score: 0.67, AUC: 0.70
EarlyStopping counter: 7 out of 10
Epoch [10/100] - [TRAIN] Loss: 0.5555, Accuracy: 73.14%, AUC: 0.73 [VAL] Loss: 0.5885, Accuracy: 70.76%, Precision: 0.71, Recall: 0.64, F1-Score: 0.67, AUC: 0.70
EarlyStopping counter: 8 out of 10
Epoch [11/100] - [TRAIN] Loss: 0.5531, Accuracy: 73.45%, AUC: 0.73 [VAL] Loss: 0.5881, Accuracy: 70.91%, Precision: 0.72, Recall: 0.64, F1-Score: 0.67, AUC: 0.71
EarlyStopping counter: 9 out of 10
Epoch [12/100] - [TRAIN] Loss: 0.5523, Accuracy: 73.48%, AUC: 0.73 [VAL] Loss: 0.5866, Accuracy: 71.09%, Precision: 0.72, Recall: 0.64, F1-Score: 0.68, AUC: 0.71
EarlyStopping counter: 10 out of 10
Early stopping triggered at epoch 12
Loaded the best model from checkpoint.
Accuracy Score on test set: 70.81 %
AUC Score on test set: 0.70
Precision: 0.7279
Recall: 0.6223
F1-Score: 0.6709

Detailed Classification Report:
              precision    recall  f1-score   support

           0       0.69      0.79      0.74     52171
           1       0.73      0.62      0.67     47829

    accuracy                           0.71    100000
   macro avg       0.71      0.70      0.70    100000
weighted avg       0.71      0.71      0.71    100000


Confusion Matrix:
[[41044 11127]
 [18066 29763]]


Real-time duration: 3957.652294135 seconds
