Using device: cuda
Current CUDA device: 0
CUDA device name: Tesla P100-SXM2-16GB
Epoch [1/100] - [TRAIN] Loss: 0.5766, Accuracy: 70.05%, AUC: 0.70 [VAL] Loss: 0.5712, Accuracy: 70.19%, Precision: 0.72, Recall: 0.60, F1-Score: 0.66, AUC: 0.70
Epoch [2/100] - [TRAIN] Loss: 0.5601, Accuracy: 71.15%, AUC: 0.71 [VAL] Loss: 0.5692, Accuracy: 70.16%, Precision: 0.74, Recall: 0.57, F1-Score: 0.64, AUC: 0.69
Epoch [3/100] - [TRAIN] Loss: 0.5543, Accuracy: 71.42%, AUC: 0.71 [VAL] Loss: 0.5687, Accuracy: 70.30%, Precision: 0.73, Recall: 0.58, F1-Score: 0.65, AUC: 0.70
Epoch [4/100] - [TRAIN] Loss: 0.5498, Accuracy: 71.57%, AUC: 0.71 [VAL] Loss: 0.5692, Accuracy: 70.47%, Precision: 0.69, Recall: 0.67, F1-Score: 0.68, AUC: 0.70
Epoch [5/100] - [TRAIN] Loss: 0.5462, Accuracy: 71.79%, AUC: 0.72 [VAL] Loss: 0.5655, Accuracy: 70.98%, Precision: 0.70, Recall: 0.67, F1-Score: 0.68, AUC: 0.71
Epoch [6/100] - [TRAIN] Loss: 0.5429, Accuracy: 72.00%, AUC: 0.72 [VAL] Loss: 0.5723, Accuracy: 70.40%, Precision: 0.70, Recall: 0.65, F1-Score: 0.68, AUC: 0.70
Epoch [7/100] - [TRAIN] Loss: 0.5398, Accuracy: 72.27%, AUC: 0.72 [VAL] Loss: 0.5736, Accuracy: 70.33%, Precision: 0.69, Recall: 0.67, F1-Score: 0.68, AUC: 0.70
Epoch [8/100] - [TRAIN] Loss: 0.5378, Accuracy: 72.41%, AUC: 0.72 [VAL] Loss: 0.5756, Accuracy: 70.28%, Precision: 0.70, Recall: 0.66, F1-Score: 0.68, AUC: 0.70
Epoch [9/100] - [TRAIN] Loss: 0.5352, Accuracy: 72.62%, AUC: 0.72 [VAL] Loss: 0.5718, Accuracy: 70.65%, Precision: 0.70, Recall: 0.66, F1-Score: 0.68, AUC: 0.70
Epoch [10/100] - [TRAIN] Loss: 0.5331, Accuracy: 72.78%, AUC: 0.72 [VAL] Loss: 0.5733, Accuracy: 70.68%, Precision: 0.70, Recall: 0.66, F1-Score: 0.68, AUC: 0.70
Epoch [11/100] - [TRAIN] Loss: 0.5307, Accuracy: 73.04%, AUC: 0.73 [VAL] Loss: 0.5745, Accuracy: 70.37%, Precision: 0.69, Recall: 0.67, F1-Score: 0.68, AUC: 0.70
Epoch [12/100] - [TRAIN] Loss: 0.5282, Accuracy: 73.16%, AUC: 0.73 [VAL] Loss: 0.5760, Accuracy: 70.50%, Precision: 0.70, Recall: 0.65, F1-Score: 0.68, AUC: 0.70
Epoch [13/100] - [TRAIN] Loss: 0.5285, Accuracy: 73.13%, AUC: 0.73 [VAL] Loss: 0.5783, Accuracy: 70.42%, Precision: 0.70, Recall: 0.65, F1-Score: 0.67, AUC: 0.70
Epoch [14/100] - [TRAIN] Loss: 0.5257, Accuracy: 73.35%, AUC: 0.73 [VAL] Loss: 0.5818, Accuracy: 70.59%, Precision: 0.71, Recall: 0.63, F1-Score: 0.67, AUC: 0.70
Epoch [15/100] - [TRAIN] Loss: 0.5246, Accuracy: 73.42%, AUC: 0.73 [VAL] Loss: 0.5802, Accuracy: 70.22%, Precision: 0.70, Recall: 0.65, F1-Score: 0.68, AUC: 0.70
Epoch [16/100] - [TRAIN] Loss: 0.5227, Accuracy: 73.57%, AUC: 0.73 [VAL] Loss: 0.5797, Accuracy: 70.56%, Precision: 0.71, Recall: 0.64, F1-Score: 0.67, AUC: 0.70
Epoch [17/100] - [TRAIN] Loss: 0.5213, Accuracy: 73.73%, AUC: 0.73 [VAL] Loss: 0.5844, Accuracy: 70.57%, Precision: 0.71, Recall: 0.64, F1-Score: 0.67, AUC: 0.70
Epoch [18/100] - [TRAIN] Loss: 0.5214, Accuracy: 73.70%, AUC: 0.73 [VAL] Loss: 0.5818, Accuracy: 70.57%, Precision: 0.71, Recall: 0.64, F1-Score: 0.67, AUC: 0.70
Epoch [19/100] - [TRAIN] Loss: 0.5191, Accuracy: 73.94%, AUC: 0.74 [VAL] Loss: 0.5857, Accuracy: 70.37%, Precision: 0.71, Recall: 0.63, F1-Score: 0.67, AUC: 0.70
Epoch [20/100] - [TRAIN] Loss: 0.5181, Accuracy: 74.03%, AUC: 0.74 [VAL] Loss: 0.5840, Accuracy: 70.42%, Precision: 0.71, Recall: 0.63, F1-Score: 0.67, AUC: 0.70
Epoch [21/100] - [TRAIN] Loss: 0.5170, Accuracy: 74.08%, AUC: 0.74 [VAL] Loss: 0.5838, Accuracy: 70.43%, Precision: 0.72, Recall: 0.62, F1-Score: 0.67, AUC: 0.70
Epoch [22/100] - [TRAIN] Loss: 0.5160, Accuracy: 74.09%, AUC: 0.74 [VAL] Loss: 0.5840, Accuracy: 70.55%, Precision: 0.71, Recall: 0.64, F1-Score: 0.67, AUC: 0.70
Epoch [23/100] - [TRAIN] Loss: 0.5150, Accuracy: 74.29%, AUC: 0.74 [VAL] Loss: 0.5864, Accuracy: 70.36%, Precision: 0.69, Recall: 0.66, F1-Score: 0.68, AUC: 0.70
Epoch [24/100] - [TRAIN] Loss: 0.5137, Accuracy: 74.33%, AUC: 0.74 [VAL] Loss: 0.5907, Accuracy: 70.40%, Precision: 0.71, Recall: 0.63, F1-Score: 0.67, AUC: 0.70
Epoch [25/100] - [TRAIN] Loss: 0.5117, Accuracy: 74.47%, AUC: 0.74 [VAL] Loss: 0.5884, Accuracy: 70.30%, Precision: 0.71, Recall: 0.64, F1-Score: 0.67, AUC: 0.70
Epoch [26/100] - [TRAIN] Loss: 0.5123, Accuracy: 74.43%, AUC: 0.74 [VAL] Loss: 0.5836, Accuracy: 70.83%, Precision: 0.71, Recall: 0.64, F1-Score: 0.67, AUC: 0.70
Epoch [27/100] - [TRAIN] Loss: 0.5113, Accuracy: 74.46%, AUC: 0.74 [VAL] Loss: 0.5867, Accuracy: 70.56%, Precision: 0.71, Recall: 0.64, F1-Score: 0.67, AUC: 0.70
Epoch [28/100] - [TRAIN] Loss: 0.5109, Accuracy: 74.56%, AUC: 0.74 [VAL] Loss: 0.5903, Accuracy: 70.30%, Precision: 0.71, Recall: 0.62, F1-Score: 0.66, AUC: 0.70
Epoch [29/100] - [TRAIN] Loss: 0.5108, Accuracy: 74.59%, AUC: 0.74 [VAL] Loss: 0.5855, Accuracy: 70.64%, Precision: 0.70, Recall: 0.67, F1-Score: 0.68, AUC: 0.70
Epoch [30/100] - [TRAIN] Loss: 0.5090, Accuracy: 74.66%, AUC: 0.74 [VAL] Loss: 0.5899, Accuracy: 70.47%, Precision: 0.72, Recall: 0.62, F1-Score: 0.66, AUC: 0.70
Epoch [31/100] - [TRAIN] Loss: 0.5077, Accuracy: 74.79%, AUC: 0.75 [VAL] Loss: 0.5855, Accuracy: 70.54%, Precision: 0.72, Recall: 0.62, F1-Score: 0.67, AUC: 0.70
Epoch [32/100] - [TRAIN] Loss: 0.5071, Accuracy: 74.85%, AUC: 0.75 [VAL] Loss: 0.5947, Accuracy: 70.22%, Precision: 0.71, Recall: 0.63, F1-Score: 0.66, AUC: 0.70
Epoch [33/100] - [TRAIN] Loss: 0.5062, Accuracy: 74.94%, AUC: 0.75 [VAL] Loss: 0.5988, Accuracy: 70.39%, Precision: 0.72, Recall: 0.62, F1-Score: 0.66, AUC: 0.70
Epoch [34/100] - [TRAIN] Loss: 0.5048, Accuracy: 75.05%, AUC: 0.75 [VAL] Loss: 0.5962, Accuracy: 70.35%, Precision: 0.70, Recall: 0.65, F1-Score: 0.67, AUC: 0.70
Epoch [35/100] - [TRAIN] Loss: 0.5050, Accuracy: 74.98%, AUC: 0.75 [VAL] Loss: 0.5973, Accuracy: 70.49%, Precision: 0.71, Recall: 0.62, F1-Score: 0.66, AUC: 0.70
Epoch [36/100] - [TRAIN] Loss: 0.5040, Accuracy: 75.07%, AUC: 0.75 [VAL] Loss: 0.5971, Accuracy: 70.52%, Precision: 0.70, Recall: 0.64, F1-Score: 0.67, AUC: 0.70
Epoch [37/100] - [TRAIN] Loss: 0.5042, Accuracy: 75.10%, AUC: 0.75 [VAL] Loss: 0.5990, Accuracy: 70.23%, Precision: 0.72, Recall: 0.60, F1-Score: 0.66, AUC: 0.70
Epoch [38/100] - [TRAIN] Loss: 0.5020, Accuracy: 75.23%, AUC: 0.75 [VAL] Loss: 0.5955, Accuracy: 70.36%, Precision: 0.71, Recall: 0.63, F1-Score: 0.67, AUC: 0.70
Epoch [39/100] - [TRAIN] Loss: 0.5013, Accuracy: 75.27%, AUC: 0.75 [VAL] Loss: 0.5961, Accuracy: 70.24%, Precision: 0.71, Recall: 0.63, F1-Score: 0.67, AUC: 0.70
Epoch [40/100] - [TRAIN] Loss: 0.5016, Accuracy: 75.25%, AUC: 0.75 [VAL] Loss: 0.5974, Accuracy: 70.33%, Precision: 0.71, Recall: 0.64, F1-Score: 0.67, AUC: 0.70
Epoch [41/100] - [TRAIN] Loss: 0.4992, Accuracy: 75.37%, AUC: 0.75 [VAL] Loss: 0.6008, Accuracy: 70.11%, Precision: 0.71, Recall: 0.62, F1-Score: 0.66, AUC: 0.70
Epoch [42/100] - [TRAIN] Loss: 0.5001, Accuracy: 75.40%, AUC: 0.75 [VAL] Loss: 0.6028, Accuracy: 69.91%, Precision: 0.71, Recall: 0.62, F1-Score: 0.66, AUC: 0.70
Epoch [43/100] - [TRAIN] Loss: 0.4997, Accuracy: 75.37%, AUC: 0.75 [VAL] Loss: 0.6026, Accuracy: 70.06%, Precision: 0.71, Recall: 0.62, F1-Score: 0.66, AUC: 0.70
Epoch [44/100] - [TRAIN] Loss: 0.4990, Accuracy: 75.43%, AUC: 0.75 [VAL] Loss: 0.5988, Accuracy: 70.36%, Precision: 0.71, Recall: 0.62, F1-Score: 0.66, AUC: 0.70
Epoch [45/100] - [TRAIN] Loss: 0.4988, Accuracy: 75.45%, AUC: 0.75 [VAL] Loss: 0.6062, Accuracy: 70.08%, Precision: 0.71, Recall: 0.62, F1-Score: 0.66, AUC: 0.70
Epoch [46/100] - [TRAIN] Loss: 0.4973, Accuracy: 75.53%, AUC: 0.75 [VAL] Loss: 0.5979, Accuracy: 70.29%, Precision: 0.71, Recall: 0.63, F1-Score: 0.67, AUC: 0.70
Epoch [47/100] - [TRAIN] Loss: 0.4970, Accuracy: 75.59%, AUC: 0.75 [VAL] Loss: 0.6029, Accuracy: 70.04%, Precision: 0.72, Recall: 0.61, F1-Score: 0.66, AUC: 0.70
Epoch [48/100] - [TRAIN] Loss: 0.4964, Accuracy: 75.62%, AUC: 0.75 [VAL] Loss: 0.6030, Accuracy: 70.42%, Precision: 0.71, Recall: 0.63, F1-Score: 0.67, AUC: 0.70
Epoch [49/100] - [TRAIN] Loss: 0.4956, Accuracy: 75.63%, AUC: 0.75 [VAL] Loss: 0.6112, Accuracy: 69.75%, Precision: 0.70, Recall: 0.64, F1-Score: 0.67, AUC: 0.69
Epoch [50/100] - [TRAIN] Loss: 0.4964, Accuracy: 75.62%, AUC: 0.75 [VAL] Loss: 0.6123, Accuracy: 69.64%, Precision: 0.70, Recall: 0.63, F1-Score: 0.66, AUC: 0.69
Epoch [51/100] - [TRAIN] Loss: 0.4951, Accuracy: 75.68%, AUC: 0.75 [VAL] Loss: 0.6085, Accuracy: 69.97%, Precision: 0.71, Recall: 0.61, F1-Score: 0.66, AUC: 0.70
Epoch [52/100] - [TRAIN] Loss: 0.4952, Accuracy: 75.71%, AUC: 0.75 [VAL] Loss: 0.6073, Accuracy: 70.01%, Precision: 0.71, Recall: 0.61, F1-Score: 0.66, AUC: 0.70
Epoch [53/100] - [TRAIN] Loss: 0.4940, Accuracy: 75.83%, AUC: 0.76 [VAL] Loss: 0.6095, Accuracy: 70.11%, Precision: 0.71, Recall: 0.61, F1-Score: 0.66, AUC: 0.70
Epoch [54/100] - [TRAIN] Loss: 0.4939, Accuracy: 75.83%, AUC: 0.76 [VAL] Loss: 0.6136, Accuracy: 69.85%, Precision: 0.71, Recall: 0.62, F1-Score: 0.66, AUC: 0.69
Epoch [55/100] - [TRAIN] Loss: 0.4932, Accuracy: 75.90%, AUC: 0.76 [VAL] Loss: 0.6060, Accuracy: 69.89%, Precision: 0.69, Recall: 0.65, F1-Score: 0.67, AUC: 0.70
Epoch [56/100] - [TRAIN] Loss: 0.4926, Accuracy: 75.91%, AUC: 0.76 [VAL] Loss: 0.6108, Accuracy: 70.35%, Precision: 0.71, Recall: 0.62, F1-Score: 0.66, AUC: 0.70
Epoch [57/100] - [TRAIN] Loss: 0.4927, Accuracy: 75.87%, AUC: 0.76 [VAL] Loss: 0.6107, Accuracy: 69.94%, Precision: 0.70, Recall: 0.63, F1-Score: 0.67, AUC: 0.70
Epoch [58/100] - [TRAIN] Loss: 0.4919, Accuracy: 75.95%, AUC: 0.76 [VAL] Loss: 0.6040, Accuracy: 70.23%, Precision: 0.71, Recall: 0.62, F1-Score: 0.66, AUC: 0.70
Epoch [59/100] - [TRAIN] Loss: 0.4916, Accuracy: 75.95%, AUC: 0.76 [VAL] Loss: 0.6133, Accuracy: 70.09%, Precision: 0.70, Recall: 0.63, F1-Score: 0.67, AUC: 0.70
Epoch [60/100] - [TRAIN] Loss: 0.4915, Accuracy: 76.00%, AUC: 0.76 [VAL] Loss: 0.6059, Accuracy: 69.88%, Precision: 0.71, Recall: 0.61, F1-Score: 0.66, AUC: 0.69
Epoch [61/100] - [TRAIN] Loss: 0.4911, Accuracy: 75.98%, AUC: 0.76 [VAL] Loss: 0.6137, Accuracy: 70.17%, Precision: 0.71, Recall: 0.62, F1-Score: 0.66, AUC: 0.70
Epoch [62/100] - [TRAIN] Loss: 0.4895, Accuracy: 76.09%, AUC: 0.76 [VAL] Loss: 0.6100, Accuracy: 70.00%, Precision: 0.71, Recall: 0.62, F1-Score: 0.66, AUC: 0.70
Epoch [63/100] - [TRAIN] Loss: 0.4895, Accuracy: 76.03%, AUC: 0.76 [VAL] Loss: 0.6128, Accuracy: 69.59%, Precision: 0.71, Recall: 0.60, F1-Score: 0.65, AUC: 0.69
Epoch [64/100] - [TRAIN] Loss: 0.4895, Accuracy: 76.11%, AUC: 0.76 [VAL] Loss: 0.6160, Accuracy: 70.03%, Precision: 0.70, Recall: 0.63, F1-Score: 0.66, AUC: 0.70
Epoch [65/100] - [TRAIN] Loss: 0.4892, Accuracy: 76.12%, AUC: 0.76 [VAL] Loss: 0.6174, Accuracy: 69.95%, Precision: 0.71, Recall: 0.62, F1-Score: 0.66, AUC: 0.70
Epoch [66/100] - [TRAIN] Loss: 0.4882, Accuracy: 76.12%, AUC: 0.76 [VAL] Loss: 0.6124, Accuracy: 69.77%, Precision: 0.71, Recall: 0.60, F1-Score: 0.65, AUC: 0.69
Epoch [67/100] - [TRAIN] Loss: 0.4875, Accuracy: 76.23%, AUC: 0.76 [VAL] Loss: 0.6132, Accuracy: 69.95%, Precision: 0.71, Recall: 0.62, F1-Score: 0.66, AUC: 0.70
Epoch [68/100] - [TRAIN] Loss: 0.4870, Accuracy: 76.32%, AUC: 0.76 [VAL] Loss: 0.6177, Accuracy: 69.91%, Precision: 0.71, Recall: 0.62, F1-Score: 0.66, AUC: 0.69
Epoch [69/100] - [TRAIN] Loss: 0.4878, Accuracy: 76.15%, AUC: 0.76 [VAL] Loss: 0.6200, Accuracy: 69.66%, Precision: 0.70, Recall: 0.61, F1-Score: 0.66, AUC: 0.69
Epoch [70/100] - [TRAIN] Loss: 0.4869, Accuracy: 76.27%, AUC: 0.76 [VAL] Loss: 0.6119, Accuracy: 69.90%, Precision: 0.70, Recall: 0.63, F1-Score: 0.66, AUC: 0.70
Epoch [71/100] - [TRAIN] Loss: 0.4874, Accuracy: 76.27%, AUC: 0.76 [VAL] Loss: 0.6179, Accuracy: 69.84%, Precision: 0.70, Recall: 0.63, F1-Score: 0.66, AUC: 0.69
Epoch [72/100] - [TRAIN] Loss: 0.4872, Accuracy: 76.26%, AUC: 0.76 [VAL] Loss: 0.6157, Accuracy: 70.02%, Precision: 0.71, Recall: 0.62, F1-Score: 0.66, AUC: 0.70
Epoch [73/100] - [TRAIN] Loss: 0.4858, Accuracy: 76.30%, AUC: 0.76 [VAL] Loss: 0.6218, Accuracy: 70.16%, Precision: 0.71, Recall: 0.62, F1-Score: 0.66, AUC: 0.70
Epoch [74/100] - [TRAIN] Loss: 0.4861, Accuracy: 76.28%, AUC: 0.76 [VAL] Loss: 0.6181, Accuracy: 70.06%, Precision: 0.71, Recall: 0.62, F1-Score: 0.66, AUC: 0.70
Epoch [75/100] - [TRAIN] Loss: 0.4853, Accuracy: 76.35%, AUC: 0.76 [VAL] Loss: 0.6256, Accuracy: 69.89%, Precision: 0.71, Recall: 0.62, F1-Score: 0.66, AUC: 0.69
Epoch [76/100] - [TRAIN] Loss: 0.4851, Accuracy: 76.38%, AUC: 0.76 [VAL] Loss: 0.6230, Accuracy: 70.06%, Precision: 0.70, Recall: 0.63, F1-Score: 0.66, AUC: 0.70
Epoch [77/100] - [TRAIN] Loss: 0.4849, Accuracy: 76.35%, AUC: 0.76 [VAL] Loss: 0.6267, Accuracy: 69.95%, Precision: 0.71, Recall: 0.61, F1-Score: 0.66, AUC: 0.70
Epoch [78/100] - [TRAIN] Loss: 0.4843, Accuracy: 76.43%, AUC: 0.76 [VAL] Loss: 0.6209, Accuracy: 69.59%, Precision: 0.70, Recall: 0.63, F1-Score: 0.66, AUC: 0.69
Epoch [79/100] - [TRAIN] Loss: 0.4845, Accuracy: 76.43%, AUC: 0.76 [VAL] Loss: 0.6226, Accuracy: 69.67%, Precision: 0.70, Recall: 0.63, F1-Score: 0.66, AUC: 0.69
Epoch [80/100] - [TRAIN] Loss: 0.4851, Accuracy: 76.38%, AUC: 0.76 [VAL] Loss: 0.6185, Accuracy: 70.14%, Precision: 0.71, Recall: 0.62, F1-Score: 0.66, AUC: 0.70
Epoch [81/100] - [TRAIN] Loss: 0.4849, Accuracy: 76.38%, AUC: 0.76 [VAL] Loss: 0.6216, Accuracy: 70.08%, Precision: 0.71, Recall: 0.62, F1-Score: 0.66, AUC: 0.70
Epoch [82/100] - [TRAIN] Loss: 0.4840, Accuracy: 76.51%, AUC: 0.76 [VAL] Loss: 0.6184, Accuracy: 69.87%, Precision: 0.71, Recall: 0.62, F1-Score: 0.66, AUC: 0.69
Epoch [83/100] - [TRAIN] Loss: 0.4834, Accuracy: 76.40%, AUC: 0.76 [VAL] Loss: 0.6250, Accuracy: 70.02%, Precision: 0.71, Recall: 0.62, F1-Score: 0.66, AUC: 0.70
Epoch [84/100] - [TRAIN] Loss: 0.4831, Accuracy: 76.48%, AUC: 0.76 [VAL] Loss: 0.6227, Accuracy: 69.95%, Precision: 0.71, Recall: 0.63, F1-Score: 0.66, AUC: 0.70
Epoch [85/100] - [TRAIN] Loss: 0.4826, Accuracy: 76.54%, AUC: 0.76 [VAL] Loss: 0.6255, Accuracy: 69.80%, Precision: 0.70, Recall: 0.62, F1-Score: 0.66, AUC: 0.69
Epoch [86/100] - [TRAIN] Loss: 0.4830, Accuracy: 76.48%, AUC: 0.76 [VAL] Loss: 0.6291, Accuracy: 69.72%, Precision: 0.70, Recall: 0.63, F1-Score: 0.66, AUC: 0.69
Epoch [87/100] - [TRAIN] Loss: 0.4831, Accuracy: 76.51%, AUC: 0.76 [VAL] Loss: 0.6254, Accuracy: 70.07%, Precision: 0.71, Recall: 0.62, F1-Score: 0.66, AUC: 0.70
Epoch [88/100] - [TRAIN] Loss: 0.4819, Accuracy: 76.59%, AUC: 0.76 [VAL] Loss: 0.6204, Accuracy: 69.99%, Precision: 0.70, Recall: 0.64, F1-Score: 0.67, AUC: 0.70
Epoch [89/100] - [TRAIN] Loss: 0.4804, Accuracy: 76.65%, AUC: 0.76 [VAL] Loss: 0.6220, Accuracy: 70.20%, Precision: 0.72, Recall: 0.60, F1-Score: 0.66, AUC: 0.70
Epoch [90/100] - [TRAIN] Loss: 0.4816, Accuracy: 76.58%, AUC: 0.76 [VAL] Loss: 0.6267, Accuracy: 69.88%, Precision: 0.70, Recall: 0.64, F1-Score: 0.67, AUC: 0.70
Epoch [91/100] - [TRAIN] Loss: 0.4817, Accuracy: 76.56%, AUC: 0.76 [VAL] Loss: 0.6339, Accuracy: 69.61%, Precision: 0.71, Recall: 0.61, F1-Score: 0.65, AUC: 0.69
Epoch [92/100] - [TRAIN] Loss: 0.4821, Accuracy: 76.51%, AUC: 0.76 [VAL] Loss: 0.6232, Accuracy: 69.64%, Precision: 0.70, Recall: 0.62, F1-Score: 0.66, AUC: 0.69
Epoch [93/100] - [TRAIN] Loss: 0.4805, Accuracy: 76.61%, AUC: 0.76 [VAL] Loss: 0.6329, Accuracy: 69.82%, Precision: 0.70, Recall: 0.63, F1-Score: 0.66, AUC: 0.69
Epoch [94/100] - [TRAIN] Loss: 0.4804, Accuracy: 76.68%, AUC: 0.76 [VAL] Loss: 0.6224, Accuracy: 69.94%, Precision: 0.71, Recall: 0.62, F1-Score: 0.66, AUC: 0.69
Epoch [95/100] - [TRAIN] Loss: 0.4805, Accuracy: 76.66%, AUC: 0.76 [VAL] Loss: 0.6317, Accuracy: 69.42%, Precision: 0.70, Recall: 0.62, F1-Score: 0.66, AUC: 0.69
Epoch [96/100] - [TRAIN] Loss: 0.4804, Accuracy: 76.69%, AUC: 0.76 [VAL] Loss: 0.6350, Accuracy: 69.67%, Precision: 0.71, Recall: 0.61, F1-Score: 0.65, AUC: 0.69
Epoch [97/100] - [TRAIN] Loss: 0.4793, Accuracy: 76.78%, AUC: 0.76 [VAL] Loss: 0.6377, Accuracy: 69.68%, Precision: 0.70, Recall: 0.63, F1-Score: 0.66, AUC: 0.69
Epoch [98/100] - [TRAIN] Loss: 0.4797, Accuracy: 76.74%, AUC: 0.76 [VAL] Loss: 0.6375, Accuracy: 69.24%, Precision: 0.71, Recall: 0.59, F1-Score: 0.65, AUC: 0.69
Epoch [99/100] - [TRAIN] Loss: 0.4800, Accuracy: 76.70%, AUC: 0.76 [VAL] Loss: 0.6347, Accuracy: 69.80%, Precision: 0.70, Recall: 0.62, F1-Score: 0.66, AUC: 0.69
Epoch [100/100] - [TRAIN] Loss: 0.4798, Accuracy: 76.72%, AUC: 0.76 [VAL] Loss: 0.6296, Accuracy: 69.69%, Precision: 0.71, Recall: 0.62, F1-Score: 0.66, AUC: 0.69
Accuracy Score on test set: 69.92 %
AUC Score on test set: 0.70
Precision: 0.7159
Recall: 0.6171
F1-Score: 0.6628

Detailed Classification Report:
              precision    recall  f1-score   support

           0       0.69      0.77      0.73     52083
           1       0.72      0.62      0.66     47917

    accuracy                           0.70    100000
   macro avg       0.70      0.70      0.70    100000
weighted avg       0.70      0.70      0.70    100000


Confusion Matrix:
[[40351 11732]
 [18349 29568]]


Real-time duration: 30520.050539804 seconds
