Using device: cuda
Current CUDA device: 0
CUDA device name: Tesla P100-SXM2-16GB
Epoch [1/100] - [TRAIN] Loss: 0.5861, Accuracy: 70.64%, AUC: 0.70 [VAL] Loss: 0.5763, Accuracy: 70.88%, Precision: 0.73, Recall: 0.61, F1-Score: 0.66, AUC: 0.70
Epoch [2/100] - [TRAIN] Loss: 0.5762, Accuracy: 71.37%, AUC: 0.71 [VAL] Loss: 0.5823, Accuracy: 70.53%, Precision: 0.73, Recall: 0.60, F1-Score: 0.66, AUC: 0.70
Epoch [3/100] - [TRAIN] Loss: 0.5725, Accuracy: 71.84%, AUC: 0.71 [VAL] Loss: 0.5813, Accuracy: 70.78%, Precision: 0.72, Recall: 0.63, F1-Score: 0.67, AUC: 0.70
Epoch [4/100] - [TRAIN] Loss: 0.5689, Accuracy: 72.13%, AUC: 0.72 [VAL] Loss: 0.5842, Accuracy: 70.80%, Precision: 0.71, Recall: 0.66, F1-Score: 0.68, AUC: 0.71
Epoch [5/100] - [TRAIN] Loss: 0.5677, Accuracy: 72.27%, AUC: 0.72 [VAL] Loss: 0.5844, Accuracy: 70.76%, Precision: 0.70, Recall: 0.66, F1-Score: 0.68, AUC: 0.71
Epoch [6/100] - [TRAIN] Loss: 0.5657, Accuracy: 72.50%, AUC: 0.72 [VAL] Loss: 0.5866, Accuracy: 70.69%, Precision: 0.71, Recall: 0.63, F1-Score: 0.67, AUC: 0.70
Epoch [7/100] - [TRAIN] Loss: 0.5641, Accuracy: 72.67%, AUC: 0.72 [VAL] Loss: 0.5856, Accuracy: 70.82%, Precision: 0.71, Recall: 0.65, F1-Score: 0.68, AUC: 0.71
Epoch [8/100] - [TRAIN] Loss: 0.5633, Accuracy: 72.83%, AUC: 0.72 [VAL] Loss: 0.5917, Accuracy: 70.68%, Precision: 0.71, Recall: 0.64, F1-Score: 0.67, AUC: 0.70
Epoch [9/100] - [TRAIN] Loss: 0.5608, Accuracy: 73.04%, AUC: 0.73 [VAL] Loss: 0.5897, Accuracy: 70.68%, Precision: 0.71, Recall: 0.64, F1-Score: 0.67, AUC: 0.70
Epoch [10/100] - [TRAIN] Loss: 0.5607, Accuracy: 73.18%, AUC: 0.73 [VAL] Loss: 0.5939, Accuracy: 70.68%, Precision: 0.71, Recall: 0.63, F1-Score: 0.67, AUC: 0.70
Epoch [11/100] - [TRAIN] Loss: 0.5594, Accuracy: 73.23%, AUC: 0.73 [VAL] Loss: 0.5934, Accuracy: 70.86%, Precision: 0.72, Recall: 0.64, F1-Score: 0.67, AUC: 0.70
Epoch [12/100] - [TRAIN] Loss: 0.5590, Accuracy: 73.40%, AUC: 0.73 [VAL] Loss: 0.5885, Accuracy: 71.11%, Precision: 0.72, Recall: 0.63, F1-Score: 0.68, AUC: 0.71
Epoch [13/100] - [TRAIN] Loss: 0.5582, Accuracy: 73.39%, AUC: 0.73 [VAL] Loss: 0.5907, Accuracy: 70.81%, Precision: 0.73, Recall: 0.61, F1-Score: 0.67, AUC: 0.70
Epoch [14/100] - [TRAIN] Loss: 0.5561, Accuracy: 73.66%, AUC: 0.73 [VAL] Loss: 0.5986, Accuracy: 70.65%, Precision: 0.72, Recall: 0.63, F1-Score: 0.67, AUC: 0.70
Epoch [15/100] - [TRAIN] Loss: 0.5564, Accuracy: 73.62%, AUC: 0.73 [VAL] Loss: 0.5972, Accuracy: 70.84%, Precision: 0.73, Recall: 0.62, F1-Score: 0.67, AUC: 0.70
Epoch [16/100] - [TRAIN] Loss: 0.5560, Accuracy: 73.70%, AUC: 0.73 [VAL] Loss: 0.5976, Accuracy: 70.80%, Precision: 0.71, Recall: 0.64, F1-Score: 0.67, AUC: 0.70
Epoch [17/100] - [TRAIN] Loss: 0.5548, Accuracy: 73.84%, AUC: 0.73 [VAL] Loss: 0.5954, Accuracy: 71.04%, Precision: 0.71, Recall: 0.65, F1-Score: 0.68, AUC: 0.71
Epoch [18/100] - [TRAIN] Loss: 0.5544, Accuracy: 73.96%, AUC: 0.74 [VAL] Loss: 0.5973, Accuracy: 70.78%, Precision: 0.72, Recall: 0.63, F1-Score: 0.67, AUC: 0.70
Epoch [19/100] - [TRAIN] Loss: 0.5540, Accuracy: 73.97%, AUC: 0.74 [VAL] Loss: 0.5963, Accuracy: 71.01%, Precision: 0.73, Recall: 0.62, F1-Score: 0.67, AUC: 0.71
Epoch [20/100] - [TRAIN] Loss: 0.5531, Accuracy: 74.10%, AUC: 0.74 [VAL] Loss: 0.6006, Accuracy: 70.73%, Precision: 0.72, Recall: 0.62, F1-Score: 0.67, AUC: 0.70
Epoch [21/100] - [TRAIN] Loss: 0.5527, Accuracy: 74.15%, AUC: 0.74 [VAL] Loss: 0.6005, Accuracy: 70.83%, Precision: 0.71, Recall: 0.65, F1-Score: 0.68, AUC: 0.71
Epoch [22/100] - [TRAIN] Loss: 0.5519, Accuracy: 74.24%, AUC: 0.74 [VAL] Loss: 0.6068, Accuracy: 70.58%, Precision: 0.72, Recall: 0.63, F1-Score: 0.67, AUC: 0.70
Epoch [23/100] - [TRAIN] Loss: 0.5524, Accuracy: 74.20%, AUC: 0.74 [VAL] Loss: 0.6006, Accuracy: 70.78%, Precision: 0.72, Recall: 0.62, F1-Score: 0.67, AUC: 0.70
Epoch [24/100] - [TRAIN] Loss: 0.5518, Accuracy: 74.26%, AUC: 0.74 [VAL] Loss: 0.6056, Accuracy: 70.72%, Precision: 0.72, Recall: 0.63, F1-Score: 0.67, AUC: 0.70
Epoch [25/100] - [TRAIN] Loss: 0.5511, Accuracy: 74.36%, AUC: 0.74 [VAL] Loss: 0.6042, Accuracy: 71.01%, Precision: 0.72, Recall: 0.62, F1-Score: 0.67, AUC: 0.71
Epoch [26/100] - [TRAIN] Loss: 0.5516, Accuracy: 74.31%, AUC: 0.74 [VAL] Loss: 0.6083, Accuracy: 70.72%, Precision: 0.71, Recall: 0.65, F1-Score: 0.68, AUC: 0.70
Epoch [27/100] - [TRAIN] Loss: 0.5513, Accuracy: 74.41%, AUC: 0.74 [VAL] Loss: 0.6034, Accuracy: 70.97%, Precision: 0.71, Recall: 0.65, F1-Score: 0.68, AUC: 0.71
Epoch [28/100] - [TRAIN] Loss: 0.5506, Accuracy: 74.40%, AUC: 0.74 [VAL] Loss: 0.6034, Accuracy: 70.83%, Precision: 0.72, Recall: 0.64, F1-Score: 0.67, AUC: 0.70
Epoch [29/100] - [TRAIN] Loss: 0.5500, Accuracy: 74.46%, AUC: 0.74 [VAL] Loss: 0.6052, Accuracy: 70.45%, Precision: 0.72, Recall: 0.61, F1-Score: 0.66, AUC: 0.70
Epoch [30/100] - [TRAIN] Loss: 0.5493, Accuracy: 74.49%, AUC: 0.74 [VAL] Loss: 0.6059, Accuracy: 70.91%, Precision: 0.72, Recall: 0.62, F1-Score: 0.67, AUC: 0.70
Epoch [31/100] - [TRAIN] Loss: 0.5492, Accuracy: 74.57%, AUC: 0.74 [VAL] Loss: 0.6074, Accuracy: 70.48%, Precision: 0.73, Recall: 0.60, F1-Score: 0.66, AUC: 0.70
Epoch [32/100] - [TRAIN] Loss: 0.5495, Accuracy: 74.53%, AUC: 0.74 [VAL] Loss: 0.6058, Accuracy: 70.71%, Precision: 0.70, Recall: 0.66, F1-Score: 0.68, AUC: 0.70
Epoch [33/100] - [TRAIN] Loss: 0.5491, Accuracy: 74.59%, AUC: 0.74 [VAL] Loss: 0.6072, Accuracy: 70.83%, Precision: 0.71, Recall: 0.64, F1-Score: 0.68, AUC: 0.70
Epoch [34/100] - [TRAIN] Loss: 0.5483, Accuracy: 74.62%, AUC: 0.74 [VAL] Loss: 0.6087, Accuracy: 70.52%, Precision: 0.71, Recall: 0.63, F1-Score: 0.67, AUC: 0.70
Epoch [35/100] - [TRAIN] Loss: 0.5484, Accuracy: 74.70%, AUC: 0.74 [VAL] Loss: 0.6085, Accuracy: 70.39%, Precision: 0.72, Recall: 0.61, F1-Score: 0.66, AUC: 0.70
Epoch [36/100] - [TRAIN] Loss: 0.5482, Accuracy: 74.67%, AUC: 0.74 [VAL] Loss: 0.6063, Accuracy: 70.67%, Precision: 0.72, Recall: 0.63, F1-Score: 0.67, AUC: 0.70
Epoch [37/100] - [TRAIN] Loss: 0.5475, Accuracy: 74.79%, AUC: 0.74 [VAL] Loss: 0.6135, Accuracy: 70.19%, Precision: 0.70, Recall: 0.65, F1-Score: 0.67, AUC: 0.70
Epoch [38/100] - [TRAIN] Loss: 0.5480, Accuracy: 74.77%, AUC: 0.74 [VAL] Loss: 0.6081, Accuracy: 70.64%, Precision: 0.72, Recall: 0.61, F1-Score: 0.66, AUC: 0.70
Epoch [39/100] - [TRAIN] Loss: 0.5485, Accuracy: 74.68%, AUC: 0.74 [VAL] Loss: 0.6102, Accuracy: 70.81%, Precision: 0.71, Recall: 0.64, F1-Score: 0.67, AUC: 0.70
Epoch [40/100] - [TRAIN] Loss: 0.5466, Accuracy: 74.90%, AUC: 0.75 [VAL] Loss: 0.6147, Accuracy: 70.30%, Precision: 0.71, Recall: 0.63, F1-Score: 0.67, AUC: 0.70
Epoch [41/100] - [TRAIN] Loss: 0.5471, Accuracy: 74.91%, AUC: 0.75 [VAL] Loss: 0.6120, Accuracy: 70.55%, Precision: 0.72, Recall: 0.62, F1-Score: 0.66, AUC: 0.70
Epoch [42/100] - [TRAIN] Loss: 0.5465, Accuracy: 74.92%, AUC: 0.75 [VAL] Loss: 0.6076, Accuracy: 70.75%, Precision: 0.73, Recall: 0.60, F1-Score: 0.66, AUC: 0.70
Epoch [43/100] - [TRAIN] Loss: 0.5464, Accuracy: 74.96%, AUC: 0.75 [VAL] Loss: 0.6183, Accuracy: 70.35%, Precision: 0.71, Recall: 0.63, F1-Score: 0.67, AUC: 0.70
Epoch [44/100] - [TRAIN] Loss: 0.5453, Accuracy: 75.02%, AUC: 0.75 [VAL] Loss: 0.6090, Accuracy: 70.64%, Precision: 0.72, Recall: 0.61, F1-Score: 0.66, AUC: 0.70
Epoch [45/100] - [TRAIN] Loss: 0.5463, Accuracy: 74.93%, AUC: 0.75 [VAL] Loss: 0.6129, Accuracy: 70.70%, Precision: 0.72, Recall: 0.63, F1-Score: 0.67, AUC: 0.70
Epoch [46/100] - [TRAIN] Loss: 0.5464, Accuracy: 74.99%, AUC: 0.75 [VAL] Loss: 0.6136, Accuracy: 70.56%, Precision: 0.71, Recall: 0.65, F1-Score: 0.68, AUC: 0.70
Epoch [47/100] - [TRAIN] Loss: 0.5446, Accuracy: 75.10%, AUC: 0.75 [VAL] Loss: 0.6148, Accuracy: 70.52%, Precision: 0.71, Recall: 0.63, F1-Score: 0.67, AUC: 0.70
Epoch [48/100] - [TRAIN] Loss: 0.5458, Accuracy: 74.94%, AUC: 0.75 [VAL] Loss: 0.6117, Accuracy: 70.42%, Precision: 0.72, Recall: 0.62, F1-Score: 0.66, AUC: 0.70
Epoch [49/100] - [TRAIN] Loss: 0.5447, Accuracy: 75.06%, AUC: 0.75 [VAL] Loss: 0.6125, Accuracy: 70.76%, Precision: 0.72, Recall: 0.63, F1-Score: 0.67, AUC: 0.70
Epoch [50/100] - [TRAIN] Loss: 0.5456, Accuracy: 75.01%, AUC: 0.75 [VAL] Loss: 0.6152, Accuracy: 70.47%, Precision: 0.71, Recall: 0.63, F1-Score: 0.67, AUC: 0.70
Epoch [51/100] - [TRAIN] Loss: 0.5448, Accuracy: 75.06%, AUC: 0.75 [VAL] Loss: 0.6097, Accuracy: 70.75%, Precision: 0.71, Recall: 0.63, F1-Score: 0.67, AUC: 0.70
Epoch [52/100] - [TRAIN] Loss: 0.5449, Accuracy: 75.06%, AUC: 0.75 [VAL] Loss: 0.6169, Accuracy: 70.38%, Precision: 0.73, Recall: 0.60, F1-Score: 0.66, AUC: 0.70
Epoch [53/100] - [TRAIN] Loss: 0.5443, Accuracy: 75.16%, AUC: 0.75 [VAL] Loss: 0.6198, Accuracy: 70.66%, Precision: 0.71, Recall: 0.63, F1-Score: 0.67, AUC: 0.70
Epoch [54/100] - [TRAIN] Loss: 0.5448, Accuracy: 75.15%, AUC: 0.75 [VAL] Loss: 0.6192, Accuracy: 70.36%, Precision: 0.71, Recall: 0.63, F1-Score: 0.67, AUC: 0.70
Epoch [55/100] - [TRAIN] Loss: 0.5440, Accuracy: 75.21%, AUC: 0.75 [VAL] Loss: 0.6174, Accuracy: 70.44%, Precision: 0.70, Recall: 0.65, F1-Score: 0.67, AUC: 0.70
Epoch [56/100] - [TRAIN] Loss: 0.5440, Accuracy: 75.25%, AUC: 0.75 [VAL] Loss: 0.6176, Accuracy: 70.36%, Precision: 0.72, Recall: 0.61, F1-Score: 0.66, AUC: 0.70
Epoch [57/100] - [TRAIN] Loss: 0.5444, Accuracy: 75.21%, AUC: 0.75 [VAL] Loss: 0.6179, Accuracy: 70.05%, Precision: 0.71, Recall: 0.61, F1-Score: 0.66, AUC: 0.70
Epoch [58/100] - [TRAIN] Loss: 0.5446, Accuracy: 75.22%, AUC: 0.75 [VAL] Loss: 0.6146, Accuracy: 70.83%, Precision: 0.72, Recall: 0.63, F1-Score: 0.67, AUC: 0.70
Epoch [59/100] - [TRAIN] Loss: 0.5445, Accuracy: 75.22%, AUC: 0.75 [VAL] Loss: 0.6150, Accuracy: 70.41%, Precision: 0.72, Recall: 0.62, F1-Score: 0.67, AUC: 0.70
Epoch [60/100] - [TRAIN] Loss: 0.5448, Accuracy: 75.16%, AUC: 0.75 [VAL] Loss: 0.6223, Accuracy: 70.36%, Precision: 0.71, Recall: 0.64, F1-Score: 0.67, AUC: 0.70
Epoch [61/100] - [TRAIN] Loss: 0.5445, Accuracy: 75.31%, AUC: 0.75 [VAL] Loss: 0.6194, Accuracy: 70.41%, Precision: 0.71, Recall: 0.62, F1-Score: 0.67, AUC: 0.70
Epoch [62/100] - [TRAIN] Loss: 0.5446, Accuracy: 75.18%, AUC: 0.75 [VAL] Loss: 0.6196, Accuracy: 70.07%, Precision: 0.70, Recall: 0.64, F1-Score: 0.66, AUC: 0.70
Epoch [63/100] - [TRAIN] Loss: 0.5441, Accuracy: 75.25%, AUC: 0.75 [VAL] Loss: 0.6198, Accuracy: 70.22%, Precision: 0.71, Recall: 0.62, F1-Score: 0.66, AUC: 0.70
Epoch [64/100] - [TRAIN] Loss: 0.5435, Accuracy: 75.28%, AUC: 0.75 [VAL] Loss: 0.6194, Accuracy: 70.70%, Precision: 0.72, Recall: 0.62, F1-Score: 0.67, AUC: 0.70
Epoch [65/100] - [TRAIN] Loss: 0.5437, Accuracy: 75.31%, AUC: 0.75 [VAL] Loss: 0.6147, Accuracy: 70.41%, Precision: 0.71, Recall: 0.62, F1-Score: 0.66, AUC: 0.70
Epoch [66/100] - [TRAIN] Loss: 0.5422, Accuracy: 75.41%, AUC: 0.75 [VAL] Loss: 0.6219, Accuracy: 70.64%, Precision: 0.71, Recall: 0.63, F1-Score: 0.67, AUC: 0.70
Epoch [67/100] - [TRAIN] Loss: 0.5437, Accuracy: 75.36%, AUC: 0.75 [VAL] Loss: 0.6150, Accuracy: 70.64%, Precision: 0.70, Recall: 0.65, F1-Score: 0.68, AUC: 0.70
Epoch [68/100] - [TRAIN] Loss: 0.5441, Accuracy: 75.27%, AUC: 0.75 [VAL] Loss: 0.6208, Accuracy: 70.54%, Precision: 0.71, Recall: 0.63, F1-Score: 0.67, AUC: 0.70
Epoch [69/100] - [TRAIN] Loss: 0.5433, Accuracy: 75.32%, AUC: 0.75 [VAL] Loss: 0.6229, Accuracy: 70.13%, Precision: 0.71, Recall: 0.62, F1-Score: 0.66, AUC: 0.70
Epoch [70/100] - [TRAIN] Loss: 0.5439, Accuracy: 75.31%, AUC: 0.75 [VAL] Loss: 0.6259, Accuracy: 70.15%, Precision: 0.71, Recall: 0.62, F1-Score: 0.66, AUC: 0.70
Epoch [71/100] - [TRAIN] Loss: 0.5427, Accuracy: 75.42%, AUC: 0.75 [VAL] Loss: 0.6214, Accuracy: 70.62%, Precision: 0.71, Recall: 0.63, F1-Score: 0.67, AUC: 0.70
Epoch [72/100] - [TRAIN] Loss: 0.5428, Accuracy: 75.40%, AUC: 0.75 [VAL] Loss: 0.6201, Accuracy: 70.40%, Precision: 0.71, Recall: 0.63, F1-Score: 0.67, AUC: 0.70
Epoch [73/100] - [TRAIN] Loss: 0.5432, Accuracy: 75.42%, AUC: 0.75 [VAL] Loss: 0.6281, Accuracy: 70.49%, Precision: 0.72, Recall: 0.62, F1-Score: 0.66, AUC: 0.70
Epoch [74/100] - [TRAIN] Loss: 0.5428, Accuracy: 75.41%, AUC: 0.75 [VAL] Loss: 0.6174, Accuracy: 70.32%, Precision: 0.71, Recall: 0.62, F1-Score: 0.66, AUC: 0.70
Epoch [75/100] - [TRAIN] Loss: 0.5425, Accuracy: 75.40%, AUC: 0.75 [VAL] Loss: 0.6169, Accuracy: 70.44%, Precision: 0.71, Recall: 0.62, F1-Score: 0.66, AUC: 0.70
Epoch [76/100] - [TRAIN] Loss: 0.5421, Accuracy: 75.47%, AUC: 0.75 [VAL] Loss: 0.6237, Accuracy: 70.28%, Precision: 0.71, Recall: 0.62, F1-Score: 0.66, AUC: 0.70
Epoch [77/100] - [TRAIN] Loss: 0.5423, Accuracy: 75.49%, AUC: 0.75 [VAL] Loss: 0.6237, Accuracy: 69.89%, Precision: 0.70, Recall: 0.63, F1-Score: 0.66, AUC: 0.70
Epoch [78/100] - [TRAIN] Loss: 0.5420, Accuracy: 75.42%, AUC: 0.75 [VAL] Loss: 0.6213, Accuracy: 70.10%, Precision: 0.71, Recall: 0.62, F1-Score: 0.66, AUC: 0.70
Epoch [79/100] - [TRAIN] Loss: 0.5424, Accuracy: 75.46%, AUC: 0.75 [VAL] Loss: 0.6219, Accuracy: 70.54%, Precision: 0.72, Recall: 0.62, F1-Score: 0.67, AUC: 0.70
Epoch [80/100] - [TRAIN] Loss: 0.5430, Accuracy: 75.48%, AUC: 0.75 [VAL] Loss: 0.6180, Accuracy: 70.35%, Precision: 0.72, Recall: 0.61, F1-Score: 0.66, AUC: 0.70
Epoch [81/100] - [TRAIN] Loss: 0.5421, Accuracy: 75.52%, AUC: 0.75 [VAL] Loss: 0.6269, Accuracy: 70.29%, Precision: 0.71, Recall: 0.63, F1-Score: 0.67, AUC: 0.70
Epoch [82/100] - [TRAIN] Loss: 0.5421, Accuracy: 75.53%, AUC: 0.75 [VAL] Loss: 0.6247, Accuracy: 70.52%, Precision: 0.72, Recall: 0.61, F1-Score: 0.66, AUC: 0.70
Epoch [83/100] - [TRAIN] Loss: 0.5414, Accuracy: 75.49%, AUC: 0.75 [VAL] Loss: 0.6298, Accuracy: 70.32%, Precision: 0.70, Recall: 0.64, F1-Score: 0.67, AUC: 0.70
Epoch [84/100] - [TRAIN] Loss: 0.5424, Accuracy: 75.52%, AUC: 0.75 [VAL] Loss: 0.6324, Accuracy: 70.49%, Precision: 0.71, Recall: 0.63, F1-Score: 0.67, AUC: 0.70
Epoch [85/100] - [TRAIN] Loss: 0.5420, Accuracy: 75.52%, AUC: 0.75 [VAL] Loss: 0.6299, Accuracy: 70.42%, Precision: 0.71, Recall: 0.63, F1-Score: 0.67, AUC: 0.70
Epoch [86/100] - [TRAIN] Loss: 0.5414, Accuracy: 75.54%, AUC: 0.75 [VAL] Loss: 0.6326, Accuracy: 70.33%, Precision: 0.71, Recall: 0.63, F1-Score: 0.67, AUC: 0.70
Epoch [87/100] - [TRAIN] Loss: 0.5424, Accuracy: 75.52%, AUC: 0.75 [VAL] Loss: 0.6258, Accuracy: 70.58%, Precision: 0.72, Recall: 0.62, F1-Score: 0.67, AUC: 0.70
Epoch [88/100] - [TRAIN] Loss: 0.5420, Accuracy: 75.59%, AUC: 0.75 [VAL] Loss: 0.6308, Accuracy: 70.22%, Precision: 0.70, Recall: 0.64, F1-Score: 0.67, AUC: 0.70
Epoch [89/100] - [TRAIN] Loss: 0.5412, Accuracy: 75.60%, AUC: 0.75 [VAL] Loss: 0.6299, Accuracy: 70.27%, Precision: 0.71, Recall: 0.62, F1-Score: 0.66, AUC: 0.70
Epoch [90/100] - [TRAIN] Loss: 0.5410, Accuracy: 75.68%, AUC: 0.75 [VAL] Loss: 0.6261, Accuracy: 70.15%, Precision: 0.71, Recall: 0.62, F1-Score: 0.66, AUC: 0.70
Epoch [91/100] - [TRAIN] Loss: 0.5410, Accuracy: 75.60%, AUC: 0.75 [VAL] Loss: 0.6330, Accuracy: 70.27%, Precision: 0.71, Recall: 0.63, F1-Score: 0.67, AUC: 0.70
Epoch [92/100] - [TRAIN] Loss: 0.5413, Accuracy: 75.64%, AUC: 0.75 [VAL] Loss: 0.6242, Accuracy: 70.39%, Precision: 0.71, Recall: 0.61, F1-Score: 0.66, AUC: 0.70
Epoch [93/100] - [TRAIN] Loss: 0.5421, Accuracy: 75.57%, AUC: 0.75 [VAL] Loss: 0.6256, Accuracy: 70.40%, Precision: 0.72, Recall: 0.60, F1-Score: 0.66, AUC: 0.70
Epoch [94/100] - [TRAIN] Loss: 0.5410, Accuracy: 75.62%, AUC: 0.75 [VAL] Loss: 0.6263, Accuracy: 70.34%, Precision: 0.71, Recall: 0.63, F1-Score: 0.67, AUC: 0.70
Epoch [95/100] - [TRAIN] Loss: 0.5406, Accuracy: 75.65%, AUC: 0.75 [VAL] Loss: 0.6241, Accuracy: 70.70%, Precision: 0.71, Recall: 0.65, F1-Score: 0.68, AUC: 0.70
Epoch [96/100] - [TRAIN] Loss: 0.5405, Accuracy: 75.66%, AUC: 0.75 [VAL] Loss: 0.6260, Accuracy: 70.54%, Precision: 0.71, Recall: 0.63, F1-Score: 0.67, AUC: 0.70
Epoch [97/100] - [TRAIN] Loss: 0.5407, Accuracy: 75.68%, AUC: 0.75 [VAL] Loss: 0.6304, Accuracy: 70.32%, Precision: 0.72, Recall: 0.61, F1-Score: 0.66, AUC: 0.70
Epoch [98/100] - [TRAIN] Loss: 0.5408, Accuracy: 75.65%, AUC: 0.75 [VAL] Loss: 0.6280, Accuracy: 70.15%, Precision: 0.70, Recall: 0.64, F1-Score: 0.67, AUC: 0.70
Epoch [99/100] - [TRAIN] Loss: 0.5415, Accuracy: 75.55%, AUC: 0.75 [VAL] Loss: 0.6275, Accuracy: 70.37%, Precision: 0.71, Recall: 0.62, F1-Score: 0.67, AUC: 0.70
Epoch [100/100] - [TRAIN] Loss: 0.5421, Accuracy: 75.55%, AUC: 0.75 [VAL] Loss: 0.6230, Accuracy: 70.23%, Precision: 0.71, Recall: 0.62, F1-Score: 0.66, AUC: 0.70
Accuracy Score on test set: 70.45 %
AUC Score on test set: 0.70
Precision: 0.7211
Recall: 0.6197
F1-Score: 0.6666

Detailed Classification Report:
              precision    recall  f1-score   support

           0       0.69      0.78      0.73     52331
           1       0.72      0.62      0.67     47669

    accuracy                           0.70    100000
   macro avg       0.71      0.70      0.70    100000
weighted avg       0.71      0.70      0.70    100000


Confusion Matrix:
[[40907 11424]
 [18127 29542]]


Real-time duration: 30452.879199269 seconds
