/group/pmc021/amunif/epi-thesis/workflow/09_Learning_to_Rank/output/model/all_features/dol1l2-leakyrelu-lrscheduler-0.5-checkpoint-1000000-100-128-0.005-0.001.pt
Using device: cuda
Current CUDA device: 0
CUDA device name: Tesla P100-SXM2-16GB
Epoch [1/100] - [TRAIN] Loss: 0.5945, Accuracy: 70.61%, AUC: 0.70 [VAL] Loss: 0.5908, Accuracy: 69.92%, Precision: 0.70, Recall: 0.64, F1-Score: 0.67, AUC: 0.70
Epoch [2/100] - [TRAIN] Loss: 0.5881, Accuracy: 70.78%, AUC: 0.70 [VAL] Loss: 0.5878, Accuracy: 70.15%, Precision: 0.69, Recall: 0.66, F1-Score: 0.68, AUC: 0.70
Epoch [3/100] - [TRAIN] Loss: 0.5881, Accuracy: 70.76%, AUC: 0.70 [VAL] Loss: 0.5847, Accuracy: 70.23%, Precision: 0.69, Recall: 0.67, F1-Score: 0.68, AUC: 0.70
Epoch [4/100] - [TRAIN] Loss: 0.5874, Accuracy: 70.81%, AUC: 0.71 [VAL] Loss: 0.5926, Accuracy: 70.06%, Precision: 0.68, Recall: 0.70, F1-Score: 0.69, AUC: 0.70
Epoch [5/100] - [TRAIN] Loss: 0.5870, Accuracy: 70.76%, AUC: 0.70 [VAL] Loss: 0.5857, Accuracy: 70.49%, Precision: 0.71, Recall: 0.62, F1-Score: 0.67, AUC: 0.70
Epoch [6/100] - [TRAIN] Loss: 0.5865, Accuracy: 70.85%, AUC: 0.71 [VAL] Loss: 0.5879, Accuracy: 69.90%, Precision: 0.70, Recall: 0.64, F1-Score: 0.67, AUC: 0.70
Epoch [7/100] - [TRAIN] Loss: 0.5875, Accuracy: 70.74%, AUC: 0.70 [VAL] Loss: 0.5853, Accuracy: 70.25%, Precision: 0.71, Recall: 0.62, F1-Score: 0.66, AUC: 0.70
Epoch [8/100] - [TRAIN] Loss: 0.5868, Accuracy: 70.86%, AUC: 0.71 [VAL] Loss: 0.5857, Accuracy: 70.12%, Precision: 0.69, Recall: 0.66, F1-Score: 0.68, AUC: 0.70
Epoch [9/100] - [TRAIN] Loss: 0.5871, Accuracy: 70.76%, AUC: 0.70 [VAL] Loss: 0.5856, Accuracy: 70.51%, Precision: 0.72, Recall: 0.61, F1-Score: 0.66, AUC: 0.70
Epoch [10/100] - [TRAIN] Loss: 0.5863, Accuracy: 70.83%, AUC: 0.71 [VAL] Loss: 0.5845, Accuracy: 70.37%, Precision: 0.70, Recall: 0.64, F1-Score: 0.67, AUC: 0.70
Epoch [11/100] - [TRAIN] Loss: 0.5863, Accuracy: 70.79%, AUC: 0.71 [VAL] Loss: 0.5864, Accuracy: 70.13%, Precision: 0.70, Recall: 0.63, F1-Score: 0.67, AUC: 0.70
Epoch [12/100] - [TRAIN] Loss: 0.5869, Accuracy: 70.74%, AUC: 0.70 [VAL] Loss: 0.5891, Accuracy: 70.04%, Precision: 0.69, Recall: 0.65, F1-Score: 0.67, AUC: 0.70
Epoch [13/100] - [TRAIN] Loss: 0.5872, Accuracy: 70.78%, AUC: 0.71 [VAL] Loss: 0.5865, Accuracy: 70.42%, Precision: 0.71, Recall: 0.63, F1-Score: 0.67, AUC: 0.70
Epoch [14/100] - [TRAIN] Loss: 0.5871, Accuracy: 70.70%, AUC: 0.70 [VAL] Loss: 0.5848, Accuracy: 70.30%, Precision: 0.71, Recall: 0.64, F1-Score: 0.67, AUC: 0.70
Epoch [15/100] - [TRAIN] Loss: 0.5866, Accuracy: 70.77%, AUC: 0.70 [VAL] Loss: 0.5882, Accuracy: 70.23%, Precision: 0.70, Recall: 0.64, F1-Score: 0.67, AUC: 0.70
Epoch [16/100] - [TRAIN] Loss: 0.5863, Accuracy: 70.79%, AUC: 0.71 [VAL] Loss: 0.5884, Accuracy: 70.14%, Precision: 0.69, Recall: 0.67, F1-Score: 0.68, AUC: 0.70
Epoch [17/100] - [TRAIN] Loss: 0.5863, Accuracy: 70.77%, AUC: 0.70 [VAL] Loss: 0.5871, Accuracy: 70.35%, Precision: 0.72, Recall: 0.61, F1-Score: 0.66, AUC: 0.70
Epoch [18/100] - [TRAIN] Loss: 0.5860, Accuracy: 70.86%, AUC: 0.71 [VAL] Loss: 0.5873, Accuracy: 70.23%, Precision: 0.70, Recall: 0.65, F1-Score: 0.67, AUC: 0.70
Epoch [19/100] - [TRAIN] Loss: 0.5867, Accuracy: 70.77%, AUC: 0.70 [VAL] Loss: 0.5882, Accuracy: 70.26%, Precision: 0.72, Recall: 0.61, F1-Score: 0.66, AUC: 0.70
Epoch [20/100] - [TRAIN] Loss: 0.5862, Accuracy: 70.80%, AUC: 0.71 [VAL] Loss: 0.5865, Accuracy: 70.18%, Precision: 0.72, Recall: 0.61, F1-Score: 0.66, AUC: 0.70
Epoch [21/100] - [TRAIN] Loss: 0.5801, Accuracy: 70.83%, AUC: 0.71 [VAL] Loss: 0.5826, Accuracy: 70.42%, Precision: 0.70, Recall: 0.66, F1-Score: 0.68, AUC: 0.70
Epoch [22/100] - [TRAIN] Loss: 0.5786, Accuracy: 70.90%, AUC: 0.71 [VAL] Loss: 0.5850, Accuracy: 70.08%, Precision: 0.69, Recall: 0.66, F1-Score: 0.68, AUC: 0.70
Epoch [23/100] - [TRAIN] Loss: 0.5787, Accuracy: 70.94%, AUC: 0.71 [VAL] Loss: 0.5783, Accuracy: 70.46%, Precision: 0.71, Recall: 0.63, F1-Score: 0.67, AUC: 0.70
Epoch [24/100] - [TRAIN] Loss: 0.5784, Accuracy: 71.01%, AUC: 0.71 [VAL] Loss: 0.5833, Accuracy: 70.15%, Precision: 0.71, Recall: 0.63, F1-Score: 0.67, AUC: 0.70
Epoch [25/100] - [TRAIN] Loss: 0.5777, Accuracy: 71.09%, AUC: 0.71 [VAL] Loss: 0.5827, Accuracy: 70.31%, Precision: 0.71, Recall: 0.63, F1-Score: 0.67, AUC: 0.70
Epoch [26/100] - [TRAIN] Loss: 0.5790, Accuracy: 70.90%, AUC: 0.71 [VAL] Loss: 0.5804, Accuracy: 70.34%, Precision: 0.70, Recall: 0.65, F1-Score: 0.67, AUC: 0.70
Epoch [27/100] - [TRAIN] Loss: 0.5785, Accuracy: 70.96%, AUC: 0.71 [VAL] Loss: 0.5833, Accuracy: 70.21%, Precision: 0.70, Recall: 0.65, F1-Score: 0.67, AUC: 0.70
Epoch [28/100] - [TRAIN] Loss: 0.5779, Accuracy: 71.02%, AUC: 0.71 [VAL] Loss: 0.5816, Accuracy: 70.33%, Precision: 0.69, Recall: 0.67, F1-Score: 0.68, AUC: 0.70
Epoch [29/100] - [TRAIN] Loss: 0.5779, Accuracy: 71.01%, AUC: 0.71 [VAL] Loss: 0.5784, Accuracy: 70.55%, Precision: 0.70, Recall: 0.65, F1-Score: 0.68, AUC: 0.70
Epoch [30/100] - [TRAIN] Loss: 0.5769, Accuracy: 71.04%, AUC: 0.71 [VAL] Loss: 0.5822, Accuracy: 70.51%, Precision: 0.71, Recall: 0.63, F1-Score: 0.67, AUC: 0.70
Epoch [31/100] - [TRAIN] Loss: 0.5776, Accuracy: 70.98%, AUC: 0.71 [VAL] Loss: 0.5813, Accuracy: 70.36%, Precision: 0.70, Recall: 0.65, F1-Score: 0.67, AUC: 0.70
Epoch [32/100] - [TRAIN] Loss: 0.5778, Accuracy: 71.01%, AUC: 0.71 [VAL] Loss: 0.5816, Accuracy: 70.41%, Precision: 0.71, Recall: 0.63, F1-Score: 0.67, AUC: 0.70
Epoch [33/100] - [TRAIN] Loss: 0.5784, Accuracy: 70.92%, AUC: 0.71 [VAL] Loss: 0.5798, Accuracy: 70.57%, Precision: 0.71, Recall: 0.64, F1-Score: 0.67, AUC: 0.70
Epoch [34/100] - [TRAIN] Loss: 0.5773, Accuracy: 71.06%, AUC: 0.71 [VAL] Loss: 0.5822, Accuracy: 70.38%, Precision: 0.69, Recall: 0.66, F1-Score: 0.68, AUC: 0.70
Epoch [35/100] - [TRAIN] Loss: 0.5776, Accuracy: 71.07%, AUC: 0.71 [VAL] Loss: 0.5814, Accuracy: 70.33%, Precision: 0.70, Recall: 0.65, F1-Score: 0.67, AUC: 0.70
Epoch [36/100] - [TRAIN] Loss: 0.5779, Accuracy: 70.98%, AUC: 0.71 [VAL] Loss: 0.5811, Accuracy: 70.42%, Precision: 0.71, Recall: 0.63, F1-Score: 0.67, AUC: 0.70
Epoch [37/100] - [TRAIN] Loss: 0.5781, Accuracy: 70.98%, AUC: 0.71 [VAL] Loss: 0.5835, Accuracy: 70.19%, Precision: 0.70, Recall: 0.65, F1-Score: 0.67, AUC: 0.70
Epoch [38/100] - [TRAIN] Loss: 0.5776, Accuracy: 71.04%, AUC: 0.71 [VAL] Loss: 0.5821, Accuracy: 70.35%, Precision: 0.69, Recall: 0.67, F1-Score: 0.68, AUC: 0.70
Epoch [39/100] - [TRAIN] Loss: 0.5774, Accuracy: 71.03%, AUC: 0.71 [VAL] Loss: 0.5780, Accuracy: 70.56%, Precision: 0.70, Recall: 0.65, F1-Score: 0.68, AUC: 0.70
Epoch [40/100] - [TRAIN] Loss: 0.5772, Accuracy: 71.04%, AUC: 0.71 [VAL] Loss: 0.5808, Accuracy: 70.50%, Precision: 0.71, Recall: 0.63, F1-Score: 0.67, AUC: 0.70
Epoch [41/100] - [TRAIN] Loss: 0.5727, Accuracy: 71.03%, AUC: 0.71 [VAL] Loss: 0.5815, Accuracy: 70.18%, Precision: 0.70, Recall: 0.64, F1-Score: 0.67, AUC: 0.70
Epoch [42/100] - [TRAIN] Loss: 0.5705, Accuracy: 71.23%, AUC: 0.71 [VAL] Loss: 0.5774, Accuracy: 70.33%, Precision: 0.71, Recall: 0.63, F1-Score: 0.67, AUC: 0.70
Epoch [43/100] - [TRAIN] Loss: 0.5713, Accuracy: 71.14%, AUC: 0.71 [VAL] Loss: 0.5781, Accuracy: 70.35%, Precision: 0.70, Recall: 0.64, F1-Score: 0.67, AUC: 0.70
Epoch [44/100] - [TRAIN] Loss: 0.5704, Accuracy: 71.18%, AUC: 0.71 [VAL] Loss: 0.5790, Accuracy: 70.42%, Precision: 0.70, Recall: 0.66, F1-Score: 0.68, AUC: 0.70
Epoch [45/100] - [TRAIN] Loss: 0.5695, Accuracy: 71.32%, AUC: 0.71 [VAL] Loss: 0.5800, Accuracy: 70.66%, Precision: 0.71, Recall: 0.64, F1-Score: 0.67, AUC: 0.70
Epoch [46/100] - [TRAIN] Loss: 0.5699, Accuracy: 71.32%, AUC: 0.71 [VAL] Loss: 0.5817, Accuracy: 70.33%, Precision: 0.71, Recall: 0.64, F1-Score: 0.67, AUC: 0.70
Epoch [47/100] - [TRAIN] Loss: 0.5702, Accuracy: 71.30%, AUC: 0.71 [VAL] Loss: 0.5756, Accuracy: 70.57%, Precision: 0.71, Recall: 0.63, F1-Score: 0.67, AUC: 0.70
Epoch [48/100] - [TRAIN] Loss: 0.5693, Accuracy: 71.32%, AUC: 0.71 [VAL] Loss: 0.5780, Accuracy: 70.71%, Precision: 0.71, Recall: 0.64, F1-Score: 0.67, AUC: 0.70
Epoch [49/100] - [TRAIN] Loss: 0.5699, Accuracy: 71.26%, AUC: 0.71 [VAL] Loss: 0.5769, Accuracy: 70.44%, Precision: 0.72, Recall: 0.62, F1-Score: 0.66, AUC: 0.70
Epoch [50/100] - [TRAIN] Loss: 0.5695, Accuracy: 71.31%, AUC: 0.71 [VAL] Loss: 0.5782, Accuracy: 70.39%, Precision: 0.70, Recall: 0.66, F1-Score: 0.68, AUC: 0.70
Epoch [51/100] - [TRAIN] Loss: 0.5697, Accuracy: 71.35%, AUC: 0.71 [VAL] Loss: 0.5745, Accuracy: 70.80%, Precision: 0.72, Recall: 0.62, F1-Score: 0.67, AUC: 0.70
Epoch [52/100] - [TRAIN] Loss: 0.5683, Accuracy: 71.36%, AUC: 0.71 [VAL] Loss: 0.5782, Accuracy: 70.54%, Precision: 0.72, Recall: 0.62, F1-Score: 0.67, AUC: 0.70
Epoch [53/100] - [TRAIN] Loss: 0.5686, Accuracy: 71.37%, AUC: 0.71 [VAL] Loss: 0.5803, Accuracy: 70.16%, Precision: 0.70, Recall: 0.64, F1-Score: 0.67, AUC: 0.70
Epoch [54/100] - [TRAIN] Loss: 0.5702, Accuracy: 71.20%, AUC: 0.71 [VAL] Loss: 0.5769, Accuracy: 70.32%, Precision: 0.70, Recall: 0.64, F1-Score: 0.67, AUC: 0.70
Epoch [55/100] - [TRAIN] Loss: 0.5685, Accuracy: 71.34%, AUC: 0.71 [VAL] Loss: 0.5822, Accuracy: 70.44%, Precision: 0.69, Recall: 0.68, F1-Score: 0.68, AUC: 0.70
Epoch [56/100] - [TRAIN] Loss: 0.5686, Accuracy: 71.40%, AUC: 0.71 [VAL] Loss: 0.5755, Accuracy: 70.54%, Precision: 0.72, Recall: 0.61, F1-Score: 0.66, AUC: 0.70
Epoch [57/100] - [TRAIN] Loss: 0.5689, Accuracy: 71.39%, AUC: 0.71 [VAL] Loss: 0.5793, Accuracy: 70.31%, Precision: 0.70, Recall: 0.66, F1-Score: 0.68, AUC: 0.70
Epoch [58/100] - [TRAIN] Loss: 0.5692, Accuracy: 71.39%, AUC: 0.71 [VAL] Loss: 0.5740, Accuracy: 70.78%, Precision: 0.72, Recall: 0.63, F1-Score: 0.67, AUC: 0.70
Epoch [59/100] - [TRAIN] Loss: 0.5682, Accuracy: 71.42%, AUC: 0.71 [VAL] Loss: 0.5789, Accuracy: 70.77%, Precision: 0.70, Recall: 0.67, F1-Score: 0.69, AUC: 0.71
Epoch [60/100] - [TRAIN] Loss: 0.5689, Accuracy: 71.41%, AUC: 0.71 [VAL] Loss: 0.5782, Accuracy: 70.37%, Precision: 0.71, Recall: 0.63, F1-Score: 0.67, AUC: 0.70
Epoch [61/100] - [TRAIN] Loss: 0.5638, Accuracy: 71.61%, AUC: 0.71 [VAL] Loss: 0.5782, Accuracy: 70.59%, Precision: 0.72, Recall: 0.62, F1-Score: 0.67, AUC: 0.70
Epoch [62/100] - [TRAIN] Loss: 0.5620, Accuracy: 71.72%, AUC: 0.71 [VAL] Loss: 0.5728, Accuracy: 70.64%, Precision: 0.72, Recall: 0.64, F1-Score: 0.67, AUC: 0.70
Epoch [63/100] - [TRAIN] Loss: 0.5614, Accuracy: 71.81%, AUC: 0.71 [VAL] Loss: 0.5775, Accuracy: 70.54%, Precision: 0.73, Recall: 0.60, F1-Score: 0.66, AUC: 0.70
Epoch [64/100] - [TRAIN] Loss: 0.5609, Accuracy: 71.83%, AUC: 0.71 [VAL] Loss: 0.5790, Accuracy: 70.41%, Precision: 0.71, Recall: 0.63, F1-Score: 0.67, AUC: 0.70
Epoch [65/100] - [TRAIN] Loss: 0.5599, Accuracy: 71.93%, AUC: 0.72 [VAL] Loss: 0.5747, Accuracy: 70.91%, Precision: 0.72, Recall: 0.63, F1-Score: 0.67, AUC: 0.70
Epoch [66/100] - [TRAIN] Loss: 0.5601, Accuracy: 71.98%, AUC: 0.72 [VAL] Loss: 0.5800, Accuracy: 70.49%, Precision: 0.71, Recall: 0.63, F1-Score: 0.67, AUC: 0.70
Epoch [67/100] - [TRAIN] Loss: 0.5593, Accuracy: 72.08%, AUC: 0.72 [VAL] Loss: 0.5766, Accuracy: 70.82%, Precision: 0.70, Recall: 0.67, F1-Score: 0.68, AUC: 0.71
Epoch [68/100] - [TRAIN] Loss: 0.5604, Accuracy: 71.86%, AUC: 0.71 [VAL] Loss: 0.5789, Accuracy: 70.65%, Precision: 0.70, Recall: 0.66, F1-Score: 0.68, AUC: 0.70
Epoch [69/100] - [TRAIN] Loss: 0.5594, Accuracy: 72.06%, AUC: 0.72 [VAL] Loss: 0.5751, Accuracy: 70.78%, Precision: 0.72, Recall: 0.63, F1-Score: 0.67, AUC: 0.70
Epoch [70/100] - [TRAIN] Loss: 0.5588, Accuracy: 72.12%, AUC: 0.72 [VAL] Loss: 0.5757, Accuracy: 70.69%, Precision: 0.72, Recall: 0.62, F1-Score: 0.67, AUC: 0.70
Epoch [71/100] - [TRAIN] Loss: 0.5579, Accuracy: 72.18%, AUC: 0.72 [VAL] Loss: 0.5743, Accuracy: 70.99%, Precision: 0.71, Recall: 0.64, F1-Score: 0.68, AUC: 0.71
Epoch [72/100] - [TRAIN] Loss: 0.5573, Accuracy: 72.29%, AUC: 0.72 [VAL] Loss: 0.5760, Accuracy: 70.98%, Precision: 0.72, Recall: 0.63, F1-Score: 0.67, AUC: 0.71
Epoch [73/100] - [TRAIN] Loss: 0.5573, Accuracy: 72.29%, AUC: 0.72 [VAL] Loss: 0.5778, Accuracy: 70.49%, Precision: 0.72, Recall: 0.61, F1-Score: 0.66, AUC: 0.70
Epoch [74/100] - [TRAIN] Loss: 0.5571, Accuracy: 72.28%, AUC: 0.72 [VAL] Loss: 0.5796, Accuracy: 70.59%, Precision: 0.73, Recall: 0.60, F1-Score: 0.66, AUC: 0.70
Epoch [75/100] - [TRAIN] Loss: 0.5563, Accuracy: 72.35%, AUC: 0.72 [VAL] Loss: 0.5751, Accuracy: 71.00%, Precision: 0.72, Recall: 0.63, F1-Score: 0.67, AUC: 0.71
Epoch [76/100] - [TRAIN] Loss: 0.5565, Accuracy: 72.29%, AUC: 0.72 [VAL] Loss: 0.5757, Accuracy: 71.00%, Precision: 0.71, Recall: 0.65, F1-Score: 0.68, AUC: 0.71
Epoch [77/100] - [TRAIN] Loss: 0.5566, Accuracy: 72.35%, AUC: 0.72 [VAL] Loss: 0.5749, Accuracy: 70.79%, Precision: 0.71, Recall: 0.64, F1-Score: 0.67, AUC: 0.70
Epoch [78/100] - [TRAIN] Loss: 0.5568, Accuracy: 72.38%, AUC: 0.72 [VAL] Loss: 0.5775, Accuracy: 70.70%, Precision: 0.70, Recall: 0.66, F1-Score: 0.68, AUC: 0.70
Epoch [79/100] - [TRAIN] Loss: 0.5556, Accuracy: 72.45%, AUC: 0.72 [VAL] Loss: 0.5751, Accuracy: 71.12%, Precision: 0.70, Recall: 0.67, F1-Score: 0.68, AUC: 0.71
Epoch [80/100] - [TRAIN] Loss: 0.5550, Accuracy: 72.46%, AUC: 0.72 [VAL] Loss: 0.5768, Accuracy: 70.74%, Precision: 0.71, Recall: 0.65, F1-Score: 0.68, AUC: 0.70
Epoch [81/100] - [TRAIN] Loss: 0.5499, Accuracy: 72.88%, AUC: 0.73 [VAL] Loss: 0.5742, Accuracy: 71.09%, Precision: 0.71, Recall: 0.65, F1-Score: 0.68, AUC: 0.71
Epoch [82/100] - [TRAIN] Loss: 0.5484, Accuracy: 73.02%, AUC: 0.73 [VAL] Loss: 0.5759, Accuracy: 71.19%, Precision: 0.72, Recall: 0.64, F1-Score: 0.68, AUC: 0.71
Epoch [83/100] - [TRAIN] Loss: 0.5472, Accuracy: 73.20%, AUC: 0.73 [VAL] Loss: 0.5770, Accuracy: 70.66%, Precision: 0.70, Recall: 0.65, F1-Score: 0.68, AUC: 0.70
Epoch [84/100] - [TRAIN] Loss: 0.5480, Accuracy: 73.12%, AUC: 0.73 [VAL] Loss: 0.5795, Accuracy: 70.56%, Precision: 0.70, Recall: 0.65, F1-Score: 0.68, AUC: 0.70
Epoch [85/100] - [TRAIN] Loss: 0.5463, Accuracy: 73.26%, AUC: 0.73 [VAL] Loss: 0.5794, Accuracy: 70.60%, Precision: 0.69, Recall: 0.69, F1-Score: 0.69, AUC: 0.71
Epoch [86/100] - [TRAIN] Loss: 0.5458, Accuracy: 73.30%, AUC: 0.73 [VAL] Loss: 0.5775, Accuracy: 70.71%, Precision: 0.69, Recall: 0.67, F1-Score: 0.68, AUC: 0.71
Epoch [87/100] - [TRAIN] Loss: 0.5444, Accuracy: 73.42%, AUC: 0.73 [VAL] Loss: 0.5786, Accuracy: 70.54%, Precision: 0.72, Recall: 0.62, F1-Score: 0.67, AUC: 0.70
Epoch [88/100] - [TRAIN] Loss: 0.5441, Accuracy: 73.37%, AUC: 0.73 [VAL] Loss: 0.5757, Accuracy: 70.95%, Precision: 0.72, Recall: 0.63, F1-Score: 0.67, AUC: 0.71
Epoch [89/100] - [TRAIN] Loss: 0.5440, Accuracy: 73.54%, AUC: 0.73 [VAL] Loss: 0.5789, Accuracy: 70.83%, Precision: 0.70, Recall: 0.66, F1-Score: 0.68, AUC: 0.71
Epoch [90/100] - [TRAIN] Loss: 0.5434, Accuracy: 73.50%, AUC: 0.73 [VAL] Loss: 0.5775, Accuracy: 70.99%, Precision: 0.72, Recall: 0.64, F1-Score: 0.68, AUC: 0.71
Epoch [91/100] - [TRAIN] Loss: 0.5428, Accuracy: 73.58%, AUC: 0.73 [VAL] Loss: 0.5787, Accuracy: 70.94%, Precision: 0.71, Recall: 0.65, F1-Score: 0.68, AUC: 0.71
Epoch [92/100] - [TRAIN] Loss: 0.5434, Accuracy: 73.61%, AUC: 0.73 [VAL] Loss: 0.5792, Accuracy: 70.95%, Precision: 0.71, Recall: 0.66, F1-Score: 0.68, AUC: 0.71
Epoch [93/100] - [TRAIN] Loss: 0.5431, Accuracy: 73.58%, AUC: 0.73 [VAL] Loss: 0.5784, Accuracy: 70.98%, Precision: 0.71, Recall: 0.65, F1-Score: 0.68, AUC: 0.71
Epoch [94/100] - [TRAIN] Loss: 0.5419, Accuracy: 73.71%, AUC: 0.73 [VAL] Loss: 0.5805, Accuracy: 70.73%, Precision: 0.71, Recall: 0.64, F1-Score: 0.67, AUC: 0.70
Epoch [95/100] - [TRAIN] Loss: 0.5409, Accuracy: 73.81%, AUC: 0.73 [VAL] Loss: 0.5809, Accuracy: 70.72%, Precision: 0.70, Recall: 0.66, F1-Score: 0.68, AUC: 0.70
Epoch [96/100] - [TRAIN] Loss: 0.5425, Accuracy: 73.66%, AUC: 0.73 [VAL] Loss: 0.5802, Accuracy: 70.66%, Precision: 0.71, Recall: 0.64, F1-Score: 0.68, AUC: 0.70
Epoch [97/100] - [TRAIN] Loss: 0.5408, Accuracy: 73.81%, AUC: 0.73 [VAL] Loss: 0.5772, Accuracy: 70.93%, Precision: 0.73, Recall: 0.62, F1-Score: 0.67, AUC: 0.70
Epoch [98/100] - [TRAIN] Loss: 0.5402, Accuracy: 73.88%, AUC: 0.74 [VAL] Loss: 0.5777, Accuracy: 71.07%, Precision: 0.72, Recall: 0.63, F1-Score: 0.67, AUC: 0.71
Epoch [99/100] - [TRAIN] Loss: 0.5408, Accuracy: 73.80%, AUC: 0.73 [VAL] Loss: 0.5820, Accuracy: 70.63%, Precision: 0.70, Recall: 0.66, F1-Score: 0.68, AUC: 0.70
Epoch [100/100] - [TRAIN] Loss: 0.5406, Accuracy: 73.78%, AUC: 0.73 [VAL] Loss: 0.5801, Accuracy: 70.94%, Precision: 0.69, Recall: 0.69, F1-Score: 0.69, AUC: 0.71
Accuracy Score on test set: 70.85 %
AUC Score on test set: 0.71
Precision: 0.7009
Recall: 0.6838
F1-Score: 0.6923

Detailed Classification Report:
              precision    recall  f1-score   support

           0       0.72      0.73      0.72     52043
           1       0.70      0.68      0.69     47957

    accuracy                           0.71    100000
   macro avg       0.71      0.71      0.71    100000
weighted avg       0.71      0.71      0.71    100000


Confusion Matrix:
[[38051 13992]
 [15162 32795]]


Real-time duration: 38535.377958990 seconds
