Using device: cuda
Current CUDA device: 0
CUDA device name: Tesla P100-SXM2-16GB
Epoch [1/100] - [TRAIN] Loss: 0.5733, Accuracy: 70.51%, AUC: 0.70 [VAL] Loss: 0.5674, Accuracy: 70.19%, Precision: 0.72, Recall: 0.59, F1-Score: 0.65, AUC: 0.70
Epoch [2/100] - [TRAIN] Loss: 0.5653, Accuracy: 71.08%, AUC: 0.71 [VAL] Loss: 0.5653, Accuracy: 70.59%, Precision: 0.71, Recall: 0.63, F1-Score: 0.67, AUC: 0.70
Epoch [3/100] - [TRAIN] Loss: 0.5629, Accuracy: 71.20%, AUC: 0.71 [VAL] Loss: 0.5661, Accuracy: 70.44%, Precision: 0.72, Recall: 0.61, F1-Score: 0.66, AUC: 0.70
Epoch [4/100] - [TRAIN] Loss: 0.5618, Accuracy: 71.18%, AUC: 0.71 [VAL] Loss: 0.5634, Accuracy: 70.88%, Precision: 0.73, Recall: 0.60, F1-Score: 0.66, AUC: 0.70
Epoch [5/100] - [TRAIN] Loss: 0.5624, Accuracy: 71.12%, AUC: 0.71 [VAL] Loss: 0.5711, Accuracy: 70.06%, Precision: 0.71, Recall: 0.63, F1-Score: 0.67, AUC: 0.70
Epoch [6/100] - [TRAIN] Loss: 0.5620, Accuracy: 71.08%, AUC: 0.71 [VAL] Loss: 0.5660, Accuracy: 70.31%, Precision: 0.73, Recall: 0.59, F1-Score: 0.65, AUC: 0.70
Epoch [7/100] - [TRAIN] Loss: 0.5620, Accuracy: 71.12%, AUC: 0.71 [VAL] Loss: 0.5690, Accuracy: 70.26%, Precision: 0.72, Recall: 0.61, F1-Score: 0.66, AUC: 0.70
Epoch [8/100] - [TRAIN] Loss: 0.5615, Accuracy: 71.11%, AUC: 0.71 [VAL] Loss: 0.5736, Accuracy: 70.03%, Precision: 0.72, Recall: 0.61, F1-Score: 0.66, AUC: 0.70
Epoch [9/100] - [TRAIN] Loss: 0.5609, Accuracy: 71.17%, AUC: 0.71 [VAL] Loss: 0.5658, Accuracy: 70.66%, Precision: 0.72, Recall: 0.61, F1-Score: 0.66, AUC: 0.70
Epoch [10/100] - [TRAIN] Loss: 0.5611, Accuracy: 71.22%, AUC: 0.71 [VAL] Loss: 0.5682, Accuracy: 70.38%, Precision: 0.73, Recall: 0.59, F1-Score: 0.65, AUC: 0.70
Epoch [11/100] - [TRAIN] Loss: 0.5619, Accuracy: 71.18%, AUC: 0.71 [VAL] Loss: 0.5682, Accuracy: 70.15%, Precision: 0.72, Recall: 0.61, F1-Score: 0.66, AUC: 0.70
Epoch [12/100] - [TRAIN] Loss: 0.5605, Accuracy: 71.16%, AUC: 0.71 [VAL] Loss: 0.5690, Accuracy: 70.11%, Precision: 0.73, Recall: 0.59, F1-Score: 0.66, AUC: 0.70
Epoch [13/100] - [TRAIN] Loss: 0.5613, Accuracy: 71.17%, AUC: 0.71 [VAL] Loss: 0.5695, Accuracy: 70.15%, Precision: 0.74, Recall: 0.57, F1-Score: 0.64, AUC: 0.69
Epoch [14/100] - [TRAIN] Loss: 0.5604, Accuracy: 71.20%, AUC: 0.71 [VAL] Loss: 0.5702, Accuracy: 70.36%, Precision: 0.71, Recall: 0.63, F1-Score: 0.67, AUC: 0.70
Epoch [15/100] - [TRAIN] Loss: 0.5610, Accuracy: 71.19%, AUC: 0.71 [VAL] Loss: 0.5705, Accuracy: 70.17%, Precision: 0.70, Recall: 0.65, F1-Score: 0.67, AUC: 0.70
Epoch [16/100] - [TRAIN] Loss: 0.5610, Accuracy: 71.13%, AUC: 0.71 [VAL] Loss: 0.5682, Accuracy: 70.18%, Precision: 0.68, Recall: 0.69, F1-Score: 0.69, AUC: 0.70
Epoch [17/100] - [TRAIN] Loss: 0.5611, Accuracy: 71.18%, AUC: 0.71 [VAL] Loss: 0.5675, Accuracy: 70.33%, Precision: 0.69, Recall: 0.68, F1-Score: 0.68, AUC: 0.70
Epoch [18/100] - [TRAIN] Loss: 0.5616, Accuracy: 71.12%, AUC: 0.71 [VAL] Loss: 0.5658, Accuracy: 70.65%, Precision: 0.70, Recall: 0.66, F1-Score: 0.68, AUC: 0.70
Epoch [19/100] - [TRAIN] Loss: 0.5610, Accuracy: 71.25%, AUC: 0.71 [VAL] Loss: 0.5672, Accuracy: 70.29%, Precision: 0.72, Recall: 0.61, F1-Score: 0.66, AUC: 0.70
Epoch [20/100] - [TRAIN] Loss: 0.5598, Accuracy: 71.19%, AUC: 0.71 [VAL] Loss: 0.5656, Accuracy: 70.67%, Precision: 0.73, Recall: 0.60, F1-Score: 0.66, AUC: 0.70
Epoch [21/100] - [TRAIN] Loss: 0.5556, Accuracy: 71.42%, AUC: 0.71 [VAL] Loss: 0.5665, Accuracy: 70.61%, Precision: 0.72, Recall: 0.62, F1-Score: 0.66, AUC: 0.70
Epoch [22/100] - [TRAIN] Loss: 0.5540, Accuracy: 71.64%, AUC: 0.71 [VAL] Loss: 0.5664, Accuracy: 70.61%, Precision: 0.72, Recall: 0.61, F1-Score: 0.66, AUC: 0.70
Epoch [23/100] - [TRAIN] Loss: 0.5540, Accuracy: 71.56%, AUC: 0.71 [VAL] Loss: 0.5675, Accuracy: 70.34%, Precision: 0.71, Recall: 0.63, F1-Score: 0.67, AUC: 0.70
Epoch [24/100] - [TRAIN] Loss: 0.5519, Accuracy: 71.77%, AUC: 0.71 [VAL] Loss: 0.5664, Accuracy: 70.74%, Precision: 0.70, Recall: 0.66, F1-Score: 0.68, AUC: 0.71
Epoch [25/100] - [TRAIN] Loss: 0.5511, Accuracy: 71.84%, AUC: 0.71 [VAL] Loss: 0.5677, Accuracy: 70.47%, Precision: 0.72, Recall: 0.61, F1-Score: 0.66, AUC: 0.70
Epoch [26/100] - [TRAIN] Loss: 0.5509, Accuracy: 71.83%, AUC: 0.71 [VAL] Loss: 0.5683, Accuracy: 70.30%, Precision: 0.73, Recall: 0.59, F1-Score: 0.65, AUC: 0.70
Epoch [27/100] - [TRAIN] Loss: 0.5502, Accuracy: 71.95%, AUC: 0.72 [VAL] Loss: 0.5705, Accuracy: 70.31%, Precision: 0.71, Recall: 0.62, F1-Score: 0.66, AUC: 0.70
Epoch [28/100] - [TRAIN] Loss: 0.5496, Accuracy: 71.88%, AUC: 0.72 [VAL] Loss: 0.5690, Accuracy: 70.53%, Precision: 0.71, Recall: 0.63, F1-Score: 0.67, AUC: 0.70
Epoch [29/100] - [TRAIN] Loss: 0.5487, Accuracy: 72.12%, AUC: 0.72 [VAL] Loss: 0.5689, Accuracy: 70.22%, Precision: 0.72, Recall: 0.60, F1-Score: 0.66, AUC: 0.70
Epoch [30/100] - [TRAIN] Loss: 0.5490, Accuracy: 72.11%, AUC: 0.72 [VAL] Loss: 0.5674, Accuracy: 70.65%, Precision: 0.72, Recall: 0.62, F1-Score: 0.67, AUC: 0.70
Epoch [31/100] - [TRAIN] Loss: 0.5482, Accuracy: 72.17%, AUC: 0.72 [VAL] Loss: 0.5671, Accuracy: 70.75%, Precision: 0.72, Recall: 0.62, F1-Score: 0.67, AUC: 0.70
Epoch [32/100] - [TRAIN] Loss: 0.5475, Accuracy: 72.13%, AUC: 0.72 [VAL] Loss: 0.5660, Accuracy: 70.64%, Precision: 0.72, Recall: 0.63, F1-Score: 0.67, AUC: 0.70
Epoch [33/100] - [TRAIN] Loss: 0.5479, Accuracy: 72.05%, AUC: 0.72 [VAL] Loss: 0.5631, Accuracy: 70.80%, Precision: 0.72, Recall: 0.62, F1-Score: 0.67, AUC: 0.70
Epoch [34/100] - [TRAIN] Loss: 0.5476, Accuracy: 72.15%, AUC: 0.72 [VAL] Loss: 0.5667, Accuracy: 70.66%, Precision: 0.73, Recall: 0.60, F1-Score: 0.66, AUC: 0.70
Epoch [35/100] - [TRAIN] Loss: 0.5477, Accuracy: 72.13%, AUC: 0.72 [VAL] Loss: 0.5691, Accuracy: 70.43%, Precision: 0.72, Recall: 0.60, F1-Score: 0.66, AUC: 0.70
Epoch [36/100] - [TRAIN] Loss: 0.5484, Accuracy: 72.11%, AUC: 0.72 [VAL] Loss: 0.5647, Accuracy: 70.99%, Precision: 0.72, Recall: 0.62, F1-Score: 0.67, AUC: 0.70
Epoch [37/100] - [TRAIN] Loss: 0.5469, Accuracy: 72.20%, AUC: 0.72 [VAL] Loss: 0.5661, Accuracy: 70.53%, Precision: 0.71, Recall: 0.63, F1-Score: 0.67, AUC: 0.70
Epoch [38/100] - [TRAIN] Loss: 0.5473, Accuracy: 72.12%, AUC: 0.72 [VAL] Loss: 0.5654, Accuracy: 70.87%, Precision: 0.71, Recall: 0.64, F1-Score: 0.67, AUC: 0.70
Epoch [39/100] - [TRAIN] Loss: 0.5467, Accuracy: 72.14%, AUC: 0.72 [VAL] Loss: 0.5681, Accuracy: 70.81%, Precision: 0.71, Recall: 0.64, F1-Score: 0.68, AUC: 0.70
Epoch [40/100] - [TRAIN] Loss: 0.5475, Accuracy: 72.16%, AUC: 0.72 [VAL] Loss: 0.5633, Accuracy: 70.96%, Precision: 0.73, Recall: 0.60, F1-Score: 0.66, AUC: 0.70
Epoch [41/100] - [TRAIN] Loss: 0.5402, Accuracy: 72.67%, AUC: 0.72 [VAL] Loss: 0.5697, Accuracy: 70.54%, Precision: 0.71, Recall: 0.63, F1-Score: 0.67, AUC: 0.70
Epoch [42/100] - [TRAIN] Loss: 0.5388, Accuracy: 72.89%, AUC: 0.73 [VAL] Loss: 0.5707, Accuracy: 70.73%, Precision: 0.73, Recall: 0.61, F1-Score: 0.66, AUC: 0.70
Epoch [43/100] - [TRAIN] Loss: 0.5372, Accuracy: 73.01%, AUC: 0.73 [VAL] Loss: 0.5671, Accuracy: 70.90%, Precision: 0.72, Recall: 0.63, F1-Score: 0.67, AUC: 0.70
Epoch [44/100] - [TRAIN] Loss: 0.5349, Accuracy: 73.10%, AUC: 0.73 [VAL] Loss: 0.5699, Accuracy: 70.95%, Precision: 0.72, Recall: 0.63, F1-Score: 0.67, AUC: 0.71
Epoch [45/100] - [TRAIN] Loss: 0.5346, Accuracy: 73.16%, AUC: 0.73 [VAL] Loss: 0.5686, Accuracy: 70.58%, Precision: 0.71, Recall: 0.65, F1-Score: 0.68, AUC: 0.70
Epoch [46/100] - [TRAIN] Loss: 0.5332, Accuracy: 73.35%, AUC: 0.73 [VAL] Loss: 0.5709, Accuracy: 70.66%, Precision: 0.72, Recall: 0.61, F1-Score: 0.66, AUC: 0.70
Epoch [47/100] - [TRAIN] Loss: 0.5323, Accuracy: 73.36%, AUC: 0.73 [VAL] Loss: 0.5715, Accuracy: 70.47%, Precision: 0.71, Recall: 0.64, F1-Score: 0.67, AUC: 0.70
Epoch [48/100] - [TRAIN] Loss: 0.5317, Accuracy: 73.49%, AUC: 0.73 [VAL] Loss: 0.5695, Accuracy: 70.52%, Precision: 0.71, Recall: 0.63, F1-Score: 0.67, AUC: 0.70
Epoch [49/100] - [TRAIN] Loss: 0.5315, Accuracy: 73.51%, AUC: 0.73 [VAL] Loss: 0.5676, Accuracy: 70.73%, Precision: 0.73, Recall: 0.61, F1-Score: 0.66, AUC: 0.70
Epoch [50/100] - [TRAIN] Loss: 0.5306, Accuracy: 73.63%, AUC: 0.73 [VAL] Loss: 0.5699, Accuracy: 70.83%, Precision: 0.71, Recall: 0.64, F1-Score: 0.68, AUC: 0.70
Epoch [51/100] - [TRAIN] Loss: 0.5300, Accuracy: 73.59%, AUC: 0.73 [VAL] Loss: 0.5733, Accuracy: 70.52%, Precision: 0.71, Recall: 0.63, F1-Score: 0.67, AUC: 0.70
Epoch [52/100] - [TRAIN] Loss: 0.5291, Accuracy: 73.65%, AUC: 0.73 [VAL] Loss: 0.5771, Accuracy: 70.34%, Precision: 0.72, Recall: 0.62, F1-Score: 0.67, AUC: 0.70
Epoch [53/100] - [TRAIN] Loss: 0.5279, Accuracy: 73.78%, AUC: 0.73 [VAL] Loss: 0.5705, Accuracy: 70.88%, Precision: 0.72, Recall: 0.63, F1-Score: 0.67, AUC: 0.70
Epoch [54/100] - [TRAIN] Loss: 0.5290, Accuracy: 73.69%, AUC: 0.73 [VAL] Loss: 0.5730, Accuracy: 70.50%, Precision: 0.71, Recall: 0.63, F1-Score: 0.67, AUC: 0.70
Epoch [55/100] - [TRAIN] Loss: 0.5283, Accuracy: 73.71%, AUC: 0.73 [VAL] Loss: 0.5783, Accuracy: 70.04%, Precision: 0.72, Recall: 0.60, F1-Score: 0.65, AUC: 0.70
Epoch [56/100] - [TRAIN] Loss: 0.5270, Accuracy: 73.88%, AUC: 0.73 [VAL] Loss: 0.5735, Accuracy: 70.76%, Precision: 0.72, Recall: 0.63, F1-Score: 0.67, AUC: 0.70
Epoch [57/100] - [TRAIN] Loss: 0.5270, Accuracy: 73.87%, AUC: 0.74 [VAL] Loss: 0.5759, Accuracy: 70.52%, Precision: 0.73, Recall: 0.61, F1-Score: 0.66, AUC: 0.70
Epoch [58/100] - [TRAIN] Loss: 0.5250, Accuracy: 73.97%, AUC: 0.74 [VAL] Loss: 0.5722, Accuracy: 70.70%, Precision: 0.72, Recall: 0.62, F1-Score: 0.67, AUC: 0.70
Epoch [59/100] - [TRAIN] Loss: 0.5259, Accuracy: 73.92%, AUC: 0.74 [VAL] Loss: 0.5747, Accuracy: 70.74%, Precision: 0.71, Recall: 0.65, F1-Score: 0.68, AUC: 0.70
Epoch [60/100] - [TRAIN] Loss: 0.5249, Accuracy: 74.00%, AUC: 0.74 [VAL] Loss: 0.5727, Accuracy: 70.70%, Precision: 0.70, Recall: 0.66, F1-Score: 0.68, AUC: 0.70
Epoch [61/100] - [TRAIN] Loss: 0.5184, Accuracy: 74.56%, AUC: 0.74 [VAL] Loss: 0.5764, Accuracy: 70.39%, Precision: 0.70, Recall: 0.65, F1-Score: 0.67, AUC: 0.70
Epoch [62/100] - [TRAIN] Loss: 0.5156, Accuracy: 74.74%, AUC: 0.74 [VAL] Loss: 0.5780, Accuracy: 70.49%, Precision: 0.71, Recall: 0.63, F1-Score: 0.67, AUC: 0.70
Epoch [63/100] - [TRAIN] Loss: 0.5142, Accuracy: 74.86%, AUC: 0.74 [VAL] Loss: 0.5811, Accuracy: 70.44%, Precision: 0.71, Recall: 0.63, F1-Score: 0.67, AUC: 0.70
Epoch [64/100] - [TRAIN] Loss: 0.5131, Accuracy: 74.92%, AUC: 0.75 [VAL] Loss: 0.5778, Accuracy: 70.41%, Precision: 0.72, Recall: 0.62, F1-Score: 0.66, AUC: 0.70
Epoch [65/100] - [TRAIN] Loss: 0.5135, Accuracy: 74.96%, AUC: 0.75 [VAL] Loss: 0.5810, Accuracy: 70.23%, Precision: 0.71, Recall: 0.63, F1-Score: 0.67, AUC: 0.70
Epoch [66/100] - [TRAIN] Loss: 0.5114, Accuracy: 75.01%, AUC: 0.75 [VAL] Loss: 0.5798, Accuracy: 70.25%, Precision: 0.70, Recall: 0.63, F1-Score: 0.67, AUC: 0.70
Epoch [67/100] - [TRAIN] Loss: 0.5105, Accuracy: 75.09%, AUC: 0.75 [VAL] Loss: 0.5784, Accuracy: 70.62%, Precision: 0.70, Recall: 0.65, F1-Score: 0.67, AUC: 0.70
Epoch [68/100] - [TRAIN] Loss: 0.5106, Accuracy: 75.07%, AUC: 0.75 [VAL] Loss: 0.5810, Accuracy: 70.69%, Precision: 0.71, Recall: 0.64, F1-Score: 0.67, AUC: 0.70
Epoch [69/100] - [TRAIN] Loss: 0.5090, Accuracy: 75.18%, AUC: 0.75 [VAL] Loss: 0.5799, Accuracy: 70.58%, Precision: 0.72, Recall: 0.63, F1-Score: 0.67, AUC: 0.70
Epoch [70/100] - [TRAIN] Loss: 0.5087, Accuracy: 75.17%, AUC: 0.75 [VAL] Loss: 0.5840, Accuracy: 70.41%, Precision: 0.71, Recall: 0.62, F1-Score: 0.66, AUC: 0.70
Epoch [71/100] - [TRAIN] Loss: 0.5081, Accuracy: 75.25%, AUC: 0.75 [VAL] Loss: 0.5850, Accuracy: 70.11%, Precision: 0.71, Recall: 0.63, F1-Score: 0.67, AUC: 0.70
Epoch [72/100] - [TRAIN] Loss: 0.5080, Accuracy: 75.25%, AUC: 0.75 [VAL] Loss: 0.5832, Accuracy: 70.19%, Precision: 0.71, Recall: 0.62, F1-Score: 0.66, AUC: 0.70
Epoch [73/100] - [TRAIN] Loss: 0.5074, Accuracy: 75.27%, AUC: 0.75 [VAL] Loss: 0.5842, Accuracy: 70.10%, Precision: 0.71, Recall: 0.62, F1-Score: 0.66, AUC: 0.70
Epoch [74/100] - [TRAIN] Loss: 0.5071, Accuracy: 75.35%, AUC: 0.75 [VAL] Loss: 0.5837, Accuracy: 70.39%, Precision: 0.71, Recall: 0.63, F1-Score: 0.67, AUC: 0.70
Epoch [75/100] - [TRAIN] Loss: 0.5068, Accuracy: 75.39%, AUC: 0.75 [VAL] Loss: 0.5866, Accuracy: 70.15%, Precision: 0.71, Recall: 0.63, F1-Score: 0.67, AUC: 0.70
Epoch [76/100] - [TRAIN] Loss: 0.5057, Accuracy: 75.43%, AUC: 0.75 [VAL] Loss: 0.5874, Accuracy: 70.16%, Precision: 0.72, Recall: 0.60, F1-Score: 0.65, AUC: 0.70
Epoch [77/100] - [TRAIN] Loss: 0.5051, Accuracy: 75.39%, AUC: 0.75 [VAL] Loss: 0.5915, Accuracy: 70.17%, Precision: 0.70, Recall: 0.64, F1-Score: 0.67, AUC: 0.70
Epoch [78/100] - [TRAIN] Loss: 0.5059, Accuracy: 75.41%, AUC: 0.75 [VAL] Loss: 0.5865, Accuracy: 70.37%, Precision: 0.71, Recall: 0.63, F1-Score: 0.67, AUC: 0.70
Epoch [79/100] - [TRAIN] Loss: 0.5042, Accuracy: 75.48%, AUC: 0.75 [VAL] Loss: 0.5889, Accuracy: 70.50%, Precision: 0.71, Recall: 0.62, F1-Score: 0.66, AUC: 0.70
Epoch [80/100] - [TRAIN] Loss: 0.5031, Accuracy: 75.54%, AUC: 0.75 [VAL] Loss: 0.5918, Accuracy: 70.21%, Precision: 0.70, Recall: 0.65, F1-Score: 0.67, AUC: 0.70
Epoch [81/100] - [TRAIN] Loss: 0.4996, Accuracy: 75.86%, AUC: 0.75 [VAL] Loss: 0.5929, Accuracy: 69.97%, Precision: 0.71, Recall: 0.62, F1-Score: 0.66, AUC: 0.70
Epoch [82/100] - [TRAIN] Loss: 0.4963, Accuracy: 76.06%, AUC: 0.76 [VAL] Loss: 0.5949, Accuracy: 70.04%, Precision: 0.71, Recall: 0.62, F1-Score: 0.66, AUC: 0.70
Epoch [83/100] - [TRAIN] Loss: 0.4960, Accuracy: 76.08%, AUC: 0.76 [VAL] Loss: 0.5904, Accuracy: 70.18%, Precision: 0.71, Recall: 0.62, F1-Score: 0.66, AUC: 0.70
Epoch [84/100] - [TRAIN] Loss: 0.4948, Accuracy: 76.14%, AUC: 0.76 [VAL] Loss: 0.5908, Accuracy: 70.14%, Precision: 0.71, Recall: 0.62, F1-Score: 0.66, AUC: 0.70
Epoch [85/100] - [TRAIN] Loss: 0.4943, Accuracy: 76.20%, AUC: 0.76 [VAL] Loss: 0.5919, Accuracy: 70.21%, Precision: 0.71, Recall: 0.63, F1-Score: 0.67, AUC: 0.70
Epoch [86/100] - [TRAIN] Loss: 0.4935, Accuracy: 76.24%, AUC: 0.76 [VAL] Loss: 0.5932, Accuracy: 70.06%, Precision: 0.71, Recall: 0.62, F1-Score: 0.66, AUC: 0.70
Epoch [87/100] - [TRAIN] Loss: 0.4925, Accuracy: 76.32%, AUC: 0.76 [VAL] Loss: 0.5925, Accuracy: 70.24%, Precision: 0.71, Recall: 0.62, F1-Score: 0.66, AUC: 0.70
Epoch [88/100] - [TRAIN] Loss: 0.4924, Accuracy: 76.34%, AUC: 0.76 [VAL] Loss: 0.5958, Accuracy: 70.03%, Precision: 0.70, Recall: 0.63, F1-Score: 0.67, AUC: 0.70
Epoch [89/100] - [TRAIN] Loss: 0.4921, Accuracy: 76.32%, AUC: 0.76 [VAL] Loss: 0.5971, Accuracy: 70.06%, Precision: 0.71, Recall: 0.63, F1-Score: 0.66, AUC: 0.70
Epoch [90/100] - [TRAIN] Loss: 0.4920, Accuracy: 76.31%, AUC: 0.76 [VAL] Loss: 0.5986, Accuracy: 69.94%, Precision: 0.71, Recall: 0.62, F1-Score: 0.66, AUC: 0.69
Epoch [91/100] - [TRAIN] Loss: 0.4913, Accuracy: 76.44%, AUC: 0.76 [VAL] Loss: 0.5961, Accuracy: 70.03%, Precision: 0.70, Recall: 0.63, F1-Score: 0.67, AUC: 0.70
Epoch [92/100] - [TRAIN] Loss: 0.4912, Accuracy: 76.39%, AUC: 0.76 [VAL] Loss: 0.5988, Accuracy: 69.91%, Precision: 0.70, Recall: 0.62, F1-Score: 0.66, AUC: 0.70
Epoch [93/100] - [TRAIN] Loss: 0.4911, Accuracy: 76.46%, AUC: 0.76 [VAL] Loss: 0.5999, Accuracy: 70.00%, Precision: 0.71, Recall: 0.62, F1-Score: 0.66, AUC: 0.70
Epoch [94/100] - [TRAIN] Loss: 0.4901, Accuracy: 76.46%, AUC: 0.76 [VAL] Loss: 0.5969, Accuracy: 69.89%, Precision: 0.70, Recall: 0.62, F1-Score: 0.66, AUC: 0.69
Epoch [95/100] - [TRAIN] Loss: 0.4892, Accuracy: 76.49%, AUC: 0.76 [VAL] Loss: 0.5953, Accuracy: 70.34%, Precision: 0.71, Recall: 0.64, F1-Score: 0.67, AUC: 0.70
Epoch [96/100] - [TRAIN] Loss: 0.4895, Accuracy: 76.55%, AUC: 0.76 [VAL] Loss: 0.5980, Accuracy: 69.95%, Precision: 0.70, Recall: 0.63, F1-Score: 0.66, AUC: 0.70
Epoch [97/100] - [TRAIN] Loss: 0.4894, Accuracy: 76.49%, AUC: 0.76 [VAL] Loss: 0.6000, Accuracy: 69.94%, Precision: 0.70, Recall: 0.64, F1-Score: 0.67, AUC: 0.70
Epoch [98/100] - [TRAIN] Loss: 0.4888, Accuracy: 76.48%, AUC: 0.76 [VAL] Loss: 0.5981, Accuracy: 70.18%, Precision: 0.70, Recall: 0.63, F1-Score: 0.67, AUC: 0.70
Epoch [99/100] - [TRAIN] Loss: 0.4876, Accuracy: 76.53%, AUC: 0.76 [VAL] Loss: 0.6012, Accuracy: 69.89%, Precision: 0.70, Recall: 0.63, F1-Score: 0.67, AUC: 0.70
Epoch [100/100] - [TRAIN] Loss: 0.4887, Accuracy: 76.50%, AUC: 0.76 [VAL] Loss: 0.5970, Accuracy: 70.09%, Precision: 0.71, Recall: 0.62, F1-Score: 0.66, AUC: 0.70
Accuracy Score on test set: 70.57 %
AUC Score on test set: 0.70
Precision: 0.7168
Recall: 0.6311
F1-Score: 0.6712

Detailed Classification Report:
              precision    recall  f1-score   support

           0       0.70      0.77      0.73     52399
           1       0.72      0.63      0.67     47601

    accuracy                           0.71    100000
   macro avg       0.71      0.70      0.70    100000
weighted avg       0.71      0.71      0.70    100000


Confusion Matrix:
[[40530 11869]
 [17561 30040]]


Real-time duration: 28284.494453501 seconds
