Using cuda device
Loading the data ...
Item: H3K9me3-H3K27me3-H3K36me3-H3K4me1-H3K4me3
Epoch [10/100] - [TRAIN] Loss: 0.5155, Accuracy: 78.86%, AUC: 0.79 - [VAL] Loss: 0.5311, Accuracy: 78.48%, AUC: 0.78
Epoch [20/100] - [TRAIN] Loss: 0.4845, Accuracy: 79.27%, AUC: 0.79 - [VAL] Loss: 0.5000, Accuracy: 78.69%, AUC: 0.79
Epoch [30/100] - [TRAIN] Loss: 0.4696, Accuracy: 80.16%, AUC: 0.80 - [VAL] Loss: 0.4852, Accuracy: 78.86%, AUC: 0.79
Epoch [40/100] - [TRAIN] Loss: 0.4624, Accuracy: 80.16%, AUC: 0.80 - [VAL] Loss: 0.4933, Accuracy: 78.69%, AUC: 0.79
Epoch [50/100] - [TRAIN] Loss: 0.4552, Accuracy: 80.55%, AUC: 0.81 - [VAL] Loss: 0.4817, Accuracy: 78.71%, AUC: 0.79
Epoch [60/100] - [TRAIN] Loss: 0.4521, Accuracy: 80.41%, AUC: 0.80 - [VAL] Loss: 0.4745, Accuracy: 78.91%, AUC: 0.79
Epoch [70/100] - [TRAIN] Loss: 0.4519, Accuracy: 80.67%, AUC: 0.81 - [VAL] Loss: 0.4802, Accuracy: 78.83%, AUC: 0.79
Epoch [80/100] - [TRAIN] Loss: 0.4456, Accuracy: 80.73%, AUC: 0.81 - [VAL] Loss: 0.4755, Accuracy: 78.89%, AUC: 0.79
Epoch [90/100] - [TRAIN] Loss: 0.4492, Accuracy: 81.02%, AUC: 0.81 - [VAL] Loss: 0.4691, Accuracy: 78.84%, AUC: 0.79
Epoch [100/100] - [TRAIN] Loss: 0.4471, Accuracy: 80.86%, AUC: 0.81 - [VAL] Loss: 0.4737, Accuracy: 79.00%, AUC: 0.79
Training finished!
Accuracy Score on test set: 80.36 %
AUC Score on test set: 0.80

Item: H3K27me3-H3K4me3-H3K4me1-H3K36me3-H3K9me3
Epoch [10/100] - [TRAIN] Loss: 0.5055, Accuracy: 79.26%, AUC: 0.79 - [VAL] Loss: 0.5222, Accuracy: 78.68%, AUC: 0.79
Epoch [20/100] - [TRAIN] Loss: 0.4823, Accuracy: 80.06%, AUC: 0.80 - [VAL] Loss: 0.4963, Accuracy: 78.94%, AUC: 0.79
Epoch [30/100] - [TRAIN] Loss: 0.4664, Accuracy: 80.32%, AUC: 0.80 - [VAL] Loss: 0.4880, Accuracy: 79.13%, AUC: 0.79
Epoch [40/100] - [TRAIN] Loss: 0.4608, Accuracy: 80.78%, AUC: 0.81 - [VAL] Loss: 0.4898, Accuracy: 79.10%, AUC: 0.79
Epoch [50/100] - [TRAIN] Loss: 0.4520, Accuracy: 80.83%, AUC: 0.81 - [VAL] Loss: 0.4821, Accuracy: 79.01%, AUC: 0.79
Epoch [60/100] - [TRAIN] Loss: 0.4512, Accuracy: 80.60%, AUC: 0.81 - [VAL] Loss: 0.4777, Accuracy: 78.97%, AUC: 0.79
Epoch [70/100] - [TRAIN] Loss: 0.4476, Accuracy: 81.05%, AUC: 0.81 - [VAL] Loss: 0.4716, Accuracy: 79.13%, AUC: 0.79
Epoch [80/100] - [TRAIN] Loss: 0.4462, Accuracy: 81.18%, AUC: 0.81 - [VAL] Loss: 0.4764, Accuracy: 79.00%, AUC: 0.79
Epoch [90/100] - [TRAIN] Loss: 0.4463, Accuracy: 81.04%, AUC: 0.81 - [VAL] Loss: 0.4797, Accuracy: 78.95%, AUC: 0.79
Epoch [100/100] - [TRAIN] Loss: 0.4456, Accuracy: 81.24%, AUC: 0.81 - [VAL] Loss: 0.5064, Accuracy: 78.75%, AUC: 0.79
Training finished!
Accuracy Score on test set: 80.54 %
AUC Score on test set: 0.81

Item: H3K27me3-H3K4me3-H3K4me1-H3K9me3-H3K36me3
Epoch [10/100] - [TRAIN] Loss: 0.5116, Accuracy: 79.26%, AUC: 0.79 - [VAL] Loss: 0.5245, Accuracy: 78.60%, AUC: 0.79
Epoch [20/100] - [TRAIN] Loss: 0.4794, Accuracy: 79.91%, AUC: 0.80 - [VAL] Loss: 0.4939, Accuracy: 78.87%, AUC: 0.79
Epoch [30/100] - [TRAIN] Loss: 0.4647, Accuracy: 80.48%, AUC: 0.80 - [VAL] Loss: 0.4938, Accuracy: 78.63%, AUC: 0.79
Epoch [40/100] - [TRAIN] Loss: 0.4573, Accuracy: 80.46%, AUC: 0.80 - [VAL] Loss: 0.4776, Accuracy: 78.86%, AUC: 0.79
Epoch [50/100] - [TRAIN] Loss: 0.4522, Accuracy: 80.93%, AUC: 0.81 - [VAL] Loss: 0.4727, Accuracy: 78.95%, AUC: 0.79
Epoch [60/100] - [TRAIN] Loss: 0.4596, Accuracy: 80.72%, AUC: 0.81 - [VAL] Loss: 0.5090, Accuracy: 75.31%, AUC: 0.75
Epoch [70/100] - [TRAIN] Loss: 0.4469, Accuracy: 81.19%, AUC: 0.81 - [VAL] Loss: 0.4700, Accuracy: 79.27%, AUC: 0.79
Epoch [80/100] - [TRAIN] Loss: 0.4431, Accuracy: 81.13%, AUC: 0.81 - [VAL] Loss: 0.4679, Accuracy: 79.13%, AUC: 0.79
Epoch [90/100] - [TRAIN] Loss: 0.4409, Accuracy: 81.04%, AUC: 0.81 - [VAL] Loss: 0.4669, Accuracy: 79.20%, AUC: 0.79
Epoch [100/100] - [TRAIN] Loss: 0.4403, Accuracy: 80.95%, AUC: 0.81 - [VAL] Loss: 0.4666, Accuracy: 79.36%, AUC: 0.79
Training finished!
Accuracy Score on test set: 80.79 %
AUC Score on test set: 0.81

Item: H3K27me3-H3K4me3-H3K36me3-H3K4me1-H3K9me3
Epoch [10/100] - [TRAIN] Loss: 0.5067, Accuracy: 79.30%, AUC: 0.79 - [VAL] Loss: 0.5232, Accuracy: 78.54%, AUC: 0.79
Epoch [20/100] - [TRAIN] Loss: 0.4783, Accuracy: 79.70%, AUC: 0.80 - [VAL] Loss: 0.4958, Accuracy: 79.10%, AUC: 0.79
Epoch [30/100] - [TRAIN] Loss: 0.4629, Accuracy: 80.05%, AUC: 0.80 - [VAL] Loss: 0.4839, Accuracy: 79.06%, AUC: 0.79
Epoch [40/100] - [TRAIN] Loss: 0.4571, Accuracy: 80.51%, AUC: 0.81 - [VAL] Loss: 0.4802, Accuracy: 78.97%, AUC: 0.79
Epoch [50/100] - [TRAIN] Loss: 0.4547, Accuracy: 80.54%, AUC: 0.81 - [VAL] Loss: 0.4840, Accuracy: 78.98%, AUC: 0.79
Epoch [60/100] - [TRAIN] Loss: 0.4482, Accuracy: 80.66%, AUC: 0.81 - [VAL] Loss: 0.4795, Accuracy: 78.91%, AUC: 0.79
Epoch [70/100] - [TRAIN] Loss: 0.4435, Accuracy: 81.22%, AUC: 0.81 - [VAL] Loss: 0.4720, Accuracy: 78.95%, AUC: 0.79
Epoch [80/100] - [TRAIN] Loss: 0.4463, Accuracy: 81.25%, AUC: 0.81 - [VAL] Loss: 0.4704, Accuracy: 78.94%, AUC: 0.79
Epoch [90/100] - [TRAIN] Loss: 0.4380, Accuracy: 81.37%, AUC: 0.81 - [VAL] Loss: 0.4716, Accuracy: 79.13%, AUC: 0.79
Epoch [100/100] - [TRAIN] Loss: 0.4349, Accuracy: 81.27%, AUC: 0.81 - [VAL] Loss: 0.4691, Accuracy: 79.24%, AUC: 0.79
Training finished!
Accuracy Score on test set: 80.79 %
AUC Score on test set: 0.81

Item: H3K27me3-H3K4me3-H3K36me3-H3K9me3-H3K4me1
Epoch [10/100] - [TRAIN] Loss: 0.5088, Accuracy: 79.24%, AUC: 0.79 - [VAL] Loss: 0.5165, Accuracy: 78.80%, AUC: 0.79
Epoch [20/100] - [TRAIN] Loss: 0.4709, Accuracy: 80.60%, AUC: 0.81 - [VAL] Loss: 0.4979, Accuracy: 78.84%, AUC: 0.79
Epoch [30/100] - [TRAIN] Loss: 0.4706, Accuracy: 80.46%, AUC: 0.80 - [VAL] Loss: 0.4932, Accuracy: 78.89%, AUC: 0.79
Epoch [40/100] - [TRAIN] Loss: 0.4594, Accuracy: 80.63%, AUC: 0.81 - [VAL] Loss: 0.4896, Accuracy: 78.81%, AUC: 0.79
Epoch [50/100] - [TRAIN] Loss: 0.4574, Accuracy: 80.49%, AUC: 0.80 - [VAL] Loss: 0.4811, Accuracy: 78.94%, AUC: 0.79
Epoch [60/100] - [TRAIN] Loss: 0.4519, Accuracy: 80.87%, AUC: 0.81 - [VAL] Loss: 0.4799, Accuracy: 79.04%, AUC: 0.79
Epoch [70/100] - [TRAIN] Loss: 0.4493, Accuracy: 80.77%, AUC: 0.81 - [VAL] Loss: 0.4747, Accuracy: 79.12%, AUC: 0.79
Epoch [80/100] - [TRAIN] Loss: 0.4504, Accuracy: 80.84%, AUC: 0.81 - [VAL] Loss: 0.4838, Accuracy: 78.86%, AUC: 0.79
Epoch [90/100] - [TRAIN] Loss: 0.4440, Accuracy: 80.98%, AUC: 0.81 - [VAL] Loss: 0.4708, Accuracy: 79.29%, AUC: 0.79
Epoch [100/100] - [TRAIN] Loss: 0.4433, Accuracy: 80.89%, AUC: 0.81 - [VAL] Loss: 0.4728, Accuracy: 79.09%, AUC: 0.79
Training finished!
Accuracy Score on test set: 80.77 %
AUC Score on test set: 0.81

Item: H3K27me3-H3K4me3-H3K9me3-H3K4me1-H3K36me3
Epoch [10/100] - [TRAIN] Loss: 0.5162, Accuracy: 79.36%, AUC: 0.79 - [VAL] Loss: 0.5377, Accuracy: 78.23%, AUC: 0.78
Epoch [20/100] - [TRAIN] Loss: 0.4851, Accuracy: 79.88%, AUC: 0.80 - [VAL] Loss: 0.4937, Accuracy: 79.01%, AUC: 0.79
Epoch [30/100] - [TRAIN] Loss: 0.4655, Accuracy: 80.57%, AUC: 0.81 - [VAL] Loss: 0.4986, Accuracy: 78.77%, AUC: 0.79
Epoch [40/100] - [TRAIN] Loss: 0.4644, Accuracy: 80.66%, AUC: 0.81 - [VAL] Loss: 0.5096, Accuracy: 78.25%, AUC: 0.78
Epoch [50/100] - [TRAIN] Loss: 0.4588, Accuracy: 80.37%, AUC: 0.80 - [VAL] Loss: 0.4822, Accuracy: 78.94%, AUC: 0.79
Epoch [60/100] - [TRAIN] Loss: 0.4690, Accuracy: 80.57%, AUC: 0.81 - [VAL] Loss: 0.5504, Accuracy: 71.48%, AUC: 0.71
Epoch [70/100] - [TRAIN] Loss: 0.4540, Accuracy: 80.49%, AUC: 0.80 - [VAL] Loss: 0.4766, Accuracy: 78.89%, AUC: 0.79
Epoch [80/100] - [TRAIN] Loss: 0.4462, Accuracy: 80.64%, AUC: 0.81 - [VAL] Loss: 0.4754, Accuracy: 79.06%, AUC: 0.79
Epoch [90/100] - [TRAIN] Loss: 0.4449, Accuracy: 80.78%, AUC: 0.81 - [VAL] Loss: 0.4723, Accuracy: 79.21%, AUC: 0.79
Epoch [100/100] - [TRAIN] Loss: 0.4420, Accuracy: 80.99%, AUC: 0.81 - [VAL] Loss: 0.4728, Accuracy: 79.23%, AUC: 0.79
Training finished!
Accuracy Score on test set: 80.59 %
AUC Score on test set: 0.81

Item: H3K27me3-H3K4me3-H3K9me3-H3K36me3-H3K4me1
Epoch [10/100] - [TRAIN] Loss: 0.5105, Accuracy: 79.26%, AUC: 0.79 - [VAL] Loss: 0.5198, Accuracy: 79.01%, AUC: 0.79
Epoch [20/100] - [TRAIN] Loss: 0.4778, Accuracy: 80.17%, AUC: 0.80 - [VAL] Loss: 0.5140, Accuracy: 78.97%, AUC: 0.79
Epoch [30/100] - [TRAIN] Loss: 0.4693, Accuracy: 80.23%, AUC: 0.80 - [VAL] Loss: 0.4912, Accuracy: 78.98%, AUC: 0.79
Epoch [40/100] - [TRAIN] Loss: 0.4641, Accuracy: 80.03%, AUC: 0.80 - [VAL] Loss: 0.4902, Accuracy: 79.00%, AUC: 0.79
Epoch [50/100] - [TRAIN] Loss: 0.4566, Accuracy: 80.61%, AUC: 0.81 - [VAL] Loss: 0.4795, Accuracy: 79.06%, AUC: 0.79
Epoch [60/100] - [TRAIN] Loss: 0.4546, Accuracy: 80.54%, AUC: 0.81 - [VAL] Loss: 0.4812, Accuracy: 79.13%, AUC: 0.79
Epoch [70/100] - [TRAIN] Loss: 0.4504, Accuracy: 80.63%, AUC: 0.81 - [VAL] Loss: 0.4741, Accuracy: 79.00%, AUC: 0.79
Epoch [80/100] - [TRAIN] Loss: 0.4454, Accuracy: 81.19%, AUC: 0.81 - [VAL] Loss: 0.4887, Accuracy: 79.04%, AUC: 0.79
Epoch [90/100] - [TRAIN] Loss: 0.4466, Accuracy: 80.81%, AUC: 0.81 - [VAL] Loss: 0.4707, Accuracy: 79.26%, AUC: 0.79
Epoch [100/100] - [TRAIN] Loss: 0.4436, Accuracy: 80.41%, AUC: 0.80 - [VAL] Loss: 0.4758, Accuracy: 79.18%, AUC: 0.79
Training finished!
Accuracy Score on test set: 80.62 %
AUC Score on test set: 0.81

Item: H3K27me3-H3K4me1-H3K4me3-H3K36me3-H3K9me3
Epoch [10/100] - [TRAIN] Loss: 0.5014, Accuracy: 79.48%, AUC: 0.79 - [VAL] Loss: 0.5236, Accuracy: 78.57%, AUC: 0.79
Epoch [20/100] - [TRAIN] Loss: 0.4747, Accuracy: 80.05%, AUC: 0.80 - [VAL] Loss: 0.4998, Accuracy: 78.94%, AUC: 0.79
Epoch [30/100] - [TRAIN] Loss: 0.4692, Accuracy: 80.52%, AUC: 0.81 - [VAL] Loss: 0.4870, Accuracy: 79.10%, AUC: 0.79
Epoch [40/100] - [TRAIN] Loss: 0.4586, Accuracy: 80.61%, AUC: 0.81 - [VAL] Loss: 0.4828, Accuracy: 78.91%, AUC: 0.79
Epoch [50/100] - [TRAIN] Loss: 0.4549, Accuracy: 80.43%, AUC: 0.80 - [VAL] Loss: 0.4790, Accuracy: 78.83%, AUC: 0.79
Epoch [60/100] - [TRAIN] Loss: 0.4500, Accuracy: 81.02%, AUC: 0.81 - [VAL] Loss: 0.4799, Accuracy: 78.91%, AUC: 0.79
Epoch [70/100] - [TRAIN] Loss: 0.4457, Accuracy: 81.09%, AUC: 0.81 - [VAL] Loss: 0.4739, Accuracy: 78.98%, AUC: 0.79
Epoch [80/100] - [TRAIN] Loss: 0.4407, Accuracy: 81.01%, AUC: 0.81 - [VAL] Loss: 0.4700, Accuracy: 79.27%, AUC: 0.79
Epoch [90/100] - [TRAIN] Loss: 0.4500, Accuracy: 80.87%, AUC: 0.81 - [VAL] Loss: 0.4691, Accuracy: 79.01%, AUC: 0.79
Epoch [100/100] - [TRAIN] Loss: 0.4427, Accuracy: 81.18%, AUC: 0.81 - [VAL] Loss: 0.4715, Accuracy: 79.06%, AUC: 0.79
Training finished!
Accuracy Score on test set: 80.72 %
AUC Score on test set: 0.81

Item: H3K27me3-H3K4me1-H3K4me3-H3K9me3-H3K36me3
Epoch [10/100] - [TRAIN] Loss: 0.5088, Accuracy: 79.82%, AUC: 0.80 - [VAL] Loss: 0.5305, Accuracy: 78.58%, AUC: 0.79
Epoch [20/100] - [TRAIN] Loss: 0.4796, Accuracy: 79.93%, AUC: 0.80 - [VAL] Loss: 0.5095, Accuracy: 78.66%, AUC: 0.79
Epoch [30/100] - [TRAIN] Loss: 0.4602, Accuracy: 80.51%, AUC: 0.81 - [VAL] Loss: 0.4936, Accuracy: 79.01%, AUC: 0.79
Epoch [40/100] - [TRAIN] Loss: 0.4603, Accuracy: 80.64%, AUC: 0.81 - [VAL] Loss: 0.4869, Accuracy: 79.06%, AUC: 0.79
Epoch [50/100] - [TRAIN] Loss: 0.4535, Accuracy: 80.69%, AUC: 0.81 - [VAL] Loss: 0.4758, Accuracy: 79.03%, AUC: 0.79
Epoch [60/100] - [TRAIN] Loss: 0.4487, Accuracy: 81.10%, AUC: 0.81 - [VAL] Loss: 0.4748, Accuracy: 79.03%, AUC: 0.79
Epoch [70/100] - [TRAIN] Loss: 0.4464, Accuracy: 80.87%, AUC: 0.81 - [VAL] Loss: 0.4823, Accuracy: 78.94%, AUC: 0.79
Epoch [80/100] - [TRAIN] Loss: 0.4486, Accuracy: 80.87%, AUC: 0.81 - [VAL] Loss: 0.4711, Accuracy: 78.92%, AUC: 0.79
Epoch [90/100] - [TRAIN] Loss: 0.4416, Accuracy: 81.24%, AUC: 0.81 - [VAL] Loss: 0.4724, Accuracy: 79.15%, AUC: 0.79
Epoch [100/100] - [TRAIN] Loss: 0.4390, Accuracy: 81.30%, AUC: 0.81 - [VAL] Loss: 0.4688, Accuracy: 79.43%, AUC: 0.79
Training finished!
Accuracy Score on test set: 80.68 %
AUC Score on test set: 0.81

Item: H3K27me3-H3K4me1-H3K36me3-H3K4me3-H3K9me3
Epoch [10/100] - [TRAIN] Loss: 0.5053, Accuracy: 79.71%, AUC: 0.80 - [VAL] Loss: 0.5247, Accuracy: 78.63%, AUC: 0.79
Epoch [20/100] - [TRAIN] Loss: 0.4772, Accuracy: 80.40%, AUC: 0.80 - [VAL] Loss: 0.5150, Accuracy: 78.71%, AUC: 0.79
Epoch [30/100] - [TRAIN] Loss: 0.4653, Accuracy: 80.09%, AUC: 0.80 - [VAL] Loss: 0.4989, Accuracy: 78.80%, AUC: 0.79
Epoch [40/100] - [TRAIN] Loss: 0.4583, Accuracy: 80.40%, AUC: 0.80 - [VAL] Loss: 0.4858, Accuracy: 78.84%, AUC: 0.79
Epoch [50/100] - [TRAIN] Loss: 0.4571, Accuracy: 80.99%, AUC: 0.81 - [VAL] Loss: 0.4800, Accuracy: 78.80%, AUC: 0.79
Epoch [60/100] - [TRAIN] Loss: 0.4507, Accuracy: 80.87%, AUC: 0.81 - [VAL] Loss: 0.4819, Accuracy: 78.98%, AUC: 0.79
Epoch [70/100] - [TRAIN] Loss: 0.4461, Accuracy: 81.13%, AUC: 0.81 - [VAL] Loss: 0.4766, Accuracy: 78.98%, AUC: 0.79
Epoch [80/100] - [TRAIN] Loss: 0.4468, Accuracy: 81.21%, AUC: 0.81 - [VAL] Loss: 0.4736, Accuracy: 78.91%, AUC: 0.79
Epoch [90/100] - [TRAIN] Loss: 0.4411, Accuracy: 81.21%, AUC: 0.81 - [VAL] Loss: 0.4805, Accuracy: 78.92%, AUC: 0.79
Epoch [100/100] - [TRAIN] Loss: 0.4405, Accuracy: 81.33%, AUC: 0.81 - [VAL] Loss: 0.4727, Accuracy: 79.24%, AUC: 0.79
Training finished!
Accuracy Score on test set: 80.62 %
AUC Score on test set: 0.81

Item: H3K27me3-H3K4me1-H3K36me3-H3K9me3-H3K4me3
Epoch [10/100] - [TRAIN] Loss: 0.5079, Accuracy: 79.39%, AUC: 0.79 - [VAL] Loss: 0.5193, Accuracy: 78.72%, AUC: 0.79
Epoch [20/100] - [TRAIN] Loss: 0.4765, Accuracy: 80.12%, AUC: 0.80 - [VAL] Loss: 0.5004, Accuracy: 78.81%, AUC: 0.79
Epoch [30/100] - [TRAIN] Loss: 0.4683, Accuracy: 80.17%, AUC: 0.80 - [VAL] Loss: 0.4885, Accuracy: 78.92%, AUC: 0.79
Epoch [40/100] - [TRAIN] Loss: 0.4605, Accuracy: 80.49%, AUC: 0.80 - [VAL] Loss: 0.4857, Accuracy: 78.78%, AUC: 0.79
Epoch [50/100] - [TRAIN] Loss: 0.4566, Accuracy: 80.32%, AUC: 0.80 - [VAL] Loss: 0.4814, Accuracy: 78.86%, AUC: 0.79
Epoch [60/100] - [TRAIN] Loss: 0.4521, Accuracy: 80.81%, AUC: 0.81 - [VAL] Loss: 0.4799, Accuracy: 78.77%, AUC: 0.79
Epoch [70/100] - [TRAIN] Loss: 0.4504, Accuracy: 80.98%, AUC: 0.81 - [VAL] Loss: 0.4734, Accuracy: 79.13%, AUC: 0.79
Epoch [80/100] - [TRAIN] Loss: 0.4451, Accuracy: 80.80%, AUC: 0.81 - [VAL] Loss: 0.4765, Accuracy: 78.87%, AUC: 0.79
Epoch [90/100] - [TRAIN] Loss: 0.4413, Accuracy: 81.24%, AUC: 0.81 - [VAL] Loss: 0.4693, Accuracy: 79.39%, AUC: 0.79
Epoch [100/100] - [TRAIN] Loss: 0.4378, Accuracy: 81.51%, AUC: 0.82 - [VAL] Loss: 0.4717, Accuracy: 79.27%, AUC: 0.79
Training finished!
Accuracy Score on test set: 80.54 %
AUC Score on test set: 0.81

Item: H3K27me3-H3K4me1-H3K9me3-H3K4me3-H3K36me3
Epoch [10/100] - [TRAIN] Loss: 0.5067, Accuracy: 79.21%, AUC: 0.79 - [VAL] Loss: 0.5181, Accuracy: 78.74%, AUC: 0.79
Epoch [20/100] - [TRAIN] Loss: 0.4751, Accuracy: 80.09%, AUC: 0.80 - [VAL] Loss: 0.4909, Accuracy: 79.13%, AUC: 0.79
Epoch [30/100] - [TRAIN] Loss: 0.4641, Accuracy: 80.66%, AUC: 0.81 - [VAL] Loss: 0.4892, Accuracy: 79.01%, AUC: 0.79
Epoch [40/100] - [TRAIN] Loss: 0.4574, Accuracy: 80.77%, AUC: 0.81 - [VAL] Loss: 0.4832, Accuracy: 79.03%, AUC: 0.79
Epoch [50/100] - [TRAIN] Loss: 0.4558, Accuracy: 81.02%, AUC: 0.81 - [VAL] Loss: 0.4830, Accuracy: 79.01%, AUC: 0.79
Epoch [60/100] - [TRAIN] Loss: 0.4542, Accuracy: 80.87%, AUC: 0.81 - [VAL] Loss: 0.4735, Accuracy: 78.77%, AUC: 0.79
Epoch [70/100] - [TRAIN] Loss: 0.4470, Accuracy: 80.86%, AUC: 0.81 - [VAL] Loss: 0.4736, Accuracy: 79.12%, AUC: 0.79
Epoch [80/100] - [TRAIN] Loss: 0.4454, Accuracy: 80.84%, AUC: 0.81 - [VAL] Loss: 0.4708, Accuracy: 79.39%, AUC: 0.79
Epoch [90/100] - [TRAIN] Loss: 0.4421, Accuracy: 80.84%, AUC: 0.81 - [VAL] Loss: 0.4704, Accuracy: 79.29%, AUC: 0.79
Epoch [100/100] - [TRAIN] Loss: 0.4398, Accuracy: 81.39%, AUC: 0.81 - [VAL] Loss: 0.4688, Accuracy: 79.46%, AUC: 0.79
Training finished!
Accuracy Score on test set: 80.83 %
AUC Score on test set: 0.81

Item: H3K27me3-H3K4me1-H3K9me3-H3K36me3-H3K4me3
Epoch [10/100] - [TRAIN] Loss: 0.5132, Accuracy: 79.67%, AUC: 0.80 - [VAL] Loss: 0.5366, Accuracy: 78.40%, AUC: 0.78
Epoch [20/100] - [TRAIN] Loss: 0.4786, Accuracy: 80.29%, AUC: 0.80 - [VAL] Loss: 0.5333, Accuracy: 78.20%, AUC: 0.78
Epoch [30/100] - [TRAIN] Loss: 0.4655, Accuracy: 80.60%, AUC: 0.81 - [VAL] Loss: 0.5158, Accuracy: 78.43%, AUC: 0.78
Epoch [40/100] - [TRAIN] Loss: 0.4590, Accuracy: 80.54%, AUC: 0.81 - [VAL] Loss: 0.4953, Accuracy: 78.92%, AUC: 0.79
Epoch [50/100] - [TRAIN] Loss: 0.4544, Accuracy: 80.63%, AUC: 0.81 - [VAL] Loss: 0.4840, Accuracy: 79.07%, AUC: 0.79
Epoch [60/100] - [TRAIN] Loss: 0.4478, Accuracy: 80.58%, AUC: 0.81 - [VAL] Loss: 0.4785, Accuracy: 79.17%, AUC: 0.79
Epoch [70/100] - [TRAIN] Loss: 0.4471, Accuracy: 81.01%, AUC: 0.81 - [VAL] Loss: 0.4819, Accuracy: 79.04%, AUC: 0.79
Epoch [80/100] - [TRAIN] Loss: 0.4421, Accuracy: 81.24%, AUC: 0.81 - [VAL] Loss: 0.4741, Accuracy: 79.23%, AUC: 0.79
Epoch [90/100] - [TRAIN] Loss: 0.4502, Accuracy: 81.05%, AUC: 0.81 - [VAL] Loss: 0.4820, Accuracy: 77.71%, AUC: 0.78
Epoch [100/100] - [TRAIN] Loss: 0.4385, Accuracy: 81.42%, AUC: 0.81 - [VAL] Loss: 0.4724, Accuracy: 79.43%, AUC: 0.79
Training finished!
Accuracy Score on test set: 80.77 %
AUC Score on test set: 0.81

Item: H3K27me3-H3K36me3-H3K4me3-H3K4me1-H3K9me3
Epoch [10/100] - [TRAIN] Loss: 0.5077, Accuracy: 79.74%, AUC: 0.80 - [VAL] Loss: 0.5370, Accuracy: 78.51%, AUC: 0.79
Epoch [20/100] - [TRAIN] Loss: 0.4766, Accuracy: 80.14%, AUC: 0.80 - [VAL] Loss: 0.4940, Accuracy: 79.07%, AUC: 0.79
Epoch [30/100] - [TRAIN] Loss: 0.4662, Accuracy: 79.67%, AUC: 0.80 - [VAL] Loss: 0.4960, Accuracy: 78.97%, AUC: 0.79
Epoch [40/100] - [TRAIN] Loss: 0.4622, Accuracy: 80.78%, AUC: 0.81 - [VAL] Loss: 0.4934, Accuracy: 78.77%, AUC: 0.79
Epoch [50/100] - [TRAIN] Loss: 0.4552, Accuracy: 80.34%, AUC: 0.80 - [VAL] Loss: 0.4856, Accuracy: 78.83%, AUC: 0.79
Epoch [60/100] - [TRAIN] Loss: 0.4481, Accuracy: 80.89%, AUC: 0.81 - [VAL] Loss: 0.4749, Accuracy: 79.18%, AUC: 0.79
Epoch [70/100] - [TRAIN] Loss: 0.4451, Accuracy: 80.80%, AUC: 0.81 - [VAL] Loss: 0.4765, Accuracy: 79.04%, AUC: 0.79
Epoch [80/100] - [TRAIN] Loss: 0.4524, Accuracy: 80.77%, AUC: 0.81 - [VAL] Loss: 0.4693, Accuracy: 79.17%, AUC: 0.79
Epoch [90/100] - [TRAIN] Loss: 0.4422, Accuracy: 81.36%, AUC: 0.81 - [VAL] Loss: 0.4735, Accuracy: 79.18%, AUC: 0.79
Epoch [100/100] - [TRAIN] Loss: 0.4434, Accuracy: 81.02%, AUC: 0.81 - [VAL] Loss: 0.4721, Accuracy: 78.97%, AUC: 0.79
Training finished!
Accuracy Score on test set: 80.62 %
AUC Score on test set: 0.81

Item: H3K27me3-H3K36me3-H3K4me3-H3K9me3-H3K4me1
Epoch [10/100] - [TRAIN] Loss: 0.5114, Accuracy: 79.12%, AUC: 0.79 - [VAL] Loss: 0.5196, Accuracy: 78.78%, AUC: 0.79
Epoch [20/100] - [TRAIN] Loss: 0.4731, Accuracy: 80.48%, AUC: 0.80 - [VAL] Loss: 0.5007, Accuracy: 78.80%, AUC: 0.79
Epoch [30/100] - [TRAIN] Loss: 0.4671, Accuracy: 80.35%, AUC: 0.80 - [VAL] Loss: 0.4915, Accuracy: 78.86%, AUC: 0.79
Epoch [40/100] - [TRAIN] Loss: 0.4581, Accuracy: 80.58%, AUC: 0.81 - [VAL] Loss: 0.4838, Accuracy: 78.98%, AUC: 0.79
Epoch [50/100] - [TRAIN] Loss: 0.4575, Accuracy: 80.69%, AUC: 0.81 - [VAL] Loss: 0.4769, Accuracy: 78.95%, AUC: 0.79
Epoch [60/100] - [TRAIN] Loss: 0.4519, Accuracy: 80.83%, AUC: 0.81 - [VAL] Loss: 0.4804, Accuracy: 78.91%, AUC: 0.79
Epoch [70/100] - [TRAIN] Loss: 0.4432, Accuracy: 80.92%, AUC: 0.81 - [VAL] Loss: 0.4714, Accuracy: 79.12%, AUC: 0.79
Epoch [80/100] - [TRAIN] Loss: 0.4433, Accuracy: 81.12%, AUC: 0.81 - [VAL] Loss: 0.4698, Accuracy: 79.21%, AUC: 0.79
Epoch [90/100] - [TRAIN] Loss: 0.4519, Accuracy: 80.72%, AUC: 0.81 - [VAL] Loss: 0.4836, Accuracy: 78.74%, AUC: 0.79
Epoch [100/100] - [TRAIN] Loss: 0.4405, Accuracy: 81.24%, AUC: 0.81 - [VAL] Loss: 0.4710, Accuracy: 79.30%, AUC: 0.79
Training finished!
Accuracy Score on test set: 80.62 %
AUC Score on test set: 0.81

Item: H3K27me3-H3K36me3-H3K4me1-H3K4me3-H3K9me3
Epoch [10/100] - [TRAIN] Loss: 0.5133, Accuracy: 79.33%, AUC: 0.79 - [VAL] Loss: 0.5484, Accuracy: 78.13%, AUC: 0.78
Epoch [20/100] - [TRAIN] Loss: 0.4824, Accuracy: 79.93%, AUC: 0.80 - [VAL] Loss: 0.5242, Accuracy: 78.29%, AUC: 0.78
Epoch [30/100] - [TRAIN] Loss: 0.4682, Accuracy: 80.48%, AUC: 0.80 - [VAL] Loss: 0.4931, Accuracy: 78.74%, AUC: 0.79
Epoch [40/100] - [TRAIN] Loss: 0.4632, Accuracy: 80.35%, AUC: 0.80 - [VAL] Loss: 0.4978, Accuracy: 78.39%, AUC: 0.78
Epoch [50/100] - [TRAIN] Loss: 0.4546, Accuracy: 81.05%, AUC: 0.81 - [VAL] Loss: 0.4849, Accuracy: 78.62%, AUC: 0.79
Epoch [60/100] - [TRAIN] Loss: 0.4516, Accuracy: 80.99%, AUC: 0.81 - [VAL] Loss: 0.4848, Accuracy: 78.72%, AUC: 0.79
Epoch [70/100] - [TRAIN] Loss: 0.4485, Accuracy: 81.09%, AUC: 0.81 - [VAL] Loss: 0.4865, Accuracy: 78.55%, AUC: 0.79
Epoch [80/100] - [TRAIN] Loss: 0.4446, Accuracy: 80.80%, AUC: 0.81 - [VAL] Loss: 0.4732, Accuracy: 78.68%, AUC: 0.79
Epoch [90/100] - [TRAIN] Loss: 0.4458, Accuracy: 81.09%, AUC: 0.81 - [VAL] Loss: 0.4757, Accuracy: 78.77%, AUC: 0.79
Epoch [100/100] - [TRAIN] Loss: 0.4389, Accuracy: 81.07%, AUC: 0.81 - [VAL] Loss: 0.4752, Accuracy: 78.77%, AUC: 0.79
Training finished!
Accuracy Score on test set: 80.59 %
AUC Score on test set: 0.81

Item: H3K27me3-H3K36me3-H3K4me1-H3K9me3-H3K4me3
Epoch [10/100] - [TRAIN] Loss: 0.5082, Accuracy: 79.55%, AUC: 0.80 - [VAL] Loss: 0.5269, Accuracy: 78.36%, AUC: 0.78
Epoch [20/100] - [TRAIN] Loss: 0.4802, Accuracy: 79.71%, AUC: 0.80 - [VAL] Loss: 0.4963, Accuracy: 78.86%, AUC: 0.79
Epoch [30/100] - [TRAIN] Loss: 0.4693, Accuracy: 80.60%, AUC: 0.81 - [VAL] Loss: 0.4805, Accuracy: 79.10%, AUC: 0.79
Epoch [40/100] - [TRAIN] Loss: 0.4601, Accuracy: 80.64%, AUC: 0.81 - [VAL] Loss: 0.4801, Accuracy: 78.83%, AUC: 0.79
Epoch [50/100] - [TRAIN] Loss: 0.4541, Accuracy: 80.55%, AUC: 0.81 - [VAL] Loss: 0.4761, Accuracy: 79.03%, AUC: 0.79
Epoch [60/100] - [TRAIN] Loss: 0.4488, Accuracy: 81.01%, AUC: 0.81 - [VAL] Loss: 0.4737, Accuracy: 79.15%, AUC: 0.79
Epoch [70/100] - [TRAIN] Loss: 0.4447, Accuracy: 80.90%, AUC: 0.81 - [VAL] Loss: 0.4720, Accuracy: 79.23%, AUC: 0.79
Epoch [80/100] - [TRAIN] Loss: 0.4438, Accuracy: 81.07%, AUC: 0.81 - [VAL] Loss: 0.4704, Accuracy: 79.36%, AUC: 0.79
Epoch [90/100] - [TRAIN] Loss: 0.4408, Accuracy: 81.27%, AUC: 0.81 - [VAL] Loss: 0.4700, Accuracy: 79.20%, AUC: 0.79
Epoch [100/100] - [TRAIN] Loss: 0.4423, Accuracy: 81.33%, AUC: 0.81 - [VAL] Loss: 0.4840, Accuracy: 78.66%, AUC: 0.79
Training finished!
Accuracy Score on test set: 80.53 %
AUC Score on test set: 0.81

Item: H3K27me3-H3K36me3-H3K9me3-H3K4me3-H3K4me1
Epoch [10/100] - [TRAIN] Loss: 0.5100, Accuracy: 79.23%, AUC: 0.79 - [VAL] Loss: 0.5201, Accuracy: 79.01%, AUC: 0.79
Epoch [20/100] - [TRAIN] Loss: 0.4819, Accuracy: 79.74%, AUC: 0.80 - [VAL] Loss: 0.4964, Accuracy: 79.03%, AUC: 0.79
Epoch [30/100] - [TRAIN] Loss: 0.4676, Accuracy: 79.85%, AUC: 0.80 - [VAL] Loss: 0.4930, Accuracy: 78.98%, AUC: 0.79
Epoch [40/100] - [TRAIN] Loss: 0.4607, Accuracy: 80.43%, AUC: 0.80 - [VAL] Loss: 0.4839, Accuracy: 79.01%, AUC: 0.79
Epoch [50/100] - [TRAIN] Loss: 0.4577, Accuracy: 80.69%, AUC: 0.81 - [VAL] Loss: 0.4778, Accuracy: 78.92%, AUC: 0.79
Epoch [60/100] - [TRAIN] Loss: 0.4558, Accuracy: 80.63%, AUC: 0.81 - [VAL] Loss: 0.4843, Accuracy: 79.20%, AUC: 0.79
Epoch [70/100] - [TRAIN] Loss: 0.4503, Accuracy: 80.93%, AUC: 0.81 - [VAL] Loss: 0.4734, Accuracy: 78.78%, AUC: 0.79
Epoch [80/100] - [TRAIN] Loss: 0.4453, Accuracy: 80.70%, AUC: 0.81 - [VAL] Loss: 0.4749, Accuracy: 79.38%, AUC: 0.79
Epoch [90/100] - [TRAIN] Loss: 0.4449, Accuracy: 80.96%, AUC: 0.81 - [VAL] Loss: 0.4719, Accuracy: 79.36%, AUC: 0.79
Epoch [100/100] - [TRAIN] Loss: 0.4483, Accuracy: 81.31%, AUC: 0.81 - [VAL] Loss: 0.4791, Accuracy: 79.07%, AUC: 0.79
Training finished!
Accuracy Score on test set: 80.42 %
AUC Score on test set: 0.80

Item: H3K27me3-H3K36me3-H3K9me3-H3K4me1-H3K4me3
Epoch [10/100] - [TRAIN] Loss: 0.5095, Accuracy: 79.47%, AUC: 0.79 - [VAL] Loss: 0.5165, Accuracy: 79.10%, AUC: 0.79
Epoch [20/100] - [TRAIN] Loss: 0.4746, Accuracy: 80.26%, AUC: 0.80 - [VAL] Loss: 0.5082, Accuracy: 78.95%, AUC: 0.79
Epoch [30/100] - [TRAIN] Loss: 0.4668, Accuracy: 80.84%, AUC: 0.81 - [VAL] Loss: 0.4891, Accuracy: 79.03%, AUC: 0.79
Epoch [40/100] - [TRAIN] Loss: 0.4626, Accuracy: 80.78%, AUC: 0.81 - [VAL] Loss: 0.4835, Accuracy: 78.26%, AUC: 0.78
Epoch [50/100] - [TRAIN] Loss: 0.4568, Accuracy: 80.80%, AUC: 0.81 - [VAL] Loss: 0.4798, Accuracy: 78.94%, AUC: 0.79
Epoch [60/100] - [TRAIN] Loss: 0.4558, Accuracy: 80.73%, AUC: 0.81 - [VAL] Loss: 0.4760, Accuracy: 78.95%, AUC: 0.79
Epoch [70/100] - [TRAIN] Loss: 0.4455, Accuracy: 80.95%, AUC: 0.81 - [VAL] Loss: 0.4747, Accuracy: 79.06%, AUC: 0.79
Epoch [80/100] - [TRAIN] Loss: 0.4450, Accuracy: 80.84%, AUC: 0.81 - [VAL] Loss: 0.4722, Accuracy: 79.13%, AUC: 0.79
Epoch [90/100] - [TRAIN] Loss: 0.4438, Accuracy: 80.96%, AUC: 0.81 - [VAL] Loss: 0.4747, Accuracy: 79.00%, AUC: 0.79
Epoch [100/100] - [TRAIN] Loss: 0.4394, Accuracy: 80.87%, AUC: 0.81 - [VAL] Loss: 0.4706, Accuracy: 78.98%, AUC: 0.79
Training finished!
Accuracy Score on test set: 80.46 %
AUC Score on test set: 0.80

Item: H3K27me3-H3K9me3-H3K4me3-H3K4me1-H3K36me3
Epoch [10/100] - [TRAIN] Loss: 0.5296, Accuracy: 79.16%, AUC: 0.79 - [VAL] Loss: 0.5334, Accuracy: 76.40%, AUC: 0.76
Epoch [20/100] - [TRAIN] Loss: 0.4819, Accuracy: 79.70%, AUC: 0.80 - [VAL] Loss: 0.5058, Accuracy: 78.84%, AUC: 0.79
Epoch [30/100] - [TRAIN] Loss: 0.4650, Accuracy: 80.17%, AUC: 0.80 - [VAL] Loss: 0.5171, Accuracy: 78.51%, AUC: 0.79
Epoch [40/100] - [TRAIN] Loss: 0.4598, Accuracy: 80.64%, AUC: 0.81 - [VAL] Loss: 0.4896, Accuracy: 78.98%, AUC: 0.79
Epoch [50/100] - [TRAIN] Loss: 0.4584, Accuracy: 80.54%, AUC: 0.81 - [VAL] Loss: 0.4806, Accuracy: 78.95%, AUC: 0.79
Epoch [60/100] - [TRAIN] Loss: 0.4530, Accuracy: 80.77%, AUC: 0.81 - [VAL] Loss: 0.4776, Accuracy: 79.18%, AUC: 0.79
Epoch [70/100] - [TRAIN] Loss: 0.4475, Accuracy: 80.96%, AUC: 0.81 - [VAL] Loss: 0.4807, Accuracy: 78.91%, AUC: 0.79
Epoch [80/100] - [TRAIN] Loss: 0.4454, Accuracy: 80.87%, AUC: 0.81 - [VAL] Loss: 0.4707, Accuracy: 79.23%, AUC: 0.79
Epoch [90/100] - [TRAIN] Loss: 0.4468, Accuracy: 80.81%, AUC: 0.81 - [VAL] Loss: 0.4817, Accuracy: 78.91%, AUC: 0.79
Epoch [100/100] - [TRAIN] Loss: 0.4479, Accuracy: 81.16%, AUC: 0.81 - [VAL] Loss: 0.4739, Accuracy: 79.12%, AUC: 0.79
Training finished!
Accuracy Score on test set: 80.65 %
AUC Score on test set: 0.81

Item: H3K27me3-H3K9me3-H3K4me3-H3K36me3-H3K4me1
Epoch [10/100] - [TRAIN] Loss: 0.5187, Accuracy: 78.92%, AUC: 0.79 - [VAL] Loss: 0.5234, Accuracy: 78.74%, AUC: 0.79
Epoch [20/100] - [TRAIN] Loss: 0.4805, Accuracy: 80.08%, AUC: 0.80 - [VAL] Loss: 0.5012, Accuracy: 79.00%, AUC: 0.79
Epoch [30/100] - [TRAIN] Loss: 0.4664, Accuracy: 80.51%, AUC: 0.81 - [VAL] Loss: 0.4922, Accuracy: 78.77%, AUC: 0.79
Epoch [40/100] - [TRAIN] Loss: 0.4607, Accuracy: 80.38%, AUC: 0.80 - [VAL] Loss: 0.4827, Accuracy: 78.74%, AUC: 0.79
Epoch [50/100] - [TRAIN] Loss: 0.4543, Accuracy: 80.73%, AUC: 0.81 - [VAL] Loss: 0.4771, Accuracy: 78.81%, AUC: 0.79
Epoch [60/100] - [TRAIN] Loss: 0.4526, Accuracy: 80.57%, AUC: 0.81 - [VAL] Loss: 0.4876, Accuracy: 78.84%, AUC: 0.79
Epoch [70/100] - [TRAIN] Loss: 0.4454, Accuracy: 80.64%, AUC: 0.81 - [VAL] Loss: 0.4743, Accuracy: 78.92%, AUC: 0.79
Epoch [80/100] - [TRAIN] Loss: 0.4517, Accuracy: 80.98%, AUC: 0.81 - [VAL] Loss: 0.4761, Accuracy: 78.83%, AUC: 0.79
Epoch [90/100] - [TRAIN] Loss: 0.4433, Accuracy: 81.04%, AUC: 0.81 - [VAL] Loss: 0.4692, Accuracy: 78.94%, AUC: 0.79
Epoch [100/100] - [TRAIN] Loss: 0.4413, Accuracy: 81.15%, AUC: 0.81 - [VAL] Loss: 0.4762, Accuracy: 79.01%, AUC: 0.79
Training finished!
Accuracy Score on test set: 80.53 %
AUC Score on test set: 0.81

Item: H3K27me3-H3K9me3-H3K4me1-H3K4me3-H3K36me3
Epoch [10/100] - [TRAIN] Loss: 0.5067, Accuracy: 79.33%, AUC: 0.79 - [VAL] Loss: 0.5301, Accuracy: 78.40%, AUC: 0.78
Epoch [20/100] - [TRAIN] Loss: 0.4795, Accuracy: 80.06%, AUC: 0.80 - [VAL] Loss: 0.5113, Accuracy: 78.58%, AUC: 0.79
Epoch [30/100] - [TRAIN] Loss: 0.4680, Accuracy: 80.32%, AUC: 0.80 - [VAL] Loss: 0.4944, Accuracy: 78.84%, AUC: 0.79
Epoch [40/100] - [TRAIN] Loss: 0.4627, Accuracy: 80.41%, AUC: 0.80 - [VAL] Loss: 0.4902, Accuracy: 78.86%, AUC: 0.79
Epoch [50/100] - [TRAIN] Loss: 0.4561, Accuracy: 80.87%, AUC: 0.81 - [VAL] Loss: 0.4771, Accuracy: 79.18%, AUC: 0.79
Epoch [60/100] - [TRAIN] Loss: 0.4536, Accuracy: 80.73%, AUC: 0.81 - [VAL] Loss: 0.4751, Accuracy: 79.03%, AUC: 0.79
Epoch [70/100] - [TRAIN] Loss: 0.4519, Accuracy: 80.70%, AUC: 0.81 - [VAL] Loss: 0.4877, Accuracy: 78.71%, AUC: 0.79
Epoch [80/100] - [TRAIN] Loss: 0.4462, Accuracy: 81.05%, AUC: 0.81 - [VAL] Loss: 0.4794, Accuracy: 78.91%, AUC: 0.79
Epoch [90/100] - [TRAIN] Loss: 0.4449, Accuracy: 80.81%, AUC: 0.81 - [VAL] Loss: 0.4806, Accuracy: 78.95%, AUC: 0.79
Epoch [100/100] - [TRAIN] Loss: 0.4450, Accuracy: 81.02%, AUC: 0.81 - [VAL] Loss: 0.4697, Accuracy: 79.10%, AUC: 0.79
Training finished!
Accuracy Score on test set: 80.53 %
AUC Score on test set: 0.81

Item: H3K27me3-H3K9me3-H3K4me1-H3K36me3-H3K4me3
Epoch [10/100] - [TRAIN] Loss: 0.5135, Accuracy: 79.62%, AUC: 0.80 - [VAL] Loss: 0.5282, Accuracy: 78.48%, AUC: 0.78
Epoch [20/100] - [TRAIN] Loss: 0.4769, Accuracy: 80.14%, AUC: 0.80 - [VAL] Loss: 0.5000, Accuracy: 78.94%, AUC: 0.79
Epoch [30/100] - [TRAIN] Loss: 0.4660, Accuracy: 80.48%, AUC: 0.80 - [VAL] Loss: 0.4826, Accuracy: 79.00%, AUC: 0.79
Epoch [40/100] - [TRAIN] Loss: 0.4605, Accuracy: 80.51%, AUC: 0.81 - [VAL] Loss: 0.4816, Accuracy: 79.00%, AUC: 0.79
Epoch [50/100] - [TRAIN] Loss: 0.4542, Accuracy: 80.83%, AUC: 0.81 - [VAL] Loss: 0.4792, Accuracy: 79.01%, AUC: 0.79
Epoch [60/100] - [TRAIN] Loss: 0.4498, Accuracy: 80.96%, AUC: 0.81 - [VAL] Loss: 0.4793, Accuracy: 78.92%, AUC: 0.79
Epoch [70/100] - [TRAIN] Loss: 0.4489, Accuracy: 80.61%, AUC: 0.81 - [VAL] Loss: 0.4736, Accuracy: 78.87%, AUC: 0.79
Epoch [80/100] - [TRAIN] Loss: 0.4441, Accuracy: 80.99%, AUC: 0.81 - [VAL] Loss: 0.4705, Accuracy: 79.01%, AUC: 0.79
Epoch [90/100] - [TRAIN] Loss: 0.4427, Accuracy: 81.37%, AUC: 0.81 - [VAL] Loss: 0.4702, Accuracy: 79.18%, AUC: 0.79
Epoch [100/100] - [TRAIN] Loss: 0.4401, Accuracy: 81.27%, AUC: 0.81 - [VAL] Loss: 0.4701, Accuracy: 79.12%, AUC: 0.79
Training finished!
Accuracy Score on test set: 80.66 %
AUC Score on test set: 0.81

Item: H3K27me3-H3K9me3-H3K36me3-H3K4me3-H3K4me1
Epoch [10/100] - [TRAIN] Loss: 0.5166, Accuracy: 79.20%, AUC: 0.79 - [VAL] Loss: 0.5276, Accuracy: 78.68%, AUC: 0.79
Epoch [20/100] - [TRAIN] Loss: 0.4807, Accuracy: 79.68%, AUC: 0.80 - [VAL] Loss: 0.5018, Accuracy: 78.92%, AUC: 0.79
Epoch [30/100] - [TRAIN] Loss: 0.4760, Accuracy: 80.03%, AUC: 0.80 - [VAL] Loss: 0.4866, Accuracy: 78.32%, AUC: 0.78
Epoch [40/100] - [TRAIN] Loss: 0.4628, Accuracy: 80.26%, AUC: 0.80 - [VAL] Loss: 0.4816, Accuracy: 79.07%, AUC: 0.79
Epoch [50/100] - [TRAIN] Loss: 0.4569, Accuracy: 80.29%, AUC: 0.80 - [VAL] Loss: 0.4905, Accuracy: 78.65%, AUC: 0.79
Epoch [60/100] - [TRAIN] Loss: 0.4576, Accuracy: 80.66%, AUC: 0.81 - [VAL] Loss: 0.4814, Accuracy: 79.00%, AUC: 0.79
Epoch [70/100] - [TRAIN] Loss: 0.4472, Accuracy: 80.81%, AUC: 0.81 - [VAL] Loss: 0.4795, Accuracy: 78.95%, AUC: 0.79
Epoch [80/100] - [TRAIN] Loss: 0.4455, Accuracy: 81.22%, AUC: 0.81 - [VAL] Loss: 0.4782, Accuracy: 79.07%, AUC: 0.79
Epoch [90/100] - [TRAIN] Loss: 0.4470, Accuracy: 80.86%, AUC: 0.81 - [VAL] Loss: 0.4763, Accuracy: 79.04%, AUC: 0.79
Epoch [100/100] - [TRAIN] Loss: 0.4407, Accuracy: 81.10%, AUC: 0.81 - [VAL] Loss: 0.4728, Accuracy: 79.07%, AUC: 0.79
Training finished!
Accuracy Score on test set: 80.65 %
AUC Score on test set: 0.81

Item: H3K27me3-H3K9me3-H3K36me3-H3K4me1-H3K4me3
Epoch [10/100] - [TRAIN] Loss: 0.5193, Accuracy: 79.21%, AUC: 0.79 - [VAL] Loss: 0.5411, Accuracy: 78.29%, AUC: 0.78
Epoch [20/100] - [TRAIN] Loss: 0.4787, Accuracy: 79.79%, AUC: 0.80 - [VAL] Loss: 0.5065, Accuracy: 78.78%, AUC: 0.79
Epoch [30/100] - [TRAIN] Loss: 0.4677, Accuracy: 80.46%, AUC: 0.80 - [VAL] Loss: 0.4863, Accuracy: 79.04%, AUC: 0.79
Epoch [40/100] - [TRAIN] Loss: 0.4618, Accuracy: 80.70%, AUC: 0.81 - [VAL] Loss: 0.4877, Accuracy: 78.80%, AUC: 0.79
Epoch [50/100] - [TRAIN] Loss: 0.4594, Accuracy: 80.67%, AUC: 0.81 - [VAL] Loss: 0.4753, Accuracy: 79.23%, AUC: 0.79
Epoch [60/100] - [TRAIN] Loss: 0.4489, Accuracy: 81.09%, AUC: 0.81 - [VAL] Loss: 0.4759, Accuracy: 79.01%, AUC: 0.79
Epoch [70/100] - [TRAIN] Loss: 0.4473, Accuracy: 80.87%, AUC: 0.81 - [VAL] Loss: 0.4726, Accuracy: 78.98%, AUC: 0.79
Epoch [80/100] - [TRAIN] Loss: 0.4508, Accuracy: 80.95%, AUC: 0.81 - [VAL] Loss: 0.4686, Accuracy: 79.24%, AUC: 0.79
Epoch [90/100] - [TRAIN] Loss: 0.4403, Accuracy: 80.81%, AUC: 0.81 - [VAL] Loss: 0.4726, Accuracy: 78.97%, AUC: 0.79
Epoch [100/100] - [TRAIN] Loss: 0.4408, Accuracy: 81.09%, AUC: 0.81 - [VAL] Loss: 0.4715, Accuracy: 79.01%, AUC: 0.79
Training finished!
Accuracy Score on test set: 80.51 %
AUC Score on test set: 0.81

Saving the final results
Batch FINISHED!!!

Real-time duration: 1714.332639994 seconds
