Using cpu device
Loading the data ...
Item: H3K4me1-H3K27me3-H3K36me3-H3K9me3-H3K4me3
Epoch [10/100] - [TRAIN] Loss: 0.5163, Accuracy: 79.03%, AUC: 0.79 - [VAL] Loss: 0.5511, Accuracy: 78.13%, AUC: 0.78
Epoch [20/100] - [TRAIN] Loss: 0.4842, Accuracy: 80.16%, AUC: 0.80 - [VAL] Loss: 0.4937, Accuracy: 78.95%, AUC: 0.79
Epoch [30/100] - [TRAIN] Loss: 0.4663, Accuracy: 80.38%, AUC: 0.80 - [VAL] Loss: 0.4979, Accuracy: 78.65%, AUC: 0.79
Epoch [40/100] - [TRAIN] Loss: 0.4603, Accuracy: 80.35%, AUC: 0.80 - [VAL] Loss: 0.4914, Accuracy: 78.86%, AUC: 0.79
Epoch [50/100] - [TRAIN] Loss: 0.4624, Accuracy: 80.99%, AUC: 0.81 - [VAL] Loss: 0.4780, Accuracy: 78.74%, AUC: 0.79
Epoch [60/100] - [TRAIN] Loss: 0.4513, Accuracy: 80.83%, AUC: 0.81 - [VAL] Loss: 0.4814, Accuracy: 78.92%, AUC: 0.79
Epoch [70/100] - [TRAIN] Loss: 0.4463, Accuracy: 80.64%, AUC: 0.81 - [VAL] Loss: 0.4699, Accuracy: 79.04%, AUC: 0.79
Epoch [80/100] - [TRAIN] Loss: 0.4433, Accuracy: 81.13%, AUC: 0.81 - [VAL] Loss: 0.4712, Accuracy: 79.10%, AUC: 0.79
Epoch [90/100] - [TRAIN] Loss: 0.4430, Accuracy: 80.90%, AUC: 0.81 - [VAL] Loss: 0.4702, Accuracy: 79.15%, AUC: 0.79
Epoch [100/100] - [TRAIN] Loss: 0.4394, Accuracy: 81.01%, AUC: 0.81 - [VAL] Loss: 0.4692, Accuracy: 79.26%, AUC: 0.79
Training finished!
Accuracy Score on test set: 80.63 %
AUC Score on test set: 0.81

Item: H3K4me1-H3K27me3-H3K9me3-H3K4me3-H3K36me3
Epoch [10/100] - [TRAIN] Loss: 0.5078, Accuracy: 79.45%, AUC: 0.79 - [VAL] Loss: 0.5328, Accuracy: 78.54%, AUC: 0.79
Epoch [20/100] - [TRAIN] Loss: 0.4784, Accuracy: 79.93%, AUC: 0.80 - [VAL] Loss: 0.5051, Accuracy: 78.74%, AUC: 0.79
Epoch [30/100] - [TRAIN] Loss: 0.4726, Accuracy: 80.48%, AUC: 0.80 - [VAL] Loss: 0.4844, Accuracy: 78.54%, AUC: 0.79
Epoch [40/100] - [TRAIN] Loss: 0.4583, Accuracy: 80.41%, AUC: 0.80 - [VAL] Loss: 0.4795, Accuracy: 78.91%, AUC: 0.79
Epoch [50/100] - [TRAIN] Loss: 0.4553, Accuracy: 80.73%, AUC: 0.81 - [VAL] Loss: 0.4801, Accuracy: 78.92%, AUC: 0.79
Epoch [60/100] - [TRAIN] Loss: 0.4505, Accuracy: 80.69%, AUC: 0.81 - [VAL] Loss: 0.4773, Accuracy: 79.07%, AUC: 0.79
Epoch [70/100] - [TRAIN] Loss: 0.4501, Accuracy: 81.27%, AUC: 0.81 - [VAL] Loss: 0.4822, Accuracy: 78.69%, AUC: 0.79
Epoch [80/100] - [TRAIN] Loss: 0.4475, Accuracy: 80.87%, AUC: 0.81 - [VAL] Loss: 0.4697, Accuracy: 79.12%, AUC: 0.79
Epoch [90/100] - [TRAIN] Loss: 0.4381, Accuracy: 81.27%, AUC: 0.81 - [VAL] Loss: 0.4697, Accuracy: 79.29%, AUC: 0.79
Epoch [100/100] - [TRAIN] Loss: 0.4381, Accuracy: 81.54%, AUC: 0.82 - [VAL] Loss: 0.4679, Accuracy: 79.29%, AUC: 0.79
Training finished!
Accuracy Score on test set: 80.57 %
AUC Score on test set: 0.81

Item: H3K4me1-H3K27me3-H3K9me3-H3K36me3-H3K4me3
Epoch [10/100] - [TRAIN] Loss: 0.5174, Accuracy: 79.00%, AUC: 0.79 - [VAL] Loss: 0.5253, Accuracy: 78.83%, AUC: 0.79
Epoch [20/100] - [TRAIN] Loss: 0.4820, Accuracy: 79.80%, AUC: 0.80 - [VAL] Loss: 0.5134, Accuracy: 78.71%, AUC: 0.79
Epoch [30/100] - [TRAIN] Loss: 0.4704, Accuracy: 79.93%, AUC: 0.80 - [VAL] Loss: 0.4859, Accuracy: 78.83%, AUC: 0.79
Epoch [40/100] - [TRAIN] Loss: 0.4688, Accuracy: 80.28%, AUC: 0.80 - [VAL] Loss: 0.4898, Accuracy: 77.55%, AUC: 0.78
Epoch [50/100] - [TRAIN] Loss: 0.4672, Accuracy: 80.49%, AUC: 0.80 - [VAL] Loss: 0.4782, Accuracy: 78.91%, AUC: 0.79
Epoch [60/100] - [TRAIN] Loss: 0.4644, Accuracy: 80.77%, AUC: 0.81 - [VAL] Loss: 0.4762, Accuracy: 79.01%, AUC: 0.79
Epoch [70/100] - [TRAIN] Loss: 0.4533, Accuracy: 80.77%, AUC: 0.81 - [VAL] Loss: 0.4831, Accuracy: 77.85%, AUC: 0.78
Epoch [80/100] - [TRAIN] Loss: 0.4473, Accuracy: 80.78%, AUC: 0.81 - [VAL] Loss: 0.4785, Accuracy: 79.10%, AUC: 0.79
Epoch [90/100] - [TRAIN] Loss: 0.4461, Accuracy: 80.86%, AUC: 0.81 - [VAL] Loss: 0.4766, Accuracy: 79.24%, AUC: 0.79
Epoch [100/100] - [TRAIN] Loss: 0.4436, Accuracy: 81.02%, AUC: 0.81 - [VAL] Loss: 0.4691, Accuracy: 79.18%, AUC: 0.79
Training finished!
Accuracy Score on test set: 80.56 %
AUC Score on test set: 0.81

Item: H3K36me3-H3K4me3-H3K4me1-H3K9me3-H3K27me3
Epoch [10/100] - [TRAIN] Loss: 0.5116, Accuracy: 79.52%, AUC: 0.80 - [VAL] Loss: 0.5441, Accuracy: 78.11%, AUC: 0.78
Epoch [20/100] - [TRAIN] Loss: 0.4876, Accuracy: 79.91%, AUC: 0.80 - [VAL] Loss: 0.4900, Accuracy: 78.58%, AUC: 0.79
Epoch [30/100] - [TRAIN] Loss: 0.4639, Accuracy: 79.85%, AUC: 0.80 - [VAL] Loss: 0.5069, Accuracy: 78.60%, AUC: 0.79
Epoch [40/100] - [TRAIN] Loss: 0.4627, Accuracy: 80.43%, AUC: 0.80 - [VAL] Loss: 0.4856, Accuracy: 78.87%, AUC: 0.79
Epoch [50/100] - [TRAIN] Loss: 0.4554, Accuracy: 80.32%, AUC: 0.80 - [VAL] Loss: 0.4751, Accuracy: 79.09%, AUC: 0.79
Epoch [60/100] - [TRAIN] Loss: 0.4487, Accuracy: 80.81%, AUC: 0.81 - [VAL] Loss: 0.4786, Accuracy: 78.94%, AUC: 0.79
Epoch [70/100] - [TRAIN] Loss: 0.4447, Accuracy: 81.42%, AUC: 0.81 - [VAL] Loss: 0.4738, Accuracy: 79.23%, AUC: 0.79
Epoch [80/100] - [TRAIN] Loss: 0.4470, Accuracy: 80.81%, AUC: 0.81 - [VAL] Loss: 0.4738, Accuracy: 79.30%, AUC: 0.79
Epoch [90/100] - [TRAIN] Loss: 0.4406, Accuracy: 81.39%, AUC: 0.81 - [VAL] Loss: 0.4705, Accuracy: 79.53%, AUC: 0.80
Epoch [100/100] - [TRAIN] Loss: 0.4400, Accuracy: 81.18%, AUC: 0.81 - [VAL] Loss: 0.4752, Accuracy: 79.29%, AUC: 0.79
Training finished!
Accuracy Score on test set: 80.57 %
AUC Score on test set: 0.81

Item: H3K36me3-H3K4me3-H3K4me1-H3K27me3-H3K9me3
Epoch [10/100] - [TRAIN] Loss: 0.5111, Accuracy: 79.21%, AUC: 0.79 - [VAL] Loss: 0.5258, Accuracy: 78.40%, AUC: 0.78
Epoch [20/100] - [TRAIN] Loss: 0.4789, Accuracy: 80.16%, AUC: 0.80 - [VAL] Loss: 0.5096, Accuracy: 78.40%, AUC: 0.78
Epoch [30/100] - [TRAIN] Loss: 0.4655, Accuracy: 80.41%, AUC: 0.80 - [VAL] Loss: 0.4954, Accuracy: 78.62%, AUC: 0.79
Epoch [40/100] - [TRAIN] Loss: 0.4592, Accuracy: 80.32%, AUC: 0.80 - [VAL] Loss: 0.4821, Accuracy: 79.12%, AUC: 0.79
Epoch [50/100] - [TRAIN] Loss: 0.4607, Accuracy: 80.60%, AUC: 0.81 - [VAL] Loss: 0.4788, Accuracy: 78.91%, AUC: 0.79
Epoch [60/100] - [TRAIN] Loss: 0.4509, Accuracy: 80.69%, AUC: 0.81 - [VAL] Loss: 0.4778, Accuracy: 78.97%, AUC: 0.79
Epoch [70/100] - [TRAIN] Loss: 0.4485, Accuracy: 80.93%, AUC: 0.81 - [VAL] Loss: 0.4777, Accuracy: 78.84%, AUC: 0.79
Epoch [80/100] - [TRAIN] Loss: 0.4532, Accuracy: 80.84%, AUC: 0.81 - [VAL] Loss: 0.4745, Accuracy: 78.26%, AUC: 0.78
Epoch [90/100] - [TRAIN] Loss: 0.4519, Accuracy: 80.96%, AUC: 0.81 - [VAL] Loss: 0.4738, Accuracy: 78.78%, AUC: 0.79
Epoch [100/100] - [TRAIN] Loss: 0.4516, Accuracy: 80.67%, AUC: 0.81 - [VAL] Loss: 0.4721, Accuracy: 79.10%, AUC: 0.79
Training finished!
Accuracy Score on test set: 80.48 %
AUC Score on test set: 0.80

Item: H3K36me3-H3K4me3-H3K9me3-H3K4me1-H3K27me3
Epoch [10/100] - [TRAIN] Loss: 0.5015, Accuracy: 79.36%, AUC: 0.79 - [VAL] Loss: 0.5289, Accuracy: 78.58%, AUC: 0.79
Epoch [20/100] - [TRAIN] Loss: 0.4780, Accuracy: 80.17%, AUC: 0.80 - [VAL] Loss: 0.4874, Accuracy: 79.07%, AUC: 0.79
Epoch [30/100] - [TRAIN] Loss: 0.4631, Accuracy: 80.66%, AUC: 0.81 - [VAL] Loss: 0.4845, Accuracy: 79.12%, AUC: 0.79
Epoch [40/100] - [TRAIN] Loss: 0.4536, Accuracy: 80.99%, AUC: 0.81 - [VAL] Loss: 0.4811, Accuracy: 79.00%, AUC: 0.79
Epoch [50/100] - [TRAIN] Loss: 0.4520, Accuracy: 80.78%, AUC: 0.81 - [VAL] Loss: 0.4815, Accuracy: 79.03%, AUC: 0.79
Epoch [60/100] - [TRAIN] Loss: 0.4482, Accuracy: 80.63%, AUC: 0.81 - [VAL] Loss: 0.4782, Accuracy: 79.07%, AUC: 0.79
Epoch [70/100] - [TRAIN] Loss: 0.4457, Accuracy: 81.50%, AUC: 0.81 - [VAL] Loss: 0.4717, Accuracy: 79.21%, AUC: 0.79
Epoch [80/100] - [TRAIN] Loss: 0.4425, Accuracy: 81.30%, AUC: 0.81 - [VAL] Loss: 0.4757, Accuracy: 79.17%, AUC: 0.79
Epoch [90/100] - [TRAIN] Loss: 0.4381, Accuracy: 81.42%, AUC: 0.81 - [VAL] Loss: 0.4757, Accuracy: 79.10%, AUC: 0.79
Epoch [100/100] - [TRAIN] Loss: 0.4370, Accuracy: 81.36%, AUC: 0.81 - [VAL] Loss: 0.4685, Accuracy: 79.30%, AUC: 0.79
Training finished!
Accuracy Score on test set: 80.56 %
AUC Score on test set: 0.81

Item: H3K36me3-H3K4me3-H3K9me3-H3K27me3-H3K4me1
Epoch [10/100] - [TRAIN] Loss: 0.5076, Accuracy: 79.36%, AUC: 0.79 - [VAL] Loss: 0.5216, Accuracy: 78.63%, AUC: 0.79
Epoch [20/100] - [TRAIN] Loss: 0.4783, Accuracy: 79.91%, AUC: 0.80 - [VAL] Loss: 0.4908, Accuracy: 79.12%, AUC: 0.79
Epoch [30/100] - [TRAIN] Loss: 0.4642, Accuracy: 80.25%, AUC: 0.80 - [VAL] Loss: 0.4959, Accuracy: 78.75%, AUC: 0.79
Epoch [40/100] - [TRAIN] Loss: 0.4581, Accuracy: 80.60%, AUC: 0.81 - [VAL] Loss: 0.4847, Accuracy: 78.77%, AUC: 0.79
Epoch [50/100] - [TRAIN] Loss: 0.4536, Accuracy: 81.12%, AUC: 0.81 - [VAL] Loss: 0.4908, Accuracy: 78.74%, AUC: 0.79
Epoch [60/100] - [TRAIN] Loss: 0.4530, Accuracy: 80.70%, AUC: 0.81 - [VAL] Loss: 0.4738, Accuracy: 79.04%, AUC: 0.79
Epoch [70/100] - [TRAIN] Loss: 0.4456, Accuracy: 80.70%, AUC: 0.81 - [VAL] Loss: 0.4753, Accuracy: 78.97%, AUC: 0.79
Epoch [80/100] - [TRAIN] Loss: 0.4442, Accuracy: 80.83%, AUC: 0.81 - [VAL] Loss: 0.4744, Accuracy: 79.13%, AUC: 0.79
Epoch [90/100] - [TRAIN] Loss: 0.4403, Accuracy: 80.99%, AUC: 0.81 - [VAL] Loss: 0.4703, Accuracy: 79.38%, AUC: 0.79
Epoch [100/100] - [TRAIN] Loss: 0.4463, Accuracy: 81.02%, AUC: 0.81 - [VAL] Loss: 0.4773, Accuracy: 79.26%, AUC: 0.79
Training finished!
Accuracy Score on test set: 80.33 %
AUC Score on test set: 0.80

Item: H3K36me3-H3K4me3-H3K27me3-H3K4me1-H3K9me3
Epoch [10/100] - [TRAIN] Loss: 0.5123, Accuracy: 79.48%, AUC: 0.79 - [VAL] Loss: 0.5197, Accuracy: 78.66%, AUC: 0.79
Epoch [20/100] - [TRAIN] Loss: 0.4798, Accuracy: 79.73%, AUC: 0.80 - [VAL] Loss: 0.4914, Accuracy: 78.95%, AUC: 0.79
Epoch [30/100] - [TRAIN] Loss: 0.4697, Accuracy: 80.20%, AUC: 0.80 - [VAL] Loss: 0.4983, Accuracy: 78.66%, AUC: 0.79
Epoch [40/100] - [TRAIN] Loss: 0.4606, Accuracy: 80.19%, AUC: 0.80 - [VAL] Loss: 0.4963, Accuracy: 78.68%, AUC: 0.79
Epoch [50/100] - [TRAIN] Loss: 0.4549, Accuracy: 80.63%, AUC: 0.81 - [VAL] Loss: 0.4849, Accuracy: 78.91%, AUC: 0.79
Epoch [60/100] - [TRAIN] Loss: 0.4550, Accuracy: 80.93%, AUC: 0.81 - [VAL] Loss: 0.4785, Accuracy: 79.13%, AUC: 0.79
Epoch [70/100] - [TRAIN] Loss: 0.4511, Accuracy: 80.45%, AUC: 0.80 - [VAL] Loss: 0.4766, Accuracy: 79.06%, AUC: 0.79
Epoch [80/100] - [TRAIN] Loss: 0.4486, Accuracy: 81.09%, AUC: 0.81 - [VAL] Loss: 0.4716, Accuracy: 79.10%, AUC: 0.79
Epoch [90/100] - [TRAIN] Loss: 0.4434, Accuracy: 81.07%, AUC: 0.81 - [VAL] Loss: 0.4695, Accuracy: 79.38%, AUC: 0.79
Epoch [100/100] - [TRAIN] Loss: 0.4403, Accuracy: 81.22%, AUC: 0.81 - [VAL] Loss: 0.4673, Accuracy: 79.44%, AUC: 0.79
Training finished!
Accuracy Score on test set: 80.68 %
AUC Score on test set: 0.81

Item: H3K36me3-H3K4me3-H3K27me3-H3K9me3-H3K4me1
Epoch [10/100] - [TRAIN] Loss: 0.5049, Accuracy: 79.41%, AUC: 0.79 - [VAL] Loss: 0.5176, Accuracy: 78.75%, AUC: 0.79
Epoch [20/100] - [TRAIN] Loss: 0.4734, Accuracy: 80.46%, AUC: 0.80 - [VAL] Loss: 0.5040, Accuracy: 78.74%, AUC: 0.79
Epoch [30/100] - [TRAIN] Loss: 0.4713, Accuracy: 80.25%, AUC: 0.80 - [VAL] Loss: 0.4813, Accuracy: 79.26%, AUC: 0.79
Epoch [40/100] - [TRAIN] Loss: 0.4548, Accuracy: 80.78%, AUC: 0.81 - [VAL] Loss: 0.4851, Accuracy: 78.98%, AUC: 0.79
Epoch [50/100] - [TRAIN] Loss: 0.4630, Accuracy: 80.95%, AUC: 0.81 - [VAL] Loss: 0.4793, Accuracy: 79.10%, AUC: 0.79
Epoch [60/100] - [TRAIN] Loss: 0.4557, Accuracy: 80.73%, AUC: 0.81 - [VAL] Loss: 0.4727, Accuracy: 78.69%, AUC: 0.79
Epoch [70/100] - [TRAIN] Loss: 0.4495, Accuracy: 80.77%, AUC: 0.81 - [VAL] Loss: 0.4820, Accuracy: 78.83%, AUC: 0.79
Epoch [80/100] - [TRAIN] Loss: 0.4475, Accuracy: 80.69%, AUC: 0.81 - [VAL] Loss: 0.4767, Accuracy: 78.89%, AUC: 0.79
Epoch [90/100] - [TRAIN] Loss: 0.4433, Accuracy: 81.05%, AUC: 0.81 - [VAL] Loss: 0.4763, Accuracy: 79.00%, AUC: 0.79
Epoch [100/100] - [TRAIN] Loss: 0.4412, Accuracy: 80.99%, AUC: 0.81 - [VAL] Loss: 0.4717, Accuracy: 79.33%, AUC: 0.79
Training finished!
Accuracy Score on test set: 80.68 %
AUC Score on test set: 0.81

Item: H3K36me3-H3K4me1-H3K4me3-H3K9me3-H3K27me3
Epoch [10/100] - [TRAIN] Loss: 0.5106, Accuracy: 79.56%, AUC: 0.80 - [VAL] Loss: 0.5219, Accuracy: 78.55%, AUC: 0.79
Epoch [20/100] - [TRAIN] Loss: 0.4788, Accuracy: 80.05%, AUC: 0.80 - [VAL] Loss: 0.4874, Accuracy: 78.89%, AUC: 0.79
Epoch [30/100] - [TRAIN] Loss: 0.4642, Accuracy: 80.49%, AUC: 0.80 - [VAL] Loss: 0.4800, Accuracy: 78.89%, AUC: 0.79
Epoch [40/100] - [TRAIN] Loss: 0.4566, Accuracy: 80.70%, AUC: 0.81 - [VAL] Loss: 0.4867, Accuracy: 79.15%, AUC: 0.79
Epoch [50/100] - [TRAIN] Loss: 0.4564, Accuracy: 80.45%, AUC: 0.80 - [VAL] Loss: 0.4782, Accuracy: 79.06%, AUC: 0.79
Epoch [60/100] - [TRAIN] Loss: 0.4507, Accuracy: 80.95%, AUC: 0.81 - [VAL] Loss: 0.4741, Accuracy: 79.09%, AUC: 0.79
Epoch [70/100] - [TRAIN] Loss: 0.4568, Accuracy: 80.78%, AUC: 0.81 - [VAL] Loss: 0.4782, Accuracy: 79.10%, AUC: 0.79
Epoch [80/100] - [TRAIN] Loss: 0.4547, Accuracy: 80.95%, AUC: 0.81 - [VAL] Loss: 0.4809, Accuracy: 77.67%, AUC: 0.78
Epoch [90/100] - [TRAIN] Loss: 0.4466, Accuracy: 80.43%, AUC: 0.80 - [VAL] Loss: 0.4675, Accuracy: 79.23%, AUC: 0.79
Epoch [100/100] - [TRAIN] Loss: 0.4418, Accuracy: 81.25%, AUC: 0.81 - [VAL] Loss: 0.4686, Accuracy: 79.26%, AUC: 0.79
Training finished!
Accuracy Score on test set: 80.59 %
AUC Score on test set: 0.81

Item: H3K36me3-H3K4me1-H3K4me3-H3K27me3-H3K9me3
Epoch [10/100] - [TRAIN] Loss: 0.5086, Accuracy: 79.36%, AUC: 0.79 - [VAL] Loss: 0.5287, Accuracy: 78.55%, AUC: 0.79
Epoch [20/100] - [TRAIN] Loss: 0.4789, Accuracy: 79.80%, AUC: 0.80 - [VAL] Loss: 0.4999, Accuracy: 79.03%, AUC: 0.79
Epoch [30/100] - [TRAIN] Loss: 0.4687, Accuracy: 80.29%, AUC: 0.80 - [VAL] Loss: 0.4956, Accuracy: 79.01%, AUC: 0.79
Epoch [40/100] - [TRAIN] Loss: 0.4592, Accuracy: 80.51%, AUC: 0.81 - [VAL] Loss: 0.4900, Accuracy: 78.80%, AUC: 0.79
Epoch [50/100] - [TRAIN] Loss: 0.4558, Accuracy: 80.73%, AUC: 0.81 - [VAL] Loss: 0.4906, Accuracy: 78.80%, AUC: 0.79
Epoch [60/100] - [TRAIN] Loss: 0.4539, Accuracy: 80.69%, AUC: 0.81 - [VAL] Loss: 0.4857, Accuracy: 78.83%, AUC: 0.79
Epoch [70/100] - [TRAIN] Loss: 0.4480, Accuracy: 81.02%, AUC: 0.81 - [VAL] Loss: 0.4720, Accuracy: 78.97%, AUC: 0.79
Epoch [80/100] - [TRAIN] Loss: 0.4472, Accuracy: 80.87%, AUC: 0.81 - [VAL] Loss: 0.4715, Accuracy: 79.20%, AUC: 0.79
Epoch [90/100] - [TRAIN] Loss: 0.4469, Accuracy: 80.75%, AUC: 0.81 - [VAL] Loss: 0.4692, Accuracy: 79.35%, AUC: 0.79
Epoch [100/100] - [TRAIN] Loss: 0.4435, Accuracy: 81.21%, AUC: 0.81 - [VAL] Loss: 0.4688, Accuracy: 79.32%, AUC: 0.79
Training finished!
Accuracy Score on test set: 80.54 %
AUC Score on test set: 0.81

Item: H3K36me3-H3K4me1-H3K9me3-H3K4me3-H3K27me3
Epoch [10/100] - [TRAIN] Loss: 0.5015, Accuracy: 79.44%, AUC: 0.79 - [VAL] Loss: 0.5157, Accuracy: 78.77%, AUC: 0.79
Epoch [20/100] - [TRAIN] Loss: 0.4751, Accuracy: 80.06%, AUC: 0.80 - [VAL] Loss: 0.5017, Accuracy: 78.74%, AUC: 0.79
Epoch [30/100] - [TRAIN] Loss: 0.4649, Accuracy: 80.25%, AUC: 0.80 - [VAL] Loss: 0.4863, Accuracy: 78.80%, AUC: 0.79
Epoch [40/100] - [TRAIN] Loss: 0.4556, Accuracy: 80.54%, AUC: 0.81 - [VAL] Loss: 0.4849, Accuracy: 78.75%, AUC: 0.79
Epoch [50/100] - [TRAIN] Loss: 0.4554, Accuracy: 80.61%, AUC: 0.81 - [VAL] Loss: 0.4768, Accuracy: 78.94%, AUC: 0.79
Epoch [60/100] - [TRAIN] Loss: 0.4524, Accuracy: 80.54%, AUC: 0.81 - [VAL] Loss: 0.4744, Accuracy: 78.91%, AUC: 0.79
Epoch [70/100] - [TRAIN] Loss: 0.4649, Accuracy: 80.40%, AUC: 0.80 - [VAL] Loss: 0.4769, Accuracy: 78.89%, AUC: 0.79
Epoch [80/100] - [TRAIN] Loss: 0.4470, Accuracy: 80.93%, AUC: 0.81 - [VAL] Loss: 0.4738, Accuracy: 79.00%, AUC: 0.79
Epoch [90/100] - [TRAIN] Loss: 0.4573, Accuracy: 80.86%, AUC: 0.81 - [VAL] Loss: 0.4849, Accuracy: 78.66%, AUC: 0.79
Epoch [100/100] - [TRAIN] Loss: 0.4389, Accuracy: 81.28%, AUC: 0.81 - [VAL] Loss: 0.4704, Accuracy: 79.10%, AUC: 0.79
Training finished!
Accuracy Score on test set: 80.36 %
AUC Score on test set: 0.80

Item: H3K36me3-H3K4me1-H3K9me3-H3K27me3-H3K4me3
Epoch [10/100] - [TRAIN] Loss: 0.5205, Accuracy: 79.30%, AUC: 0.79 - [VAL] Loss: 0.5183, Accuracy: 78.84%, AUC: 0.79
Epoch [20/100] - [TRAIN] Loss: 0.4826, Accuracy: 79.94%, AUC: 0.80 - [VAL] Loss: 0.4973, Accuracy: 78.83%, AUC: 0.79
Epoch [30/100] - [TRAIN] Loss: 0.4697, Accuracy: 80.02%, AUC: 0.80 - [VAL] Loss: 0.4864, Accuracy: 78.78%, AUC: 0.79
Epoch [40/100] - [TRAIN] Loss: 0.4612, Accuracy: 79.93%, AUC: 0.80 - [VAL] Loss: 0.4897, Accuracy: 78.83%, AUC: 0.79
Epoch [50/100] - [TRAIN] Loss: 0.4541, Accuracy: 80.23%, AUC: 0.80 - [VAL] Loss: 0.4812, Accuracy: 78.91%, AUC: 0.79
Epoch [60/100] - [TRAIN] Loss: 0.4514, Accuracy: 81.07%, AUC: 0.81 - [VAL] Loss: 0.4835, Accuracy: 78.91%, AUC: 0.79
Epoch [70/100] - [TRAIN] Loss: 0.4511, Accuracy: 80.66%, AUC: 0.81 - [VAL] Loss: 0.4787, Accuracy: 78.80%, AUC: 0.79
Epoch [80/100] - [TRAIN] Loss: 0.4475, Accuracy: 80.83%, AUC: 0.81 - [VAL] Loss: 0.4744, Accuracy: 78.94%, AUC: 0.79
Epoch [90/100] - [TRAIN] Loss: 0.4443, Accuracy: 81.27%, AUC: 0.81 - [VAL] Loss: 0.4743, Accuracy: 78.98%, AUC: 0.79
Epoch [100/100] - [TRAIN] Loss: 0.4418, Accuracy: 80.78%, AUC: 0.81 - [VAL] Loss: 0.4724, Accuracy: 78.87%, AUC: 0.79
Training finished!
Accuracy Score on test set: 80.50 %
AUC Score on test set: 0.80

Item: H3K36me3-H3K4me1-H3K27me3-H3K4me3-H3K9me3
Epoch [10/100] - [TRAIN] Loss: 0.5153, Accuracy: 79.61%, AUC: 0.80 - [VAL] Loss: 0.5228, Accuracy: 78.66%, AUC: 0.79
Epoch [20/100] - [TRAIN] Loss: 0.4775, Accuracy: 80.41%, AUC: 0.80 - [VAL] Loss: 0.5072, Accuracy: 78.60%, AUC: 0.79
Epoch [30/100] - [TRAIN] Loss: 0.4693, Accuracy: 80.34%, AUC: 0.80 - [VAL] Loss: 0.4836, Accuracy: 78.34%, AUC: 0.78
Epoch [40/100] - [TRAIN] Loss: 0.4584, Accuracy: 80.78%, AUC: 0.81 - [VAL] Loss: 0.4799, Accuracy: 78.83%, AUC: 0.79
Epoch [50/100] - [TRAIN] Loss: 0.4538, Accuracy: 80.80%, AUC: 0.81 - [VAL] Loss: 0.4765, Accuracy: 78.81%, AUC: 0.79
Epoch [60/100] - [TRAIN] Loss: 0.4553, Accuracy: 80.55%, AUC: 0.81 - [VAL] Loss: 0.4793, Accuracy: 78.74%, AUC: 0.79
Epoch [70/100] - [TRAIN] Loss: 0.4460, Accuracy: 80.99%, AUC: 0.81 - [VAL] Loss: 0.4699, Accuracy: 79.18%, AUC: 0.79
Epoch [80/100] - [TRAIN] Loss: 0.4444, Accuracy: 81.15%, AUC: 0.81 - [VAL] Loss: 0.4688, Accuracy: 79.24%, AUC: 0.79
Epoch [90/100] - [TRAIN] Loss: 0.4399, Accuracy: 81.47%, AUC: 0.81 - [VAL] Loss: 0.4678, Accuracy: 79.41%, AUC: 0.79
Epoch [100/100] - [TRAIN] Loss: 0.4387, Accuracy: 81.25%, AUC: 0.81 - [VAL] Loss: 0.4696, Accuracy: 79.30%, AUC: 0.79
Training finished!
Accuracy Score on test set: 80.33 %
AUC Score on test set: 0.80

Item: H3K36me3-H3K4me1-H3K27me3-H3K9me3-H3K4me3
Epoch [10/100] - [TRAIN] Loss: 0.5079, Accuracy: 79.33%, AUC: 0.79 - [VAL] Loss: 0.5256, Accuracy: 78.80%, AUC: 0.79
Epoch [20/100] - [TRAIN] Loss: 0.4841, Accuracy: 79.77%, AUC: 0.80 - [VAL] Loss: 0.5006, Accuracy: 79.04%, AUC: 0.79
Epoch [30/100] - [TRAIN] Loss: 0.4658, Accuracy: 80.25%, AUC: 0.80 - [VAL] Loss: 0.4862, Accuracy: 79.10%, AUC: 0.79
Epoch [40/100] - [TRAIN] Loss: 0.4609, Accuracy: 80.23%, AUC: 0.80 - [VAL] Loss: 0.4806, Accuracy: 79.10%, AUC: 0.79
Epoch [50/100] - [TRAIN] Loss: 0.4570, Accuracy: 80.34%, AUC: 0.80 - [VAL] Loss: 0.4753, Accuracy: 78.95%, AUC: 0.79
Epoch [60/100] - [TRAIN] Loss: 0.4521, Accuracy: 80.64%, AUC: 0.81 - [VAL] Loss: 0.4784, Accuracy: 78.34%, AUC: 0.78
Epoch [70/100] - [TRAIN] Loss: 0.4456, Accuracy: 80.45%, AUC: 0.80 - [VAL] Loss: 0.4766, Accuracy: 79.15%, AUC: 0.79
Epoch [80/100] - [TRAIN] Loss: 0.4489, Accuracy: 81.04%, AUC: 0.81 - [VAL] Loss: 0.4745, Accuracy: 79.04%, AUC: 0.79
Epoch [90/100] - [TRAIN] Loss: 0.4448, Accuracy: 80.55%, AUC: 0.81 - [VAL] Loss: 0.4719, Accuracy: 79.09%, AUC: 0.79
Epoch [100/100] - [TRAIN] Loss: 0.4411, Accuracy: 81.09%, AUC: 0.81 - [VAL] Loss: 0.4694, Accuracy: 79.01%, AUC: 0.79
Training finished!
Accuracy Score on test set: 80.54 %
AUC Score on test set: 0.81

Item: H3K36me3-H3K9me3-H3K4me3-H3K4me1-H3K27me3
Epoch [10/100] - [TRAIN] Loss: 0.5100, Accuracy: 79.39%, AUC: 0.79 - [VAL] Loss: 0.5366, Accuracy: 78.28%, AUC: 0.78
Epoch [20/100] - [TRAIN] Loss: 0.4789, Accuracy: 80.28%, AUC: 0.80 - [VAL] Loss: 0.5139, Accuracy: 78.62%, AUC: 0.79
Epoch [30/100] - [TRAIN] Loss: 0.4689, Accuracy: 79.93%, AUC: 0.80 - [VAL] Loss: 0.4912, Accuracy: 79.01%, AUC: 0.79
Epoch [40/100] - [TRAIN] Loss: 0.4584, Accuracy: 80.69%, AUC: 0.81 - [VAL] Loss: 0.4917, Accuracy: 78.87%, AUC: 0.79
Epoch [50/100] - [TRAIN] Loss: 0.4561, Accuracy: 80.43%, AUC: 0.80 - [VAL] Loss: 0.4853, Accuracy: 78.94%, AUC: 0.79
Epoch [60/100] - [TRAIN] Loss: 0.4490, Accuracy: 80.89%, AUC: 0.81 - [VAL] Loss: 0.4863, Accuracy: 78.97%, AUC: 0.79
Epoch [70/100] - [TRAIN] Loss: 0.4481, Accuracy: 80.73%, AUC: 0.81 - [VAL] Loss: 0.4782, Accuracy: 79.13%, AUC: 0.79
Epoch [80/100] - [TRAIN] Loss: 0.4457, Accuracy: 80.89%, AUC: 0.81 - [VAL] Loss: 0.4751, Accuracy: 79.03%, AUC: 0.79
Epoch [90/100] - [TRAIN] Loss: 0.4441, Accuracy: 80.77%, AUC: 0.81 - [VAL] Loss: 0.4733, Accuracy: 79.12%, AUC: 0.79
Epoch [100/100] - [TRAIN] Loss: 0.4454, Accuracy: 80.80%, AUC: 0.81 - [VAL] Loss: 0.4790, Accuracy: 79.12%, AUC: 0.79
Training finished!
Accuracy Score on test set: 80.57 %
AUC Score on test set: 0.81

Item: H3K36me3-H3K9me3-H3K4me3-H3K27me3-H3K4me1
Epoch [10/100] - [TRAIN] Loss: 0.5110, Accuracy: 78.75%, AUC: 0.79 - [VAL] Loss: 0.5261, Accuracy: 78.60%, AUC: 0.79
Epoch [20/100] - [TRAIN] Loss: 0.4803, Accuracy: 79.74%, AUC: 0.80 - [VAL] Loss: 0.5014, Accuracy: 78.91%, AUC: 0.79
Epoch [30/100] - [TRAIN] Loss: 0.4678, Accuracy: 79.82%, AUC: 0.80 - [VAL] Loss: 0.4858, Accuracy: 78.94%, AUC: 0.79
Epoch [40/100] - [TRAIN] Loss: 0.4607, Accuracy: 80.16%, AUC: 0.80 - [VAL] Loss: 0.4883, Accuracy: 78.75%, AUC: 0.79
Epoch [50/100] - [TRAIN] Loss: 0.4554, Accuracy: 80.32%, AUC: 0.80 - [VAL] Loss: 0.4825, Accuracy: 78.81%, AUC: 0.79
Epoch [60/100] - [TRAIN] Loss: 0.4516, Accuracy: 80.64%, AUC: 0.81 - [VAL] Loss: 0.4744, Accuracy: 79.17%, AUC: 0.79
Epoch [70/100] - [TRAIN] Loss: 0.4503, Accuracy: 80.83%, AUC: 0.81 - [VAL] Loss: 0.4740, Accuracy: 79.13%, AUC: 0.79
Epoch [80/100] - [TRAIN] Loss: 0.4464, Accuracy: 80.98%, AUC: 0.81 - [VAL] Loss: 0.4717, Accuracy: 79.29%, AUC: 0.79
Epoch [90/100] - [TRAIN] Loss: 0.4433, Accuracy: 80.70%, AUC: 0.81 - [VAL] Loss: 0.4759, Accuracy: 79.12%, AUC: 0.79
Epoch [100/100] - [TRAIN] Loss: 0.4452, Accuracy: 81.01%, AUC: 0.81 - [VAL] Loss: 0.4731, Accuracy: 79.30%, AUC: 0.79
Training finished!
Accuracy Score on test set: 80.45 %
AUC Score on test set: 0.80

Item: H3K36me3-H3K9me3-H3K4me1-H3K4me3-H3K27me3
Epoch [10/100] - [TRAIN] Loss: 0.5053, Accuracy: 79.24%, AUC: 0.79 - [VAL] Loss: 0.5222, Accuracy: 78.55%, AUC: 0.79
Epoch [20/100] - [TRAIN] Loss: 0.4740, Accuracy: 79.93%, AUC: 0.80 - [VAL] Loss: 0.4956, Accuracy: 78.83%, AUC: 0.79
Epoch [30/100] - [TRAIN] Loss: 0.4646, Accuracy: 80.34%, AUC: 0.80 - [VAL] Loss: 0.4960, Accuracy: 78.78%, AUC: 0.79
Epoch [40/100] - [TRAIN] Loss: 0.4574, Accuracy: 80.66%, AUC: 0.81 - [VAL] Loss: 0.4821, Accuracy: 79.09%, AUC: 0.79
Epoch [50/100] - [TRAIN] Loss: 0.4561, Accuracy: 80.80%, AUC: 0.81 - [VAL] Loss: 0.4753, Accuracy: 78.69%, AUC: 0.79
Epoch [60/100] - [TRAIN] Loss: 0.4630, Accuracy: 80.70%, AUC: 0.81 - [VAL] Loss: 0.4912, Accuracy: 77.58%, AUC: 0.78
Epoch [70/100] - [TRAIN] Loss: 0.4465, Accuracy: 81.12%, AUC: 0.81 - [VAL] Loss: 0.4812, Accuracy: 79.06%, AUC: 0.79
Epoch [80/100] - [TRAIN] Loss: 0.4444, Accuracy: 81.16%, AUC: 0.81 - [VAL] Loss: 0.4733, Accuracy: 79.01%, AUC: 0.79
Epoch [90/100] - [TRAIN] Loss: 0.4396, Accuracy: 80.99%, AUC: 0.81 - [VAL] Loss: 0.4781, Accuracy: 79.00%, AUC: 0.79
Epoch [100/100] - [TRAIN] Loss: 0.4372, Accuracy: 80.84%, AUC: 0.81 - [VAL] Loss: 0.4729, Accuracy: 79.36%, AUC: 0.79
Training finished!
Accuracy Score on test set: 80.68 %
AUC Score on test set: 0.81

Item: H3K36me3-H3K9me3-H3K4me1-H3K27me3-H3K4me3
Epoch [10/100] - [TRAIN] Loss: 0.5131, Accuracy: 79.13%, AUC: 0.79 - [VAL] Loss: 0.5273, Accuracy: 78.58%, AUC: 0.79
Epoch [20/100] - [TRAIN] Loss: 0.4836, Accuracy: 79.76%, AUC: 0.80 - [VAL] Loss: 0.5029, Accuracy: 78.69%, AUC: 0.79
Epoch [30/100] - [TRAIN] Loss: 0.4687, Accuracy: 80.19%, AUC: 0.80 - [VAL] Loss: 0.4996, Accuracy: 78.72%, AUC: 0.79
Epoch [40/100] - [TRAIN] Loss: 0.4644, Accuracy: 80.25%, AUC: 0.80 - [VAL] Loss: 0.4819, Accuracy: 79.09%, AUC: 0.79
Epoch [50/100] - [TRAIN] Loss: 0.4584, Accuracy: 80.75%, AUC: 0.81 - [VAL] Loss: 0.4764, Accuracy: 78.91%, AUC: 0.79
Epoch [60/100] - [TRAIN] Loss: 0.4518, Accuracy: 80.51%, AUC: 0.81 - [VAL] Loss: 0.4762, Accuracy: 78.91%, AUC: 0.79
Epoch [70/100] - [TRAIN] Loss: 0.4519, Accuracy: 80.75%, AUC: 0.81 - [VAL] Loss: 0.4723, Accuracy: 79.15%, AUC: 0.79
Epoch [80/100] - [TRAIN] Loss: 0.4494, Accuracy: 80.75%, AUC: 0.81 - [VAL] Loss: 0.4713, Accuracy: 79.17%, AUC: 0.79
Epoch [90/100] - [TRAIN] Loss: 0.4449, Accuracy: 80.87%, AUC: 0.81 - [VAL] Loss: 0.4750, Accuracy: 79.09%, AUC: 0.79
Epoch [100/100] - [TRAIN] Loss: 0.4413, Accuracy: 80.96%, AUC: 0.81 - [VAL] Loss: 0.4689, Accuracy: 79.29%, AUC: 0.79
Training finished!
Accuracy Score on test set: 80.79 %
AUC Score on test set: 0.81

Item: H3K36me3-H3K9me3-H3K27me3-H3K4me3-H3K4me1
Epoch [10/100] - [TRAIN] Loss: 0.5075, Accuracy: 79.13%, AUC: 0.79 - [VAL] Loss: 0.5324, Accuracy: 78.40%, AUC: 0.78
Epoch [20/100] - [TRAIN] Loss: 0.4836, Accuracy: 79.59%, AUC: 0.80 - [VAL] Loss: 0.5149, Accuracy: 78.51%, AUC: 0.79
Epoch [30/100] - [TRAIN] Loss: 0.4659, Accuracy: 80.35%, AUC: 0.80 - [VAL] Loss: 0.4906, Accuracy: 78.71%, AUC: 0.79
Epoch [40/100] - [TRAIN] Loss: 0.4579, Accuracy: 80.58%, AUC: 0.81 - [VAL] Loss: 0.4855, Accuracy: 78.84%, AUC: 0.79
Epoch [50/100] - [TRAIN] Loss: 0.4531, Accuracy: 80.52%, AUC: 0.81 - [VAL] Loss: 0.4845, Accuracy: 78.69%, AUC: 0.79
Epoch [60/100] - [TRAIN] Loss: 0.4501, Accuracy: 80.55%, AUC: 0.81 - [VAL] Loss: 0.4806, Accuracy: 78.97%, AUC: 0.79
Epoch [70/100] - [TRAIN] Loss: 0.4479, Accuracy: 81.01%, AUC: 0.81 - [VAL] Loss: 0.4713, Accuracy: 79.09%, AUC: 0.79
Epoch [80/100] - [TRAIN] Loss: 0.4439, Accuracy: 80.93%, AUC: 0.81 - [VAL] Loss: 0.4789, Accuracy: 78.87%, AUC: 0.79
Epoch [90/100] - [TRAIN] Loss: 0.4415, Accuracy: 81.04%, AUC: 0.81 - [VAL] Loss: 0.4713, Accuracy: 79.17%, AUC: 0.79
Epoch [100/100] - [TRAIN] Loss: 0.4383, Accuracy: 81.10%, AUC: 0.81 - [VAL] Loss: 0.4682, Accuracy: 79.09%, AUC: 0.79
Training finished!
Accuracy Score on test set: 80.94 %
AUC Score on test set: 0.81

Item: H3K36me3-H3K9me3-H3K27me3-H3K4me1-H3K4me3
Epoch [10/100] - [TRAIN] Loss: 0.5082, Accuracy: 79.68%, AUC: 0.80 - [VAL] Loss: 0.5189, Accuracy: 78.84%, AUC: 0.79
Epoch [20/100] - [TRAIN] Loss: 0.4777, Accuracy: 79.91%, AUC: 0.80 - [VAL] Loss: 0.5015, Accuracy: 78.78%, AUC: 0.79
Epoch [30/100] - [TRAIN] Loss: 0.4679, Accuracy: 80.37%, AUC: 0.80 - [VAL] Loss: 0.4837, Accuracy: 78.98%, AUC: 0.79
Epoch [40/100] - [TRAIN] Loss: 0.4608, Accuracy: 80.75%, AUC: 0.81 - [VAL] Loss: 0.4884, Accuracy: 79.06%, AUC: 0.79
Epoch [50/100] - [TRAIN] Loss: 0.4522, Accuracy: 80.58%, AUC: 0.81 - [VAL] Loss: 0.4820, Accuracy: 78.92%, AUC: 0.79
Epoch [60/100] - [TRAIN] Loss: 0.4486, Accuracy: 80.77%, AUC: 0.81 - [VAL] Loss: 0.4731, Accuracy: 79.24%, AUC: 0.79
Epoch [70/100] - [TRAIN] Loss: 0.4443, Accuracy: 80.87%, AUC: 0.81 - [VAL] Loss: 0.4730, Accuracy: 79.21%, AUC: 0.79
Epoch [80/100] - [TRAIN] Loss: 0.4458, Accuracy: 80.90%, AUC: 0.81 - [VAL] Loss: 0.4744, Accuracy: 79.24%, AUC: 0.79
Epoch [90/100] - [TRAIN] Loss: 0.4420, Accuracy: 81.15%, AUC: 0.81 - [VAL] Loss: 0.4716, Accuracy: 79.24%, AUC: 0.79
Epoch [100/100] - [TRAIN] Loss: 0.4400, Accuracy: 81.30%, AUC: 0.81 - [VAL] Loss: 0.4706, Accuracy: 79.46%, AUC: 0.79
Training finished!
Accuracy Score on test set: 80.74 %
AUC Score on test set: 0.81

Item: H3K36me3-H3K27me3-H3K4me3-H3K4me1-H3K9me3
Epoch [10/100] - [TRAIN] Loss: 0.5084, Accuracy: 79.36%, AUC: 0.79 - [VAL] Loss: 0.5107, Accuracy: 78.94%, AUC: 0.79
Epoch [20/100] - [TRAIN] Loss: 0.4746, Accuracy: 79.79%, AUC: 0.80 - [VAL] Loss: 0.4944, Accuracy: 78.84%, AUC: 0.79
Epoch [30/100] - [TRAIN] Loss: 0.4694, Accuracy: 80.70%, AUC: 0.81 - [VAL] Loss: 0.4772, Accuracy: 79.20%, AUC: 0.79
Epoch [40/100] - [TRAIN] Loss: 0.4583, Accuracy: 80.25%, AUC: 0.80 - [VAL] Loss: 0.4802, Accuracy: 78.80%, AUC: 0.79
Epoch [50/100] - [TRAIN] Loss: 0.4534, Accuracy: 80.48%, AUC: 0.80 - [VAL] Loss: 0.4762, Accuracy: 78.92%, AUC: 0.79
Epoch [60/100] - [TRAIN] Loss: 0.4491, Accuracy: 80.64%, AUC: 0.81 - [VAL] Loss: 0.4712, Accuracy: 79.06%, AUC: 0.79
Epoch [70/100] - [TRAIN] Loss: 0.4483, Accuracy: 80.77%, AUC: 0.81 - [VAL] Loss: 0.4758, Accuracy: 78.81%, AUC: 0.79
Epoch [80/100] - [TRAIN] Loss: 0.4476, Accuracy: 80.98%, AUC: 0.81 - [VAL] Loss: 0.4738, Accuracy: 79.07%, AUC: 0.79
Epoch [90/100] - [TRAIN] Loss: 0.4401, Accuracy: 80.90%, AUC: 0.81 - [VAL] Loss: 0.4690, Accuracy: 79.10%, AUC: 0.79
Epoch [100/100] - [TRAIN] Loss: 0.4385, Accuracy: 81.12%, AUC: 0.81 - [VAL] Loss: 0.4693, Accuracy: 79.21%, AUC: 0.79
Training finished!
Accuracy Score on test set: 80.65 %
AUC Score on test set: 0.81

Item: H3K36me3-H3K27me3-H3K4me3-H3K9me3-H3K4me1
Epoch [10/100] - [TRAIN] Loss: 0.5064, Accuracy: 79.74%, AUC: 0.80 - [VAL] Loss: 0.5375, Accuracy: 78.26%, AUC: 0.78
Epoch [20/100] - [TRAIN] Loss: 0.4786, Accuracy: 79.97%, AUC: 0.80 - [VAL] Loss: 0.5225, Accuracy: 78.19%, AUC: 0.78
Epoch [30/100] - [TRAIN] Loss: 0.4667, Accuracy: 80.52%, AUC: 0.81 - [VAL] Loss: 0.4873, Accuracy: 79.10%, AUC: 0.79
Epoch [40/100] - [TRAIN] Loss: 0.4643, Accuracy: 80.35%, AUC: 0.80 - [VAL] Loss: 0.4829, Accuracy: 79.15%, AUC: 0.79
Epoch [50/100] - [TRAIN] Loss: 0.4542, Accuracy: 81.07%, AUC: 0.81 - [VAL] Loss: 0.4859, Accuracy: 78.77%, AUC: 0.79
Epoch [60/100] - [TRAIN] Loss: 0.4523, Accuracy: 80.99%, AUC: 0.81 - [VAL] Loss: 0.4824, Accuracy: 79.01%, AUC: 0.79
Epoch [70/100] - [TRAIN] Loss: 0.4490, Accuracy: 80.92%, AUC: 0.81 - [VAL] Loss: 0.4796, Accuracy: 79.01%, AUC: 0.79
Epoch [80/100] - [TRAIN] Loss: 0.4419, Accuracy: 80.98%, AUC: 0.81 - [VAL] Loss: 0.4767, Accuracy: 79.15%, AUC: 0.79
Epoch [90/100] - [TRAIN] Loss: 0.4475, Accuracy: 80.64%, AUC: 0.81 - [VAL] Loss: 0.4685, Accuracy: 79.56%, AUC: 0.80
Epoch [100/100] - [TRAIN] Loss: 0.4431, Accuracy: 81.16%, AUC: 0.81 - [VAL] Loss: 0.4772, Accuracy: 79.03%, AUC: 0.79
Training finished!
Accuracy Score on test set: 80.79 %
AUC Score on test set: 0.81

Item: H3K36me3-H3K27me3-H3K4me1-H3K4me3-H3K9me3
Epoch [10/100] - [TRAIN] Loss: 0.5175, Accuracy: 79.38%, AUC: 0.79 - [VAL] Loss: 0.5358, Accuracy: 78.42%, AUC: 0.78
Epoch [20/100] - [TRAIN] Loss: 0.4831, Accuracy: 79.67%, AUC: 0.80 - [VAL] Loss: 0.5080, Accuracy: 78.75%, AUC: 0.79
Epoch [30/100] - [TRAIN] Loss: 0.4667, Accuracy: 80.43%, AUC: 0.80 - [VAL] Loss: 0.4903, Accuracy: 79.04%, AUC: 0.79
Epoch [40/100] - [TRAIN] Loss: 0.4603, Accuracy: 80.46%, AUC: 0.80 - [VAL] Loss: 0.4926, Accuracy: 78.91%, AUC: 0.79
Epoch [50/100] - [TRAIN] Loss: 0.4517, Accuracy: 80.52%, AUC: 0.81 - [VAL] Loss: 0.4836, Accuracy: 79.01%, AUC: 0.79
Epoch [60/100] - [TRAIN] Loss: 0.4508, Accuracy: 80.81%, AUC: 0.81 - [VAL] Loss: 0.4740, Accuracy: 79.27%, AUC: 0.79
Epoch [70/100] - [TRAIN] Loss: 0.4437, Accuracy: 81.25%, AUC: 0.81 - [VAL] Loss: 0.4760, Accuracy: 79.15%, AUC: 0.79
Epoch [80/100] - [TRAIN] Loss: 0.4451, Accuracy: 81.21%, AUC: 0.81 - [VAL] Loss: 0.4755, Accuracy: 79.07%, AUC: 0.79
Epoch [90/100] - [TRAIN] Loss: 0.4443, Accuracy: 80.98%, AUC: 0.81 - [VAL] Loss: 0.4732, Accuracy: 79.24%, AUC: 0.79
Epoch [100/100] - [TRAIN] Loss: 0.4405, Accuracy: 81.25%, AUC: 0.81 - [VAL] Loss: 0.4749, Accuracy: 79.29%, AUC: 0.79
Training finished!
Accuracy Score on test set: 80.72 %
AUC Score on test set: 0.81

Item: H3K36me3-H3K27me3-H3K4me1-H3K9me3-H3K4me3
Epoch [10/100] - [TRAIN] Loss: 0.5083, Accuracy: 79.47%, AUC: 0.79 - [VAL] Loss: 0.5286, Accuracy: 78.60%, AUC: 0.79
Epoch [20/100] - [TRAIN] Loss: 0.4786, Accuracy: 80.29%, AUC: 0.80 - [VAL] Loss: 0.5003, Accuracy: 78.87%, AUC: 0.79
Epoch [30/100] - [TRAIN] Loss: 0.4658, Accuracy: 80.32%, AUC: 0.80 - [VAL] Loss: 0.4933, Accuracy: 79.00%, AUC: 0.79
Epoch [40/100] - [TRAIN] Loss: 0.4595, Accuracy: 80.54%, AUC: 0.81 - [VAL] Loss: 0.4909, Accuracy: 78.77%, AUC: 0.79
Epoch [50/100] - [TRAIN] Loss: 0.4566, Accuracy: 80.63%, AUC: 0.81 - [VAL] Loss: 0.4796, Accuracy: 79.15%, AUC: 0.79
Epoch [60/100] - [TRAIN] Loss: 0.4523, Accuracy: 80.70%, AUC: 0.81 - [VAL] Loss: 0.4774, Accuracy: 79.04%, AUC: 0.79
Epoch [70/100] - [TRAIN] Loss: 0.4494, Accuracy: 80.70%, AUC: 0.81 - [VAL] Loss: 0.4713, Accuracy: 79.27%, AUC: 0.79
Epoch [80/100] - [TRAIN] Loss: 0.4467, Accuracy: 80.63%, AUC: 0.81 - [VAL] Loss: 0.4709, Accuracy: 79.24%, AUC: 0.79
Epoch [90/100] - [TRAIN] Loss: 0.4433, Accuracy: 80.78%, AUC: 0.81 - [VAL] Loss: 0.4701, Accuracy: 79.46%, AUC: 0.79
Epoch [100/100] - [TRAIN] Loss: 0.4449, Accuracy: 81.12%, AUC: 0.81 - [VAL] Loss: 0.4687, Accuracy: 79.35%, AUC: 0.79
Training finished!
Accuracy Score on test set: 80.82 %
AUC Score on test set: 0.81

Item: H3K36me3-H3K27me3-H3K9me3-H3K4me3-H3K4me1
Epoch [10/100] - [TRAIN] Loss: 0.5152, Accuracy: 78.94%, AUC: 0.79 - [VAL] Loss: 0.5221, Accuracy: 78.54%, AUC: 0.79
Epoch [20/100] - [TRAIN] Loss: 0.4799, Accuracy: 79.91%, AUC: 0.80 - [VAL] Loss: 0.4979, Accuracy: 78.75%, AUC: 0.79
Epoch [30/100] - [TRAIN] Loss: 0.4658, Accuracy: 80.25%, AUC: 0.80 - [VAL] Loss: 0.4908, Accuracy: 78.72%, AUC: 0.79
Epoch [40/100] - [TRAIN] Loss: 0.4610, Accuracy: 80.55%, AUC: 0.81 - [VAL] Loss: 0.4848, Accuracy: 78.84%, AUC: 0.79
Epoch [50/100] - [TRAIN] Loss: 0.4556, Accuracy: 80.63%, AUC: 0.81 - [VAL] Loss: 0.4760, Accuracy: 78.80%, AUC: 0.79
Epoch [60/100] - [TRAIN] Loss: 0.4471, Accuracy: 80.58%, AUC: 0.81 - [VAL] Loss: 0.4796, Accuracy: 78.72%, AUC: 0.79
Epoch [70/100] - [TRAIN] Loss: 0.4463, Accuracy: 80.84%, AUC: 0.81 - [VAL] Loss: 0.4767, Accuracy: 78.84%, AUC: 0.79
Epoch [80/100] - [TRAIN] Loss: 0.4413, Accuracy: 80.83%, AUC: 0.81 - [VAL] Loss: 0.4771, Accuracy: 78.77%, AUC: 0.79
Epoch [90/100] - [TRAIN] Loss: 0.4450, Accuracy: 80.99%, AUC: 0.81 - [VAL] Loss: 0.4698, Accuracy: 78.87%, AUC: 0.79
Epoch [100/100] - [TRAIN] Loss: 0.4392, Accuracy: 80.93%, AUC: 0.81 - [VAL] Loss: 0.4681, Accuracy: 78.92%, AUC: 0.79
Training finished!
Accuracy Score on test set: 80.60 %
AUC Score on test set: 0.81

Item: H3K36me3-H3K27me3-H3K9me3-H3K4me1-H3K4me3
Epoch [10/100] - [TRAIN] Loss: 0.5146, Accuracy: 79.12%, AUC: 0.79 - [VAL] Loss: 0.5456, Accuracy: 78.03%, AUC: 0.78
Epoch [20/100] - [TRAIN] Loss: 0.4777, Accuracy: 79.88%, AUC: 0.80 - [VAL] Loss: 0.5227, Accuracy: 78.32%, AUC: 0.78
Epoch [30/100] - [TRAIN] Loss: 0.4703, Accuracy: 80.48%, AUC: 0.80 - [VAL] Loss: 0.5071, Accuracy: 78.48%, AUC: 0.78
Epoch [40/100] - [TRAIN] Loss: 0.4600, Accuracy: 80.37%, AUC: 0.80 - [VAL] Loss: 0.4858, Accuracy: 79.04%, AUC: 0.79
Epoch [50/100] - [TRAIN] Loss: 0.4560, Accuracy: 80.70%, AUC: 0.81 - [VAL] Loss: 0.4957, Accuracy: 78.72%, AUC: 0.79
Epoch [60/100] - [TRAIN] Loss: 0.4508, Accuracy: 80.63%, AUC: 0.81 - [VAL] Loss: 0.4895, Accuracy: 78.87%, AUC: 0.79
Epoch [70/100] - [TRAIN] Loss: 0.4468, Accuracy: 80.78%, AUC: 0.81 - [VAL] Loss: 0.4839, Accuracy: 79.01%, AUC: 0.79
Epoch [80/100] - [TRAIN] Loss: 0.4435, Accuracy: 81.22%, AUC: 0.81 - [VAL] Loss: 0.4706, Accuracy: 79.41%, AUC: 0.79
Epoch [90/100] - [TRAIN] Loss: 0.4433, Accuracy: 80.84%, AUC: 0.81 - [VAL] Loss: 0.4786, Accuracy: 79.30%, AUC: 0.79
Epoch [100/100] - [TRAIN] Loss: 0.4422, Accuracy: 80.89%, AUC: 0.81 - [VAL] Loss: 0.4700, Accuracy: 79.38%, AUC: 0.79
Training finished!
Accuracy Score on test set: 80.39 %
AUC Score on test set: 0.80

Item: H3K9me3-H3K4me3-H3K4me1-H3K36me3-H3K27me3
Epoch [10/100] - [TRAIN] Loss: 0.5178, Accuracy: 79.18%, AUC: 0.79 - [VAL] Loss: 0.5137, Accuracy: 78.55%, AUC: 0.79
Epoch [20/100] - [TRAIN] Loss: 0.4819, Accuracy: 80.19%, AUC: 0.80 - [VAL] Loss: 0.5065, Accuracy: 78.80%, AUC: 0.79
Epoch [30/100] - [TRAIN] Loss: 0.4717, Accuracy: 80.23%, AUC: 0.80 - [VAL] Loss: 0.5079, Accuracy: 78.68%, AUC: 0.79
Epoch [40/100] - [TRAIN] Loss: 0.4635, Accuracy: 80.52%, AUC: 0.81 - [VAL] Loss: 0.4867, Accuracy: 79.01%, AUC: 0.79
Epoch [50/100] - [TRAIN] Loss: 0.4550, Accuracy: 80.87%, AUC: 0.81 - [VAL] Loss: 0.4929, Accuracy: 78.84%, AUC: 0.79
Epoch [60/100] - [TRAIN] Loss: 0.4523, Accuracy: 80.41%, AUC: 0.80 - [VAL] Loss: 0.4799, Accuracy: 79.21%, AUC: 0.79
Epoch [70/100] - [TRAIN] Loss: 0.4534, Accuracy: 80.52%, AUC: 0.81 - [VAL] Loss: 0.4940, Accuracy: 78.72%, AUC: 0.79
Epoch [80/100] - [TRAIN] Loss: 0.4517, Accuracy: 80.73%, AUC: 0.81 - [VAL] Loss: 0.4813, Accuracy: 79.07%, AUC: 0.79
Epoch [90/100] - [TRAIN] Loss: 0.4504, Accuracy: 80.87%, AUC: 0.81 - [VAL] Loss: 0.4785, Accuracy: 79.06%, AUC: 0.79
Epoch [100/100] - [TRAIN] Loss: 0.4422, Accuracy: 80.86%, AUC: 0.81 - [VAL] Loss: 0.4858, Accuracy: 79.06%, AUC: 0.79
Training finished!
Accuracy Score on test set: 80.43 %
AUC Score on test set: 0.80

Item: H3K9me3-H3K4me3-H3K4me1-H3K27me3-H3K36me3
Epoch [10/100] - [TRAIN] Loss: 0.5114, Accuracy: 79.67%, AUC: 0.80 - [VAL] Loss: 0.5303, Accuracy: 78.40%, AUC: 0.78
Epoch [20/100] - [TRAIN] Loss: 0.4778, Accuracy: 79.99%, AUC: 0.80 - [VAL] Loss: 0.5080, Accuracy: 78.69%, AUC: 0.79
Epoch [30/100] - [TRAIN] Loss: 0.4728, Accuracy: 80.43%, AUC: 0.80 - [VAL] Loss: 0.4932, Accuracy: 78.89%, AUC: 0.79
Epoch [40/100] - [TRAIN] Loss: 0.4573, Accuracy: 80.64%, AUC: 0.81 - [VAL] Loss: 0.4835, Accuracy: 79.06%, AUC: 0.79
Epoch [50/100] - [TRAIN] Loss: 0.4545, Accuracy: 80.60%, AUC: 0.81 - [VAL] Loss: 0.4858, Accuracy: 78.77%, AUC: 0.79
Epoch [60/100] - [TRAIN] Loss: 0.4508, Accuracy: 80.83%, AUC: 0.81 - [VAL] Loss: 0.4760, Accuracy: 79.09%, AUC: 0.79
Epoch [70/100] - [TRAIN] Loss: 0.4485, Accuracy: 81.31%, AUC: 0.81 - [VAL] Loss: 0.4734, Accuracy: 79.00%, AUC: 0.79
Epoch [80/100] - [TRAIN] Loss: 0.4464, Accuracy: 80.99%, AUC: 0.81 - [VAL] Loss: 0.4734, Accuracy: 78.98%, AUC: 0.79
Epoch [90/100] - [TRAIN] Loss: 0.4432, Accuracy: 81.09%, AUC: 0.81 - [VAL] Loss: 0.4695, Accuracy: 79.10%, AUC: 0.79
Epoch [100/100] - [TRAIN] Loss: 0.4378, Accuracy: 81.22%, AUC: 0.81 - [VAL] Loss: 0.4671, Accuracy: 79.15%, AUC: 0.79
Training finished!
Accuracy Score on test set: 80.77 %
AUC Score on test set: 0.81

Item: H3K9me3-H3K4me3-H3K36me3-H3K4me1-H3K27me3
Epoch [10/100] - [TRAIN] Loss: 0.5212, Accuracy: 79.29%, AUC: 0.79 - [VAL] Loss: 0.5380, Accuracy: 78.23%, AUC: 0.78
Epoch [20/100] - [TRAIN] Loss: 0.4829, Accuracy: 79.93%, AUC: 0.80 - [VAL] Loss: 0.5018, Accuracy: 78.80%, AUC: 0.79
Epoch [30/100] - [TRAIN] Loss: 0.4654, Accuracy: 80.20%, AUC: 0.80 - [VAL] Loss: 0.5045, Accuracy: 78.65%, AUC: 0.79
Epoch [40/100] - [TRAIN] Loss: 0.4616, Accuracy: 80.73%, AUC: 0.81 - [VAL] Loss: 0.4939, Accuracy: 78.75%, AUC: 0.79
Epoch [50/100] - [TRAIN] Loss: 0.4568, Accuracy: 80.25%, AUC: 0.80 - [VAL] Loss: 0.4756, Accuracy: 79.03%, AUC: 0.79
Epoch [60/100] - [TRAIN] Loss: 0.4503, Accuracy: 80.61%, AUC: 0.81 - [VAL] Loss: 0.4735, Accuracy: 78.89%, AUC: 0.79
Epoch [70/100] - [TRAIN] Loss: 0.4442, Accuracy: 80.69%, AUC: 0.81 - [VAL] Loss: 0.4750, Accuracy: 79.04%, AUC: 0.79
Epoch [80/100] - [TRAIN] Loss: 0.4437, Accuracy: 81.13%, AUC: 0.81 - [VAL] Loss: 0.4745, Accuracy: 79.03%, AUC: 0.79
Epoch [90/100] - [TRAIN] Loss: 0.4440, Accuracy: 81.10%, AUC: 0.81 - [VAL] Loss: 0.4738, Accuracy: 79.15%, AUC: 0.79
Epoch [100/100] - [TRAIN] Loss: 0.4375, Accuracy: 81.10%, AUC: 0.81 - [VAL] Loss: 0.4716, Accuracy: 79.12%, AUC: 0.79
Training finished!
Accuracy Score on test set: 80.69 %
AUC Score on test set: 0.81

Item: H3K9me3-H3K4me3-H3K36me3-H3K27me3-H3K4me1
Epoch [10/100] - [TRAIN] Loss: 0.5101, Accuracy: 78.89%, AUC: 0.79 - [VAL] Loss: 0.5395, Accuracy: 78.29%, AUC: 0.78
Epoch [20/100] - [TRAIN] Loss: 0.4811, Accuracy: 79.53%, AUC: 0.80 - [VAL] Loss: 0.5201, Accuracy: 78.32%, AUC: 0.78
Epoch [30/100] - [TRAIN] Loss: 0.4704, Accuracy: 80.14%, AUC: 0.80 - [VAL] Loss: 0.4940, Accuracy: 78.81%, AUC: 0.79
Epoch [40/100] - [TRAIN] Loss: 0.4620, Accuracy: 80.25%, AUC: 0.80 - [VAL] Loss: 0.5046, Accuracy: 78.40%, AUC: 0.78
Epoch [50/100] - [TRAIN] Loss: 0.4546, Accuracy: 80.45%, AUC: 0.80 - [VAL] Loss: 0.4772, Accuracy: 78.89%, AUC: 0.79
Epoch [60/100] - [TRAIN] Loss: 0.4518, Accuracy: 80.73%, AUC: 0.81 - [VAL] Loss: 0.4797, Accuracy: 79.04%, AUC: 0.79
Epoch [70/100] - [TRAIN] Loss: 0.4467, Accuracy: 80.92%, AUC: 0.81 - [VAL] Loss: 0.4744, Accuracy: 79.01%, AUC: 0.79
Epoch [80/100] - [TRAIN] Loss: 0.4496, Accuracy: 80.61%, AUC: 0.81 - [VAL] Loss: 0.4768, Accuracy: 78.45%, AUC: 0.78
Epoch [90/100] - [TRAIN] Loss: 0.4464, Accuracy: 81.15%, AUC: 0.81 - [VAL] Loss: 0.4701, Accuracy: 79.00%, AUC: 0.79
Epoch [100/100] - [TRAIN] Loss: 0.4383, Accuracy: 81.04%, AUC: 0.81 - [VAL] Loss: 0.4715, Accuracy: 79.17%, AUC: 0.79
Training finished!
Accuracy Score on test set: 80.53 %
AUC Score on test set: 0.81

Item: H3K9me3-H3K4me3-H3K27me3-H3K4me1-H3K36me3
Epoch [10/100] - [TRAIN] Loss: 0.5213, Accuracy: 79.13%, AUC: 0.79 - [VAL] Loss: 0.5167, Accuracy: 79.06%, AUC: 0.79
Epoch [20/100] - [TRAIN] Loss: 0.4775, Accuracy: 80.17%, AUC: 0.80 - [VAL] Loss: 0.5023, Accuracy: 79.00%, AUC: 0.79
Epoch [30/100] - [TRAIN] Loss: 0.4670, Accuracy: 80.02%, AUC: 0.80 - [VAL] Loss: 0.4862, Accuracy: 79.04%, AUC: 0.79
Epoch [40/100] - [TRAIN] Loss: 0.4616, Accuracy: 80.40%, AUC: 0.80 - [VAL] Loss: 0.4766, Accuracy: 79.29%, AUC: 0.79
Epoch [50/100] - [TRAIN] Loss: 0.4537, Accuracy: 80.86%, AUC: 0.81 - [VAL] Loss: 0.4768, Accuracy: 79.29%, AUC: 0.79
Epoch [60/100] - [TRAIN] Loss: 0.4520, Accuracy: 80.61%, AUC: 0.81 - [VAL] Loss: 0.4714, Accuracy: 79.36%, AUC: 0.79
Epoch [70/100] - [TRAIN] Loss: 0.4418, Accuracy: 80.95%, AUC: 0.81 - [VAL] Loss: 0.4738, Accuracy: 79.24%, AUC: 0.79
Epoch [80/100] - [TRAIN] Loss: 0.4523, Accuracy: 80.90%, AUC: 0.81 - [VAL] Loss: 0.4733, Accuracy: 79.23%, AUC: 0.79
Epoch [90/100] - [TRAIN] Loss: 0.4415, Accuracy: 81.37%, AUC: 0.81 - [VAL] Loss: 0.4689, Accuracy: 79.43%, AUC: 0.79
Epoch [100/100] - [TRAIN] Loss: 0.4369, Accuracy: 81.05%, AUC: 0.81 - [VAL] Loss: 0.4682, Accuracy: 79.44%, AUC: 0.79
Training finished!
Accuracy Score on test set: 80.57 %
AUC Score on test set: 0.81

Item: H3K9me3-H3K4me3-H3K27me3-H3K36me3-H3K4me1
Epoch [10/100] - [TRAIN] Loss: 0.5191, Accuracy: 79.00%, AUC: 0.79 - [VAL] Loss: 0.5257, Accuracy: 78.78%, AUC: 0.79
Epoch [20/100] - [TRAIN] Loss: 0.4862, Accuracy: 79.93%, AUC: 0.80 - [VAL] Loss: 0.4981, Accuracy: 79.00%, AUC: 0.79
Epoch [30/100] - [TRAIN] Loss: 0.4698, Accuracy: 80.55%, AUC: 0.81 - [VAL] Loss: 0.5088, Accuracy: 78.51%, AUC: 0.79
Epoch [40/100] - [TRAIN] Loss: 0.4591, Accuracy: 80.83%, AUC: 0.81 - [VAL] Loss: 0.4849, Accuracy: 78.87%, AUC: 0.79
Epoch [50/100] - [TRAIN] Loss: 0.4571, Accuracy: 80.54%, AUC: 0.81 - [VAL] Loss: 0.4822, Accuracy: 78.84%, AUC: 0.79
Epoch [60/100] - [TRAIN] Loss: 0.4537, Accuracy: 80.46%, AUC: 0.80 - [VAL] Loss: 0.4796, Accuracy: 78.94%, AUC: 0.79
Epoch [70/100] - [TRAIN] Loss: 0.4557, Accuracy: 80.89%, AUC: 0.81 - [VAL] Loss: 0.4751, Accuracy: 79.04%, AUC: 0.79
Epoch [80/100] - [TRAIN] Loss: 0.4475, Accuracy: 80.83%, AUC: 0.81 - [VAL] Loss: 0.4734, Accuracy: 79.18%, AUC: 0.79
Epoch [90/100] - [TRAIN] Loss: 0.4473, Accuracy: 80.98%, AUC: 0.81 - [VAL] Loss: 0.4707, Accuracy: 79.24%, AUC: 0.79
Epoch [100/100] - [TRAIN] Loss: 0.4410, Accuracy: 81.09%, AUC: 0.81 - [VAL] Loss: 0.4763, Accuracy: 79.10%, AUC: 0.79
Training finished!
Accuracy Score on test set: 80.62 %
AUC Score on test set: 0.81

Item: H3K9me3-H3K4me1-H3K4me3-H3K36me3-H3K27me3
Epoch [10/100] - [TRAIN] Loss: 0.5068, Accuracy: 79.61%, AUC: 0.80 - [VAL] Loss: 0.5320, Accuracy: 78.45%, AUC: 0.78
Epoch [20/100] - [TRAIN] Loss: 0.4789, Accuracy: 79.87%, AUC: 0.80 - [VAL] Loss: 0.5022, Accuracy: 78.74%, AUC: 0.79
Epoch [30/100] - [TRAIN] Loss: 0.4692, Accuracy: 80.58%, AUC: 0.81 - [VAL] Loss: 0.4939, Accuracy: 78.78%, AUC: 0.79
Epoch [40/100] - [TRAIN] Loss: 0.4587, Accuracy: 80.80%, AUC: 0.81 - [VAL] Loss: 0.5087, Accuracy: 78.69%, AUC: 0.79
Epoch [50/100] - [TRAIN] Loss: 0.4555, Accuracy: 80.64%, AUC: 0.81 - [VAL] Loss: 0.4969, Accuracy: 78.66%, AUC: 0.79
Epoch [60/100] - [TRAIN] Loss: 0.4506, Accuracy: 80.40%, AUC: 0.80 - [VAL] Loss: 0.4878, Accuracy: 78.92%, AUC: 0.79
Epoch [70/100] - [TRAIN] Loss: 0.4501, Accuracy: 80.90%, AUC: 0.81 - [VAL] Loss: 0.4885, Accuracy: 78.83%, AUC: 0.79
Epoch [80/100] - [TRAIN] Loss: 0.4469, Accuracy: 80.92%, AUC: 0.81 - [VAL] Loss: 0.4731, Accuracy: 79.13%, AUC: 0.79
Epoch [90/100] - [TRAIN] Loss: 0.4427, Accuracy: 81.22%, AUC: 0.81 - [VAL] Loss: 0.4709, Accuracy: 79.06%, AUC: 0.79
Epoch [100/100] - [TRAIN] Loss: 0.4449, Accuracy: 81.16%, AUC: 0.81 - [VAL] Loss: 0.4753, Accuracy: 79.06%, AUC: 0.79
Training finished!
Accuracy Score on test set: 80.50 %
AUC Score on test set: 0.80

Item: H3K9me3-H3K4me1-H3K4me3-H3K27me3-H3K36me3
Epoch [10/100] - [TRAIN] Loss: 0.5169, Accuracy: 79.36%, AUC: 0.79 - [VAL] Loss: 0.5229, Accuracy: 78.58%, AUC: 0.79
Epoch [20/100] - [TRAIN] Loss: 0.4819, Accuracy: 80.22%, AUC: 0.80 - [VAL] Loss: 0.5054, Accuracy: 78.58%, AUC: 0.79
Epoch [30/100] - [TRAIN] Loss: 0.4652, Accuracy: 80.20%, AUC: 0.80 - [VAL] Loss: 0.4934, Accuracy: 78.60%, AUC: 0.79
Epoch [40/100] - [TRAIN] Loss: 0.4593, Accuracy: 80.22%, AUC: 0.80 - [VAL] Loss: 0.4837, Accuracy: 78.97%, AUC: 0.79
Epoch [50/100] - [TRAIN] Loss: 0.4528, Accuracy: 80.31%, AUC: 0.80 - [VAL] Loss: 0.4781, Accuracy: 78.97%, AUC: 0.79
Epoch [60/100] - [TRAIN] Loss: 0.4522, Accuracy: 80.31%, AUC: 0.80 - [VAL] Loss: 0.4799, Accuracy: 78.81%, AUC: 0.79
Epoch [70/100] - [TRAIN] Loss: 0.4534, Accuracy: 80.92%, AUC: 0.81 - [VAL] Loss: 0.4753, Accuracy: 79.01%, AUC: 0.79
Epoch [80/100] - [TRAIN] Loss: 0.4446, Accuracy: 80.78%, AUC: 0.81 - [VAL] Loss: 0.4781, Accuracy: 78.14%, AUC: 0.78
Epoch [90/100] - [TRAIN] Loss: 0.4431, Accuracy: 80.87%, AUC: 0.81 - [VAL] Loss: 0.4705, Accuracy: 79.10%, AUC: 0.79
Epoch [100/100] - [TRAIN] Loss: 0.4417, Accuracy: 80.81%, AUC: 0.81 - [VAL] Loss: 0.4689, Accuracy: 79.07%, AUC: 0.79
Training finished!
Accuracy Score on test set: 80.53 %
AUC Score on test set: 0.81

Item: H3K9me3-H3K4me1-H3K36me3-H3K4me3-H3K27me3
Epoch [10/100] - [TRAIN] Loss: 0.5060, Accuracy: 79.68%, AUC: 0.80 - [VAL] Loss: 0.5280, Accuracy: 78.20%, AUC: 0.78
Epoch [20/100] - [TRAIN] Loss: 0.4766, Accuracy: 79.68%, AUC: 0.80 - [VAL] Loss: 0.5023, Accuracy: 78.69%, AUC: 0.79
Epoch [30/100] - [TRAIN] Loss: 0.4652, Accuracy: 80.51%, AUC: 0.81 - [VAL] Loss: 0.5045, Accuracy: 78.51%, AUC: 0.79
Epoch [40/100] - [TRAIN] Loss: 0.4637, Accuracy: 80.61%, AUC: 0.81 - [VAL] Loss: 0.4755, Accuracy: 79.10%, AUC: 0.79
Epoch [50/100] - [TRAIN] Loss: 0.4512, Accuracy: 80.60%, AUC: 0.81 - [VAL] Loss: 0.4809, Accuracy: 79.00%, AUC: 0.79
Epoch [60/100] - [TRAIN] Loss: 0.4474, Accuracy: 80.81%, AUC: 0.81 - [VAL] Loss: 0.4782, Accuracy: 79.04%, AUC: 0.79
Epoch [70/100] - [TRAIN] Loss: 0.4468, Accuracy: 80.64%, AUC: 0.81 - [VAL] Loss: 0.4748, Accuracy: 79.12%, AUC: 0.79
Epoch [80/100] - [TRAIN] Loss: 0.4425, Accuracy: 81.31%, AUC: 0.81 - [VAL] Loss: 0.4734, Accuracy: 79.20%, AUC: 0.79
Epoch [90/100] - [TRAIN] Loss: 0.4433, Accuracy: 81.05%, AUC: 0.81 - [VAL] Loss: 0.4750, Accuracy: 79.23%, AUC: 0.79
Epoch [100/100] - [TRAIN] Loss: 0.4399, Accuracy: 81.22%, AUC: 0.81 - [VAL] Loss: 0.4693, Accuracy: 79.53%, AUC: 0.80
Training finished!
Accuracy Score on test set: 80.50 %
AUC Score on test set: 0.80

Item: H3K9me3-H3K4me1-H3K36me3-H3K27me3-H3K4me3
Epoch [10/100] - [TRAIN] Loss: 0.5159, Accuracy: 78.92%, AUC: 0.79 - [VAL] Loss: 0.5414, Accuracy: 78.29%, AUC: 0.78
Epoch [20/100] - [TRAIN] Loss: 0.4889, Accuracy: 79.67%, AUC: 0.80 - [VAL] Loss: 0.5047, Accuracy: 78.91%, AUC: 0.79
Epoch [30/100] - [TRAIN] Loss: 0.4687, Accuracy: 80.06%, AUC: 0.80 - [VAL] Loss: 0.4958, Accuracy: 78.78%, AUC: 0.79
Epoch [40/100] - [TRAIN] Loss: 0.4576, Accuracy: 80.35%, AUC: 0.80 - [VAL] Loss: 0.4814, Accuracy: 78.81%, AUC: 0.79
Epoch [50/100] - [TRAIN] Loss: 0.4559, Accuracy: 80.40%, AUC: 0.80 - [VAL] Loss: 0.5000, Accuracy: 78.58%, AUC: 0.79
Epoch [60/100] - [TRAIN] Loss: 0.4520, Accuracy: 80.77%, AUC: 0.81 - [VAL] Loss: 0.4819, Accuracy: 78.86%, AUC: 0.79
Epoch [70/100] - [TRAIN] Loss: 0.4516, Accuracy: 80.89%, AUC: 0.81 - [VAL] Loss: 0.4800, Accuracy: 79.00%, AUC: 0.79
Epoch [80/100] - [TRAIN] Loss: 0.4575, Accuracy: 80.70%, AUC: 0.81 - [VAL] Loss: 0.4737, Accuracy: 78.75%, AUC: 0.79
Epoch [90/100] - [TRAIN] Loss: 0.4497, Accuracy: 80.64%, AUC: 0.81 - [VAL] Loss: 0.4728, Accuracy: 78.80%, AUC: 0.79
Epoch [100/100] - [TRAIN] Loss: 0.4435, Accuracy: 81.19%, AUC: 0.81 - [VAL] Loss: 0.4792, Accuracy: 78.91%, AUC: 0.79
Training finished!
Accuracy Score on test set: 80.25 %
AUC Score on test set: 0.80

Item: H3K9me3-H3K4me1-H3K27me3-H3K4me3-H3K36me3
Epoch [10/100] - [TRAIN] Loss: 0.5139, Accuracy: 79.80%, AUC: 0.80 - [VAL] Loss: 0.5239, Accuracy: 78.69%, AUC: 0.79
Epoch [20/100] - [TRAIN] Loss: 0.4776, Accuracy: 80.37%, AUC: 0.80 - [VAL] Loss: 0.4958, Accuracy: 78.86%, AUC: 0.79
Epoch [30/100] - [TRAIN] Loss: 0.4667, Accuracy: 80.37%, AUC: 0.80 - [VAL] Loss: 0.4867, Accuracy: 79.07%, AUC: 0.79
Epoch [40/100] - [TRAIN] Loss: 0.4587, Accuracy: 80.46%, AUC: 0.80 - [VAL] Loss: 0.4863, Accuracy: 78.75%, AUC: 0.79
Epoch [50/100] - [TRAIN] Loss: 0.4506, Accuracy: 80.69%, AUC: 0.81 - [VAL] Loss: 0.4767, Accuracy: 79.12%, AUC: 0.79
Epoch [60/100] - [TRAIN] Loss: 0.4537, Accuracy: 80.80%, AUC: 0.81 - [VAL] Loss: 0.4797, Accuracy: 79.06%, AUC: 0.79
Epoch [70/100] - [TRAIN] Loss: 0.4495, Accuracy: 80.93%, AUC: 0.81 - [VAL] Loss: 0.4724, Accuracy: 79.09%, AUC: 0.79
Epoch [80/100] - [TRAIN] Loss: 0.4438, Accuracy: 81.09%, AUC: 0.81 - [VAL] Loss: 0.4749, Accuracy: 79.13%, AUC: 0.79
Epoch [90/100] - [TRAIN] Loss: 0.4441, Accuracy: 80.99%, AUC: 0.81 - [VAL] Loss: 0.4721, Accuracy: 79.27%, AUC: 0.79
Epoch [100/100] - [TRAIN] Loss: 0.4376, Accuracy: 81.27%, AUC: 0.81 - [VAL] Loss: 0.4705, Accuracy: 79.47%, AUC: 0.79
Training finished!
Accuracy Score on test set: 80.59 %
AUC Score on test set: 0.81

Item: H3K9me3-H3K4me1-H3K27me3-H3K36me3-H3K4me3
Epoch [10/100] - [TRAIN] Loss: 0.5096, Accuracy: 79.88%, AUC: 0.80 - [VAL] Loss: 0.5388, Accuracy: 78.37%, AUC: 0.78
Epoch [20/100] - [TRAIN] Loss: 0.4759, Accuracy: 80.17%, AUC: 0.80 - [VAL] Loss: 0.4963, Accuracy: 78.89%, AUC: 0.79
Epoch [30/100] - [TRAIN] Loss: 0.4687, Accuracy: 80.08%, AUC: 0.80 - [VAL] Loss: 0.5112, Accuracy: 78.32%, AUC: 0.78
Epoch [40/100] - [TRAIN] Loss: 0.4629, Accuracy: 80.28%, AUC: 0.80 - [VAL] Loss: 0.4844, Accuracy: 78.75%, AUC: 0.79
Epoch [50/100] - [TRAIN] Loss: 0.4566, Accuracy: 80.95%, AUC: 0.81 - [VAL] Loss: 0.4777, Accuracy: 78.94%, AUC: 0.79
Epoch [60/100] - [TRAIN] Loss: 0.4522, Accuracy: 80.83%, AUC: 0.81 - [VAL] Loss: 0.4761, Accuracy: 78.89%, AUC: 0.79
Epoch [70/100] - [TRAIN] Loss: 0.4491, Accuracy: 80.75%, AUC: 0.81 - [VAL] Loss: 0.4812, Accuracy: 78.91%, AUC: 0.79
Epoch [80/100] - [TRAIN] Loss: 0.4466, Accuracy: 80.83%, AUC: 0.81 - [VAL] Loss: 0.4723, Accuracy: 78.97%, AUC: 0.79
Epoch [90/100] - [TRAIN] Loss: 0.4400, Accuracy: 81.34%, AUC: 0.81 - [VAL] Loss: 0.4738, Accuracy: 79.12%, AUC: 0.79
Epoch [100/100] - [TRAIN] Loss: 0.4411, Accuracy: 81.42%, AUC: 0.81 - [VAL] Loss: 0.4719, Accuracy: 79.21%, AUC: 0.79
Training finished!
Accuracy Score on test set: 80.24 %
AUC Score on test set: 0.80

Item: H3K9me3-H3K36me3-H3K4me3-H3K4me1-H3K27me3
Epoch [10/100] - [TRAIN] Loss: 0.5160, Accuracy: 79.38%, AUC: 0.79 - [VAL] Loss: 0.5270, Accuracy: 78.71%, AUC: 0.79
Epoch [20/100] - [TRAIN] Loss: 0.4762, Accuracy: 79.59%, AUC: 0.80 - [VAL] Loss: 0.5090, Accuracy: 78.81%, AUC: 0.79
Epoch [30/100] - [TRAIN] Loss: 0.4716, Accuracy: 80.32%, AUC: 0.80 - [VAL] Loss: 0.5021, Accuracy: 78.74%, AUC: 0.79
Epoch [40/100] - [TRAIN] Loss: 0.4595, Accuracy: 80.23%, AUC: 0.80 - [VAL] Loss: 0.4880, Accuracy: 78.94%, AUC: 0.79
Epoch [50/100] - [TRAIN] Loss: 0.4577, Accuracy: 80.83%, AUC: 0.81 - [VAL] Loss: 0.4776, Accuracy: 78.92%, AUC: 0.79
Epoch [60/100] - [TRAIN] Loss: 0.4551, Accuracy: 80.64%, AUC: 0.81 - [VAL] Loss: 0.4830, Accuracy: 78.97%, AUC: 0.79
Epoch [70/100] - [TRAIN] Loss: 0.4481, Accuracy: 80.93%, AUC: 0.81 - [VAL] Loss: 0.4755, Accuracy: 79.03%, AUC: 0.79
Epoch [80/100] - [TRAIN] Loss: 0.4532, Accuracy: 80.84%, AUC: 0.81 - [VAL] Loss: 0.4765, Accuracy: 79.12%, AUC: 0.79
Epoch [90/100] - [TRAIN] Loss: 0.4465, Accuracy: 80.86%, AUC: 0.81 - [VAL] Loss: 0.4778, Accuracy: 79.17%, AUC: 0.79
Epoch [100/100] - [TRAIN] Loss: 0.4551, Accuracy: 81.22%, AUC: 0.81 - [VAL] Loss: 0.4797, Accuracy: 78.87%, AUC: 0.79
Training finished!
Accuracy Score on test set: 80.68 %
AUC Score on test set: 0.81

Item: H3K9me3-H3K36me3-H3K4me3-H3K27me3-H3K4me1
Epoch [10/100] - [TRAIN] Loss: 0.5143, Accuracy: 79.42%, AUC: 0.79 - [VAL] Loss: 0.5273, Accuracy: 78.68%, AUC: 0.79
Epoch [20/100] - [TRAIN] Loss: 0.4767, Accuracy: 80.16%, AUC: 0.80 - [VAL] Loss: 0.5029, Accuracy: 78.68%, AUC: 0.79
Epoch [30/100] - [TRAIN] Loss: 0.4691, Accuracy: 80.03%, AUC: 0.80 - [VAL] Loss: 0.4849, Accuracy: 79.10%, AUC: 0.79
Epoch [40/100] - [TRAIN] Loss: 0.4591, Accuracy: 80.28%, AUC: 0.80 - [VAL] Loss: 0.4835, Accuracy: 78.80%, AUC: 0.79
Epoch [50/100] - [TRAIN] Loss: 0.4532, Accuracy: 80.67%, AUC: 0.81 - [VAL] Loss: 0.4908, Accuracy: 78.71%, AUC: 0.79
Epoch [60/100] - [TRAIN] Loss: 0.4485, Accuracy: 80.89%, AUC: 0.81 - [VAL] Loss: 0.4752, Accuracy: 79.13%, AUC: 0.79
Epoch [70/100] - [TRAIN] Loss: 0.4477, Accuracy: 81.30%, AUC: 0.81 - [VAL] Loss: 0.4766, Accuracy: 79.04%, AUC: 0.79
Epoch [80/100] - [TRAIN] Loss: 0.4501, Accuracy: 80.96%, AUC: 0.81 - [VAL] Loss: 0.4744, Accuracy: 79.20%, AUC: 0.79
Epoch [90/100] - [TRAIN] Loss: 0.4416, Accuracy: 81.12%, AUC: 0.81 - [VAL] Loss: 0.4689, Accuracy: 79.33%, AUC: 0.79
Epoch [100/100] - [TRAIN] Loss: 0.4468, Accuracy: 81.62%, AUC: 0.82 - [VAL] Loss: 0.4696, Accuracy: 79.20%, AUC: 0.79
Training finished!
Accuracy Score on test set: 80.82 %
AUC Score on test set: 0.81

Item: H3K9me3-H3K36me3-H3K4me1-H3K4me3-H3K27me3
Epoch [10/100] - [TRAIN] Loss: 0.5107, Accuracy: 79.10%, AUC: 0.79 - [VAL] Loss: 0.5290, Accuracy: 78.19%, AUC: 0.78
Epoch [20/100] - [TRAIN] Loss: 0.4771, Accuracy: 79.77%, AUC: 0.80 - [VAL] Loss: 0.5086, Accuracy: 78.55%, AUC: 0.79
Epoch [30/100] - [TRAIN] Loss: 0.4622, Accuracy: 80.35%, AUC: 0.80 - [VAL] Loss: 0.5032, Accuracy: 78.55%, AUC: 0.79
Epoch [40/100] - [TRAIN] Loss: 0.4574, Accuracy: 80.64%, AUC: 0.81 - [VAL] Loss: 0.4836, Accuracy: 78.95%, AUC: 0.79
Epoch [50/100] - [TRAIN] Loss: 0.4514, Accuracy: 80.78%, AUC: 0.81 - [VAL] Loss: 0.4841, Accuracy: 78.84%, AUC: 0.79
Epoch [60/100] - [TRAIN] Loss: 0.4485, Accuracy: 80.90%, AUC: 0.81 - [VAL] Loss: 0.4798, Accuracy: 79.06%, AUC: 0.79
Epoch [70/100] - [TRAIN] Loss: 0.4455, Accuracy: 80.92%, AUC: 0.81 - [VAL] Loss: 0.4714, Accuracy: 79.23%, AUC: 0.79
Epoch [80/100] - [TRAIN] Loss: 0.4429, Accuracy: 80.60%, AUC: 0.81 - [VAL] Loss: 0.4731, Accuracy: 79.23%, AUC: 0.79
Epoch [90/100] - [TRAIN] Loss: 0.4388, Accuracy: 81.18%, AUC: 0.81 - [VAL] Loss: 0.4740, Accuracy: 79.33%, AUC: 0.79
Epoch [100/100] - [TRAIN] Loss: 0.4376, Accuracy: 81.60%, AUC: 0.82 - [VAL] Loss: 0.4726, Accuracy: 79.38%, AUC: 0.79
Training finished!
Accuracy Score on test set: 80.33 %
AUC Score on test set: 0.80

Item: H3K9me3-H3K36me3-H3K4me1-H3K27me3-H3K4me3
Epoch [10/100] - [TRAIN] Loss: 0.5113, Accuracy: 79.48%, AUC: 0.79 - [VAL] Loss: 0.5330, Accuracy: 78.43%, AUC: 0.78
Epoch [20/100] - [TRAIN] Loss: 0.4777, Accuracy: 79.76%, AUC: 0.80 - [VAL] Loss: 0.4984, Accuracy: 79.06%, AUC: 0.79
Epoch [30/100] - [TRAIN] Loss: 0.4667, Accuracy: 80.09%, AUC: 0.80 - [VAL] Loss: 0.4842, Accuracy: 79.23%, AUC: 0.79
Epoch [40/100] - [TRAIN] Loss: 0.4586, Accuracy: 80.69%, AUC: 0.81 - [VAL] Loss: 0.4803, Accuracy: 79.09%, AUC: 0.79
Epoch [50/100] - [TRAIN] Loss: 0.4573, Accuracy: 80.80%, AUC: 0.81 - [VAL] Loss: 0.4837, Accuracy: 78.94%, AUC: 0.79
Epoch [60/100] - [TRAIN] Loss: 0.4536, Accuracy: 80.75%, AUC: 0.81 - [VAL] Loss: 0.4897, Accuracy: 78.86%, AUC: 0.79
Epoch [70/100] - [TRAIN] Loss: 0.4462, Accuracy: 81.02%, AUC: 0.81 - [VAL] Loss: 0.4762, Accuracy: 79.21%, AUC: 0.79
Epoch [80/100] - [TRAIN] Loss: 0.4460, Accuracy: 81.05%, AUC: 0.81 - [VAL] Loss: 0.4827, Accuracy: 79.17%, AUC: 0.79
Epoch [90/100] - [TRAIN] Loss: 0.4470, Accuracy: 80.78%, AUC: 0.81 - [VAL] Loss: 0.4810, Accuracy: 79.20%, AUC: 0.79
Epoch [100/100] - [TRAIN] Loss: 0.4399, Accuracy: 81.16%, AUC: 0.81 - [VAL] Loss: 0.4847, Accuracy: 79.32%, AUC: 0.79
Training finished!
Accuracy Score on test set: 80.42 %
AUC Score on test set: 0.80

Item: H3K9me3-H3K36me3-H3K27me3-H3K4me3-H3K4me1
Epoch [10/100] - [TRAIN] Loss: 0.5229, Accuracy: 79.53%, AUC: 0.80 - [VAL] Loss: 0.5409, Accuracy: 78.43%, AUC: 0.78
Epoch [20/100] - [TRAIN] Loss: 0.4844, Accuracy: 79.77%, AUC: 0.80 - [VAL] Loss: 0.5095, Accuracy: 78.80%, AUC: 0.79
Epoch [30/100] - [TRAIN] Loss: 0.4660, Accuracy: 80.43%, AUC: 0.80 - [VAL] Loss: 0.5061, Accuracy: 78.63%, AUC: 0.79
Epoch [40/100] - [TRAIN] Loss: 0.4614, Accuracy: 80.41%, AUC: 0.80 - [VAL] Loss: 0.4924, Accuracy: 78.63%, AUC: 0.79
Epoch [50/100] - [TRAIN] Loss: 0.4571, Accuracy: 80.40%, AUC: 0.80 - [VAL] Loss: 0.4862, Accuracy: 78.74%, AUC: 0.79
Epoch [60/100] - [TRAIN] Loss: 0.4519, Accuracy: 81.09%, AUC: 0.81 - [VAL] Loss: 0.4755, Accuracy: 78.94%, AUC: 0.79
Epoch [70/100] - [TRAIN] Loss: 0.4507, Accuracy: 80.64%, AUC: 0.81 - [VAL] Loss: 0.4792, Accuracy: 78.74%, AUC: 0.79
Epoch [80/100] - [TRAIN] Loss: 0.4545, Accuracy: 80.73%, AUC: 0.81 - [VAL] Loss: 0.4722, Accuracy: 79.04%, AUC: 0.79
Epoch [90/100] - [TRAIN] Loss: 0.4533, Accuracy: 81.01%, AUC: 0.81 - [VAL] Loss: 0.4801, Accuracy: 78.68%, AUC: 0.79
Epoch [100/100] - [TRAIN] Loss: 0.4446, Accuracy: 80.80%, AUC: 0.81 - [VAL] Loss: 0.4730, Accuracy: 79.15%, AUC: 0.79
Training finished!
Accuracy Score on test set: 80.46 %
AUC Score on test set: 0.80

Item: H3K9me3-H3K36me3-H3K27me3-H3K4me1-H3K4me3
Epoch [10/100] - [TRAIN] Loss: 0.5143, Accuracy: 79.74%, AUC: 0.80 - [VAL] Loss: 0.5398, Accuracy: 78.37%, AUC: 0.78
Epoch [20/100] - [TRAIN] Loss: 0.4882, Accuracy: 79.48%, AUC: 0.79 - [VAL] Loss: 0.4928, Accuracy: 78.80%, AUC: 0.79
Epoch [30/100] - [TRAIN] Loss: 0.4744, Accuracy: 80.23%, AUC: 0.80 - [VAL] Loss: 0.4830, Accuracy: 79.21%, AUC: 0.79
Epoch [40/100] - [TRAIN] Loss: 0.4581, Accuracy: 80.72%, AUC: 0.81 - [VAL] Loss: 0.4806, Accuracy: 79.00%, AUC: 0.79
Epoch [50/100] - [TRAIN] Loss: 0.4538, Accuracy: 80.29%, AUC: 0.80 - [VAL] Loss: 0.4862, Accuracy: 78.94%, AUC: 0.79
Epoch [60/100] - [TRAIN] Loss: 0.4511, Accuracy: 80.60%, AUC: 0.81 - [VAL] Loss: 0.4765, Accuracy: 78.89%, AUC: 0.79
Epoch [70/100] - [TRAIN] Loss: 0.4468, Accuracy: 81.10%, AUC: 0.81 - [VAL] Loss: 0.4760, Accuracy: 79.04%, AUC: 0.79
Epoch [80/100] - [TRAIN] Loss: 0.4482, Accuracy: 80.93%, AUC: 0.81 - [VAL] Loss: 0.4739, Accuracy: 79.09%, AUC: 0.79
Epoch [90/100] - [TRAIN] Loss: 0.4480, Accuracy: 80.89%, AUC: 0.81 - [VAL] Loss: 0.4926, Accuracy: 77.30%, AUC: 0.77
Epoch [100/100] - [TRAIN] Loss: 0.4416, Accuracy: 81.12%, AUC: 0.81 - [VAL] Loss: 0.4731, Accuracy: 79.10%, AUC: 0.79
Training finished!
Accuracy Score on test set: 80.31 %
AUC Score on test set: 0.80

Item: H3K9me3-H3K27me3-H3K4me3-H3K4me1-H3K36me3
Epoch [10/100] - [TRAIN] Loss: 0.5034, Accuracy: 79.47%, AUC: 0.79 - [VAL] Loss: 0.5175, Accuracy: 78.84%, AUC: 0.79
Epoch [20/100] - [TRAIN] Loss: 0.4849, Accuracy: 80.23%, AUC: 0.80 - [VAL] Loss: 0.4903, Accuracy: 78.57%, AUC: 0.79
Epoch [30/100] - [TRAIN] Loss: 0.4688, Accuracy: 80.17%, AUC: 0.80 - [VAL] Loss: 0.4995, Accuracy: 78.68%, AUC: 0.79
Epoch [40/100] - [TRAIN] Loss: 0.4598, Accuracy: 80.55%, AUC: 0.81 - [VAL] Loss: 0.4822, Accuracy: 79.20%, AUC: 0.79
Epoch [50/100] - [TRAIN] Loss: 0.4536, Accuracy: 81.01%, AUC: 0.81 - [VAL] Loss: 0.4964, Accuracy: 78.77%, AUC: 0.79
Epoch [60/100] - [TRAIN] Loss: 0.4547, Accuracy: 80.67%, AUC: 0.81 - [VAL] Loss: 0.4875, Accuracy: 78.74%, AUC: 0.79
Epoch [70/100] - [TRAIN] Loss: 0.4518, Accuracy: 80.63%, AUC: 0.81 - [VAL] Loss: 0.4736, Accuracy: 79.07%, AUC: 0.79
Epoch [80/100] - [TRAIN] Loss: 0.4495, Accuracy: 81.04%, AUC: 0.81 - [VAL] Loss: 0.4748, Accuracy: 79.03%, AUC: 0.79
Epoch [90/100] - [TRAIN] Loss: 0.4444, Accuracy: 81.07%, AUC: 0.81 - [VAL] Loss: 0.4717, Accuracy: 79.15%, AUC: 0.79
Epoch [100/100] - [TRAIN] Loss: 0.4419, Accuracy: 81.21%, AUC: 0.81 - [VAL] Loss: 0.4715, Accuracy: 79.21%, AUC: 0.79
Training finished!
Accuracy Score on test set: 80.76 %
AUC Score on test set: 0.81

Item: H3K9me3-H3K27me3-H3K4me3-H3K36me3-H3K4me1
Epoch [10/100] - [TRAIN] Loss: 0.5049, Accuracy: 79.21%, AUC: 0.79 - [VAL] Loss: 0.5208, Accuracy: 78.55%, AUC: 0.79
Epoch [20/100] - [TRAIN] Loss: 0.4830, Accuracy: 79.94%, AUC: 0.80 - [VAL] Loss: 0.4971, Accuracy: 78.87%, AUC: 0.79
Epoch [30/100] - [TRAIN] Loss: 0.4650, Accuracy: 80.34%, AUC: 0.80 - [VAL] Loss: 0.4888, Accuracy: 78.97%, AUC: 0.79
Epoch [40/100] - [TRAIN] Loss: 0.4605, Accuracy: 80.78%, AUC: 0.81 - [VAL] Loss: 0.4895, Accuracy: 78.83%, AUC: 0.79
Epoch [50/100] - [TRAIN] Loss: 0.4548, Accuracy: 80.45%, AUC: 0.80 - [VAL] Loss: 0.4960, Accuracy: 78.83%, AUC: 0.79
Epoch [60/100] - [TRAIN] Loss: 0.4497, Accuracy: 80.63%, AUC: 0.81 - [VAL] Loss: 0.4762, Accuracy: 79.09%, AUC: 0.79
Epoch [70/100] - [TRAIN] Loss: 0.4471, Accuracy: 80.96%, AUC: 0.81 - [VAL] Loss: 0.4701, Accuracy: 79.13%, AUC: 0.79
Epoch [80/100] - [TRAIN] Loss: 0.4495, Accuracy: 81.15%, AUC: 0.81 - [VAL] Loss: 0.4753, Accuracy: 78.62%, AUC: 0.79
Epoch [90/100] - [TRAIN] Loss: 0.4429, Accuracy: 81.27%, AUC: 0.81 - [VAL] Loss: 0.4687, Accuracy: 79.29%, AUC: 0.79
Epoch [100/100] - [TRAIN] Loss: 0.4380, Accuracy: 81.05%, AUC: 0.81 - [VAL] Loss: 0.4721, Accuracy: 79.24%, AUC: 0.79
Training finished!
Accuracy Score on test set: 80.79 %
AUC Score on test set: 0.81

Item: H3K9me3-H3K27me3-H3K4me1-H3K4me3-H3K36me3
Epoch [10/100] - [TRAIN] Loss: 0.5107, Accuracy: 79.42%, AUC: 0.79 - [VAL] Loss: 0.5288, Accuracy: 78.75%, AUC: 0.79
Epoch [20/100] - [TRAIN] Loss: 0.4843, Accuracy: 80.05%, AUC: 0.80 - [VAL] Loss: 0.4906, Accuracy: 79.01%, AUC: 0.79
Epoch [30/100] - [TRAIN] Loss: 0.4645, Accuracy: 80.22%, AUC: 0.80 - [VAL] Loss: 0.4953, Accuracy: 78.77%, AUC: 0.79
Epoch [40/100] - [TRAIN] Loss: 0.4634, Accuracy: 80.34%, AUC: 0.80 - [VAL] Loss: 0.4812, Accuracy: 79.06%, AUC: 0.79
Epoch [50/100] - [TRAIN] Loss: 0.4603, Accuracy: 80.19%, AUC: 0.80 - [VAL] Loss: 0.4780, Accuracy: 79.03%, AUC: 0.79
Epoch [60/100] - [TRAIN] Loss: 0.4594, Accuracy: 80.51%, AUC: 0.81 - [VAL] Loss: 0.4768, Accuracy: 79.18%, AUC: 0.79
Epoch [70/100] - [TRAIN] Loss: 0.4510, Accuracy: 80.83%, AUC: 0.81 - [VAL] Loss: 0.4752, Accuracy: 78.77%, AUC: 0.79
Epoch [80/100] - [TRAIN] Loss: 0.4479, Accuracy: 80.84%, AUC: 0.81 - [VAL] Loss: 0.4812, Accuracy: 78.80%, AUC: 0.79
Epoch [90/100] - [TRAIN] Loss: 0.4453, Accuracy: 80.86%, AUC: 0.81 - [VAL] Loss: 0.4761, Accuracy: 79.00%, AUC: 0.79
Epoch [100/100] - [TRAIN] Loss: 0.4402, Accuracy: 81.31%, AUC: 0.81 - [VAL] Loss: 0.4758, Accuracy: 78.98%, AUC: 0.79
Training finished!
Accuracy Score on test set: 80.60 %
AUC Score on test set: 0.81

Item: H3K9me3-H3K27me3-H3K4me1-H3K36me3-H3K4me3
Epoch [10/100] - [TRAIN] Loss: 0.5131, Accuracy: 79.21%, AUC: 0.79 - [VAL] Loss: 0.5262, Accuracy: 78.65%, AUC: 0.79
Epoch [20/100] - [TRAIN] Loss: 0.4812, Accuracy: 79.85%, AUC: 0.80 - [VAL] Loss: 0.4992, Accuracy: 78.78%, AUC: 0.79
Epoch [30/100] - [TRAIN] Loss: 0.4651, Accuracy: 80.46%, AUC: 0.80 - [VAL] Loss: 0.4866, Accuracy: 78.97%, AUC: 0.79
Epoch [40/100] - [TRAIN] Loss: 0.4609, Accuracy: 80.38%, AUC: 0.80 - [VAL] Loss: 0.4814, Accuracy: 78.92%, AUC: 0.79
Epoch [50/100] - [TRAIN] Loss: 0.4579, Accuracy: 80.66%, AUC: 0.81 - [VAL] Loss: 0.4861, Accuracy: 78.60%, AUC: 0.79
Epoch [60/100] - [TRAIN] Loss: 0.4522, Accuracy: 80.86%, AUC: 0.81 - [VAL] Loss: 0.4783, Accuracy: 78.89%, AUC: 0.79
Epoch [70/100] - [TRAIN] Loss: 0.4488, Accuracy: 80.84%, AUC: 0.81 - [VAL] Loss: 0.4778, Accuracy: 79.00%, AUC: 0.79
Epoch [80/100] - [TRAIN] Loss: 0.4452, Accuracy: 81.16%, AUC: 0.81 - [VAL] Loss: 0.4811, Accuracy: 78.81%, AUC: 0.79
Epoch [90/100] - [TRAIN] Loss: 0.4465, Accuracy: 81.15%, AUC: 0.81 - [VAL] Loss: 0.4724, Accuracy: 79.33%, AUC: 0.79
Epoch [100/100] - [TRAIN] Loss: 0.4426, Accuracy: 81.42%, AUC: 0.81 - [VAL] Loss: 0.4785, Accuracy: 78.66%, AUC: 0.79
Training finished!
Accuracy Score on test set: 80.50 %
AUC Score on test set: 0.80

Item: H3K9me3-H3K27me3-H3K36me3-H3K4me3-H3K4me1
Epoch [10/100] - [TRAIN] Loss: 0.5114, Accuracy: 79.42%, AUC: 0.79 - [VAL] Loss: 0.5471, Accuracy: 78.20%, AUC: 0.78
Epoch [20/100] - [TRAIN] Loss: 0.4802, Accuracy: 80.06%, AUC: 0.80 - [VAL] Loss: 0.5279, Accuracy: 78.28%, AUC: 0.78
Epoch [30/100] - [TRAIN] Loss: 0.4672, Accuracy: 80.25%, AUC: 0.80 - [VAL] Loss: 0.4975, Accuracy: 78.80%, AUC: 0.79
Epoch [40/100] - [TRAIN] Loss: 0.4613, Accuracy: 80.37%, AUC: 0.80 - [VAL] Loss: 0.4997, Accuracy: 78.54%, AUC: 0.79
Epoch [50/100] - [TRAIN] Loss: 0.4556, Accuracy: 80.66%, AUC: 0.81 - [VAL] Loss: 0.4830, Accuracy: 78.94%, AUC: 0.79
Epoch [60/100] - [TRAIN] Loss: 0.4530, Accuracy: 80.64%, AUC: 0.81 - [VAL] Loss: 0.4836, Accuracy: 78.86%, AUC: 0.79
Epoch [70/100] - [TRAIN] Loss: 0.4484, Accuracy: 80.87%, AUC: 0.81 - [VAL] Loss: 0.4849, Accuracy: 78.80%, AUC: 0.79
Epoch [80/100] - [TRAIN] Loss: 0.4447, Accuracy: 80.87%, AUC: 0.81 - [VAL] Loss: 0.4737, Accuracy: 79.12%, AUC: 0.79
Epoch [90/100] - [TRAIN] Loss: 0.4466, Accuracy: 80.77%, AUC: 0.81 - [VAL] Loss: 0.4881, Accuracy: 78.86%, AUC: 0.79
Epoch [100/100] - [TRAIN] Loss: 0.4409, Accuracy: 81.53%, AUC: 0.82 - [VAL] Loss: 0.4779, Accuracy: 78.89%, AUC: 0.79
Training finished!
Accuracy Score on test set: 80.74 %
AUC Score on test set: 0.81

Saving the final results
Batch FINISHED!!!

Real-time duration: 5905.884431964 seconds
