Using cpu device
Loading the data ...
Item: H3K9me3-H3K27me3-H3K36me3-H3K4me1-H3K4me3
Epoch [10/100] - [TRAIN] Loss: 0.5181, Accuracy: 79.32%, AUC: 0.79 - [VAL] Loss: 0.5496, Accuracy: 78.16%, AUC: 0.78
Epoch [20/100] - [TRAIN] Loss: 0.4822, Accuracy: 79.65%, AUC: 0.80 - [VAL] Loss: 0.5039, Accuracy: 78.86%, AUC: 0.79
Epoch [30/100] - [TRAIN] Loss: 0.4657, Accuracy: 80.14%, AUC: 0.80 - [VAL] Loss: 0.4990, Accuracy: 78.80%, AUC: 0.79
Epoch [40/100] - [TRAIN] Loss: 0.4639, Accuracy: 80.09%, AUC: 0.80 - [VAL] Loss: 0.5054, Accuracy: 78.23%, AUC: 0.78
Epoch [50/100] - [TRAIN] Loss: 0.4568, Accuracy: 80.45%, AUC: 0.80 - [VAL] Loss: 0.4807, Accuracy: 78.86%, AUC: 0.79
Epoch [60/100] - [TRAIN] Loss: 0.4484, Accuracy: 80.86%, AUC: 0.81 - [VAL] Loss: 0.4756, Accuracy: 78.92%, AUC: 0.79
Epoch [70/100] - [TRAIN] Loss: 0.4496, Accuracy: 81.07%, AUC: 0.81 - [VAL] Loss: 0.4734, Accuracy: 78.86%, AUC: 0.79
Epoch [80/100] - [TRAIN] Loss: 0.4512, Accuracy: 81.09%, AUC: 0.81 - [VAL] Loss: 0.4748, Accuracy: 78.34%, AUC: 0.78
Epoch [90/100] - [TRAIN] Loss: 0.4561, Accuracy: 81.05%, AUC: 0.81 - [VAL] Loss: 0.5091, Accuracy: 75.39%, AUC: 0.75
Epoch [100/100] - [TRAIN] Loss: 0.4404, Accuracy: 80.95%, AUC: 0.81 - [VAL] Loss: 0.4719, Accuracy: 79.10%, AUC: 0.79
Training finished!
Accuracy Score on test set: 80.50 %
AUC Score on test set: 0.80

Item: H3K27me3-H3K4me3-H3K4me1-H3K36me3-H3K9me3
Epoch [10/100] - [TRAIN] Loss: 0.5057, Accuracy: 79.71%, AUC: 0.80 - [VAL] Loss: 0.5303, Accuracy: 78.69%, AUC: 0.79
Epoch [20/100] - [TRAIN] Loss: 0.4776, Accuracy: 79.68%, AUC: 0.80 - [VAL] Loss: 0.5066, Accuracy: 78.78%, AUC: 0.79
Epoch [30/100] - [TRAIN] Loss: 0.4671, Accuracy: 80.08%, AUC: 0.80 - [VAL] Loss: 0.5000, Accuracy: 78.54%, AUC: 0.79
Epoch [40/100] - [TRAIN] Loss: 0.4561, Accuracy: 80.46%, AUC: 0.80 - [VAL] Loss: 0.4826, Accuracy: 78.83%, AUC: 0.79
Epoch [50/100] - [TRAIN] Loss: 0.4501, Accuracy: 80.69%, AUC: 0.81 - [VAL] Loss: 0.4831, Accuracy: 78.77%, AUC: 0.79
Epoch [60/100] - [TRAIN] Loss: 0.4478, Accuracy: 80.96%, AUC: 0.81 - [VAL] Loss: 0.4809, Accuracy: 78.89%, AUC: 0.79
Epoch [70/100] - [TRAIN] Loss: 0.4454, Accuracy: 81.09%, AUC: 0.81 - [VAL] Loss: 0.4822, Accuracy: 78.81%, AUC: 0.79
Epoch [80/100] - [TRAIN] Loss: 0.4419, Accuracy: 80.83%, AUC: 0.81 - [VAL] Loss: 0.4763, Accuracy: 79.04%, AUC: 0.79
Epoch [90/100] - [TRAIN] Loss: 0.4385, Accuracy: 81.47%, AUC: 0.81 - [VAL] Loss: 0.4751, Accuracy: 79.09%, AUC: 0.79
Epoch [100/100] - [TRAIN] Loss: 0.4383, Accuracy: 81.45%, AUC: 0.81 - [VAL] Loss: 0.4739, Accuracy: 79.17%, AUC: 0.79
Training finished!
Accuracy Score on test set: 80.40 %
AUC Score on test set: 0.80

Item: H3K27me3-H3K4me3-H3K4me1-H3K9me3-H3K36me3
Epoch [10/100] - [TRAIN] Loss: 0.5068, Accuracy: 79.16%, AUC: 0.79 - [VAL] Loss: 0.5181, Accuracy: 78.84%, AUC: 0.79
Epoch [20/100] - [TRAIN] Loss: 0.4772, Accuracy: 80.28%, AUC: 0.80 - [VAL] Loss: 0.4967, Accuracy: 78.83%, AUC: 0.79
Epoch [30/100] - [TRAIN] Loss: 0.4681, Accuracy: 80.48%, AUC: 0.80 - [VAL] Loss: 0.4936, Accuracy: 78.77%, AUC: 0.79
Epoch [40/100] - [TRAIN] Loss: 0.4582, Accuracy: 80.51%, AUC: 0.81 - [VAL] Loss: 0.4832, Accuracy: 78.89%, AUC: 0.79
Epoch [50/100] - [TRAIN] Loss: 0.4566, Accuracy: 80.26%, AUC: 0.80 - [VAL] Loss: 0.4737, Accuracy: 78.97%, AUC: 0.79
Epoch [60/100] - [TRAIN] Loss: 0.4606, Accuracy: 80.67%, AUC: 0.81 - [VAL] Loss: 0.4818, Accuracy: 77.90%, AUC: 0.78
Epoch [70/100] - [TRAIN] Loss: 0.4446, Accuracy: 81.19%, AUC: 0.81 - [VAL] Loss: 0.4723, Accuracy: 79.06%, AUC: 0.79
Epoch [80/100] - [TRAIN] Loss: 0.4442, Accuracy: 80.73%, AUC: 0.81 - [VAL] Loss: 0.4774, Accuracy: 78.98%, AUC: 0.79
Epoch [90/100] - [TRAIN] Loss: 0.4426, Accuracy: 81.10%, AUC: 0.81 - [VAL] Loss: 0.4680, Accuracy: 79.03%, AUC: 0.79
Epoch [100/100] - [TRAIN] Loss: 0.4411, Accuracy: 81.09%, AUC: 0.81 - [VAL] Loss: 0.4692, Accuracy: 79.44%, AUC: 0.79
Training finished!
Accuracy Score on test set: 80.63 %
AUC Score on test set: 0.81

Item: H3K27me3-H3K4me3-H3K36me3-H3K4me1-H3K9me3
Epoch [10/100] - [TRAIN] Loss: 0.5068, Accuracy: 79.41%, AUC: 0.79 - [VAL] Loss: 0.5154, Accuracy: 79.00%, AUC: 0.79
Epoch [20/100] - [TRAIN] Loss: 0.4793, Accuracy: 79.87%, AUC: 0.80 - [VAL] Loss: 0.4866, Accuracy: 78.91%, AUC: 0.79
Epoch [30/100] - [TRAIN] Loss: 0.4661, Accuracy: 80.46%, AUC: 0.80 - [VAL] Loss: 0.4828, Accuracy: 79.06%, AUC: 0.79
Epoch [40/100] - [TRAIN] Loss: 0.4595, Accuracy: 80.60%, AUC: 0.81 - [VAL] Loss: 0.4759, Accuracy: 78.94%, AUC: 0.79
Epoch [50/100] - [TRAIN] Loss: 0.4551, Accuracy: 80.41%, AUC: 0.80 - [VAL] Loss: 0.4771, Accuracy: 78.98%, AUC: 0.79
Epoch [60/100] - [TRAIN] Loss: 0.4494, Accuracy: 80.69%, AUC: 0.81 - [VAL] Loss: 0.4778, Accuracy: 78.98%, AUC: 0.79
Epoch [70/100] - [TRAIN] Loss: 0.4492, Accuracy: 80.73%, AUC: 0.81 - [VAL] Loss: 0.4768, Accuracy: 79.03%, AUC: 0.79
Epoch [80/100] - [TRAIN] Loss: 0.4414, Accuracy: 81.24%, AUC: 0.81 - [VAL] Loss: 0.4736, Accuracy: 79.12%, AUC: 0.79
Epoch [90/100] - [TRAIN] Loss: 0.4449, Accuracy: 81.02%, AUC: 0.81 - [VAL] Loss: 0.4722, Accuracy: 79.12%, AUC: 0.79
Epoch [100/100] - [TRAIN] Loss: 0.4414, Accuracy: 80.99%, AUC: 0.81 - [VAL] Loss: 0.4713, Accuracy: 79.23%, AUC: 0.79
Training finished!
Accuracy Score on test set: 80.77 %
AUC Score on test set: 0.81

Item: H3K27me3-H3K4me3-H3K36me3-H3K9me3-H3K4me1
Epoch [10/100] - [TRAIN] Loss: 0.5087, Accuracy: 79.29%, AUC: 0.79 - [VAL] Loss: 0.5122, Accuracy: 78.97%, AUC: 0.79
Epoch [20/100] - [TRAIN] Loss: 0.4773, Accuracy: 79.93%, AUC: 0.80 - [VAL] Loss: 0.4946, Accuracy: 78.78%, AUC: 0.79
Epoch [30/100] - [TRAIN] Loss: 0.4662, Accuracy: 79.93%, AUC: 0.80 - [VAL] Loss: 0.4834, Accuracy: 78.98%, AUC: 0.79
Epoch [40/100] - [TRAIN] Loss: 0.4604, Accuracy: 80.06%, AUC: 0.80 - [VAL] Loss: 0.4767, Accuracy: 78.65%, AUC: 0.79
Epoch [50/100] - [TRAIN] Loss: 0.4525, Accuracy: 80.48%, AUC: 0.80 - [VAL] Loss: 0.4740, Accuracy: 79.07%, AUC: 0.79
Epoch [60/100] - [TRAIN] Loss: 0.4521, Accuracy: 80.45%, AUC: 0.80 - [VAL] Loss: 0.4727, Accuracy: 79.18%, AUC: 0.79
Epoch [70/100] - [TRAIN] Loss: 0.4497, Accuracy: 80.98%, AUC: 0.81 - [VAL] Loss: 0.4846, Accuracy: 78.78%, AUC: 0.79
Epoch [80/100] - [TRAIN] Loss: 0.4415, Accuracy: 81.27%, AUC: 0.81 - [VAL] Loss: 0.4720, Accuracy: 79.12%, AUC: 0.79
Epoch [90/100] - [TRAIN] Loss: 0.4446, Accuracy: 81.05%, AUC: 0.81 - [VAL] Loss: 0.4720, Accuracy: 78.95%, AUC: 0.79
Epoch [100/100] - [TRAIN] Loss: 0.4410, Accuracy: 80.96%, AUC: 0.81 - [VAL] Loss: 0.4663, Accuracy: 79.17%, AUC: 0.79
Training finished!
Accuracy Score on test set: 80.62 %
AUC Score on test set: 0.81

Item: H3K27me3-H3K4me3-H3K9me3-H3K4me1-H3K36me3
Epoch [10/100] - [TRAIN] Loss: 0.5134, Accuracy: 79.13%, AUC: 0.79 - [VAL] Loss: 0.5177, Accuracy: 78.78%, AUC: 0.79
Epoch [20/100] - [TRAIN] Loss: 0.4842, Accuracy: 79.68%, AUC: 0.80 - [VAL] Loss: 0.4945, Accuracy: 78.72%, AUC: 0.79
Epoch [30/100] - [TRAIN] Loss: 0.4739, Accuracy: 80.23%, AUC: 0.80 - [VAL] Loss: 0.4921, Accuracy: 78.66%, AUC: 0.79
Epoch [40/100] - [TRAIN] Loss: 0.4614, Accuracy: 80.32%, AUC: 0.80 - [VAL] Loss: 0.4814, Accuracy: 79.01%, AUC: 0.79
Epoch [50/100] - [TRAIN] Loss: 0.4646, Accuracy: 80.51%, AUC: 0.81 - [VAL] Loss: 0.4817, Accuracy: 78.00%, AUC: 0.78
Epoch [60/100] - [TRAIN] Loss: 0.4533, Accuracy: 80.78%, AUC: 0.81 - [VAL] Loss: 0.4752, Accuracy: 78.97%, AUC: 0.79
Epoch [70/100] - [TRAIN] Loss: 0.4496, Accuracy: 80.87%, AUC: 0.81 - [VAL] Loss: 0.4741, Accuracy: 79.03%, AUC: 0.79
Epoch [80/100] - [TRAIN] Loss: 0.4455, Accuracy: 81.05%, AUC: 0.81 - [VAL] Loss: 0.4712, Accuracy: 78.98%, AUC: 0.79
Epoch [90/100] - [TRAIN] Loss: 0.4458, Accuracy: 80.43%, AUC: 0.80 - [VAL] Loss: 0.4704, Accuracy: 78.98%, AUC: 0.79
Epoch [100/100] - [TRAIN] Loss: 0.4544, Accuracy: 81.18%, AUC: 0.81 - [VAL] Loss: 0.4730, Accuracy: 78.63%, AUC: 0.79
Training finished!
Accuracy Score on test set: 80.51 %
AUC Score on test set: 0.81

Item: H3K27me3-H3K4me3-H3K9me3-H3K36me3-H3K4me1
Epoch [10/100] - [TRAIN] Loss: 0.5155, Accuracy: 79.04%, AUC: 0.79 - [VAL] Loss: 0.5438, Accuracy: 78.34%, AUC: 0.78
Epoch [20/100] - [TRAIN] Loss: 0.4787, Accuracy: 80.05%, AUC: 0.80 - [VAL] Loss: 0.5053, Accuracy: 78.95%, AUC: 0.79
Epoch [30/100] - [TRAIN] Loss: 0.4665, Accuracy: 80.11%, AUC: 0.80 - [VAL] Loss: 0.4967, Accuracy: 78.60%, AUC: 0.79
Epoch [40/100] - [TRAIN] Loss: 0.4567, Accuracy: 80.37%, AUC: 0.80 - [VAL] Loss: 0.4816, Accuracy: 78.97%, AUC: 0.79
Epoch [50/100] - [TRAIN] Loss: 0.4576, Accuracy: 80.61%, AUC: 0.81 - [VAL] Loss: 0.4925, Accuracy: 78.48%, AUC: 0.78
Epoch [60/100] - [TRAIN] Loss: 0.4525, Accuracy: 80.78%, AUC: 0.81 - [VAL] Loss: 0.4901, Accuracy: 78.54%, AUC: 0.79
Epoch [70/100] - [TRAIN] Loss: 0.4472, Accuracy: 80.92%, AUC: 0.81 - [VAL] Loss: 0.4730, Accuracy: 79.03%, AUC: 0.79
Epoch [80/100] - [TRAIN] Loss: 0.4463, Accuracy: 80.81%, AUC: 0.81 - [VAL] Loss: 0.4743, Accuracy: 78.98%, AUC: 0.79
Epoch [90/100] - [TRAIN] Loss: 0.4450, Accuracy: 80.55%, AUC: 0.81 - [VAL] Loss: 0.4807, Accuracy: 78.80%, AUC: 0.79
Epoch [100/100] - [TRAIN] Loss: 0.4428, Accuracy: 81.19%, AUC: 0.81 - [VAL] Loss: 0.4754, Accuracy: 79.03%, AUC: 0.79
Training finished!
Accuracy Score on test set: 80.53 %
AUC Score on test set: 0.81

Item: H3K27me3-H3K4me1-H3K4me3-H3K36me3-H3K9me3
Epoch [10/100] - [TRAIN] Loss: 0.5163, Accuracy: 79.35%, AUC: 0.79 - [VAL] Loss: 0.5205, Accuracy: 78.77%, AUC: 0.79
Epoch [20/100] - [TRAIN] Loss: 0.4809, Accuracy: 79.77%, AUC: 0.80 - [VAL] Loss: 0.5017, Accuracy: 78.66%, AUC: 0.79
Epoch [30/100] - [TRAIN] Loss: 0.4703, Accuracy: 80.32%, AUC: 0.80 - [VAL] Loss: 0.4931, Accuracy: 78.68%, AUC: 0.79
Epoch [40/100] - [TRAIN] Loss: 0.4655, Accuracy: 80.48%, AUC: 0.80 - [VAL] Loss: 0.4790, Accuracy: 78.60%, AUC: 0.79
Epoch [50/100] - [TRAIN] Loss: 0.4616, Accuracy: 80.37%, AUC: 0.80 - [VAL] Loss: 0.4770, Accuracy: 78.77%, AUC: 0.79
Epoch [60/100] - [TRAIN] Loss: 0.4496, Accuracy: 81.24%, AUC: 0.81 - [VAL] Loss: 0.4761, Accuracy: 78.95%, AUC: 0.79
Epoch [70/100] - [TRAIN] Loss: 0.4460, Accuracy: 81.18%, AUC: 0.81 - [VAL] Loss: 0.4731, Accuracy: 79.07%, AUC: 0.79
Epoch [80/100] - [TRAIN] Loss: 0.4529, Accuracy: 80.72%, AUC: 0.81 - [VAL] Loss: 0.4740, Accuracy: 78.68%, AUC: 0.79
Epoch [90/100] - [TRAIN] Loss: 0.4441, Accuracy: 81.09%, AUC: 0.81 - [VAL] Loss: 0.4737, Accuracy: 79.15%, AUC: 0.79
Epoch [100/100] - [TRAIN] Loss: 0.4478, Accuracy: 81.04%, AUC: 0.81 - [VAL] Loss: 0.4762, Accuracy: 79.00%, AUC: 0.79
Training finished!
Accuracy Score on test set: 80.71 %
AUC Score on test set: 0.81

Item: H3K27me3-H3K4me1-H3K4me3-H3K9me3-H3K36me3
Epoch [10/100] - [TRAIN] Loss: 0.5117, Accuracy: 79.58%, AUC: 0.80 - [VAL] Loss: 0.5166, Accuracy: 78.97%, AUC: 0.79
Epoch [20/100] - [TRAIN] Loss: 0.4774, Accuracy: 80.29%, AUC: 0.80 - [VAL] Loss: 0.5057, Accuracy: 78.83%, AUC: 0.79
Epoch [30/100] - [TRAIN] Loss: 0.4664, Accuracy: 80.26%, AUC: 0.80 - [VAL] Loss: 0.4938, Accuracy: 78.91%, AUC: 0.79
Epoch [40/100] - [TRAIN] Loss: 0.4575, Accuracy: 80.75%, AUC: 0.81 - [VAL] Loss: 0.4813, Accuracy: 79.12%, AUC: 0.79
Epoch [50/100] - [TRAIN] Loss: 0.4550, Accuracy: 80.99%, AUC: 0.81 - [VAL] Loss: 0.4922, Accuracy: 79.01%, AUC: 0.79
Epoch [60/100] - [TRAIN] Loss: 0.4510, Accuracy: 80.73%, AUC: 0.81 - [VAL] Loss: 0.4886, Accuracy: 79.10%, AUC: 0.79
Epoch [70/100] - [TRAIN] Loss: 0.4481, Accuracy: 80.99%, AUC: 0.81 - [VAL] Loss: 0.4868, Accuracy: 79.00%, AUC: 0.79
Epoch [80/100] - [TRAIN] Loss: 0.4483, Accuracy: 80.69%, AUC: 0.81 - [VAL] Loss: 0.4821, Accuracy: 79.10%, AUC: 0.79
Epoch [90/100] - [TRAIN] Loss: 0.4419, Accuracy: 80.93%, AUC: 0.81 - [VAL] Loss: 0.4787, Accuracy: 79.06%, AUC: 0.79
Epoch [100/100] - [TRAIN] Loss: 0.4432, Accuracy: 80.92%, AUC: 0.81 - [VAL] Loss: 0.4766, Accuracy: 79.10%, AUC: 0.79
Training finished!
Accuracy Score on test set: 80.50 %
AUC Score on test set: 0.80

Item: H3K27me3-H3K4me1-H3K36me3-H3K4me3-H3K9me3
Epoch [10/100] - [TRAIN] Loss: 0.5050, Accuracy: 79.48%, AUC: 0.79 - [VAL] Loss: 0.5163, Accuracy: 78.81%, AUC: 0.79
Epoch [20/100] - [TRAIN] Loss: 0.4771, Accuracy: 80.16%, AUC: 0.80 - [VAL] Loss: 0.4913, Accuracy: 79.04%, AUC: 0.79
Epoch [30/100] - [TRAIN] Loss: 0.4674, Accuracy: 80.31%, AUC: 0.80 - [VAL] Loss: 0.4894, Accuracy: 78.75%, AUC: 0.79
Epoch [40/100] - [TRAIN] Loss: 0.4564, Accuracy: 80.69%, AUC: 0.81 - [VAL] Loss: 0.4840, Accuracy: 78.80%, AUC: 0.79
Epoch [50/100] - [TRAIN] Loss: 0.4507, Accuracy: 80.87%, AUC: 0.81 - [VAL] Loss: 0.4847, Accuracy: 78.86%, AUC: 0.79
Epoch [60/100] - [TRAIN] Loss: 0.4507, Accuracy: 80.72%, AUC: 0.81 - [VAL] Loss: 0.4712, Accuracy: 79.04%, AUC: 0.79
Epoch [70/100] - [TRAIN] Loss: 0.4483, Accuracy: 80.95%, AUC: 0.81 - [VAL] Loss: 0.4696, Accuracy: 79.07%, AUC: 0.79
Epoch [80/100] - [TRAIN] Loss: 0.4451, Accuracy: 81.07%, AUC: 0.81 - [VAL] Loss: 0.4699, Accuracy: 79.33%, AUC: 0.79
Epoch [90/100] - [TRAIN] Loss: 0.4410, Accuracy: 81.15%, AUC: 0.81 - [VAL] Loss: 0.4690, Accuracy: 79.26%, AUC: 0.79
Epoch [100/100] - [TRAIN] Loss: 0.4377, Accuracy: 80.98%, AUC: 0.81 - [VAL] Loss: 0.4651, Accuracy: 79.26%, AUC: 0.79
Training finished!
Accuracy Score on test set: 80.46 %
AUC Score on test set: 0.80

Item: H3K27me3-H3K4me1-H3K36me3-H3K9me3-H3K4me3
Epoch [10/100] - [TRAIN] Loss: 0.5099, Accuracy: 79.50%, AUC: 0.80 - [VAL] Loss: 0.5239, Accuracy: 78.71%, AUC: 0.79
Epoch [20/100] - [TRAIN] Loss: 0.4820, Accuracy: 79.71%, AUC: 0.80 - [VAL] Loss: 0.5081, Accuracy: 78.68%, AUC: 0.79
Epoch [30/100] - [TRAIN] Loss: 0.4651, Accuracy: 80.32%, AUC: 0.80 - [VAL] Loss: 0.4937, Accuracy: 78.95%, AUC: 0.79
Epoch [40/100] - [TRAIN] Loss: 0.4612, Accuracy: 80.52%, AUC: 0.81 - [VAL] Loss: 0.4854, Accuracy: 78.84%, AUC: 0.79
Epoch [50/100] - [TRAIN] Loss: 0.4549, Accuracy: 80.84%, AUC: 0.81 - [VAL] Loss: 0.4818, Accuracy: 79.01%, AUC: 0.79
Epoch [60/100] - [TRAIN] Loss: 0.4558, Accuracy: 80.57%, AUC: 0.81 - [VAL] Loss: 0.4760, Accuracy: 79.06%, AUC: 0.79
Epoch [70/100] - [TRAIN] Loss: 0.4475, Accuracy: 80.96%, AUC: 0.81 - [VAL] Loss: 0.4811, Accuracy: 78.98%, AUC: 0.79
Epoch [80/100] - [TRAIN] Loss: 0.4485, Accuracy: 81.25%, AUC: 0.81 - [VAL] Loss: 0.4687, Accuracy: 79.23%, AUC: 0.79
Epoch [90/100] - [TRAIN] Loss: 0.4507, Accuracy: 81.19%, AUC: 0.81 - [VAL] Loss: 0.4839, Accuracy: 79.03%, AUC: 0.79
Epoch [100/100] - [TRAIN] Loss: 0.4402, Accuracy: 81.01%, AUC: 0.81 - [VAL] Loss: 0.4800, Accuracy: 79.04%, AUC: 0.79
Training finished!
Accuracy Score on test set: 80.56 %
AUC Score on test set: 0.81

Item: H3K27me3-H3K4me1-H3K9me3-H3K4me3-H3K36me3
Epoch [10/100] - [TRAIN] Loss: 0.5107, Accuracy: 79.30%, AUC: 0.79 - [VAL] Loss: 0.5211, Accuracy: 78.69%, AUC: 0.79
Epoch [20/100] - [TRAIN] Loss: 0.4775, Accuracy: 79.84%, AUC: 0.80 - [VAL] Loss: 0.4978, Accuracy: 78.97%, AUC: 0.79
Epoch [30/100] - [TRAIN] Loss: 0.4662, Accuracy: 80.67%, AUC: 0.81 - [VAL] Loss: 0.4875, Accuracy: 79.07%, AUC: 0.79
Epoch [40/100] - [TRAIN] Loss: 0.4630, Accuracy: 80.81%, AUC: 0.81 - [VAL] Loss: 0.4808, Accuracy: 79.07%, AUC: 0.79
Epoch [50/100] - [TRAIN] Loss: 0.4533, Accuracy: 81.15%, AUC: 0.81 - [VAL] Loss: 0.4801, Accuracy: 79.06%, AUC: 0.79
Epoch [60/100] - [TRAIN] Loss: 0.4648, Accuracy: 81.27%, AUC: 0.81 - [VAL] Loss: 0.4756, Accuracy: 78.86%, AUC: 0.79
Epoch [70/100] - [TRAIN] Loss: 0.4491, Accuracy: 80.99%, AUC: 0.81 - [VAL] Loss: 0.4724, Accuracy: 79.32%, AUC: 0.79
Epoch [80/100] - [TRAIN] Loss: 0.4453, Accuracy: 80.80%, AUC: 0.81 - [VAL] Loss: 0.4731, Accuracy: 79.30%, AUC: 0.79
Epoch [90/100] - [TRAIN] Loss: 0.4393, Accuracy: 81.31%, AUC: 0.81 - [VAL] Loss: 0.4722, Accuracy: 79.33%, AUC: 0.79
Epoch [100/100] - [TRAIN] Loss: 0.4417, Accuracy: 81.51%, AUC: 0.82 - [VAL] Loss: 0.4730, Accuracy: 79.44%, AUC: 0.79
Training finished!
Accuracy Score on test set: 80.34 %
AUC Score on test set: 0.80

Item: H3K27me3-H3K4me1-H3K9me3-H3K36me3-H3K4me3
Epoch [10/100] - [TRAIN] Loss: 0.5111, Accuracy: 79.62%, AUC: 0.80 - [VAL] Loss: 0.5369, Accuracy: 78.29%, AUC: 0.78
Epoch [20/100] - [TRAIN] Loss: 0.4769, Accuracy: 80.34%, AUC: 0.80 - [VAL] Loss: 0.5093, Accuracy: 78.69%, AUC: 0.79
Epoch [30/100] - [TRAIN] Loss: 0.4668, Accuracy: 80.14%, AUC: 0.80 - [VAL] Loss: 0.4920, Accuracy: 78.78%, AUC: 0.79
Epoch [40/100] - [TRAIN] Loss: 0.4551, Accuracy: 80.84%, AUC: 0.81 - [VAL] Loss: 0.4963, Accuracy: 78.84%, AUC: 0.79
Epoch [50/100] - [TRAIN] Loss: 0.4516, Accuracy: 80.99%, AUC: 0.81 - [VAL] Loss: 0.4776, Accuracy: 78.86%, AUC: 0.79
Epoch [60/100] - [TRAIN] Loss: 0.4506, Accuracy: 80.98%, AUC: 0.81 - [VAL] Loss: 0.4724, Accuracy: 79.13%, AUC: 0.79
Epoch [70/100] - [TRAIN] Loss: 0.4446, Accuracy: 81.19%, AUC: 0.81 - [VAL] Loss: 0.4744, Accuracy: 79.13%, AUC: 0.79
Epoch [80/100] - [TRAIN] Loss: 0.4530, Accuracy: 80.84%, AUC: 0.81 - [VAL] Loss: 0.4728, Accuracy: 79.24%, AUC: 0.79
Epoch [90/100] - [TRAIN] Loss: 0.4453, Accuracy: 81.18%, AUC: 0.81 - [VAL] Loss: 0.4683, Accuracy: 79.17%, AUC: 0.79
Epoch [100/100] - [TRAIN] Loss: 0.4473, Accuracy: 81.04%, AUC: 0.81 - [VAL] Loss: 0.4674, Accuracy: 79.46%, AUC: 0.79
Training finished!
Accuracy Score on test set: 80.57 %
AUC Score on test set: 0.81

Item: H3K27me3-H3K36me3-H3K4me3-H3K4me1-H3K9me3
Epoch [10/100] - [TRAIN] Loss: 0.5067, Accuracy: 79.73%, AUC: 0.80 - [VAL] Loss: 0.5202, Accuracy: 78.77%, AUC: 0.79
Epoch [20/100] - [TRAIN] Loss: 0.4751, Accuracy: 80.06%, AUC: 0.80 - [VAL] Loss: 0.5097, Accuracy: 78.68%, AUC: 0.79
Epoch [30/100] - [TRAIN] Loss: 0.4718, Accuracy: 80.55%, AUC: 0.81 - [VAL] Loss: 0.5064, Accuracy: 78.68%, AUC: 0.79
Epoch [40/100] - [TRAIN] Loss: 0.4572, Accuracy: 80.83%, AUC: 0.81 - [VAL] Loss: 0.4864, Accuracy: 79.09%, AUC: 0.79
Epoch [50/100] - [TRAIN] Loss: 0.4596, Accuracy: 80.38%, AUC: 0.80 - [VAL] Loss: 0.4770, Accuracy: 78.78%, AUC: 0.79
Epoch [60/100] - [TRAIN] Loss: 0.4515, Accuracy: 80.92%, AUC: 0.81 - [VAL] Loss: 0.4803, Accuracy: 79.09%, AUC: 0.79
Epoch [70/100] - [TRAIN] Loss: 0.4493, Accuracy: 80.90%, AUC: 0.81 - [VAL] Loss: 0.4754, Accuracy: 79.18%, AUC: 0.79
Epoch [80/100] - [TRAIN] Loss: 0.4473, Accuracy: 80.77%, AUC: 0.81 - [VAL] Loss: 0.4791, Accuracy: 78.83%, AUC: 0.79
Epoch [90/100] - [TRAIN] Loss: 0.4449, Accuracy: 81.07%, AUC: 0.81 - [VAL] Loss: 0.4714, Accuracy: 79.43%, AUC: 0.79
Epoch [100/100] - [TRAIN] Loss: 0.4397, Accuracy: 81.13%, AUC: 0.81 - [VAL] Loss: 0.4724, Accuracy: 79.21%, AUC: 0.79
Training finished!
Accuracy Score on test set: 80.37 %
AUC Score on test set: 0.80

Item: H3K27me3-H3K36me3-H3K4me3-H3K9me3-H3K4me1
Epoch [10/100] - [TRAIN] Loss: 0.5110, Accuracy: 79.61%, AUC: 0.80 - [VAL] Loss: 0.5243, Accuracy: 78.43%, AUC: 0.78
Epoch [20/100] - [TRAIN] Loss: 0.4805, Accuracy: 79.93%, AUC: 0.80 - [VAL] Loss: 0.4860, Accuracy: 79.06%, AUC: 0.79
Epoch [30/100] - [TRAIN] Loss: 0.4634, Accuracy: 79.96%, AUC: 0.80 - [VAL] Loss: 0.4865, Accuracy: 78.80%, AUC: 0.79
Epoch [40/100] - [TRAIN] Loss: 0.4612, Accuracy: 80.35%, AUC: 0.80 - [VAL] Loss: 0.4888, Accuracy: 78.62%, AUC: 0.79
Epoch [50/100] - [TRAIN] Loss: 0.4510, Accuracy: 81.01%, AUC: 0.81 - [VAL] Loss: 0.4821, Accuracy: 78.86%, AUC: 0.79
Epoch [60/100] - [TRAIN] Loss: 0.4513, Accuracy: 80.84%, AUC: 0.81 - [VAL] Loss: 0.4720, Accuracy: 78.98%, AUC: 0.79
Epoch [70/100] - [TRAIN] Loss: 0.4513, Accuracy: 80.96%, AUC: 0.81 - [VAL] Loss: 0.4736, Accuracy: 78.94%, AUC: 0.79
Epoch [80/100] - [TRAIN] Loss: 0.4418, Accuracy: 81.25%, AUC: 0.81 - [VAL] Loss: 0.4694, Accuracy: 79.33%, AUC: 0.79
Epoch [90/100] - [TRAIN] Loss: 0.4435, Accuracy: 80.66%, AUC: 0.81 - [VAL] Loss: 0.4761, Accuracy: 78.98%, AUC: 0.79
Epoch [100/100] - [TRAIN] Loss: 0.4417, Accuracy: 81.22%, AUC: 0.81 - [VAL] Loss: 0.4672, Accuracy: 79.13%, AUC: 0.79
Training finished!
Accuracy Score on test set: 80.63 %
AUC Score on test set: 0.81

Item: H3K27me3-H3K36me3-H3K4me1-H3K4me3-H3K9me3
Epoch [10/100] - [TRAIN] Loss: 0.5130, Accuracy: 79.53%, AUC: 0.80 - [VAL] Loss: 0.5246, Accuracy: 78.48%, AUC: 0.78
Epoch [20/100] - [TRAIN] Loss: 0.4788, Accuracy: 79.82%, AUC: 0.80 - [VAL] Loss: 0.4883, Accuracy: 78.81%, AUC: 0.79
Epoch [30/100] - [TRAIN] Loss: 0.4656, Accuracy: 80.61%, AUC: 0.81 - [VAL] Loss: 0.5013, Accuracy: 78.54%, AUC: 0.79
Epoch [40/100] - [TRAIN] Loss: 0.4557, Accuracy: 80.67%, AUC: 0.81 - [VAL] Loss: 0.4827, Accuracy: 78.92%, AUC: 0.79
Epoch [50/100] - [TRAIN] Loss: 0.4526, Accuracy: 80.60%, AUC: 0.81 - [VAL] Loss: 0.4750, Accuracy: 79.01%, AUC: 0.79
Epoch [60/100] - [TRAIN] Loss: 0.4535, Accuracy: 80.63%, AUC: 0.81 - [VAL] Loss: 0.4732, Accuracy: 78.91%, AUC: 0.79
Epoch [70/100] - [TRAIN] Loss: 0.4444, Accuracy: 80.78%, AUC: 0.81 - [VAL] Loss: 0.4788, Accuracy: 79.12%, AUC: 0.79
Epoch [80/100] - [TRAIN] Loss: 0.4502, Accuracy: 81.36%, AUC: 0.81 - [VAL] Loss: 0.5142, Accuracy: 74.64%, AUC: 0.75
Epoch [90/100] - [TRAIN] Loss: 0.4423, Accuracy: 81.22%, AUC: 0.81 - [VAL] Loss: 0.4737, Accuracy: 79.38%, AUC: 0.79
Epoch [100/100] - [TRAIN] Loss: 0.4462, Accuracy: 81.39%, AUC: 0.81 - [VAL] Loss: 0.4727, Accuracy: 79.38%, AUC: 0.79
Training finished!
Accuracy Score on test set: 80.57 %
AUC Score on test set: 0.81

Item: H3K27me3-H3K36me3-H3K4me1-H3K9me3-H3K4me3
Epoch [10/100] - [TRAIN] Loss: 0.5042, Accuracy: 79.35%, AUC: 0.79 - [VAL] Loss: 0.5267, Accuracy: 78.40%, AUC: 0.78
Epoch [20/100] - [TRAIN] Loss: 0.4793, Accuracy: 79.99%, AUC: 0.80 - [VAL] Loss: 0.5154, Accuracy: 78.48%, AUC: 0.78
Epoch [30/100] - [TRAIN] Loss: 0.4665, Accuracy: 80.14%, AUC: 0.80 - [VAL] Loss: 0.4978, Accuracy: 78.74%, AUC: 0.79
Epoch [40/100] - [TRAIN] Loss: 0.4761, Accuracy: 80.28%, AUC: 0.80 - [VAL] Loss: 0.4853, Accuracy: 78.26%, AUC: 0.78
Epoch [50/100] - [TRAIN] Loss: 0.4559, Accuracy: 80.29%, AUC: 0.80 - [VAL] Loss: 0.4912, Accuracy: 78.74%, AUC: 0.79
Epoch [60/100] - [TRAIN] Loss: 0.4592, Accuracy: 80.64%, AUC: 0.81 - [VAL] Loss: 0.4804, Accuracy: 78.39%, AUC: 0.78
Epoch [70/100] - [TRAIN] Loss: 0.4471, Accuracy: 80.75%, AUC: 0.81 - [VAL] Loss: 0.4857, Accuracy: 78.71%, AUC: 0.79
Epoch [80/100] - [TRAIN] Loss: 0.4500, Accuracy: 81.07%, AUC: 0.81 - [VAL] Loss: 0.4760, Accuracy: 79.17%, AUC: 0.79
Epoch [90/100] - [TRAIN] Loss: 0.4471, Accuracy: 80.89%, AUC: 0.81 - [VAL] Loss: 0.4720, Accuracy: 79.21%, AUC: 0.79
Epoch [100/100] - [TRAIN] Loss: 0.4423, Accuracy: 80.93%, AUC: 0.81 - [VAL] Loss: 0.4749, Accuracy: 79.27%, AUC: 0.79
Training finished!
Accuracy Score on test set: 80.72 %
AUC Score on test set: 0.81

Item: H3K27me3-H3K36me3-H3K9me3-H3K4me3-H3K4me1
Epoch [10/100] - [TRAIN] Loss: 0.5101, Accuracy: 79.16%, AUC: 0.79 - [VAL] Loss: 0.5455, Accuracy: 78.20%, AUC: 0.78
Epoch [20/100] - [TRAIN] Loss: 0.4895, Accuracy: 79.93%, AUC: 0.80 - [VAL] Loss: 0.5062, Accuracy: 78.46%, AUC: 0.78
Epoch [30/100] - [TRAIN] Loss: 0.4672, Accuracy: 80.09%, AUC: 0.80 - [VAL] Loss: 0.4928, Accuracy: 78.84%, AUC: 0.79
Epoch [40/100] - [TRAIN] Loss: 0.4587, Accuracy: 80.83%, AUC: 0.81 - [VAL] Loss: 0.4844, Accuracy: 78.92%, AUC: 0.79
Epoch [50/100] - [TRAIN] Loss: 0.4555, Accuracy: 80.89%, AUC: 0.81 - [VAL] Loss: 0.4749, Accuracy: 78.81%, AUC: 0.79
Epoch [60/100] - [TRAIN] Loss: 0.4466, Accuracy: 80.95%, AUC: 0.81 - [VAL] Loss: 0.4753, Accuracy: 79.01%, AUC: 0.79
Epoch [70/100] - [TRAIN] Loss: 0.4464, Accuracy: 81.01%, AUC: 0.81 - [VAL] Loss: 0.4790, Accuracy: 78.81%, AUC: 0.79
Epoch [80/100] - [TRAIN] Loss: 0.4521, Accuracy: 81.05%, AUC: 0.81 - [VAL] Loss: 0.4757, Accuracy: 79.01%, AUC: 0.79
Epoch [90/100] - [TRAIN] Loss: 0.4433, Accuracy: 81.39%, AUC: 0.81 - [VAL] Loss: 0.4783, Accuracy: 78.94%, AUC: 0.79
Epoch [100/100] - [TRAIN] Loss: 0.4392, Accuracy: 81.56%, AUC: 0.82 - [VAL] Loss: 0.4721, Accuracy: 79.18%, AUC: 0.79
Training finished!
Accuracy Score on test set: 80.46 %
AUC Score on test set: 0.80

Item: H3K27me3-H3K36me3-H3K9me3-H3K4me1-H3K4me3
Epoch [10/100] - [TRAIN] Loss: 0.5143, Accuracy: 79.44%, AUC: 0.79 - [VAL] Loss: 0.5473, Accuracy: 77.91%, AUC: 0.78
Epoch [20/100] - [TRAIN] Loss: 0.4826, Accuracy: 80.14%, AUC: 0.80 - [VAL] Loss: 0.5062, Accuracy: 78.74%, AUC: 0.79
Epoch [30/100] - [TRAIN] Loss: 0.4682, Accuracy: 80.34%, AUC: 0.80 - [VAL] Loss: 0.5070, Accuracy: 78.68%, AUC: 0.79
Epoch [40/100] - [TRAIN] Loss: 0.4641, Accuracy: 80.41%, AUC: 0.80 - [VAL] Loss: 0.4982, Accuracy: 78.57%, AUC: 0.79
Epoch [50/100] - [TRAIN] Loss: 0.4612, Accuracy: 80.83%, AUC: 0.81 - [VAL] Loss: 0.4955, Accuracy: 78.51%, AUC: 0.79
Epoch [60/100] - [TRAIN] Loss: 0.4585, Accuracy: 80.57%, AUC: 0.81 - [VAL] Loss: 0.4995, Accuracy: 78.49%, AUC: 0.78
Epoch [70/100] - [TRAIN] Loss: 0.4496, Accuracy: 80.73%, AUC: 0.81 - [VAL] Loss: 0.4766, Accuracy: 79.07%, AUC: 0.79
Epoch [80/100] - [TRAIN] Loss: 0.4452, Accuracy: 81.22%, AUC: 0.81 - [VAL] Loss: 0.4721, Accuracy: 79.21%, AUC: 0.79
Epoch [90/100] - [TRAIN] Loss: 0.4529, Accuracy: 80.84%, AUC: 0.81 - [VAL] Loss: 0.4741, Accuracy: 78.69%, AUC: 0.79
Epoch [100/100] - [TRAIN] Loss: 0.4392, Accuracy: 81.19%, AUC: 0.81 - [VAL] Loss: 0.4706, Accuracy: 79.46%, AUC: 0.79
Training finished!
Accuracy Score on test set: 80.68 %
AUC Score on test set: 0.81

Item: H3K27me3-H3K9me3-H3K4me3-H3K4me1-H3K36me3
Epoch [10/100] - [TRAIN] Loss: 0.5062, Accuracy: 79.21%, AUC: 0.79 - [VAL] Loss: 0.5282, Accuracy: 78.48%, AUC: 0.78
Epoch [20/100] - [TRAIN] Loss: 0.4764, Accuracy: 80.09%, AUC: 0.80 - [VAL] Loss: 0.5080, Accuracy: 78.72%, AUC: 0.79
Epoch [30/100] - [TRAIN] Loss: 0.4696, Accuracy: 80.23%, AUC: 0.80 - [VAL] Loss: 0.4953, Accuracy: 78.81%, AUC: 0.79
Epoch [40/100] - [TRAIN] Loss: 0.4604, Accuracy: 80.63%, AUC: 0.81 - [VAL] Loss: 0.4944, Accuracy: 78.68%, AUC: 0.79
Epoch [50/100] - [TRAIN] Loss: 0.4599, Accuracy: 80.84%, AUC: 0.81 - [VAL] Loss: 0.4797, Accuracy: 79.04%, AUC: 0.79
Epoch [60/100] - [TRAIN] Loss: 0.4518, Accuracy: 81.15%, AUC: 0.81 - [VAL] Loss: 0.4779, Accuracy: 79.04%, AUC: 0.79
Epoch [70/100] - [TRAIN] Loss: 0.4474, Accuracy: 80.84%, AUC: 0.81 - [VAL] Loss: 0.4719, Accuracy: 79.33%, AUC: 0.79
Epoch [80/100] - [TRAIN] Loss: 0.4481, Accuracy: 81.02%, AUC: 0.81 - [VAL] Loss: 0.4697, Accuracy: 79.18%, AUC: 0.79
Epoch [90/100] - [TRAIN] Loss: 0.4407, Accuracy: 81.30%, AUC: 0.81 - [VAL] Loss: 0.4792, Accuracy: 78.80%, AUC: 0.79
Epoch [100/100] - [TRAIN] Loss: 0.4400, Accuracy: 81.28%, AUC: 0.81 - [VAL] Loss: 0.4724, Accuracy: 79.24%, AUC: 0.79
Training finished!
Accuracy Score on test set: 80.46 %
AUC Score on test set: 0.80

Item: H3K27me3-H3K9me3-H3K4me3-H3K36me3-H3K4me1
Epoch [10/100] - [TRAIN] Loss: 0.5076, Accuracy: 79.55%, AUC: 0.80 - [VAL] Loss: 0.5213, Accuracy: 78.54%, AUC: 0.79
Epoch [20/100] - [TRAIN] Loss: 0.4822, Accuracy: 80.19%, AUC: 0.80 - [VAL] Loss: 0.4932, Accuracy: 78.89%, AUC: 0.79
Epoch [30/100] - [TRAIN] Loss: 0.4631, Accuracy: 80.64%, AUC: 0.81 - [VAL] Loss: 0.4865, Accuracy: 78.84%, AUC: 0.79
Epoch [40/100] - [TRAIN] Loss: 0.4590, Accuracy: 80.48%, AUC: 0.80 - [VAL] Loss: 0.4764, Accuracy: 78.84%, AUC: 0.79
Epoch [50/100] - [TRAIN] Loss: 0.4506, Accuracy: 80.48%, AUC: 0.80 - [VAL] Loss: 0.4952, Accuracy: 78.68%, AUC: 0.79
Epoch [60/100] - [TRAIN] Loss: 0.4476, Accuracy: 80.99%, AUC: 0.81 - [VAL] Loss: 0.4752, Accuracy: 78.95%, AUC: 0.79
Epoch [70/100] - [TRAIN] Loss: 0.4466, Accuracy: 80.64%, AUC: 0.81 - [VAL] Loss: 0.4700, Accuracy: 79.18%, AUC: 0.79
Epoch [80/100] - [TRAIN] Loss: 0.4436, Accuracy: 80.98%, AUC: 0.81 - [VAL] Loss: 0.4697, Accuracy: 79.18%, AUC: 0.79
Epoch [90/100] - [TRAIN] Loss: 0.4471, Accuracy: 81.24%, AUC: 0.81 - [VAL] Loss: 0.4681, Accuracy: 79.04%, AUC: 0.79
Epoch [100/100] - [TRAIN] Loss: 0.4497, Accuracy: 81.15%, AUC: 0.81 - [VAL] Loss: 0.4768, Accuracy: 78.80%, AUC: 0.79
Training finished!
Accuracy Score on test set: 80.57 %
AUC Score on test set: 0.81

Item: H3K27me3-H3K9me3-H3K4me1-H3K4me3-H3K36me3
Epoch [10/100] - [TRAIN] Loss: 0.5114, Accuracy: 78.95%, AUC: 0.79 - [VAL] Loss: 0.5290, Accuracy: 78.39%, AUC: 0.78
Epoch [20/100] - [TRAIN] Loss: 0.4827, Accuracy: 79.84%, AUC: 0.80 - [VAL] Loss: 0.5069, Accuracy: 78.66%, AUC: 0.79
Epoch [30/100] - [TRAIN] Loss: 0.4694, Accuracy: 80.29%, AUC: 0.80 - [VAL] Loss: 0.4912, Accuracy: 79.01%, AUC: 0.79
Epoch [40/100] - [TRAIN] Loss: 0.4675, Accuracy: 80.49%, AUC: 0.80 - [VAL] Loss: 0.4794, Accuracy: 78.94%, AUC: 0.79
Epoch [50/100] - [TRAIN] Loss: 0.4629, Accuracy: 80.38%, AUC: 0.80 - [VAL] Loss: 0.4771, Accuracy: 78.55%, AUC: 0.79
Epoch [60/100] - [TRAIN] Loss: 0.4531, Accuracy: 80.90%, AUC: 0.81 - [VAL] Loss: 0.4772, Accuracy: 78.92%, AUC: 0.79
Epoch [70/100] - [TRAIN] Loss: 0.4480, Accuracy: 80.77%, AUC: 0.81 - [VAL] Loss: 0.4836, Accuracy: 78.94%, AUC: 0.79
Epoch [80/100] - [TRAIN] Loss: 0.4440, Accuracy: 81.10%, AUC: 0.81 - [VAL] Loss: 0.4698, Accuracy: 78.98%, AUC: 0.79
Epoch [90/100] - [TRAIN] Loss: 0.4468, Accuracy: 81.12%, AUC: 0.81 - [VAL] Loss: 0.4675, Accuracy: 79.17%, AUC: 0.79
Epoch [100/100] - [TRAIN] Loss: 0.4501, Accuracy: 81.04%, AUC: 0.81 - [VAL] Loss: 0.4704, Accuracy: 79.26%, AUC: 0.79
Training finished!
Accuracy Score on test set: 80.66 %
AUC Score on test set: 0.81

Item: H3K27me3-H3K9me3-H3K4me1-H3K36me3-H3K4me3
Epoch [10/100] - [TRAIN] Loss: 0.5104, Accuracy: 79.23%, AUC: 0.79 - [VAL] Loss: 0.5191, Accuracy: 78.80%, AUC: 0.79
Epoch [20/100] - [TRAIN] Loss: 0.4791, Accuracy: 79.88%, AUC: 0.80 - [VAL] Loss: 0.5058, Accuracy: 78.86%, AUC: 0.79
Epoch [30/100] - [TRAIN] Loss: 0.4692, Accuracy: 80.16%, AUC: 0.80 - [VAL] Loss: 0.5021, Accuracy: 78.57%, AUC: 0.79
Epoch [40/100] - [TRAIN] Loss: 0.4625, Accuracy: 80.03%, AUC: 0.80 - [VAL] Loss: 0.4823, Accuracy: 78.94%, AUC: 0.79
Epoch [50/100] - [TRAIN] Loss: 0.4549, Accuracy: 80.38%, AUC: 0.80 - [VAL] Loss: 0.4788, Accuracy: 79.04%, AUC: 0.79
Epoch [60/100] - [TRAIN] Loss: 0.4501, Accuracy: 80.63%, AUC: 0.81 - [VAL] Loss: 0.4704, Accuracy: 79.10%, AUC: 0.79
Epoch [70/100] - [TRAIN] Loss: 0.4497, Accuracy: 80.72%, AUC: 0.81 - [VAL] Loss: 0.4747, Accuracy: 79.09%, AUC: 0.79
Epoch [80/100] - [TRAIN] Loss: 0.4463, Accuracy: 80.80%, AUC: 0.81 - [VAL] Loss: 0.4721, Accuracy: 79.24%, AUC: 0.79
Epoch [90/100] - [TRAIN] Loss: 0.4465, Accuracy: 81.09%, AUC: 0.81 - [VAL] Loss: 0.4656, Accuracy: 79.32%, AUC: 0.79
Epoch [100/100] - [TRAIN] Loss: 0.4392, Accuracy: 81.30%, AUC: 0.81 - [VAL] Loss: 0.4678, Accuracy: 79.43%, AUC: 0.79
Training finished!
Accuracy Score on test set: 80.54 %
AUC Score on test set: 0.81

Item: H3K27me3-H3K9me3-H3K36me3-H3K4me3-H3K4me1
Epoch [10/100] - [TRAIN] Loss: 0.5111, Accuracy: 79.23%, AUC: 0.79 - [VAL] Loss: 0.5241, Accuracy: 78.69%, AUC: 0.79
Epoch [20/100] - [TRAIN] Loss: 0.4854, Accuracy: 79.79%, AUC: 0.80 - [VAL] Loss: 0.5086, Accuracy: 78.75%, AUC: 0.79
Epoch [30/100] - [TRAIN] Loss: 0.4700, Accuracy: 80.08%, AUC: 0.80 - [VAL] Loss: 0.4945, Accuracy: 78.84%, AUC: 0.79
Epoch [40/100] - [TRAIN] Loss: 0.4591, Accuracy: 80.38%, AUC: 0.80 - [VAL] Loss: 0.4974, Accuracy: 78.72%, AUC: 0.79
Epoch [50/100] - [TRAIN] Loss: 0.4576, Accuracy: 80.63%, AUC: 0.81 - [VAL] Loss: 0.4825, Accuracy: 78.97%, AUC: 0.79
Epoch [60/100] - [TRAIN] Loss: 0.4507, Accuracy: 80.34%, AUC: 0.80 - [VAL] Loss: 0.5014, Accuracy: 78.55%, AUC: 0.79
Epoch [70/100] - [TRAIN] Loss: 0.4514, Accuracy: 80.77%, AUC: 0.81 - [VAL] Loss: 0.4947, Accuracy: 78.69%, AUC: 0.79
Epoch [80/100] - [TRAIN] Loss: 0.4476, Accuracy: 80.66%, AUC: 0.81 - [VAL] Loss: 0.4741, Accuracy: 79.04%, AUC: 0.79
Epoch [90/100] - [TRAIN] Loss: 0.4445, Accuracy: 81.10%, AUC: 0.81 - [VAL] Loss: 0.4759, Accuracy: 79.10%, AUC: 0.79
Epoch [100/100] - [TRAIN] Loss: 0.4494, Accuracy: 80.69%, AUC: 0.81 - [VAL] Loss: 0.4704, Accuracy: 79.10%, AUC: 0.79
Training finished!
Accuracy Score on test set: 80.22 %
AUC Score on test set: 0.80

Item: H3K27me3-H3K9me3-H3K36me3-H3K4me1-H3K4me3
Epoch [10/100] - [TRAIN] Loss: 0.5086, Accuracy: 79.67%, AUC: 0.80 - [VAL] Loss: 0.5286, Accuracy: 78.57%, AUC: 0.79
Epoch [20/100] - [TRAIN] Loss: 0.4807, Accuracy: 80.06%, AUC: 0.80 - [VAL] Loss: 0.5323, Accuracy: 78.34%, AUC: 0.78
Epoch [30/100] - [TRAIN] Loss: 0.4644, Accuracy: 80.52%, AUC: 0.81 - [VAL] Loss: 0.4942, Accuracy: 78.98%, AUC: 0.79
Epoch [40/100] - [TRAIN] Loss: 0.4594, Accuracy: 80.45%, AUC: 0.80 - [VAL] Loss: 0.4831, Accuracy: 78.97%, AUC: 0.79
Epoch [50/100] - [TRAIN] Loss: 0.4551, Accuracy: 80.63%, AUC: 0.81 - [VAL] Loss: 0.4821, Accuracy: 78.80%, AUC: 0.79
Epoch [60/100] - [TRAIN] Loss: 0.4502, Accuracy: 80.95%, AUC: 0.81 - [VAL] Loss: 0.4883, Accuracy: 78.98%, AUC: 0.79
Epoch [70/100] - [TRAIN] Loss: 0.4527, Accuracy: 81.24%, AUC: 0.81 - [VAL] Loss: 0.4780, Accuracy: 79.12%, AUC: 0.79
Epoch [80/100] - [TRAIN] Loss: 0.4462, Accuracy: 80.98%, AUC: 0.81 - [VAL] Loss: 0.4774, Accuracy: 79.12%, AUC: 0.79
Epoch [90/100] - [TRAIN] Loss: 0.4457, Accuracy: 81.25%, AUC: 0.81 - [VAL] Loss: 0.4787, Accuracy: 78.16%, AUC: 0.78
Epoch [100/100] - [TRAIN] Loss: 0.4402, Accuracy: 81.25%, AUC: 0.81 - [VAL] Loss: 0.4712, Accuracy: 79.29%, AUC: 0.79
Training finished!
Accuracy Score on test set: 80.68 %
AUC Score on test set: 0.81

Saving the final results
Batch FINISHED!!!

Real-time duration: 2905.976430851 seconds
