Using cpu device
Loading the data ...
Item: H3K4me3-H3K27me3-H3K36me3
Epoch [10/100] - [TRAIN] Loss: 0.5356, Accuracy: 78.62%, AUC: 0.79 - [VAL] Loss: 0.5327, Accuracy: 78.63%, AUC: 0.79
Epoch [20/100] - [TRAIN] Loss: 0.4913, Accuracy: 79.00%, AUC: 0.79 - [VAL] Loss: 0.5143, Accuracy: 78.52%, AUC: 0.79
Epoch [30/100] - [TRAIN] Loss: 0.4795, Accuracy: 79.80%, AUC: 0.80 - [VAL] Loss: 0.5010, Accuracy: 78.54%, AUC: 0.79
Epoch [40/100] - [TRAIN] Loss: 0.4778, Accuracy: 79.97%, AUC: 0.80 - [VAL] Loss: 0.4903, Accuracy: 78.63%, AUC: 0.79
Epoch [50/100] - [TRAIN] Loss: 0.4675, Accuracy: 79.82%, AUC: 0.80 - [VAL] Loss: 0.4919, Accuracy: 78.69%, AUC: 0.79
Epoch [60/100] - [TRAIN] Loss: 0.4678, Accuracy: 79.93%, AUC: 0.80 - [VAL] Loss: 0.4872, Accuracy: 78.66%, AUC: 0.79
Epoch [70/100] - [TRAIN] Loss: 0.4693, Accuracy: 79.82%, AUC: 0.80 - [VAL] Loss: 0.4854, Accuracy: 78.43%, AUC: 0.78
Epoch [80/100] - [TRAIN] Loss: 0.4647, Accuracy: 80.06%, AUC: 0.80 - [VAL] Loss: 0.4853, Accuracy: 78.66%, AUC: 0.79
Epoch [90/100] - [TRAIN] Loss: 0.4643, Accuracy: 80.16%, AUC: 0.80 - [VAL] Loss: 0.4856, Accuracy: 78.57%, AUC: 0.79
Epoch [100/100] - [TRAIN] Loss: 0.4627, Accuracy: 80.51%, AUC: 0.81 - [VAL] Loss: 0.4848, Accuracy: 78.52%, AUC: 0.79
Training finished!
Accuracy Score on test set: 79.29 %
AUC Score on test set: 0.79

Item: H3K36me3-H3K4me3-H3K27me3
Epoch [10/100] - [TRAIN] Loss: 0.5247, Accuracy: 78.95%, AUC: 0.79 - [VAL] Loss: 0.5509, Accuracy: 77.97%, AUC: 0.78
Epoch [20/100] - [TRAIN] Loss: 0.4959, Accuracy: 79.01%, AUC: 0.79 - [VAL] Loss: 0.5175, Accuracy: 78.46%, AUC: 0.78
Epoch [30/100] - [TRAIN] Loss: 0.4830, Accuracy: 79.65%, AUC: 0.80 - [VAL] Loss: 0.4987, Accuracy: 78.54%, AUC: 0.79
Epoch [40/100] - [TRAIN] Loss: 0.4841, Accuracy: 80.00%, AUC: 0.80 - [VAL] Loss: 0.4930, Accuracy: 78.52%, AUC: 0.79
Epoch [50/100] - [TRAIN] Loss: 0.4807, Accuracy: 79.77%, AUC: 0.80 - [VAL] Loss: 0.4908, Accuracy: 78.57%, AUC: 0.79
Epoch [60/100] - [TRAIN] Loss: 0.4739, Accuracy: 79.70%, AUC: 0.80 - [VAL] Loss: 0.4921, Accuracy: 77.64%, AUC: 0.78
Epoch [70/100] - [TRAIN] Loss: 0.4730, Accuracy: 79.99%, AUC: 0.80 - [VAL] Loss: 0.4962, Accuracy: 77.42%, AUC: 0.77
Epoch [80/100] - [TRAIN] Loss: 0.4707, Accuracy: 79.77%, AUC: 0.80 - [VAL] Loss: 0.4871, Accuracy: 78.52%, AUC: 0.79
Epoch [90/100] - [TRAIN] Loss: 0.4677, Accuracy: 79.87%, AUC: 0.80 - [VAL] Loss: 0.4866, Accuracy: 78.42%, AUC: 0.78
Epoch [100/100] - [TRAIN] Loss: 0.4672, Accuracy: 80.17%, AUC: 0.80 - [VAL] Loss: 0.4864, Accuracy: 78.51%, AUC: 0.79
Training finished!
Accuracy Score on test set: 79.44 %
AUC Score on test set: 0.79

Item: H3K36me3-H3K27me3-H3K4me3
Epoch [10/100] - [TRAIN] Loss: 0.5207, Accuracy: 79.20%, AUC: 0.79 - [VAL] Loss: 0.5357, Accuracy: 78.16%, AUC: 0.78
Epoch [20/100] - [TRAIN] Loss: 0.4884, Accuracy: 79.79%, AUC: 0.80 - [VAL] Loss: 0.5075, Accuracy: 78.72%, AUC: 0.79
Epoch [30/100] - [TRAIN] Loss: 0.4846, Accuracy: 79.67%, AUC: 0.80 - [VAL] Loss: 0.4914, Accuracy: 78.62%, AUC: 0.79
Epoch [40/100] - [TRAIN] Loss: 0.4763, Accuracy: 79.62%, AUC: 0.80 - [VAL] Loss: 0.4884, Accuracy: 78.46%, AUC: 0.78
Epoch [50/100] - [TRAIN] Loss: 0.4709, Accuracy: 79.70%, AUC: 0.80 - [VAL] Loss: 0.4868, Accuracy: 78.40%, AUC: 0.78
Epoch [60/100] - [TRAIN] Loss: 0.4745, Accuracy: 80.14%, AUC: 0.80 - [VAL] Loss: 0.4858, Accuracy: 78.68%, AUC: 0.79
Epoch [70/100] - [TRAIN] Loss: 0.4651, Accuracy: 80.26%, AUC: 0.80 - [VAL] Loss: 0.4849, Accuracy: 78.68%, AUC: 0.79
Epoch [80/100] - [TRAIN] Loss: 0.4722, Accuracy: 80.25%, AUC: 0.80 - [VAL] Loss: 0.4862, Accuracy: 78.54%, AUC: 0.79
Epoch [90/100] - [TRAIN] Loss: 0.4661, Accuracy: 79.61%, AUC: 0.80 - [VAL] Loss: 0.4840, Accuracy: 78.52%, AUC: 0.79
Epoch [100/100] - [TRAIN] Loss: 0.4643, Accuracy: 80.26%, AUC: 0.80 - [VAL] Loss: 0.4842, Accuracy: 78.63%, AUC: 0.79
Training finished!
Accuracy Score on test set: 79.30 %
AUC Score on test set: 0.79

Item: H3K27me3-H3K4me3-H3K36me3
Epoch [10/100] - [TRAIN] Loss: 0.5225, Accuracy: 78.97%, AUC: 0.79 - [VAL] Loss: 0.5298, Accuracy: 78.55%, AUC: 0.79
Epoch [20/100] - [TRAIN] Loss: 0.4914, Accuracy: 79.52%, AUC: 0.80 - [VAL] Loss: 0.5039, Accuracy: 78.72%, AUC: 0.79
Epoch [30/100] - [TRAIN] Loss: 0.4794, Accuracy: 79.91%, AUC: 0.80 - [VAL] Loss: 0.4947, Accuracy: 78.77%, AUC: 0.79
Epoch [40/100] - [TRAIN] Loss: 0.4751, Accuracy: 79.88%, AUC: 0.80 - [VAL] Loss: 0.4909, Accuracy: 78.71%, AUC: 0.79
Epoch [50/100] - [TRAIN] Loss: 0.4798, Accuracy: 79.76%, AUC: 0.80 - [VAL] Loss: 0.4880, Accuracy: 78.46%, AUC: 0.78
Epoch [60/100] - [TRAIN] Loss: 0.4729, Accuracy: 79.85%, AUC: 0.80 - [VAL] Loss: 0.4880, Accuracy: 78.66%, AUC: 0.79
Epoch [70/100] - [TRAIN] Loss: 0.4674, Accuracy: 80.26%, AUC: 0.80 - [VAL] Loss: 0.4853, Accuracy: 78.36%, AUC: 0.78
Epoch [80/100] - [TRAIN] Loss: 0.4683, Accuracy: 79.84%, AUC: 0.80 - [VAL] Loss: 0.4856, Accuracy: 78.66%, AUC: 0.79
Epoch [90/100] - [TRAIN] Loss: 0.4687, Accuracy: 80.19%, AUC: 0.80 - [VAL] Loss: 0.4884, Accuracy: 77.74%, AUC: 0.78
Epoch [100/100] - [TRAIN] Loss: 0.4695, Accuracy: 80.02%, AUC: 0.80 - [VAL] Loss: 0.4886, Accuracy: 78.03%, AUC: 0.78
Training finished!
Accuracy Score on test set: 79.21 %
AUC Score on test set: 0.79

Item: H3K27me3-H3K36me3-H3K4me3
Epoch [10/100] - [TRAIN] Loss: 0.5235, Accuracy: 79.07%, AUC: 0.79 - [VAL] Loss: 0.5380, Accuracy: 78.39%, AUC: 0.78
Epoch [20/100] - [TRAIN] Loss: 0.4951, Accuracy: 79.03%, AUC: 0.79 - [VAL] Loss: 0.5165, Accuracy: 78.55%, AUC: 0.79
Epoch [30/100] - [TRAIN] Loss: 0.4885, Accuracy: 79.45%, AUC: 0.79 - [VAL] Loss: 0.5123, Accuracy: 75.71%, AUC: 0.76
Epoch [40/100] - [TRAIN] Loss: 0.4729, Accuracy: 80.02%, AUC: 0.80 - [VAL] Loss: 0.4927, Accuracy: 78.62%, AUC: 0.79
Epoch [50/100] - [TRAIN] Loss: 0.4731, Accuracy: 79.52%, AUC: 0.80 - [VAL] Loss: 0.4895, Accuracy: 78.68%, AUC: 0.79
Epoch [60/100] - [TRAIN] Loss: 0.4698, Accuracy: 79.77%, AUC: 0.80 - [VAL] Loss: 0.4871, Accuracy: 78.46%, AUC: 0.78
Epoch [70/100] - [TRAIN] Loss: 0.4709, Accuracy: 79.93%, AUC: 0.80 - [VAL] Loss: 0.4870, Accuracy: 78.63%, AUC: 0.79
Epoch [80/100] - [TRAIN] Loss: 0.4673, Accuracy: 80.20%, AUC: 0.80 - [VAL] Loss: 0.4846, Accuracy: 78.37%, AUC: 0.78
Epoch [90/100] - [TRAIN] Loss: 0.4658, Accuracy: 80.03%, AUC: 0.80 - [VAL] Loss: 0.4843, Accuracy: 78.63%, AUC: 0.79
Epoch [100/100] - [TRAIN] Loss: 0.4655, Accuracy: 80.09%, AUC: 0.80 - [VAL] Loss: 0.4838, Accuracy: 78.68%, AUC: 0.79
Training finished!
Accuracy Score on test set: 79.47 %
AUC Score on test set: 0.79

Item: H3K4me3-H3K9me3-H3K27me3
Epoch [10/100] - [TRAIN] Loss: 0.5100, Accuracy: 79.24%, AUC: 0.79 - [VAL] Loss: 0.5226, Accuracy: 78.39%, AUC: 0.78
Epoch [20/100] - [TRAIN] Loss: 0.4922, Accuracy: 79.56%, AUC: 0.80 - [VAL] Loss: 0.5002, Accuracy: 78.71%, AUC: 0.79
Epoch [30/100] - [TRAIN] Loss: 0.4830, Accuracy: 79.71%, AUC: 0.80 - [VAL] Loss: 0.4955, Accuracy: 78.05%, AUC: 0.78
Epoch [40/100] - [TRAIN] Loss: 0.4779, Accuracy: 79.93%, AUC: 0.80 - [VAL] Loss: 0.4922, Accuracy: 78.42%, AUC: 0.78
Epoch [50/100] - [TRAIN] Loss: 0.4751, Accuracy: 79.90%, AUC: 0.80 - [VAL] Loss: 0.4925, Accuracy: 78.08%, AUC: 0.78
Epoch [60/100] - [TRAIN] Loss: 0.4792, Accuracy: 80.19%, AUC: 0.80 - [VAL] Loss: 0.4964, Accuracy: 77.39%, AUC: 0.77
Epoch [70/100] - [TRAIN] Loss: 0.4749, Accuracy: 79.68%, AUC: 0.80 - [VAL] Loss: 0.4944, Accuracy: 77.67%, AUC: 0.78
Epoch [80/100] - [TRAIN] Loss: 0.4686, Accuracy: 80.26%, AUC: 0.80 - [VAL] Loss: 0.4912, Accuracy: 78.20%, AUC: 0.78
Epoch [90/100] - [TRAIN] Loss: 0.4714, Accuracy: 80.55%, AUC: 0.81 - [VAL] Loss: 0.4915, Accuracy: 78.10%, AUC: 0.78
Epoch [100/100] - [TRAIN] Loss: 0.4690, Accuracy: 79.90%, AUC: 0.80 - [VAL] Loss: 0.4906, Accuracy: 78.10%, AUC: 0.78
Training finished!
Accuracy Score on test set: 79.78 %
AUC Score on test set: 0.80

Item: H3K4me3-H3K27me3-H3K9me3
Epoch [10/100] - [TRAIN] Loss: 0.5151, Accuracy: 78.78%, AUC: 0.79 - [VAL] Loss: 0.5240, Accuracy: 78.62%, AUC: 0.79
Epoch [20/100] - [TRAIN] Loss: 0.4913, Accuracy: 79.20%, AUC: 0.79 - [VAL] Loss: 0.5067, Accuracy: 78.62%, AUC: 0.79
Epoch [30/100] - [TRAIN] Loss: 0.4838, Accuracy: 79.47%, AUC: 0.79 - [VAL] Loss: 0.4981, Accuracy: 78.29%, AUC: 0.78
Epoch [40/100] - [TRAIN] Loss: 0.4810, Accuracy: 79.71%, AUC: 0.80 - [VAL] Loss: 0.4986, Accuracy: 77.61%, AUC: 0.78
Epoch [50/100] - [TRAIN] Loss: 0.4791, Accuracy: 79.90%, AUC: 0.80 - [VAL] Loss: 0.4963, Accuracy: 77.88%, AUC: 0.78
Epoch [60/100] - [TRAIN] Loss: 0.4772, Accuracy: 80.00%, AUC: 0.80 - [VAL] Loss: 0.4930, Accuracy: 78.14%, AUC: 0.78
Epoch [70/100] - [TRAIN] Loss: 0.4748, Accuracy: 80.02%, AUC: 0.80 - [VAL] Loss: 0.4943, Accuracy: 77.79%, AUC: 0.78
Epoch [80/100] - [TRAIN] Loss: 0.4722, Accuracy: 80.06%, AUC: 0.80 - [VAL] Loss: 0.4923, Accuracy: 77.97%, AUC: 0.78
Epoch [90/100] - [TRAIN] Loss: 0.4710, Accuracy: 80.34%, AUC: 0.80 - [VAL] Loss: 0.4908, Accuracy: 78.19%, AUC: 0.78
Epoch [100/100] - [TRAIN] Loss: 0.4839, Accuracy: 79.96%, AUC: 0.80 - [VAL] Loss: 0.4912, Accuracy: 78.02%, AUC: 0.78
Training finished!
Accuracy Score on test set: 79.62 %
AUC Score on test set: 0.80

Item: H3K9me3-H3K4me3-H3K27me3
Epoch [10/100] - [TRAIN] Loss: 0.5148, Accuracy: 79.16%, AUC: 0.79 - [VAL] Loss: 0.5250, Accuracy: 78.62%, AUC: 0.79
Epoch [20/100] - [TRAIN] Loss: 0.4929, Accuracy: 79.41%, AUC: 0.79 - [VAL] Loss: 0.5112, Accuracy: 78.42%, AUC: 0.78
Epoch [30/100] - [TRAIN] Loss: 0.4825, Accuracy: 79.56%, AUC: 0.80 - [VAL] Loss: 0.4957, Accuracy: 78.52%, AUC: 0.79
Epoch [40/100] - [TRAIN] Loss: 0.4786, Accuracy: 79.91%, AUC: 0.80 - [VAL] Loss: 0.4930, Accuracy: 78.05%, AUC: 0.78
Epoch [50/100] - [TRAIN] Loss: 0.4745, Accuracy: 79.90%, AUC: 0.80 - [VAL] Loss: 0.4948, Accuracy: 77.79%, AUC: 0.78
Epoch [60/100] - [TRAIN] Loss: 0.4723, Accuracy: 80.16%, AUC: 0.80 - [VAL] Loss: 0.4913, Accuracy: 78.14%, AUC: 0.78
Epoch [70/100] - [TRAIN] Loss: 0.4710, Accuracy: 80.23%, AUC: 0.80 - [VAL] Loss: 0.4912, Accuracy: 78.19%, AUC: 0.78
Epoch [80/100] - [TRAIN] Loss: 0.4726, Accuracy: 80.14%, AUC: 0.80 - [VAL] Loss: 0.4908, Accuracy: 78.17%, AUC: 0.78
Epoch [90/100] - [TRAIN] Loss: 0.4681, Accuracy: 80.28%, AUC: 0.80 - [VAL] Loss: 0.4907, Accuracy: 78.11%, AUC: 0.78
Epoch [100/100] - [TRAIN] Loss: 0.4699, Accuracy: 80.23%, AUC: 0.80 - [VAL] Loss: 0.4886, Accuracy: 78.11%, AUC: 0.78
Training finished!
Accuracy Score on test set: 79.49 %
AUC Score on test set: 0.79

Item: H3K9me3-H3K27me3-H3K4me3
Epoch [10/100] - [TRAIN] Loss: 0.5124, Accuracy: 79.36%, AUC: 0.79 - [VAL] Loss: 0.5211, Accuracy: 78.60%, AUC: 0.79
Epoch [20/100] - [TRAIN] Loss: 0.4903, Accuracy: 79.73%, AUC: 0.80 - [VAL] Loss: 0.5002, Accuracy: 78.68%, AUC: 0.79
Epoch [30/100] - [TRAIN] Loss: 0.4825, Accuracy: 79.68%, AUC: 0.80 - [VAL] Loss: 0.4933, Accuracy: 78.74%, AUC: 0.79
Epoch [40/100] - [TRAIN] Loss: 0.4765, Accuracy: 80.14%, AUC: 0.80 - [VAL] Loss: 0.4909, Accuracy: 78.71%, AUC: 0.79
Epoch [50/100] - [TRAIN] Loss: 0.4761, Accuracy: 79.68%, AUC: 0.80 - [VAL] Loss: 0.4901, Accuracy: 78.54%, AUC: 0.79
Epoch [60/100] - [TRAIN] Loss: 0.4739, Accuracy: 79.91%, AUC: 0.80 - [VAL] Loss: 0.4895, Accuracy: 78.58%, AUC: 0.79
Epoch [70/100] - [TRAIN] Loss: 0.4736, Accuracy: 80.29%, AUC: 0.80 - [VAL] Loss: 0.4878, Accuracy: 78.46%, AUC: 0.78
Epoch [80/100] - [TRAIN] Loss: 0.4702, Accuracy: 80.19%, AUC: 0.80 - [VAL] Loss: 0.4875, Accuracy: 78.46%, AUC: 0.78
Epoch [90/100] - [TRAIN] Loss: 0.4675, Accuracy: 80.26%, AUC: 0.80 - [VAL] Loss: 0.4872, Accuracy: 78.55%, AUC: 0.79
Epoch [100/100] - [TRAIN] Loss: 0.4675, Accuracy: 80.12%, AUC: 0.80 - [VAL] Loss: 0.4866, Accuracy: 78.58%, AUC: 0.79
Training finished!
Accuracy Score on test set: 79.73 %
AUC Score on test set: 0.80

Item: H3K27me3-H3K4me3-H3K9me3
Epoch [10/100] - [TRAIN] Loss: 0.5267, Accuracy: 78.77%, AUC: 0.79 - [VAL] Loss: 0.5309, Accuracy: 78.26%, AUC: 0.78
Epoch [20/100] - [TRAIN] Loss: 0.4956, Accuracy: 79.12%, AUC: 0.79 - [VAL] Loss: 0.5044, Accuracy: 78.42%, AUC: 0.78
Epoch [30/100] - [TRAIN] Loss: 0.4864, Accuracy: 79.65%, AUC: 0.80 - [VAL] Loss: 0.4984, Accuracy: 78.48%, AUC: 0.78
Epoch [40/100] - [TRAIN] Loss: 0.4870, Accuracy: 79.88%, AUC: 0.80 - [VAL] Loss: 0.4950, Accuracy: 78.43%, AUC: 0.78
Epoch [50/100] - [TRAIN] Loss: 0.4822, Accuracy: 79.65%, AUC: 0.80 - [VAL] Loss: 0.4954, Accuracy: 78.19%, AUC: 0.78
Epoch [60/100] - [TRAIN] Loss: 0.4747, Accuracy: 79.90%, AUC: 0.80 - [VAL] Loss: 0.4938, Accuracy: 78.20%, AUC: 0.78
Epoch [70/100] - [TRAIN] Loss: 0.4786, Accuracy: 79.77%, AUC: 0.80 - [VAL] Loss: 0.5020, Accuracy: 77.30%, AUC: 0.77
Epoch [80/100] - [TRAIN] Loss: 0.4726, Accuracy: 80.22%, AUC: 0.80 - [VAL] Loss: 0.4915, Accuracy: 78.05%, AUC: 0.78
Epoch [90/100] - [TRAIN] Loss: 0.4689, Accuracy: 80.20%, AUC: 0.80 - [VAL] Loss: 0.4947, Accuracy: 77.99%, AUC: 0.78
Epoch [100/100] - [TRAIN] Loss: 0.4710, Accuracy: 80.28%, AUC: 0.80 - [VAL] Loss: 0.4931, Accuracy: 78.14%, AUC: 0.78
Training finished!
Accuracy Score on test set: 79.50 %
AUC Score on test set: 0.80

Item: H3K27me3-H3K9me3-H3K4me3
Epoch [10/100] - [TRAIN] Loss: 0.5157, Accuracy: 79.53%, AUC: 0.80 - [VAL] Loss: 0.5153, Accuracy: 78.91%, AUC: 0.79
Epoch [20/100] - [TRAIN] Loss: 0.4890, Accuracy: 79.50%, AUC: 0.79 - [VAL] Loss: 0.5016, Accuracy: 78.66%, AUC: 0.79
Epoch [30/100] - [TRAIN] Loss: 0.4844, Accuracy: 79.53%, AUC: 0.80 - [VAL] Loss: 0.4941, Accuracy: 78.66%, AUC: 0.79
Epoch [40/100] - [TRAIN] Loss: 0.4808, Accuracy: 79.82%, AUC: 0.80 - [VAL] Loss: 0.4914, Accuracy: 78.39%, AUC: 0.78
Epoch [50/100] - [TRAIN] Loss: 0.4760, Accuracy: 79.82%, AUC: 0.80 - [VAL] Loss: 0.4908, Accuracy: 78.58%, AUC: 0.79
Epoch [60/100] - [TRAIN] Loss: 0.4709, Accuracy: 79.99%, AUC: 0.80 - [VAL] Loss: 0.4892, Accuracy: 78.36%, AUC: 0.78
Epoch [70/100] - [TRAIN] Loss: 0.4704, Accuracy: 79.99%, AUC: 0.80 - [VAL] Loss: 0.4882, Accuracy: 78.19%, AUC: 0.78
Epoch [80/100] - [TRAIN] Loss: 0.4678, Accuracy: 80.29%, AUC: 0.80 - [VAL] Loss: 0.4873, Accuracy: 78.25%, AUC: 0.78
Epoch [90/100] - [TRAIN] Loss: 0.4679, Accuracy: 80.00%, AUC: 0.80 - [VAL] Loss: 0.4872, Accuracy: 78.39%, AUC: 0.78
Epoch [100/100] - [TRAIN] Loss: 0.4802, Accuracy: 80.16%, AUC: 0.80 - [VAL] Loss: 0.5142, Accuracy: 76.38%, AUC: 0.76
Training finished!
Accuracy Score on test set: 79.79 %
AUC Score on test set: 0.80

Item: H3K4me1-H3K36me3-H3K9me3
Epoch [10/100] - [TRAIN] Loss: 0.5718, Accuracy: 74.96%, AUC: 0.75 - [VAL] Loss: 0.5783, Accuracy: 74.12%, AUC: 0.74
Epoch [20/100] - [TRAIN] Loss: 0.5451, Accuracy: 75.43%, AUC: 0.75 - [VAL] Loss: 0.5626, Accuracy: 74.63%, AUC: 0.75
Epoch [30/100] - [TRAIN] Loss: 0.5284, Accuracy: 76.28%, AUC: 0.76 - [VAL] Loss: 0.5546, Accuracy: 75.28%, AUC: 0.75
Epoch [40/100] - [TRAIN] Loss: 0.5235, Accuracy: 76.27%, AUC: 0.76 - [VAL] Loss: 0.5603, Accuracy: 75.08%, AUC: 0.75
Epoch [50/100] - [TRAIN] Loss: 0.5142, Accuracy: 76.79%, AUC: 0.77 - [VAL] Loss: 0.5453, Accuracy: 75.37%, AUC: 0.75
Epoch [60/100] - [TRAIN] Loss: 0.5080, Accuracy: 77.08%, AUC: 0.77 - [VAL] Loss: 0.5351, Accuracy: 75.82%, AUC: 0.76
Epoch [70/100] - [TRAIN] Loss: 0.5077, Accuracy: 77.14%, AUC: 0.77 - [VAL] Loss: 0.5386, Accuracy: 75.73%, AUC: 0.76
Epoch [80/100] - [TRAIN] Loss: 0.5082, Accuracy: 77.21%, AUC: 0.77 - [VAL] Loss: 0.5290, Accuracy: 75.96%, AUC: 0.76
Epoch [90/100] - [TRAIN] Loss: 0.4995, Accuracy: 77.66%, AUC: 0.78 - [VAL] Loss: 0.5358, Accuracy: 75.96%, AUC: 0.76
Epoch [100/100] - [TRAIN] Loss: 0.5020, Accuracy: 77.91%, AUC: 0.78 - [VAL] Loss: 0.5382, Accuracy: 75.70%, AUC: 0.76
Training finished!
Accuracy Score on test set: 77.68 %
AUC Score on test set: 0.78

Item: H3K4me1-H3K9me3-H3K36me3
Epoch [10/100] - [TRAIN] Loss: 0.5710, Accuracy: 75.37%, AUC: 0.75 - [VAL] Loss: 0.5793, Accuracy: 74.06%, AUC: 0.74
Epoch [20/100] - [TRAIN] Loss: 0.5445, Accuracy: 75.99%, AUC: 0.76 - [VAL] Loss: 0.5688, Accuracy: 74.85%, AUC: 0.75
Epoch [30/100] - [TRAIN] Loss: 0.5291, Accuracy: 76.39%, AUC: 0.76 - [VAL] Loss: 0.5492, Accuracy: 75.25%, AUC: 0.75
Epoch [40/100] - [TRAIN] Loss: 0.5242, Accuracy: 76.63%, AUC: 0.77 - [VAL] Loss: 0.5398, Accuracy: 75.16%, AUC: 0.75
Epoch [50/100] - [TRAIN] Loss: 0.5110, Accuracy: 76.82%, AUC: 0.77 - [VAL] Loss: 0.5406, Accuracy: 75.59%, AUC: 0.76
Epoch [60/100] - [TRAIN] Loss: 0.5079, Accuracy: 76.83%, AUC: 0.77 - [VAL] Loss: 0.5390, Accuracy: 75.53%, AUC: 0.76
Epoch [70/100] - [TRAIN] Loss: 0.5035, Accuracy: 77.12%, AUC: 0.77 - [VAL] Loss: 0.5323, Accuracy: 75.71%, AUC: 0.76
Epoch [80/100] - [TRAIN] Loss: 0.5039, Accuracy: 77.52%, AUC: 0.78 - [VAL] Loss: 0.5358, Accuracy: 75.71%, AUC: 0.76
Epoch [90/100] - [TRAIN] Loss: 0.4992, Accuracy: 77.75%, AUC: 0.78 - [VAL] Loss: 0.5314, Accuracy: 75.86%, AUC: 0.76
Epoch [100/100] - [TRAIN] Loss: 0.4966, Accuracy: 77.49%, AUC: 0.77 - [VAL] Loss: 0.5216, Accuracy: 75.85%, AUC: 0.76
Training finished!
Accuracy Score on test set: 77.29 %
AUC Score on test set: 0.77

Item: H3K36me3-H3K4me1-H3K9me3
Epoch [10/100] - [TRAIN] Loss: 0.5646, Accuracy: 75.31%, AUC: 0.75 - [VAL] Loss: 0.5809, Accuracy: 74.18%, AUC: 0.74
Epoch [20/100] - [TRAIN] Loss: 0.5385, Accuracy: 76.02%, AUC: 0.76 - [VAL] Loss: 0.5643, Accuracy: 74.70%, AUC: 0.75
Epoch [30/100] - [TRAIN] Loss: 0.5284, Accuracy: 76.10%, AUC: 0.76 - [VAL] Loss: 0.5581, Accuracy: 75.07%, AUC: 0.75
Epoch [40/100] - [TRAIN] Loss: 0.5227, Accuracy: 76.65%, AUC: 0.77 - [VAL] Loss: 0.5481, Accuracy: 75.30%, AUC: 0.75
Epoch [50/100] - [TRAIN] Loss: 0.5106, Accuracy: 77.05%, AUC: 0.77 - [VAL] Loss: 0.5463, Accuracy: 75.36%, AUC: 0.75
Epoch [60/100] - [TRAIN] Loss: 0.5058, Accuracy: 77.21%, AUC: 0.77 - [VAL] Loss: 0.5434, Accuracy: 75.39%, AUC: 0.75
Epoch [70/100] - [TRAIN] Loss: 0.5031, Accuracy: 77.66%, AUC: 0.78 - [VAL] Loss: 0.5366, Accuracy: 75.41%, AUC: 0.75
Epoch [80/100] - [TRAIN] Loss: 0.4981, Accuracy: 77.26%, AUC: 0.77 - [VAL] Loss: 0.5288, Accuracy: 75.71%, AUC: 0.76
Epoch [90/100] - [TRAIN] Loss: 0.4960, Accuracy: 77.70%, AUC: 0.78 - [VAL] Loss: 0.5344, Accuracy: 75.68%, AUC: 0.76
Epoch [100/100] - [TRAIN] Loss: 0.4940, Accuracy: 77.75%, AUC: 0.78 - [VAL] Loss: 0.5350, Accuracy: 75.74%, AUC: 0.76
Training finished!
Accuracy Score on test set: 77.64 %
AUC Score on test set: 0.78

Item: H3K36me3-H3K9me3-H3K4me1
Epoch [10/100] - [TRAIN] Loss: 0.5641, Accuracy: 75.80%, AUC: 0.76 - [VAL] Loss: 0.5837, Accuracy: 74.17%, AUC: 0.74
Epoch [20/100] - [TRAIN] Loss: 0.5434, Accuracy: 75.75%, AUC: 0.76 - [VAL] Loss: 0.5636, Accuracy: 74.70%, AUC: 0.75
Epoch [30/100] - [TRAIN] Loss: 0.5307, Accuracy: 76.12%, AUC: 0.76 - [VAL] Loss: 0.5501, Accuracy: 75.24%, AUC: 0.75
Epoch [40/100] - [TRAIN] Loss: 0.5151, Accuracy: 76.92%, AUC: 0.77 - [VAL] Loss: 0.5514, Accuracy: 75.11%, AUC: 0.75
Epoch [50/100] - [TRAIN] Loss: 0.5095, Accuracy: 77.29%, AUC: 0.77 - [VAL] Loss: 0.5379, Accuracy: 75.51%, AUC: 0.76
Epoch [60/100] - [TRAIN] Loss: 0.5047, Accuracy: 77.00%, AUC: 0.77 - [VAL] Loss: 0.5307, Accuracy: 75.77%, AUC: 0.76
Epoch [70/100] - [TRAIN] Loss: 0.5029, Accuracy: 77.58%, AUC: 0.78 - [VAL] Loss: 0.5384, Accuracy: 75.47%, AUC: 0.75
Epoch [80/100] - [TRAIN] Loss: 0.4990, Accuracy: 77.66%, AUC: 0.78 - [VAL] Loss: 0.5286, Accuracy: 75.80%, AUC: 0.76
Epoch [90/100] - [TRAIN] Loss: 0.4911, Accuracy: 77.87%, AUC: 0.78 - [VAL] Loss: 0.5316, Accuracy: 75.60%, AUC: 0.76
Epoch [100/100] - [TRAIN] Loss: 0.4891, Accuracy: 77.95%, AUC: 0.78 - [VAL] Loss: 0.5260, Accuracy: 75.80%, AUC: 0.76
Training finished!
Accuracy Score on test set: 77.79 %
AUC Score on test set: 0.78

Item: H3K9me3-H3K4me1-H3K36me3
Epoch [10/100] - [TRAIN] Loss: 0.5717, Accuracy: 75.19%, AUC: 0.75 - [VAL] Loss: 0.5878, Accuracy: 74.00%, AUC: 0.74
Epoch [20/100] - [TRAIN] Loss: 0.5463, Accuracy: 76.10%, AUC: 0.76 - [VAL] Loss: 0.5716, Accuracy: 74.93%, AUC: 0.75
Epoch [30/100] - [TRAIN] Loss: 0.5377, Accuracy: 76.62%, AUC: 0.77 - [VAL] Loss: 0.5552, Accuracy: 75.28%, AUC: 0.75
Epoch [40/100] - [TRAIN] Loss: 0.5245, Accuracy: 76.41%, AUC: 0.76 - [VAL] Loss: 0.5598, Accuracy: 75.36%, AUC: 0.75
Epoch [50/100] - [TRAIN] Loss: 0.5169, Accuracy: 76.59%, AUC: 0.77 - [VAL] Loss: 0.5513, Accuracy: 75.56%, AUC: 0.76
Epoch [60/100] - [TRAIN] Loss: 0.5148, Accuracy: 76.97%, AUC: 0.77 - [VAL] Loss: 0.5410, Accuracy: 75.74%, AUC: 0.76
Epoch [70/100] - [TRAIN] Loss: 0.5088, Accuracy: 77.35%, AUC: 0.77 - [VAL] Loss: 0.5302, Accuracy: 75.94%, AUC: 0.76
Epoch [80/100] - [TRAIN] Loss: 0.5055, Accuracy: 77.05%, AUC: 0.77 - [VAL] Loss: 0.5334, Accuracy: 75.96%, AUC: 0.76
Epoch [90/100] - [TRAIN] Loss: 0.5037, Accuracy: 77.32%, AUC: 0.77 - [VAL] Loss: 0.5272, Accuracy: 76.11%, AUC: 0.76
Epoch [100/100] - [TRAIN] Loss: 0.5029, Accuracy: 78.08%, AUC: 0.78 - [VAL] Loss: 0.5274, Accuracy: 75.34%, AUC: 0.75
Training finished!
Accuracy Score on test set: 77.50 %
AUC Score on test set: 0.77

Item: H3K9me3-H3K36me3-H3K4me1
Epoch [10/100] - [TRAIN] Loss: 0.5612, Accuracy: 75.43%, AUC: 0.75 - [VAL] Loss: 0.5789, Accuracy: 74.21%, AUC: 0.74
Epoch [20/100] - [TRAIN] Loss: 0.5376, Accuracy: 75.63%, AUC: 0.76 - [VAL] Loss: 0.5686, Accuracy: 74.90%, AUC: 0.75
Epoch [30/100] - [TRAIN] Loss: 0.5278, Accuracy: 76.24%, AUC: 0.76 - [VAL] Loss: 0.5540, Accuracy: 75.25%, AUC: 0.75
Epoch [40/100] - [TRAIN] Loss: 0.5141, Accuracy: 77.00%, AUC: 0.77 - [VAL] Loss: 0.5507, Accuracy: 75.42%, AUC: 0.75
Epoch [50/100] - [TRAIN] Loss: 0.5103, Accuracy: 76.97%, AUC: 0.77 - [VAL] Loss: 0.5476, Accuracy: 75.47%, AUC: 0.75
Epoch [60/100] - [TRAIN] Loss: 0.5052, Accuracy: 77.41%, AUC: 0.77 - [VAL] Loss: 0.5367, Accuracy: 75.70%, AUC: 0.76
Epoch [70/100] - [TRAIN] Loss: 0.5049, Accuracy: 77.12%, AUC: 0.77 - [VAL] Loss: 0.5373, Accuracy: 75.63%, AUC: 0.76
Epoch [80/100] - [TRAIN] Loss: 0.4992, Accuracy: 77.81%, AUC: 0.78 - [VAL] Loss: 0.5425, Accuracy: 75.41%, AUC: 0.75
Epoch [90/100] - [TRAIN] Loss: 0.5022, Accuracy: 77.61%, AUC: 0.78 - [VAL] Loss: 0.5237, Accuracy: 76.08%, AUC: 0.76
Epoch [100/100] - [TRAIN] Loss: 0.4991, Accuracy: 77.75%, AUC: 0.78 - [VAL] Loss: 0.5548, Accuracy: 74.82%, AUC: 0.75
Training finished!
Accuracy Score on test set: 77.48 %
AUC Score on test set: 0.77

Item: H3K4me1-H3K36me3-H3K27me3
Epoch [10/100] - [TRAIN] Loss: 0.5478, Accuracy: 76.70%, AUC: 0.77 - [VAL] Loss: 0.5748, Accuracy: 75.19%, AUC: 0.75
Epoch [20/100] - [TRAIN] Loss: 0.5211, Accuracy: 77.18%, AUC: 0.77 - [VAL] Loss: 0.5405, Accuracy: 76.41%, AUC: 0.76
Epoch [30/100] - [TRAIN] Loss: 0.5075, Accuracy: 77.67%, AUC: 0.78 - [VAL] Loss: 0.5326, Accuracy: 76.34%, AUC: 0.76
Epoch [40/100] - [TRAIN] Loss: 0.4983, Accuracy: 78.11%, AUC: 0.78 - [VAL] Loss: 0.5211, Accuracy: 76.38%, AUC: 0.76
Epoch [50/100] - [TRAIN] Loss: 0.4912, Accuracy: 78.24%, AUC: 0.78 - [VAL] Loss: 0.5216, Accuracy: 76.40%, AUC: 0.76
Epoch [60/100] - [TRAIN] Loss: 0.4899, Accuracy: 78.52%, AUC: 0.79 - [VAL] Loss: 0.5117, Accuracy: 76.78%, AUC: 0.77
Epoch [70/100] - [TRAIN] Loss: 0.4871, Accuracy: 78.49%, AUC: 0.78 - [VAL] Loss: 0.5134, Accuracy: 76.64%, AUC: 0.77
Epoch [80/100] - [TRAIN] Loss: 0.4828, Accuracy: 78.51%, AUC: 0.79 - [VAL] Loss: 0.5134, Accuracy: 76.69%, AUC: 0.77
Epoch [90/100] - [TRAIN] Loss: 0.4777, Accuracy: 79.20%, AUC: 0.79 - [VAL] Loss: 0.5063, Accuracy: 77.09%, AUC: 0.77
Epoch [100/100] - [TRAIN] Loss: 0.4754, Accuracy: 78.98%, AUC: 0.79 - [VAL] Loss: 0.5080, Accuracy: 77.06%, AUC: 0.77
Training finished!
Accuracy Score on test set: 78.51 %
AUC Score on test set: 0.79

Item: H3K4me1-H3K27me3-H3K36me3
Epoch [10/100] - [TRAIN] Loss: 0.5489, Accuracy: 76.04%, AUC: 0.76 - [VAL] Loss: 0.5649, Accuracy: 75.31%, AUC: 0.75
Epoch [20/100] - [TRAIN] Loss: 0.5228, Accuracy: 77.24%, AUC: 0.77 - [VAL] Loss: 0.5493, Accuracy: 76.23%, AUC: 0.76
Epoch [30/100] - [TRAIN] Loss: 0.5075, Accuracy: 77.66%, AUC: 0.78 - [VAL] Loss: 0.5247, Accuracy: 76.84%, AUC: 0.77
Epoch [40/100] - [TRAIN] Loss: 0.5001, Accuracy: 78.42%, AUC: 0.78 - [VAL] Loss: 0.5193, Accuracy: 76.99%, AUC: 0.77
Epoch [50/100] - [TRAIN] Loss: 0.4945, Accuracy: 78.34%, AUC: 0.78 - [VAL] Loss: 0.5141, Accuracy: 76.99%, AUC: 0.77
Epoch [60/100] - [TRAIN] Loss: 0.4931, Accuracy: 78.40%, AUC: 0.78 - [VAL] Loss: 0.5241, Accuracy: 76.83%, AUC: 0.77
Epoch [70/100] - [TRAIN] Loss: 0.4894, Accuracy: 78.65%, AUC: 0.79 - [VAL] Loss: 0.5159, Accuracy: 77.07%, AUC: 0.77
Epoch [80/100] - [TRAIN] Loss: 0.4850, Accuracy: 78.51%, AUC: 0.79 - [VAL] Loss: 0.5229, Accuracy: 76.83%, AUC: 0.77
Epoch [90/100] - [TRAIN] Loss: 0.4795, Accuracy: 79.07%, AUC: 0.79 - [VAL] Loss: 0.5227, Accuracy: 76.93%, AUC: 0.77
Epoch [100/100] - [TRAIN] Loss: 0.4837, Accuracy: 79.68%, AUC: 0.80 - [VAL] Loss: 0.5115, Accuracy: 77.07%, AUC: 0.77
Training finished!
Accuracy Score on test set: 78.46 %
AUC Score on test set: 0.78

Item: H3K36me3-H3K4me1-H3K27me3
Epoch [10/100] - [TRAIN] Loss: 0.5529, Accuracy: 76.22%, AUC: 0.76 - [VAL] Loss: 0.5654, Accuracy: 75.47%, AUC: 0.75
Epoch [20/100] - [TRAIN] Loss: 0.5195, Accuracy: 76.80%, AUC: 0.77 - [VAL] Loss: 0.5464, Accuracy: 76.11%, AUC: 0.76
Epoch [30/100] - [TRAIN] Loss: 0.5079, Accuracy: 77.34%, AUC: 0.77 - [VAL] Loss: 0.5383, Accuracy: 76.32%, AUC: 0.76
Epoch [40/100] - [TRAIN] Loss: 0.5026, Accuracy: 78.36%, AUC: 0.78 - [VAL] Loss: 0.5257, Accuracy: 76.34%, AUC: 0.76
Epoch [50/100] - [TRAIN] Loss: 0.4990, Accuracy: 78.30%, AUC: 0.78 - [VAL] Loss: 0.5241, Accuracy: 76.58%, AUC: 0.77
Epoch [60/100] - [TRAIN] Loss: 0.4940, Accuracy: 78.48%, AUC: 0.78 - [VAL] Loss: 0.5189, Accuracy: 76.63%, AUC: 0.77
Epoch [70/100] - [TRAIN] Loss: 0.4910, Accuracy: 78.46%, AUC: 0.78 - [VAL] Loss: 0.5103, Accuracy: 76.80%, AUC: 0.77
Epoch [80/100] - [TRAIN] Loss: 0.4839, Accuracy: 78.71%, AUC: 0.79 - [VAL] Loss: 0.5177, Accuracy: 76.44%, AUC: 0.76
Epoch [90/100] - [TRAIN] Loss: 0.4824, Accuracy: 78.88%, AUC: 0.79 - [VAL] Loss: 0.5117, Accuracy: 76.72%, AUC: 0.77
Epoch [100/100] - [TRAIN] Loss: 0.4850, Accuracy: 78.84%, AUC: 0.79 - [VAL] Loss: 0.5134, Accuracy: 76.58%, AUC: 0.77
Training finished!
Accuracy Score on test set: 78.63 %
AUC Score on test set: 0.79

Item: H3K36me3-H3K27me3-H3K4me1
Epoch [10/100] - [TRAIN] Loss: 0.5516, Accuracy: 76.27%, AUC: 0.76 - [VAL] Loss: 0.5656, Accuracy: 75.42%, AUC: 0.75
Epoch [20/100] - [TRAIN] Loss: 0.5240, Accuracy: 76.80%, AUC: 0.77 - [VAL] Loss: 0.5499, Accuracy: 76.26%, AUC: 0.76
Epoch [30/100] - [TRAIN] Loss: 0.5138, Accuracy: 77.73%, AUC: 0.78 - [VAL] Loss: 0.5253, Accuracy: 76.64%, AUC: 0.77
Epoch [40/100] - [TRAIN] Loss: 0.5016, Accuracy: 78.45%, AUC: 0.78 - [VAL] Loss: 0.5178, Accuracy: 76.67%, AUC: 0.77
Epoch [50/100] - [TRAIN] Loss: 0.4979, Accuracy: 78.46%, AUC: 0.78 - [VAL] Loss: 0.5172, Accuracy: 77.04%, AUC: 0.77
Epoch [60/100] - [TRAIN] Loss: 0.4865, Accuracy: 78.68%, AUC: 0.79 - [VAL] Loss: 0.5145, Accuracy: 77.10%, AUC: 0.77
Epoch [70/100] - [TRAIN] Loss: 0.4865, Accuracy: 78.62%, AUC: 0.79 - [VAL] Loss: 0.5145, Accuracy: 76.93%, AUC: 0.77
Epoch [80/100] - [TRAIN] Loss: 0.4829, Accuracy: 78.97%, AUC: 0.79 - [VAL] Loss: 0.5166, Accuracy: 77.10%, AUC: 0.77
Epoch [90/100] - [TRAIN] Loss: 0.4792, Accuracy: 79.10%, AUC: 0.79 - [VAL] Loss: 0.5145, Accuracy: 77.12%, AUC: 0.77
Epoch [100/100] - [TRAIN] Loss: 0.4773, Accuracy: 79.56%, AUC: 0.80 - [VAL] Loss: 0.5080, Accuracy: 77.33%, AUC: 0.77
Training finished!
Accuracy Score on test set: 78.62 %
AUC Score on test set: 0.79

Item: H3K27me3-H3K4me1-H3K36me3
Epoch [10/100] - [TRAIN] Loss: 0.5428, Accuracy: 77.12%, AUC: 0.77 - [VAL] Loss: 0.5531, Accuracy: 75.74%, AUC: 0.76
Epoch [20/100] - [TRAIN] Loss: 0.5202, Accuracy: 77.66%, AUC: 0.78 - [VAL] Loss: 0.5535, Accuracy: 76.09%, AUC: 0.76
Epoch [30/100] - [TRAIN] Loss: 0.5083, Accuracy: 78.16%, AUC: 0.78 - [VAL] Loss: 0.5405, Accuracy: 76.37%, AUC: 0.76
Epoch [40/100] - [TRAIN] Loss: 0.4988, Accuracy: 78.20%, AUC: 0.78 - [VAL] Loss: 0.5221, Accuracy: 76.64%, AUC: 0.77
Epoch [50/100] - [TRAIN] Loss: 0.4942, Accuracy: 78.59%, AUC: 0.79 - [VAL] Loss: 0.5196, Accuracy: 76.77%, AUC: 0.77
Epoch [60/100] - [TRAIN] Loss: 0.4889, Accuracy: 78.52%, AUC: 0.79 - [VAL] Loss: 0.5177, Accuracy: 76.77%, AUC: 0.77
Epoch [70/100] - [TRAIN] Loss: 0.4845, Accuracy: 78.88%, AUC: 0.79 - [VAL] Loss: 0.5157, Accuracy: 76.84%, AUC: 0.77
Epoch [80/100] - [TRAIN] Loss: 0.4851, Accuracy: 78.75%, AUC: 0.79 - [VAL] Loss: 0.5106, Accuracy: 76.99%, AUC: 0.77
Epoch [90/100] - [TRAIN] Loss: 0.4917, Accuracy: 78.97%, AUC: 0.79 - [VAL] Loss: 0.5039, Accuracy: 77.25%, AUC: 0.77
Epoch [100/100] - [TRAIN] Loss: 0.4850, Accuracy: 79.53%, AUC: 0.80 - [VAL] Loss: 0.5027, Accuracy: 77.18%, AUC: 0.77
Training finished!
Accuracy Score on test set: 78.48 %
AUC Score on test set: 0.78

Item: H3K27me3-H3K36me3-H3K4me1
Epoch [10/100] - [TRAIN] Loss: 0.5401, Accuracy: 76.91%, AUC: 0.77 - [VAL] Loss: 0.5537, Accuracy: 75.85%, AUC: 0.76
Epoch [20/100] - [TRAIN] Loss: 0.5159, Accuracy: 77.47%, AUC: 0.77 - [VAL] Loss: 0.5491, Accuracy: 76.41%, AUC: 0.76
Epoch [30/100] - [TRAIN] Loss: 0.5067, Accuracy: 77.95%, AUC: 0.78 - [VAL] Loss: 0.5324, Accuracy: 76.54%, AUC: 0.77
Epoch [40/100] - [TRAIN] Loss: 0.5034, Accuracy: 78.40%, AUC: 0.78 - [VAL] Loss: 0.5256, Accuracy: 76.55%, AUC: 0.77
Epoch [50/100] - [TRAIN] Loss: 0.4966, Accuracy: 78.33%, AUC: 0.78 - [VAL] Loss: 0.5162, Accuracy: 76.90%, AUC: 0.77
Epoch [60/100] - [TRAIN] Loss: 0.4879, Accuracy: 78.51%, AUC: 0.79 - [VAL] Loss: 0.5146, Accuracy: 76.90%, AUC: 0.77
Epoch [70/100] - [TRAIN] Loss: 0.5000, Accuracy: 78.74%, AUC: 0.79 - [VAL] Loss: 0.5065, Accuracy: 76.90%, AUC: 0.77
Epoch [80/100] - [TRAIN] Loss: 0.4852, Accuracy: 79.06%, AUC: 0.79 - [VAL] Loss: 0.5099, Accuracy: 77.13%, AUC: 0.77
Epoch [90/100] - [TRAIN] Loss: 0.4803, Accuracy: 78.95%, AUC: 0.79 - [VAL] Loss: 0.5052, Accuracy: 77.25%, AUC: 0.77
Epoch [100/100] - [TRAIN] Loss: 0.4788, Accuracy: 79.30%, AUC: 0.79 - [VAL] Loss: 0.5076, Accuracy: 77.13%, AUC: 0.77
Training finished!
Accuracy Score on test set: 78.55 %
AUC Score on test set: 0.79

Item: H3K4me1-H3K9me3-H3K27me3
Epoch [10/100] - [TRAIN] Loss: 0.5620, Accuracy: 75.78%, AUC: 0.76 - [VAL] Loss: 0.5777, Accuracy: 75.54%, AUC: 0.76
Epoch [20/100] - [TRAIN] Loss: 0.5254, Accuracy: 77.18%, AUC: 0.77 - [VAL] Loss: 0.5482, Accuracy: 76.49%, AUC: 0.76
Epoch [30/100] - [TRAIN] Loss: 0.5148, Accuracy: 77.90%, AUC: 0.78 - [VAL] Loss: 0.5414, Accuracy: 76.61%, AUC: 0.77
Epoch [40/100] - [TRAIN] Loss: 0.5049, Accuracy: 78.36%, AUC: 0.78 - [VAL] Loss: 0.5272, Accuracy: 76.80%, AUC: 0.77
Epoch [50/100] - [TRAIN] Loss: 0.5025, Accuracy: 78.31%, AUC: 0.78 - [VAL] Loss: 0.5274, Accuracy: 76.58%, AUC: 0.77
Epoch [60/100] - [TRAIN] Loss: 0.4953, Accuracy: 78.95%, AUC: 0.79 - [VAL] Loss: 0.5241, Accuracy: 76.63%, AUC: 0.77
Epoch [70/100] - [TRAIN] Loss: 0.4915, Accuracy: 78.60%, AUC: 0.79 - [VAL] Loss: 0.5144, Accuracy: 76.66%, AUC: 0.77
Epoch [80/100] - [TRAIN] Loss: 0.4898, Accuracy: 78.66%, AUC: 0.79 - [VAL] Loss: 0.5157, Accuracy: 76.61%, AUC: 0.77
Epoch [90/100] - [TRAIN] Loss: 0.4937, Accuracy: 78.49%, AUC: 0.78 - [VAL] Loss: 0.5139, Accuracy: 76.63%, AUC: 0.77
Epoch [100/100] - [TRAIN] Loss: 0.4823, Accuracy: 79.06%, AUC: 0.79 - [VAL] Loss: 0.5137, Accuracy: 76.57%, AUC: 0.77
Training finished!
Accuracy Score on test set: 77.99 %
AUC Score on test set: 0.78

Item: H3K4me1-H3K27me3-H3K9me3
Epoch [10/100] - [TRAIN] Loss: 0.5439, Accuracy: 76.68%, AUC: 0.77 - [VAL] Loss: 0.5583, Accuracy: 76.06%, AUC: 0.76
Epoch [20/100] - [TRAIN] Loss: 0.5289, Accuracy: 77.26%, AUC: 0.77 - [VAL] Loss: 0.5445, Accuracy: 76.38%, AUC: 0.76
Epoch [30/100] - [TRAIN] Loss: 0.5172, Accuracy: 77.79%, AUC: 0.78 - [VAL] Loss: 0.5380, Accuracy: 76.43%, AUC: 0.76
Epoch [40/100] - [TRAIN] Loss: 0.5078, Accuracy: 78.04%, AUC: 0.78 - [VAL] Loss: 0.5292, Accuracy: 76.60%, AUC: 0.77
Epoch [50/100] - [TRAIN] Loss: 0.4990, Accuracy: 78.02%, AUC: 0.78 - [VAL] Loss: 0.5255, Accuracy: 76.66%, AUC: 0.77
Epoch [60/100] - [TRAIN] Loss: 0.4953, Accuracy: 78.30%, AUC: 0.78 - [VAL] Loss: 0.5191, Accuracy: 76.80%, AUC: 0.77
Epoch [70/100] - [TRAIN] Loss: 0.4955, Accuracy: 78.27%, AUC: 0.78 - [VAL] Loss: 0.5210, Accuracy: 76.63%, AUC: 0.77
Epoch [80/100] - [TRAIN] Loss: 0.4932, Accuracy: 78.54%, AUC: 0.79 - [VAL] Loss: 0.5181, Accuracy: 76.73%, AUC: 0.77
Epoch [90/100] - [TRAIN] Loss: 0.4866, Accuracy: 79.00%, AUC: 0.79 - [VAL] Loss: 0.5137, Accuracy: 76.77%, AUC: 0.77
Epoch [100/100] - [TRAIN] Loss: 0.4822, Accuracy: 79.23%, AUC: 0.79 - [VAL] Loss: 0.5128, Accuracy: 76.80%, AUC: 0.77
Training finished!
Accuracy Score on test set: 77.94 %
AUC Score on test set: 0.78

Item: H3K9me3-H3K4me1-H3K27me3
Epoch [10/100] - [TRAIN] Loss: 0.5426, Accuracy: 77.11%, AUC: 0.77 - [VAL] Loss: 0.5657, Accuracy: 75.70%, AUC: 0.76
Epoch [20/100] - [TRAIN] Loss: 0.5216, Accuracy: 77.58%, AUC: 0.78 - [VAL] Loss: 0.5455, Accuracy: 76.49%, AUC: 0.76
Epoch [30/100] - [TRAIN] Loss: 0.5061, Accuracy: 77.58%, AUC: 0.78 - [VAL] Loss: 0.5315, Accuracy: 76.55%, AUC: 0.77
Epoch [40/100] - [TRAIN] Loss: 0.5055, Accuracy: 78.20%, AUC: 0.78 - [VAL] Loss: 0.5327, Accuracy: 76.70%, AUC: 0.77
Epoch [50/100] - [TRAIN] Loss: 0.5007, Accuracy: 78.57%, AUC: 0.79 - [VAL] Loss: 0.5228, Accuracy: 76.77%, AUC: 0.77
Epoch [60/100] - [TRAIN] Loss: 0.5003, Accuracy: 78.25%, AUC: 0.78 - [VAL] Loss: 0.5317, Accuracy: 76.34%, AUC: 0.76
Epoch [70/100] - [TRAIN] Loss: 0.4985, Accuracy: 78.39%, AUC: 0.78 - [VAL] Loss: 0.5216, Accuracy: 76.49%, AUC: 0.76
Epoch [80/100] - [TRAIN] Loss: 0.4909, Accuracy: 78.75%, AUC: 0.79 - [VAL] Loss: 0.5201, Accuracy: 76.55%, AUC: 0.77
Epoch [90/100] - [TRAIN] Loss: 0.4867, Accuracy: 78.24%, AUC: 0.78 - [VAL] Loss: 0.5190, Accuracy: 76.60%, AUC: 0.77
Epoch [100/100] - [TRAIN] Loss: 0.4847, Accuracy: 78.66%, AUC: 0.79 - [VAL] Loss: 0.5150, Accuracy: 76.77%, AUC: 0.77
Training finished!
Accuracy Score on test set: 77.88 %
AUC Score on test set: 0.78

Item: H3K9me3-H3K27me3-H3K4me1
Epoch [10/100] - [TRAIN] Loss: 0.5486, Accuracy: 76.22%, AUC: 0.76 - [VAL] Loss: 0.5529, Accuracy: 75.66%, AUC: 0.76
Epoch [20/100] - [TRAIN] Loss: 0.5234, Accuracy: 76.97%, AUC: 0.77 - [VAL] Loss: 0.5413, Accuracy: 76.14%, AUC: 0.76
Epoch [30/100] - [TRAIN] Loss: 0.5097, Accuracy: 77.59%, AUC: 0.78 - [VAL] Loss: 0.5327, Accuracy: 76.31%, AUC: 0.76
Epoch [40/100] - [TRAIN] Loss: 0.5052, Accuracy: 77.75%, AUC: 0.78 - [VAL] Loss: 0.5255, Accuracy: 76.37%, AUC: 0.76
Epoch [50/100] - [TRAIN] Loss: 0.4992, Accuracy: 78.42%, AUC: 0.78 - [VAL] Loss: 0.5239, Accuracy: 76.61%, AUC: 0.77
Epoch [60/100] - [TRAIN] Loss: 0.4961, Accuracy: 78.37%, AUC: 0.78 - [VAL] Loss: 0.5204, Accuracy: 76.44%, AUC: 0.76
Epoch [70/100] - [TRAIN] Loss: 0.4925, Accuracy: 78.39%, AUC: 0.78 - [VAL] Loss: 0.5204, Accuracy: 76.57%, AUC: 0.77
Epoch [80/100] - [TRAIN] Loss: 0.4887, Accuracy: 78.25%, AUC: 0.78 - [VAL] Loss: 0.5155, Accuracy: 76.55%, AUC: 0.77
Epoch [90/100] - [TRAIN] Loss: 0.4841, Accuracy: 78.86%, AUC: 0.79 - [VAL] Loss: 0.5172, Accuracy: 76.46%, AUC: 0.76
Epoch [100/100] - [TRAIN] Loss: 0.4833, Accuracy: 78.83%, AUC: 0.79 - [VAL] Loss: 0.5123, Accuracy: 76.63%, AUC: 0.77
Training finished!
Accuracy Score on test set: 78.11 %
AUC Score on test set: 0.78

Item: H3K27me3-H3K4me1-H3K9me3
Epoch [10/100] - [TRAIN] Loss: 0.5446, Accuracy: 76.97%, AUC: 0.77 - [VAL] Loss: 0.5648, Accuracy: 75.68%, AUC: 0.76
Epoch [20/100] - [TRAIN] Loss: 0.5249, Accuracy: 77.08%, AUC: 0.77 - [VAL] Loss: 0.5578, Accuracy: 76.18%, AUC: 0.76
Epoch [30/100] - [TRAIN] Loss: 0.5143, Accuracy: 77.37%, AUC: 0.77 - [VAL] Loss: 0.5395, Accuracy: 76.17%, AUC: 0.76
Epoch [40/100] - [TRAIN] Loss: 0.5082, Accuracy: 77.69%, AUC: 0.78 - [VAL] Loss: 0.5333, Accuracy: 76.09%, AUC: 0.76
Epoch [50/100] - [TRAIN] Loss: 0.5041, Accuracy: 78.20%, AUC: 0.78 - [VAL] Loss: 0.5290, Accuracy: 76.48%, AUC: 0.76
Epoch [60/100] - [TRAIN] Loss: 0.5003, Accuracy: 78.08%, AUC: 0.78 - [VAL] Loss: 0.5299, Accuracy: 76.35%, AUC: 0.76
Epoch [70/100] - [TRAIN] Loss: 0.4902, Accuracy: 78.34%, AUC: 0.78 - [VAL] Loss: 0.5204, Accuracy: 76.58%, AUC: 0.77
Epoch [80/100] - [TRAIN] Loss: 0.4967, Accuracy: 78.65%, AUC: 0.79 - [VAL] Loss: 0.5185, Accuracy: 76.48%, AUC: 0.76
Epoch [90/100] - [TRAIN] Loss: 0.4993, Accuracy: 78.94%, AUC: 0.79 - [VAL] Loss: 0.5118, Accuracy: 76.66%, AUC: 0.77
Epoch [100/100] - [TRAIN] Loss: 0.4858, Accuracy: 79.23%, AUC: 0.79 - [VAL] Loss: 0.5177, Accuracy: 76.66%, AUC: 0.77
Training finished!
Accuracy Score on test set: 77.88 %
AUC Score on test set: 0.78

Item: H3K27me3-H3K9me3-H3K4me1
Epoch [10/100] - [TRAIN] Loss: 0.5487, Accuracy: 75.74%, AUC: 0.76 - [VAL] Loss: 0.5663, Accuracy: 75.31%, AUC: 0.75
Epoch [20/100] - [TRAIN] Loss: 0.5324, Accuracy: 76.48%, AUC: 0.76 - [VAL] Loss: 0.5487, Accuracy: 76.29%, AUC: 0.76
Epoch [30/100] - [TRAIN] Loss: 0.5100, Accuracy: 77.85%, AUC: 0.78 - [VAL] Loss: 0.5329, Accuracy: 76.63%, AUC: 0.77
Epoch [40/100] - [TRAIN] Loss: 0.5091, Accuracy: 78.05%, AUC: 0.78 - [VAL] Loss: 0.5205, Accuracy: 76.72%, AUC: 0.77
Epoch [50/100] - [TRAIN] Loss: 0.4998, Accuracy: 78.36%, AUC: 0.78 - [VAL] Loss: 0.5193, Accuracy: 76.84%, AUC: 0.77
Epoch [60/100] - [TRAIN] Loss: 0.4907, Accuracy: 79.13%, AUC: 0.79 - [VAL] Loss: 0.5148, Accuracy: 76.98%, AUC: 0.77
Epoch [70/100] - [TRAIN] Loss: 0.4905, Accuracy: 78.46%, AUC: 0.78 - [VAL] Loss: 0.5153, Accuracy: 76.90%, AUC: 0.77
Epoch [80/100] - [TRAIN] Loss: 0.4894, Accuracy: 78.74%, AUC: 0.79 - [VAL] Loss: 0.5154, Accuracy: 76.89%, AUC: 0.77
Epoch [90/100] - [TRAIN] Loss: 0.4871, Accuracy: 78.63%, AUC: 0.79 - [VAL] Loss: 0.5114, Accuracy: 76.90%, AUC: 0.77
Epoch [100/100] - [TRAIN] Loss: 0.4832, Accuracy: 78.66%, AUC: 0.79 - [VAL] Loss: 0.5104, Accuracy: 76.87%, AUC: 0.77
Training finished!
Accuracy Score on test set: 78.02 %
AUC Score on test set: 0.78

Item: H3K36me3-H3K9me3-H3K27me3
Epoch [10/100] - [TRAIN] Loss: 0.6153, Accuracy: 67.44%, AUC: 0.67 - [VAL] Loss: 0.6099, Accuracy: 67.00%, AUC: 0.67
Epoch [20/100] - [TRAIN] Loss: 0.5911, Accuracy: 67.99%, AUC: 0.68 - [VAL] Loss: 0.5908, Accuracy: 67.84%, AUC: 0.68
Epoch [30/100] - [TRAIN] Loss: 0.5845, Accuracy: 68.92%, AUC: 0.69 - [VAL] Loss: 0.5869, Accuracy: 68.30%, AUC: 0.68
Epoch [40/100] - [TRAIN] Loss: 0.5827, Accuracy: 68.27%, AUC: 0.68 - [VAL] Loss: 0.5839, Accuracy: 68.59%, AUC: 0.69
Epoch [50/100] - [TRAIN] Loss: 0.5815, Accuracy: 68.72%, AUC: 0.69 - [VAL] Loss: 0.5810, Accuracy: 68.94%, AUC: 0.69
Epoch [60/100] - [TRAIN] Loss: 0.5762, Accuracy: 69.18%, AUC: 0.69 - [VAL] Loss: 0.5790, Accuracy: 69.02%, AUC: 0.69
Epoch [70/100] - [TRAIN] Loss: 0.5717, Accuracy: 69.43%, AUC: 0.69 - [VAL] Loss: 0.5767, Accuracy: 69.15%, AUC: 0.69
Epoch [80/100] - [TRAIN] Loss: 0.5717, Accuracy: 69.44%, AUC: 0.69 - [VAL] Loss: 0.5751, Accuracy: 69.28%, AUC: 0.69
Epoch [90/100] - [TRAIN] Loss: 0.5688, Accuracy: 70.28%, AUC: 0.70 - [VAL] Loss: 0.5736, Accuracy: 69.28%, AUC: 0.69
Epoch [100/100] - [TRAIN] Loss: 0.5664, Accuracy: 69.56%, AUC: 0.70 - [VAL] Loss: 0.5722, Accuracy: 69.37%, AUC: 0.69
Training finished!
Accuracy Score on test set: 70.10 %
AUC Score on test set: 0.70

Item: H3K36me3-H3K27me3-H3K9me3
Epoch [10/100] - [TRAIN] Loss: 0.5972, Accuracy: 68.60%, AUC: 0.69 - [VAL] Loss: 0.5958, Accuracy: 68.50%, AUC: 0.68
Epoch [20/100] - [TRAIN] Loss: 0.5917, Accuracy: 69.01%, AUC: 0.69 - [VAL] Loss: 0.5869, Accuracy: 68.60%, AUC: 0.69
Epoch [30/100] - [TRAIN] Loss: 0.5788, Accuracy: 69.43%, AUC: 0.69 - [VAL] Loss: 0.5834, Accuracy: 68.91%, AUC: 0.69
Epoch [40/100] - [TRAIN] Loss: 0.5783, Accuracy: 69.17%, AUC: 0.69 - [VAL] Loss: 0.5809, Accuracy: 68.62%, AUC: 0.69
Epoch [50/100] - [TRAIN] Loss: 0.5753, Accuracy: 69.27%, AUC: 0.69 - [VAL] Loss: 0.5783, Accuracy: 68.85%, AUC: 0.69
Epoch [60/100] - [TRAIN] Loss: 0.5740, Accuracy: 69.58%, AUC: 0.70 - [VAL] Loss: 0.5757, Accuracy: 68.97%, AUC: 0.69
Epoch [70/100] - [TRAIN] Loss: 0.5669, Accuracy: 69.76%, AUC: 0.70 - [VAL] Loss: 0.5743, Accuracy: 69.15%, AUC: 0.69
Epoch [80/100] - [TRAIN] Loss: 0.5674, Accuracy: 69.04%, AUC: 0.69 - [VAL] Loss: 0.5719, Accuracy: 69.15%, AUC: 0.69
Epoch [90/100] - [TRAIN] Loss: 0.5633, Accuracy: 70.37%, AUC: 0.70 - [VAL] Loss: 0.5706, Accuracy: 69.24%, AUC: 0.69
Epoch [100/100] - [TRAIN] Loss: 0.5604, Accuracy: 70.22%, AUC: 0.70 - [VAL] Loss: 0.5694, Accuracy: 69.31%, AUC: 0.69
Training finished!
Accuracy Score on test set: 70.18 %
AUC Score on test set: 0.70

Item: H3K9me3-H3K36me3-H3K27me3
Epoch [10/100] - [TRAIN] Loss: 0.6026, Accuracy: 67.76%, AUC: 0.68 - [VAL] Loss: 0.5991, Accuracy: 67.17%, AUC: 0.67
Epoch [20/100] - [TRAIN] Loss: 0.5890, Accuracy: 68.53%, AUC: 0.69 - [VAL] Loss: 0.5884, Accuracy: 68.47%, AUC: 0.68
Epoch [30/100] - [TRAIN] Loss: 0.5802, Accuracy: 69.15%, AUC: 0.69 - [VAL] Loss: 0.5842, Accuracy: 68.51%, AUC: 0.69
Epoch [40/100] - [TRAIN] Loss: 0.5797, Accuracy: 69.49%, AUC: 0.69 - [VAL] Loss: 0.5805, Accuracy: 68.66%, AUC: 0.69
Epoch [50/100] - [TRAIN] Loss: 0.5804, Accuracy: 69.01%, AUC: 0.69 - [VAL] Loss: 0.5787, Accuracy: 68.71%, AUC: 0.69
Epoch [60/100] - [TRAIN] Loss: 0.5724, Accuracy: 69.11%, AUC: 0.69 - [VAL] Loss: 0.5755, Accuracy: 69.09%, AUC: 0.69
Epoch [70/100] - [TRAIN] Loss: 0.5732, Accuracy: 69.41%, AUC: 0.69 - [VAL] Loss: 0.5735, Accuracy: 69.17%, AUC: 0.69
Epoch [80/100] - [TRAIN] Loss: 0.5663, Accuracy: 68.89%, AUC: 0.69 - [VAL] Loss: 0.5718, Accuracy: 69.20%, AUC: 0.69
Epoch [90/100] - [TRAIN] Loss: 0.5635, Accuracy: 69.71%, AUC: 0.70 - [VAL] Loss: 0.5704, Accuracy: 69.34%, AUC: 0.69
Epoch [100/100] - [TRAIN] Loss: 0.5648, Accuracy: 69.07%, AUC: 0.69 - [VAL] Loss: 0.5695, Accuracy: 69.18%, AUC: 0.69
Training finished!
Accuracy Score on test set: 70.07 %
AUC Score on test set: 0.70

Item: H3K9me3-H3K27me3-H3K36me3
Epoch [10/100] - [TRAIN] Loss: 0.6041, Accuracy: 67.50%, AUC: 0.68 - [VAL] Loss: 0.6008, Accuracy: 67.30%, AUC: 0.67
Epoch [20/100] - [TRAIN] Loss: 0.5895, Accuracy: 68.63%, AUC: 0.69 - [VAL] Loss: 0.5899, Accuracy: 67.98%, AUC: 0.68
Epoch [30/100] - [TRAIN] Loss: 0.5853, Accuracy: 69.06%, AUC: 0.69 - [VAL] Loss: 0.5867, Accuracy: 68.05%, AUC: 0.68
Epoch [40/100] - [TRAIN] Loss: 0.5788, Accuracy: 68.53%, AUC: 0.69 - [VAL] Loss: 0.5838, Accuracy: 68.39%, AUC: 0.68
Epoch [50/100] - [TRAIN] Loss: 0.5779, Accuracy: 69.38%, AUC: 0.69 - [VAL] Loss: 0.5819, Accuracy: 68.59%, AUC: 0.69
Epoch [60/100] - [TRAIN] Loss: 0.5759, Accuracy: 69.06%, AUC: 0.69 - [VAL] Loss: 0.5796, Accuracy: 68.79%, AUC: 0.69
Epoch [70/100] - [TRAIN] Loss: 0.5735, Accuracy: 69.59%, AUC: 0.70 - [VAL] Loss: 0.5777, Accuracy: 68.86%, AUC: 0.69
Epoch [80/100] - [TRAIN] Loss: 0.5715, Accuracy: 69.90%, AUC: 0.70 - [VAL] Loss: 0.5760, Accuracy: 68.99%, AUC: 0.69
Epoch [90/100] - [TRAIN] Loss: 0.5706, Accuracy: 69.75%, AUC: 0.70 - [VAL] Loss: 0.5744, Accuracy: 69.03%, AUC: 0.69
Epoch [100/100] - [TRAIN] Loss: 0.5667, Accuracy: 69.71%, AUC: 0.70 - [VAL] Loss: 0.5731, Accuracy: 69.11%, AUC: 0.69
Training finished!
Accuracy Score on test set: 70.09 %
AUC Score on test set: 0.70

Item: H3K27me3-H3K36me3-H3K9me3
Epoch [10/100] - [TRAIN] Loss: 0.6109, Accuracy: 68.01%, AUC: 0.68 - [VAL] Loss: 0.6068, Accuracy: 67.55%, AUC: 0.68
Epoch [20/100] - [TRAIN] Loss: 0.5894, Accuracy: 68.43%, AUC: 0.68 - [VAL] Loss: 0.5916, Accuracy: 68.17%, AUC: 0.68
Epoch [30/100] - [TRAIN] Loss: 0.5814, Accuracy: 69.15%, AUC: 0.69 - [VAL] Loss: 0.5869, Accuracy: 68.50%, AUC: 0.68
Epoch [40/100] - [TRAIN] Loss: 0.5771, Accuracy: 69.11%, AUC: 0.69 - [VAL] Loss: 0.5840, Accuracy: 68.51%, AUC: 0.69
Epoch [50/100] - [TRAIN] Loss: 0.5829, Accuracy: 68.36%, AUC: 0.68 - [VAL] Loss: 0.5806, Accuracy: 68.80%, AUC: 0.69
Epoch [60/100] - [TRAIN] Loss: 0.5743, Accuracy: 68.97%, AUC: 0.69 - [VAL] Loss: 0.5791, Accuracy: 68.97%, AUC: 0.69
Epoch [70/100] - [TRAIN] Loss: 0.5745, Accuracy: 68.98%, AUC: 0.69 - [VAL] Loss: 0.5764, Accuracy: 69.02%, AUC: 0.69
Epoch [80/100] - [TRAIN] Loss: 0.5672, Accuracy: 69.62%, AUC: 0.70 - [VAL] Loss: 0.5751, Accuracy: 69.14%, AUC: 0.69
Epoch [90/100] - [TRAIN] Loss: 0.5680, Accuracy: 69.91%, AUC: 0.70 - [VAL] Loss: 0.5733, Accuracy: 69.09%, AUC: 0.69
Epoch [100/100] - [TRAIN] Loss: 0.5674, Accuracy: 69.94%, AUC: 0.70 - [VAL] Loss: 0.5720, Accuracy: 69.31%, AUC: 0.69
Training finished!
Accuracy Score on test set: 69.95 %
AUC Score on test set: 0.70

Item: H3K27me3-H3K9me3-H3K36me3
Epoch [10/100] - [TRAIN] Loss: 0.6015, Accuracy: 68.54%, AUC: 0.69 - [VAL] Loss: 0.5979, Accuracy: 68.57%, AUC: 0.69
Epoch [20/100] - [TRAIN] Loss: 0.5889, Accuracy: 69.35%, AUC: 0.69 - [VAL] Loss: 0.5888, Accuracy: 69.02%, AUC: 0.69
Epoch [30/100] - [TRAIN] Loss: 0.5865, Accuracy: 68.75%, AUC: 0.69 - [VAL] Loss: 0.5856, Accuracy: 68.94%, AUC: 0.69
Epoch [40/100] - [TRAIN] Loss: 0.5791, Accuracy: 68.39%, AUC: 0.68 - [VAL] Loss: 0.5830, Accuracy: 69.06%, AUC: 0.69
Epoch [50/100] - [TRAIN] Loss: 0.5801, Accuracy: 69.09%, AUC: 0.69 - [VAL] Loss: 0.5802, Accuracy: 69.12%, AUC: 0.69
Epoch [60/100] - [TRAIN] Loss: 0.5765, Accuracy: 70.28%, AUC: 0.70 - [VAL] Loss: 0.5780, Accuracy: 69.00%, AUC: 0.69
Epoch [70/100] - [TRAIN] Loss: 0.5724, Accuracy: 69.81%, AUC: 0.70 - [VAL] Loss: 0.5759, Accuracy: 69.11%, AUC: 0.69
Epoch [80/100] - [TRAIN] Loss: 0.5709, Accuracy: 69.49%, AUC: 0.69 - [VAL] Loss: 0.5738, Accuracy: 69.09%, AUC: 0.69
Epoch [90/100] - [TRAIN] Loss: 0.5670, Accuracy: 69.78%, AUC: 0.70 - [VAL] Loss: 0.5723, Accuracy: 69.18%, AUC: 0.69
Epoch [100/100] - [TRAIN] Loss: 0.5659, Accuracy: 69.87%, AUC: 0.70 - [VAL] Loss: 0.5709, Accuracy: 69.28%, AUC: 0.69
Training finished!
Accuracy Score on test set: 70.09 %
AUC Score on test set: 0.70

Item: H3K4me3-H3K4me1-H3K36me3-H3K9me3
Epoch [10/100] - [TRAIN] Loss: 0.5187, Accuracy: 79.61%, AUC: 0.80 - [VAL] Loss: 0.5397, Accuracy: 78.34%, AUC: 0.78
Epoch [20/100] - [TRAIN] Loss: 0.4848, Accuracy: 79.96%, AUC: 0.80 - [VAL] Loss: 0.5238, Accuracy: 78.42%, AUC: 0.78
Epoch [30/100] - [TRAIN] Loss: 0.4726, Accuracy: 80.25%, AUC: 0.80 - [VAL] Loss: 0.5059, Accuracy: 78.71%, AUC: 0.79
Epoch [40/100] - [TRAIN] Loss: 0.4704, Accuracy: 80.25%, AUC: 0.80 - [VAL] Loss: 0.5072, Accuracy: 78.14%, AUC: 0.78
Epoch [50/100] - [TRAIN] Loss: 0.4576, Accuracy: 80.46%, AUC: 0.80 - [VAL] Loss: 0.4864, Accuracy: 78.74%, AUC: 0.79
Epoch [60/100] - [TRAIN] Loss: 0.4546, Accuracy: 80.46%, AUC: 0.80 - [VAL] Loss: 0.4891, Accuracy: 78.71%, AUC: 0.79
Epoch [70/100] - [TRAIN] Loss: 0.4577, Accuracy: 80.66%, AUC: 0.81 - [VAL] Loss: 0.4814, Accuracy: 78.74%, AUC: 0.79
Epoch [80/100] - [TRAIN] Loss: 0.4496, Accuracy: 80.89%, AUC: 0.81 - [VAL] Loss: 0.4802, Accuracy: 78.74%, AUC: 0.79
Epoch [90/100] - [TRAIN] Loss: 0.4467, Accuracy: 81.07%, AUC: 0.81 - [VAL] Loss: 0.4772, Accuracy: 78.87%, AUC: 0.79
Epoch [100/100] - [TRAIN] Loss: 0.4433, Accuracy: 80.93%, AUC: 0.81 - [VAL] Loss: 0.4753, Accuracy: 79.18%, AUC: 0.79
Training finished!
Accuracy Score on test set: 80.76 %
AUC Score on test set: 0.81

Item: H3K4me3-H3K4me1-H3K9me3-H3K36me3
Epoch [10/100] - [TRAIN] Loss: 0.5282, Accuracy: 79.15%, AUC: 0.79 - [VAL] Loss: 0.5343, Accuracy: 78.68%, AUC: 0.79
Epoch [20/100] - [TRAIN] Loss: 0.4967, Accuracy: 79.48%, AUC: 0.79 - [VAL] Loss: 0.5106, Accuracy: 78.75%, AUC: 0.79
Epoch [30/100] - [TRAIN] Loss: 0.4774, Accuracy: 79.93%, AUC: 0.80 - [VAL] Loss: 0.5023, Accuracy: 78.77%, AUC: 0.79
Epoch [40/100] - [TRAIN] Loss: 0.4668, Accuracy: 80.12%, AUC: 0.80 - [VAL] Loss: 0.4963, Accuracy: 78.75%, AUC: 0.79
Epoch [50/100] - [TRAIN] Loss: 0.4667, Accuracy: 80.12%, AUC: 0.80 - [VAL] Loss: 0.4977, Accuracy: 78.78%, AUC: 0.79
Epoch [60/100] - [TRAIN] Loss: 0.4587, Accuracy: 80.12%, AUC: 0.80 - [VAL] Loss: 0.4900, Accuracy: 78.80%, AUC: 0.79
Epoch [70/100] - [TRAIN] Loss: 0.4554, Accuracy: 80.66%, AUC: 0.81 - [VAL] Loss: 0.5026, Accuracy: 78.75%, AUC: 0.79
Epoch [80/100] - [TRAIN] Loss: 0.4536, Accuracy: 80.81%, AUC: 0.81 - [VAL] Loss: 0.4921, Accuracy: 78.86%, AUC: 0.79
Epoch [90/100] - [TRAIN] Loss: 0.4487, Accuracy: 80.64%, AUC: 0.81 - [VAL] Loss: 0.4977, Accuracy: 78.68%, AUC: 0.79
Epoch [100/100] - [TRAIN] Loss: 0.4459, Accuracy: 80.78%, AUC: 0.81 - [VAL] Loss: 0.4776, Accuracy: 78.91%, AUC: 0.79
Training finished!
Accuracy Score on test set: 80.27 %
AUC Score on test set: 0.80

Item: H3K4me3-H3K36me3-H3K4me1-H3K9me3
Epoch [10/100] - [TRAIN] Loss: 0.5299, Accuracy: 79.29%, AUC: 0.79 - [VAL] Loss: 0.5466, Accuracy: 78.31%, AUC: 0.78
Epoch [20/100] - [TRAIN] Loss: 0.4925, Accuracy: 79.73%, AUC: 0.80 - [VAL] Loss: 0.5176, Accuracy: 78.81%, AUC: 0.79
Epoch [30/100] - [TRAIN] Loss: 0.4791, Accuracy: 80.31%, AUC: 0.80 - [VAL] Loss: 0.5050, Accuracy: 78.94%, AUC: 0.79
Epoch [40/100] - [TRAIN] Loss: 0.4662, Accuracy: 80.06%, AUC: 0.80 - [VAL] Loss: 0.4917, Accuracy: 79.17%, AUC: 0.79
Epoch [50/100] - [TRAIN] Loss: 0.4620, Accuracy: 80.11%, AUC: 0.80 - [VAL] Loss: 0.4934, Accuracy: 78.94%, AUC: 0.79
Epoch [60/100] - [TRAIN] Loss: 0.4604, Accuracy: 80.60%, AUC: 0.81 - [VAL] Loss: 0.4876, Accuracy: 79.12%, AUC: 0.79
Epoch [70/100] - [TRAIN] Loss: 0.4524, Accuracy: 80.73%, AUC: 0.81 - [VAL] Loss: 0.4837, Accuracy: 79.24%, AUC: 0.79
Epoch [80/100] - [TRAIN] Loss: 0.4488, Accuracy: 80.49%, AUC: 0.80 - [VAL] Loss: 0.4839, Accuracy: 79.09%, AUC: 0.79
Epoch [90/100] - [TRAIN] Loss: 0.4520, Accuracy: 80.87%, AUC: 0.81 - [VAL] Loss: 0.4910, Accuracy: 78.78%, AUC: 0.79
Epoch [100/100] - [TRAIN] Loss: 0.4456, Accuracy: 81.01%, AUC: 0.81 - [VAL] Loss: 0.4849, Accuracy: 78.94%, AUC: 0.79
Training finished!
Accuracy Score on test set: 80.57 %
AUC Score on test set: 0.81

Item: H3K4me3-H3K36me3-H3K9me3-H3K4me1
Epoch [10/100] - [TRAIN] Loss: 0.5256, Accuracy: 78.51%, AUC: 0.79 - [VAL] Loss: 0.5319, Accuracy: 78.63%, AUC: 0.79
Epoch [20/100] - [TRAIN] Loss: 0.4878, Accuracy: 79.61%, AUC: 0.80 - [VAL] Loss: 0.5105, Accuracy: 78.80%, AUC: 0.79
Epoch [30/100] - [TRAIN] Loss: 0.4779, Accuracy: 79.97%, AUC: 0.80 - [VAL] Loss: 0.4938, Accuracy: 78.81%, AUC: 0.79
Epoch [40/100] - [TRAIN] Loss: 0.4621, Accuracy: 80.28%, AUC: 0.80 - [VAL] Loss: 0.4908, Accuracy: 78.83%, AUC: 0.79
Epoch [50/100] - [TRAIN] Loss: 0.4576, Accuracy: 80.80%, AUC: 0.81 - [VAL] Loss: 0.4824, Accuracy: 78.91%, AUC: 0.79
Epoch [60/100] - [TRAIN] Loss: 0.4538, Accuracy: 80.58%, AUC: 0.81 - [VAL] Loss: 0.4802, Accuracy: 78.95%, AUC: 0.79
Epoch [70/100] - [TRAIN] Loss: 0.4522, Accuracy: 80.72%, AUC: 0.81 - [VAL] Loss: 0.4773, Accuracy: 79.04%, AUC: 0.79
Epoch [80/100] - [TRAIN] Loss: 0.4457, Accuracy: 80.98%, AUC: 0.81 - [VAL] Loss: 0.4763, Accuracy: 79.15%, AUC: 0.79
Epoch [90/100] - [TRAIN] Loss: 0.4481, Accuracy: 80.75%, AUC: 0.81 - [VAL] Loss: 0.4778, Accuracy: 78.97%, AUC: 0.79
Epoch [100/100] - [TRAIN] Loss: 0.4437, Accuracy: 81.10%, AUC: 0.81 - [VAL] Loss: 0.4743, Accuracy: 79.21%, AUC: 0.79
Training finished!
Accuracy Score on test set: 80.60 %
AUC Score on test set: 0.81

Item: H3K4me3-H3K9me3-H3K4me1-H3K36me3
Epoch [10/100] - [TRAIN] Loss: 0.5209, Accuracy: 78.92%, AUC: 0.79 - [VAL] Loss: 0.5279, Accuracy: 78.54%, AUC: 0.79
Epoch [20/100] - [TRAIN] Loss: 0.4919, Accuracy: 79.64%, AUC: 0.80 - [VAL] Loss: 0.5128, Accuracy: 78.58%, AUC: 0.79
Epoch [30/100] - [TRAIN] Loss: 0.4754, Accuracy: 80.29%, AUC: 0.80 - [VAL] Loss: 0.4978, Accuracy: 78.68%, AUC: 0.79
Epoch [40/100] - [TRAIN] Loss: 0.4675, Accuracy: 80.29%, AUC: 0.80 - [VAL] Loss: 0.4861, Accuracy: 78.95%, AUC: 0.79
Epoch [50/100] - [TRAIN] Loss: 0.4653, Accuracy: 80.22%, AUC: 0.80 - [VAL] Loss: 0.4867, Accuracy: 78.91%, AUC: 0.79
Epoch [60/100] - [TRAIN] Loss: 0.4576, Accuracy: 80.81%, AUC: 0.81 - [VAL] Loss: 0.4882, Accuracy: 78.87%, AUC: 0.79
Epoch [70/100] - [TRAIN] Loss: 0.4525, Accuracy: 80.72%, AUC: 0.81 - [VAL] Loss: 0.4820, Accuracy: 79.12%, AUC: 0.79
Epoch [80/100] - [TRAIN] Loss: 0.4536, Accuracy: 81.13%, AUC: 0.81 - [VAL] Loss: 0.4771, Accuracy: 79.04%, AUC: 0.79
Epoch [90/100] - [TRAIN] Loss: 0.4505, Accuracy: 80.37%, AUC: 0.80 - [VAL] Loss: 0.4768, Accuracy: 79.12%, AUC: 0.79
Epoch [100/100] - [TRAIN] Loss: 0.4442, Accuracy: 80.99%, AUC: 0.81 - [VAL] Loss: 0.4806, Accuracy: 79.09%, AUC: 0.79
Training finished!
Accuracy Score on test set: 80.53 %
AUC Score on test set: 0.81

Item: H3K4me3-H3K9me3-H3K36me3-H3K4me1
Epoch [10/100] - [TRAIN] Loss: 0.5251, Accuracy: 78.88%, AUC: 0.79 - [VAL] Loss: 0.5370, Accuracy: 78.45%, AUC: 0.78
Epoch [20/100] - [TRAIN] Loss: 0.4922, Accuracy: 79.65%, AUC: 0.80 - [VAL] Loss: 0.5118, Accuracy: 78.60%, AUC: 0.79
Epoch [30/100] - [TRAIN] Loss: 0.4761, Accuracy: 80.16%, AUC: 0.80 - [VAL] Loss: 0.4971, Accuracy: 78.75%, AUC: 0.79
Epoch [40/100] - [TRAIN] Loss: 0.4674, Accuracy: 79.87%, AUC: 0.80 - [VAL] Loss: 0.4982, Accuracy: 78.86%, AUC: 0.79
Epoch [50/100] - [TRAIN] Loss: 0.4624, Accuracy: 80.72%, AUC: 0.81 - [VAL] Loss: 0.4846, Accuracy: 78.71%, AUC: 0.79
Epoch [60/100] - [TRAIN] Loss: 0.4542, Accuracy: 80.32%, AUC: 0.80 - [VAL] Loss: 0.4847, Accuracy: 78.89%, AUC: 0.79
Epoch [70/100] - [TRAIN] Loss: 0.4566, Accuracy: 80.67%, AUC: 0.81 - [VAL] Loss: 0.4824, Accuracy: 78.86%, AUC: 0.79
Epoch [80/100] - [TRAIN] Loss: 0.4527, Accuracy: 80.73%, AUC: 0.81 - [VAL] Loss: 0.4837, Accuracy: 78.97%, AUC: 0.79
Epoch [90/100] - [TRAIN] Loss: 0.4482, Accuracy: 80.92%, AUC: 0.81 - [VAL] Loss: 0.4778, Accuracy: 79.10%, AUC: 0.79
Epoch [100/100] - [TRAIN] Loss: 0.4483, Accuracy: 81.24%, AUC: 0.81 - [VAL] Loss: 0.4793, Accuracy: 79.12%, AUC: 0.79
Training finished!
Accuracy Score on test set: 80.34 %
AUC Score on test set: 0.80

Item: H3K4me1-H3K4me3-H3K36me3-H3K9me3
Epoch [10/100] - [TRAIN] Loss: 0.5243, Accuracy: 79.10%, AUC: 0.79 - [VAL] Loss: 0.5641, Accuracy: 77.39%, AUC: 0.77
Epoch [20/100] - [TRAIN] Loss: 0.4898, Accuracy: 79.99%, AUC: 0.80 - [VAL] Loss: 0.5215, Accuracy: 78.57%, AUC: 0.79
Epoch [30/100] - [TRAIN] Loss: 0.4826, Accuracy: 79.61%, AUC: 0.80 - [VAL] Loss: 0.4933, Accuracy: 78.36%, AUC: 0.78
Epoch [40/100] - [TRAIN] Loss: 0.4716, Accuracy: 79.91%, AUC: 0.80 - [VAL] Loss: 0.4923, Accuracy: 78.78%, AUC: 0.79
Epoch [50/100] - [TRAIN] Loss: 0.4612, Accuracy: 80.49%, AUC: 0.80 - [VAL] Loss: 0.5026, Accuracy: 78.55%, AUC: 0.79
Epoch [60/100] - [TRAIN] Loss: 0.4588, Accuracy: 80.37%, AUC: 0.80 - [VAL] Loss: 0.4839, Accuracy: 78.69%, AUC: 0.79
Epoch [70/100] - [TRAIN] Loss: 0.4535, Accuracy: 80.48%, AUC: 0.80 - [VAL] Loss: 0.4842, Accuracy: 78.84%, AUC: 0.79
Epoch [80/100] - [TRAIN] Loss: 0.4493, Accuracy: 80.72%, AUC: 0.81 - [VAL] Loss: 0.4851, Accuracy: 78.89%, AUC: 0.79
Epoch [90/100] - [TRAIN] Loss: 0.4487, Accuracy: 80.37%, AUC: 0.80 - [VAL] Loss: 0.4908, Accuracy: 78.83%, AUC: 0.79
Epoch [100/100] - [TRAIN] Loss: 0.4685, Accuracy: 80.77%, AUC: 0.81 - [VAL] Loss: 0.4986, Accuracy: 77.21%, AUC: 0.77
Training finished!
Accuracy Score on test set: 80.39 %
AUC Score on test set: 0.80

Item: H3K4me1-H3K4me3-H3K9me3-H3K36me3
Epoch [10/100] - [TRAIN] Loss: 0.5170, Accuracy: 79.21%, AUC: 0.79 - [VAL] Loss: 0.5328, Accuracy: 78.77%, AUC: 0.79
Epoch [20/100] - [TRAIN] Loss: 0.4839, Accuracy: 80.06%, AUC: 0.80 - [VAL] Loss: 0.5157, Accuracy: 78.69%, AUC: 0.79
Epoch [30/100] - [TRAIN] Loss: 0.4730, Accuracy: 80.40%, AUC: 0.80 - [VAL] Loss: 0.4905, Accuracy: 78.80%, AUC: 0.79
Epoch [40/100] - [TRAIN] Loss: 0.4631, Accuracy: 80.08%, AUC: 0.80 - [VAL] Loss: 0.4932, Accuracy: 78.87%, AUC: 0.79
Epoch [50/100] - [TRAIN] Loss: 0.4590, Accuracy: 80.73%, AUC: 0.81 - [VAL] Loss: 0.4835, Accuracy: 79.27%, AUC: 0.79
Epoch [60/100] - [TRAIN] Loss: 0.4576, Accuracy: 80.72%, AUC: 0.81 - [VAL] Loss: 0.5024, Accuracy: 78.57%, AUC: 0.79
Epoch [70/100] - [TRAIN] Loss: 0.4530, Accuracy: 80.63%, AUC: 0.81 - [VAL] Loss: 0.4816, Accuracy: 79.00%, AUC: 0.79
Epoch [80/100] - [TRAIN] Loss: 0.4610, Accuracy: 80.83%, AUC: 0.81 - [VAL] Loss: 0.4932, Accuracy: 77.44%, AUC: 0.77
Epoch [90/100] - [TRAIN] Loss: 0.4423, Accuracy: 81.25%, AUC: 0.81 - [VAL] Loss: 0.4840, Accuracy: 79.04%, AUC: 0.79
Epoch [100/100] - [TRAIN] Loss: 0.4444, Accuracy: 81.04%, AUC: 0.81 - [VAL] Loss: 0.4807, Accuracy: 79.04%, AUC: 0.79
Training finished!
Accuracy Score on test set: 80.39 %
AUC Score on test set: 0.80

Item: H3K4me1-H3K36me3-H3K4me3-H3K9me3
Epoch [10/100] - [TRAIN] Loss: 0.5224, Accuracy: 78.75%, AUC: 0.79 - [VAL] Loss: 0.5444, Accuracy: 78.00%, AUC: 0.78
Epoch [20/100] - [TRAIN] Loss: 0.4908, Accuracy: 79.67%, AUC: 0.80 - [VAL] Loss: 0.5244, Accuracy: 78.43%, AUC: 0.78
Epoch [30/100] - [TRAIN] Loss: 0.4746, Accuracy: 79.73%, AUC: 0.80 - [VAL] Loss: 0.5048, Accuracy: 78.68%, AUC: 0.79
Epoch [40/100] - [TRAIN] Loss: 0.4669, Accuracy: 80.17%, AUC: 0.80 - [VAL] Loss: 0.4904, Accuracy: 78.89%, AUC: 0.79
Epoch [50/100] - [TRAIN] Loss: 0.4590, Accuracy: 80.43%, AUC: 0.80 - [VAL] Loss: 0.4875, Accuracy: 78.80%, AUC: 0.79
Epoch [60/100] - [TRAIN] Loss: 0.4518, Accuracy: 80.78%, AUC: 0.81 - [VAL] Loss: 0.4813, Accuracy: 79.01%, AUC: 0.79
Epoch [70/100] - [TRAIN] Loss: 0.4527, Accuracy: 80.57%, AUC: 0.81 - [VAL] Loss: 0.4884, Accuracy: 78.81%, AUC: 0.79
Epoch [80/100] - [TRAIN] Loss: 0.4470, Accuracy: 80.81%, AUC: 0.81 - [VAL] Loss: 0.4808, Accuracy: 79.18%, AUC: 0.79
Epoch [90/100] - [TRAIN] Loss: 0.4466, Accuracy: 81.01%, AUC: 0.81 - [VAL] Loss: 0.4743, Accuracy: 79.46%, AUC: 0.79
Epoch [100/100] - [TRAIN] Loss: 0.4425, Accuracy: 80.83%, AUC: 0.81 - [VAL] Loss: 0.4815, Accuracy: 79.18%, AUC: 0.79
Training finished!
Accuracy Score on test set: 80.65 %
AUC Score on test set: 0.81

Item: H3K4me1-H3K36me3-H3K9me3-H3K4me3
Epoch [10/100] - [TRAIN] Loss: 0.5226, Accuracy: 78.97%, AUC: 0.79 - [VAL] Loss: 0.5417, Accuracy: 78.43%, AUC: 0.78
Epoch [20/100] - [TRAIN] Loss: 0.4968, Accuracy: 79.73%, AUC: 0.80 - [VAL] Loss: 0.5013, Accuracy: 78.71%, AUC: 0.79
Epoch [30/100] - [TRAIN] Loss: 0.4745, Accuracy: 79.70%, AUC: 0.80 - [VAL] Loss: 0.5122, Accuracy: 78.48%, AUC: 0.78
Epoch [40/100] - [TRAIN] Loss: 0.4646, Accuracy: 80.54%, AUC: 0.81 - [VAL] Loss: 0.4974, Accuracy: 78.51%, AUC: 0.79
Epoch [50/100] - [TRAIN] Loss: 0.4609, Accuracy: 80.45%, AUC: 0.80 - [VAL] Loss: 0.4918, Accuracy: 78.58%, AUC: 0.79
Epoch [60/100] - [TRAIN] Loss: 0.4645, Accuracy: 80.51%, AUC: 0.81 - [VAL] Loss: 0.4871, Accuracy: 78.60%, AUC: 0.79
Epoch [70/100] - [TRAIN] Loss: 0.4517, Accuracy: 80.69%, AUC: 0.81 - [VAL] Loss: 0.4795, Accuracy: 78.91%, AUC: 0.79
Epoch [80/100] - [TRAIN] Loss: 0.4489, Accuracy: 80.84%, AUC: 0.81 - [VAL] Loss: 0.4808, Accuracy: 79.01%, AUC: 0.79
Epoch [90/100] - [TRAIN] Loss: 0.4491, Accuracy: 80.95%, AUC: 0.81 - [VAL] Loss: 0.4858, Accuracy: 78.71%, AUC: 0.79
Epoch [100/100] - [TRAIN] Loss: 0.4478, Accuracy: 80.75%, AUC: 0.81 - [VAL] Loss: 0.4757, Accuracy: 79.04%, AUC: 0.79
Training finished!
Accuracy Score on test set: 80.43 %
AUC Score on test set: 0.80

Item: H3K4me1-H3K9me3-H3K4me3-H3K36me3
Epoch [10/100] - [TRAIN] Loss: 0.5170, Accuracy: 79.16%, AUC: 0.79 - [VAL] Loss: 0.5328, Accuracy: 78.40%, AUC: 0.78
Epoch [20/100] - [TRAIN] Loss: 0.4853, Accuracy: 80.19%, AUC: 0.80 - [VAL] Loss: 0.5238, Accuracy: 78.39%, AUC: 0.78
Epoch [30/100] - [TRAIN] Loss: 0.4735, Accuracy: 80.05%, AUC: 0.80 - [VAL] Loss: 0.4937, Accuracy: 78.75%, AUC: 0.79
Epoch [40/100] - [TRAIN] Loss: 0.4645, Accuracy: 80.00%, AUC: 0.80 - [VAL] Loss: 0.5024, Accuracy: 78.32%, AUC: 0.78
Epoch [50/100] - [TRAIN] Loss: 0.4652, Accuracy: 80.35%, AUC: 0.80 - [VAL] Loss: 0.5074, Accuracy: 78.08%, AUC: 0.78
Epoch [60/100] - [TRAIN] Loss: 0.4552, Accuracy: 80.93%, AUC: 0.81 - [VAL] Loss: 0.4915, Accuracy: 78.60%, AUC: 0.79
Epoch [70/100] - [TRAIN] Loss: 0.4491, Accuracy: 80.61%, AUC: 0.81 - [VAL] Loss: 0.4908, Accuracy: 78.68%, AUC: 0.79
Epoch [80/100] - [TRAIN] Loss: 0.4532, Accuracy: 80.90%, AUC: 0.81 - [VAL] Loss: 0.4841, Accuracy: 78.80%, AUC: 0.79
Epoch [90/100] - [TRAIN] Loss: 0.4474, Accuracy: 81.09%, AUC: 0.81 - [VAL] Loss: 0.4793, Accuracy: 79.07%, AUC: 0.79
Epoch [100/100] - [TRAIN] Loss: 0.4410, Accuracy: 81.15%, AUC: 0.81 - [VAL] Loss: 0.4804, Accuracy: 78.98%, AUC: 0.79
Training finished!
Accuracy Score on test set: 80.11 %
AUC Score on test set: 0.80

Item: H3K4me1-H3K9me3-H3K36me3-H3K4me3
Epoch [10/100] - [TRAIN] Loss: 0.5241, Accuracy: 78.88%, AUC: 0.79 - [VAL] Loss: 0.5540, Accuracy: 77.73%, AUC: 0.78
Epoch [20/100] - [TRAIN] Loss: 0.4886, Accuracy: 79.93%, AUC: 0.80 - [VAL] Loss: 0.5289, Accuracy: 78.37%, AUC: 0.78
Epoch [30/100] - [TRAIN] Loss: 0.4789, Accuracy: 80.17%, AUC: 0.80 - [VAL] Loss: 0.4982, Accuracy: 78.74%, AUC: 0.79
Epoch [40/100] - [TRAIN] Loss: 0.4646, Accuracy: 80.49%, AUC: 0.80 - [VAL] Loss: 0.4875, Accuracy: 78.80%, AUC: 0.79
Epoch [50/100] - [TRAIN] Loss: 0.4602, Accuracy: 80.55%, AUC: 0.81 - [VAL] Loss: 0.4938, Accuracy: 78.68%, AUC: 0.79
Epoch [60/100] - [TRAIN] Loss: 0.4551, Accuracy: 80.52%, AUC: 0.81 - [VAL] Loss: 0.4840, Accuracy: 78.83%, AUC: 0.79
Epoch [70/100] - [TRAIN] Loss: 0.4490, Accuracy: 81.13%, AUC: 0.81 - [VAL] Loss: 0.4890, Accuracy: 78.42%, AUC: 0.78
Epoch [80/100] - [TRAIN] Loss: 0.4483, Accuracy: 80.95%, AUC: 0.81 - [VAL] Loss: 0.4822, Accuracy: 78.92%, AUC: 0.79
Epoch [90/100] - [TRAIN] Loss: 0.4466, Accuracy: 81.05%, AUC: 0.81 - [VAL] Loss: 0.4766, Accuracy: 79.17%, AUC: 0.79
Epoch [100/100] - [TRAIN] Loss: 0.4427, Accuracy: 81.18%, AUC: 0.81 - [VAL] Loss: 0.4768, Accuracy: 79.30%, AUC: 0.79
Training finished!
Accuracy Score on test set: 80.51 %
AUC Score on test set: 0.81

Item: H3K36me3-H3K4me3-H3K4me1-H3K9me3
Epoch [10/100] - [TRAIN] Loss: 0.5228, Accuracy: 79.16%, AUC: 0.79 - [VAL] Loss: 0.5525, Accuracy: 78.02%, AUC: 0.78
Epoch [20/100] - [TRAIN] Loss: 0.4940, Accuracy: 79.56%, AUC: 0.80 - [VAL] Loss: 0.5132, Accuracy: 78.75%, AUC: 0.79
Epoch [30/100] - [TRAIN] Loss: 0.4763, Accuracy: 80.14%, AUC: 0.80 - [VAL] Loss: 0.5043, Accuracy: 78.72%, AUC: 0.79
Epoch [40/100] - [TRAIN] Loss: 0.4669, Accuracy: 80.28%, AUC: 0.80 - [VAL] Loss: 0.5098, Accuracy: 78.57%, AUC: 0.79
Epoch [50/100] - [TRAIN] Loss: 0.4658, Accuracy: 80.37%, AUC: 0.80 - [VAL] Loss: 0.4992, Accuracy: 78.65%, AUC: 0.79
Epoch [60/100] - [TRAIN] Loss: 0.4589, Accuracy: 80.77%, AUC: 0.81 - [VAL] Loss: 0.4906, Accuracy: 78.66%, AUC: 0.79
Epoch [70/100] - [TRAIN] Loss: 0.4552, Accuracy: 80.31%, AUC: 0.80 - [VAL] Loss: 0.4848, Accuracy: 78.81%, AUC: 0.79
Epoch [80/100] - [TRAIN] Loss: 0.4532, Accuracy: 80.72%, AUC: 0.81 - [VAL] Loss: 0.4839, Accuracy: 78.72%, AUC: 0.79
Epoch [90/100] - [TRAIN] Loss: 0.4580, Accuracy: 80.93%, AUC: 0.81 - [VAL] Loss: 0.4788, Accuracy: 79.00%, AUC: 0.79
Epoch [100/100] - [TRAIN] Loss: 0.4524, Accuracy: 80.78%, AUC: 0.81 - [VAL] Loss: 0.4767, Accuracy: 78.80%, AUC: 0.79
Training finished!
Accuracy Score on test set: 80.48 %
AUC Score on test set: 0.80

Item: H3K36me3-H3K4me3-H3K9me3-H3K4me1
Epoch [10/100] - [TRAIN] Loss: 0.5295, Accuracy: 78.98%, AUC: 0.79 - [VAL] Loss: 0.5379, Accuracy: 78.43%, AUC: 0.78
Epoch [20/100] - [TRAIN] Loss: 0.4936, Accuracy: 79.50%, AUC: 0.80 - [VAL] Loss: 0.5181, Accuracy: 78.60%, AUC: 0.79
Epoch [30/100] - [TRAIN] Loss: 0.4775, Accuracy: 79.68%, AUC: 0.80 - [VAL] Loss: 0.5014, Accuracy: 78.62%, AUC: 0.79
Epoch [40/100] - [TRAIN] Loss: 0.4711, Accuracy: 80.03%, AUC: 0.80 - [VAL] Loss: 0.4993, Accuracy: 78.68%, AUC: 0.79
Epoch [50/100] - [TRAIN] Loss: 0.4633, Accuracy: 80.09%, AUC: 0.80 - [VAL] Loss: 0.4882, Accuracy: 78.77%, AUC: 0.79
Epoch [60/100] - [TRAIN] Loss: 0.4572, Accuracy: 80.70%, AUC: 0.81 - [VAL] Loss: 0.4940, Accuracy: 78.75%, AUC: 0.79
Epoch [70/100] - [TRAIN] Loss: 0.4549, Accuracy: 80.41%, AUC: 0.80 - [VAL] Loss: 0.4810, Accuracy: 78.94%, AUC: 0.79
Epoch [80/100] - [TRAIN] Loss: 0.4538, Accuracy: 80.14%, AUC: 0.80 - [VAL] Loss: 0.4797, Accuracy: 79.00%, AUC: 0.79
Epoch [90/100] - [TRAIN] Loss: 0.4495, Accuracy: 80.83%, AUC: 0.81 - [VAL] Loss: 0.4798, Accuracy: 79.04%, AUC: 0.79
Epoch [100/100] - [TRAIN] Loss: 0.4493, Accuracy: 80.60%, AUC: 0.81 - [VAL] Loss: 0.4792, Accuracy: 79.15%, AUC: 0.79
Training finished!
Accuracy Score on test set: 80.59 %
AUC Score on test set: 0.81

Item: H3K36me3-H3K4me1-H3K4me3-H3K9me3
Epoch [10/100] - [TRAIN] Loss: 0.5183, Accuracy: 79.55%, AUC: 0.80 - [VAL] Loss: 0.5224, Accuracy: 78.75%, AUC: 0.79
Epoch [20/100] - [TRAIN] Loss: 0.4922, Accuracy: 79.38%, AUC: 0.79 - [VAL] Loss: 0.5249, Accuracy: 78.49%, AUC: 0.78
Epoch [30/100] - [TRAIN] Loss: 0.4746, Accuracy: 79.90%, AUC: 0.80 - [VAL] Loss: 0.5005, Accuracy: 78.97%, AUC: 0.79
Epoch [40/100] - [TRAIN] Loss: 0.4672, Accuracy: 80.23%, AUC: 0.80 - [VAL] Loss: 0.4917, Accuracy: 79.04%, AUC: 0.79
Epoch [50/100] - [TRAIN] Loss: 0.4626, Accuracy: 80.26%, AUC: 0.80 - [VAL] Loss: 0.4916, Accuracy: 78.98%, AUC: 0.79
Epoch [60/100] - [TRAIN] Loss: 0.4535, Accuracy: 80.51%, AUC: 0.81 - [VAL] Loss: 0.4817, Accuracy: 79.15%, AUC: 0.79
Epoch [70/100] - [TRAIN] Loss: 0.4549, Accuracy: 80.58%, AUC: 0.81 - [VAL] Loss: 0.4893, Accuracy: 78.81%, AUC: 0.79
Epoch [80/100] - [TRAIN] Loss: 0.4534, Accuracy: 80.60%, AUC: 0.81 - [VAL] Loss: 0.4790, Accuracy: 79.30%, AUC: 0.79
Epoch [90/100] - [TRAIN] Loss: 0.4424, Accuracy: 81.16%, AUC: 0.81 - [VAL] Loss: 0.4754, Accuracy: 79.43%, AUC: 0.79
Epoch [100/100] - [TRAIN] Loss: 0.4461, Accuracy: 80.69%, AUC: 0.81 - [VAL] Loss: 0.4746, Accuracy: 79.53%, AUC: 0.80
Training finished!
Accuracy Score on test set: 80.56 %
AUC Score on test set: 0.81

Saving the final results
Batch FINISHED!!!

Real-time duration: 5777.740131611 seconds
