Using cpu device
Loading the data ...
Item: H3K9me3-H3K27me3-H3K4me1-H3K4me3
Epoch [10/100] - [TRAIN] Loss: 0.5092, Accuracy: 79.38%, AUC: 0.79 - [VAL] Loss: 0.5373, Accuracy: 78.00%, AUC: 0.78
Epoch [20/100] - [TRAIN] Loss: 0.4773, Accuracy: 79.88%, AUC: 0.80 - [VAL] Loss: 0.5100, Accuracy: 78.03%, AUC: 0.78
Epoch [30/100] - [TRAIN] Loss: 0.4672, Accuracy: 80.20%, AUC: 0.80 - [VAL] Loss: 0.4926, Accuracy: 78.48%, AUC: 0.78
Epoch [40/100] - [TRAIN] Loss: 0.4638, Accuracy: 80.17%, AUC: 0.80 - [VAL] Loss: 0.4829, Accuracy: 78.62%, AUC: 0.79
Epoch [50/100] - [TRAIN] Loss: 0.4572, Accuracy: 80.84%, AUC: 0.81 - [VAL] Loss: 0.4789, Accuracy: 78.58%, AUC: 0.79
Epoch [60/100] - [TRAIN] Loss: 0.4554, Accuracy: 80.38%, AUC: 0.80 - [VAL] Loss: 0.4775, Accuracy: 78.83%, AUC: 0.79
Epoch [70/100] - [TRAIN] Loss: 0.4503, Accuracy: 80.77%, AUC: 0.81 - [VAL] Loss: 0.4754, Accuracy: 78.77%, AUC: 0.79
Epoch [80/100] - [TRAIN] Loss: 0.4506, Accuracy: 80.51%, AUC: 0.81 - [VAL] Loss: 0.4752, Accuracy: 79.06%, AUC: 0.79
Epoch [90/100] - [TRAIN] Loss: 0.4580, Accuracy: 81.16%, AUC: 0.81 - [VAL] Loss: 0.4825, Accuracy: 78.17%, AUC: 0.78
Epoch [100/100] - [TRAIN] Loss: 0.4496, Accuracy: 80.95%, AUC: 0.81 - [VAL] Loss: 0.4728, Accuracy: 78.98%, AUC: 0.79
Training finished!
Accuracy Score on test set: 80.08 %
AUC Score on test set: 0.80

Item: H3K27me3-H3K4me3-H3K4me1-H3K9me3
Epoch [10/100] - [TRAIN] Loss: 0.5176, Accuracy: 79.45%, AUC: 0.79 - [VAL] Loss: 0.5132, Accuracy: 77.97%, AUC: 0.78
Epoch [20/100] - [TRAIN] Loss: 0.4963, Accuracy: 79.65%, AUC: 0.80 - [VAL] Loss: 0.5332, Accuracy: 73.80%, AUC: 0.74
Epoch [30/100] - [TRAIN] Loss: 0.4733, Accuracy: 80.03%, AUC: 0.80 - [VAL] Loss: 0.5098, Accuracy: 78.71%, AUC: 0.79
Epoch [40/100] - [TRAIN] Loss: 0.4727, Accuracy: 80.48%, AUC: 0.80 - [VAL] Loss: 0.4921, Accuracy: 78.84%, AUC: 0.79
Epoch [50/100] - [TRAIN] Loss: 0.4687, Accuracy: 80.52%, AUC: 0.81 - [VAL] Loss: 0.4866, Accuracy: 78.77%, AUC: 0.79
Epoch [60/100] - [TRAIN] Loss: 0.4625, Accuracy: 80.38%, AUC: 0.80 - [VAL] Loss: 0.4843, Accuracy: 78.57%, AUC: 0.79
Epoch [70/100] - [TRAIN] Loss: 0.4588, Accuracy: 80.35%, AUC: 0.80 - [VAL] Loss: 0.4795, Accuracy: 78.81%, AUC: 0.79
Epoch [80/100] - [TRAIN] Loss: 0.4563, Accuracy: 80.63%, AUC: 0.81 - [VAL] Loss: 0.4821, Accuracy: 78.83%, AUC: 0.79
Epoch [90/100] - [TRAIN] Loss: 0.4522, Accuracy: 80.90%, AUC: 0.81 - [VAL] Loss: 0.4778, Accuracy: 78.81%, AUC: 0.79
Epoch [100/100] - [TRAIN] Loss: 0.4470, Accuracy: 80.69%, AUC: 0.81 - [VAL] Loss: 0.4790, Accuracy: 78.77%, AUC: 0.79
Training finished!
Accuracy Score on test set: 79.82 %
AUC Score on test set: 0.80

Item: H3K27me3-H3K4me3-H3K9me3-H3K4me1
Epoch [10/100] - [TRAIN] Loss: 0.5088, Accuracy: 79.41%, AUC: 0.79 - [VAL] Loss: 0.5284, Accuracy: 78.29%, AUC: 0.78
Epoch [20/100] - [TRAIN] Loss: 0.4786, Accuracy: 79.76%, AUC: 0.80 - [VAL] Loss: 0.5089, Accuracy: 78.55%, AUC: 0.79
Epoch [30/100] - [TRAIN] Loss: 0.4753, Accuracy: 80.05%, AUC: 0.80 - [VAL] Loss: 0.4881, Accuracy: 78.80%, AUC: 0.79
Epoch [40/100] - [TRAIN] Loss: 0.4657, Accuracy: 80.51%, AUC: 0.81 - [VAL] Loss: 0.4866, Accuracy: 78.75%, AUC: 0.79
Epoch [50/100] - [TRAIN] Loss: 0.4652, Accuracy: 80.17%, AUC: 0.80 - [VAL] Loss: 0.4802, Accuracy: 78.81%, AUC: 0.79
Epoch [60/100] - [TRAIN] Loss: 0.4592, Accuracy: 80.57%, AUC: 0.81 - [VAL] Loss: 0.4778, Accuracy: 78.92%, AUC: 0.79
Epoch [70/100] - [TRAIN] Loss: 0.4552, Accuracy: 80.80%, AUC: 0.81 - [VAL] Loss: 0.4761, Accuracy: 78.87%, AUC: 0.79
Epoch [80/100] - [TRAIN] Loss: 0.4548, Accuracy: 80.35%, AUC: 0.80 - [VAL] Loss: 0.4768, Accuracy: 79.04%, AUC: 0.79
Epoch [90/100] - [TRAIN] Loss: 0.4481, Accuracy: 81.09%, AUC: 0.81 - [VAL] Loss: 0.4744, Accuracy: 79.06%, AUC: 0.79
Epoch [100/100] - [TRAIN] Loss: 0.4478, Accuracy: 81.02%, AUC: 0.81 - [VAL] Loss: 0.4739, Accuracy: 79.04%, AUC: 0.79
Training finished!
Accuracy Score on test set: 80.50 %
AUC Score on test set: 0.80

Item: H3K27me3-H3K4me1-H3K4me3-H3K9me3
Epoch [10/100] - [TRAIN] Loss: 0.5073, Accuracy: 79.35%, AUC: 0.79 - [VAL] Loss: 0.5190, Accuracy: 78.65%, AUC: 0.79
Epoch [20/100] - [TRAIN] Loss: 0.4820, Accuracy: 79.52%, AUC: 0.80 - [VAL] Loss: 0.5041, Accuracy: 78.71%, AUC: 0.79
Epoch [30/100] - [TRAIN] Loss: 0.4671, Accuracy: 80.41%, AUC: 0.80 - [VAL] Loss: 0.4868, Accuracy: 78.97%, AUC: 0.79
Epoch [40/100] - [TRAIN] Loss: 0.4631, Accuracy: 80.58%, AUC: 0.81 - [VAL] Loss: 0.4841, Accuracy: 78.95%, AUC: 0.79
Epoch [50/100] - [TRAIN] Loss: 0.4609, Accuracy: 80.25%, AUC: 0.80 - [VAL] Loss: 0.4813, Accuracy: 78.89%, AUC: 0.79
Epoch [60/100] - [TRAIN] Loss: 0.4610, Accuracy: 80.48%, AUC: 0.80 - [VAL] Loss: 0.4773, Accuracy: 78.86%, AUC: 0.79
Epoch [70/100] - [TRAIN] Loss: 0.4500, Accuracy: 80.72%, AUC: 0.81 - [VAL] Loss: 0.4769, Accuracy: 78.86%, AUC: 0.79
Epoch [80/100] - [TRAIN] Loss: 0.4559, Accuracy: 80.98%, AUC: 0.81 - [VAL] Loss: 0.4753, Accuracy: 78.89%, AUC: 0.79
Epoch [90/100] - [TRAIN] Loss: 0.4539, Accuracy: 80.55%, AUC: 0.81 - [VAL] Loss: 0.4746, Accuracy: 78.92%, AUC: 0.79
Epoch [100/100] - [TRAIN] Loss: 0.4488, Accuracy: 81.13%, AUC: 0.81 - [VAL] Loss: 0.4831, Accuracy: 78.22%, AUC: 0.78
Training finished!
Accuracy Score on test set: 80.40 %
AUC Score on test set: 0.80

Item: H3K27me3-H3K4me1-H3K9me3-H3K4me3
Epoch [10/100] - [TRAIN] Loss: 0.5137, Accuracy: 79.06%, AUC: 0.79 - [VAL] Loss: 0.5267, Accuracy: 78.75%, AUC: 0.79
Epoch [20/100] - [TRAIN] Loss: 0.4857, Accuracy: 80.05%, AUC: 0.80 - [VAL] Loss: 0.5007, Accuracy: 78.60%, AUC: 0.79
Epoch [30/100] - [TRAIN] Loss: 0.4722, Accuracy: 79.96%, AUC: 0.80 - [VAL] Loss: 0.4879, Accuracy: 78.72%, AUC: 0.79
Epoch [40/100] - [TRAIN] Loss: 0.4674, Accuracy: 80.26%, AUC: 0.80 - [VAL] Loss: 0.4952, Accuracy: 78.58%, AUC: 0.79
Epoch [50/100] - [TRAIN] Loss: 0.4628, Accuracy: 80.58%, AUC: 0.81 - [VAL] Loss: 0.4818, Accuracy: 78.98%, AUC: 0.79
Epoch [60/100] - [TRAIN] Loss: 0.4609, Accuracy: 80.35%, AUC: 0.80 - [VAL] Loss: 0.4797, Accuracy: 78.77%, AUC: 0.79
Epoch [70/100] - [TRAIN] Loss: 0.4568, Accuracy: 80.60%, AUC: 0.81 - [VAL] Loss: 0.4785, Accuracy: 78.69%, AUC: 0.79
Epoch [80/100] - [TRAIN] Loss: 0.4566, Accuracy: 80.64%, AUC: 0.81 - [VAL] Loss: 0.4763, Accuracy: 78.97%, AUC: 0.79
Epoch [90/100] - [TRAIN] Loss: 0.4537, Accuracy: 80.45%, AUC: 0.80 - [VAL] Loss: 0.4765, Accuracy: 78.81%, AUC: 0.79
Epoch [100/100] - [TRAIN] Loss: 0.4520, Accuracy: 80.78%, AUC: 0.81 - [VAL] Loss: 0.4759, Accuracy: 78.81%, AUC: 0.79
Training finished!
Accuracy Score on test set: 80.13 %
AUC Score on test set: 0.80

Item: H3K27me3-H3K9me3-H3K4me3-H3K4me1
Epoch [10/100] - [TRAIN] Loss: 0.5053, Accuracy: 79.06%, AUC: 0.79 - [VAL] Loss: 0.5341, Accuracy: 77.99%, AUC: 0.78
Epoch [20/100] - [TRAIN] Loss: 0.4810, Accuracy: 79.91%, AUC: 0.80 - [VAL] Loss: 0.5042, Accuracy: 78.57%, AUC: 0.79
Epoch [30/100] - [TRAIN] Loss: 0.4723, Accuracy: 80.03%, AUC: 0.80 - [VAL] Loss: 0.4933, Accuracy: 78.66%, AUC: 0.79
Epoch [40/100] - [TRAIN] Loss: 0.4680, Accuracy: 80.23%, AUC: 0.80 - [VAL] Loss: 0.4821, Accuracy: 78.65%, AUC: 0.79
Epoch [50/100] - [TRAIN] Loss: 0.4642, Accuracy: 80.34%, AUC: 0.80 - [VAL] Loss: 0.4887, Accuracy: 78.80%, AUC: 0.79
Epoch [60/100] - [TRAIN] Loss: 0.4595, Accuracy: 80.49%, AUC: 0.80 - [VAL] Loss: 0.4802, Accuracy: 78.55%, AUC: 0.79
Epoch [70/100] - [TRAIN] Loss: 0.4607, Accuracy: 80.81%, AUC: 0.81 - [VAL] Loss: 0.4790, Accuracy: 78.63%, AUC: 0.79
Epoch [80/100] - [TRAIN] Loss: 0.4525, Accuracy: 80.73%, AUC: 0.81 - [VAL] Loss: 0.4777, Accuracy: 78.77%, AUC: 0.79
Epoch [90/100] - [TRAIN] Loss: 0.4519, Accuracy: 80.78%, AUC: 0.81 - [VAL] Loss: 0.4766, Accuracy: 78.75%, AUC: 0.79
Epoch [100/100] - [TRAIN] Loss: 0.4460, Accuracy: 80.95%, AUC: 0.81 - [VAL] Loss: 0.4757, Accuracy: 78.92%, AUC: 0.79
Training finished!
Accuracy Score on test set: 80.39 %
AUC Score on test set: 0.80

Item: H3K27me3-H3K9me3-H3K4me1-H3K4me3
Epoch [10/100] - [TRAIN] Loss: 0.5030, Accuracy: 79.85%, AUC: 0.80 - [VAL] Loss: 0.5221, Accuracy: 78.37%, AUC: 0.78
Epoch [20/100] - [TRAIN] Loss: 0.4802, Accuracy: 79.77%, AUC: 0.80 - [VAL] Loss: 0.4960, Accuracy: 78.87%, AUC: 0.79
Epoch [30/100] - [TRAIN] Loss: 0.4688, Accuracy: 80.03%, AUC: 0.80 - [VAL] Loss: 0.4866, Accuracy: 78.81%, AUC: 0.79
Epoch [40/100] - [TRAIN] Loss: 0.4652, Accuracy: 80.51%, AUC: 0.81 - [VAL] Loss: 0.4859, Accuracy: 78.77%, AUC: 0.79
Epoch [50/100] - [TRAIN] Loss: 0.4598, Accuracy: 80.46%, AUC: 0.80 - [VAL] Loss: 0.4818, Accuracy: 78.68%, AUC: 0.79
Epoch [60/100] - [TRAIN] Loss: 0.4567, Accuracy: 80.52%, AUC: 0.81 - [VAL] Loss: 0.4774, Accuracy: 78.78%, AUC: 0.79
Epoch [70/100] - [TRAIN] Loss: 0.4544, Accuracy: 80.28%, AUC: 0.80 - [VAL] Loss: 0.4772, Accuracy: 78.75%, AUC: 0.79
Epoch [80/100] - [TRAIN] Loss: 0.4501, Accuracy: 80.60%, AUC: 0.81 - [VAL] Loss: 0.4737, Accuracy: 78.91%, AUC: 0.79
Epoch [90/100] - [TRAIN] Loss: 0.4492, Accuracy: 80.87%, AUC: 0.81 - [VAL] Loss: 0.4734, Accuracy: 78.87%, AUC: 0.79
Epoch [100/100] - [TRAIN] Loss: 0.4539, Accuracy: 81.05%, AUC: 0.81 - [VAL] Loss: 0.4732, Accuracy: 78.91%, AUC: 0.79
Training finished!
Accuracy Score on test set: 80.37 %
AUC Score on test set: 0.80

Item: H3K4me3-H3K36me3-H3K9me3-H3K27me3
Epoch [10/100] - [TRAIN] Loss: 0.5127, Accuracy: 79.33%, AUC: 0.79 - [VAL] Loss: 0.5235, Accuracy: 78.48%, AUC: 0.78
Epoch [20/100] - [TRAIN] Loss: 0.4859, Accuracy: 79.90%, AUC: 0.80 - [VAL] Loss: 0.4998, Accuracy: 78.91%, AUC: 0.79
Epoch [30/100] - [TRAIN] Loss: 0.4773, Accuracy: 79.77%, AUC: 0.80 - [VAL] Loss: 0.4976, Accuracy: 78.71%, AUC: 0.79
Epoch [40/100] - [TRAIN] Loss: 0.4734, Accuracy: 80.03%, AUC: 0.80 - [VAL] Loss: 0.4906, Accuracy: 78.78%, AUC: 0.79
Epoch [50/100] - [TRAIN] Loss: 0.4694, Accuracy: 80.34%, AUC: 0.80 - [VAL] Loss: 0.4852, Accuracy: 78.69%, AUC: 0.79
Epoch [60/100] - [TRAIN] Loss: 0.4665, Accuracy: 80.54%, AUC: 0.81 - [VAL] Loss: 0.4895, Accuracy: 78.46%, AUC: 0.78
Epoch [70/100] - [TRAIN] Loss: 0.4644, Accuracy: 80.34%, AUC: 0.80 - [VAL] Loss: 0.4844, Accuracy: 78.69%, AUC: 0.79
Epoch [80/100] - [TRAIN] Loss: 0.4623, Accuracy: 80.22%, AUC: 0.80 - [VAL] Loss: 0.4831, Accuracy: 78.49%, AUC: 0.78
Epoch [90/100] - [TRAIN] Loss: 0.4607, Accuracy: 80.64%, AUC: 0.81 - [VAL] Loss: 0.4820, Accuracy: 78.58%, AUC: 0.79
Epoch [100/100] - [TRAIN] Loss: 0.4592, Accuracy: 80.67%, AUC: 0.81 - [VAL] Loss: 0.4812, Accuracy: 78.81%, AUC: 0.79
Training finished!
Accuracy Score on test set: 79.84 %
AUC Score on test set: 0.80

Item: H3K4me3-H3K36me3-H3K27me3-H3K9me3
Epoch [10/100] - [TRAIN] Loss: 0.5182, Accuracy: 79.07%, AUC: 0.79 - [VAL] Loss: 0.5123, Accuracy: 78.39%, AUC: 0.78
Epoch [20/100] - [TRAIN] Loss: 0.4829, Accuracy: 79.36%, AUC: 0.79 - [VAL] Loss: 0.4994, Accuracy: 78.86%, AUC: 0.79
Epoch [30/100] - [TRAIN] Loss: 0.4794, Accuracy: 79.77%, AUC: 0.80 - [VAL] Loss: 0.4892, Accuracy: 78.80%, AUC: 0.79
Epoch [40/100] - [TRAIN] Loss: 0.4736, Accuracy: 80.08%, AUC: 0.80 - [VAL] Loss: 0.4885, Accuracy: 78.17%, AUC: 0.78
Epoch [50/100] - [TRAIN] Loss: 0.4724, Accuracy: 80.17%, AUC: 0.80 - [VAL] Loss: 0.4883, Accuracy: 78.69%, AUC: 0.79
Epoch [60/100] - [TRAIN] Loss: 0.4703, Accuracy: 80.00%, AUC: 0.80 - [VAL] Loss: 0.4955, Accuracy: 77.41%, AUC: 0.77
Epoch [70/100] - [TRAIN] Loss: 0.4706, Accuracy: 80.26%, AUC: 0.80 - [VAL] Loss: 0.4835, Accuracy: 78.43%, AUC: 0.78
Epoch [80/100] - [TRAIN] Loss: 0.4626, Accuracy: 80.43%, AUC: 0.80 - [VAL] Loss: 0.4824, Accuracy: 78.55%, AUC: 0.79
Epoch [90/100] - [TRAIN] Loss: 0.4599, Accuracy: 80.35%, AUC: 0.80 - [VAL] Loss: 0.4814, Accuracy: 78.68%, AUC: 0.79
Epoch [100/100] - [TRAIN] Loss: 0.4591, Accuracy: 80.46%, AUC: 0.80 - [VAL] Loss: 0.4803, Accuracy: 78.58%, AUC: 0.79
Training finished!
Accuracy Score on test set: 79.87 %
AUC Score on test set: 0.80

Item: H3K4me3-H3K9me3-H3K36me3-H3K27me3
Epoch [10/100] - [TRAIN] Loss: 0.5264, Accuracy: 79.41%, AUC: 0.79 - [VAL] Loss: 0.5366, Accuracy: 78.06%, AUC: 0.78
Epoch [20/100] - [TRAIN] Loss: 0.4928, Accuracy: 79.47%, AUC: 0.79 - [VAL] Loss: 0.5029, Accuracy: 78.77%, AUC: 0.79
Epoch [30/100] - [TRAIN] Loss: 0.4780, Accuracy: 80.03%, AUC: 0.80 - [VAL] Loss: 0.4949, Accuracy: 78.72%, AUC: 0.79
Epoch [40/100] - [TRAIN] Loss: 0.4737, Accuracy: 79.77%, AUC: 0.80 - [VAL] Loss: 0.4942, Accuracy: 78.80%, AUC: 0.79
Epoch [50/100] - [TRAIN] Loss: 0.4706, Accuracy: 80.06%, AUC: 0.80 - [VAL] Loss: 0.4870, Accuracy: 78.69%, AUC: 0.79
Epoch [60/100] - [TRAIN] Loss: 0.4695, Accuracy: 80.29%, AUC: 0.80 - [VAL] Loss: 0.4874, Accuracy: 78.52%, AUC: 0.79
Epoch [70/100] - [TRAIN] Loss: 0.4623, Accuracy: 80.16%, AUC: 0.80 - [VAL] Loss: 0.4850, Accuracy: 78.84%, AUC: 0.79
Epoch [80/100] - [TRAIN] Loss: 0.4570, Accuracy: 80.38%, AUC: 0.80 - [VAL] Loss: 0.4825, Accuracy: 78.91%, AUC: 0.79
Epoch [90/100] - [TRAIN] Loss: 0.4618, Accuracy: 80.14%, AUC: 0.80 - [VAL] Loss: 0.4837, Accuracy: 78.83%, AUC: 0.79
Epoch [100/100] - [TRAIN] Loss: 0.4543, Accuracy: 80.70%, AUC: 0.81 - [VAL] Loss: 0.4882, Accuracy: 78.80%, AUC: 0.79
Training finished!
Accuracy Score on test set: 80.08 %
AUC Score on test set: 0.80

Item: H3K4me3-H3K9me3-H3K27me3-H3K36me3
Epoch [10/100] - [TRAIN] Loss: 0.5150, Accuracy: 79.30%, AUC: 0.79 - [VAL] Loss: 0.5381, Accuracy: 78.16%, AUC: 0.78
Epoch [20/100] - [TRAIN] Loss: 0.4872, Accuracy: 79.65%, AUC: 0.80 - [VAL] Loss: 0.5126, Accuracy: 78.78%, AUC: 0.79
Epoch [30/100] - [TRAIN] Loss: 0.4796, Accuracy: 79.73%, AUC: 0.80 - [VAL] Loss: 0.4980, Accuracy: 78.97%, AUC: 0.79
Epoch [40/100] - [TRAIN] Loss: 0.4718, Accuracy: 80.05%, AUC: 0.80 - [VAL] Loss: 0.4876, Accuracy: 78.94%, AUC: 0.79
Epoch [50/100] - [TRAIN] Loss: 0.4710, Accuracy: 80.08%, AUC: 0.80 - [VAL] Loss: 0.4860, Accuracy: 78.95%, AUC: 0.79
Epoch [60/100] - [TRAIN] Loss: 0.4689, Accuracy: 80.35%, AUC: 0.80 - [VAL] Loss: 0.4858, Accuracy: 78.57%, AUC: 0.79
Epoch [70/100] - [TRAIN] Loss: 0.4616, Accuracy: 80.49%, AUC: 0.80 - [VAL] Loss: 0.4836, Accuracy: 78.95%, AUC: 0.79
Epoch [80/100] - [TRAIN] Loss: 0.4575, Accuracy: 80.16%, AUC: 0.80 - [VAL] Loss: 0.4818, Accuracy: 78.98%, AUC: 0.79
Epoch [90/100] - [TRAIN] Loss: 0.4579, Accuracy: 80.75%, AUC: 0.81 - [VAL] Loss: 0.4788, Accuracy: 78.75%, AUC: 0.79
Epoch [100/100] - [TRAIN] Loss: 0.4593, Accuracy: 80.32%, AUC: 0.80 - [VAL] Loss: 0.4786, Accuracy: 78.94%, AUC: 0.79
Training finished!
Accuracy Score on test set: 79.82 %
AUC Score on test set: 0.80

Item: H3K4me3-H3K27me3-H3K36me3-H3K9me3
Epoch [10/100] - [TRAIN] Loss: 0.5114, Accuracy: 78.89%, AUC: 0.79 - [VAL] Loss: 0.5217, Accuracy: 78.60%, AUC: 0.79
Epoch [20/100] - [TRAIN] Loss: 0.4869, Accuracy: 79.99%, AUC: 0.80 - [VAL] Loss: 0.5026, Accuracy: 78.81%, AUC: 0.79
Epoch [30/100] - [TRAIN] Loss: 0.4786, Accuracy: 79.91%, AUC: 0.80 - [VAL] Loss: 0.4960, Accuracy: 78.91%, AUC: 0.79
Epoch [40/100] - [TRAIN] Loss: 0.4752, Accuracy: 80.17%, AUC: 0.80 - [VAL] Loss: 0.4995, Accuracy: 78.65%, AUC: 0.79
Epoch [50/100] - [TRAIN] Loss: 0.4675, Accuracy: 80.23%, AUC: 0.80 - [VAL] Loss: 0.4905, Accuracy: 78.74%, AUC: 0.79
Epoch [60/100] - [TRAIN] Loss: 0.4659, Accuracy: 80.23%, AUC: 0.80 - [VAL] Loss: 0.4856, Accuracy: 78.78%, AUC: 0.79
Epoch [70/100] - [TRAIN] Loss: 0.4625, Accuracy: 80.49%, AUC: 0.80 - [VAL] Loss: 0.4867, Accuracy: 78.89%, AUC: 0.79
Epoch [80/100] - [TRAIN] Loss: 0.4582, Accuracy: 80.54%, AUC: 0.81 - [VAL] Loss: 0.4837, Accuracy: 78.98%, AUC: 0.79
Epoch [90/100] - [TRAIN] Loss: 0.4585, Accuracy: 80.51%, AUC: 0.81 - [VAL] Loss: 0.4833, Accuracy: 78.74%, AUC: 0.79
Epoch [100/100] - [TRAIN] Loss: 0.4565, Accuracy: 80.58%, AUC: 0.81 - [VAL] Loss: 0.4823, Accuracy: 78.77%, AUC: 0.79
Training finished!
Accuracy Score on test set: 79.85 %
AUC Score on test set: 0.80

Item: H3K4me3-H3K27me3-H3K9me3-H3K36me3
Epoch [10/100] - [TRAIN] Loss: 0.5220, Accuracy: 79.13%, AUC: 0.79 - [VAL] Loss: 0.5249, Accuracy: 78.66%, AUC: 0.79
Epoch [20/100] - [TRAIN] Loss: 0.4896, Accuracy: 79.38%, AUC: 0.79 - [VAL] Loss: 0.5101, Accuracy: 78.72%, AUC: 0.79
Epoch [30/100] - [TRAIN] Loss: 0.4793, Accuracy: 79.68%, AUC: 0.80 - [VAL] Loss: 0.4957, Accuracy: 78.77%, AUC: 0.79
Epoch [40/100] - [TRAIN] Loss: 0.4726, Accuracy: 79.68%, AUC: 0.80 - [VAL] Loss: 0.4986, Accuracy: 78.80%, AUC: 0.79
Epoch [50/100] - [TRAIN] Loss: 0.4686, Accuracy: 79.85%, AUC: 0.80 - [VAL] Loss: 0.4834, Accuracy: 78.77%, AUC: 0.79
Epoch [60/100] - [TRAIN] Loss: 0.4646, Accuracy: 80.08%, AUC: 0.80 - [VAL] Loss: 0.4841, Accuracy: 78.97%, AUC: 0.79
Epoch [70/100] - [TRAIN] Loss: 0.4625, Accuracy: 80.25%, AUC: 0.80 - [VAL] Loss: 0.4859, Accuracy: 78.92%, AUC: 0.79
Epoch [80/100] - [TRAIN] Loss: 0.4618, Accuracy: 80.37%, AUC: 0.80 - [VAL] Loss: 0.4820, Accuracy: 78.77%, AUC: 0.79
Epoch [90/100] - [TRAIN] Loss: 0.4590, Accuracy: 80.67%, AUC: 0.81 - [VAL] Loss: 0.4848, Accuracy: 78.80%, AUC: 0.79
Epoch [100/100] - [TRAIN] Loss: 0.4548, Accuracy: 80.54%, AUC: 0.81 - [VAL] Loss: 0.4802, Accuracy: 78.97%, AUC: 0.79
Training finished!
Accuracy Score on test set: 79.73 %
AUC Score on test set: 0.80

Item: H3K36me3-H3K4me3-H3K9me3-H3K27me3
Epoch [10/100] - [TRAIN] Loss: 0.5165, Accuracy: 79.12%, AUC: 0.79 - [VAL] Loss: 0.5241, Accuracy: 78.49%, AUC: 0.78
Epoch [20/100] - [TRAIN] Loss: 0.4889, Accuracy: 79.68%, AUC: 0.80 - [VAL] Loss: 0.4982, Accuracy: 78.91%, AUC: 0.79
Epoch [30/100] - [TRAIN] Loss: 0.4826, Accuracy: 79.62%, AUC: 0.80 - [VAL] Loss: 0.4928, Accuracy: 78.72%, AUC: 0.79
Epoch [40/100] - [TRAIN] Loss: 0.4711, Accuracy: 79.96%, AUC: 0.80 - [VAL] Loss: 0.4886, Accuracy: 78.66%, AUC: 0.79
Epoch [50/100] - [TRAIN] Loss: 0.4723, Accuracy: 79.65%, AUC: 0.80 - [VAL] Loss: 0.4873, Accuracy: 78.81%, AUC: 0.79
Epoch [60/100] - [TRAIN] Loss: 0.4668, Accuracy: 79.87%, AUC: 0.80 - [VAL] Loss: 0.4855, Accuracy: 78.68%, AUC: 0.79
Epoch [70/100] - [TRAIN] Loss: 0.4653, Accuracy: 80.31%, AUC: 0.80 - [VAL] Loss: 0.4832, Accuracy: 78.65%, AUC: 0.79
Epoch [80/100] - [TRAIN] Loss: 0.4613, Accuracy: 80.28%, AUC: 0.80 - [VAL] Loss: 0.4822, Accuracy: 78.72%, AUC: 0.79
Epoch [90/100] - [TRAIN] Loss: 0.4612, Accuracy: 80.26%, AUC: 0.80 - [VAL] Loss: 0.4807, Accuracy: 78.92%, AUC: 0.79
Epoch [100/100] - [TRAIN] Loss: 0.4570, Accuracy: 80.38%, AUC: 0.80 - [VAL] Loss: 0.4811, Accuracy: 78.69%, AUC: 0.79
Training finished!
Accuracy Score on test set: 79.73 %
AUC Score on test set: 0.80

Item: H3K36me3-H3K4me3-H3K27me3-H3K9me3
Epoch [10/100] - [TRAIN] Loss: 0.5305, Accuracy: 78.92%, AUC: 0.79 - [VAL] Loss: 0.5395, Accuracy: 78.49%, AUC: 0.78
Epoch [20/100] - [TRAIN] Loss: 0.4917, Accuracy: 79.47%, AUC: 0.79 - [VAL] Loss: 0.5086, Accuracy: 78.74%, AUC: 0.79
Epoch [30/100] - [TRAIN] Loss: 0.4777, Accuracy: 80.16%, AUC: 0.80 - [VAL] Loss: 0.4953, Accuracy: 78.77%, AUC: 0.79
Epoch [40/100] - [TRAIN] Loss: 0.4756, Accuracy: 80.09%, AUC: 0.80 - [VAL] Loss: 0.4888, Accuracy: 78.68%, AUC: 0.79
Epoch [50/100] - [TRAIN] Loss: 0.4743, Accuracy: 80.02%, AUC: 0.80 - [VAL] Loss: 0.4905, Accuracy: 78.26%, AUC: 0.78
Epoch [60/100] - [TRAIN] Loss: 0.4649, Accuracy: 80.16%, AUC: 0.80 - [VAL] Loss: 0.4851, Accuracy: 78.68%, AUC: 0.79
Epoch [70/100] - [TRAIN] Loss: 0.4626, Accuracy: 80.41%, AUC: 0.80 - [VAL] Loss: 0.4838, Accuracy: 78.66%, AUC: 0.79
Epoch [80/100] - [TRAIN] Loss: 0.4597, Accuracy: 80.73%, AUC: 0.81 - [VAL] Loss: 0.4827, Accuracy: 78.63%, AUC: 0.79
Epoch [90/100] - [TRAIN] Loss: 0.4596, Accuracy: 80.41%, AUC: 0.80 - [VAL] Loss: 0.4810, Accuracy: 78.77%, AUC: 0.79
Epoch [100/100] - [TRAIN] Loss: 0.4567, Accuracy: 80.61%, AUC: 0.81 - [VAL] Loss: 0.4804, Accuracy: 78.66%, AUC: 0.79
Training finished!
Accuracy Score on test set: 79.84 %
AUC Score on test set: 0.80

Item: H3K36me3-H3K9me3-H3K4me3-H3K27me3
Epoch [10/100] - [TRAIN] Loss: 0.5223, Accuracy: 79.06%, AUC: 0.79 - [VAL] Loss: 0.5354, Accuracy: 78.32%, AUC: 0.78
Epoch [20/100] - [TRAIN] Loss: 0.4876, Accuracy: 79.32%, AUC: 0.79 - [VAL] Loss: 0.5026, Accuracy: 78.92%, AUC: 0.79
Epoch [30/100] - [TRAIN] Loss: 0.4756, Accuracy: 80.09%, AUC: 0.80 - [VAL] Loss: 0.4964, Accuracy: 78.81%, AUC: 0.79
Epoch [40/100] - [TRAIN] Loss: 0.4721, Accuracy: 79.82%, AUC: 0.80 - [VAL] Loss: 0.4951, Accuracy: 78.62%, AUC: 0.79
Epoch [50/100] - [TRAIN] Loss: 0.4661, Accuracy: 80.31%, AUC: 0.80 - [VAL] Loss: 0.4876, Accuracy: 78.74%, AUC: 0.79
Epoch [60/100] - [TRAIN] Loss: 0.4697, Accuracy: 80.14%, AUC: 0.80 - [VAL] Loss: 0.4871, Accuracy: 78.78%, AUC: 0.79
Epoch [70/100] - [TRAIN] Loss: 0.4683, Accuracy: 80.28%, AUC: 0.80 - [VAL] Loss: 0.4854, Accuracy: 78.77%, AUC: 0.79
Epoch [80/100] - [TRAIN] Loss: 0.4625, Accuracy: 80.32%, AUC: 0.80 - [VAL] Loss: 0.4833, Accuracy: 78.87%, AUC: 0.79
Epoch [90/100] - [TRAIN] Loss: 0.4598, Accuracy: 80.46%, AUC: 0.80 - [VAL] Loss: 0.4813, Accuracy: 78.84%, AUC: 0.79
Epoch [100/100] - [TRAIN] Loss: 0.4578, Accuracy: 80.37%, AUC: 0.80 - [VAL] Loss: 0.4806, Accuracy: 78.87%, AUC: 0.79
Training finished!
Accuracy Score on test set: 79.70 %
AUC Score on test set: 0.80

Item: H3K36me3-H3K9me3-H3K27me3-H3K4me3
Epoch [10/100] - [TRAIN] Loss: 0.5271, Accuracy: 78.92%, AUC: 0.79 - [VAL] Loss: 0.5333, Accuracy: 78.51%, AUC: 0.79
Epoch [20/100] - [TRAIN] Loss: 0.4937, Accuracy: 79.44%, AUC: 0.79 - [VAL] Loss: 0.5055, Accuracy: 78.75%, AUC: 0.79
Epoch [30/100] - [TRAIN] Loss: 0.4864, Accuracy: 79.67%, AUC: 0.80 - [VAL] Loss: 0.4987, Accuracy: 78.69%, AUC: 0.79
Epoch [40/100] - [TRAIN] Loss: 0.4759, Accuracy: 79.77%, AUC: 0.80 - [VAL] Loss: 0.4957, Accuracy: 78.55%, AUC: 0.79
Epoch [50/100] - [TRAIN] Loss: 0.4720, Accuracy: 79.74%, AUC: 0.80 - [VAL] Loss: 0.4876, Accuracy: 78.71%, AUC: 0.79
Epoch [60/100] - [TRAIN] Loss: 0.4650, Accuracy: 80.14%, AUC: 0.80 - [VAL] Loss: 0.4861, Accuracy: 78.71%, AUC: 0.79
Epoch [70/100] - [TRAIN] Loss: 0.4640, Accuracy: 80.12%, AUC: 0.80 - [VAL] Loss: 0.4848, Accuracy: 78.71%, AUC: 0.79
Epoch [80/100] - [TRAIN] Loss: 0.4628, Accuracy: 80.08%, AUC: 0.80 - [VAL] Loss: 0.4836, Accuracy: 78.84%, AUC: 0.79
Epoch [90/100] - [TRAIN] Loss: 0.4627, Accuracy: 80.49%, AUC: 0.80 - [VAL] Loss: 0.4830, Accuracy: 78.55%, AUC: 0.79
Epoch [100/100] - [TRAIN] Loss: 0.4592, Accuracy: 80.54%, AUC: 0.81 - [VAL] Loss: 0.4823, Accuracy: 78.89%, AUC: 0.79
Training finished!
Accuracy Score on test set: 79.61 %
AUC Score on test set: 0.80

Item: H3K36me3-H3K27me3-H3K4me3-H3K9me3
Epoch [10/100] - [TRAIN] Loss: 0.5192, Accuracy: 79.01%, AUC: 0.79 - [VAL] Loss: 0.5286, Accuracy: 78.37%, AUC: 0.78
Epoch [20/100] - [TRAIN] Loss: 0.4871, Accuracy: 79.64%, AUC: 0.80 - [VAL] Loss: 0.5111, Accuracy: 78.45%, AUC: 0.78
Epoch [30/100] - [TRAIN] Loss: 0.4768, Accuracy: 80.26%, AUC: 0.80 - [VAL] Loss: 0.4962, Accuracy: 79.01%, AUC: 0.79
Epoch [40/100] - [TRAIN] Loss: 0.4726, Accuracy: 79.97%, AUC: 0.80 - [VAL] Loss: 0.4950, Accuracy: 78.81%, AUC: 0.79
Epoch [50/100] - [TRAIN] Loss: 0.4695, Accuracy: 80.16%, AUC: 0.80 - [VAL] Loss: 0.4900, Accuracy: 78.95%, AUC: 0.79
Epoch [60/100] - [TRAIN] Loss: 0.4669, Accuracy: 80.14%, AUC: 0.80 - [VAL] Loss: 0.4900, Accuracy: 78.81%, AUC: 0.79
Epoch [70/100] - [TRAIN] Loss: 0.4674, Accuracy: 80.31%, AUC: 0.80 - [VAL] Loss: 0.4857, Accuracy: 78.94%, AUC: 0.79
Epoch [80/100] - [TRAIN] Loss: 0.4611, Accuracy: 80.49%, AUC: 0.80 - [VAL] Loss: 0.4900, Accuracy: 78.80%, AUC: 0.79
Epoch [90/100] - [TRAIN] Loss: 0.4593, Accuracy: 80.60%, AUC: 0.81 - [VAL] Loss: 0.4848, Accuracy: 78.77%, AUC: 0.79
Epoch [100/100] - [TRAIN] Loss: 0.4566, Accuracy: 80.37%, AUC: 0.80 - [VAL] Loss: 0.4824, Accuracy: 78.89%, AUC: 0.79
Training finished!
Accuracy Score on test set: 79.91 %
AUC Score on test set: 0.80

Item: H3K36me3-H3K27me3-H3K9me3-H3K4me3
Epoch [10/100] - [TRAIN] Loss: 0.5231, Accuracy: 79.16%, AUC: 0.79 - [VAL] Loss: 0.5232, Accuracy: 78.60%, AUC: 0.79
Epoch [20/100] - [TRAIN] Loss: 0.4874, Accuracy: 79.38%, AUC: 0.79 - [VAL] Loss: 0.5061, Accuracy: 78.74%, AUC: 0.79
Epoch [30/100] - [TRAIN] Loss: 0.4742, Accuracy: 79.96%, AUC: 0.80 - [VAL] Loss: 0.4930, Accuracy: 78.81%, AUC: 0.79
Epoch [40/100] - [TRAIN] Loss: 0.4738, Accuracy: 79.77%, AUC: 0.80 - [VAL] Loss: 0.4883, Accuracy: 78.78%, AUC: 0.79
Epoch [50/100] - [TRAIN] Loss: 0.4718, Accuracy: 80.14%, AUC: 0.80 - [VAL] Loss: 0.4933, Accuracy: 78.91%, AUC: 0.79
Epoch [60/100] - [TRAIN] Loss: 0.4686, Accuracy: 80.22%, AUC: 0.80 - [VAL] Loss: 0.4859, Accuracy: 78.48%, AUC: 0.78
Epoch [70/100] - [TRAIN] Loss: 0.4666, Accuracy: 79.87%, AUC: 0.80 - [VAL] Loss: 0.4833, Accuracy: 78.84%, AUC: 0.79
Epoch [80/100] - [TRAIN] Loss: 0.4610, Accuracy: 80.43%, AUC: 0.80 - [VAL] Loss: 0.4818, Accuracy: 78.74%, AUC: 0.79
Epoch [90/100] - [TRAIN] Loss: 0.4576, Accuracy: 80.26%, AUC: 0.80 - [VAL] Loss: 0.4814, Accuracy: 78.86%, AUC: 0.79
Epoch [100/100] - [TRAIN] Loss: 0.4541, Accuracy: 80.70%, AUC: 0.81 - [VAL] Loss: 0.4804, Accuracy: 78.89%, AUC: 0.79
Training finished!
Accuracy Score on test set: 79.90 %
AUC Score on test set: 0.80

Item: H3K9me3-H3K4me3-H3K36me3-H3K27me3
Epoch [10/100] - [TRAIN] Loss: 0.5158, Accuracy: 79.27%, AUC: 0.79 - [VAL] Loss: 0.5395, Accuracy: 78.10%, AUC: 0.78
Epoch [20/100] - [TRAIN] Loss: 0.4888, Accuracy: 79.80%, AUC: 0.80 - [VAL] Loss: 0.5284, Accuracy: 78.19%, AUC: 0.78
Epoch [30/100] - [TRAIN] Loss: 0.4829, Accuracy: 80.00%, AUC: 0.80 - [VAL] Loss: 0.4937, Accuracy: 78.71%, AUC: 0.79
Epoch [40/100] - [TRAIN] Loss: 0.4780, Accuracy: 80.19%, AUC: 0.80 - [VAL] Loss: 0.4923, Accuracy: 78.72%, AUC: 0.79
Epoch [50/100] - [TRAIN] Loss: 0.4722, Accuracy: 80.05%, AUC: 0.80 - [VAL] Loss: 0.4849, Accuracy: 78.92%, AUC: 0.79
Epoch [60/100] - [TRAIN] Loss: 0.4689, Accuracy: 80.29%, AUC: 0.80 - [VAL] Loss: 0.4903, Accuracy: 78.72%, AUC: 0.79
Epoch [70/100] - [TRAIN] Loss: 0.4664, Accuracy: 80.25%, AUC: 0.80 - [VAL] Loss: 0.4861, Accuracy: 78.75%, AUC: 0.79
Epoch [80/100] - [TRAIN] Loss: 0.4608, Accuracy: 80.75%, AUC: 0.81 - [VAL] Loss: 0.4814, Accuracy: 78.72%, AUC: 0.79
Epoch [90/100] - [TRAIN] Loss: 0.4603, Accuracy: 80.41%, AUC: 0.80 - [VAL] Loss: 0.4849, Accuracy: 78.83%, AUC: 0.79
Epoch [100/100] - [TRAIN] Loss: 0.4581, Accuracy: 80.38%, AUC: 0.80 - [VAL] Loss: 0.4800, Accuracy: 78.95%, AUC: 0.79
Training finished!
Accuracy Score on test set: 79.81 %
AUC Score on test set: 0.80

Item: H3K9me3-H3K4me3-H3K27me3-H3K36me3
Epoch [10/100] - [TRAIN] Loss: 0.5241, Accuracy: 79.10%, AUC: 0.79 - [VAL] Loss: 0.5349, Accuracy: 78.29%, AUC: 0.78
Epoch [20/100] - [TRAIN] Loss: 0.4908, Accuracy: 79.33%, AUC: 0.79 - [VAL] Loss: 0.5041, Accuracy: 78.72%, AUC: 0.79
Epoch [30/100] - [TRAIN] Loss: 0.4828, Accuracy: 79.84%, AUC: 0.80 - [VAL] Loss: 0.4919, Accuracy: 78.78%, AUC: 0.79
Epoch [40/100] - [TRAIN] Loss: 0.4725, Accuracy: 80.14%, AUC: 0.80 - [VAL] Loss: 0.4874, Accuracy: 78.68%, AUC: 0.79
Epoch [50/100] - [TRAIN] Loss: 0.4774, Accuracy: 80.22%, AUC: 0.80 - [VAL] Loss: 0.5029, Accuracy: 76.35%, AUC: 0.76
Epoch [60/100] - [TRAIN] Loss: 0.4662, Accuracy: 80.08%, AUC: 0.80 - [VAL] Loss: 0.4840, Accuracy: 78.80%, AUC: 0.79
Epoch [70/100] - [TRAIN] Loss: 0.4666, Accuracy: 80.49%, AUC: 0.80 - [VAL] Loss: 0.4956, Accuracy: 76.99%, AUC: 0.77
Epoch [80/100] - [TRAIN] Loss: 0.4633, Accuracy: 80.31%, AUC: 0.80 - [VAL] Loss: 0.4811, Accuracy: 78.66%, AUC: 0.79
Epoch [90/100] - [TRAIN] Loss: 0.4622, Accuracy: 80.51%, AUC: 0.81 - [VAL] Loss: 0.4814, Accuracy: 78.42%, AUC: 0.78
Epoch [100/100] - [TRAIN] Loss: 0.4569, Accuracy: 80.43%, AUC: 0.80 - [VAL] Loss: 0.4801, Accuracy: 78.52%, AUC: 0.79
Training finished!
Accuracy Score on test set: 79.78 %
AUC Score on test set: 0.80

Item: H3K9me3-H3K36me3-H3K4me3-H3K27me3
Epoch [10/100] - [TRAIN] Loss: 0.5239, Accuracy: 79.13%, AUC: 0.79 - [VAL] Loss: 0.5270, Accuracy: 78.69%, AUC: 0.79
Epoch [20/100] - [TRAIN] Loss: 0.4877, Accuracy: 79.85%, AUC: 0.80 - [VAL] Loss: 0.5024, Accuracy: 78.89%, AUC: 0.79
Epoch [30/100] - [TRAIN] Loss: 0.4788, Accuracy: 79.85%, AUC: 0.80 - [VAL] Loss: 0.4936, Accuracy: 78.92%, AUC: 0.79
Epoch [40/100] - [TRAIN] Loss: 0.4728, Accuracy: 80.09%, AUC: 0.80 - [VAL] Loss: 0.4869, Accuracy: 78.75%, AUC: 0.79
Epoch [50/100] - [TRAIN] Loss: 0.4685, Accuracy: 80.17%, AUC: 0.80 - [VAL] Loss: 0.4844, Accuracy: 78.86%, AUC: 0.79
Epoch [60/100] - [TRAIN] Loss: 0.4659, Accuracy: 80.11%, AUC: 0.80 - [VAL] Loss: 0.4822, Accuracy: 78.65%, AUC: 0.79
Epoch [70/100] - [TRAIN] Loss: 0.4635, Accuracy: 80.17%, AUC: 0.80 - [VAL] Loss: 0.4809, Accuracy: 78.89%, AUC: 0.79
Epoch [80/100] - [TRAIN] Loss: 0.4650, Accuracy: 80.58%, AUC: 0.81 - [VAL] Loss: 0.4818, Accuracy: 78.52%, AUC: 0.79
Epoch [90/100] - [TRAIN] Loss: 0.4604, Accuracy: 80.41%, AUC: 0.80 - [VAL] Loss: 0.4793, Accuracy: 78.66%, AUC: 0.79
Epoch [100/100] - [TRAIN] Loss: 0.4584, Accuracy: 80.57%, AUC: 0.81 - [VAL] Loss: 0.4779, Accuracy: 78.66%, AUC: 0.79
Training finished!
Accuracy Score on test set: 79.76 %
AUC Score on test set: 0.80

Item: H3K9me3-H3K36me3-H3K27me3-H3K4me3
Epoch [10/100] - [TRAIN] Loss: 0.5335, Accuracy: 78.94%, AUC: 0.79 - [VAL] Loss: 0.5395, Accuracy: 78.14%, AUC: 0.78
Epoch [20/100] - [TRAIN] Loss: 0.4986, Accuracy: 79.55%, AUC: 0.80 - [VAL] Loss: 0.5098, Accuracy: 78.69%, AUC: 0.79
Epoch [30/100] - [TRAIN] Loss: 0.4849, Accuracy: 79.88%, AUC: 0.80 - [VAL] Loss: 0.5001, Accuracy: 78.57%, AUC: 0.79
Epoch [40/100] - [TRAIN] Loss: 0.4764, Accuracy: 79.56%, AUC: 0.80 - [VAL] Loss: 0.4926, Accuracy: 78.63%, AUC: 0.79
Epoch [50/100] - [TRAIN] Loss: 0.4768, Accuracy: 79.93%, AUC: 0.80 - [VAL] Loss: 0.4975, Accuracy: 77.18%, AUC: 0.77
Epoch [60/100] - [TRAIN] Loss: 0.4753, Accuracy: 80.11%, AUC: 0.80 - [VAL] Loss: 0.4902, Accuracy: 78.25%, AUC: 0.78
Epoch [70/100] - [TRAIN] Loss: 0.4671, Accuracy: 80.63%, AUC: 0.81 - [VAL] Loss: 0.4869, Accuracy: 78.68%, AUC: 0.79
Epoch [80/100] - [TRAIN] Loss: 0.4604, Accuracy: 80.51%, AUC: 0.81 - [VAL] Loss: 0.4844, Accuracy: 78.69%, AUC: 0.79
Epoch [90/100] - [TRAIN] Loss: 0.4629, Accuracy: 80.03%, AUC: 0.80 - [VAL] Loss: 0.4851, Accuracy: 78.74%, AUC: 0.79
Epoch [100/100] - [TRAIN] Loss: 0.4609, Accuracy: 80.61%, AUC: 0.81 - [VAL] Loss: 0.4835, Accuracy: 78.60%, AUC: 0.79
Training finished!
Accuracy Score on test set: 79.67 %
AUC Score on test set: 0.80

Item: H3K9me3-H3K27me3-H3K4me3-H3K36me3
Epoch [10/100] - [TRAIN] Loss: 0.5192, Accuracy: 79.13%, AUC: 0.79 - [VAL] Loss: 0.5258, Accuracy: 78.39%, AUC: 0.78
Epoch [20/100] - [TRAIN] Loss: 0.4877, Accuracy: 79.47%, AUC: 0.79 - [VAL] Loss: 0.5136, Accuracy: 78.20%, AUC: 0.78
Epoch [30/100] - [TRAIN] Loss: 0.4857, Accuracy: 79.50%, AUC: 0.80 - [VAL] Loss: 0.4923, Accuracy: 78.20%, AUC: 0.78
Epoch [40/100] - [TRAIN] Loss: 0.4732, Accuracy: 79.96%, AUC: 0.80 - [VAL] Loss: 0.4899, Accuracy: 78.77%, AUC: 0.79
Epoch [50/100] - [TRAIN] Loss: 0.4705, Accuracy: 79.70%, AUC: 0.80 - [VAL] Loss: 0.4888, Accuracy: 78.77%, AUC: 0.79
Epoch [60/100] - [TRAIN] Loss: 0.4656, Accuracy: 80.17%, AUC: 0.80 - [VAL] Loss: 0.4854, Accuracy: 78.78%, AUC: 0.79
Epoch [70/100] - [TRAIN] Loss: 0.4614, Accuracy: 80.40%, AUC: 0.80 - [VAL] Loss: 0.4842, Accuracy: 78.81%, AUC: 0.79
Epoch [80/100] - [TRAIN] Loss: 0.4636, Accuracy: 79.87%, AUC: 0.80 - [VAL] Loss: 0.4830, Accuracy: 78.68%, AUC: 0.79
Epoch [90/100] - [TRAIN] Loss: 0.4575, Accuracy: 80.60%, AUC: 0.81 - [VAL] Loss: 0.4812, Accuracy: 78.86%, AUC: 0.79
Epoch [100/100] - [TRAIN] Loss: 0.4623, Accuracy: 80.51%, AUC: 0.81 - [VAL] Loss: 0.4827, Accuracy: 78.94%, AUC: 0.79
Training finished!
Accuracy Score on test set: 79.90 %
AUC Score on test set: 0.80

Item: H3K9me3-H3K27me3-H3K36me3-H3K4me3
Epoch [10/100] - [TRAIN] Loss: 0.5234, Accuracy: 79.03%, AUC: 0.79 - [VAL] Loss: 0.5181, Accuracy: 78.84%, AUC: 0.79
Epoch [20/100] - [TRAIN] Loss: 0.4858, Accuracy: 79.41%, AUC: 0.79 - [VAL] Loss: 0.4992, Accuracy: 78.86%, AUC: 0.79
Epoch [30/100] - [TRAIN] Loss: 0.4778, Accuracy: 79.82%, AUC: 0.80 - [VAL] Loss: 0.4884, Accuracy: 78.87%, AUC: 0.79
Epoch [40/100] - [TRAIN] Loss: 0.4704, Accuracy: 80.23%, AUC: 0.80 - [VAL] Loss: 0.4860, Accuracy: 78.75%, AUC: 0.79
Epoch [50/100] - [TRAIN] Loss: 0.4693, Accuracy: 80.05%, AUC: 0.80 - [VAL] Loss: 0.4834, Accuracy: 78.92%, AUC: 0.79
Epoch [60/100] - [TRAIN] Loss: 0.4695, Accuracy: 80.12%, AUC: 0.80 - [VAL] Loss: 0.4859, Accuracy: 78.71%, AUC: 0.79
Epoch [70/100] - [TRAIN] Loss: 0.4620, Accuracy: 80.49%, AUC: 0.80 - [VAL] Loss: 0.4809, Accuracy: 78.80%, AUC: 0.79
Epoch [80/100] - [TRAIN] Loss: 0.4602, Accuracy: 80.43%, AUC: 0.80 - [VAL] Loss: 0.4810, Accuracy: 78.87%, AUC: 0.79
Epoch [90/100] - [TRAIN] Loss: 0.4592, Accuracy: 80.26%, AUC: 0.80 - [VAL] Loss: 0.4797, Accuracy: 78.84%, AUC: 0.79
Epoch [100/100] - [TRAIN] Loss: 0.4563, Accuracy: 80.72%, AUC: 0.81 - [VAL] Loss: 0.4801, Accuracy: 78.75%, AUC: 0.79
Training finished!
Accuracy Score on test set: 79.94 %
AUC Score on test set: 0.80

Item: H3K27me3-H3K4me3-H3K36me3-H3K9me3
Epoch [10/100] - [TRAIN] Loss: 0.5164, Accuracy: 79.45%, AUC: 0.79 - [VAL] Loss: 0.5191, Accuracy: 78.71%, AUC: 0.79
Epoch [20/100] - [TRAIN] Loss: 0.4915, Accuracy: 79.47%, AUC: 0.79 - [VAL] Loss: 0.5032, Accuracy: 78.83%, AUC: 0.79
Epoch [30/100] - [TRAIN] Loss: 0.4766, Accuracy: 79.91%, AUC: 0.80 - [VAL] Loss: 0.4975, Accuracy: 78.58%, AUC: 0.79
Epoch [40/100] - [TRAIN] Loss: 0.4719, Accuracy: 80.14%, AUC: 0.80 - [VAL] Loss: 0.4936, Accuracy: 78.75%, AUC: 0.79
Epoch [50/100] - [TRAIN] Loss: 0.4684, Accuracy: 79.85%, AUC: 0.80 - [VAL] Loss: 0.4852, Accuracy: 78.72%, AUC: 0.79
Epoch [60/100] - [TRAIN] Loss: 0.4656, Accuracy: 80.22%, AUC: 0.80 - [VAL] Loss: 0.4857, Accuracy: 78.89%, AUC: 0.79
Epoch [70/100] - [TRAIN] Loss: 0.4619, Accuracy: 80.58%, AUC: 0.81 - [VAL] Loss: 0.4901, Accuracy: 78.77%, AUC: 0.79
Epoch [80/100] - [TRAIN] Loss: 0.4613, Accuracy: 80.25%, AUC: 0.80 - [VAL] Loss: 0.4808, Accuracy: 78.65%, AUC: 0.79
Epoch [90/100] - [TRAIN] Loss: 0.4562, Accuracy: 80.61%, AUC: 0.81 - [VAL] Loss: 0.4803, Accuracy: 78.75%, AUC: 0.79
Epoch [100/100] - [TRAIN] Loss: 0.4556, Accuracy: 80.51%, AUC: 0.81 - [VAL] Loss: 0.4801, Accuracy: 79.03%, AUC: 0.79
Training finished!
Accuracy Score on test set: 79.96 %
AUC Score on test set: 0.80

Item: H3K27me3-H3K4me3-H3K9me3-H3K36me3
Epoch [10/100] - [TRAIN] Loss: 0.5235, Accuracy: 79.16%, AUC: 0.79 - [VAL] Loss: 0.5345, Accuracy: 78.49%, AUC: 0.78
Epoch [20/100] - [TRAIN] Loss: 0.4899, Accuracy: 79.36%, AUC: 0.79 - [VAL] Loss: 0.5159, Accuracy: 78.52%, AUC: 0.79
Epoch [30/100] - [TRAIN] Loss: 0.4797, Accuracy: 80.06%, AUC: 0.80 - [VAL] Loss: 0.4955, Accuracy: 78.74%, AUC: 0.79
Epoch [40/100] - [TRAIN] Loss: 0.4773, Accuracy: 79.61%, AUC: 0.80 - [VAL] Loss: 0.4962, Accuracy: 78.68%, AUC: 0.79
Epoch [50/100] - [TRAIN] Loss: 0.4650, Accuracy: 80.28%, AUC: 0.80 - [VAL] Loss: 0.4877, Accuracy: 78.74%, AUC: 0.79
Epoch [60/100] - [TRAIN] Loss: 0.4641, Accuracy: 80.38%, AUC: 0.80 - [VAL] Loss: 0.4859, Accuracy: 78.58%, AUC: 0.79
Epoch [70/100] - [TRAIN] Loss: 0.4656, Accuracy: 80.16%, AUC: 0.80 - [VAL] Loss: 0.4875, Accuracy: 78.91%, AUC: 0.79
Epoch [80/100] - [TRAIN] Loss: 0.4656, Accuracy: 80.43%, AUC: 0.80 - [VAL] Loss: 0.4884, Accuracy: 78.05%, AUC: 0.78
Epoch [90/100] - [TRAIN] Loss: 0.4600, Accuracy: 80.26%, AUC: 0.80 - [VAL] Loss: 0.4855, Accuracy: 78.83%, AUC: 0.79
Epoch [100/100] - [TRAIN] Loss: 0.4566, Accuracy: 80.00%, AUC: 0.80 - [VAL] Loss: 0.4827, Accuracy: 78.92%, AUC: 0.79
Training finished!
Accuracy Score on test set: 79.76 %
AUC Score on test set: 0.80

Item: H3K27me3-H3K36me3-H3K4me3-H3K9me3
Epoch [10/100] - [TRAIN] Loss: 0.5187, Accuracy: 79.27%, AUC: 0.79 - [VAL] Loss: 0.5208, Accuracy: 78.78%, AUC: 0.79
Epoch [20/100] - [TRAIN] Loss: 0.4883, Accuracy: 79.71%, AUC: 0.80 - [VAL] Loss: 0.5012, Accuracy: 78.78%, AUC: 0.79
Epoch [30/100] - [TRAIN] Loss: 0.4749, Accuracy: 80.26%, AUC: 0.80 - [VAL] Loss: 0.4888, Accuracy: 78.54%, AUC: 0.79
Epoch [40/100] - [TRAIN] Loss: 0.4694, Accuracy: 80.03%, AUC: 0.80 - [VAL] Loss: 0.4861, Accuracy: 78.86%, AUC: 0.79
Epoch [50/100] - [TRAIN] Loss: 0.4678, Accuracy: 80.20%, AUC: 0.80 - [VAL] Loss: 0.4844, Accuracy: 78.91%, AUC: 0.79
Epoch [60/100] - [TRAIN] Loss: 0.4665, Accuracy: 80.20%, AUC: 0.80 - [VAL] Loss: 0.4818, Accuracy: 78.77%, AUC: 0.79
Epoch [70/100] - [TRAIN] Loss: 0.4631, Accuracy: 80.35%, AUC: 0.80 - [VAL] Loss: 0.4802, Accuracy: 78.71%, AUC: 0.79
Epoch [80/100] - [TRAIN] Loss: 0.4583, Accuracy: 80.37%, AUC: 0.80 - [VAL] Loss: 0.4798, Accuracy: 78.83%, AUC: 0.79
Epoch [90/100] - [TRAIN] Loss: 0.4659, Accuracy: 80.40%, AUC: 0.80 - [VAL] Loss: 0.4817, Accuracy: 78.14%, AUC: 0.78
Epoch [100/100] - [TRAIN] Loss: 0.4578, Accuracy: 80.12%, AUC: 0.80 - [VAL] Loss: 0.4784, Accuracy: 78.80%, AUC: 0.79
Training finished!
Accuracy Score on test set: 79.93 %
AUC Score on test set: 0.80

Item: H3K27me3-H3K36me3-H3K9me3-H3K4me3
Epoch [10/100] - [TRAIN] Loss: 0.5234, Accuracy: 79.33%, AUC: 0.79 - [VAL] Loss: 0.5268, Accuracy: 78.54%, AUC: 0.79
Epoch [20/100] - [TRAIN] Loss: 0.4891, Accuracy: 79.48%, AUC: 0.79 - [VAL] Loss: 0.4996, Accuracy: 78.81%, AUC: 0.79
Epoch [30/100] - [TRAIN] Loss: 0.4781, Accuracy: 79.96%, AUC: 0.80 - [VAL] Loss: 0.4907, Accuracy: 78.83%, AUC: 0.79
Epoch [40/100] - [TRAIN] Loss: 0.4706, Accuracy: 80.11%, AUC: 0.80 - [VAL] Loss: 0.4870, Accuracy: 78.84%, AUC: 0.79
Epoch [50/100] - [TRAIN] Loss: 0.4672, Accuracy: 80.25%, AUC: 0.80 - [VAL] Loss: 0.4833, Accuracy: 78.74%, AUC: 0.79
Epoch [60/100] - [TRAIN] Loss: 0.4633, Accuracy: 80.20%, AUC: 0.80 - [VAL] Loss: 0.4809, Accuracy: 78.72%, AUC: 0.79
Epoch [70/100] - [TRAIN] Loss: 0.4599, Accuracy: 80.40%, AUC: 0.80 - [VAL] Loss: 0.4797, Accuracy: 78.74%, AUC: 0.79
Epoch [80/100] - [TRAIN] Loss: 0.4652, Accuracy: 80.54%, AUC: 0.81 - [VAL] Loss: 0.4789, Accuracy: 78.66%, AUC: 0.79
Epoch [90/100] - [TRAIN] Loss: 0.4586, Accuracy: 80.49%, AUC: 0.80 - [VAL] Loss: 0.4775, Accuracy: 78.87%, AUC: 0.79
Epoch [100/100] - [TRAIN] Loss: 0.4554, Accuracy: 80.77%, AUC: 0.81 - [VAL] Loss: 0.4770, Accuracy: 78.89%, AUC: 0.79
Training finished!
Accuracy Score on test set: 79.69 %
AUC Score on test set: 0.80

Item: H3K27me3-H3K9me3-H3K4me3-H3K36me3
Epoch [10/100] - [TRAIN] Loss: 0.5327, Accuracy: 78.80%, AUC: 0.79 - [VAL] Loss: 0.5378, Accuracy: 78.32%, AUC: 0.78
Epoch [20/100] - [TRAIN] Loss: 0.4955, Accuracy: 79.38%, AUC: 0.79 - [VAL] Loss: 0.5380, Accuracy: 78.16%, AUC: 0.78
Epoch [30/100] - [TRAIN] Loss: 0.4901, Accuracy: 79.80%, AUC: 0.80 - [VAL] Loss: 0.4979, Accuracy: 77.93%, AUC: 0.78
Epoch [40/100] - [TRAIN] Loss: 0.4775, Accuracy: 79.74%, AUC: 0.80 - [VAL] Loss: 0.5053, Accuracy: 78.55%, AUC: 0.79
Epoch [50/100] - [TRAIN] Loss: 0.4737, Accuracy: 79.85%, AUC: 0.80 - [VAL] Loss: 0.4878, Accuracy: 78.54%, AUC: 0.79
Epoch [60/100] - [TRAIN] Loss: 0.4678, Accuracy: 79.74%, AUC: 0.80 - [VAL] Loss: 0.4907, Accuracy: 78.72%, AUC: 0.79
Epoch [70/100] - [TRAIN] Loss: 0.4642, Accuracy: 80.35%, AUC: 0.80 - [VAL] Loss: 0.4878, Accuracy: 78.81%, AUC: 0.79
Epoch [80/100] - [TRAIN] Loss: 0.4622, Accuracy: 80.37%, AUC: 0.80 - [VAL] Loss: 0.4865, Accuracy: 78.84%, AUC: 0.79
Epoch [90/100] - [TRAIN] Loss: 0.4678, Accuracy: 80.54%, AUC: 0.81 - [VAL] Loss: 0.4960, Accuracy: 76.98%, AUC: 0.77
Epoch [100/100] - [TRAIN] Loss: 0.4650, Accuracy: 80.17%, AUC: 0.80 - [VAL] Loss: 0.4842, Accuracy: 78.13%, AUC: 0.78
Training finished!
Accuracy Score on test set: 79.87 %
AUC Score on test set: 0.80

Item: H3K27me3-H3K9me3-H3K36me3-H3K4me3
Epoch [10/100] - [TRAIN] Loss: 0.5199, Accuracy: 79.30%, AUC: 0.79 - [VAL] Loss: 0.5321, Accuracy: 78.42%, AUC: 0.78
Epoch [20/100] - [TRAIN] Loss: 0.4895, Accuracy: 79.48%, AUC: 0.79 - [VAL] Loss: 0.5067, Accuracy: 78.78%, AUC: 0.79
Epoch [30/100] - [TRAIN] Loss: 0.4784, Accuracy: 79.87%, AUC: 0.80 - [VAL] Loss: 0.4960, Accuracy: 78.72%, AUC: 0.79
Epoch [40/100] - [TRAIN] Loss: 0.4730, Accuracy: 80.12%, AUC: 0.80 - [VAL] Loss: 0.4880, Accuracy: 78.72%, AUC: 0.79
Epoch [50/100] - [TRAIN] Loss: 0.4699, Accuracy: 80.22%, AUC: 0.80 - [VAL] Loss: 0.4855, Accuracy: 78.60%, AUC: 0.79
Epoch [60/100] - [TRAIN] Loss: 0.4654, Accuracy: 80.02%, AUC: 0.80 - [VAL] Loss: 0.4866, Accuracy: 78.78%, AUC: 0.79
Epoch [70/100] - [TRAIN] Loss: 0.4675, Accuracy: 80.31%, AUC: 0.80 - [VAL] Loss: 0.4842, Accuracy: 78.77%, AUC: 0.79
Epoch [80/100] - [TRAIN] Loss: 0.4648, Accuracy: 80.25%, AUC: 0.80 - [VAL] Loss: 0.4902, Accuracy: 78.65%, AUC: 0.79
Epoch [90/100] - [TRAIN] Loss: 0.4592, Accuracy: 80.60%, AUC: 0.81 - [VAL] Loss: 0.4834, Accuracy: 78.72%, AUC: 0.79
Epoch [100/100] - [TRAIN] Loss: 0.4556, Accuracy: 80.51%, AUC: 0.81 - [VAL] Loss: 0.4806, Accuracy: 78.80%, AUC: 0.79
Training finished!
Accuracy Score on test set: 79.75 %
AUC Score on test set: 0.80

Item: H3K4me1-H3K36me3-H3K9me3-H3K27me3
Epoch [10/100] - [TRAIN] Loss: 0.5430, Accuracy: 76.41%, AUC: 0.76 - [VAL] Loss: 0.5561, Accuracy: 75.85%, AUC: 0.76
Epoch [20/100] - [TRAIN] Loss: 0.5225, Accuracy: 77.46%, AUC: 0.77 - [VAL] Loss: 0.5377, Accuracy: 76.46%, AUC: 0.76
Epoch [30/100] - [TRAIN] Loss: 0.5084, Accuracy: 77.63%, AUC: 0.78 - [VAL] Loss: 0.5317, Accuracy: 76.64%, AUC: 0.77
Epoch [40/100] - [TRAIN] Loss: 0.5084, Accuracy: 78.57%, AUC: 0.79 - [VAL] Loss: 0.5178, Accuracy: 76.69%, AUC: 0.77
Epoch [50/100] - [TRAIN] Loss: 0.4917, Accuracy: 78.39%, AUC: 0.78 - [VAL] Loss: 0.5227, Accuracy: 76.75%, AUC: 0.77
Epoch [60/100] - [TRAIN] Loss: 0.4897, Accuracy: 78.88%, AUC: 0.79 - [VAL] Loss: 0.5154, Accuracy: 76.99%, AUC: 0.77
Epoch [70/100] - [TRAIN] Loss: 0.4907, Accuracy: 78.51%, AUC: 0.79 - [VAL] Loss: 0.5116, Accuracy: 76.92%, AUC: 0.77
Epoch [80/100] - [TRAIN] Loss: 0.4862, Accuracy: 78.77%, AUC: 0.79 - [VAL] Loss: 0.5095, Accuracy: 76.99%, AUC: 0.77
Epoch [90/100] - [TRAIN] Loss: 0.4735, Accuracy: 79.12%, AUC: 0.79 - [VAL] Loss: 0.5117, Accuracy: 76.96%, AUC: 0.77
Epoch [100/100] - [TRAIN] Loss: 0.4767, Accuracy: 79.06%, AUC: 0.79 - [VAL] Loss: 0.5128, Accuracy: 76.90%, AUC: 0.77
Training finished!
Accuracy Score on test set: 78.54 %
AUC Score on test set: 0.79

Item: H3K4me1-H3K36me3-H3K27me3-H3K9me3
Epoch [10/100] - [TRAIN] Loss: 0.5417, Accuracy: 76.60%, AUC: 0.77 - [VAL] Loss: 0.5512, Accuracy: 75.79%, AUC: 0.76
Epoch [20/100] - [TRAIN] Loss: 0.5194, Accuracy: 76.99%, AUC: 0.77 - [VAL] Loss: 0.5451, Accuracy: 76.23%, AUC: 0.76
Epoch [30/100] - [TRAIN] Loss: 0.5066, Accuracy: 77.91%, AUC: 0.78 - [VAL] Loss: 0.5307, Accuracy: 76.52%, AUC: 0.77
Epoch [40/100] - [TRAIN] Loss: 0.5005, Accuracy: 78.43%, AUC: 0.78 - [VAL] Loss: 0.5231, Accuracy: 76.67%, AUC: 0.77
Epoch [50/100] - [TRAIN] Loss: 0.5025, Accuracy: 78.43%, AUC: 0.78 - [VAL] Loss: 0.5150, Accuracy: 76.92%, AUC: 0.77
Epoch [60/100] - [TRAIN] Loss: 0.4909, Accuracy: 78.51%, AUC: 0.79 - [VAL] Loss: 0.5182, Accuracy: 76.66%, AUC: 0.77
Epoch [70/100] - [TRAIN] Loss: 0.4862, Accuracy: 79.13%, AUC: 0.79 - [VAL] Loss: 0.5163, Accuracy: 76.66%, AUC: 0.77
Epoch [80/100] - [TRAIN] Loss: 0.4804, Accuracy: 79.41%, AUC: 0.79 - [VAL] Loss: 0.5141, Accuracy: 76.69%, AUC: 0.77
Epoch [90/100] - [TRAIN] Loss: 0.4784, Accuracy: 79.07%, AUC: 0.79 - [VAL] Loss: 0.5061, Accuracy: 77.24%, AUC: 0.77
Epoch [100/100] - [TRAIN] Loss: 0.4762, Accuracy: 79.24%, AUC: 0.79 - [VAL] Loss: 0.5082, Accuracy: 76.99%, AUC: 0.77
Training finished!
Accuracy Score on test set: 78.62 %
AUC Score on test set: 0.79

Item: H3K4me1-H3K9me3-H3K36me3-H3K27me3
Epoch [10/100] - [TRAIN] Loss: 0.5481, Accuracy: 76.51%, AUC: 0.77 - [VAL] Loss: 0.5573, Accuracy: 75.37%, AUC: 0.75
Epoch [20/100] - [TRAIN] Loss: 0.5180, Accuracy: 77.52%, AUC: 0.78 - [VAL] Loss: 0.5385, Accuracy: 76.66%, AUC: 0.77
Epoch [30/100] - [TRAIN] Loss: 0.5066, Accuracy: 77.96%, AUC: 0.78 - [VAL] Loss: 0.5369, Accuracy: 76.66%, AUC: 0.77
Epoch [40/100] - [TRAIN] Loss: 0.4996, Accuracy: 78.24%, AUC: 0.78 - [VAL] Loss: 0.5313, Accuracy: 76.77%, AUC: 0.77
Epoch [50/100] - [TRAIN] Loss: 0.4943, Accuracy: 78.66%, AUC: 0.79 - [VAL] Loss: 0.5176, Accuracy: 76.84%, AUC: 0.77
Epoch [60/100] - [TRAIN] Loss: 0.4896, Accuracy: 78.63%, AUC: 0.79 - [VAL] Loss: 0.5231, Accuracy: 76.86%, AUC: 0.77
Epoch [70/100] - [TRAIN] Loss: 0.4848, Accuracy: 78.68%, AUC: 0.79 - [VAL] Loss: 0.5125, Accuracy: 77.18%, AUC: 0.77
Epoch [80/100] - [TRAIN] Loss: 0.4855, Accuracy: 79.18%, AUC: 0.79 - [VAL] Loss: 0.5090, Accuracy: 77.16%, AUC: 0.77
Epoch [90/100] - [TRAIN] Loss: 0.4800, Accuracy: 78.97%, AUC: 0.79 - [VAL] Loss: 0.5055, Accuracy: 77.16%, AUC: 0.77
Epoch [100/100] - [TRAIN] Loss: 0.4741, Accuracy: 79.56%, AUC: 0.80 - [VAL] Loss: 0.5069, Accuracy: 77.33%, AUC: 0.77
Training finished!
Accuracy Score on test set: 78.80 %
AUC Score on test set: 0.79

Item: H3K4me1-H3K9me3-H3K27me3-H3K36me3
Epoch [10/100] - [TRAIN] Loss: 0.5510, Accuracy: 76.36%, AUC: 0.76 - [VAL] Loss: 0.5689, Accuracy: 75.41%, AUC: 0.75
Epoch [20/100] - [TRAIN] Loss: 0.5204, Accuracy: 77.11%, AUC: 0.77 - [VAL] Loss: 0.5537, Accuracy: 76.06%, AUC: 0.76
Epoch [30/100] - [TRAIN] Loss: 0.5063, Accuracy: 78.22%, AUC: 0.78 - [VAL] Loss: 0.5332, Accuracy: 76.40%, AUC: 0.76
Epoch [40/100] - [TRAIN] Loss: 0.4962, Accuracy: 78.39%, AUC: 0.78 - [VAL] Loss: 0.5256, Accuracy: 76.49%, AUC: 0.76
Epoch [50/100] - [TRAIN] Loss: 0.4935, Accuracy: 78.52%, AUC: 0.79 - [VAL] Loss: 0.5127, Accuracy: 77.03%, AUC: 0.77
Epoch [60/100] - [TRAIN] Loss: 0.4905, Accuracy: 78.81%, AUC: 0.79 - [VAL] Loss: 0.5123, Accuracy: 76.80%, AUC: 0.77
Epoch [70/100] - [TRAIN] Loss: 0.4848, Accuracy: 78.89%, AUC: 0.79 - [VAL] Loss: 0.5096, Accuracy: 76.99%, AUC: 0.77
Epoch [80/100] - [TRAIN] Loss: 0.4815, Accuracy: 79.18%, AUC: 0.79 - [VAL] Loss: 0.5095, Accuracy: 77.10%, AUC: 0.77
Epoch [90/100] - [TRAIN] Loss: 0.4758, Accuracy: 79.36%, AUC: 0.79 - [VAL] Loss: 0.5088, Accuracy: 76.98%, AUC: 0.77
Epoch [100/100] - [TRAIN] Loss: 0.4835, Accuracy: 79.13%, AUC: 0.79 - [VAL] Loss: 0.4985, Accuracy: 77.55%, AUC: 0.78
Training finished!
Accuracy Score on test set: 78.66 %
AUC Score on test set: 0.79

Item: H3K4me1-H3K27me3-H3K36me3-H3K9me3
Epoch [10/100] - [TRAIN] Loss: 0.5410, Accuracy: 77.26%, AUC: 0.77 - [VAL] Loss: 0.5516, Accuracy: 76.22%, AUC: 0.76
Epoch [20/100] - [TRAIN] Loss: 0.5154, Accuracy: 77.26%, AUC: 0.77 - [VAL] Loss: 0.5443, Accuracy: 76.23%, AUC: 0.76
Epoch [30/100] - [TRAIN] Loss: 0.5092, Accuracy: 77.87%, AUC: 0.78 - [VAL] Loss: 0.5357, Accuracy: 76.48%, AUC: 0.76
Epoch [40/100] - [TRAIN] Loss: 0.4968, Accuracy: 78.17%, AUC: 0.78 - [VAL] Loss: 0.5304, Accuracy: 76.64%, AUC: 0.77
Epoch [50/100] - [TRAIN] Loss: 0.4928, Accuracy: 78.69%, AUC: 0.79 - [VAL] Loss: 0.5227, Accuracy: 76.58%, AUC: 0.77
Epoch [60/100] - [TRAIN] Loss: 0.4879, Accuracy: 78.63%, AUC: 0.79 - [VAL] Loss: 0.5150, Accuracy: 76.90%, AUC: 0.77
Epoch [70/100] - [TRAIN] Loss: 0.4818, Accuracy: 79.36%, AUC: 0.79 - [VAL] Loss: 0.5128, Accuracy: 76.86%, AUC: 0.77
Epoch [80/100] - [TRAIN] Loss: 0.4809, Accuracy: 78.80%, AUC: 0.79 - [VAL] Loss: 0.5134, Accuracy: 76.92%, AUC: 0.77
Epoch [90/100] - [TRAIN] Loss: 0.4783, Accuracy: 79.21%, AUC: 0.79 - [VAL] Loss: 0.5092, Accuracy: 77.10%, AUC: 0.77
Epoch [100/100] - [TRAIN] Loss: 0.4711, Accuracy: 79.65%, AUC: 0.80 - [VAL] Loss: 0.5040, Accuracy: 77.47%, AUC: 0.77
Training finished!
Accuracy Score on test set: 78.91 %
AUC Score on test set: 0.79

Item: H3K4me1-H3K27me3-H3K9me3-H3K36me3
Epoch [10/100] - [TRAIN] Loss: 0.5410, Accuracy: 76.76%, AUC: 0.77 - [VAL] Loss: 0.5535, Accuracy: 76.17%, AUC: 0.76
Epoch [20/100] - [TRAIN] Loss: 0.5181, Accuracy: 77.34%, AUC: 0.77 - [VAL] Loss: 0.5386, Accuracy: 76.69%, AUC: 0.77
Epoch [30/100] - [TRAIN] Loss: 0.5048, Accuracy: 77.70%, AUC: 0.78 - [VAL] Loss: 0.5310, Accuracy: 76.46%, AUC: 0.76
Epoch [40/100] - [TRAIN] Loss: 0.5012, Accuracy: 78.34%, AUC: 0.78 - [VAL] Loss: 0.5268, Accuracy: 76.52%, AUC: 0.77
Epoch [50/100] - [TRAIN] Loss: 0.4906, Accuracy: 78.48%, AUC: 0.78 - [VAL] Loss: 0.5210, Accuracy: 76.61%, AUC: 0.77
Epoch [60/100] - [TRAIN] Loss: 0.5009, Accuracy: 78.39%, AUC: 0.78 - [VAL] Loss: 0.5088, Accuracy: 76.93%, AUC: 0.77
Epoch [70/100] - [TRAIN] Loss: 0.4817, Accuracy: 79.06%, AUC: 0.79 - [VAL] Loss: 0.5120, Accuracy: 76.75%, AUC: 0.77
Epoch [80/100] - [TRAIN] Loss: 0.4870, Accuracy: 78.92%, AUC: 0.79 - [VAL] Loss: 0.5049, Accuracy: 77.07%, AUC: 0.77
Epoch [90/100] - [TRAIN] Loss: 0.4807, Accuracy: 79.04%, AUC: 0.79 - [VAL] Loss: 0.5162, Accuracy: 76.77%, AUC: 0.77
Epoch [100/100] - [TRAIN] Loss: 0.4750, Accuracy: 78.81%, AUC: 0.79 - [VAL] Loss: 0.5091, Accuracy: 76.87%, AUC: 0.77
Training finished!
Accuracy Score on test set: 78.28 %
AUC Score on test set: 0.78

Item: H3K36me3-H3K4me1-H3K9me3-H3K27me3
Epoch [10/100] - [TRAIN] Loss: 0.5511, Accuracy: 76.13%, AUC: 0.76 - [VAL] Loss: 0.5676, Accuracy: 75.25%, AUC: 0.75
Epoch [20/100] - [TRAIN] Loss: 0.5218, Accuracy: 77.03%, AUC: 0.77 - [VAL] Loss: 0.5375, Accuracy: 76.55%, AUC: 0.77
Epoch [30/100] - [TRAIN] Loss: 0.5048, Accuracy: 78.37%, AUC: 0.78 - [VAL] Loss: 0.5331, Accuracy: 76.37%, AUC: 0.76
Epoch [40/100] - [TRAIN] Loss: 0.5004, Accuracy: 78.46%, AUC: 0.78 - [VAL] Loss: 0.5194, Accuracy: 76.95%, AUC: 0.77
Epoch [50/100] - [TRAIN] Loss: 0.4935, Accuracy: 78.62%, AUC: 0.79 - [VAL] Loss: 0.5153, Accuracy: 77.07%, AUC: 0.77
Epoch [60/100] - [TRAIN] Loss: 0.4881, Accuracy: 78.91%, AUC: 0.79 - [VAL] Loss: 0.5257, Accuracy: 76.92%, AUC: 0.77
Epoch [70/100] - [TRAIN] Loss: 0.4842, Accuracy: 79.24%, AUC: 0.79 - [VAL] Loss: 0.5091, Accuracy: 77.24%, AUC: 0.77
Epoch [80/100] - [TRAIN] Loss: 0.4853, Accuracy: 79.15%, AUC: 0.79 - [VAL] Loss: 0.5122, Accuracy: 77.12%, AUC: 0.77
Epoch [90/100] - [TRAIN] Loss: 0.4757, Accuracy: 79.35%, AUC: 0.79 - [VAL] Loss: 0.5204, Accuracy: 76.90%, AUC: 0.77
Epoch [100/100] - [TRAIN] Loss: 0.4768, Accuracy: 79.03%, AUC: 0.79 - [VAL] Loss: 0.5096, Accuracy: 77.30%, AUC: 0.77
Training finished!
Accuracy Score on test set: 78.91 %
AUC Score on test set: 0.79

Item: H3K36me3-H3K4me1-H3K27me3-H3K9me3
Epoch [10/100] - [TRAIN] Loss: 0.5431, Accuracy: 76.50%, AUC: 0.76 - [VAL] Loss: 0.5479, Accuracy: 76.41%, AUC: 0.76
Epoch [20/100] - [TRAIN] Loss: 0.5111, Accuracy: 77.41%, AUC: 0.77 - [VAL] Loss: 0.5389, Accuracy: 76.73%, AUC: 0.77
Epoch [30/100] - [TRAIN] Loss: 0.4982, Accuracy: 78.39%, AUC: 0.78 - [VAL] Loss: 0.5319, Accuracy: 76.87%, AUC: 0.77
Epoch [40/100] - [TRAIN] Loss: 0.4950, Accuracy: 78.49%, AUC: 0.78 - [VAL] Loss: 0.5199, Accuracy: 77.01%, AUC: 0.77
Epoch [50/100] - [TRAIN] Loss: 0.4838, Accuracy: 79.15%, AUC: 0.79 - [VAL] Loss: 0.5130, Accuracy: 77.15%, AUC: 0.77
Epoch [60/100] - [TRAIN] Loss: 0.4843, Accuracy: 79.26%, AUC: 0.79 - [VAL] Loss: 0.5116, Accuracy: 77.32%, AUC: 0.77
Epoch [70/100] - [TRAIN] Loss: 0.4856, Accuracy: 79.18%, AUC: 0.79 - [VAL] Loss: 0.5179, Accuracy: 76.95%, AUC: 0.77
Epoch [80/100] - [TRAIN] Loss: 0.4797, Accuracy: 79.56%, AUC: 0.80 - [VAL] Loss: 0.5030, Accuracy: 77.59%, AUC: 0.78
Epoch [90/100] - [TRAIN] Loss: 0.4793, Accuracy: 79.13%, AUC: 0.79 - [VAL] Loss: 0.5070, Accuracy: 77.41%, AUC: 0.77
Epoch [100/100] - [TRAIN] Loss: 0.4752, Accuracy: 79.18%, AUC: 0.79 - [VAL] Loss: 0.5096, Accuracy: 77.48%, AUC: 0.77
Training finished!
Accuracy Score on test set: 78.71 %
AUC Score on test set: 0.79

Item: H3K36me3-H3K9me3-H3K4me1-H3K27me3
Epoch [10/100] - [TRAIN] Loss: 0.5437, Accuracy: 76.94%, AUC: 0.77 - [VAL] Loss: 0.5640, Accuracy: 75.47%, AUC: 0.75
Epoch [20/100] - [TRAIN] Loss: 0.5190, Accuracy: 77.26%, AUC: 0.77 - [VAL] Loss: 0.5362, Accuracy: 76.64%, AUC: 0.77
Epoch [30/100] - [TRAIN] Loss: 0.5063, Accuracy: 77.96%, AUC: 0.78 - [VAL] Loss: 0.5356, Accuracy: 76.35%, AUC: 0.76
Epoch [40/100] - [TRAIN] Loss: 0.4954, Accuracy: 78.46%, AUC: 0.78 - [VAL] Loss: 0.5291, Accuracy: 76.60%, AUC: 0.77
Epoch [50/100] - [TRAIN] Loss: 0.4917, Accuracy: 78.71%, AUC: 0.79 - [VAL] Loss: 0.5238, Accuracy: 76.48%, AUC: 0.76
Epoch [60/100] - [TRAIN] Loss: 0.4895, Accuracy: 78.92%, AUC: 0.79 - [VAL] Loss: 0.5119, Accuracy: 76.84%, AUC: 0.77
Epoch [70/100] - [TRAIN] Loss: 0.4815, Accuracy: 78.78%, AUC: 0.79 - [VAL] Loss: 0.5179, Accuracy: 76.66%, AUC: 0.77
Epoch [80/100] - [TRAIN] Loss: 0.4850, Accuracy: 78.78%, AUC: 0.79 - [VAL] Loss: 0.5127, Accuracy: 76.83%, AUC: 0.77
Epoch [90/100] - [TRAIN] Loss: 0.4781, Accuracy: 79.16%, AUC: 0.79 - [VAL] Loss: 0.5154, Accuracy: 76.75%, AUC: 0.77
Epoch [100/100] - [TRAIN] Loss: 0.4775, Accuracy: 79.39%, AUC: 0.79 - [VAL] Loss: 0.5369, Accuracy: 76.22%, AUC: 0.76
Training finished!
Accuracy Score on test set: 78.75 %
AUC Score on test set: 0.79

Item: H3K36me3-H3K9me3-H3K27me3-H3K4me1
Epoch [10/100] - [TRAIN] Loss: 0.5441, Accuracy: 76.44%, AUC: 0.76 - [VAL] Loss: 0.5543, Accuracy: 75.62%, AUC: 0.76
Epoch [20/100] - [TRAIN] Loss: 0.5163, Accuracy: 77.50%, AUC: 0.78 - [VAL] Loss: 0.5417, Accuracy: 76.44%, AUC: 0.76
Epoch [30/100] - [TRAIN] Loss: 0.5163, Accuracy: 77.78%, AUC: 0.78 - [VAL] Loss: 0.5252, Accuracy: 76.09%, AUC: 0.76
Epoch [40/100] - [TRAIN] Loss: 0.5004, Accuracy: 78.43%, AUC: 0.78 - [VAL] Loss: 0.5236, Accuracy: 76.49%, AUC: 0.76
Epoch [50/100] - [TRAIN] Loss: 0.4954, Accuracy: 78.31%, AUC: 0.78 - [VAL] Loss: 0.5282, Accuracy: 76.66%, AUC: 0.77
Epoch [60/100] - [TRAIN] Loss: 0.4896, Accuracy: 78.57%, AUC: 0.79 - [VAL] Loss: 0.5167, Accuracy: 76.92%, AUC: 0.77
Epoch [70/100] - [TRAIN] Loss: 0.4846, Accuracy: 78.84%, AUC: 0.79 - [VAL] Loss: 0.5112, Accuracy: 77.03%, AUC: 0.77
Epoch [80/100] - [TRAIN] Loss: 0.4838, Accuracy: 79.26%, AUC: 0.79 - [VAL] Loss: 0.5089, Accuracy: 77.24%, AUC: 0.77
Epoch [90/100] - [TRAIN] Loss: 0.4752, Accuracy: 79.30%, AUC: 0.79 - [VAL] Loss: 0.5095, Accuracy: 77.06%, AUC: 0.77
Epoch [100/100] - [TRAIN] Loss: 0.4727, Accuracy: 79.29%, AUC: 0.79 - [VAL] Loss: 0.5054, Accuracy: 77.47%, AUC: 0.77
Training finished!
Accuracy Score on test set: 78.80 %
AUC Score on test set: 0.79

Item: H3K36me3-H3K27me3-H3K4me1-H3K9me3
Epoch [10/100] - [TRAIN] Loss: 0.5358, Accuracy: 76.83%, AUC: 0.77 - [VAL] Loss: 0.5505, Accuracy: 76.14%, AUC: 0.76
Epoch [20/100] - [TRAIN] Loss: 0.5164, Accuracy: 77.58%, AUC: 0.78 - [VAL] Loss: 0.5357, Accuracy: 76.54%, AUC: 0.77
Epoch [30/100] - [TRAIN] Loss: 0.5051, Accuracy: 77.76%, AUC: 0.78 - [VAL] Loss: 0.5296, Accuracy: 76.55%, AUC: 0.77
Epoch [40/100] - [TRAIN] Loss: 0.5020, Accuracy: 78.39%, AUC: 0.78 - [VAL] Loss: 0.5195, Accuracy: 76.73%, AUC: 0.77
Epoch [50/100] - [TRAIN] Loss: 0.4897, Accuracy: 78.77%, AUC: 0.79 - [VAL] Loss: 0.5180, Accuracy: 76.78%, AUC: 0.77
Epoch [60/100] - [TRAIN] Loss: 0.4877, Accuracy: 78.97%, AUC: 0.79 - [VAL] Loss: 0.5150, Accuracy: 76.87%, AUC: 0.77
Epoch [70/100] - [TRAIN] Loss: 0.4848, Accuracy: 79.16%, AUC: 0.79 - [VAL] Loss: 0.5067, Accuracy: 77.25%, AUC: 0.77
Epoch [80/100] - [TRAIN] Loss: 0.4770, Accuracy: 79.32%, AUC: 0.79 - [VAL] Loss: 0.5078, Accuracy: 77.30%, AUC: 0.77
Epoch [90/100] - [TRAIN] Loss: 0.4795, Accuracy: 78.91%, AUC: 0.79 - [VAL] Loss: 0.5087, Accuracy: 77.03%, AUC: 0.77
Epoch [100/100] - [TRAIN] Loss: 0.4740, Accuracy: 79.45%, AUC: 0.79 - [VAL] Loss: 0.5042, Accuracy: 77.18%, AUC: 0.77
Training finished!
Accuracy Score on test set: 78.81 %
AUC Score on test set: 0.79

Item: H3K36me3-H3K27me3-H3K9me3-H3K4me1
Epoch [10/100] - [TRAIN] Loss: 0.5480, Accuracy: 76.68%, AUC: 0.77 - [VAL] Loss: 0.5551, Accuracy: 75.89%, AUC: 0.76
Epoch [20/100] - [TRAIN] Loss: 0.5186, Accuracy: 77.26%, AUC: 0.77 - [VAL] Loss: 0.5361, Accuracy: 76.58%, AUC: 0.77
Epoch [30/100] - [TRAIN] Loss: 0.5051, Accuracy: 78.13%, AUC: 0.78 - [VAL] Loss: 0.5293, Accuracy: 76.54%, AUC: 0.77
Epoch [40/100] - [TRAIN] Loss: 0.5026, Accuracy: 78.49%, AUC: 0.78 - [VAL] Loss: 0.5169, Accuracy: 77.01%, AUC: 0.77
Epoch [50/100] - [TRAIN] Loss: 0.4947, Accuracy: 78.40%, AUC: 0.78 - [VAL] Loss: 0.5183, Accuracy: 76.64%, AUC: 0.77
Epoch [60/100] - [TRAIN] Loss: 0.4842, Accuracy: 79.01%, AUC: 0.79 - [VAL] Loss: 0.5151, Accuracy: 76.78%, AUC: 0.77
Epoch [70/100] - [TRAIN] Loss: 0.4909, Accuracy: 79.00%, AUC: 0.79 - [VAL] Loss: 0.5099, Accuracy: 76.87%, AUC: 0.77
Epoch [80/100] - [TRAIN] Loss: 0.4851, Accuracy: 79.16%, AUC: 0.79 - [VAL] Loss: 0.5051, Accuracy: 77.39%, AUC: 0.77
Epoch [90/100] - [TRAIN] Loss: 0.4787, Accuracy: 78.91%, AUC: 0.79 - [VAL] Loss: 0.5051, Accuracy: 77.27%, AUC: 0.77
Epoch [100/100] - [TRAIN] Loss: 0.4798, Accuracy: 79.44%, AUC: 0.79 - [VAL] Loss: 0.5016, Accuracy: 77.45%, AUC: 0.77
Training finished!
Accuracy Score on test set: 78.68 %
AUC Score on test set: 0.79

Item: H3K9me3-H3K4me1-H3K36me3-H3K27me3
Epoch [10/100] - [TRAIN] Loss: 0.5443, Accuracy: 76.38%, AUC: 0.76 - [VAL] Loss: 0.5705, Accuracy: 75.22%, AUC: 0.75
Epoch [20/100] - [TRAIN] Loss: 0.5163, Accuracy: 77.23%, AUC: 0.77 - [VAL] Loss: 0.5517, Accuracy: 76.41%, AUC: 0.76
Epoch [30/100] - [TRAIN] Loss: 0.5054, Accuracy: 78.08%, AUC: 0.78 - [VAL] Loss: 0.5442, Accuracy: 76.35%, AUC: 0.76
Epoch [40/100] - [TRAIN] Loss: 0.4984, Accuracy: 78.17%, AUC: 0.78 - [VAL] Loss: 0.5286, Accuracy: 76.67%, AUC: 0.77
Epoch [50/100] - [TRAIN] Loss: 0.4903, Accuracy: 78.75%, AUC: 0.79 - [VAL] Loss: 0.5328, Accuracy: 76.72%, AUC: 0.77
Epoch [60/100] - [TRAIN] Loss: 0.4814, Accuracy: 79.20%, AUC: 0.79 - [VAL] Loss: 0.5246, Accuracy: 76.89%, AUC: 0.77
Epoch [70/100] - [TRAIN] Loss: 0.4823, Accuracy: 79.00%, AUC: 0.79 - [VAL] Loss: 0.5165, Accuracy: 77.25%, AUC: 0.77
Epoch [80/100] - [TRAIN] Loss: 0.4814, Accuracy: 79.18%, AUC: 0.79 - [VAL] Loss: 0.5137, Accuracy: 77.24%, AUC: 0.77
Epoch [90/100] - [TRAIN] Loss: 0.4830, Accuracy: 79.16%, AUC: 0.79 - [VAL] Loss: 0.5172, Accuracy: 77.15%, AUC: 0.77
Epoch [100/100] - [TRAIN] Loss: 0.4726, Accuracy: 79.27%, AUC: 0.79 - [VAL] Loss: 0.5068, Accuracy: 77.42%, AUC: 0.77
Training finished!
Accuracy Score on test set: 78.81 %
AUC Score on test set: 0.79

Item: H3K9me3-H3K4me1-H3K27me3-H3K36me3
Epoch [10/100] - [TRAIN] Loss: 0.5536, Accuracy: 76.80%, AUC: 0.77 - [VAL] Loss: 0.5571, Accuracy: 75.68%, AUC: 0.76
Epoch [20/100] - [TRAIN] Loss: 0.5177, Accuracy: 77.02%, AUC: 0.77 - [VAL] Loss: 0.5342, Accuracy: 76.14%, AUC: 0.76
Epoch [30/100] - [TRAIN] Loss: 0.5115, Accuracy: 77.69%, AUC: 0.78 - [VAL] Loss: 0.5300, Accuracy: 76.61%, AUC: 0.77
Epoch [40/100] - [TRAIN] Loss: 0.4967, Accuracy: 78.01%, AUC: 0.78 - [VAL] Loss: 0.5239, Accuracy: 76.64%, AUC: 0.77
Epoch [50/100] - [TRAIN] Loss: 0.4947, Accuracy: 78.24%, AUC: 0.78 - [VAL] Loss: 0.5153, Accuracy: 76.80%, AUC: 0.77
Epoch [60/100] - [TRAIN] Loss: 0.4874, Accuracy: 78.49%, AUC: 0.78 - [VAL] Loss: 0.5107, Accuracy: 76.86%, AUC: 0.77
Epoch [70/100] - [TRAIN] Loss: 0.4809, Accuracy: 78.51%, AUC: 0.79 - [VAL] Loss: 0.5131, Accuracy: 76.84%, AUC: 0.77
Epoch [80/100] - [TRAIN] Loss: 0.4809, Accuracy: 78.81%, AUC: 0.79 - [VAL] Loss: 0.5065, Accuracy: 77.10%, AUC: 0.77
Epoch [90/100] - [TRAIN] Loss: 0.4797, Accuracy: 79.26%, AUC: 0.79 - [VAL] Loss: 0.5163, Accuracy: 76.61%, AUC: 0.77
Epoch [100/100] - [TRAIN] Loss: 0.4773, Accuracy: 79.30%, AUC: 0.79 - [VAL] Loss: 0.5055, Accuracy: 77.07%, AUC: 0.77
Training finished!
Accuracy Score on test set: 78.66 %
AUC Score on test set: 0.79

Item: H3K9me3-H3K36me3-H3K4me1-H3K27me3
Epoch [10/100] - [TRAIN] Loss: 0.5584, Accuracy: 76.83%, AUC: 0.77 - [VAL] Loss: 0.5672, Accuracy: 75.48%, AUC: 0.75
Epoch [20/100] - [TRAIN] Loss: 0.5198, Accuracy: 77.37%, AUC: 0.77 - [VAL] Loss: 0.5438, Accuracy: 76.14%, AUC: 0.76
Epoch [30/100] - [TRAIN] Loss: 0.5067, Accuracy: 77.81%, AUC: 0.78 - [VAL] Loss: 0.5285, Accuracy: 76.48%, AUC: 0.76
Epoch [40/100] - [TRAIN] Loss: 0.4951, Accuracy: 78.30%, AUC: 0.78 - [VAL] Loss: 0.5228, Accuracy: 76.48%, AUC: 0.76
Epoch [50/100] - [TRAIN] Loss: 0.4906, Accuracy: 78.43%, AUC: 0.78 - [VAL] Loss: 0.5180, Accuracy: 76.75%, AUC: 0.77
Epoch [60/100] - [TRAIN] Loss: 0.4848, Accuracy: 79.01%, AUC: 0.79 - [VAL] Loss: 0.5121, Accuracy: 77.10%, AUC: 0.77
Epoch [70/100] - [TRAIN] Loss: 0.4805, Accuracy: 79.15%, AUC: 0.79 - [VAL] Loss: 0.5118, Accuracy: 77.09%, AUC: 0.77
Epoch [80/100] - [TRAIN] Loss: 0.4766, Accuracy: 79.33%, AUC: 0.79 - [VAL] Loss: 0.5077, Accuracy: 77.10%, AUC: 0.77
Epoch [90/100] - [TRAIN] Loss: 0.4753, Accuracy: 79.20%, AUC: 0.79 - [VAL] Loss: 0.5039, Accuracy: 76.98%, AUC: 0.77
Epoch [100/100] - [TRAIN] Loss: 0.4750, Accuracy: 79.52%, AUC: 0.80 - [VAL] Loss: 0.5055, Accuracy: 77.15%, AUC: 0.77
Training finished!
Accuracy Score on test set: 78.48 %
AUC Score on test set: 0.78

Item: H3K9me3-H3K36me3-H3K27me3-H3K4me1
Epoch [10/100] - [TRAIN] Loss: 0.5427, Accuracy: 76.47%, AUC: 0.76 - [VAL] Loss: 0.5503, Accuracy: 75.86%, AUC: 0.76
Epoch [20/100] - [TRAIN] Loss: 0.5156, Accuracy: 77.05%, AUC: 0.77 - [VAL] Loss: 0.5404, Accuracy: 76.66%, AUC: 0.77
Epoch [30/100] - [TRAIN] Loss: 0.5082, Accuracy: 77.50%, AUC: 0.78 - [VAL] Loss: 0.5258, Accuracy: 76.64%, AUC: 0.77
Epoch [40/100] - [TRAIN] Loss: 0.4988, Accuracy: 78.05%, AUC: 0.78 - [VAL] Loss: 0.5203, Accuracy: 76.86%, AUC: 0.77
Epoch [50/100] - [TRAIN] Loss: 0.4949, Accuracy: 78.57%, AUC: 0.79 - [VAL] Loss: 0.5160, Accuracy: 76.78%, AUC: 0.77
Epoch [60/100] - [TRAIN] Loss: 0.4884, Accuracy: 78.74%, AUC: 0.79 - [VAL] Loss: 0.5151, Accuracy: 76.70%, AUC: 0.77
Epoch [70/100] - [TRAIN] Loss: 0.4829, Accuracy: 79.07%, AUC: 0.79 - [VAL] Loss: 0.5093, Accuracy: 77.03%, AUC: 0.77
Epoch [80/100] - [TRAIN] Loss: 0.4806, Accuracy: 79.48%, AUC: 0.79 - [VAL] Loss: 0.5144, Accuracy: 76.66%, AUC: 0.77
Epoch [90/100] - [TRAIN] Loss: 0.4781, Accuracy: 79.36%, AUC: 0.79 - [VAL] Loss: 0.5068, Accuracy: 77.12%, AUC: 0.77
Epoch [100/100] - [TRAIN] Loss: 0.4747, Accuracy: 79.33%, AUC: 0.79 - [VAL] Loss: 0.5035, Accuracy: 77.35%, AUC: 0.77
Training finished!
Accuracy Score on test set: 78.63 %
AUC Score on test set: 0.79

Item: H3K9me3-H3K27me3-H3K4me1-H3K36me3
Epoch [10/100] - [TRAIN] Loss: 0.5449, Accuracy: 77.03%, AUC: 0.77 - [VAL] Loss: 0.5604, Accuracy: 75.80%, AUC: 0.76
Epoch [20/100] - [TRAIN] Loss: 0.5179, Accuracy: 77.70%, AUC: 0.78 - [VAL] Loss: 0.5405, Accuracy: 76.44%, AUC: 0.76
Epoch [30/100] - [TRAIN] Loss: 0.5062, Accuracy: 78.10%, AUC: 0.78 - [VAL] Loss: 0.5407, Accuracy: 76.43%, AUC: 0.76
Epoch [40/100] - [TRAIN] Loss: 0.4982, Accuracy: 78.07%, AUC: 0.78 - [VAL] Loss: 0.5256, Accuracy: 76.60%, AUC: 0.77
Epoch [50/100] - [TRAIN] Loss: 0.4944, Accuracy: 78.62%, AUC: 0.79 - [VAL] Loss: 0.5226, Accuracy: 76.81%, AUC: 0.77
Epoch [60/100] - [TRAIN] Loss: 0.4908, Accuracy: 78.43%, AUC: 0.78 - [VAL] Loss: 0.5188, Accuracy: 76.95%, AUC: 0.77
Epoch [70/100] - [TRAIN] Loss: 0.4852, Accuracy: 79.09%, AUC: 0.79 - [VAL] Loss: 0.5232, Accuracy: 76.64%, AUC: 0.77
Epoch [80/100] - [TRAIN] Loss: 0.4827, Accuracy: 79.06%, AUC: 0.79 - [VAL] Loss: 0.5188, Accuracy: 76.64%, AUC: 0.77
Epoch [90/100] - [TRAIN] Loss: 0.4729, Accuracy: 79.44%, AUC: 0.79 - [VAL] Loss: 0.5133, Accuracy: 76.90%, AUC: 0.77
Epoch [100/100] - [TRAIN] Loss: 0.4733, Accuracy: 79.26%, AUC: 0.79 - [VAL] Loss: 0.5160, Accuracy: 76.78%, AUC: 0.77
Training finished!
Accuracy Score on test set: 78.69 %
AUC Score on test set: 0.79

Item: H3K9me3-H3K27me3-H3K36me3-H3K4me1
Epoch [10/100] - [TRAIN] Loss: 0.5451, Accuracy: 76.31%, AUC: 0.76 - [VAL] Loss: 0.5595, Accuracy: 75.92%, AUC: 0.76
Epoch [20/100] - [TRAIN] Loss: 0.5182, Accuracy: 77.67%, AUC: 0.78 - [VAL] Loss: 0.5446, Accuracy: 76.40%, AUC: 0.76
Epoch [30/100] - [TRAIN] Loss: 0.5077, Accuracy: 77.66%, AUC: 0.78 - [VAL] Loss: 0.5293, Accuracy: 76.77%, AUC: 0.77
Epoch [40/100] - [TRAIN] Loss: 0.4950, Accuracy: 78.20%, AUC: 0.78 - [VAL] Loss: 0.5257, Accuracy: 76.77%, AUC: 0.77
Epoch [50/100] - [TRAIN] Loss: 0.4851, Accuracy: 78.89%, AUC: 0.79 - [VAL] Loss: 0.5157, Accuracy: 76.99%, AUC: 0.77
Epoch [60/100] - [TRAIN] Loss: 0.4855, Accuracy: 78.71%, AUC: 0.79 - [VAL] Loss: 0.5205, Accuracy: 76.70%, AUC: 0.77
Epoch [70/100] - [TRAIN] Loss: 0.4776, Accuracy: 79.30%, AUC: 0.79 - [VAL] Loss: 0.5100, Accuracy: 77.12%, AUC: 0.77
Epoch [80/100] - [TRAIN] Loss: 0.4736, Accuracy: 79.18%, AUC: 0.79 - [VAL] Loss: 0.5090, Accuracy: 77.27%, AUC: 0.77
Epoch [90/100] - [TRAIN] Loss: 0.4762, Accuracy: 79.12%, AUC: 0.79 - [VAL] Loss: 0.5078, Accuracy: 77.25%, AUC: 0.77
Epoch [100/100] - [TRAIN] Loss: 0.4735, Accuracy: 79.42%, AUC: 0.79 - [VAL] Loss: 0.5152, Accuracy: 76.80%, AUC: 0.77
Training finished!
Accuracy Score on test set: 78.77 %
AUC Score on test set: 0.79

Item: H3K27me3-H3K4me1-H3K36me3-H3K9me3
Epoch [10/100] - [TRAIN] Loss: 0.5506, Accuracy: 76.56%, AUC: 0.77 - [VAL] Loss: 0.5584, Accuracy: 75.73%, AUC: 0.76
Epoch [20/100] - [TRAIN] Loss: 0.5195, Accuracy: 77.29%, AUC: 0.77 - [VAL] Loss: 0.5531, Accuracy: 76.15%, AUC: 0.76
Epoch [30/100] - [TRAIN] Loss: 0.5052, Accuracy: 78.33%, AUC: 0.78 - [VAL] Loss: 0.5329, Accuracy: 76.58%, AUC: 0.77
Epoch [40/100] - [TRAIN] Loss: 0.5015, Accuracy: 78.22%, AUC: 0.78 - [VAL] Loss: 0.5308, Accuracy: 76.48%, AUC: 0.76
Epoch [50/100] - [TRAIN] Loss: 0.4948, Accuracy: 78.91%, AUC: 0.79 - [VAL] Loss: 0.5209, Accuracy: 76.80%, AUC: 0.77
Epoch [60/100] - [TRAIN] Loss: 0.4870, Accuracy: 78.72%, AUC: 0.79 - [VAL] Loss: 0.5152, Accuracy: 76.95%, AUC: 0.77
Epoch [70/100] - [TRAIN] Loss: 0.4865, Accuracy: 78.42%, AUC: 0.78 - [VAL] Loss: 0.5132, Accuracy: 76.98%, AUC: 0.77
Epoch [80/100] - [TRAIN] Loss: 0.4828, Accuracy: 79.38%, AUC: 0.79 - [VAL] Loss: 0.5082, Accuracy: 77.15%, AUC: 0.77
Epoch [90/100] - [TRAIN] Loss: 0.4788, Accuracy: 79.09%, AUC: 0.79 - [VAL] Loss: 0.5139, Accuracy: 76.93%, AUC: 0.77
Epoch [100/100] - [TRAIN] Loss: 0.4741, Accuracy: 79.52%, AUC: 0.80 - [VAL] Loss: 0.5015, Accuracy: 77.44%, AUC: 0.77
Training finished!
Accuracy Score on test set: 78.92 %
AUC Score on test set: 0.79

Saving the final results
Batch FINISHED!!!

Real-time duration: 5943.161135299 seconds
