Using cpu device
Loading the data ...
Item: H3K36me3-H3K4me1-H3K9me3-H3K4me3
Epoch [10/100] - [TRAIN] Loss: 0.5253, Accuracy: 79.18%, AUC: 0.79 - [VAL] Loss: 0.5389, Accuracy: 78.52%, AUC: 0.79
Epoch [20/100] - [TRAIN] Loss: 0.5007, Accuracy: 80.05%, AUC: 0.80 - [VAL] Loss: 0.5019, Accuracy: 78.63%, AUC: 0.79
Epoch [30/100] - [TRAIN] Loss: 0.4778, Accuracy: 80.29%, AUC: 0.80 - [VAL] Loss: 0.5164, Accuracy: 78.68%, AUC: 0.79
Epoch [40/100] - [TRAIN] Loss: 0.4679, Accuracy: 80.41%, AUC: 0.80 - [VAL] Loss: 0.4989, Accuracy: 79.00%, AUC: 0.79
Epoch [50/100] - [TRAIN] Loss: 0.4584, Accuracy: 80.54%, AUC: 0.81 - [VAL] Loss: 0.5061, Accuracy: 78.71%, AUC: 0.79
Epoch [60/100] - [TRAIN] Loss: 0.4604, Accuracy: 80.60%, AUC: 0.81 - [VAL] Loss: 0.5004, Accuracy: 78.65%, AUC: 0.79
Epoch [70/100] - [TRAIN] Loss: 0.4560, Accuracy: 80.81%, AUC: 0.81 - [VAL] Loss: 0.4920, Accuracy: 78.86%, AUC: 0.79
Epoch [80/100] - [TRAIN] Loss: 0.4518, Accuracy: 80.80%, AUC: 0.81 - [VAL] Loss: 0.4917, Accuracy: 78.86%, AUC: 0.79
Epoch [90/100] - [TRAIN] Loss: 0.4523, Accuracy: 80.89%, AUC: 0.81 - [VAL] Loss: 0.4889, Accuracy: 78.91%, AUC: 0.79
Epoch [100/100] - [TRAIN] Loss: 0.4538, Accuracy: 80.66%, AUC: 0.81 - [VAL] Loss: 0.4765, Accuracy: 79.07%, AUC: 0.79
Training finished!
Accuracy Score on test set: 80.36 %
AUC Score on test set: 0.80

Item: H3K36me3-H3K9me3-H3K4me3-H3K4me1
Epoch [10/100] - [TRAIN] Loss: 0.5219, Accuracy: 79.52%, AUC: 0.80 - [VAL] Loss: 0.5399, Accuracy: 78.25%, AUC: 0.78
Epoch [20/100] - [TRAIN] Loss: 0.4909, Accuracy: 79.74%, AUC: 0.80 - [VAL] Loss: 0.5023, Accuracy: 78.77%, AUC: 0.79
Epoch [30/100] - [TRAIN] Loss: 0.4745, Accuracy: 80.12%, AUC: 0.80 - [VAL] Loss: 0.5008, Accuracy: 78.62%, AUC: 0.79
Epoch [40/100] - [TRAIN] Loss: 0.4688, Accuracy: 80.52%, AUC: 0.81 - [VAL] Loss: 0.4925, Accuracy: 78.66%, AUC: 0.79
Epoch [50/100] - [TRAIN] Loss: 0.4713, Accuracy: 80.63%, AUC: 0.81 - [VAL] Loss: 0.5173, Accuracy: 75.45%, AUC: 0.75
Epoch [60/100] - [TRAIN] Loss: 0.4516, Accuracy: 80.87%, AUC: 0.81 - [VAL] Loss: 0.4843, Accuracy: 78.87%, AUC: 0.79
Epoch [70/100] - [TRAIN] Loss: 0.4522, Accuracy: 80.64%, AUC: 0.81 - [VAL] Loss: 0.4856, Accuracy: 78.86%, AUC: 0.79
Epoch [80/100] - [TRAIN] Loss: 0.4513, Accuracy: 80.48%, AUC: 0.80 - [VAL] Loss: 0.4771, Accuracy: 78.98%, AUC: 0.79
Epoch [90/100] - [TRAIN] Loss: 0.4444, Accuracy: 80.77%, AUC: 0.81 - [VAL] Loss: 0.4842, Accuracy: 78.92%, AUC: 0.79
Epoch [100/100] - [TRAIN] Loss: 0.4429, Accuracy: 81.15%, AUC: 0.81 - [VAL] Loss: 0.4748, Accuracy: 78.92%, AUC: 0.79
Training finished!
Accuracy Score on test set: 80.31 %
AUC Score on test set: 0.80

Item: H3K36me3-H3K9me3-H3K4me1-H3K4me3
Epoch [10/100] - [TRAIN] Loss: 0.5234, Accuracy: 79.90%, AUC: 0.80 - [VAL] Loss: 0.5394, Accuracy: 78.25%, AUC: 0.78
Epoch [20/100] - [TRAIN] Loss: 0.4904, Accuracy: 80.20%, AUC: 0.80 - [VAL] Loss: 0.5157, Accuracy: 78.80%, AUC: 0.79
Epoch [30/100] - [TRAIN] Loss: 0.4783, Accuracy: 79.73%, AUC: 0.80 - [VAL] Loss: 0.4996, Accuracy: 78.84%, AUC: 0.79
Epoch [40/100] - [TRAIN] Loss: 0.4657, Accuracy: 80.55%, AUC: 0.81 - [VAL] Loss: 0.5132, Accuracy: 78.60%, AUC: 0.79
Epoch [50/100] - [TRAIN] Loss: 0.4572, Accuracy: 80.89%, AUC: 0.81 - [VAL] Loss: 0.4957, Accuracy: 78.71%, AUC: 0.79
Epoch [60/100] - [TRAIN] Loss: 0.4542, Accuracy: 80.69%, AUC: 0.81 - [VAL] Loss: 0.4832, Accuracy: 79.03%, AUC: 0.79
Epoch [70/100] - [TRAIN] Loss: 0.4525, Accuracy: 80.75%, AUC: 0.81 - [VAL] Loss: 0.4911, Accuracy: 78.78%, AUC: 0.79
Epoch [80/100] - [TRAIN] Loss: 0.4510, Accuracy: 80.86%, AUC: 0.81 - [VAL] Loss: 0.4804, Accuracy: 78.98%, AUC: 0.79
Epoch [90/100] - [TRAIN] Loss: 0.4525, Accuracy: 80.58%, AUC: 0.81 - [VAL] Loss: 0.4751, Accuracy: 79.10%, AUC: 0.79
Epoch [100/100] - [TRAIN] Loss: 0.4452, Accuracy: 80.89%, AUC: 0.81 - [VAL] Loss: 0.4817, Accuracy: 78.97%, AUC: 0.79
Training finished!
Accuracy Score on test set: 80.46 %
AUC Score on test set: 0.80

Item: H3K9me3-H3K4me3-H3K4me1-H3K36me3
Epoch [10/100] - [TRAIN] Loss: 0.5147, Accuracy: 79.06%, AUC: 0.79 - [VAL] Loss: 0.5308, Accuracy: 78.42%, AUC: 0.78
Epoch [20/100] - [TRAIN] Loss: 0.4886, Accuracy: 79.77%, AUC: 0.80 - [VAL] Loss: 0.5042, Accuracy: 78.83%, AUC: 0.79
Epoch [30/100] - [TRAIN] Loss: 0.4724, Accuracy: 79.90%, AUC: 0.80 - [VAL] Loss: 0.5042, Accuracy: 78.69%, AUC: 0.79
Epoch [40/100] - [TRAIN] Loss: 0.4630, Accuracy: 80.67%, AUC: 0.81 - [VAL] Loss: 0.4863, Accuracy: 78.66%, AUC: 0.79
Epoch [50/100] - [TRAIN] Loss: 0.4611, Accuracy: 80.46%, AUC: 0.80 - [VAL] Loss: 0.4890, Accuracy: 78.84%, AUC: 0.79
Epoch [60/100] - [TRAIN] Loss: 0.4596, Accuracy: 80.48%, AUC: 0.80 - [VAL] Loss: 0.4926, Accuracy: 78.60%, AUC: 0.79
Epoch [70/100] - [TRAIN] Loss: 0.4559, Accuracy: 81.04%, AUC: 0.81 - [VAL] Loss: 0.4897, Accuracy: 78.74%, AUC: 0.79
Epoch [80/100] - [TRAIN] Loss: 0.4620, Accuracy: 80.51%, AUC: 0.81 - [VAL] Loss: 0.4789, Accuracy: 78.63%, AUC: 0.79
Epoch [90/100] - [TRAIN] Loss: 0.4503, Accuracy: 80.73%, AUC: 0.81 - [VAL] Loss: 0.4789, Accuracy: 78.98%, AUC: 0.79
Epoch [100/100] - [TRAIN] Loss: 0.4460, Accuracy: 81.02%, AUC: 0.81 - [VAL] Loss: 0.4754, Accuracy: 79.29%, AUC: 0.79
Training finished!
Accuracy Score on test set: 80.45 %
AUC Score on test set: 0.80

Item: H3K9me3-H3K4me3-H3K36me3-H3K4me1
Epoch [10/100] - [TRAIN] Loss: 0.5236, Accuracy: 79.12%, AUC: 0.79 - [VAL] Loss: 0.5330, Accuracy: 78.48%, AUC: 0.78
Epoch [20/100] - [TRAIN] Loss: 0.4887, Accuracy: 79.82%, AUC: 0.80 - [VAL] Loss: 0.5095, Accuracy: 78.74%, AUC: 0.79
Epoch [30/100] - [TRAIN] Loss: 0.4787, Accuracy: 79.38%, AUC: 0.79 - [VAL] Loss: 0.5259, Accuracy: 78.39%, AUC: 0.78
Epoch [40/100] - [TRAIN] Loss: 0.4638, Accuracy: 80.23%, AUC: 0.80 - [VAL] Loss: 0.4876, Accuracy: 78.74%, AUC: 0.79
Epoch [50/100] - [TRAIN] Loss: 0.4656, Accuracy: 80.03%, AUC: 0.80 - [VAL] Loss: 0.4908, Accuracy: 78.69%, AUC: 0.79
Epoch [60/100] - [TRAIN] Loss: 0.4584, Accuracy: 80.06%, AUC: 0.80 - [VAL] Loss: 0.4810, Accuracy: 78.87%, AUC: 0.79
Epoch [70/100] - [TRAIN] Loss: 0.4522, Accuracy: 80.64%, AUC: 0.81 - [VAL] Loss: 0.4801, Accuracy: 78.72%, AUC: 0.79
Epoch [80/100] - [TRAIN] Loss: 0.4484, Accuracy: 81.02%, AUC: 0.81 - [VAL] Loss: 0.4817, Accuracy: 78.89%, AUC: 0.79
Epoch [90/100] - [TRAIN] Loss: 0.4449, Accuracy: 81.22%, AUC: 0.81 - [VAL] Loss: 0.4817, Accuracy: 78.80%, AUC: 0.79
Epoch [100/100] - [TRAIN] Loss: 0.4452, Accuracy: 80.73%, AUC: 0.81 - [VAL] Loss: 0.4775, Accuracy: 78.83%, AUC: 0.79
Training finished!
Accuracy Score on test set: 80.40 %
AUC Score on test set: 0.80

Item: H3K9me3-H3K4me1-H3K4me3-H3K36me3
Epoch [10/100] - [TRAIN] Loss: 0.5210, Accuracy: 79.16%, AUC: 0.79 - [VAL] Loss: 0.5370, Accuracy: 78.39%, AUC: 0.78
Epoch [20/100] - [TRAIN] Loss: 0.4872, Accuracy: 79.87%, AUC: 0.80 - [VAL] Loss: 0.5069, Accuracy: 78.81%, AUC: 0.79
Epoch [30/100] - [TRAIN] Loss: 0.4813, Accuracy: 80.12%, AUC: 0.80 - [VAL] Loss: 0.4960, Accuracy: 77.93%, AUC: 0.78
Epoch [40/100] - [TRAIN] Loss: 0.4658, Accuracy: 80.20%, AUC: 0.80 - [VAL] Loss: 0.4878, Accuracy: 78.95%, AUC: 0.79
Epoch [50/100] - [TRAIN] Loss: 0.4603, Accuracy: 80.51%, AUC: 0.81 - [VAL] Loss: 0.4898, Accuracy: 78.80%, AUC: 0.79
Epoch [60/100] - [TRAIN] Loss: 0.4537, Accuracy: 80.46%, AUC: 0.80 - [VAL] Loss: 0.4802, Accuracy: 78.78%, AUC: 0.79
Epoch [70/100] - [TRAIN] Loss: 0.4608, Accuracy: 80.64%, AUC: 0.81 - [VAL] Loss: 0.4871, Accuracy: 78.22%, AUC: 0.78
Epoch [80/100] - [TRAIN] Loss: 0.4487, Accuracy: 81.05%, AUC: 0.81 - [VAL] Loss: 0.4791, Accuracy: 78.66%, AUC: 0.79
Epoch [90/100] - [TRAIN] Loss: 0.4501, Accuracy: 80.58%, AUC: 0.81 - [VAL] Loss: 0.4808, Accuracy: 78.89%, AUC: 0.79
Epoch [100/100] - [TRAIN] Loss: 0.4462, Accuracy: 81.28%, AUC: 0.81 - [VAL] Loss: 0.4788, Accuracy: 78.57%, AUC: 0.79
Training finished!
Accuracy Score on test set: 80.51 %
AUC Score on test set: 0.81

Item: H3K9me3-H3K4me1-H3K36me3-H3K4me3
Epoch [10/100] - [TRAIN] Loss: 0.5211, Accuracy: 79.41%, AUC: 0.79 - [VAL] Loss: 0.5317, Accuracy: 78.48%, AUC: 0.78
Epoch [20/100] - [TRAIN] Loss: 0.4944, Accuracy: 79.84%, AUC: 0.80 - [VAL] Loss: 0.5278, Accuracy: 78.57%, AUC: 0.79
Epoch [30/100] - [TRAIN] Loss: 0.4773, Accuracy: 80.09%, AUC: 0.80 - [VAL] Loss: 0.4999, Accuracy: 78.97%, AUC: 0.79
Epoch [40/100] - [TRAIN] Loss: 0.4724, Accuracy: 80.19%, AUC: 0.80 - [VAL] Loss: 0.4891, Accuracy: 78.83%, AUC: 0.79
Epoch [50/100] - [TRAIN] Loss: 0.4657, Accuracy: 80.57%, AUC: 0.81 - [VAL] Loss: 0.4906, Accuracy: 78.87%, AUC: 0.79
Epoch [60/100] - [TRAIN] Loss: 0.4611, Accuracy: 80.32%, AUC: 0.80 - [VAL] Loss: 0.4870, Accuracy: 78.94%, AUC: 0.79
Epoch [70/100] - [TRAIN] Loss: 0.4566, Accuracy: 80.77%, AUC: 0.81 - [VAL] Loss: 0.4967, Accuracy: 78.78%, AUC: 0.79
Epoch [80/100] - [TRAIN] Loss: 0.4513, Accuracy: 80.51%, AUC: 0.81 - [VAL] Loss: 0.4909, Accuracy: 78.95%, AUC: 0.79
Epoch [90/100] - [TRAIN] Loss: 0.4500, Accuracy: 80.57%, AUC: 0.81 - [VAL] Loss: 0.4803, Accuracy: 79.12%, AUC: 0.79
Epoch [100/100] - [TRAIN] Loss: 0.4494, Accuracy: 80.80%, AUC: 0.81 - [VAL] Loss: 0.4938, Accuracy: 78.78%, AUC: 0.79
Training finished!
Accuracy Score on test set: 80.50 %
AUC Score on test set: 0.80

Item: H3K9me3-H3K36me3-H3K4me3-H3K4me1
Epoch [10/100] - [TRAIN] Loss: 0.5174, Accuracy: 79.91%, AUC: 0.80 - [VAL] Loss: 0.5273, Accuracy: 78.60%, AUC: 0.79
Epoch [20/100] - [TRAIN] Loss: 0.4840, Accuracy: 79.79%, AUC: 0.80 - [VAL] Loss: 0.5156, Accuracy: 78.48%, AUC: 0.78
Epoch [30/100] - [TRAIN] Loss: 0.4708, Accuracy: 80.41%, AUC: 0.80 - [VAL] Loss: 0.4986, Accuracy: 78.74%, AUC: 0.79
Epoch [40/100] - [TRAIN] Loss: 0.4637, Accuracy: 80.46%, AUC: 0.80 - [VAL] Loss: 0.4974, Accuracy: 78.62%, AUC: 0.79
Epoch [50/100] - [TRAIN] Loss: 0.4615, Accuracy: 80.60%, AUC: 0.81 - [VAL] Loss: 0.5016, Accuracy: 78.45%, AUC: 0.78
Epoch [60/100] - [TRAIN] Loss: 0.4543, Accuracy: 80.83%, AUC: 0.81 - [VAL] Loss: 0.4917, Accuracy: 78.69%, AUC: 0.79
Epoch [70/100] - [TRAIN] Loss: 0.4498, Accuracy: 80.58%, AUC: 0.81 - [VAL] Loss: 0.4813, Accuracy: 78.86%, AUC: 0.79
Epoch [80/100] - [TRAIN] Loss: 0.4550, Accuracy: 80.96%, AUC: 0.81 - [VAL] Loss: 0.4785, Accuracy: 79.09%, AUC: 0.79
Epoch [90/100] - [TRAIN] Loss: 0.4496, Accuracy: 81.18%, AUC: 0.81 - [VAL] Loss: 0.4775, Accuracy: 79.00%, AUC: 0.79
Epoch [100/100] - [TRAIN] Loss: 0.4553, Accuracy: 81.01%, AUC: 0.81 - [VAL] Loss: 0.5175, Accuracy: 74.85%, AUC: 0.75
Training finished!
Accuracy Score on test set: 80.27 %
AUC Score on test set: 0.80

Item: H3K9me3-H3K36me3-H3K4me1-H3K4me3
Epoch [10/100] - [TRAIN] Loss: 0.5220, Accuracy: 79.12%, AUC: 0.79 - [VAL] Loss: 0.5397, Accuracy: 77.94%, AUC: 0.78
Epoch [20/100] - [TRAIN] Loss: 0.4856, Accuracy: 80.02%, AUC: 0.80 - [VAL] Loss: 0.5076, Accuracy: 78.66%, AUC: 0.79
Epoch [30/100] - [TRAIN] Loss: 0.4740, Accuracy: 79.96%, AUC: 0.80 - [VAL] Loss: 0.5066, Accuracy: 78.71%, AUC: 0.79
Epoch [40/100] - [TRAIN] Loss: 0.4653, Accuracy: 80.03%, AUC: 0.80 - [VAL] Loss: 0.4937, Accuracy: 78.83%, AUC: 0.79
Epoch [50/100] - [TRAIN] Loss: 0.4630, Accuracy: 80.35%, AUC: 0.80 - [VAL] Loss: 0.4842, Accuracy: 78.78%, AUC: 0.79
Epoch [60/100] - [TRAIN] Loss: 0.4593, Accuracy: 80.55%, AUC: 0.81 - [VAL] Loss: 0.4868, Accuracy: 78.78%, AUC: 0.79
Epoch [70/100] - [TRAIN] Loss: 0.4520, Accuracy: 80.86%, AUC: 0.81 - [VAL] Loss: 0.4798, Accuracy: 78.98%, AUC: 0.79
Epoch [80/100] - [TRAIN] Loss: 0.4523, Accuracy: 80.73%, AUC: 0.81 - [VAL] Loss: 0.4827, Accuracy: 78.89%, AUC: 0.79
Epoch [90/100] - [TRAIN] Loss: 0.4488, Accuracy: 80.84%, AUC: 0.81 - [VAL] Loss: 0.4770, Accuracy: 79.01%, AUC: 0.79
Epoch [100/100] - [TRAIN] Loss: 0.4464, Accuracy: 81.18%, AUC: 0.81 - [VAL] Loss: 0.4770, Accuracy: 79.12%, AUC: 0.79
Training finished!
Accuracy Score on test set: 80.65 %
AUC Score on test set: 0.81

Item: H3K4me3-H3K4me1-H3K36me3-H3K27me3
Epoch [10/100] - [TRAIN] Loss: 0.5110, Accuracy: 79.52%, AUC: 0.80 - [VAL] Loss: 0.5246, Accuracy: 78.43%, AUC: 0.78
Epoch [20/100] - [TRAIN] Loss: 0.4876, Accuracy: 79.18%, AUC: 0.79 - [VAL] Loss: 0.5004, Accuracy: 78.83%, AUC: 0.79
Epoch [30/100] - [TRAIN] Loss: 0.4766, Accuracy: 79.94%, AUC: 0.80 - [VAL] Loss: 0.4920, Accuracy: 78.87%, AUC: 0.79
Epoch [40/100] - [TRAIN] Loss: 0.4648, Accuracy: 79.97%, AUC: 0.80 - [VAL] Loss: 0.4857, Accuracy: 79.03%, AUC: 0.79
Epoch [50/100] - [TRAIN] Loss: 0.4596, Accuracy: 80.20%, AUC: 0.80 - [VAL] Loss: 0.4832, Accuracy: 78.89%, AUC: 0.79
Epoch [60/100] - [TRAIN] Loss: 0.4539, Accuracy: 80.46%, AUC: 0.80 - [VAL] Loss: 0.4844, Accuracy: 78.84%, AUC: 0.79
Epoch [70/100] - [TRAIN] Loss: 0.4500, Accuracy: 80.57%, AUC: 0.81 - [VAL] Loss: 0.4730, Accuracy: 79.00%, AUC: 0.79
Epoch [80/100] - [TRAIN] Loss: 0.4552, Accuracy: 80.70%, AUC: 0.81 - [VAL] Loss: 0.4739, Accuracy: 79.15%, AUC: 0.79
Epoch [90/100] - [TRAIN] Loss: 0.4450, Accuracy: 80.31%, AUC: 0.80 - [VAL] Loss: 0.4759, Accuracy: 79.18%, AUC: 0.79
Epoch [100/100] - [TRAIN] Loss: 0.4458, Accuracy: 80.73%, AUC: 0.81 - [VAL] Loss: 0.4719, Accuracy: 79.20%, AUC: 0.79
Training finished!
Accuracy Score on test set: 80.45 %
AUC Score on test set: 0.80

Item: H3K4me3-H3K4me1-H3K27me3-H3K36me3
Epoch [10/100] - [TRAIN] Loss: 0.5110, Accuracy: 79.24%, AUC: 0.79 - [VAL] Loss: 0.5348, Accuracy: 78.45%, AUC: 0.78
Epoch [20/100] - [TRAIN] Loss: 0.4846, Accuracy: 79.62%, AUC: 0.80 - [VAL] Loss: 0.5002, Accuracy: 78.81%, AUC: 0.79
Epoch [30/100] - [TRAIN] Loss: 0.4707, Accuracy: 79.99%, AUC: 0.80 - [VAL] Loss: 0.4863, Accuracy: 78.87%, AUC: 0.79
Epoch [40/100] - [TRAIN] Loss: 0.4646, Accuracy: 79.94%, AUC: 0.80 - [VAL] Loss: 0.4809, Accuracy: 78.86%, AUC: 0.79
Epoch [50/100] - [TRAIN] Loss: 0.4581, Accuracy: 80.00%, AUC: 0.80 - [VAL] Loss: 0.4793, Accuracy: 78.95%, AUC: 0.79
Epoch [60/100] - [TRAIN] Loss: 0.4582, Accuracy: 80.48%, AUC: 0.80 - [VAL] Loss: 0.4830, Accuracy: 78.98%, AUC: 0.79
Epoch [70/100] - [TRAIN] Loss: 0.4481, Accuracy: 80.61%, AUC: 0.81 - [VAL] Loss: 0.4772, Accuracy: 79.12%, AUC: 0.79
Epoch [80/100] - [TRAIN] Loss: 0.4482, Accuracy: 80.58%, AUC: 0.81 - [VAL] Loss: 0.4836, Accuracy: 78.97%, AUC: 0.79
Epoch [90/100] - [TRAIN] Loss: 0.4539, Accuracy: 80.41%, AUC: 0.80 - [VAL] Loss: 0.4707, Accuracy: 79.21%, AUC: 0.79
Epoch [100/100] - [TRAIN] Loss: 0.4436, Accuracy: 80.92%, AUC: 0.81 - [VAL] Loss: 0.4701, Accuracy: 79.44%, AUC: 0.79
Training finished!
Accuracy Score on test set: 80.48 %
AUC Score on test set: 0.80

Item: H3K4me3-H3K36me3-H3K4me1-H3K27me3
Epoch [10/100] - [TRAIN] Loss: 0.5083, Accuracy: 79.10%, AUC: 0.79 - [VAL] Loss: 0.5326, Accuracy: 78.25%, AUC: 0.78
Epoch [20/100] - [TRAIN] Loss: 0.4828, Accuracy: 79.56%, AUC: 0.80 - [VAL] Loss: 0.5084, Accuracy: 78.34%, AUC: 0.78
Epoch [30/100] - [TRAIN] Loss: 0.4713, Accuracy: 79.85%, AUC: 0.80 - [VAL] Loss: 0.4871, Accuracy: 78.83%, AUC: 0.79
Epoch [40/100] - [TRAIN] Loss: 0.4626, Accuracy: 80.03%, AUC: 0.80 - [VAL] Loss: 0.4865, Accuracy: 78.63%, AUC: 0.79
Epoch [50/100] - [TRAIN] Loss: 0.4573, Accuracy: 80.46%, AUC: 0.80 - [VAL] Loss: 0.4773, Accuracy: 78.95%, AUC: 0.79
Epoch [60/100] - [TRAIN] Loss: 0.4576, Accuracy: 79.99%, AUC: 0.80 - [VAL] Loss: 0.4774, Accuracy: 78.84%, AUC: 0.79
Epoch [70/100] - [TRAIN] Loss: 0.4498, Accuracy: 80.26%, AUC: 0.80 - [VAL] Loss: 0.4722, Accuracy: 78.75%, AUC: 0.79
Epoch [80/100] - [TRAIN] Loss: 0.4458, Accuracy: 80.69%, AUC: 0.81 - [VAL] Loss: 0.4722, Accuracy: 78.89%, AUC: 0.79
Epoch [90/100] - [TRAIN] Loss: 0.4504, Accuracy: 80.83%, AUC: 0.81 - [VAL] Loss: 0.4695, Accuracy: 78.83%, AUC: 0.79
Epoch [100/100] - [TRAIN] Loss: 0.4449, Accuracy: 80.92%, AUC: 0.81 - [VAL] Loss: 0.4699, Accuracy: 79.00%, AUC: 0.79
Training finished!
Accuracy Score on test set: 80.27 %
AUC Score on test set: 0.80

Item: H3K4me3-H3K36me3-H3K27me3-H3K4me1
Epoch [10/100] - [TRAIN] Loss: 0.5153, Accuracy: 78.89%, AUC: 0.79 - [VAL] Loss: 0.5172, Accuracy: 78.86%, AUC: 0.79
Epoch [20/100] - [TRAIN] Loss: 0.4800, Accuracy: 79.55%, AUC: 0.80 - [VAL] Loss: 0.5182, Accuracy: 78.42%, AUC: 0.78
Epoch [30/100] - [TRAIN] Loss: 0.4701, Accuracy: 79.84%, AUC: 0.80 - [VAL] Loss: 0.5016, Accuracy: 78.52%, AUC: 0.79
Epoch [40/100] - [TRAIN] Loss: 0.4676, Accuracy: 79.77%, AUC: 0.80 - [VAL] Loss: 0.4925, Accuracy: 78.74%, AUC: 0.79
Epoch [50/100] - [TRAIN] Loss: 0.4560, Accuracy: 80.26%, AUC: 0.80 - [VAL] Loss: 0.4814, Accuracy: 78.98%, AUC: 0.79
Epoch [60/100] - [TRAIN] Loss: 0.4517, Accuracy: 80.72%, AUC: 0.81 - [VAL] Loss: 0.4766, Accuracy: 78.71%, AUC: 0.79
Epoch [70/100] - [TRAIN] Loss: 0.4521, Accuracy: 80.81%, AUC: 0.81 - [VAL] Loss: 0.4825, Accuracy: 78.77%, AUC: 0.79
Epoch [80/100] - [TRAIN] Loss: 0.4485, Accuracy: 80.93%, AUC: 0.81 - [VAL] Loss: 0.4741, Accuracy: 78.78%, AUC: 0.79
Epoch [90/100] - [TRAIN] Loss: 0.4464, Accuracy: 81.09%, AUC: 0.81 - [VAL] Loss: 0.4749, Accuracy: 78.46%, AUC: 0.78
Epoch [100/100] - [TRAIN] Loss: 0.4436, Accuracy: 81.24%, AUC: 0.81 - [VAL] Loss: 0.4724, Accuracy: 79.01%, AUC: 0.79
Training finished!
Accuracy Score on test set: 80.51 %
AUC Score on test set: 0.81

Item: H3K4me3-H3K27me3-H3K4me1-H3K36me3
Epoch [10/100] - [TRAIN] Loss: 0.5092, Accuracy: 79.58%, AUC: 0.80 - [VAL] Loss: 0.5384, Accuracy: 78.42%, AUC: 0.78
Epoch [20/100] - [TRAIN] Loss: 0.4799, Accuracy: 79.94%, AUC: 0.80 - [VAL] Loss: 0.5226, Accuracy: 78.58%, AUC: 0.79
Epoch [30/100] - [TRAIN] Loss: 0.4700, Accuracy: 80.00%, AUC: 0.80 - [VAL] Loss: 0.5084, Accuracy: 78.55%, AUC: 0.79
Epoch [40/100] - [TRAIN] Loss: 0.4650, Accuracy: 80.45%, AUC: 0.80 - [VAL] Loss: 0.4958, Accuracy: 78.68%, AUC: 0.79
Epoch [50/100] - [TRAIN] Loss: 0.4573, Accuracy: 80.69%, AUC: 0.81 - [VAL] Loss: 0.4987, Accuracy: 78.60%, AUC: 0.79
Epoch [60/100] - [TRAIN] Loss: 0.4556, Accuracy: 80.32%, AUC: 0.80 - [VAL] Loss: 0.4791, Accuracy: 78.80%, AUC: 0.79
Epoch [70/100] - [TRAIN] Loss: 0.4562, Accuracy: 80.49%, AUC: 0.80 - [VAL] Loss: 0.4781, Accuracy: 78.87%, AUC: 0.79
Epoch [80/100] - [TRAIN] Loss: 0.4560, Accuracy: 80.84%, AUC: 0.81 - [VAL] Loss: 0.4747, Accuracy: 78.40%, AUC: 0.78
Epoch [90/100] - [TRAIN] Loss: 0.4494, Accuracy: 80.72%, AUC: 0.81 - [VAL] Loss: 0.4979, Accuracy: 78.54%, AUC: 0.79
Epoch [100/100] - [TRAIN] Loss: 0.4429, Accuracy: 81.18%, AUC: 0.81 - [VAL] Loss: 0.4791, Accuracy: 78.89%, AUC: 0.79
Training finished!
Accuracy Score on test set: 80.31 %
AUC Score on test set: 0.80

Item: H3K4me3-H3K27me3-H3K36me3-H3K4me1
Epoch [10/100] - [TRAIN] Loss: 0.5221, Accuracy: 79.39%, AUC: 0.79 - [VAL] Loss: 0.5251, Accuracy: 78.75%, AUC: 0.79
Epoch [20/100] - [TRAIN] Loss: 0.4861, Accuracy: 79.79%, AUC: 0.80 - [VAL] Loss: 0.5245, Accuracy: 78.51%, AUC: 0.79
Epoch [30/100] - [TRAIN] Loss: 0.4740, Accuracy: 79.68%, AUC: 0.80 - [VAL] Loss: 0.4934, Accuracy: 78.86%, AUC: 0.79
Epoch [40/100] - [TRAIN] Loss: 0.4656, Accuracy: 80.09%, AUC: 0.80 - [VAL] Loss: 0.4851, Accuracy: 78.91%, AUC: 0.79
Epoch [50/100] - [TRAIN] Loss: 0.4599, Accuracy: 80.22%, AUC: 0.80 - [VAL] Loss: 0.4945, Accuracy: 78.91%, AUC: 0.79
Epoch [60/100] - [TRAIN] Loss: 0.4549, Accuracy: 80.58%, AUC: 0.81 - [VAL] Loss: 0.4806, Accuracy: 78.87%, AUC: 0.79
Epoch [70/100] - [TRAIN] Loss: 0.4587, Accuracy: 80.57%, AUC: 0.81 - [VAL] Loss: 0.4734, Accuracy: 78.78%, AUC: 0.79
Epoch [80/100] - [TRAIN] Loss: 0.4647, Accuracy: 80.67%, AUC: 0.81 - [VAL] Loss: 0.4783, Accuracy: 78.94%, AUC: 0.79
Epoch [90/100] - [TRAIN] Loss: 0.4483, Accuracy: 80.77%, AUC: 0.81 - [VAL] Loss: 0.4766, Accuracy: 79.07%, AUC: 0.79
Epoch [100/100] - [TRAIN] Loss: 0.4483, Accuracy: 81.05%, AUC: 0.81 - [VAL] Loss: 0.4760, Accuracy: 79.15%, AUC: 0.79
Training finished!
Accuracy Score on test set: 80.36 %
AUC Score on test set: 0.80

Item: H3K4me1-H3K4me3-H3K36me3-H3K27me3
Epoch [10/100] - [TRAIN] Loss: 0.5112, Accuracy: 78.98%, AUC: 0.79 - [VAL] Loss: 0.5208, Accuracy: 78.83%, AUC: 0.79
Epoch [20/100] - [TRAIN] Loss: 0.4832, Accuracy: 79.80%, AUC: 0.80 - [VAL] Loss: 0.5008, Accuracy: 78.92%, AUC: 0.79
Epoch [30/100] - [TRAIN] Loss: 0.4708, Accuracy: 79.80%, AUC: 0.80 - [VAL] Loss: 0.4985, Accuracy: 78.68%, AUC: 0.79
Epoch [40/100] - [TRAIN] Loss: 0.4643, Accuracy: 80.35%, AUC: 0.80 - [VAL] Loss: 0.4853, Accuracy: 78.13%, AUC: 0.78
Epoch [50/100] - [TRAIN] Loss: 0.4614, Accuracy: 80.34%, AUC: 0.80 - [VAL] Loss: 0.4863, Accuracy: 78.55%, AUC: 0.79
Epoch [60/100] - [TRAIN] Loss: 0.4548, Accuracy: 80.46%, AUC: 0.80 - [VAL] Loss: 0.4783, Accuracy: 78.92%, AUC: 0.79
Epoch [70/100] - [TRAIN] Loss: 0.4556, Accuracy: 80.49%, AUC: 0.80 - [VAL] Loss: 0.4758, Accuracy: 79.04%, AUC: 0.79
Epoch [80/100] - [TRAIN] Loss: 0.4483, Accuracy: 80.66%, AUC: 0.81 - [VAL] Loss: 0.4744, Accuracy: 78.92%, AUC: 0.79
Epoch [90/100] - [TRAIN] Loss: 0.4458, Accuracy: 80.87%, AUC: 0.81 - [VAL] Loss: 0.4716, Accuracy: 78.97%, AUC: 0.79
Epoch [100/100] - [TRAIN] Loss: 0.4452, Accuracy: 80.95%, AUC: 0.81 - [VAL] Loss: 0.4750, Accuracy: 78.83%, AUC: 0.79
Training finished!
Accuracy Score on test set: 80.25 %
AUC Score on test set: 0.80

Item: H3K4me1-H3K4me3-H3K27me3-H3K36me3
Epoch [10/100] - [TRAIN] Loss: 0.5296, Accuracy: 79.39%, AUC: 0.79 - [VAL] Loss: 0.5407, Accuracy: 78.58%, AUC: 0.79
Epoch [20/100] - [TRAIN] Loss: 0.4917, Accuracy: 79.38%, AUC: 0.79 - [VAL] Loss: 0.5127, Accuracy: 78.83%, AUC: 0.79
Epoch [30/100] - [TRAIN] Loss: 0.4772, Accuracy: 79.73%, AUC: 0.80 - [VAL] Loss: 0.4986, Accuracy: 78.84%, AUC: 0.79
Epoch [40/100] - [TRAIN] Loss: 0.4664, Accuracy: 80.11%, AUC: 0.80 - [VAL] Loss: 0.4887, Accuracy: 78.78%, AUC: 0.79
Epoch [50/100] - [TRAIN] Loss: 0.4618, Accuracy: 80.28%, AUC: 0.80 - [VAL] Loss: 0.4851, Accuracy: 78.74%, AUC: 0.79
Epoch [60/100] - [TRAIN] Loss: 0.4578, Accuracy: 80.32%, AUC: 0.80 - [VAL] Loss: 0.4811, Accuracy: 78.89%, AUC: 0.79
Epoch [70/100] - [TRAIN] Loss: 0.4547, Accuracy: 80.41%, AUC: 0.80 - [VAL] Loss: 0.4849, Accuracy: 78.84%, AUC: 0.79
Epoch [80/100] - [TRAIN] Loss: 0.4494, Accuracy: 80.73%, AUC: 0.81 - [VAL] Loss: 0.4751, Accuracy: 78.95%, AUC: 0.79
Epoch [90/100] - [TRAIN] Loss: 0.4470, Accuracy: 80.66%, AUC: 0.81 - [VAL] Loss: 0.4735, Accuracy: 79.03%, AUC: 0.79
Epoch [100/100] - [TRAIN] Loss: 0.4481, Accuracy: 80.77%, AUC: 0.81 - [VAL] Loss: 0.4742, Accuracy: 79.10%, AUC: 0.79
Training finished!
Accuracy Score on test set: 80.76 %
AUC Score on test set: 0.81

Item: H3K4me1-H3K36me3-H3K4me3-H3K27me3
Epoch [10/100] - [TRAIN] Loss: 0.5120, Accuracy: 79.48%, AUC: 0.79 - [VAL] Loss: 0.5306, Accuracy: 78.55%, AUC: 0.79
Epoch [20/100] - [TRAIN] Loss: 0.4886, Accuracy: 79.84%, AUC: 0.80 - [VAL] Loss: 0.4974, Accuracy: 78.80%, AUC: 0.79
Epoch [30/100] - [TRAIN] Loss: 0.4701, Accuracy: 80.46%, AUC: 0.80 - [VAL] Loss: 0.4902, Accuracy: 78.63%, AUC: 0.79
Epoch [40/100] - [TRAIN] Loss: 0.4579, Accuracy: 80.38%, AUC: 0.80 - [VAL] Loss: 0.4801, Accuracy: 78.72%, AUC: 0.79
Epoch [50/100] - [TRAIN] Loss: 0.4561, Accuracy: 80.58%, AUC: 0.81 - [VAL] Loss: 0.4759, Accuracy: 78.74%, AUC: 0.79
Epoch [60/100] - [TRAIN] Loss: 0.4537, Accuracy: 80.55%, AUC: 0.81 - [VAL] Loss: 0.4735, Accuracy: 78.83%, AUC: 0.79
Epoch [70/100] - [TRAIN] Loss: 0.4481, Accuracy: 80.52%, AUC: 0.81 - [VAL] Loss: 0.4720, Accuracy: 79.06%, AUC: 0.79
Epoch [80/100] - [TRAIN] Loss: 0.4538, Accuracy: 80.58%, AUC: 0.81 - [VAL] Loss: 0.4786, Accuracy: 78.62%, AUC: 0.79
Epoch [90/100] - [TRAIN] Loss: 0.4499, Accuracy: 80.73%, AUC: 0.81 - [VAL] Loss: 0.4731, Accuracy: 78.89%, AUC: 0.79
Epoch [100/100] - [TRAIN] Loss: 0.4402, Accuracy: 80.95%, AUC: 0.81 - [VAL] Loss: 0.4695, Accuracy: 79.01%, AUC: 0.79
Training finished!
Accuracy Score on test set: 80.37 %
AUC Score on test set: 0.80

Item: H3K4me1-H3K36me3-H3K27me3-H3K4me3
Epoch [10/100] - [TRAIN] Loss: 0.5149, Accuracy: 79.12%, AUC: 0.79 - [VAL] Loss: 0.5310, Accuracy: 78.42%, AUC: 0.78
Epoch [20/100] - [TRAIN] Loss: 0.4926, Accuracy: 79.59%, AUC: 0.80 - [VAL] Loss: 0.5081, Accuracy: 76.64%, AUC: 0.77
Epoch [30/100] - [TRAIN] Loss: 0.4702, Accuracy: 79.76%, AUC: 0.80 - [VAL] Loss: 0.4906, Accuracy: 78.94%, AUC: 0.79
Epoch [40/100] - [TRAIN] Loss: 0.4587, Accuracy: 80.77%, AUC: 0.81 - [VAL] Loss: 0.4898, Accuracy: 78.78%, AUC: 0.79
Epoch [50/100] - [TRAIN] Loss: 0.4587, Accuracy: 80.35%, AUC: 0.80 - [VAL] Loss: 0.4771, Accuracy: 78.80%, AUC: 0.79
Epoch [60/100] - [TRAIN] Loss: 0.4534, Accuracy: 80.23%, AUC: 0.80 - [VAL] Loss: 0.4756, Accuracy: 79.01%, AUC: 0.79
Epoch [70/100] - [TRAIN] Loss: 0.4545, Accuracy: 80.57%, AUC: 0.81 - [VAL] Loss: 0.4740, Accuracy: 79.13%, AUC: 0.79
Epoch [80/100] - [TRAIN] Loss: 0.4467, Accuracy: 80.96%, AUC: 0.81 - [VAL] Loss: 0.4744, Accuracy: 78.98%, AUC: 0.79
Epoch [90/100] - [TRAIN] Loss: 0.4524, Accuracy: 80.72%, AUC: 0.81 - [VAL] Loss: 0.4732, Accuracy: 79.04%, AUC: 0.79
Epoch [100/100] - [TRAIN] Loss: 0.4443, Accuracy: 80.84%, AUC: 0.81 - [VAL] Loss: 0.4740, Accuracy: 79.17%, AUC: 0.79
Training finished!
Accuracy Score on test set: 80.34 %
AUC Score on test set: 0.80

Item: H3K4me1-H3K27me3-H3K4me3-H3K36me3
Epoch [10/100] - [TRAIN] Loss: 0.5014, Accuracy: 79.41%, AUC: 0.79 - [VAL] Loss: 0.5186, Accuracy: 78.45%, AUC: 0.78
Epoch [20/100] - [TRAIN] Loss: 0.4778, Accuracy: 79.87%, AUC: 0.80 - [VAL] Loss: 0.4973, Accuracy: 78.71%, AUC: 0.79
Epoch [30/100] - [TRAIN] Loss: 0.4655, Accuracy: 79.64%, AUC: 0.80 - [VAL] Loss: 0.4816, Accuracy: 78.77%, AUC: 0.79
Epoch [40/100] - [TRAIN] Loss: 0.4587, Accuracy: 80.23%, AUC: 0.80 - [VAL] Loss: 0.4781, Accuracy: 78.80%, AUC: 0.79
Epoch [50/100] - [TRAIN] Loss: 0.4626, Accuracy: 80.46%, AUC: 0.80 - [VAL] Loss: 0.4746, Accuracy: 78.86%, AUC: 0.79
Epoch [60/100] - [TRAIN] Loss: 0.4589, Accuracy: 80.60%, AUC: 0.81 - [VAL] Loss: 0.4799, Accuracy: 77.88%, AUC: 0.78
Epoch [70/100] - [TRAIN] Loss: 0.4477, Accuracy: 80.52%, AUC: 0.81 - [VAL] Loss: 0.4720, Accuracy: 78.97%, AUC: 0.79
Epoch [80/100] - [TRAIN] Loss: 0.4455, Accuracy: 80.55%, AUC: 0.81 - [VAL] Loss: 0.4729, Accuracy: 79.06%, AUC: 0.79
Epoch [90/100] - [TRAIN] Loss: 0.4425, Accuracy: 81.16%, AUC: 0.81 - [VAL] Loss: 0.4700, Accuracy: 79.13%, AUC: 0.79
Epoch [100/100] - [TRAIN] Loss: 0.4455, Accuracy: 80.77%, AUC: 0.81 - [VAL] Loss: 0.4713, Accuracy: 79.06%, AUC: 0.79
Training finished!
Accuracy Score on test set: 80.31 %
AUC Score on test set: 0.80

Item: H3K4me1-H3K27me3-H3K36me3-H3K4me3
Epoch [10/100] - [TRAIN] Loss: 0.5195, Accuracy: 79.10%, AUC: 0.79 - [VAL] Loss: 0.5380, Accuracy: 78.26%, AUC: 0.78
Epoch [20/100] - [TRAIN] Loss: 0.4938, Accuracy: 79.68%, AUC: 0.80 - [VAL] Loss: 0.5002, Accuracy: 78.68%, AUC: 0.79
Epoch [30/100] - [TRAIN] Loss: 0.4770, Accuracy: 79.62%, AUC: 0.80 - [VAL] Loss: 0.5148, Accuracy: 78.23%, AUC: 0.78
Epoch [40/100] - [TRAIN] Loss: 0.4652, Accuracy: 79.99%, AUC: 0.80 - [VAL] Loss: 0.4873, Accuracy: 78.62%, AUC: 0.79
Epoch [50/100] - [TRAIN] Loss: 0.4546, Accuracy: 80.34%, AUC: 0.80 - [VAL] Loss: 0.4872, Accuracy: 78.65%, AUC: 0.79
Epoch [60/100] - [TRAIN] Loss: 0.4550, Accuracy: 80.26%, AUC: 0.80 - [VAL] Loss: 0.4770, Accuracy: 78.78%, AUC: 0.79
Epoch [70/100] - [TRAIN] Loss: 0.4529, Accuracy: 80.64%, AUC: 0.81 - [VAL] Loss: 0.4759, Accuracy: 78.78%, AUC: 0.79
Epoch [80/100] - [TRAIN] Loss: 0.4549, Accuracy: 81.07%, AUC: 0.81 - [VAL] Loss: 0.4847, Accuracy: 78.66%, AUC: 0.79
Epoch [90/100] - [TRAIN] Loss: 0.4483, Accuracy: 80.75%, AUC: 0.81 - [VAL] Loss: 0.4796, Accuracy: 78.58%, AUC: 0.79
Epoch [100/100] - [TRAIN] Loss: 0.4440, Accuracy: 81.02%, AUC: 0.81 - [VAL] Loss: 0.4732, Accuracy: 78.98%, AUC: 0.79
Training finished!
Accuracy Score on test set: 80.60 %
AUC Score on test set: 0.81

Item: H3K36me3-H3K4me3-H3K4me1-H3K27me3
Epoch [10/100] - [TRAIN] Loss: 0.5155, Accuracy: 79.21%, AUC: 0.79 - [VAL] Loss: 0.5457, Accuracy: 78.17%, AUC: 0.78
Epoch [20/100] - [TRAIN] Loss: 0.4842, Accuracy: 79.59%, AUC: 0.80 - [VAL] Loss: 0.5138, Accuracy: 78.63%, AUC: 0.79
Epoch [30/100] - [TRAIN] Loss: 0.4790, Accuracy: 79.90%, AUC: 0.80 - [VAL] Loss: 0.5001, Accuracy: 78.63%, AUC: 0.79
Epoch [40/100] - [TRAIN] Loss: 0.4607, Accuracy: 80.32%, AUC: 0.80 - [VAL] Loss: 0.4895, Accuracy: 78.78%, AUC: 0.79
Epoch [50/100] - [TRAIN] Loss: 0.4605, Accuracy: 80.32%, AUC: 0.80 - [VAL] Loss: 0.4884, Accuracy: 78.72%, AUC: 0.79
Epoch [60/100] - [TRAIN] Loss: 0.4584, Accuracy: 80.48%, AUC: 0.80 - [VAL] Loss: 0.4766, Accuracy: 78.89%, AUC: 0.79
Epoch [70/100] - [TRAIN] Loss: 0.4514, Accuracy: 80.70%, AUC: 0.81 - [VAL] Loss: 0.4826, Accuracy: 79.01%, AUC: 0.79
Epoch [80/100] - [TRAIN] Loss: 0.4477, Accuracy: 80.49%, AUC: 0.80 - [VAL] Loss: 0.4726, Accuracy: 79.06%, AUC: 0.79
Epoch [90/100] - [TRAIN] Loss: 0.4440, Accuracy: 80.86%, AUC: 0.81 - [VAL] Loss: 0.4715, Accuracy: 79.04%, AUC: 0.79
Epoch [100/100] - [TRAIN] Loss: 0.4453, Accuracy: 81.04%, AUC: 0.81 - [VAL] Loss: 0.4738, Accuracy: 79.46%, AUC: 0.79
Training finished!
Accuracy Score on test set: 80.56 %
AUC Score on test set: 0.81

Item: H3K36me3-H3K4me3-H3K27me3-H3K4me1
Epoch [10/100] - [TRAIN] Loss: 0.5246, Accuracy: 79.09%, AUC: 0.79 - [VAL] Loss: 0.5369, Accuracy: 78.31%, AUC: 0.78
Epoch [20/100] - [TRAIN] Loss: 0.4846, Accuracy: 79.76%, AUC: 0.80 - [VAL] Loss: 0.5137, Accuracy: 78.72%, AUC: 0.79
Epoch [30/100] - [TRAIN] Loss: 0.4735, Accuracy: 79.70%, AUC: 0.80 - [VAL] Loss: 0.4949, Accuracy: 78.94%, AUC: 0.79
Epoch [40/100] - [TRAIN] Loss: 0.4673, Accuracy: 80.09%, AUC: 0.80 - [VAL] Loss: 0.4828, Accuracy: 78.84%, AUC: 0.79
Epoch [50/100] - [TRAIN] Loss: 0.4682, Accuracy: 80.43%, AUC: 0.80 - [VAL] Loss: 0.4879, Accuracy: 78.78%, AUC: 0.79
Epoch [60/100] - [TRAIN] Loss: 0.4548, Accuracy: 80.55%, AUC: 0.81 - [VAL] Loss: 0.4853, Accuracy: 78.87%, AUC: 0.79
Epoch [70/100] - [TRAIN] Loss: 0.4533, Accuracy: 80.69%, AUC: 0.81 - [VAL] Loss: 0.4756, Accuracy: 79.04%, AUC: 0.79
Epoch [80/100] - [TRAIN] Loss: 0.4525, Accuracy: 80.67%, AUC: 0.81 - [VAL] Loss: 0.4829, Accuracy: 78.94%, AUC: 0.79
Epoch [90/100] - [TRAIN] Loss: 0.4466, Accuracy: 80.75%, AUC: 0.81 - [VAL] Loss: 0.4751, Accuracy: 79.10%, AUC: 0.79
Epoch [100/100] - [TRAIN] Loss: 0.4474, Accuracy: 80.19%, AUC: 0.80 - [VAL] Loss: 0.4718, Accuracy: 79.13%, AUC: 0.79
Training finished!
Accuracy Score on test set: 80.42 %
AUC Score on test set: 0.80

Item: H3K36me3-H3K4me1-H3K4me3-H3K27me3
Epoch [10/100] - [TRAIN] Loss: 0.5197, Accuracy: 79.33%, AUC: 0.79 - [VAL] Loss: 0.5430, Accuracy: 78.37%, AUC: 0.78
Epoch [20/100] - [TRAIN] Loss: 0.4904, Accuracy: 79.71%, AUC: 0.80 - [VAL] Loss: 0.5067, Accuracy: 78.89%, AUC: 0.79
Epoch [30/100] - [TRAIN] Loss: 0.4681, Accuracy: 79.88%, AUC: 0.80 - [VAL] Loss: 0.4978, Accuracy: 78.57%, AUC: 0.79
Epoch [40/100] - [TRAIN] Loss: 0.4644, Accuracy: 79.84%, AUC: 0.80 - [VAL] Loss: 0.4852, Accuracy: 78.69%, AUC: 0.79
Epoch [50/100] - [TRAIN] Loss: 0.4592, Accuracy: 80.37%, AUC: 0.80 - [VAL] Loss: 0.4806, Accuracy: 78.89%, AUC: 0.79
Epoch [60/100] - [TRAIN] Loss: 0.4589, Accuracy: 80.52%, AUC: 0.81 - [VAL] Loss: 0.4776, Accuracy: 78.63%, AUC: 0.79
Epoch [70/100] - [TRAIN] Loss: 0.4518, Accuracy: 80.64%, AUC: 0.81 - [VAL] Loss: 0.4768, Accuracy: 78.69%, AUC: 0.79
Epoch [80/100] - [TRAIN] Loss: 0.4546, Accuracy: 80.60%, AUC: 0.81 - [VAL] Loss: 0.4787, Accuracy: 78.74%, AUC: 0.79
Epoch [90/100] - [TRAIN] Loss: 0.4470, Accuracy: 80.60%, AUC: 0.81 - [VAL] Loss: 0.4726, Accuracy: 78.97%, AUC: 0.79
Epoch [100/100] - [TRAIN] Loss: 0.4452, Accuracy: 80.75%, AUC: 0.81 - [VAL] Loss: 0.4758, Accuracy: 78.89%, AUC: 0.79
Training finished!
Accuracy Score on test set: 80.27 %
AUC Score on test set: 0.80

Item: H3K36me3-H3K4me1-H3K27me3-H3K4me3
Epoch [10/100] - [TRAIN] Loss: 0.5225, Accuracy: 79.44%, AUC: 0.79 - [VAL] Loss: 0.5305, Accuracy: 78.75%, AUC: 0.79
Epoch [20/100] - [TRAIN] Loss: 0.4984, Accuracy: 79.58%, AUC: 0.80 - [VAL] Loss: 0.4984, Accuracy: 78.32%, AUC: 0.78
Epoch [30/100] - [TRAIN] Loss: 0.4721, Accuracy: 79.87%, AUC: 0.80 - [VAL] Loss: 0.4924, Accuracy: 78.69%, AUC: 0.79
Epoch [40/100] - [TRAIN] Loss: 0.4633, Accuracy: 80.28%, AUC: 0.80 - [VAL] Loss: 0.4909, Accuracy: 78.75%, AUC: 0.79
Epoch [50/100] - [TRAIN] Loss: 0.4588, Accuracy: 80.31%, AUC: 0.80 - [VAL] Loss: 0.4840, Accuracy: 78.77%, AUC: 0.79
Epoch [60/100] - [TRAIN] Loss: 0.4521, Accuracy: 80.43%, AUC: 0.80 - [VAL] Loss: 0.4820, Accuracy: 78.77%, AUC: 0.79
Epoch [70/100] - [TRAIN] Loss: 0.4512, Accuracy: 80.46%, AUC: 0.80 - [VAL] Loss: 0.4801, Accuracy: 78.87%, AUC: 0.79
Epoch [80/100] - [TRAIN] Loss: 0.4485, Accuracy: 81.13%, AUC: 0.81 - [VAL] Loss: 0.4762, Accuracy: 78.86%, AUC: 0.79
Epoch [90/100] - [TRAIN] Loss: 0.4474, Accuracy: 80.83%, AUC: 0.81 - [VAL] Loss: 0.4796, Accuracy: 79.03%, AUC: 0.79
Epoch [100/100] - [TRAIN] Loss: 0.4525, Accuracy: 81.10%, AUC: 0.81 - [VAL] Loss: 0.4731, Accuracy: 78.81%, AUC: 0.79
Training finished!
Accuracy Score on test set: 80.22 %
AUC Score on test set: 0.80

Item: H3K36me3-H3K27me3-H3K4me3-H3K4me1
Epoch [10/100] - [TRAIN] Loss: 0.5107, Accuracy: 78.95%, AUC: 0.79 - [VAL] Loss: 0.5300, Accuracy: 78.55%, AUC: 0.79
Epoch [20/100] - [TRAIN] Loss: 0.4839, Accuracy: 79.71%, AUC: 0.80 - [VAL] Loss: 0.5145, Accuracy: 78.60%, AUC: 0.79
Epoch [30/100] - [TRAIN] Loss: 0.4731, Accuracy: 79.91%, AUC: 0.80 - [VAL] Loss: 0.4885, Accuracy: 78.80%, AUC: 0.79
Epoch [40/100] - [TRAIN] Loss: 0.4619, Accuracy: 80.37%, AUC: 0.80 - [VAL] Loss: 0.4869, Accuracy: 78.81%, AUC: 0.79
Epoch [50/100] - [TRAIN] Loss: 0.4581, Accuracy: 80.06%, AUC: 0.80 - [VAL] Loss: 0.4888, Accuracy: 78.51%, AUC: 0.79
Epoch [60/100] - [TRAIN] Loss: 0.4549, Accuracy: 80.51%, AUC: 0.81 - [VAL] Loss: 0.4819, Accuracy: 78.77%, AUC: 0.79
Epoch [70/100] - [TRAIN] Loss: 0.4525, Accuracy: 80.77%, AUC: 0.81 - [VAL] Loss: 0.4773, Accuracy: 78.80%, AUC: 0.79
Epoch [80/100] - [TRAIN] Loss: 0.4523, Accuracy: 80.31%, AUC: 0.80 - [VAL] Loss: 0.4771, Accuracy: 78.83%, AUC: 0.79
Epoch [90/100] - [TRAIN] Loss: 0.4468, Accuracy: 80.72%, AUC: 0.81 - [VAL] Loss: 0.4734, Accuracy: 78.91%, AUC: 0.79
Epoch [100/100] - [TRAIN] Loss: 0.4490, Accuracy: 80.90%, AUC: 0.81 - [VAL] Loss: 0.4729, Accuracy: 78.78%, AUC: 0.79
Training finished!
Accuracy Score on test set: 80.31 %
AUC Score on test set: 0.80

Item: H3K36me3-H3K27me3-H3K4me1-H3K4me3
Epoch [10/100] - [TRAIN] Loss: 0.5391, Accuracy: 78.89%, AUC: 0.79 - [VAL] Loss: 0.5474, Accuracy: 75.07%, AUC: 0.75
Epoch [20/100] - [TRAIN] Loss: 0.4945, Accuracy: 79.74%, AUC: 0.80 - [VAL] Loss: 0.4987, Accuracy: 77.85%, AUC: 0.78
Epoch [30/100] - [TRAIN] Loss: 0.4700, Accuracy: 79.99%, AUC: 0.80 - [VAL] Loss: 0.4971, Accuracy: 78.54%, AUC: 0.79
Epoch [40/100] - [TRAIN] Loss: 0.4621, Accuracy: 80.25%, AUC: 0.80 - [VAL] Loss: 0.4860, Accuracy: 78.68%, AUC: 0.79
Epoch [50/100] - [TRAIN] Loss: 0.4590, Accuracy: 80.23%, AUC: 0.80 - [VAL] Loss: 0.4854, Accuracy: 78.71%, AUC: 0.79
Epoch [60/100] - [TRAIN] Loss: 0.4537, Accuracy: 80.57%, AUC: 0.81 - [VAL] Loss: 0.4783, Accuracy: 78.81%, AUC: 0.79
Epoch [70/100] - [TRAIN] Loss: 0.4583, Accuracy: 80.72%, AUC: 0.81 - [VAL] Loss: 0.4794, Accuracy: 78.06%, AUC: 0.78
Epoch [80/100] - [TRAIN] Loss: 0.4474, Accuracy: 80.69%, AUC: 0.81 - [VAL] Loss: 0.4811, Accuracy: 78.58%, AUC: 0.79
Epoch [90/100] - [TRAIN] Loss: 0.4542, Accuracy: 80.67%, AUC: 0.81 - [VAL] Loss: 0.4757, Accuracy: 78.40%, AUC: 0.78
Epoch [100/100] - [TRAIN] Loss: 0.4444, Accuracy: 80.69%, AUC: 0.81 - [VAL] Loss: 0.4746, Accuracy: 78.97%, AUC: 0.79
Training finished!
Accuracy Score on test set: 80.19 %
AUC Score on test set: 0.80

Item: H3K27me3-H3K4me3-H3K4me1-H3K36me3
Epoch [10/100] - [TRAIN] Loss: 0.5161, Accuracy: 79.41%, AUC: 0.79 - [VAL] Loss: 0.5441, Accuracy: 78.20%, AUC: 0.78
Epoch [20/100] - [TRAIN] Loss: 0.4811, Accuracy: 79.68%, AUC: 0.80 - [VAL] Loss: 0.5172, Accuracy: 78.58%, AUC: 0.79
Epoch [30/100] - [TRAIN] Loss: 0.4743, Accuracy: 80.03%, AUC: 0.80 - [VAL] Loss: 0.4849, Accuracy: 78.48%, AUC: 0.78
Epoch [40/100] - [TRAIN] Loss: 0.4620, Accuracy: 80.19%, AUC: 0.80 - [VAL] Loss: 0.4834, Accuracy: 78.69%, AUC: 0.79
Epoch [50/100] - [TRAIN] Loss: 0.4595, Accuracy: 80.40%, AUC: 0.80 - [VAL] Loss: 0.4870, Accuracy: 78.62%, AUC: 0.79
Epoch [60/100] - [TRAIN] Loss: 0.4560, Accuracy: 80.66%, AUC: 0.81 - [VAL] Loss: 0.4753, Accuracy: 78.83%, AUC: 0.79
Epoch [70/100] - [TRAIN] Loss: 0.4578, Accuracy: 80.87%, AUC: 0.81 - [VAL] Loss: 0.4767, Accuracy: 78.86%, AUC: 0.79
Epoch [80/100] - [TRAIN] Loss: 0.4496, Accuracy: 80.61%, AUC: 0.81 - [VAL] Loss: 0.4724, Accuracy: 78.92%, AUC: 0.79
Epoch [90/100] - [TRAIN] Loss: 0.4467, Accuracy: 80.81%, AUC: 0.81 - [VAL] Loss: 0.4733, Accuracy: 79.04%, AUC: 0.79
Epoch [100/100] - [TRAIN] Loss: 0.4471, Accuracy: 80.92%, AUC: 0.81 - [VAL] Loss: 0.4710, Accuracy: 79.09%, AUC: 0.79
Training finished!
Accuracy Score on test set: 80.31 %
AUC Score on test set: 0.80

Item: H3K27me3-H3K4me3-H3K36me3-H3K4me1
Epoch [10/100] - [TRAIN] Loss: 0.5170, Accuracy: 79.52%, AUC: 0.80 - [VAL] Loss: 0.5387, Accuracy: 78.23%, AUC: 0.78
Epoch [20/100] - [TRAIN] Loss: 0.4829, Accuracy: 79.73%, AUC: 0.80 - [VAL] Loss: 0.5133, Accuracy: 78.62%, AUC: 0.79
Epoch [30/100] - [TRAIN] Loss: 0.4718, Accuracy: 79.96%, AUC: 0.80 - [VAL] Loss: 0.5001, Accuracy: 78.40%, AUC: 0.78
Epoch [40/100] - [TRAIN] Loss: 0.4640, Accuracy: 79.96%, AUC: 0.80 - [VAL] Loss: 0.4931, Accuracy: 78.52%, AUC: 0.79
Epoch [50/100] - [TRAIN] Loss: 0.4576, Accuracy: 80.49%, AUC: 0.80 - [VAL] Loss: 0.4865, Accuracy: 78.60%, AUC: 0.79
Epoch [60/100] - [TRAIN] Loss: 0.4580, Accuracy: 80.40%, AUC: 0.80 - [VAL] Loss: 0.4805, Accuracy: 77.91%, AUC: 0.78
Epoch [70/100] - [TRAIN] Loss: 0.4526, Accuracy: 80.60%, AUC: 0.81 - [VAL] Loss: 0.4890, Accuracy: 78.58%, AUC: 0.79
Epoch [80/100] - [TRAIN] Loss: 0.4512, Accuracy: 80.57%, AUC: 0.81 - [VAL] Loss: 0.4789, Accuracy: 78.68%, AUC: 0.79
Epoch [90/100] - [TRAIN] Loss: 0.4472, Accuracy: 80.86%, AUC: 0.81 - [VAL] Loss: 0.4757, Accuracy: 78.94%, AUC: 0.79
Epoch [100/100] - [TRAIN] Loss: 0.4456, Accuracy: 80.77%, AUC: 0.81 - [VAL] Loss: 0.4755, Accuracy: 78.83%, AUC: 0.79
Training finished!
Accuracy Score on test set: 80.39 %
AUC Score on test set: 0.80

Item: H3K27me3-H3K4me1-H3K4me3-H3K36me3
Epoch [10/100] - [TRAIN] Loss: 0.5083, Accuracy: 78.94%, AUC: 0.79 - [VAL] Loss: 0.5395, Accuracy: 78.57%, AUC: 0.79
Epoch [20/100] - [TRAIN] Loss: 0.4783, Accuracy: 79.82%, AUC: 0.80 - [VAL] Loss: 0.5026, Accuracy: 78.78%, AUC: 0.79
Epoch [30/100] - [TRAIN] Loss: 0.4679, Accuracy: 79.90%, AUC: 0.80 - [VAL] Loss: 0.4903, Accuracy: 78.84%, AUC: 0.79
Epoch [40/100] - [TRAIN] Loss: 0.4596, Accuracy: 80.48%, AUC: 0.80 - [VAL] Loss: 0.4842, Accuracy: 78.86%, AUC: 0.79
Epoch [50/100] - [TRAIN] Loss: 0.4668, Accuracy: 80.38%, AUC: 0.80 - [VAL] Loss: 0.5043, Accuracy: 75.92%, AUC: 0.76
Epoch [60/100] - [TRAIN] Loss: 0.4622, Accuracy: 80.23%, AUC: 0.80 - [VAL] Loss: 0.4782, Accuracy: 78.84%, AUC: 0.79
Epoch [70/100] - [TRAIN] Loss: 0.4511, Accuracy: 80.45%, AUC: 0.80 - [VAL] Loss: 0.4793, Accuracy: 78.72%, AUC: 0.79
Epoch [80/100] - [TRAIN] Loss: 0.4479, Accuracy: 81.01%, AUC: 0.81 - [VAL] Loss: 0.4714, Accuracy: 79.24%, AUC: 0.79
Epoch [90/100] - [TRAIN] Loss: 0.4452, Accuracy: 80.98%, AUC: 0.81 - [VAL] Loss: 0.4697, Accuracy: 79.36%, AUC: 0.79
Epoch [100/100] - [TRAIN] Loss: 0.4426, Accuracy: 80.45%, AUC: 0.80 - [VAL] Loss: 0.4701, Accuracy: 79.13%, AUC: 0.79
Training finished!
Accuracy Score on test set: 80.22 %
AUC Score on test set: 0.80

Item: H3K27me3-H3K4me1-H3K36me3-H3K4me3
Epoch [10/100] - [TRAIN] Loss: 0.5119, Accuracy: 79.12%, AUC: 0.79 - [VAL] Loss: 0.5308, Accuracy: 78.40%, AUC: 0.78
Epoch [20/100] - [TRAIN] Loss: 0.4816, Accuracy: 79.74%, AUC: 0.80 - [VAL] Loss: 0.4999, Accuracy: 78.71%, AUC: 0.79
Epoch [30/100] - [TRAIN] Loss: 0.4753, Accuracy: 80.08%, AUC: 0.80 - [VAL] Loss: 0.4888, Accuracy: 78.20%, AUC: 0.78
Epoch [40/100] - [TRAIN] Loss: 0.4606, Accuracy: 80.52%, AUC: 0.81 - [VAL] Loss: 0.4815, Accuracy: 78.77%, AUC: 0.79
Epoch [50/100] - [TRAIN] Loss: 0.4570, Accuracy: 80.31%, AUC: 0.80 - [VAL] Loss: 0.4775, Accuracy: 78.83%, AUC: 0.79
Epoch [60/100] - [TRAIN] Loss: 0.4524, Accuracy: 80.66%, AUC: 0.81 - [VAL] Loss: 0.4813, Accuracy: 78.75%, AUC: 0.79
Epoch [70/100] - [TRAIN] Loss: 0.4500, Accuracy: 80.40%, AUC: 0.80 - [VAL] Loss: 0.4735, Accuracy: 79.03%, AUC: 0.79
Epoch [80/100] - [TRAIN] Loss: 0.4477, Accuracy: 80.66%, AUC: 0.81 - [VAL] Loss: 0.4723, Accuracy: 79.04%, AUC: 0.79
Epoch [90/100] - [TRAIN] Loss: 0.4475, Accuracy: 80.86%, AUC: 0.81 - [VAL] Loss: 0.4725, Accuracy: 79.21%, AUC: 0.79
Epoch [100/100] - [TRAIN] Loss: 0.4444, Accuracy: 80.81%, AUC: 0.81 - [VAL] Loss: 0.4706, Accuracy: 79.09%, AUC: 0.79
Training finished!
Accuracy Score on test set: 80.28 %
AUC Score on test set: 0.80

Item: H3K27me3-H3K36me3-H3K4me3-H3K4me1
Epoch [10/100] - [TRAIN] Loss: 0.5073, Accuracy: 79.58%, AUC: 0.80 - [VAL] Loss: 0.5395, Accuracy: 78.39%, AUC: 0.78
Epoch [20/100] - [TRAIN] Loss: 0.4886, Accuracy: 79.35%, AUC: 0.79 - [VAL] Loss: 0.5099, Accuracy: 78.55%, AUC: 0.79
Epoch [30/100] - [TRAIN] Loss: 0.4674, Accuracy: 80.06%, AUC: 0.80 - [VAL] Loss: 0.4868, Accuracy: 78.98%, AUC: 0.79
Epoch [40/100] - [TRAIN] Loss: 0.4625, Accuracy: 80.19%, AUC: 0.80 - [VAL] Loss: 0.4867, Accuracy: 78.68%, AUC: 0.79
Epoch [50/100] - [TRAIN] Loss: 0.4581, Accuracy: 80.25%, AUC: 0.80 - [VAL] Loss: 0.4810, Accuracy: 78.78%, AUC: 0.79
Epoch [60/100] - [TRAIN] Loss: 0.4551, Accuracy: 80.60%, AUC: 0.81 - [VAL] Loss: 0.4787, Accuracy: 78.80%, AUC: 0.79
Epoch [70/100] - [TRAIN] Loss: 0.4553, Accuracy: 80.58%, AUC: 0.81 - [VAL] Loss: 0.4771, Accuracy: 78.77%, AUC: 0.79
Epoch [80/100] - [TRAIN] Loss: 0.4484, Accuracy: 80.99%, AUC: 0.81 - [VAL] Loss: 0.4720, Accuracy: 79.15%, AUC: 0.79
Epoch [90/100] - [TRAIN] Loss: 0.4444, Accuracy: 80.93%, AUC: 0.81 - [VAL] Loss: 0.4700, Accuracy: 79.29%, AUC: 0.79
Epoch [100/100] - [TRAIN] Loss: 0.4485, Accuracy: 80.70%, AUC: 0.81 - [VAL] Loss: 0.4767, Accuracy: 78.86%, AUC: 0.79
Training finished!
Accuracy Score on test set: 80.42 %
AUC Score on test set: 0.80

Item: H3K27me3-H3K36me3-H3K4me1-H3K4me3
Epoch [10/100] - [TRAIN] Loss: 0.5197, Accuracy: 78.92%, AUC: 0.79 - [VAL] Loss: 0.5504, Accuracy: 77.96%, AUC: 0.78
Epoch [20/100] - [TRAIN] Loss: 0.4864, Accuracy: 79.55%, AUC: 0.80 - [VAL] Loss: 0.5094, Accuracy: 78.63%, AUC: 0.79
Epoch [30/100] - [TRAIN] Loss: 0.4746, Accuracy: 79.97%, AUC: 0.80 - [VAL] Loss: 0.4947, Accuracy: 78.71%, AUC: 0.79
Epoch [40/100] - [TRAIN] Loss: 0.4625, Accuracy: 79.73%, AUC: 0.80 - [VAL] Loss: 0.4832, Accuracy: 78.75%, AUC: 0.79
Epoch [50/100] - [TRAIN] Loss: 0.4579, Accuracy: 80.28%, AUC: 0.80 - [VAL] Loss: 0.4793, Accuracy: 78.87%, AUC: 0.79
Epoch [60/100] - [TRAIN] Loss: 0.4564, Accuracy: 80.40%, AUC: 0.80 - [VAL] Loss: 0.4754, Accuracy: 78.77%, AUC: 0.79
Epoch [70/100] - [TRAIN] Loss: 0.4548, Accuracy: 80.64%, AUC: 0.81 - [VAL] Loss: 0.4750, Accuracy: 78.97%, AUC: 0.79
Epoch [80/100] - [TRAIN] Loss: 0.4507, Accuracy: 80.96%, AUC: 0.81 - [VAL] Loss: 0.4716, Accuracy: 78.62%, AUC: 0.79
Epoch [90/100] - [TRAIN] Loss: 0.4505, Accuracy: 80.63%, AUC: 0.81 - [VAL] Loss: 0.4762, Accuracy: 78.40%, AUC: 0.78
Epoch [100/100] - [TRAIN] Loss: 0.4463, Accuracy: 80.90%, AUC: 0.81 - [VAL] Loss: 0.4700, Accuracy: 79.07%, AUC: 0.79
Training finished!
Accuracy Score on test set: 80.48 %
AUC Score on test set: 0.80

Item: H3K4me3-H3K4me1-H3K9me3-H3K27me3
Epoch [10/100] - [TRAIN] Loss: 0.5012, Accuracy: 80.08%, AUC: 0.80 - [VAL] Loss: 0.5291, Accuracy: 78.52%, AUC: 0.79
Epoch [20/100] - [TRAIN] Loss: 0.4804, Accuracy: 80.12%, AUC: 0.80 - [VAL] Loss: 0.5110, Accuracy: 78.65%, AUC: 0.79
Epoch [30/100] - [TRAIN] Loss: 0.4709, Accuracy: 79.90%, AUC: 0.80 - [VAL] Loss: 0.4943, Accuracy: 78.80%, AUC: 0.79
Epoch [40/100] - [TRAIN] Loss: 0.4635, Accuracy: 80.61%, AUC: 0.81 - [VAL] Loss: 0.4918, Accuracy: 78.77%, AUC: 0.79
Epoch [50/100] - [TRAIN] Loss: 0.4606, Accuracy: 80.40%, AUC: 0.80 - [VAL] Loss: 0.4897, Accuracy: 78.71%, AUC: 0.79
Epoch [60/100] - [TRAIN] Loss: 0.4562, Accuracy: 80.84%, AUC: 0.81 - [VAL] Loss: 0.4789, Accuracy: 79.00%, AUC: 0.79
Epoch [70/100] - [TRAIN] Loss: 0.4546, Accuracy: 80.52%, AUC: 0.81 - [VAL] Loss: 0.4786, Accuracy: 78.91%, AUC: 0.79
Epoch [80/100] - [TRAIN] Loss: 0.4534, Accuracy: 80.73%, AUC: 0.81 - [VAL] Loss: 0.4775, Accuracy: 78.89%, AUC: 0.79
Epoch [90/100] - [TRAIN] Loss: 0.4472, Accuracy: 80.61%, AUC: 0.81 - [VAL] Loss: 0.4778, Accuracy: 78.89%, AUC: 0.79
Epoch [100/100] - [TRAIN] Loss: 0.4508, Accuracy: 80.80%, AUC: 0.81 - [VAL] Loss: 0.4816, Accuracy: 78.80%, AUC: 0.79
Training finished!
Accuracy Score on test set: 80.27 %
AUC Score on test set: 0.80

Item: H3K4me3-H3K4me1-H3K27me3-H3K9me3
Epoch [10/100] - [TRAIN] Loss: 0.5136, Accuracy: 78.72%, AUC: 0.79 - [VAL] Loss: 0.5265, Accuracy: 78.37%, AUC: 0.78
Epoch [20/100] - [TRAIN] Loss: 0.4849, Accuracy: 79.68%, AUC: 0.80 - [VAL] Loss: 0.4993, Accuracy: 78.66%, AUC: 0.79
Epoch [30/100] - [TRAIN] Loss: 0.4728, Accuracy: 80.32%, AUC: 0.80 - [VAL] Loss: 0.4962, Accuracy: 78.62%, AUC: 0.79
Epoch [40/100] - [TRAIN] Loss: 0.4771, Accuracy: 80.26%, AUC: 0.80 - [VAL] Loss: 0.5054, Accuracy: 76.17%, AUC: 0.76
Epoch [50/100] - [TRAIN] Loss: 0.4631, Accuracy: 80.29%, AUC: 0.80 - [VAL] Loss: 0.4803, Accuracy: 78.91%, AUC: 0.79
Epoch [60/100] - [TRAIN] Loss: 0.4588, Accuracy: 80.45%, AUC: 0.80 - [VAL] Loss: 0.4818, Accuracy: 78.69%, AUC: 0.79
Epoch [70/100] - [TRAIN] Loss: 0.4514, Accuracy: 80.69%, AUC: 0.81 - [VAL] Loss: 0.4800, Accuracy: 78.74%, AUC: 0.79
Epoch [80/100] - [TRAIN] Loss: 0.4502, Accuracy: 80.61%, AUC: 0.81 - [VAL] Loss: 0.4780, Accuracy: 78.95%, AUC: 0.79
Epoch [90/100] - [TRAIN] Loss: 0.4509, Accuracy: 80.87%, AUC: 0.81 - [VAL] Loss: 0.4812, Accuracy: 78.54%, AUC: 0.79
Epoch [100/100] - [TRAIN] Loss: 0.4479, Accuracy: 80.87%, AUC: 0.81 - [VAL] Loss: 0.4761, Accuracy: 78.92%, AUC: 0.79
Training finished!
Accuracy Score on test set: 80.54 %
AUC Score on test set: 0.81

Item: H3K4me3-H3K9me3-H3K4me1-H3K27me3
Epoch [10/100] - [TRAIN] Loss: 0.5118, Accuracy: 79.45%, AUC: 0.79 - [VAL] Loss: 0.5139, Accuracy: 78.97%, AUC: 0.79
Epoch [20/100] - [TRAIN] Loss: 0.4818, Accuracy: 79.90%, AUC: 0.80 - [VAL] Loss: 0.5064, Accuracy: 78.54%, AUC: 0.79
Epoch [30/100] - [TRAIN] Loss: 0.4782, Accuracy: 80.14%, AUC: 0.80 - [VAL] Loss: 0.4927, Accuracy: 78.71%, AUC: 0.79
Epoch [40/100] - [TRAIN] Loss: 0.4695, Accuracy: 80.29%, AUC: 0.80 - [VAL] Loss: 0.4811, Accuracy: 78.98%, AUC: 0.79
Epoch [50/100] - [TRAIN] Loss: 0.4587, Accuracy: 80.28%, AUC: 0.80 - [VAL] Loss: 0.4825, Accuracy: 78.80%, AUC: 0.79
Epoch [60/100] - [TRAIN] Loss: 0.4570, Accuracy: 80.28%, AUC: 0.80 - [VAL] Loss: 0.4795, Accuracy: 78.75%, AUC: 0.79
Epoch [70/100] - [TRAIN] Loss: 0.4539, Accuracy: 81.01%, AUC: 0.81 - [VAL] Loss: 0.4826, Accuracy: 78.89%, AUC: 0.79
Epoch [80/100] - [TRAIN] Loss: 0.4518, Accuracy: 80.96%, AUC: 0.81 - [VAL] Loss: 0.4792, Accuracy: 78.94%, AUC: 0.79
Epoch [90/100] - [TRAIN] Loss: 0.4515, Accuracy: 80.55%, AUC: 0.81 - [VAL] Loss: 0.4761, Accuracy: 78.60%, AUC: 0.79
Epoch [100/100] - [TRAIN] Loss: 0.4483, Accuracy: 80.83%, AUC: 0.81 - [VAL] Loss: 0.4743, Accuracy: 78.91%, AUC: 0.79
Training finished!
Accuracy Score on test set: 80.31 %
AUC Score on test set: 0.80

Item: H3K4me3-H3K9me3-H3K27me3-H3K4me1
Epoch [10/100] - [TRAIN] Loss: 0.5177, Accuracy: 79.30%, AUC: 0.79 - [VAL] Loss: 0.5364, Accuracy: 78.20%, AUC: 0.78
Epoch [20/100] - [TRAIN] Loss: 0.4833, Accuracy: 80.23%, AUC: 0.80 - [VAL] Loss: 0.5045, Accuracy: 78.71%, AUC: 0.79
Epoch [30/100] - [TRAIN] Loss: 0.4715, Accuracy: 80.16%, AUC: 0.80 - [VAL] Loss: 0.4935, Accuracy: 78.68%, AUC: 0.79
Epoch [40/100] - [TRAIN] Loss: 0.4604, Accuracy: 80.66%, AUC: 0.81 - [VAL] Loss: 0.4893, Accuracy: 78.72%, AUC: 0.79
Epoch [50/100] - [TRAIN] Loss: 0.4642, Accuracy: 80.48%, AUC: 0.80 - [VAL] Loss: 0.4869, Accuracy: 78.78%, AUC: 0.79
Epoch [60/100] - [TRAIN] Loss: 0.4573, Accuracy: 80.80%, AUC: 0.81 - [VAL] Loss: 0.4842, Accuracy: 78.51%, AUC: 0.79
Epoch [70/100] - [TRAIN] Loss: 0.4561, Accuracy: 80.29%, AUC: 0.80 - [VAL] Loss: 0.4834, Accuracy: 78.74%, AUC: 0.79
Epoch [80/100] - [TRAIN] Loss: 0.4527, Accuracy: 81.02%, AUC: 0.81 - [VAL] Loss: 0.4780, Accuracy: 78.84%, AUC: 0.79
Epoch [90/100] - [TRAIN] Loss: 0.4491, Accuracy: 80.84%, AUC: 0.81 - [VAL] Loss: 0.4810, Accuracy: 78.80%, AUC: 0.79
Epoch [100/100] - [TRAIN] Loss: 0.4486, Accuracy: 80.93%, AUC: 0.81 - [VAL] Loss: 0.4763, Accuracy: 78.86%, AUC: 0.79
Training finished!
Accuracy Score on test set: 80.07 %
AUC Score on test set: 0.80

Item: H3K4me3-H3K27me3-H3K4me1-H3K9me3
Epoch [10/100] - [TRAIN] Loss: 0.5163, Accuracy: 79.32%, AUC: 0.79 - [VAL] Loss: 0.5250, Accuracy: 78.69%, AUC: 0.79
Epoch [20/100] - [TRAIN] Loss: 0.4847, Accuracy: 79.97%, AUC: 0.80 - [VAL] Loss: 0.5009, Accuracy: 78.87%, AUC: 0.79
Epoch [30/100] - [TRAIN] Loss: 0.4747, Accuracy: 80.12%, AUC: 0.80 - [VAL] Loss: 0.4952, Accuracy: 78.74%, AUC: 0.79
Epoch [40/100] - [TRAIN] Loss: 0.4691, Accuracy: 80.14%, AUC: 0.80 - [VAL] Loss: 0.4890, Accuracy: 78.81%, AUC: 0.79
Epoch [50/100] - [TRAIN] Loss: 0.4677, Accuracy: 80.35%, AUC: 0.80 - [VAL] Loss: 0.4841, Accuracy: 78.91%, AUC: 0.79
Epoch [60/100] - [TRAIN] Loss: 0.4604, Accuracy: 80.09%, AUC: 0.80 - [VAL] Loss: 0.4821, Accuracy: 78.77%, AUC: 0.79
Epoch [70/100] - [TRAIN] Loss: 0.4590, Accuracy: 80.55%, AUC: 0.81 - [VAL] Loss: 0.4835, Accuracy: 78.57%, AUC: 0.79
Epoch [80/100] - [TRAIN] Loss: 0.4557, Accuracy: 80.73%, AUC: 0.81 - [VAL] Loss: 0.4781, Accuracy: 78.81%, AUC: 0.79
Epoch [90/100] - [TRAIN] Loss: 0.4532, Accuracy: 80.80%, AUC: 0.81 - [VAL] Loss: 0.4786, Accuracy: 78.89%, AUC: 0.79
Epoch [100/100] - [TRAIN] Loss: 0.4540, Accuracy: 80.70%, AUC: 0.81 - [VAL] Loss: 0.4773, Accuracy: 78.75%, AUC: 0.79
Training finished!
Accuracy Score on test set: 80.17 %
AUC Score on test set: 0.80

Item: H3K4me3-H3K27me3-H3K9me3-H3K4me1
Epoch [10/100] - [TRAIN] Loss: 0.5108, Accuracy: 79.00%, AUC: 0.79 - [VAL] Loss: 0.5329, Accuracy: 78.03%, AUC: 0.78
Epoch [20/100] - [TRAIN] Loss: 0.4855, Accuracy: 79.79%, AUC: 0.80 - [VAL] Loss: 0.4971, Accuracy: 78.74%, AUC: 0.79
Epoch [30/100] - [TRAIN] Loss: 0.4720, Accuracy: 80.03%, AUC: 0.80 - [VAL] Loss: 0.4917, Accuracy: 78.62%, AUC: 0.79
Epoch [40/100] - [TRAIN] Loss: 0.4683, Accuracy: 80.20%, AUC: 0.80 - [VAL] Loss: 0.4842, Accuracy: 78.69%, AUC: 0.79
Epoch [50/100] - [TRAIN] Loss: 0.4659, Accuracy: 80.26%, AUC: 0.80 - [VAL] Loss: 0.4833, Accuracy: 78.55%, AUC: 0.79
Epoch [60/100] - [TRAIN] Loss: 0.4616, Accuracy: 80.23%, AUC: 0.80 - [VAL] Loss: 0.4793, Accuracy: 78.58%, AUC: 0.79
Epoch [70/100] - [TRAIN] Loss: 0.4597, Accuracy: 80.54%, AUC: 0.81 - [VAL] Loss: 0.4784, Accuracy: 78.75%, AUC: 0.79
Epoch [80/100] - [TRAIN] Loss: 0.4561, Accuracy: 80.55%, AUC: 0.81 - [VAL] Loss: 0.4777, Accuracy: 78.40%, AUC: 0.78
Epoch [90/100] - [TRAIN] Loss: 0.4535, Accuracy: 80.81%, AUC: 0.81 - [VAL] Loss: 0.4765, Accuracy: 78.78%, AUC: 0.79
Epoch [100/100] - [TRAIN] Loss: 0.4525, Accuracy: 80.87%, AUC: 0.81 - [VAL] Loss: 0.4751, Accuracy: 78.77%, AUC: 0.79
Training finished!
Accuracy Score on test set: 80.30 %
AUC Score on test set: 0.80

Item: H3K4me1-H3K4me3-H3K9me3-H3K27me3
Epoch [10/100] - [TRAIN] Loss: 0.5175, Accuracy: 79.20%, AUC: 0.79 - [VAL] Loss: 0.5301, Accuracy: 78.58%, AUC: 0.79
Epoch [20/100] - [TRAIN] Loss: 0.4890, Accuracy: 79.84%, AUC: 0.80 - [VAL] Loss: 0.5284, Accuracy: 78.26%, AUC: 0.78
Epoch [30/100] - [TRAIN] Loss: 0.4795, Accuracy: 79.84%, AUC: 0.80 - [VAL] Loss: 0.4972, Accuracy: 78.57%, AUC: 0.79
Epoch [40/100] - [TRAIN] Loss: 0.4711, Accuracy: 79.82%, AUC: 0.80 - [VAL] Loss: 0.4907, Accuracy: 78.63%, AUC: 0.79
Epoch [50/100] - [TRAIN] Loss: 0.4786, Accuracy: 80.28%, AUC: 0.80 - [VAL] Loss: 0.4832, Accuracy: 78.72%, AUC: 0.79
Epoch [60/100] - [TRAIN] Loss: 0.4670, Accuracy: 80.20%, AUC: 0.80 - [VAL] Loss: 0.4808, Accuracy: 78.83%, AUC: 0.79
Epoch [70/100] - [TRAIN] Loss: 0.4597, Accuracy: 80.66%, AUC: 0.81 - [VAL] Loss: 0.4813, Accuracy: 78.98%, AUC: 0.79
Epoch [80/100] - [TRAIN] Loss: 0.4549, Accuracy: 80.34%, AUC: 0.80 - [VAL] Loss: 0.4793, Accuracy: 78.95%, AUC: 0.79
Epoch [90/100] - [TRAIN] Loss: 0.4615, Accuracy: 80.81%, AUC: 0.81 - [VAL] Loss: 0.4958, Accuracy: 77.04%, AUC: 0.77
Epoch [100/100] - [TRAIN] Loss: 0.4498, Accuracy: 80.90%, AUC: 0.81 - [VAL] Loss: 0.4777, Accuracy: 78.97%, AUC: 0.79
Training finished!
Accuracy Score on test set: 80.04 %
AUC Score on test set: 0.80

Item: H3K4me1-H3K4me3-H3K27me3-H3K9me3
Epoch [10/100] - [TRAIN] Loss: 0.5097, Accuracy: 79.42%, AUC: 0.79 - [VAL] Loss: 0.5289, Accuracy: 78.22%, AUC: 0.78
Epoch [20/100] - [TRAIN] Loss: 0.4826, Accuracy: 79.68%, AUC: 0.80 - [VAL] Loss: 0.4987, Accuracy: 78.69%, AUC: 0.79
Epoch [30/100] - [TRAIN] Loss: 0.4736, Accuracy: 80.19%, AUC: 0.80 - [VAL] Loss: 0.4850, Accuracy: 78.97%, AUC: 0.79
Epoch [40/100] - [TRAIN] Loss: 0.4652, Accuracy: 80.23%, AUC: 0.80 - [VAL] Loss: 0.4854, Accuracy: 78.94%, AUC: 0.79
Epoch [50/100] - [TRAIN] Loss: 0.4576, Accuracy: 80.19%, AUC: 0.80 - [VAL] Loss: 0.4825, Accuracy: 78.84%, AUC: 0.79
Epoch [60/100] - [TRAIN] Loss: 0.4562, Accuracy: 80.83%, AUC: 0.81 - [VAL] Loss: 0.4759, Accuracy: 78.87%, AUC: 0.79
Epoch [70/100] - [TRAIN] Loss: 0.4551, Accuracy: 80.55%, AUC: 0.81 - [VAL] Loss: 0.4746, Accuracy: 78.95%, AUC: 0.79
Epoch [80/100] - [TRAIN] Loss: 0.4507, Accuracy: 80.86%, AUC: 0.81 - [VAL] Loss: 0.4741, Accuracy: 79.01%, AUC: 0.79
Epoch [90/100] - [TRAIN] Loss: 0.4520, Accuracy: 80.84%, AUC: 0.81 - [VAL] Loss: 0.4734, Accuracy: 78.98%, AUC: 0.79
Epoch [100/100] - [TRAIN] Loss: 0.4490, Accuracy: 81.13%, AUC: 0.81 - [VAL] Loss: 0.4737, Accuracy: 78.81%, AUC: 0.79
Training finished!
Accuracy Score on test set: 80.05 %
AUC Score on test set: 0.80

Item: H3K4me1-H3K9me3-H3K4me3-H3K27me3
Epoch [10/100] - [TRAIN] Loss: 0.5183, Accuracy: 79.45%, AUC: 0.79 - [VAL] Loss: 0.5411, Accuracy: 78.36%, AUC: 0.78
Epoch [20/100] - [TRAIN] Loss: 0.4870, Accuracy: 79.41%, AUC: 0.79 - [VAL] Loss: 0.5033, Accuracy: 78.98%, AUC: 0.79
Epoch [30/100] - [TRAIN] Loss: 0.4757, Accuracy: 80.02%, AUC: 0.80 - [VAL] Loss: 0.5104, Accuracy: 78.69%, AUC: 0.79
Epoch [40/100] - [TRAIN] Loss: 0.4702, Accuracy: 80.05%, AUC: 0.80 - [VAL] Loss: 0.4850, Accuracy: 78.52%, AUC: 0.79
Epoch [50/100] - [TRAIN] Loss: 0.4607, Accuracy: 80.48%, AUC: 0.80 - [VAL] Loss: 0.4979, Accuracy: 78.77%, AUC: 0.79
Epoch [60/100] - [TRAIN] Loss: 0.4646, Accuracy: 80.58%, AUC: 0.81 - [VAL] Loss: 0.4978, Accuracy: 78.75%, AUC: 0.79
Epoch [70/100] - [TRAIN] Loss: 0.4546, Accuracy: 80.48%, AUC: 0.80 - [VAL] Loss: 0.4839, Accuracy: 78.87%, AUC: 0.79
Epoch [80/100] - [TRAIN] Loss: 0.4566, Accuracy: 80.66%, AUC: 0.81 - [VAL] Loss: 0.4805, Accuracy: 78.74%, AUC: 0.79
Epoch [90/100] - [TRAIN] Loss: 0.4520, Accuracy: 80.55%, AUC: 0.81 - [VAL] Loss: 0.4786, Accuracy: 78.92%, AUC: 0.79
Epoch [100/100] - [TRAIN] Loss: 0.4490, Accuracy: 80.63%, AUC: 0.81 - [VAL] Loss: 0.4798, Accuracy: 78.86%, AUC: 0.79
Training finished!
Accuracy Score on test set: 80.16 %
AUC Score on test set: 0.80

Item: H3K4me1-H3K9me3-H3K27me3-H3K4me3
Epoch [10/100] - [TRAIN] Loss: 0.5060, Accuracy: 79.23%, AUC: 0.79 - [VAL] Loss: 0.5144, Accuracy: 78.55%, AUC: 0.79
Epoch [20/100] - [TRAIN] Loss: 0.4849, Accuracy: 79.45%, AUC: 0.79 - [VAL] Loss: 0.4983, Accuracy: 78.57%, AUC: 0.79
Epoch [30/100] - [TRAIN] Loss: 0.4724, Accuracy: 80.12%, AUC: 0.80 - [VAL] Loss: 0.4888, Accuracy: 78.69%, AUC: 0.79
Epoch [40/100] - [TRAIN] Loss: 0.4685, Accuracy: 80.54%, AUC: 0.81 - [VAL] Loss: 0.4882, Accuracy: 78.58%, AUC: 0.79
Epoch [50/100] - [TRAIN] Loss: 0.4595, Accuracy: 80.80%, AUC: 0.81 - [VAL] Loss: 0.4812, Accuracy: 78.74%, AUC: 0.79
Epoch [60/100] - [TRAIN] Loss: 0.4618, Accuracy: 80.26%, AUC: 0.80 - [VAL] Loss: 0.4789, Accuracy: 78.78%, AUC: 0.79
Epoch [70/100] - [TRAIN] Loss: 0.4568, Accuracy: 80.48%, AUC: 0.80 - [VAL] Loss: 0.4792, Accuracy: 78.72%, AUC: 0.79
Epoch [80/100] - [TRAIN] Loss: 0.4556, Accuracy: 80.63%, AUC: 0.81 - [VAL] Loss: 0.4769, Accuracy: 78.83%, AUC: 0.79
Epoch [90/100] - [TRAIN] Loss: 0.4514, Accuracy: 80.48%, AUC: 0.80 - [VAL] Loss: 0.4764, Accuracy: 78.72%, AUC: 0.79
Epoch [100/100] - [TRAIN] Loss: 0.4514, Accuracy: 80.52%, AUC: 0.81 - [VAL] Loss: 0.4754, Accuracy: 78.94%, AUC: 0.79
Training finished!
Accuracy Score on test set: 80.28 %
AUC Score on test set: 0.80

Item: H3K4me1-H3K27me3-H3K4me3-H3K9me3
Epoch [10/100] - [TRAIN] Loss: 0.5195, Accuracy: 79.27%, AUC: 0.79 - [VAL] Loss: 0.5381, Accuracy: 78.05%, AUC: 0.78
Epoch [20/100] - [TRAIN] Loss: 0.4831, Accuracy: 79.80%, AUC: 0.80 - [VAL] Loss: 0.5057, Accuracy: 78.31%, AUC: 0.78
Epoch [30/100] - [TRAIN] Loss: 0.4709, Accuracy: 79.88%, AUC: 0.80 - [VAL] Loss: 0.5064, Accuracy: 78.34%, AUC: 0.78
Epoch [40/100] - [TRAIN] Loss: 0.4642, Accuracy: 80.17%, AUC: 0.80 - [VAL] Loss: 0.4824, Accuracy: 78.75%, AUC: 0.79
Epoch [50/100] - [TRAIN] Loss: 0.4597, Accuracy: 80.06%, AUC: 0.80 - [VAL] Loss: 0.4840, Accuracy: 78.58%, AUC: 0.79
Epoch [60/100] - [TRAIN] Loss: 0.4564, Accuracy: 80.51%, AUC: 0.81 - [VAL] Loss: 0.4774, Accuracy: 78.91%, AUC: 0.79
Epoch [70/100] - [TRAIN] Loss: 0.4534, Accuracy: 80.77%, AUC: 0.81 - [VAL] Loss: 0.4787, Accuracy: 78.80%, AUC: 0.79
Epoch [80/100] - [TRAIN] Loss: 0.4513, Accuracy: 80.96%, AUC: 0.81 - [VAL] Loss: 0.4812, Accuracy: 78.95%, AUC: 0.79
Epoch [90/100] - [TRAIN] Loss: 0.4506, Accuracy: 80.89%, AUC: 0.81 - [VAL] Loss: 0.4733, Accuracy: 78.91%, AUC: 0.79
Epoch [100/100] - [TRAIN] Loss: 0.4481, Accuracy: 80.61%, AUC: 0.81 - [VAL] Loss: 0.4732, Accuracy: 79.01%, AUC: 0.79
Training finished!
Accuracy Score on test set: 79.94 %
AUC Score on test set: 0.80

Item: H3K4me1-H3K27me3-H3K9me3-H3K4me3
Epoch [10/100] - [TRAIN] Loss: 0.5247, Accuracy: 79.01%, AUC: 0.79 - [VAL] Loss: 0.5310, Accuracy: 75.88%, AUC: 0.76
Epoch [20/100] - [TRAIN] Loss: 0.4843, Accuracy: 79.68%, AUC: 0.80 - [VAL] Loss: 0.4992, Accuracy: 78.86%, AUC: 0.79
Epoch [30/100] - [TRAIN] Loss: 0.4744, Accuracy: 80.06%, AUC: 0.80 - [VAL] Loss: 0.4929, Accuracy: 78.60%, AUC: 0.79
Epoch [40/100] - [TRAIN] Loss: 0.4672, Accuracy: 80.09%, AUC: 0.80 - [VAL] Loss: 0.4890, Accuracy: 78.68%, AUC: 0.79
Epoch [50/100] - [TRAIN] Loss: 0.4618, Accuracy: 80.22%, AUC: 0.80 - [VAL] Loss: 0.4815, Accuracy: 78.77%, AUC: 0.79
Epoch [60/100] - [TRAIN] Loss: 0.4600, Accuracy: 80.43%, AUC: 0.80 - [VAL] Loss: 0.4821, Accuracy: 78.75%, AUC: 0.79
Epoch [70/100] - [TRAIN] Loss: 0.4565, Accuracy: 80.32%, AUC: 0.80 - [VAL] Loss: 0.4798, Accuracy: 78.77%, AUC: 0.79
Epoch [80/100] - [TRAIN] Loss: 0.4551, Accuracy: 80.57%, AUC: 0.81 - [VAL] Loss: 0.4792, Accuracy: 78.77%, AUC: 0.79
Epoch [90/100] - [TRAIN] Loss: 0.4537, Accuracy: 80.57%, AUC: 0.81 - [VAL] Loss: 0.4785, Accuracy: 78.77%, AUC: 0.79
Epoch [100/100] - [TRAIN] Loss: 0.4473, Accuracy: 80.90%, AUC: 0.81 - [VAL] Loss: 0.4781, Accuracy: 78.72%, AUC: 0.79
Training finished!
Accuracy Score on test set: 80.13 %
AUC Score on test set: 0.80

Item: H3K9me3-H3K4me3-H3K4me1-H3K27me3
Epoch [10/100] - [TRAIN] Loss: 0.5155, Accuracy: 79.91%, AUC: 0.80 - [VAL] Loss: 0.5277, Accuracy: 78.66%, AUC: 0.79
Epoch [20/100] - [TRAIN] Loss: 0.4858, Accuracy: 79.82%, AUC: 0.80 - [VAL] Loss: 0.5102, Accuracy: 78.77%, AUC: 0.79
Epoch [30/100] - [TRAIN] Loss: 0.4753, Accuracy: 79.96%, AUC: 0.80 - [VAL] Loss: 0.4896, Accuracy: 78.83%, AUC: 0.79
Epoch [40/100] - [TRAIN] Loss: 0.4660, Accuracy: 80.51%, AUC: 0.81 - [VAL] Loss: 0.4861, Accuracy: 78.72%, AUC: 0.79
Epoch [50/100] - [TRAIN] Loss: 0.4608, Accuracy: 80.51%, AUC: 0.81 - [VAL] Loss: 0.4820, Accuracy: 78.83%, AUC: 0.79
Epoch [60/100] - [TRAIN] Loss: 0.4586, Accuracy: 80.37%, AUC: 0.80 - [VAL] Loss: 0.4812, Accuracy: 78.74%, AUC: 0.79
Epoch [70/100] - [TRAIN] Loss: 0.4576, Accuracy: 80.45%, AUC: 0.80 - [VAL] Loss: 0.4790, Accuracy: 78.84%, AUC: 0.79
Epoch [80/100] - [TRAIN] Loss: 0.4552, Accuracy: 80.73%, AUC: 0.81 - [VAL] Loss: 0.4776, Accuracy: 78.75%, AUC: 0.79
Epoch [90/100] - [TRAIN] Loss: 0.4534, Accuracy: 80.84%, AUC: 0.81 - [VAL] Loss: 0.4760, Accuracy: 78.91%, AUC: 0.79
Epoch [100/100] - [TRAIN] Loss: 0.4553, Accuracy: 80.70%, AUC: 0.81 - [VAL] Loss: 0.4746, Accuracy: 79.06%, AUC: 0.79
Training finished!
Accuracy Score on test set: 80.39 %
AUC Score on test set: 0.80

Item: H3K9me3-H3K4me3-H3K27me3-H3K4me1
Epoch [10/100] - [TRAIN] Loss: 0.5053, Accuracy: 79.15%, AUC: 0.79 - [VAL] Loss: 0.5188, Accuracy: 78.63%, AUC: 0.79
Epoch [20/100] - [TRAIN] Loss: 0.4833, Accuracy: 79.96%, AUC: 0.80 - [VAL] Loss: 0.4949, Accuracy: 78.84%, AUC: 0.79
Epoch [30/100] - [TRAIN] Loss: 0.4702, Accuracy: 80.38%, AUC: 0.80 - [VAL] Loss: 0.4895, Accuracy: 78.72%, AUC: 0.79
Epoch [40/100] - [TRAIN] Loss: 0.4664, Accuracy: 80.61%, AUC: 0.81 - [VAL] Loss: 0.4846, Accuracy: 78.68%, AUC: 0.79
Epoch [50/100] - [TRAIN] Loss: 0.4592, Accuracy: 80.49%, AUC: 0.80 - [VAL] Loss: 0.4841, Accuracy: 78.66%, AUC: 0.79
Epoch [60/100] - [TRAIN] Loss: 0.4608, Accuracy: 80.46%, AUC: 0.80 - [VAL] Loss: 0.4800, Accuracy: 78.58%, AUC: 0.79
Epoch [70/100] - [TRAIN] Loss: 0.4546, Accuracy: 80.54%, AUC: 0.81 - [VAL] Loss: 0.4786, Accuracy: 78.77%, AUC: 0.79
Epoch [80/100] - [TRAIN] Loss: 0.4572, Accuracy: 80.70%, AUC: 0.81 - [VAL] Loss: 0.4792, Accuracy: 78.68%, AUC: 0.79
Epoch [90/100] - [TRAIN] Loss: 0.4507, Accuracy: 81.04%, AUC: 0.81 - [VAL] Loss: 0.4765, Accuracy: 78.77%, AUC: 0.79
Epoch [100/100] - [TRAIN] Loss: 0.4529, Accuracy: 80.81%, AUC: 0.81 - [VAL] Loss: 0.4778, Accuracy: 78.69%, AUC: 0.79
Training finished!
Accuracy Score on test set: 80.25 %
AUC Score on test set: 0.80

Item: H3K9me3-H3K4me1-H3K4me3-H3K27me3
Epoch [10/100] - [TRAIN] Loss: 0.5102, Accuracy: 79.18%, AUC: 0.79 - [VAL] Loss: 0.5378, Accuracy: 78.28%, AUC: 0.78
Epoch [20/100] - [TRAIN] Loss: 0.4856, Accuracy: 79.84%, AUC: 0.80 - [VAL] Loss: 0.5084, Accuracy: 78.66%, AUC: 0.79
Epoch [30/100] - [TRAIN] Loss: 0.4701, Accuracy: 80.12%, AUC: 0.80 - [VAL] Loss: 0.4884, Accuracy: 78.95%, AUC: 0.79
Epoch [40/100] - [TRAIN] Loss: 0.4654, Accuracy: 80.49%, AUC: 0.80 - [VAL] Loss: 0.4898, Accuracy: 78.78%, AUC: 0.79
Epoch [50/100] - [TRAIN] Loss: 0.4641, Accuracy: 80.49%, AUC: 0.80 - [VAL] Loss: 0.4824, Accuracy: 78.74%, AUC: 0.79
Epoch [60/100] - [TRAIN] Loss: 0.4612, Accuracy: 80.46%, AUC: 0.80 - [VAL] Loss: 0.4812, Accuracy: 78.63%, AUC: 0.79
Epoch [70/100] - [TRAIN] Loss: 0.4593, Accuracy: 80.57%, AUC: 0.81 - [VAL] Loss: 0.4799, Accuracy: 78.60%, AUC: 0.79
Epoch [80/100] - [TRAIN] Loss: 0.4622, Accuracy: 80.43%, AUC: 0.80 - [VAL] Loss: 0.4898, Accuracy: 77.44%, AUC: 0.77
Epoch [90/100] - [TRAIN] Loss: 0.4549, Accuracy: 80.80%, AUC: 0.81 - [VAL] Loss: 0.4815, Accuracy: 78.84%, AUC: 0.79
Epoch [100/100] - [TRAIN] Loss: 0.4503, Accuracy: 80.80%, AUC: 0.81 - [VAL] Loss: 0.4762, Accuracy: 78.83%, AUC: 0.79
Training finished!
Accuracy Score on test set: 80.31 %
AUC Score on test set: 0.80

Item: H3K9me3-H3K4me1-H3K27me3-H3K4me3
Epoch [10/100] - [TRAIN] Loss: 0.5161, Accuracy: 78.75%, AUC: 0.79 - [VAL] Loss: 0.5270, Accuracy: 78.48%, AUC: 0.78
Epoch [20/100] - [TRAIN] Loss: 0.4843, Accuracy: 79.59%, AUC: 0.80 - [VAL] Loss: 0.5056, Accuracy: 78.54%, AUC: 0.79
Epoch [30/100] - [TRAIN] Loss: 0.4732, Accuracy: 79.85%, AUC: 0.80 - [VAL] Loss: 0.5050, Accuracy: 78.37%, AUC: 0.78
Epoch [40/100] - [TRAIN] Loss: 0.4636, Accuracy: 80.28%, AUC: 0.80 - [VAL] Loss: 0.4864, Accuracy: 78.92%, AUC: 0.79
Epoch [50/100] - [TRAIN] Loss: 0.4613, Accuracy: 80.25%, AUC: 0.80 - [VAL] Loss: 0.4847, Accuracy: 78.86%, AUC: 0.79
Epoch [60/100] - [TRAIN] Loss: 0.4595, Accuracy: 80.61%, AUC: 0.81 - [VAL] Loss: 0.4789, Accuracy: 79.00%, AUC: 0.79
Epoch [70/100] - [TRAIN] Loss: 0.4578, Accuracy: 80.90%, AUC: 0.81 - [VAL] Loss: 0.4809, Accuracy: 78.81%, AUC: 0.79
Epoch [80/100] - [TRAIN] Loss: 0.4545, Accuracy: 80.80%, AUC: 0.81 - [VAL] Loss: 0.4757, Accuracy: 78.86%, AUC: 0.79
Epoch [90/100] - [TRAIN] Loss: 0.4503, Accuracy: 80.60%, AUC: 0.81 - [VAL] Loss: 0.4783, Accuracy: 78.87%, AUC: 0.79
Epoch [100/100] - [TRAIN] Loss: 0.4512, Accuracy: 80.55%, AUC: 0.81 - [VAL] Loss: 0.4792, Accuracy: 78.80%, AUC: 0.79
Training finished!
Accuracy Score on test set: 80.14 %
AUC Score on test set: 0.80

Item: H3K9me3-H3K27me3-H3K4me3-H3K4me1
Epoch [10/100] - [TRAIN] Loss: 0.5175, Accuracy: 79.26%, AUC: 0.79 - [VAL] Loss: 0.5353, Accuracy: 78.17%, AUC: 0.78
Epoch [20/100] - [TRAIN] Loss: 0.4880, Accuracy: 79.48%, AUC: 0.79 - [VAL] Loss: 0.5109, Accuracy: 78.60%, AUC: 0.79
Epoch [30/100] - [TRAIN] Loss: 0.4713, Accuracy: 79.74%, AUC: 0.80 - [VAL] Loss: 0.4925, Accuracy: 78.54%, AUC: 0.79
Epoch [40/100] - [TRAIN] Loss: 0.4667, Accuracy: 80.19%, AUC: 0.80 - [VAL] Loss: 0.4845, Accuracy: 78.60%, AUC: 0.79
Epoch [50/100] - [TRAIN] Loss: 0.4630, Accuracy: 80.05%, AUC: 0.80 - [VAL] Loss: 0.4822, Accuracy: 78.60%, AUC: 0.79
Epoch [60/100] - [TRAIN] Loss: 0.4604, Accuracy: 80.35%, AUC: 0.80 - [VAL] Loss: 0.4798, Accuracy: 78.72%, AUC: 0.79
Epoch [70/100] - [TRAIN] Loss: 0.4593, Accuracy: 80.64%, AUC: 0.81 - [VAL] Loss: 0.4787, Accuracy: 78.69%, AUC: 0.79
Epoch [80/100] - [TRAIN] Loss: 0.4559, Accuracy: 80.61%, AUC: 0.81 - [VAL] Loss: 0.4771, Accuracy: 78.84%, AUC: 0.79
Epoch [90/100] - [TRAIN] Loss: 0.4536, Accuracy: 80.60%, AUC: 0.81 - [VAL] Loss: 0.4751, Accuracy: 78.75%, AUC: 0.79
Epoch [100/100] - [TRAIN] Loss: 0.4545, Accuracy: 80.41%, AUC: 0.80 - [VAL] Loss: 0.4753, Accuracy: 78.80%, AUC: 0.79
Training finished!
Accuracy Score on test set: 80.13 %
AUC Score on test set: 0.80

Saving the final results
Batch FINISHED!!!

Real-time duration: 5965.050519186 seconds
