Using cpu device
Loading the data ...
Item: H3K9me3-H3K27me3-H3K36me3-H3K4me1-H3K4me3
Epoch [10/100] - [TRAIN] Loss: 0.5093, Accuracy: 79.03%, AUC: 0.79 - [VAL] Loss: 0.5160, Accuracy: 78.83%, AUC: 0.79
Epoch [20/100] - [TRAIN] Loss: 0.4748, Accuracy: 79.73%, AUC: 0.80 - [VAL] Loss: 0.5008, Accuracy: 78.91%, AUC: 0.79
Epoch [30/100] - [TRAIN] Loss: 0.4651, Accuracy: 80.28%, AUC: 0.80 - [VAL] Loss: 0.4852, Accuracy: 79.04%, AUC: 0.79
Epoch [40/100] - [TRAIN] Loss: 0.4592, Accuracy: 80.63%, AUC: 0.81 - [VAL] Loss: 0.4849, Accuracy: 79.01%, AUC: 0.79
Epoch [50/100] - [TRAIN] Loss: 0.4544, Accuracy: 80.64%, AUC: 0.81 - [VAL] Loss: 0.4748, Accuracy: 78.98%, AUC: 0.79
Epoch [60/100] - [TRAIN] Loss: 0.4506, Accuracy: 80.64%, AUC: 0.81 - [VAL] Loss: 0.4745, Accuracy: 78.87%, AUC: 0.79
Epoch [70/100] - [TRAIN] Loss: 0.4484, Accuracy: 81.12%, AUC: 0.81 - [VAL] Loss: 0.4734, Accuracy: 79.15%, AUC: 0.79
Epoch [80/100] - [TRAIN] Loss: 0.4468, Accuracy: 81.07%, AUC: 0.81 - [VAL] Loss: 0.4715, Accuracy: 79.06%, AUC: 0.79
Epoch [90/100] - [TRAIN] Loss: 0.4454, Accuracy: 81.19%, AUC: 0.81 - [VAL] Loss: 0.4675, Accuracy: 79.15%, AUC: 0.79
Epoch [100/100] - [TRAIN] Loss: 0.4426, Accuracy: 81.10%, AUC: 0.81 - [VAL] Loss: 0.4661, Accuracy: 79.27%, AUC: 0.79
Training finished!
Accuracy Score on test set: 80.54 %
AUC Score on test set: 0.81

Item: H3K27me3-H3K4me3-H3K4me1-H3K36me3-H3K9me3
Epoch [10/100] - [TRAIN] Loss: 0.5021, Accuracy: 79.55%, AUC: 0.80 - [VAL] Loss: 0.5143, Accuracy: 78.60%, AUC: 0.79
Epoch [20/100] - [TRAIN] Loss: 0.4743, Accuracy: 80.23%, AUC: 0.80 - [VAL] Loss: 0.4899, Accuracy: 79.06%, AUC: 0.79
Epoch [30/100] - [TRAIN] Loss: 0.4637, Accuracy: 80.02%, AUC: 0.80 - [VAL] Loss: 0.4902, Accuracy: 78.75%, AUC: 0.79
Epoch [40/100] - [TRAIN] Loss: 0.4534, Accuracy: 80.86%, AUC: 0.81 - [VAL] Loss: 0.4830, Accuracy: 78.86%, AUC: 0.79
Epoch [50/100] - [TRAIN] Loss: 0.4513, Accuracy: 80.48%, AUC: 0.80 - [VAL] Loss: 0.4804, Accuracy: 79.09%, AUC: 0.79
Epoch [60/100] - [TRAIN] Loss: 0.4501, Accuracy: 80.61%, AUC: 0.81 - [VAL] Loss: 0.4723, Accuracy: 78.91%, AUC: 0.79
Epoch [70/100] - [TRAIN] Loss: 0.4479, Accuracy: 80.69%, AUC: 0.81 - [VAL] Loss: 0.4752, Accuracy: 79.03%, AUC: 0.79
Epoch [80/100] - [TRAIN] Loss: 0.4439, Accuracy: 80.92%, AUC: 0.81 - [VAL] Loss: 0.4744, Accuracy: 78.97%, AUC: 0.79
Epoch [90/100] - [TRAIN] Loss: 0.4406, Accuracy: 81.39%, AUC: 0.81 - [VAL] Loss: 0.4718, Accuracy: 79.00%, AUC: 0.79
Epoch [100/100] - [TRAIN] Loss: 0.4506, Accuracy: 80.93%, AUC: 0.81 - [VAL] Loss: 0.4708, Accuracy: 79.15%, AUC: 0.79
Training finished!
Accuracy Score on test set: 80.68 %
AUC Score on test set: 0.81

Item: H3K27me3-H3K4me3-H3K4me1-H3K9me3-H3K36me3
Epoch [10/100] - [TRAIN] Loss: 0.5020, Accuracy: 79.68%, AUC: 0.80 - [VAL] Loss: 0.5229, Accuracy: 78.49%, AUC: 0.78
Epoch [20/100] - [TRAIN] Loss: 0.4819, Accuracy: 79.91%, AUC: 0.80 - [VAL] Loss: 0.5074, Accuracy: 78.80%, AUC: 0.79
Epoch [30/100] - [TRAIN] Loss: 0.4662, Accuracy: 80.34%, AUC: 0.80 - [VAL] Loss: 0.4874, Accuracy: 78.78%, AUC: 0.79
Epoch [40/100] - [TRAIN] Loss: 0.4597, Accuracy: 80.37%, AUC: 0.80 - [VAL] Loss: 0.4817, Accuracy: 78.95%, AUC: 0.79
Epoch [50/100] - [TRAIN] Loss: 0.4573, Accuracy: 80.49%, AUC: 0.80 - [VAL] Loss: 0.4822, Accuracy: 78.86%, AUC: 0.79
Epoch [60/100] - [TRAIN] Loss: 0.4522, Accuracy: 80.87%, AUC: 0.81 - [VAL] Loss: 0.4794, Accuracy: 78.78%, AUC: 0.79
Epoch [70/100] - [TRAIN] Loss: 0.4473, Accuracy: 80.38%, AUC: 0.80 - [VAL] Loss: 0.4795, Accuracy: 78.86%, AUC: 0.79
Epoch [80/100] - [TRAIN] Loss: 0.4447, Accuracy: 80.75%, AUC: 0.81 - [VAL] Loss: 0.4727, Accuracy: 78.98%, AUC: 0.79
Epoch [90/100] - [TRAIN] Loss: 0.4463, Accuracy: 80.99%, AUC: 0.81 - [VAL] Loss: 0.4701, Accuracy: 78.83%, AUC: 0.79
Epoch [100/100] - [TRAIN] Loss: 0.4501, Accuracy: 81.45%, AUC: 0.81 - [VAL] Loss: 0.4775, Accuracy: 78.25%, AUC: 0.78
Training finished!
Accuracy Score on test set: 80.53 %
AUC Score on test set: 0.81

Item: H3K27me3-H3K4me3-H3K36me3-H3K4me1-H3K9me3
Epoch [10/100] - [TRAIN] Loss: 0.5081, Accuracy: 79.55%, AUC: 0.80 - [VAL] Loss: 0.5375, Accuracy: 78.34%, AUC: 0.78
Epoch [20/100] - [TRAIN] Loss: 0.4813, Accuracy: 79.76%, AUC: 0.80 - [VAL] Loss: 0.4981, Accuracy: 79.09%, AUC: 0.79
Epoch [30/100] - [TRAIN] Loss: 0.4677, Accuracy: 80.54%, AUC: 0.81 - [VAL] Loss: 0.4981, Accuracy: 78.72%, AUC: 0.79
Epoch [40/100] - [TRAIN] Loss: 0.4616, Accuracy: 80.49%, AUC: 0.80 - [VAL] Loss: 0.4915, Accuracy: 78.86%, AUC: 0.79
Epoch [50/100] - [TRAIN] Loss: 0.4551, Accuracy: 81.15%, AUC: 0.81 - [VAL] Loss: 0.4827, Accuracy: 78.84%, AUC: 0.79
Epoch [60/100] - [TRAIN] Loss: 0.4529, Accuracy: 80.54%, AUC: 0.81 - [VAL] Loss: 0.4734, Accuracy: 79.18%, AUC: 0.79
Epoch [70/100] - [TRAIN] Loss: 0.4511, Accuracy: 80.61%, AUC: 0.81 - [VAL] Loss: 0.4753, Accuracy: 79.10%, AUC: 0.79
Epoch [80/100] - [TRAIN] Loss: 0.4454, Accuracy: 81.05%, AUC: 0.81 - [VAL] Loss: 0.4797, Accuracy: 78.89%, AUC: 0.79
Epoch [90/100] - [TRAIN] Loss: 0.4422, Accuracy: 81.30%, AUC: 0.81 - [VAL] Loss: 0.4865, Accuracy: 78.91%, AUC: 0.79
Epoch [100/100] - [TRAIN] Loss: 0.4416, Accuracy: 81.15%, AUC: 0.81 - [VAL] Loss: 0.4766, Accuracy: 79.09%, AUC: 0.79
Training finished!
Accuracy Score on test set: 80.56 %
AUC Score on test set: 0.81

Item: H3K27me3-H3K4me3-H3K36me3-H3K9me3-H3K4me1
Epoch [10/100] - [TRAIN] Loss: 0.5166, Accuracy: 79.39%, AUC: 0.79 - [VAL] Loss: 0.5374, Accuracy: 78.22%, AUC: 0.78
Epoch [20/100] - [TRAIN] Loss: 0.4863, Accuracy: 80.08%, AUC: 0.80 - [VAL] Loss: 0.5042, Accuracy: 78.66%, AUC: 0.79
Epoch [30/100] - [TRAIN] Loss: 0.4702, Accuracy: 80.58%, AUC: 0.81 - [VAL] Loss: 0.4839, Accuracy: 79.01%, AUC: 0.79
Epoch [40/100] - [TRAIN] Loss: 0.4613, Accuracy: 80.48%, AUC: 0.80 - [VAL] Loss: 0.4854, Accuracy: 78.81%, AUC: 0.79
Epoch [50/100] - [TRAIN] Loss: 0.4537, Accuracy: 80.95%, AUC: 0.81 - [VAL] Loss: 0.4849, Accuracy: 78.83%, AUC: 0.79
Epoch [60/100] - [TRAIN] Loss: 0.4636, Accuracy: 80.51%, AUC: 0.81 - [VAL] Loss: 0.4890, Accuracy: 77.55%, AUC: 0.78
Epoch [70/100] - [TRAIN] Loss: 0.4509, Accuracy: 80.96%, AUC: 0.81 - [VAL] Loss: 0.4807, Accuracy: 78.92%, AUC: 0.79
Epoch [80/100] - [TRAIN] Loss: 0.4448, Accuracy: 81.21%, AUC: 0.81 - [VAL] Loss: 0.4701, Accuracy: 79.06%, AUC: 0.79
Epoch [90/100] - [TRAIN] Loss: 0.4510, Accuracy: 81.42%, AUC: 0.81 - [VAL] Loss: 0.4714, Accuracy: 79.07%, AUC: 0.79
Epoch [100/100] - [TRAIN] Loss: 0.4402, Accuracy: 81.19%, AUC: 0.81 - [VAL] Loss: 0.4737, Accuracy: 79.06%, AUC: 0.79
Training finished!
Accuracy Score on test set: 80.31 %
AUC Score on test set: 0.80

Item: H3K27me3-H3K4me3-H3K9me3-H3K4me1-H3K36me3
Epoch [10/100] - [TRAIN] Loss: 0.5085, Accuracy: 79.39%, AUC: 0.79 - [VAL] Loss: 0.5235, Accuracy: 78.32%, AUC: 0.78
Epoch [20/100] - [TRAIN] Loss: 0.4779, Accuracy: 79.85%, AUC: 0.80 - [VAL] Loss: 0.4980, Accuracy: 78.80%, AUC: 0.79
Epoch [30/100] - [TRAIN] Loss: 0.4678, Accuracy: 79.76%, AUC: 0.80 - [VAL] Loss: 0.4915, Accuracy: 78.75%, AUC: 0.79
Epoch [40/100] - [TRAIN] Loss: 0.4574, Accuracy: 80.49%, AUC: 0.80 - [VAL] Loss: 0.4803, Accuracy: 78.87%, AUC: 0.79
Epoch [50/100] - [TRAIN] Loss: 0.4545, Accuracy: 80.98%, AUC: 0.81 - [VAL] Loss: 0.4792, Accuracy: 78.80%, AUC: 0.79
Epoch [60/100] - [TRAIN] Loss: 0.4514, Accuracy: 81.12%, AUC: 0.81 - [VAL] Loss: 0.4786, Accuracy: 78.84%, AUC: 0.79
Epoch [70/100] - [TRAIN] Loss: 0.4485, Accuracy: 80.70%, AUC: 0.81 - [VAL] Loss: 0.4745, Accuracy: 78.95%, AUC: 0.79
Epoch [80/100] - [TRAIN] Loss: 0.4468, Accuracy: 81.01%, AUC: 0.81 - [VAL] Loss: 0.4736, Accuracy: 79.07%, AUC: 0.79
Epoch [90/100] - [TRAIN] Loss: 0.4446, Accuracy: 81.15%, AUC: 0.81 - [VAL] Loss: 0.4791, Accuracy: 78.89%, AUC: 0.79
Epoch [100/100] - [TRAIN] Loss: 0.4409, Accuracy: 81.30%, AUC: 0.81 - [VAL] Loss: 0.4711, Accuracy: 79.21%, AUC: 0.79
Training finished!
Accuracy Score on test set: 80.60 %
AUC Score on test set: 0.81

Item: H3K27me3-H3K4me3-H3K9me3-H3K36me3-H3K4me1
Epoch [10/100] - [TRAIN] Loss: 0.5150, Accuracy: 79.47%, AUC: 0.79 - [VAL] Loss: 0.5259, Accuracy: 78.72%, AUC: 0.79
Epoch [20/100] - [TRAIN] Loss: 0.4872, Accuracy: 79.21%, AUC: 0.79 - [VAL] Loss: 0.5028, Accuracy: 78.78%, AUC: 0.79
Epoch [30/100] - [TRAIN] Loss: 0.4701, Accuracy: 79.76%, AUC: 0.80 - [VAL] Loss: 0.5020, Accuracy: 78.89%, AUC: 0.79
Epoch [40/100] - [TRAIN] Loss: 0.4625, Accuracy: 80.06%, AUC: 0.80 - [VAL] Loss: 0.4857, Accuracy: 78.84%, AUC: 0.79
Epoch [50/100] - [TRAIN] Loss: 0.4662, Accuracy: 80.14%, AUC: 0.80 - [VAL] Loss: 0.4906, Accuracy: 78.84%, AUC: 0.79
Epoch [60/100] - [TRAIN] Loss: 0.4561, Accuracy: 80.84%, AUC: 0.81 - [VAL] Loss: 0.4763, Accuracy: 79.23%, AUC: 0.79
Epoch [70/100] - [TRAIN] Loss: 0.4480, Accuracy: 80.75%, AUC: 0.81 - [VAL] Loss: 0.4748, Accuracy: 79.06%, AUC: 0.79
Epoch [80/100] - [TRAIN] Loss: 0.4465, Accuracy: 80.77%, AUC: 0.81 - [VAL] Loss: 0.4728, Accuracy: 79.00%, AUC: 0.79
Epoch [90/100] - [TRAIN] Loss: 0.4443, Accuracy: 80.92%, AUC: 0.81 - [VAL] Loss: 0.4740, Accuracy: 79.33%, AUC: 0.79
Epoch [100/100] - [TRAIN] Loss: 0.4423, Accuracy: 81.02%, AUC: 0.81 - [VAL] Loss: 0.4773, Accuracy: 79.04%, AUC: 0.79
Training finished!
Accuracy Score on test set: 80.72 %
AUC Score on test set: 0.81

Item: H3K27me3-H3K4me1-H3K4me3-H3K36me3-H3K9me3
Epoch [10/100] - [TRAIN] Loss: 0.5048, Accuracy: 78.94%, AUC: 0.79 - [VAL] Loss: 0.5343, Accuracy: 78.19%, AUC: 0.78
Epoch [20/100] - [TRAIN] Loss: 0.4789, Accuracy: 80.08%, AUC: 0.80 - [VAL] Loss: 0.5185, Accuracy: 78.57%, AUC: 0.79
Epoch [30/100] - [TRAIN] Loss: 0.4654, Accuracy: 80.12%, AUC: 0.80 - [VAL] Loss: 0.4948, Accuracy: 78.74%, AUC: 0.79
Epoch [40/100] - [TRAIN] Loss: 0.4571, Accuracy: 80.75%, AUC: 0.81 - [VAL] Loss: 0.4813, Accuracy: 78.97%, AUC: 0.79
Epoch [50/100] - [TRAIN] Loss: 0.4515, Accuracy: 80.95%, AUC: 0.81 - [VAL] Loss: 0.4842, Accuracy: 78.81%, AUC: 0.79
Epoch [60/100] - [TRAIN] Loss: 0.4540, Accuracy: 81.05%, AUC: 0.81 - [VAL] Loss: 0.4903, Accuracy: 78.78%, AUC: 0.79
Epoch [70/100] - [TRAIN] Loss: 0.4470, Accuracy: 81.02%, AUC: 0.81 - [VAL] Loss: 0.4795, Accuracy: 78.74%, AUC: 0.79
Epoch [80/100] - [TRAIN] Loss: 0.4455, Accuracy: 80.80%, AUC: 0.81 - [VAL] Loss: 0.4717, Accuracy: 79.09%, AUC: 0.79
Epoch [90/100] - [TRAIN] Loss: 0.4493, Accuracy: 81.19%, AUC: 0.81 - [VAL] Loss: 0.4670, Accuracy: 78.94%, AUC: 0.79
Epoch [100/100] - [TRAIN] Loss: 0.4382, Accuracy: 81.24%, AUC: 0.81 - [VAL] Loss: 0.4699, Accuracy: 79.00%, AUC: 0.79
Training finished!
Accuracy Score on test set: 80.50 %
AUC Score on test set: 0.80

Item: H3K27me3-H3K4me1-H3K4me3-H3K9me3-H3K36me3
Epoch [10/100] - [TRAIN] Loss: 0.5169, Accuracy: 79.62%, AUC: 0.80 - [VAL] Loss: 0.5454, Accuracy: 78.08%, AUC: 0.78
Epoch [20/100] - [TRAIN] Loss: 0.4826, Accuracy: 79.97%, AUC: 0.80 - [VAL] Loss: 0.5183, Accuracy: 78.42%, AUC: 0.78
Epoch [30/100] - [TRAIN] Loss: 0.4702, Accuracy: 80.45%, AUC: 0.80 - [VAL] Loss: 0.5019, Accuracy: 78.71%, AUC: 0.79
Epoch [40/100] - [TRAIN] Loss: 0.4587, Accuracy: 80.75%, AUC: 0.81 - [VAL] Loss: 0.4822, Accuracy: 79.13%, AUC: 0.79
Epoch [50/100] - [TRAIN] Loss: 0.4573, Accuracy: 80.52%, AUC: 0.81 - [VAL] Loss: 0.4902, Accuracy: 78.65%, AUC: 0.79
Epoch [60/100] - [TRAIN] Loss: 0.4526, Accuracy: 80.86%, AUC: 0.81 - [VAL] Loss: 0.4830, Accuracy: 78.78%, AUC: 0.79
Epoch [70/100] - [TRAIN] Loss: 0.4463, Accuracy: 80.98%, AUC: 0.81 - [VAL] Loss: 0.4785, Accuracy: 78.91%, AUC: 0.79
Epoch [80/100] - [TRAIN] Loss: 0.4437, Accuracy: 81.36%, AUC: 0.81 - [VAL] Loss: 0.4761, Accuracy: 79.17%, AUC: 0.79
Epoch [90/100] - [TRAIN] Loss: 0.4414, Accuracy: 81.18%, AUC: 0.81 - [VAL] Loss: 0.4689, Accuracy: 79.13%, AUC: 0.79
Epoch [100/100] - [TRAIN] Loss: 0.4388, Accuracy: 81.27%, AUC: 0.81 - [VAL] Loss: 0.4715, Accuracy: 79.12%, AUC: 0.79
Training finished!
Accuracy Score on test set: 80.69 %
AUC Score on test set: 0.81

Item: H3K27me3-H3K4me1-H3K36me3-H3K4me3-H3K9me3
Epoch [10/100] - [TRAIN] Loss: 0.5004, Accuracy: 79.47%, AUC: 0.79 - [VAL] Loss: 0.5175, Accuracy: 78.69%, AUC: 0.79
Epoch [20/100] - [TRAIN] Loss: 0.4724, Accuracy: 80.12%, AUC: 0.80 - [VAL] Loss: 0.4894, Accuracy: 79.23%, AUC: 0.79
Epoch [30/100] - [TRAIN] Loss: 0.4636, Accuracy: 80.69%, AUC: 0.81 - [VAL] Loss: 0.4843, Accuracy: 79.03%, AUC: 0.79
Epoch [40/100] - [TRAIN] Loss: 0.4612, Accuracy: 80.67%, AUC: 0.81 - [VAL] Loss: 0.4768, Accuracy: 79.32%, AUC: 0.79
Epoch [50/100] - [TRAIN] Loss: 0.4521, Accuracy: 81.19%, AUC: 0.81 - [VAL] Loss: 0.4789, Accuracy: 78.91%, AUC: 0.79
Epoch [60/100] - [TRAIN] Loss: 0.4512, Accuracy: 80.95%, AUC: 0.81 - [VAL] Loss: 0.4722, Accuracy: 79.39%, AUC: 0.79
Epoch [70/100] - [TRAIN] Loss: 0.4461, Accuracy: 80.87%, AUC: 0.81 - [VAL] Loss: 0.4708, Accuracy: 79.36%, AUC: 0.79
Epoch [80/100] - [TRAIN] Loss: 0.4424, Accuracy: 81.10%, AUC: 0.81 - [VAL] Loss: 0.4722, Accuracy: 79.21%, AUC: 0.79
Epoch [90/100] - [TRAIN] Loss: 0.4424, Accuracy: 81.25%, AUC: 0.81 - [VAL] Loss: 0.4672, Accuracy: 79.38%, AUC: 0.79
Epoch [100/100] - [TRAIN] Loss: 0.4373, Accuracy: 81.28%, AUC: 0.81 - [VAL] Loss: 0.4687, Accuracy: 79.33%, AUC: 0.79
Training finished!
Accuracy Score on test set: 80.77 %
AUC Score on test set: 0.81

Item: H3K27me3-H3K4me1-H3K36me3-H3K9me3-H3K4me3
Epoch [10/100] - [TRAIN] Loss: 0.5152, Accuracy: 79.03%, AUC: 0.79 - [VAL] Loss: 0.5264, Accuracy: 78.54%, AUC: 0.79
Epoch [20/100] - [TRAIN] Loss: 0.4842, Accuracy: 80.14%, AUC: 0.80 - [VAL] Loss: 0.5089, Accuracy: 78.95%, AUC: 0.79
Epoch [30/100] - [TRAIN] Loss: 0.4710, Accuracy: 80.09%, AUC: 0.80 - [VAL] Loss: 0.5014, Accuracy: 78.86%, AUC: 0.79
Epoch [40/100] - [TRAIN] Loss: 0.4604, Accuracy: 80.57%, AUC: 0.81 - [VAL] Loss: 0.4880, Accuracy: 79.03%, AUC: 0.79
Epoch [50/100] - [TRAIN] Loss: 0.4579, Accuracy: 80.58%, AUC: 0.81 - [VAL] Loss: 0.4937, Accuracy: 78.69%, AUC: 0.79
Epoch [60/100] - [TRAIN] Loss: 0.4554, Accuracy: 80.70%, AUC: 0.81 - [VAL] Loss: 0.4799, Accuracy: 79.09%, AUC: 0.79
Epoch [70/100] - [TRAIN] Loss: 0.4595, Accuracy: 80.49%, AUC: 0.80 - [VAL] Loss: 0.4776, Accuracy: 78.68%, AUC: 0.79
Epoch [80/100] - [TRAIN] Loss: 0.4484, Accuracy: 80.81%, AUC: 0.81 - [VAL] Loss: 0.4790, Accuracy: 79.06%, AUC: 0.79
Epoch [90/100] - [TRAIN] Loss: 0.4507, Accuracy: 80.77%, AUC: 0.81 - [VAL] Loss: 0.4710, Accuracy: 79.00%, AUC: 0.79
Epoch [100/100] - [TRAIN] Loss: 0.4423, Accuracy: 80.93%, AUC: 0.81 - [VAL] Loss: 0.4754, Accuracy: 79.17%, AUC: 0.79
Training finished!
Accuracy Score on test set: 80.63 %
AUC Score on test set: 0.81

Item: H3K27me3-H3K4me1-H3K9me3-H3K4me3-H3K36me3
Epoch [10/100] - [TRAIN] Loss: 0.5035, Accuracy: 79.77%, AUC: 0.80 - [VAL] Loss: 0.5204, Accuracy: 78.68%, AUC: 0.79
Epoch [20/100] - [TRAIN] Loss: 0.4748, Accuracy: 80.14%, AUC: 0.80 - [VAL] Loss: 0.4997, Accuracy: 78.89%, AUC: 0.79
Epoch [30/100] - [TRAIN] Loss: 0.4693, Accuracy: 80.03%, AUC: 0.80 - [VAL] Loss: 0.4847, Accuracy: 79.17%, AUC: 0.79
Epoch [40/100] - [TRAIN] Loss: 0.4818, Accuracy: 80.46%, AUC: 0.80 - [VAL] Loss: 0.4940, Accuracy: 78.37%, AUC: 0.78
Epoch [50/100] - [TRAIN] Loss: 0.4530, Accuracy: 80.69%, AUC: 0.81 - [VAL] Loss: 0.4844, Accuracy: 78.63%, AUC: 0.79
Epoch [60/100] - [TRAIN] Loss: 0.4506, Accuracy: 80.49%, AUC: 0.80 - [VAL] Loss: 0.4808, Accuracy: 78.74%, AUC: 0.79
Epoch [70/100] - [TRAIN] Loss: 0.4468, Accuracy: 80.66%, AUC: 0.81 - [VAL] Loss: 0.4773, Accuracy: 78.89%, AUC: 0.79
Epoch [80/100] - [TRAIN] Loss: 0.4454, Accuracy: 81.30%, AUC: 0.81 - [VAL] Loss: 0.4742, Accuracy: 79.10%, AUC: 0.79
Epoch [90/100] - [TRAIN] Loss: 0.4447, Accuracy: 80.99%, AUC: 0.81 - [VAL] Loss: 0.4730, Accuracy: 79.06%, AUC: 0.79
Epoch [100/100] - [TRAIN] Loss: 0.4379, Accuracy: 81.30%, AUC: 0.81 - [VAL] Loss: 0.4727, Accuracy: 79.13%, AUC: 0.79
Training finished!
Accuracy Score on test set: 80.46 %
AUC Score on test set: 0.80

Item: H3K27me3-H3K4me1-H3K9me3-H3K36me3-H3K4me3
Epoch [10/100] - [TRAIN] Loss: 0.5135, Accuracy: 79.56%, AUC: 0.80 - [VAL] Loss: 0.5265, Accuracy: 78.68%, AUC: 0.79
Epoch [20/100] - [TRAIN] Loss: 0.4785, Accuracy: 79.97%, AUC: 0.80 - [VAL] Loss: 0.4964, Accuracy: 78.97%, AUC: 0.79
Epoch [30/100] - [TRAIN] Loss: 0.4614, Accuracy: 80.46%, AUC: 0.80 - [VAL] Loss: 0.4854, Accuracy: 79.07%, AUC: 0.79
Epoch [40/100] - [TRAIN] Loss: 0.4558, Accuracy: 80.89%, AUC: 0.81 - [VAL] Loss: 0.4866, Accuracy: 78.84%, AUC: 0.79
Epoch [50/100] - [TRAIN] Loss: 0.4502, Accuracy: 80.51%, AUC: 0.81 - [VAL] Loss: 0.4757, Accuracy: 78.92%, AUC: 0.79
Epoch [60/100] - [TRAIN] Loss: 0.4495, Accuracy: 80.41%, AUC: 0.80 - [VAL] Loss: 0.4788, Accuracy: 78.92%, AUC: 0.79
Epoch [70/100] - [TRAIN] Loss: 0.4477, Accuracy: 80.49%, AUC: 0.80 - [VAL] Loss: 0.4719, Accuracy: 79.23%, AUC: 0.79
Epoch [80/100] - [TRAIN] Loss: 0.4425, Accuracy: 81.27%, AUC: 0.81 - [VAL] Loss: 0.4705, Accuracy: 79.29%, AUC: 0.79
Epoch [90/100] - [TRAIN] Loss: 0.4410, Accuracy: 81.18%, AUC: 0.81 - [VAL] Loss: 0.4755, Accuracy: 79.09%, AUC: 0.79
Epoch [100/100] - [TRAIN] Loss: 0.4368, Accuracy: 80.95%, AUC: 0.81 - [VAL] Loss: 0.4688, Accuracy: 79.33%, AUC: 0.79
Training finished!
Accuracy Score on test set: 80.60 %
AUC Score on test set: 0.81

Item: H3K27me3-H3K36me3-H3K4me3-H3K4me1-H3K9me3
Epoch [10/100] - [TRAIN] Loss: 0.5134, Accuracy: 79.35%, AUC: 0.79 - [VAL] Loss: 0.5313, Accuracy: 78.17%, AUC: 0.78
Epoch [20/100] - [TRAIN] Loss: 0.4828, Accuracy: 79.96%, AUC: 0.80 - [VAL] Loss: 0.4906, Accuracy: 78.95%, AUC: 0.79
Epoch [30/100] - [TRAIN] Loss: 0.4736, Accuracy: 80.26%, AUC: 0.80 - [VAL] Loss: 0.4844, Accuracy: 79.20%, AUC: 0.79
Epoch [40/100] - [TRAIN] Loss: 0.4562, Accuracy: 80.67%, AUC: 0.81 - [VAL] Loss: 0.4877, Accuracy: 78.86%, AUC: 0.79
Epoch [50/100] - [TRAIN] Loss: 0.4577, Accuracy: 80.52%, AUC: 0.81 - [VAL] Loss: 0.4861, Accuracy: 78.91%, AUC: 0.79
Epoch [60/100] - [TRAIN] Loss: 0.4493, Accuracy: 80.81%, AUC: 0.81 - [VAL] Loss: 0.4778, Accuracy: 79.12%, AUC: 0.79
Epoch [70/100] - [TRAIN] Loss: 0.4490, Accuracy: 80.98%, AUC: 0.81 - [VAL] Loss: 0.4758, Accuracy: 79.26%, AUC: 0.79
Epoch [80/100] - [TRAIN] Loss: 0.4456, Accuracy: 81.01%, AUC: 0.81 - [VAL] Loss: 0.4850, Accuracy: 79.00%, AUC: 0.79
Epoch [90/100] - [TRAIN] Loss: 0.4398, Accuracy: 81.01%, AUC: 0.81 - [VAL] Loss: 0.4772, Accuracy: 79.09%, AUC: 0.79
Epoch [100/100] - [TRAIN] Loss: 0.4428, Accuracy: 80.90%, AUC: 0.81 - [VAL] Loss: 0.4674, Accuracy: 79.23%, AUC: 0.79
Training finished!
Accuracy Score on test set: 80.53 %
AUC Score on test set: 0.81

Item: H3K27me3-H3K36me3-H3K4me3-H3K9me3-H3K4me1
Epoch [10/100] - [TRAIN] Loss: 0.5072, Accuracy: 79.27%, AUC: 0.79 - [VAL] Loss: 0.5245, Accuracy: 78.49%, AUC: 0.78
Epoch [20/100] - [TRAIN] Loss: 0.4777, Accuracy: 80.25%, AUC: 0.80 - [VAL] Loss: 0.4985, Accuracy: 78.75%, AUC: 0.79
Epoch [30/100] - [TRAIN] Loss: 0.4660, Accuracy: 80.46%, AUC: 0.80 - [VAL] Loss: 0.4915, Accuracy: 78.87%, AUC: 0.79
Epoch [40/100] - [TRAIN] Loss: 0.4590, Accuracy: 80.89%, AUC: 0.81 - [VAL] Loss: 0.4793, Accuracy: 78.97%, AUC: 0.79
Epoch [50/100] - [TRAIN] Loss: 0.4551, Accuracy: 80.93%, AUC: 0.81 - [VAL] Loss: 0.4770, Accuracy: 79.06%, AUC: 0.79
Epoch [60/100] - [TRAIN] Loss: 0.4544, Accuracy: 80.49%, AUC: 0.80 - [VAL] Loss: 0.4753, Accuracy: 79.10%, AUC: 0.79
Epoch [70/100] - [TRAIN] Loss: 0.4478, Accuracy: 80.70%, AUC: 0.81 - [VAL] Loss: 0.4754, Accuracy: 79.07%, AUC: 0.79
Epoch [80/100] - [TRAIN] Loss: 0.4438, Accuracy: 81.09%, AUC: 0.81 - [VAL] Loss: 0.4729, Accuracy: 79.17%, AUC: 0.79
Epoch [90/100] - [TRAIN] Loss: 0.4426, Accuracy: 81.41%, AUC: 0.81 - [VAL] Loss: 0.4750, Accuracy: 79.18%, AUC: 0.79
Epoch [100/100] - [TRAIN] Loss: 0.4406, Accuracy: 81.33%, AUC: 0.81 - [VAL] Loss: 0.4706, Accuracy: 79.35%, AUC: 0.79
Training finished!
Accuracy Score on test set: 80.48 %
AUC Score on test set: 0.80

Item: H3K27me3-H3K36me3-H3K4me1-H3K4me3-H3K9me3
Epoch [10/100] - [TRAIN] Loss: 0.5204, Accuracy: 79.18%, AUC: 0.79 - [VAL] Loss: 0.5250, Accuracy: 78.94%, AUC: 0.79
Epoch [20/100] - [TRAIN] Loss: 0.4860, Accuracy: 79.53%, AUC: 0.80 - [VAL] Loss: 0.5098, Accuracy: 78.55%, AUC: 0.79
Epoch [30/100] - [TRAIN] Loss: 0.4683, Accuracy: 79.80%, AUC: 0.80 - [VAL] Loss: 0.4940, Accuracy: 78.83%, AUC: 0.79
Epoch [40/100] - [TRAIN] Loss: 0.4628, Accuracy: 80.35%, AUC: 0.80 - [VAL] Loss: 0.4846, Accuracy: 78.86%, AUC: 0.79
Epoch [50/100] - [TRAIN] Loss: 0.4575, Accuracy: 80.52%, AUC: 0.81 - [VAL] Loss: 0.4796, Accuracy: 79.15%, AUC: 0.79
Epoch [60/100] - [TRAIN] Loss: 0.4542, Accuracy: 80.49%, AUC: 0.80 - [VAL] Loss: 0.4785, Accuracy: 79.00%, AUC: 0.79
Epoch [70/100] - [TRAIN] Loss: 0.4493, Accuracy: 80.41%, AUC: 0.80 - [VAL] Loss: 0.4789, Accuracy: 79.18%, AUC: 0.79
Epoch [80/100] - [TRAIN] Loss: 0.4475, Accuracy: 80.73%, AUC: 0.81 - [VAL] Loss: 0.4702, Accuracy: 79.27%, AUC: 0.79
Epoch [90/100] - [TRAIN] Loss: 0.4402, Accuracy: 81.19%, AUC: 0.81 - [VAL] Loss: 0.4701, Accuracy: 79.44%, AUC: 0.79
Epoch [100/100] - [TRAIN] Loss: 0.4409, Accuracy: 81.19%, AUC: 0.81 - [VAL] Loss: 0.4699, Accuracy: 79.17%, AUC: 0.79
Training finished!
Accuracy Score on test set: 80.80 %
AUC Score on test set: 0.81

Item: H3K27me3-H3K36me3-H3K4me1-H3K9me3-H3K4me3
Epoch [10/100] - [TRAIN] Loss: 0.5134, Accuracy: 79.87%, AUC: 0.80 - [VAL] Loss: 0.5221, Accuracy: 78.55%, AUC: 0.79
Epoch [20/100] - [TRAIN] Loss: 0.4869, Accuracy: 79.96%, AUC: 0.80 - [VAL] Loss: 0.4895, Accuracy: 78.77%, AUC: 0.79
Epoch [30/100] - [TRAIN] Loss: 0.4693, Accuracy: 80.03%, AUC: 0.80 - [VAL] Loss: 0.4878, Accuracy: 79.00%, AUC: 0.79
Epoch [40/100] - [TRAIN] Loss: 0.4569, Accuracy: 80.45%, AUC: 0.80 - [VAL] Loss: 0.4885, Accuracy: 78.89%, AUC: 0.79
Epoch [50/100] - [TRAIN] Loss: 0.4560, Accuracy: 80.80%, AUC: 0.81 - [VAL] Loss: 0.4809, Accuracy: 78.95%, AUC: 0.79
Epoch [60/100] - [TRAIN] Loss: 0.4521, Accuracy: 80.67%, AUC: 0.81 - [VAL] Loss: 0.4829, Accuracy: 78.86%, AUC: 0.79
Epoch [70/100] - [TRAIN] Loss: 0.4513, Accuracy: 80.83%, AUC: 0.81 - [VAL] Loss: 0.4775, Accuracy: 79.03%, AUC: 0.79
Epoch [80/100] - [TRAIN] Loss: 0.4478, Accuracy: 81.01%, AUC: 0.81 - [VAL] Loss: 0.4748, Accuracy: 79.03%, AUC: 0.79
Epoch [90/100] - [TRAIN] Loss: 0.4440, Accuracy: 81.18%, AUC: 0.81 - [VAL] Loss: 0.4708, Accuracy: 79.26%, AUC: 0.79
Epoch [100/100] - [TRAIN] Loss: 0.4397, Accuracy: 81.12%, AUC: 0.81 - [VAL] Loss: 0.4779, Accuracy: 78.97%, AUC: 0.79
Training finished!
Accuracy Score on test set: 80.60 %
AUC Score on test set: 0.81

Item: H3K27me3-H3K36me3-H3K9me3-H3K4me3-H3K4me1
Epoch [10/100] - [TRAIN] Loss: 0.5152, Accuracy: 79.16%, AUC: 0.79 - [VAL] Loss: 0.5193, Accuracy: 78.98%, AUC: 0.79
Epoch [20/100] - [TRAIN] Loss: 0.4798, Accuracy: 79.85%, AUC: 0.80 - [VAL] Loss: 0.5008, Accuracy: 78.95%, AUC: 0.79
Epoch [30/100] - [TRAIN] Loss: 0.4704, Accuracy: 80.19%, AUC: 0.80 - [VAL] Loss: 0.4884, Accuracy: 78.97%, AUC: 0.79
Epoch [40/100] - [TRAIN] Loss: 0.4593, Accuracy: 80.12%, AUC: 0.80 - [VAL] Loss: 0.4779, Accuracy: 79.06%, AUC: 0.79
Epoch [50/100] - [TRAIN] Loss: 0.4570, Accuracy: 80.55%, AUC: 0.81 - [VAL] Loss: 0.4761, Accuracy: 79.00%, AUC: 0.79
Epoch [60/100] - [TRAIN] Loss: 0.4537, Accuracy: 80.43%, AUC: 0.80 - [VAL] Loss: 0.4718, Accuracy: 79.10%, AUC: 0.79
Epoch [70/100] - [TRAIN] Loss: 0.4489, Accuracy: 80.90%, AUC: 0.81 - [VAL] Loss: 0.4703, Accuracy: 79.15%, AUC: 0.79
Epoch [80/100] - [TRAIN] Loss: 0.4480, Accuracy: 80.95%, AUC: 0.81 - [VAL] Loss: 0.4702, Accuracy: 79.00%, AUC: 0.79
Epoch [90/100] - [TRAIN] Loss: 0.4399, Accuracy: 81.21%, AUC: 0.81 - [VAL] Loss: 0.4683, Accuracy: 79.38%, AUC: 0.79
Epoch [100/100] - [TRAIN] Loss: 0.4432, Accuracy: 81.13%, AUC: 0.81 - [VAL] Loss: 0.4666, Accuracy: 79.15%, AUC: 0.79
Training finished!
Accuracy Score on test set: 80.62 %
AUC Score on test set: 0.81

Item: H3K27me3-H3K36me3-H3K9me3-H3K4me1-H3K4me3
Epoch [10/100] - [TRAIN] Loss: 0.5123, Accuracy: 79.36%, AUC: 0.79 - [VAL] Loss: 0.5228, Accuracy: 78.54%, AUC: 0.79
Epoch [20/100] - [TRAIN] Loss: 0.4862, Accuracy: 79.73%, AUC: 0.80 - [VAL] Loss: 0.4880, Accuracy: 78.86%, AUC: 0.79
Epoch [30/100] - [TRAIN] Loss: 0.4647, Accuracy: 80.23%, AUC: 0.80 - [VAL] Loss: 0.4839, Accuracy: 78.83%, AUC: 0.79
Epoch [40/100] - [TRAIN] Loss: 0.4563, Accuracy: 80.69%, AUC: 0.81 - [VAL] Loss: 0.4792, Accuracy: 78.92%, AUC: 0.79
Epoch [50/100] - [TRAIN] Loss: 0.4535, Accuracy: 80.51%, AUC: 0.81 - [VAL] Loss: 0.4734, Accuracy: 78.83%, AUC: 0.79
Epoch [60/100] - [TRAIN] Loss: 0.4458, Accuracy: 80.57%, AUC: 0.81 - [VAL] Loss: 0.4785, Accuracy: 78.92%, AUC: 0.79
Epoch [70/100] - [TRAIN] Loss: 0.4497, Accuracy: 80.81%, AUC: 0.81 - [VAL] Loss: 0.4791, Accuracy: 78.94%, AUC: 0.79
Epoch [80/100] - [TRAIN] Loss: 0.4448, Accuracy: 81.34%, AUC: 0.81 - [VAL] Loss: 0.4794, Accuracy: 78.91%, AUC: 0.79
Epoch [90/100] - [TRAIN] Loss: 0.4410, Accuracy: 81.02%, AUC: 0.81 - [VAL] Loss: 0.4714, Accuracy: 79.21%, AUC: 0.79
Epoch [100/100] - [TRAIN] Loss: 0.4391, Accuracy: 80.80%, AUC: 0.81 - [VAL] Loss: 0.4670, Accuracy: 79.23%, AUC: 0.79
Training finished!
Accuracy Score on test set: 80.68 %
AUC Score on test set: 0.81

Item: H3K27me3-H3K9me3-H3K4me3-H3K4me1-H3K36me3
Epoch [10/100] - [TRAIN] Loss: 0.5126, Accuracy: 79.29%, AUC: 0.79 - [VAL] Loss: 0.5271, Accuracy: 78.75%, AUC: 0.79
Epoch [20/100] - [TRAIN] Loss: 0.4816, Accuracy: 80.11%, AUC: 0.80 - [VAL] Loss: 0.4936, Accuracy: 78.66%, AUC: 0.79
Epoch [30/100] - [TRAIN] Loss: 0.4659, Accuracy: 80.06%, AUC: 0.80 - [VAL] Loss: 0.4980, Accuracy: 79.13%, AUC: 0.79
Epoch [40/100] - [TRAIN] Loss: 0.4627, Accuracy: 80.40%, AUC: 0.80 - [VAL] Loss: 0.4814, Accuracy: 78.98%, AUC: 0.79
Epoch [50/100] - [TRAIN] Loss: 0.4561, Accuracy: 80.51%, AUC: 0.81 - [VAL] Loss: 0.4842, Accuracy: 79.13%, AUC: 0.79
Epoch [60/100] - [TRAIN] Loss: 0.4586, Accuracy: 80.51%, AUC: 0.81 - [VAL] Loss: 0.4792, Accuracy: 79.00%, AUC: 0.79
Epoch [70/100] - [TRAIN] Loss: 0.4491, Accuracy: 80.73%, AUC: 0.81 - [VAL] Loss: 0.4817, Accuracy: 79.07%, AUC: 0.79
Epoch [80/100] - [TRAIN] Loss: 0.4450, Accuracy: 81.31%, AUC: 0.81 - [VAL] Loss: 0.4810, Accuracy: 79.03%, AUC: 0.79
Epoch [90/100] - [TRAIN] Loss: 0.4452, Accuracy: 81.25%, AUC: 0.81 - [VAL] Loss: 0.4726, Accuracy: 79.13%, AUC: 0.79
Epoch [100/100] - [TRAIN] Loss: 0.4422, Accuracy: 81.01%, AUC: 0.81 - [VAL] Loss: 0.4753, Accuracy: 79.06%, AUC: 0.79
Training finished!
Accuracy Score on test set: 80.57 %
AUC Score on test set: 0.81

Item: H3K27me3-H3K9me3-H3K4me3-H3K36me3-H3K4me1
Epoch [10/100] - [TRAIN] Loss: 0.5112, Accuracy: 79.27%, AUC: 0.79 - [VAL] Loss: 0.5274, Accuracy: 78.62%, AUC: 0.79
Epoch [20/100] - [TRAIN] Loss: 0.4773, Accuracy: 80.03%, AUC: 0.80 - [VAL] Loss: 0.5113, Accuracy: 78.66%, AUC: 0.79
Epoch [30/100] - [TRAIN] Loss: 0.4657, Accuracy: 80.52%, AUC: 0.81 - [VAL] Loss: 0.4846, Accuracy: 79.29%, AUC: 0.79
Epoch [40/100] - [TRAIN] Loss: 0.4620, Accuracy: 80.20%, AUC: 0.80 - [VAL] Loss: 0.4825, Accuracy: 79.12%, AUC: 0.79
Epoch [50/100] - [TRAIN] Loss: 0.4553, Accuracy: 80.72%, AUC: 0.81 - [VAL] Loss: 0.4768, Accuracy: 79.06%, AUC: 0.79
Epoch [60/100] - [TRAIN] Loss: 0.4482, Accuracy: 81.15%, AUC: 0.81 - [VAL] Loss: 0.4784, Accuracy: 79.06%, AUC: 0.79
Epoch [70/100] - [TRAIN] Loss: 0.4460, Accuracy: 81.13%, AUC: 0.81 - [VAL] Loss: 0.4738, Accuracy: 79.06%, AUC: 0.79
Epoch [80/100] - [TRAIN] Loss: 0.4573, Accuracy: 80.99%, AUC: 0.81 - [VAL] Loss: 0.4723, Accuracy: 78.97%, AUC: 0.79
Epoch [90/100] - [TRAIN] Loss: 0.4396, Accuracy: 81.04%, AUC: 0.81 - [VAL] Loss: 0.4735, Accuracy: 79.13%, AUC: 0.79
Epoch [100/100] - [TRAIN] Loss: 0.4397, Accuracy: 80.75%, AUC: 0.81 - [VAL] Loss: 0.4730, Accuracy: 79.29%, AUC: 0.79
Training finished!
Accuracy Score on test set: 80.46 %
AUC Score on test set: 0.80

Item: H3K27me3-H3K9me3-H3K4me1-H3K4me3-H3K36me3
Epoch [10/100] - [TRAIN] Loss: 0.5098, Accuracy: 79.55%, AUC: 0.80 - [VAL] Loss: 0.5244, Accuracy: 78.54%, AUC: 0.79
Epoch [20/100] - [TRAIN] Loss: 0.4767, Accuracy: 79.99%, AUC: 0.80 - [VAL] Loss: 0.5044, Accuracy: 78.89%, AUC: 0.79
Epoch [30/100] - [TRAIN] Loss: 0.4658, Accuracy: 80.29%, AUC: 0.80 - [VAL] Loss: 0.5096, Accuracy: 78.48%, AUC: 0.78
Epoch [40/100] - [TRAIN] Loss: 0.4595, Accuracy: 80.57%, AUC: 0.81 - [VAL] Loss: 0.4864, Accuracy: 78.95%, AUC: 0.79
Epoch [50/100] - [TRAIN] Loss: 0.4577, Accuracy: 80.90%, AUC: 0.81 - [VAL] Loss: 0.4828, Accuracy: 78.92%, AUC: 0.79
Epoch [60/100] - [TRAIN] Loss: 0.4520, Accuracy: 80.64%, AUC: 0.81 - [VAL] Loss: 0.4854, Accuracy: 78.71%, AUC: 0.79
Epoch [70/100] - [TRAIN] Loss: 0.4507, Accuracy: 80.55%, AUC: 0.81 - [VAL] Loss: 0.4800, Accuracy: 78.89%, AUC: 0.79
Epoch [80/100] - [TRAIN] Loss: 0.4440, Accuracy: 80.99%, AUC: 0.81 - [VAL] Loss: 0.4718, Accuracy: 79.24%, AUC: 0.79
Epoch [90/100] - [TRAIN] Loss: 0.4449, Accuracy: 80.99%, AUC: 0.81 - [VAL] Loss: 0.4768, Accuracy: 79.06%, AUC: 0.79
Epoch [100/100] - [TRAIN] Loss: 0.4424, Accuracy: 81.10%, AUC: 0.81 - [VAL] Loss: 0.4696, Accuracy: 79.20%, AUC: 0.79
Training finished!
Accuracy Score on test set: 80.51 %
AUC Score on test set: 0.81

Item: H3K27me3-H3K9me3-H3K4me1-H3K36me3-H3K4me3
Epoch [10/100] - [TRAIN] Loss: 0.5113, Accuracy: 79.50%, AUC: 0.80 - [VAL] Loss: 0.5392, Accuracy: 78.26%, AUC: 0.78
Epoch [20/100] - [TRAIN] Loss: 0.4822, Accuracy: 79.62%, AUC: 0.80 - [VAL] Loss: 0.4912, Accuracy: 78.46%, AUC: 0.78
Epoch [30/100] - [TRAIN] Loss: 0.4708, Accuracy: 80.14%, AUC: 0.80 - [VAL] Loss: 0.4887, Accuracy: 79.06%, AUC: 0.79
Epoch [40/100] - [TRAIN] Loss: 0.4592, Accuracy: 80.52%, AUC: 0.81 - [VAL] Loss: 0.4822, Accuracy: 79.18%, AUC: 0.79
Epoch [50/100] - [TRAIN] Loss: 0.4529, Accuracy: 80.66%, AUC: 0.81 - [VAL] Loss: 0.4736, Accuracy: 79.10%, AUC: 0.79
Epoch [60/100] - [TRAIN] Loss: 0.4553, Accuracy: 80.84%, AUC: 0.81 - [VAL] Loss: 0.4739, Accuracy: 79.27%, AUC: 0.79
Epoch [70/100] - [TRAIN] Loss: 0.4483, Accuracy: 80.51%, AUC: 0.81 - [VAL] Loss: 0.4756, Accuracy: 79.26%, AUC: 0.79
Epoch [80/100] - [TRAIN] Loss: 0.4517, Accuracy: 80.66%, AUC: 0.81 - [VAL] Loss: 0.4723, Accuracy: 78.54%, AUC: 0.79
Epoch [90/100] - [TRAIN] Loss: 0.4431, Accuracy: 80.67%, AUC: 0.81 - [VAL] Loss: 0.4744, Accuracy: 79.10%, AUC: 0.79
Epoch [100/100] - [TRAIN] Loss: 0.4403, Accuracy: 80.96%, AUC: 0.81 - [VAL] Loss: 0.4681, Accuracy: 79.39%, AUC: 0.79
Training finished!
Accuracy Score on test set: 80.59 %
AUC Score on test set: 0.81

Item: H3K27me3-H3K9me3-H3K36me3-H3K4me3-H3K4me1
Epoch [10/100] - [TRAIN] Loss: 0.5082, Accuracy: 79.18%, AUC: 0.79 - [VAL] Loss: 0.5463, Accuracy: 78.05%, AUC: 0.78
Epoch [20/100] - [TRAIN] Loss: 0.4773, Accuracy: 79.99%, AUC: 0.80 - [VAL] Loss: 0.4968, Accuracy: 78.98%, AUC: 0.79
Epoch [30/100] - [TRAIN] Loss: 0.4656, Accuracy: 80.45%, AUC: 0.80 - [VAL] Loss: 0.4994, Accuracy: 78.58%, AUC: 0.79
Epoch [40/100] - [TRAIN] Loss: 0.4592, Accuracy: 80.49%, AUC: 0.80 - [VAL] Loss: 0.4907, Accuracy: 78.68%, AUC: 0.79
Epoch [50/100] - [TRAIN] Loss: 0.4557, Accuracy: 80.34%, AUC: 0.80 - [VAL] Loss: 0.4871, Accuracy: 78.68%, AUC: 0.79
Epoch [60/100] - [TRAIN] Loss: 0.4470, Accuracy: 80.90%, AUC: 0.81 - [VAL] Loss: 0.4810, Accuracy: 78.80%, AUC: 0.79
Epoch [70/100] - [TRAIN] Loss: 0.4483, Accuracy: 81.05%, AUC: 0.81 - [VAL] Loss: 0.4756, Accuracy: 79.03%, AUC: 0.79
Epoch [80/100] - [TRAIN] Loss: 0.4424, Accuracy: 81.10%, AUC: 0.81 - [VAL] Loss: 0.4759, Accuracy: 78.91%, AUC: 0.79
Epoch [90/100] - [TRAIN] Loss: 0.4434, Accuracy: 80.87%, AUC: 0.81 - [VAL] Loss: 0.4781, Accuracy: 78.84%, AUC: 0.79
Epoch [100/100] - [TRAIN] Loss: 0.4400, Accuracy: 81.37%, AUC: 0.81 - [VAL] Loss: 0.4804, Accuracy: 78.91%, AUC: 0.79
Training finished!
Accuracy Score on test set: 80.53 %
AUC Score on test set: 0.81

Item: H3K27me3-H3K9me3-H3K36me3-H3K4me1-H3K4me3
Epoch [10/100] - [TRAIN] Loss: 0.5167, Accuracy: 79.29%, AUC: 0.79 - [VAL] Loss: 0.5288, Accuracy: 78.66%, AUC: 0.79
Epoch [20/100] - [TRAIN] Loss: 0.4820, Accuracy: 80.20%, AUC: 0.80 - [VAL] Loss: 0.4901, Accuracy: 78.84%, AUC: 0.79
Epoch [30/100] - [TRAIN] Loss: 0.4640, Accuracy: 80.37%, AUC: 0.80 - [VAL] Loss: 0.4893, Accuracy: 78.89%, AUC: 0.79
Epoch [40/100] - [TRAIN] Loss: 0.4574, Accuracy: 80.46%, AUC: 0.80 - [VAL] Loss: 0.4974, Accuracy: 78.77%, AUC: 0.79
Epoch [50/100] - [TRAIN] Loss: 0.4549, Accuracy: 80.73%, AUC: 0.81 - [VAL] Loss: 0.4792, Accuracy: 79.01%, AUC: 0.79
Epoch [60/100] - [TRAIN] Loss: 0.4514, Accuracy: 80.96%, AUC: 0.81 - [VAL] Loss: 0.4813, Accuracy: 79.00%, AUC: 0.79
Epoch [70/100] - [TRAIN] Loss: 0.4462, Accuracy: 80.72%, AUC: 0.81 - [VAL] Loss: 0.4723, Accuracy: 79.07%, AUC: 0.79
Epoch [80/100] - [TRAIN] Loss: 0.4421, Accuracy: 80.87%, AUC: 0.81 - [VAL] Loss: 0.4737, Accuracy: 79.07%, AUC: 0.79
Epoch [90/100] - [TRAIN] Loss: 0.4402, Accuracy: 81.02%, AUC: 0.81 - [VAL] Loss: 0.4711, Accuracy: 79.07%, AUC: 0.79
Epoch [100/100] - [TRAIN] Loss: 0.4451, Accuracy: 81.31%, AUC: 0.81 - [VAL] Loss: 0.4674, Accuracy: 79.43%, AUC: 0.79
Training finished!
Accuracy Score on test set: 80.63 %
AUC Score on test set: 0.81

Saving the final results
Batch FINISHED!!!

Real-time duration: 2635.337157884 seconds
