Using cpu device
Loading the data ...
Item: H3K27me3-H3K4me1-H3K9me3-H3K36me3
Epoch [10/100] - [TRAIN] Loss: 0.5376, Accuracy: 77.20%, AUC: 0.77 - [VAL] Loss: 0.5600, Accuracy: 75.94%, AUC: 0.76
Epoch [20/100] - [TRAIN] Loss: 0.5124, Accuracy: 77.72%, AUC: 0.78 - [VAL] Loss: 0.5439, Accuracy: 76.70%, AUC: 0.77
Epoch [30/100] - [TRAIN] Loss: 0.5042, Accuracy: 78.07%, AUC: 0.78 - [VAL] Loss: 0.5314, Accuracy: 76.84%, AUC: 0.77
Epoch [40/100] - [TRAIN] Loss: 0.5008, Accuracy: 78.68%, AUC: 0.79 - [VAL] Loss: 0.5223, Accuracy: 76.78%, AUC: 0.77
Epoch [50/100] - [TRAIN] Loss: 0.4926, Accuracy: 78.86%, AUC: 0.79 - [VAL] Loss: 0.5251, Accuracy: 76.89%, AUC: 0.77
Epoch [60/100] - [TRAIN] Loss: 0.4915, Accuracy: 78.83%, AUC: 0.79 - [VAL] Loss: 0.5099, Accuracy: 77.32%, AUC: 0.77
Epoch [70/100] - [TRAIN] Loss: 0.4848, Accuracy: 79.00%, AUC: 0.79 - [VAL] Loss: 0.5148, Accuracy: 77.04%, AUC: 0.77
Epoch [80/100] - [TRAIN] Loss: 0.4787, Accuracy: 79.33%, AUC: 0.79 - [VAL] Loss: 0.5271, Accuracy: 76.61%, AUC: 0.77
Epoch [90/100] - [TRAIN] Loss: 0.4758, Accuracy: 79.65%, AUC: 0.80 - [VAL] Loss: 0.5103, Accuracy: 77.15%, AUC: 0.77
Epoch [100/100] - [TRAIN] Loss: 0.4720, Accuracy: 79.41%, AUC: 0.79 - [VAL] Loss: 0.5107, Accuracy: 77.19%, AUC: 0.77
Training finished!
Accuracy Score on test set: 78.62 %
AUC Score on test set: 0.79

Item: H3K27me3-H3K36me3-H3K4me1-H3K9me3
Epoch [10/100] - [TRAIN] Loss: 0.5481, Accuracy: 75.95%, AUC: 0.76 - [VAL] Loss: 0.5552, Accuracy: 75.77%, AUC: 0.76
Epoch [20/100] - [TRAIN] Loss: 0.5155, Accuracy: 77.46%, AUC: 0.77 - [VAL] Loss: 0.5412, Accuracy: 76.69%, AUC: 0.77
Epoch [30/100] - [TRAIN] Loss: 0.5056, Accuracy: 77.70%, AUC: 0.78 - [VAL] Loss: 0.5304, Accuracy: 76.87%, AUC: 0.77
Epoch [40/100] - [TRAIN] Loss: 0.5009, Accuracy: 78.17%, AUC: 0.78 - [VAL] Loss: 0.5273, Accuracy: 76.73%, AUC: 0.77
Epoch [50/100] - [TRAIN] Loss: 0.4967, Accuracy: 78.36%, AUC: 0.78 - [VAL] Loss: 0.5204, Accuracy: 76.93%, AUC: 0.77
Epoch [60/100] - [TRAIN] Loss: 0.4905, Accuracy: 78.43%, AUC: 0.78 - [VAL] Loss: 0.5194, Accuracy: 77.12%, AUC: 0.77
Epoch [70/100] - [TRAIN] Loss: 0.4866, Accuracy: 78.88%, AUC: 0.79 - [VAL] Loss: 0.5145, Accuracy: 77.16%, AUC: 0.77
Epoch [80/100] - [TRAIN] Loss: 0.4832, Accuracy: 79.15%, AUC: 0.79 - [VAL] Loss: 0.5172, Accuracy: 77.12%, AUC: 0.77
Epoch [90/100] - [TRAIN] Loss: 0.4818, Accuracy: 79.13%, AUC: 0.79 - [VAL] Loss: 0.5141, Accuracy: 77.13%, AUC: 0.77
Epoch [100/100] - [TRAIN] Loss: 0.4753, Accuracy: 79.26%, AUC: 0.79 - [VAL] Loss: 0.5125, Accuracy: 77.07%, AUC: 0.77
Training finished!
Accuracy Score on test set: 78.80 %
AUC Score on test set: 0.79

Item: H3K27me3-H3K36me3-H3K9me3-H3K4me1
Epoch [10/100] - [TRAIN] Loss: 0.5568, Accuracy: 75.98%, AUC: 0.76 - [VAL] Loss: 0.5692, Accuracy: 75.37%, AUC: 0.75
Epoch [20/100] - [TRAIN] Loss: 0.5241, Accuracy: 77.12%, AUC: 0.77 - [VAL] Loss: 0.5438, Accuracy: 76.26%, AUC: 0.76
Epoch [30/100] - [TRAIN] Loss: 0.5045, Accuracy: 77.81%, AUC: 0.78 - [VAL] Loss: 0.5472, Accuracy: 76.14%, AUC: 0.76
Epoch [40/100] - [TRAIN] Loss: 0.5022, Accuracy: 77.85%, AUC: 0.78 - [VAL] Loss: 0.5325, Accuracy: 76.23%, AUC: 0.76
Epoch [50/100] - [TRAIN] Loss: 0.4947, Accuracy: 78.28%, AUC: 0.78 - [VAL] Loss: 0.5212, Accuracy: 76.49%, AUC: 0.76
Epoch [60/100] - [TRAIN] Loss: 0.4921, Accuracy: 78.25%, AUC: 0.78 - [VAL] Loss: 0.5228, Accuracy: 76.51%, AUC: 0.77
Epoch [70/100] - [TRAIN] Loss: 0.4868, Accuracy: 78.94%, AUC: 0.79 - [VAL] Loss: 0.5132, Accuracy: 76.51%, AUC: 0.77
Epoch [80/100] - [TRAIN] Loss: 0.4808, Accuracy: 79.33%, AUC: 0.79 - [VAL] Loss: 0.5141, Accuracy: 76.58%, AUC: 0.77
Epoch [90/100] - [TRAIN] Loss: 0.4796, Accuracy: 79.32%, AUC: 0.79 - [VAL] Loss: 0.5113, Accuracy: 76.66%, AUC: 0.77
Epoch [100/100] - [TRAIN] Loss: 0.4755, Accuracy: 79.42%, AUC: 0.79 - [VAL] Loss: 0.5163, Accuracy: 76.83%, AUC: 0.77
Training finished!
Accuracy Score on test set: 78.74 %
AUC Score on test set: 0.79

Item: H3K27me3-H3K9me3-H3K4me1-H3K36me3
Epoch [10/100] - [TRAIN] Loss: 0.5466, Accuracy: 76.42%, AUC: 0.76 - [VAL] Loss: 0.5557, Accuracy: 75.85%, AUC: 0.76
Epoch [20/100] - [TRAIN] Loss: 0.5185, Accuracy: 77.20%, AUC: 0.77 - [VAL] Loss: 0.5378, Accuracy: 76.35%, AUC: 0.76
Epoch [30/100] - [TRAIN] Loss: 0.5096, Accuracy: 78.19%, AUC: 0.78 - [VAL] Loss: 0.5346, Accuracy: 76.49%, AUC: 0.76
Epoch [40/100] - [TRAIN] Loss: 0.4955, Accuracy: 77.85%, AUC: 0.78 - [VAL] Loss: 0.5239, Accuracy: 76.63%, AUC: 0.77
Epoch [50/100] - [TRAIN] Loss: 0.4958, Accuracy: 78.59%, AUC: 0.79 - [VAL] Loss: 0.5166, Accuracy: 76.78%, AUC: 0.77
Epoch [60/100] - [TRAIN] Loss: 0.5020, Accuracy: 78.57%, AUC: 0.79 - [VAL] Loss: 0.5092, Accuracy: 76.92%, AUC: 0.77
Epoch [70/100] - [TRAIN] Loss: 0.4829, Accuracy: 78.92%, AUC: 0.79 - [VAL] Loss: 0.5101, Accuracy: 77.12%, AUC: 0.77
Epoch [80/100] - [TRAIN] Loss: 0.4799, Accuracy: 79.07%, AUC: 0.79 - [VAL] Loss: 0.5112, Accuracy: 76.83%, AUC: 0.77
Epoch [90/100] - [TRAIN] Loss: 0.4752, Accuracy: 79.15%, AUC: 0.79 - [VAL] Loss: 0.5077, Accuracy: 76.99%, AUC: 0.77
Epoch [100/100] - [TRAIN] Loss: 0.4733, Accuracy: 79.29%, AUC: 0.79 - [VAL] Loss: 0.5059, Accuracy: 77.06%, AUC: 0.77
Training finished!
Accuracy Score on test set: 78.87 %
AUC Score on test set: 0.79

Item: H3K27me3-H3K9me3-H3K36me3-H3K4me1
Epoch [10/100] - [TRAIN] Loss: 0.5395, Accuracy: 76.77%, AUC: 0.77 - [VAL] Loss: 0.5550, Accuracy: 75.94%, AUC: 0.76
Epoch [20/100] - [TRAIN] Loss: 0.5157, Accuracy: 77.11%, AUC: 0.77 - [VAL] Loss: 0.5398, Accuracy: 76.51%, AUC: 0.77
Epoch [30/100] - [TRAIN] Loss: 0.5048, Accuracy: 77.87%, AUC: 0.78 - [VAL] Loss: 0.5294, Accuracy: 76.73%, AUC: 0.77
Epoch [40/100] - [TRAIN] Loss: 0.5036, Accuracy: 78.37%, AUC: 0.78 - [VAL] Loss: 0.5280, Accuracy: 76.60%, AUC: 0.77
Epoch [50/100] - [TRAIN] Loss: 0.4962, Accuracy: 78.17%, AUC: 0.78 - [VAL] Loss: 0.5214, Accuracy: 76.80%, AUC: 0.77
Epoch [60/100] - [TRAIN] Loss: 0.4894, Accuracy: 78.86%, AUC: 0.79 - [VAL] Loss: 0.5143, Accuracy: 76.98%, AUC: 0.77
Epoch [70/100] - [TRAIN] Loss: 0.4904, Accuracy: 78.72%, AUC: 0.79 - [VAL] Loss: 0.5149, Accuracy: 76.92%, AUC: 0.77
Epoch [80/100] - [TRAIN] Loss: 0.4809, Accuracy: 79.23%, AUC: 0.79 - [VAL] Loss: 0.5087, Accuracy: 77.30%, AUC: 0.77
Epoch [90/100] - [TRAIN] Loss: 0.4793, Accuracy: 79.21%, AUC: 0.79 - [VAL] Loss: 0.5147, Accuracy: 76.80%, AUC: 0.77
Epoch [100/100] - [TRAIN] Loss: 0.4725, Accuracy: 79.26%, AUC: 0.79 - [VAL] Loss: 0.5112, Accuracy: 76.90%, AUC: 0.77
Training finished!
Accuracy Score on test set: 79.01 %
AUC Score on test set: 0.79

Item: H3K4me3-H3K4me1-H3K36me3-H3K9me3-H3K27me3
Epoch [10/100] - [TRAIN] Loss: 0.5146, Accuracy: 79.44%, AUC: 0.79 - [VAL] Loss: 0.5318, Accuracy: 78.51%, AUC: 0.79
Epoch [20/100] - [TRAIN] Loss: 0.4794, Accuracy: 80.14%, AUC: 0.80 - [VAL] Loss: 0.5045, Accuracy: 79.03%, AUC: 0.79
Epoch [30/100] - [TRAIN] Loss: 0.4653, Accuracy: 80.48%, AUC: 0.80 - [VAL] Loss: 0.4892, Accuracy: 78.94%, AUC: 0.79
Epoch [40/100] - [TRAIN] Loss: 0.4632, Accuracy: 80.77%, AUC: 0.81 - [VAL] Loss: 0.5039, Accuracy: 78.48%, AUC: 0.78
Epoch [50/100] - [TRAIN] Loss: 0.4597, Accuracy: 80.57%, AUC: 0.81 - [VAL] Loss: 0.4768, Accuracy: 79.06%, AUC: 0.79
Epoch [60/100] - [TRAIN] Loss: 0.4503, Accuracy: 80.87%, AUC: 0.81 - [VAL] Loss: 0.4882, Accuracy: 78.58%, AUC: 0.79
Epoch [70/100] - [TRAIN] Loss: 0.4572, Accuracy: 81.24%, AUC: 0.81 - [VAL] Loss: 0.4827, Accuracy: 77.91%, AUC: 0.78
Epoch [80/100] - [TRAIN] Loss: 0.4509, Accuracy: 81.16%, AUC: 0.81 - [VAL] Loss: 0.4733, Accuracy: 79.00%, AUC: 0.79
Epoch [90/100] - [TRAIN] Loss: 0.4421, Accuracy: 81.10%, AUC: 0.81 - [VAL] Loss: 0.4733, Accuracy: 79.18%, AUC: 0.79
Epoch [100/100] - [TRAIN] Loss: 0.4418, Accuracy: 81.09%, AUC: 0.81 - [VAL] Loss: 0.4724, Accuracy: 79.21%, AUC: 0.79
Training finished!
Accuracy Score on test set: 80.74 %
AUC Score on test set: 0.81

Item: H3K4me3-H3K4me1-H3K36me3-H3K27me3-H3K9me3
Epoch [10/100] - [TRAIN] Loss: 0.5069, Accuracy: 79.30%, AUC: 0.79 - [VAL] Loss: 0.5187, Accuracy: 78.43%, AUC: 0.78
Epoch [20/100] - [TRAIN] Loss: 0.4787, Accuracy: 79.90%, AUC: 0.80 - [VAL] Loss: 0.5105, Accuracy: 78.71%, AUC: 0.79
Epoch [30/100] - [TRAIN] Loss: 0.4663, Accuracy: 80.25%, AUC: 0.80 - [VAL] Loss: 0.4914, Accuracy: 78.94%, AUC: 0.79
Epoch [40/100] - [TRAIN] Loss: 0.4608, Accuracy: 80.60%, AUC: 0.81 - [VAL] Loss: 0.4871, Accuracy: 78.80%, AUC: 0.79
Epoch [50/100] - [TRAIN] Loss: 0.4535, Accuracy: 80.32%, AUC: 0.80 - [VAL] Loss: 0.4782, Accuracy: 79.09%, AUC: 0.79
Epoch [60/100] - [TRAIN] Loss: 0.4527, Accuracy: 80.57%, AUC: 0.81 - [VAL] Loss: 0.4765, Accuracy: 79.18%, AUC: 0.79
Epoch [70/100] - [TRAIN] Loss: 0.4537, Accuracy: 80.86%, AUC: 0.81 - [VAL] Loss: 0.4829, Accuracy: 78.80%, AUC: 0.79
Epoch [80/100] - [TRAIN] Loss: 0.4474, Accuracy: 80.93%, AUC: 0.81 - [VAL] Loss: 0.4741, Accuracy: 79.21%, AUC: 0.79
Epoch [90/100] - [TRAIN] Loss: 0.4459, Accuracy: 80.83%, AUC: 0.81 - [VAL] Loss: 0.4892, Accuracy: 78.75%, AUC: 0.79
Epoch [100/100] - [TRAIN] Loss: 0.4414, Accuracy: 81.18%, AUC: 0.81 - [VAL] Loss: 0.4699, Accuracy: 79.26%, AUC: 0.79
Training finished!
Accuracy Score on test set: 80.43 %
AUC Score on test set: 0.80

Item: H3K4me3-H3K4me1-H3K9me3-H3K36me3-H3K27me3
Epoch [10/100] - [TRAIN] Loss: 0.5178, Accuracy: 79.32%, AUC: 0.79 - [VAL] Loss: 0.5283, Accuracy: 78.34%, AUC: 0.78
Epoch [20/100] - [TRAIN] Loss: 0.4819, Accuracy: 79.61%, AUC: 0.80 - [VAL] Loss: 0.5099, Accuracy: 78.62%, AUC: 0.79
Epoch [30/100] - [TRAIN] Loss: 0.4682, Accuracy: 80.11%, AUC: 0.80 - [VAL] Loss: 0.4947, Accuracy: 78.74%, AUC: 0.79
Epoch [40/100] - [TRAIN] Loss: 0.4577, Accuracy: 80.52%, AUC: 0.81 - [VAL] Loss: 0.4884, Accuracy: 78.87%, AUC: 0.79
Epoch [50/100] - [TRAIN] Loss: 0.4599, Accuracy: 80.22%, AUC: 0.80 - [VAL] Loss: 0.4814, Accuracy: 78.87%, AUC: 0.79
Epoch [60/100] - [TRAIN] Loss: 0.4513, Accuracy: 80.92%, AUC: 0.81 - [VAL] Loss: 0.4821, Accuracy: 78.81%, AUC: 0.79
Epoch [70/100] - [TRAIN] Loss: 0.4497, Accuracy: 80.92%, AUC: 0.81 - [VAL] Loss: 0.4717, Accuracy: 78.80%, AUC: 0.79
Epoch [80/100] - [TRAIN] Loss: 0.4484, Accuracy: 80.95%, AUC: 0.81 - [VAL] Loss: 0.4765, Accuracy: 78.72%, AUC: 0.79
Epoch [90/100] - [TRAIN] Loss: 0.4431, Accuracy: 80.92%, AUC: 0.81 - [VAL] Loss: 0.4702, Accuracy: 79.10%, AUC: 0.79
Epoch [100/100] - [TRAIN] Loss: 0.4431, Accuracy: 81.19%, AUC: 0.81 - [VAL] Loss: 0.4695, Accuracy: 78.84%, AUC: 0.79
Training finished!
Accuracy Score on test set: 80.71 %
AUC Score on test set: 0.81

Item: H3K4me3-H3K4me1-H3K9me3-H3K27me3-H3K36me3
Epoch [10/100] - [TRAIN] Loss: 0.5175, Accuracy: 79.38%, AUC: 0.79 - [VAL] Loss: 0.5319, Accuracy: 78.51%, AUC: 0.79
Epoch [20/100] - [TRAIN] Loss: 0.4819, Accuracy: 79.76%, AUC: 0.80 - [VAL] Loss: 0.4995, Accuracy: 79.00%, AUC: 0.79
Epoch [30/100] - [TRAIN] Loss: 0.4734, Accuracy: 80.25%, AUC: 0.80 - [VAL] Loss: 0.4893, Accuracy: 78.84%, AUC: 0.79
Epoch [40/100] - [TRAIN] Loss: 0.4588, Accuracy: 80.48%, AUC: 0.80 - [VAL] Loss: 0.4865, Accuracy: 78.98%, AUC: 0.79
Epoch [50/100] - [TRAIN] Loss: 0.4535, Accuracy: 80.98%, AUC: 0.81 - [VAL] Loss: 0.4778, Accuracy: 79.04%, AUC: 0.79
Epoch [60/100] - [TRAIN] Loss: 0.4541, Accuracy: 80.67%, AUC: 0.81 - [VAL] Loss: 0.4727, Accuracy: 79.09%, AUC: 0.79
Epoch [70/100] - [TRAIN] Loss: 0.4470, Accuracy: 80.95%, AUC: 0.81 - [VAL] Loss: 0.4708, Accuracy: 79.24%, AUC: 0.79
Epoch [80/100] - [TRAIN] Loss: 0.4495, Accuracy: 80.54%, AUC: 0.81 - [VAL] Loss: 0.4698, Accuracy: 78.97%, AUC: 0.79
Epoch [90/100] - [TRAIN] Loss: 0.4410, Accuracy: 81.10%, AUC: 0.81 - [VAL] Loss: 0.4675, Accuracy: 79.23%, AUC: 0.79
Epoch [100/100] - [TRAIN] Loss: 0.4387, Accuracy: 81.56%, AUC: 0.82 - [VAL] Loss: 0.4695, Accuracy: 79.35%, AUC: 0.79
Training finished!
Accuracy Score on test set: 80.82 %
AUC Score on test set: 0.81

Item: H3K4me3-H3K4me1-H3K27me3-H3K36me3-H3K9me3
Epoch [10/100] - [TRAIN] Loss: 0.5076, Accuracy: 79.30%, AUC: 0.79 - [VAL] Loss: 0.5328, Accuracy: 78.40%, AUC: 0.78
Epoch [20/100] - [TRAIN] Loss: 0.4750, Accuracy: 80.08%, AUC: 0.80 - [VAL] Loss: 0.5023, Accuracy: 78.91%, AUC: 0.79
Epoch [30/100] - [TRAIN] Loss: 0.4644, Accuracy: 80.80%, AUC: 0.81 - [VAL] Loss: 0.4967, Accuracy: 78.80%, AUC: 0.79
Epoch [40/100] - [TRAIN] Loss: 0.4575, Accuracy: 80.45%, AUC: 0.80 - [VAL] Loss: 0.4875, Accuracy: 78.80%, AUC: 0.79
Epoch [50/100] - [TRAIN] Loss: 0.4536, Accuracy: 80.38%, AUC: 0.80 - [VAL] Loss: 0.4775, Accuracy: 79.06%, AUC: 0.79
Epoch [60/100] - [TRAIN] Loss: 0.4504, Accuracy: 81.25%, AUC: 0.81 - [VAL] Loss: 0.4807, Accuracy: 78.84%, AUC: 0.79
Epoch [70/100] - [TRAIN] Loss: 0.4454, Accuracy: 81.33%, AUC: 0.81 - [VAL] Loss: 0.4737, Accuracy: 79.13%, AUC: 0.79
Epoch [80/100] - [TRAIN] Loss: 0.4432, Accuracy: 80.84%, AUC: 0.81 - [VAL] Loss: 0.4835, Accuracy: 78.98%, AUC: 0.79
Epoch [90/100] - [TRAIN] Loss: 0.4408, Accuracy: 81.13%, AUC: 0.81 - [VAL] Loss: 0.4717, Accuracy: 79.20%, AUC: 0.79
Epoch [100/100] - [TRAIN] Loss: 0.4398, Accuracy: 81.18%, AUC: 0.81 - [VAL] Loss: 0.4701, Accuracy: 79.15%, AUC: 0.79
Training finished!
Accuracy Score on test set: 80.50 %
AUC Score on test set: 0.80

Item: H3K4me3-H3K4me1-H3K27me3-H3K9me3-H3K36me3
Epoch [10/100] - [TRAIN] Loss: 0.5093, Accuracy: 79.56%, AUC: 0.80 - [VAL] Loss: 0.5188, Accuracy: 78.77%, AUC: 0.79
Epoch [20/100] - [TRAIN] Loss: 0.4837, Accuracy: 80.06%, AUC: 0.80 - [VAL] Loss: 0.5041, Accuracy: 78.78%, AUC: 0.79
Epoch [30/100] - [TRAIN] Loss: 0.4676, Accuracy: 80.77%, AUC: 0.81 - [VAL] Loss: 0.4924, Accuracy: 78.78%, AUC: 0.79
Epoch [40/100] - [TRAIN] Loss: 0.4618, Accuracy: 80.16%, AUC: 0.80 - [VAL] Loss: 0.4844, Accuracy: 79.01%, AUC: 0.79
Epoch [50/100] - [TRAIN] Loss: 0.4589, Accuracy: 80.35%, AUC: 0.80 - [VAL] Loss: 0.4852, Accuracy: 78.86%, AUC: 0.79
Epoch [60/100] - [TRAIN] Loss: 0.4685, Accuracy: 80.60%, AUC: 0.81 - [VAL] Loss: 0.5416, Accuracy: 72.07%, AUC: 0.72
Epoch [70/100] - [TRAIN] Loss: 0.4486, Accuracy: 80.80%, AUC: 0.81 - [VAL] Loss: 0.4748, Accuracy: 78.81%, AUC: 0.79
Epoch [80/100] - [TRAIN] Loss: 0.4469, Accuracy: 81.28%, AUC: 0.81 - [VAL] Loss: 0.4766, Accuracy: 78.89%, AUC: 0.79
Epoch [90/100] - [TRAIN] Loss: 0.4476, Accuracy: 80.87%, AUC: 0.81 - [VAL] Loss: 0.4767, Accuracy: 78.89%, AUC: 0.79
Epoch [100/100] - [TRAIN] Loss: 0.4407, Accuracy: 81.37%, AUC: 0.81 - [VAL] Loss: 0.4709, Accuracy: 78.98%, AUC: 0.79
Training finished!
Accuracy Score on test set: 80.28 %
AUC Score on test set: 0.80

Item: H3K4me3-H3K36me3-H3K4me1-H3K9me3-H3K27me3
Epoch [10/100] - [TRAIN] Loss: 0.5094, Accuracy: 79.26%, AUC: 0.79 - [VAL] Loss: 0.5227, Accuracy: 78.58%, AUC: 0.79
Epoch [20/100] - [TRAIN] Loss: 0.4760, Accuracy: 80.45%, AUC: 0.80 - [VAL] Loss: 0.5139, Accuracy: 78.37%, AUC: 0.78
Epoch [30/100] - [TRAIN] Loss: 0.4651, Accuracy: 80.31%, AUC: 0.80 - [VAL] Loss: 0.4799, Accuracy: 78.89%, AUC: 0.79
Epoch [40/100] - [TRAIN] Loss: 0.4597, Accuracy: 80.43%, AUC: 0.80 - [VAL] Loss: 0.4832, Accuracy: 78.83%, AUC: 0.79
Epoch [50/100] - [TRAIN] Loss: 0.4576, Accuracy: 80.49%, AUC: 0.80 - [VAL] Loss: 0.4753, Accuracy: 79.17%, AUC: 0.79
Epoch [60/100] - [TRAIN] Loss: 0.4517, Accuracy: 80.48%, AUC: 0.80 - [VAL] Loss: 0.4788, Accuracy: 78.80%, AUC: 0.79
Epoch [70/100] - [TRAIN] Loss: 0.4472, Accuracy: 80.86%, AUC: 0.81 - [VAL] Loss: 0.4685, Accuracy: 79.17%, AUC: 0.79
Epoch [80/100] - [TRAIN] Loss: 0.4446, Accuracy: 81.12%, AUC: 0.81 - [VAL] Loss: 0.4680, Accuracy: 79.07%, AUC: 0.79
Epoch [90/100] - [TRAIN] Loss: 0.4381, Accuracy: 81.39%, AUC: 0.81 - [VAL] Loss: 0.4671, Accuracy: 79.33%, AUC: 0.79
Epoch [100/100] - [TRAIN] Loss: 0.4384, Accuracy: 81.22%, AUC: 0.81 - [VAL] Loss: 0.4668, Accuracy: 79.29%, AUC: 0.79
Training finished!
Accuracy Score on test set: 80.76 %
AUC Score on test set: 0.81

Item: H3K4me3-H3K36me3-H3K4me1-H3K27me3-H3K9me3
Epoch [10/100] - [TRAIN] Loss: 0.5084, Accuracy: 79.79%, AUC: 0.80 - [VAL] Loss: 0.5212, Accuracy: 78.80%, AUC: 0.79
Epoch [20/100] - [TRAIN] Loss: 0.4818, Accuracy: 80.00%, AUC: 0.80 - [VAL] Loss: 0.5064, Accuracy: 78.81%, AUC: 0.79
Epoch [30/100] - [TRAIN] Loss: 0.4676, Accuracy: 80.49%, AUC: 0.80 - [VAL] Loss: 0.4826, Accuracy: 78.87%, AUC: 0.79
Epoch [40/100] - [TRAIN] Loss: 0.4618, Accuracy: 80.26%, AUC: 0.80 - [VAL] Loss: 0.5028, Accuracy: 78.60%, AUC: 0.79
Epoch [50/100] - [TRAIN] Loss: 0.4529, Accuracy: 81.10%, AUC: 0.81 - [VAL] Loss: 0.4818, Accuracy: 79.00%, AUC: 0.79
Epoch [60/100] - [TRAIN] Loss: 0.4496, Accuracy: 80.84%, AUC: 0.81 - [VAL] Loss: 0.4824, Accuracy: 78.97%, AUC: 0.79
Epoch [70/100] - [TRAIN] Loss: 0.4474, Accuracy: 80.84%, AUC: 0.81 - [VAL] Loss: 0.4737, Accuracy: 79.13%, AUC: 0.79
Epoch [80/100] - [TRAIN] Loss: 0.4409, Accuracy: 81.41%, AUC: 0.81 - [VAL] Loss: 0.4755, Accuracy: 79.00%, AUC: 0.79
Epoch [90/100] - [TRAIN] Loss: 0.4442, Accuracy: 81.41%, AUC: 0.81 - [VAL] Loss: 0.4719, Accuracy: 79.24%, AUC: 0.79
Epoch [100/100] - [TRAIN] Loss: 0.4370, Accuracy: 81.47%, AUC: 0.81 - [VAL] Loss: 0.4721, Accuracy: 79.17%, AUC: 0.79
Training finished!
Accuracy Score on test set: 80.40 %
AUC Score on test set: 0.80

Item: H3K4me3-H3K36me3-H3K9me3-H3K4me1-H3K27me3
Epoch [10/100] - [TRAIN] Loss: 0.5089, Accuracy: 79.59%, AUC: 0.80 - [VAL] Loss: 0.5336, Accuracy: 78.58%, AUC: 0.79
Epoch [20/100] - [TRAIN] Loss: 0.4798, Accuracy: 79.99%, AUC: 0.80 - [VAL] Loss: 0.5136, Accuracy: 78.49%, AUC: 0.78
Epoch [30/100] - [TRAIN] Loss: 0.4709, Accuracy: 80.51%, AUC: 0.81 - [VAL] Loss: 0.4852, Accuracy: 78.23%, AUC: 0.78
Epoch [40/100] - [TRAIN] Loss: 0.4583, Accuracy: 80.57%, AUC: 0.81 - [VAL] Loss: 0.4864, Accuracy: 78.86%, AUC: 0.79
Epoch [50/100] - [TRAIN] Loss: 0.4588, Accuracy: 80.52%, AUC: 0.81 - [VAL] Loss: 0.4791, Accuracy: 79.07%, AUC: 0.79
Epoch [60/100] - [TRAIN] Loss: 0.4500, Accuracy: 80.61%, AUC: 0.81 - [VAL] Loss: 0.4787, Accuracy: 79.07%, AUC: 0.79
Epoch [70/100] - [TRAIN] Loss: 0.4492, Accuracy: 80.72%, AUC: 0.81 - [VAL] Loss: 0.4725, Accuracy: 79.21%, AUC: 0.79
Epoch [80/100] - [TRAIN] Loss: 0.4460, Accuracy: 80.87%, AUC: 0.81 - [VAL] Loss: 0.4901, Accuracy: 78.95%, AUC: 0.79
Epoch [90/100] - [TRAIN] Loss: 0.4482, Accuracy: 80.90%, AUC: 0.81 - [VAL] Loss: 0.4836, Accuracy: 78.92%, AUC: 0.79
Epoch [100/100] - [TRAIN] Loss: 0.4402, Accuracy: 81.25%, AUC: 0.81 - [VAL] Loss: 0.4700, Accuracy: 79.44%, AUC: 0.79
Training finished!
Accuracy Score on test set: 80.72 %
AUC Score on test set: 0.81

Item: H3K4me3-H3K36me3-H3K9me3-H3K27me3-H3K4me1
Epoch [10/100] - [TRAIN] Loss: 0.5144, Accuracy: 79.80%, AUC: 0.80 - [VAL] Loss: 0.5281, Accuracy: 79.24%, AUC: 0.79
Epoch [20/100] - [TRAIN] Loss: 0.4839, Accuracy: 80.29%, AUC: 0.80 - [VAL] Loss: 0.5305, Accuracy: 78.65%, AUC: 0.79
Epoch [30/100] - [TRAIN] Loss: 0.4700, Accuracy: 80.03%, AUC: 0.80 - [VAL] Loss: 0.5021, Accuracy: 78.83%, AUC: 0.79
Epoch [40/100] - [TRAIN] Loss: 0.4610, Accuracy: 80.32%, AUC: 0.80 - [VAL] Loss: 0.4938, Accuracy: 78.91%, AUC: 0.79
Epoch [50/100] - [TRAIN] Loss: 0.4625, Accuracy: 80.64%, AUC: 0.81 - [VAL] Loss: 0.4786, Accuracy: 78.89%, AUC: 0.79
Epoch [60/100] - [TRAIN] Loss: 0.4573, Accuracy: 79.91%, AUC: 0.80 - [VAL] Loss: 0.4850, Accuracy: 79.12%, AUC: 0.79
Epoch [70/100] - [TRAIN] Loss: 0.4492, Accuracy: 80.86%, AUC: 0.81 - [VAL] Loss: 0.4827, Accuracy: 79.18%, AUC: 0.79
Epoch [80/100] - [TRAIN] Loss: 0.4459, Accuracy: 80.69%, AUC: 0.81 - [VAL] Loss: 0.4754, Accuracy: 79.15%, AUC: 0.79
Epoch [90/100] - [TRAIN] Loss: 0.4470, Accuracy: 80.86%, AUC: 0.81 - [VAL] Loss: 0.4831, Accuracy: 79.12%, AUC: 0.79
Epoch [100/100] - [TRAIN] Loss: 0.4412, Accuracy: 80.92%, AUC: 0.81 - [VAL] Loss: 0.4794, Accuracy: 79.23%, AUC: 0.79
Training finished!
Accuracy Score on test set: 80.53 %
AUC Score on test set: 0.81

Item: H3K4me3-H3K36me3-H3K27me3-H3K4me1-H3K9me3
Epoch [10/100] - [TRAIN] Loss: 0.5064, Accuracy: 79.59%, AUC: 0.80 - [VAL] Loss: 0.5259, Accuracy: 78.66%, AUC: 0.79
Epoch [20/100] - [TRAIN] Loss: 0.4784, Accuracy: 79.77%, AUC: 0.80 - [VAL] Loss: 0.5128, Accuracy: 78.51%, AUC: 0.79
Epoch [30/100] - [TRAIN] Loss: 0.4659, Accuracy: 80.45%, AUC: 0.80 - [VAL] Loss: 0.5047, Accuracy: 78.55%, AUC: 0.79
Epoch [40/100] - [TRAIN] Loss: 0.4652, Accuracy: 80.64%, AUC: 0.81 - [VAL] Loss: 0.4817, Accuracy: 78.54%, AUC: 0.79
Epoch [50/100] - [TRAIN] Loss: 0.4554, Accuracy: 80.87%, AUC: 0.81 - [VAL] Loss: 0.4864, Accuracy: 78.86%, AUC: 0.79
Epoch [60/100] - [TRAIN] Loss: 0.4541, Accuracy: 80.75%, AUC: 0.81 - [VAL] Loss: 0.4738, Accuracy: 79.18%, AUC: 0.79
Epoch [70/100] - [TRAIN] Loss: 0.4473, Accuracy: 80.96%, AUC: 0.81 - [VAL] Loss: 0.4769, Accuracy: 79.00%, AUC: 0.79
Epoch [80/100] - [TRAIN] Loss: 0.4472, Accuracy: 80.96%, AUC: 0.81 - [VAL] Loss: 0.4714, Accuracy: 79.30%, AUC: 0.79
Epoch [90/100] - [TRAIN] Loss: 0.4459, Accuracy: 80.95%, AUC: 0.81 - [VAL] Loss: 0.4923, Accuracy: 78.72%, AUC: 0.79
Epoch [100/100] - [TRAIN] Loss: 0.4391, Accuracy: 81.51%, AUC: 0.82 - [VAL] Loss: 0.4751, Accuracy: 79.21%, AUC: 0.79
Training finished!
Accuracy Score on test set: 80.66 %
AUC Score on test set: 0.81

Item: H3K4me3-H3K36me3-H3K27me3-H3K9me3-H3K4me1
Epoch [10/100] - [TRAIN] Loss: 0.5164, Accuracy: 79.12%, AUC: 0.79 - [VAL] Loss: 0.5157, Accuracy: 78.86%, AUC: 0.79
Epoch [20/100] - [TRAIN] Loss: 0.4874, Accuracy: 79.56%, AUC: 0.80 - [VAL] Loss: 0.5071, Accuracy: 78.77%, AUC: 0.79
Epoch [30/100] - [TRAIN] Loss: 0.4658, Accuracy: 80.08%, AUC: 0.80 - [VAL] Loss: 0.4905, Accuracy: 79.01%, AUC: 0.79
Epoch [40/100] - [TRAIN] Loss: 0.4603, Accuracy: 80.32%, AUC: 0.80 - [VAL] Loss: 0.4866, Accuracy: 78.87%, AUC: 0.79
Epoch [50/100] - [TRAIN] Loss: 0.4573, Accuracy: 80.54%, AUC: 0.81 - [VAL] Loss: 0.4808, Accuracy: 79.07%, AUC: 0.79
Epoch [60/100] - [TRAIN] Loss: 0.4529, Accuracy: 80.37%, AUC: 0.80 - [VAL] Loss: 0.4751, Accuracy: 79.17%, AUC: 0.79
Epoch [70/100] - [TRAIN] Loss: 0.4476, Accuracy: 80.80%, AUC: 0.81 - [VAL] Loss: 0.4764, Accuracy: 79.21%, AUC: 0.79
Epoch [80/100] - [TRAIN] Loss: 0.4472, Accuracy: 80.92%, AUC: 0.81 - [VAL] Loss: 0.4723, Accuracy: 79.21%, AUC: 0.79
Epoch [90/100] - [TRAIN] Loss: 0.4463, Accuracy: 80.49%, AUC: 0.80 - [VAL] Loss: 0.4689, Accuracy: 79.24%, AUC: 0.79
Epoch [100/100] - [TRAIN] Loss: 0.4417, Accuracy: 80.72%, AUC: 0.81 - [VAL] Loss: 0.4683, Accuracy: 79.36%, AUC: 0.79
Training finished!
Accuracy Score on test set: 80.76 %
AUC Score on test set: 0.81

Item: H3K4me3-H3K9me3-H3K4me1-H3K36me3-H3K27me3
Epoch [10/100] - [TRAIN] Loss: 0.5035, Accuracy: 79.47%, AUC: 0.79 - [VAL] Loss: 0.5235, Accuracy: 78.81%, AUC: 0.79
Epoch [20/100] - [TRAIN] Loss: 0.4761, Accuracy: 80.00%, AUC: 0.80 - [VAL] Loss: 0.5176, Accuracy: 78.51%, AUC: 0.79
Epoch [30/100] - [TRAIN] Loss: 0.4647, Accuracy: 80.17%, AUC: 0.80 - [VAL] Loss: 0.5029, Accuracy: 78.54%, AUC: 0.79
Epoch [40/100] - [TRAIN] Loss: 0.4662, Accuracy: 80.41%, AUC: 0.80 - [VAL] Loss: 0.4786, Accuracy: 78.98%, AUC: 0.79
Epoch [50/100] - [TRAIN] Loss: 0.4569, Accuracy: 80.28%, AUC: 0.80 - [VAL] Loss: 0.4866, Accuracy: 78.86%, AUC: 0.79
Epoch [60/100] - [TRAIN] Loss: 0.4558, Accuracy: 80.37%, AUC: 0.80 - [VAL] Loss: 0.4887, Accuracy: 78.81%, AUC: 0.79
Epoch [70/100] - [TRAIN] Loss: 0.4482, Accuracy: 80.96%, AUC: 0.81 - [VAL] Loss: 0.4829, Accuracy: 78.86%, AUC: 0.79
Epoch [80/100] - [TRAIN] Loss: 0.4447, Accuracy: 80.93%, AUC: 0.81 - [VAL] Loss: 0.4782, Accuracy: 79.03%, AUC: 0.79
Epoch [90/100] - [TRAIN] Loss: 0.4459, Accuracy: 81.10%, AUC: 0.81 - [VAL] Loss: 0.4700, Accuracy: 79.20%, AUC: 0.79
Epoch [100/100] - [TRAIN] Loss: 0.4531, Accuracy: 81.10%, AUC: 0.81 - [VAL] Loss: 0.4772, Accuracy: 79.01%, AUC: 0.79
Training finished!
Accuracy Score on test set: 80.50 %
AUC Score on test set: 0.80

Item: H3K4me3-H3K9me3-H3K4me1-H3K27me3-H3K36me3
Epoch [10/100] - [TRAIN] Loss: 0.5121, Accuracy: 79.58%, AUC: 0.80 - [VAL] Loss: 0.5318, Accuracy: 78.57%, AUC: 0.79
Epoch [20/100] - [TRAIN] Loss: 0.4873, Accuracy: 79.67%, AUC: 0.80 - [VAL] Loss: 0.4938, Accuracy: 78.34%, AUC: 0.78
Epoch [30/100] - [TRAIN] Loss: 0.4638, Accuracy: 80.80%, AUC: 0.81 - [VAL] Loss: 0.4938, Accuracy: 78.92%, AUC: 0.79
Epoch [40/100] - [TRAIN] Loss: 0.4630, Accuracy: 80.45%, AUC: 0.80 - [VAL] Loss: 0.4833, Accuracy: 78.95%, AUC: 0.79
Epoch [50/100] - [TRAIN] Loss: 0.4594, Accuracy: 80.52%, AUC: 0.81 - [VAL] Loss: 0.4813, Accuracy: 79.04%, AUC: 0.79
Epoch [60/100] - [TRAIN] Loss: 0.4508, Accuracy: 80.52%, AUC: 0.81 - [VAL] Loss: 0.4758, Accuracy: 78.98%, AUC: 0.79
Epoch [70/100] - [TRAIN] Loss: 0.4538, Accuracy: 80.66%, AUC: 0.81 - [VAL] Loss: 0.4788, Accuracy: 78.89%, AUC: 0.79
Epoch [80/100] - [TRAIN] Loss: 0.4470, Accuracy: 80.81%, AUC: 0.81 - [VAL] Loss: 0.4751, Accuracy: 79.09%, AUC: 0.79
Epoch [90/100] - [TRAIN] Loss: 0.4426, Accuracy: 80.87%, AUC: 0.81 - [VAL] Loss: 0.4714, Accuracy: 79.30%, AUC: 0.79
Epoch [100/100] - [TRAIN] Loss: 0.4408, Accuracy: 81.13%, AUC: 0.81 - [VAL] Loss: 0.4725, Accuracy: 79.21%, AUC: 0.79
Training finished!
Accuracy Score on test set: 80.72 %
AUC Score on test set: 0.81

Item: H3K4me3-H3K9me3-H3K36me3-H3K4me1-H3K27me3
Epoch [10/100] - [TRAIN] Loss: 0.5147, Accuracy: 79.03%, AUC: 0.79 - [VAL] Loss: 0.5333, Accuracy: 78.49%, AUC: 0.78
Epoch [20/100] - [TRAIN] Loss: 0.4813, Accuracy: 79.74%, AUC: 0.80 - [VAL] Loss: 0.4922, Accuracy: 78.54%, AUC: 0.79
Epoch [30/100] - [TRAIN] Loss: 0.4685, Accuracy: 80.20%, AUC: 0.80 - [VAL] Loss: 0.4850, Accuracy: 78.86%, AUC: 0.79
Epoch [40/100] - [TRAIN] Loss: 0.4583, Accuracy: 80.29%, AUC: 0.80 - [VAL] Loss: 0.4837, Accuracy: 79.07%, AUC: 0.79
Epoch [50/100] - [TRAIN] Loss: 0.4576, Accuracy: 80.41%, AUC: 0.80 - [VAL] Loss: 0.4826, Accuracy: 79.10%, AUC: 0.79
Epoch [60/100] - [TRAIN] Loss: 0.4536, Accuracy: 80.41%, AUC: 0.80 - [VAL] Loss: 0.4779, Accuracy: 79.09%, AUC: 0.79
Epoch [70/100] - [TRAIN] Loss: 0.4480, Accuracy: 80.99%, AUC: 0.81 - [VAL] Loss: 0.4722, Accuracy: 79.38%, AUC: 0.79
Epoch [80/100] - [TRAIN] Loss: 0.4471, Accuracy: 81.02%, AUC: 0.81 - [VAL] Loss: 0.4808, Accuracy: 78.95%, AUC: 0.79
Epoch [90/100] - [TRAIN] Loss: 0.4607, Accuracy: 80.90%, AUC: 0.81 - [VAL] Loss: 0.5157, Accuracy: 74.96%, AUC: 0.75
Epoch [100/100] - [TRAIN] Loss: 0.4386, Accuracy: 81.25%, AUC: 0.81 - [VAL] Loss: 0.4686, Accuracy: 79.56%, AUC: 0.80
Training finished!
Accuracy Score on test set: 80.95 %
AUC Score on test set: 0.81

Item: H3K4me3-H3K9me3-H3K36me3-H3K27me3-H3K4me1
Epoch [10/100] - [TRAIN] Loss: 0.5148, Accuracy: 79.07%, AUC: 0.79 - [VAL] Loss: 0.5327, Accuracy: 78.48%, AUC: 0.78
Epoch [20/100] - [TRAIN] Loss: 0.4895, Accuracy: 79.47%, AUC: 0.79 - [VAL] Loss: 0.5048, Accuracy: 78.86%, AUC: 0.79
Epoch [30/100] - [TRAIN] Loss: 0.4682, Accuracy: 80.14%, AUC: 0.80 - [VAL] Loss: 0.4992, Accuracy: 78.83%, AUC: 0.79
Epoch [40/100] - [TRAIN] Loss: 0.4649, Accuracy: 80.83%, AUC: 0.81 - [VAL] Loss: 0.4846, Accuracy: 78.03%, AUC: 0.78
Epoch [50/100] - [TRAIN] Loss: 0.4591, Accuracy: 80.41%, AUC: 0.80 - [VAL] Loss: 0.4926, Accuracy: 78.75%, AUC: 0.79
Epoch [60/100] - [TRAIN] Loss: 0.4547, Accuracy: 80.75%, AUC: 0.81 - [VAL] Loss: 0.4783, Accuracy: 78.81%, AUC: 0.79
Epoch [70/100] - [TRAIN] Loss: 0.4456, Accuracy: 81.01%, AUC: 0.81 - [VAL] Loss: 0.4750, Accuracy: 78.98%, AUC: 0.79
Epoch [80/100] - [TRAIN] Loss: 0.4545, Accuracy: 80.60%, AUC: 0.81 - [VAL] Loss: 0.4815, Accuracy: 78.84%, AUC: 0.79
Epoch [90/100] - [TRAIN] Loss: 0.4435, Accuracy: 81.12%, AUC: 0.81 - [VAL] Loss: 0.4719, Accuracy: 79.09%, AUC: 0.79
Epoch [100/100] - [TRAIN] Loss: 0.4425, Accuracy: 80.81%, AUC: 0.81 - [VAL] Loss: 0.4717, Accuracy: 79.06%, AUC: 0.79
Training finished!
Accuracy Score on test set: 80.43 %
AUC Score on test set: 0.80

Item: H3K4me3-H3K9me3-H3K27me3-H3K4me1-H3K36me3
Epoch [10/100] - [TRAIN] Loss: 0.5126, Accuracy: 79.44%, AUC: 0.79 - [VAL] Loss: 0.5322, Accuracy: 78.69%, AUC: 0.79
Epoch [20/100] - [TRAIN] Loss: 0.4800, Accuracy: 79.99%, AUC: 0.80 - [VAL] Loss: 0.4969, Accuracy: 79.03%, AUC: 0.79
Epoch [30/100] - [TRAIN] Loss: 0.4714, Accuracy: 80.32%, AUC: 0.80 - [VAL] Loss: 0.4949, Accuracy: 78.86%, AUC: 0.79
Epoch [40/100] - [TRAIN] Loss: 0.4615, Accuracy: 80.46%, AUC: 0.80 - [VAL] Loss: 0.4891, Accuracy: 78.94%, AUC: 0.79
Epoch [50/100] - [TRAIN] Loss: 0.4555, Accuracy: 80.54%, AUC: 0.81 - [VAL] Loss: 0.4901, Accuracy: 78.71%, AUC: 0.79
Epoch [60/100] - [TRAIN] Loss: 0.4515, Accuracy: 80.73%, AUC: 0.81 - [VAL] Loss: 0.4762, Accuracy: 79.04%, AUC: 0.79
Epoch [70/100] - [TRAIN] Loss: 0.4518, Accuracy: 80.70%, AUC: 0.81 - [VAL] Loss: 0.4750, Accuracy: 78.98%, AUC: 0.79
Epoch [80/100] - [TRAIN] Loss: 0.4466, Accuracy: 80.84%, AUC: 0.81 - [VAL] Loss: 0.4729, Accuracy: 79.13%, AUC: 0.79
Epoch [90/100] - [TRAIN] Loss: 0.4449, Accuracy: 80.96%, AUC: 0.81 - [VAL] Loss: 0.4766, Accuracy: 78.91%, AUC: 0.79
Epoch [100/100] - [TRAIN] Loss: 0.4448, Accuracy: 80.84%, AUC: 0.81 - [VAL] Loss: 0.4759, Accuracy: 78.97%, AUC: 0.79
Training finished!
Accuracy Score on test set: 80.68 %
AUC Score on test set: 0.81

Item: H3K4me3-H3K9me3-H3K27me3-H3K36me3-H3K4me1
Epoch [10/100] - [TRAIN] Loss: 0.5167, Accuracy: 79.38%, AUC: 0.79 - [VAL] Loss: 0.5120, Accuracy: 79.00%, AUC: 0.79
Epoch [20/100] - [TRAIN] Loss: 0.4778, Accuracy: 80.03%, AUC: 0.80 - [VAL] Loss: 0.5019, Accuracy: 78.97%, AUC: 0.79
Epoch [30/100] - [TRAIN] Loss: 0.4649, Accuracy: 80.69%, AUC: 0.81 - [VAL] Loss: 0.4980, Accuracy: 78.91%, AUC: 0.79
Epoch [40/100] - [TRAIN] Loss: 0.4660, Accuracy: 80.49%, AUC: 0.80 - [VAL] Loss: 0.4834, Accuracy: 78.14%, AUC: 0.78
Epoch [50/100] - [TRAIN] Loss: 0.4607, Accuracy: 80.67%, AUC: 0.81 - [VAL] Loss: 0.4767, Accuracy: 78.94%, AUC: 0.79
Epoch [60/100] - [TRAIN] Loss: 0.4556, Accuracy: 80.34%, AUC: 0.80 - [VAL] Loss: 0.4784, Accuracy: 78.83%, AUC: 0.79
Epoch [70/100] - [TRAIN] Loss: 0.4468, Accuracy: 80.70%, AUC: 0.81 - [VAL] Loss: 0.4745, Accuracy: 79.12%, AUC: 0.79
Epoch [80/100] - [TRAIN] Loss: 0.4424, Accuracy: 81.15%, AUC: 0.81 - [VAL] Loss: 0.4718, Accuracy: 79.07%, AUC: 0.79
Epoch [90/100] - [TRAIN] Loss: 0.4460, Accuracy: 80.75%, AUC: 0.81 - [VAL] Loss: 0.4711, Accuracy: 79.17%, AUC: 0.79
Epoch [100/100] - [TRAIN] Loss: 0.4536, Accuracy: 81.01%, AUC: 0.81 - [VAL] Loss: 0.4749, Accuracy: 79.01%, AUC: 0.79
Training finished!
Accuracy Score on test set: 80.24 %
AUC Score on test set: 0.80

Item: H3K4me3-H3K27me3-H3K4me1-H3K36me3-H3K9me3
Epoch [10/100] - [TRAIN] Loss: 0.5218, Accuracy: 79.21%, AUC: 0.79 - [VAL] Loss: 0.5450, Accuracy: 78.14%, AUC: 0.78
Epoch [20/100] - [TRAIN] Loss: 0.4866, Accuracy: 79.93%, AUC: 0.80 - [VAL] Loss: 0.5120, Accuracy: 78.69%, AUC: 0.79
Epoch [30/100] - [TRAIN] Loss: 0.4753, Accuracy: 80.06%, AUC: 0.80 - [VAL] Loss: 0.4851, Accuracy: 78.89%, AUC: 0.79
Epoch [40/100] - [TRAIN] Loss: 0.4638, Accuracy: 79.94%, AUC: 0.80 - [VAL] Loss: 0.4924, Accuracy: 78.78%, AUC: 0.79
Epoch [50/100] - [TRAIN] Loss: 0.4577, Accuracy: 80.60%, AUC: 0.81 - [VAL] Loss: 0.4825, Accuracy: 78.94%, AUC: 0.79
Epoch [60/100] - [TRAIN] Loss: 0.4496, Accuracy: 80.93%, AUC: 0.81 - [VAL] Loss: 0.4788, Accuracy: 79.01%, AUC: 0.79
Epoch [70/100] - [TRAIN] Loss: 0.4501, Accuracy: 80.75%, AUC: 0.81 - [VAL] Loss: 0.4748, Accuracy: 79.12%, AUC: 0.79
Epoch [80/100] - [TRAIN] Loss: 0.4444, Accuracy: 80.96%, AUC: 0.81 - [VAL] Loss: 0.4764, Accuracy: 79.21%, AUC: 0.79
Epoch [90/100] - [TRAIN] Loss: 0.4409, Accuracy: 81.13%, AUC: 0.81 - [VAL] Loss: 0.4706, Accuracy: 79.18%, AUC: 0.79
Epoch [100/100] - [TRAIN] Loss: 0.4418, Accuracy: 81.27%, AUC: 0.81 - [VAL] Loss: 0.4721, Accuracy: 79.23%, AUC: 0.79
Training finished!
Accuracy Score on test set: 80.54 %
AUC Score on test set: 0.81

Item: H3K4me3-H3K27me3-H3K4me1-H3K9me3-H3K36me3
Epoch [10/100] - [TRAIN] Loss: 0.5128, Accuracy: 79.56%, AUC: 0.80 - [VAL] Loss: 0.5170, Accuracy: 78.91%, AUC: 0.79
Epoch [20/100] - [TRAIN] Loss: 0.4798, Accuracy: 80.08%, AUC: 0.80 - [VAL] Loss: 0.4995, Accuracy: 78.86%, AUC: 0.79
Epoch [30/100] - [TRAIN] Loss: 0.4678, Accuracy: 80.35%, AUC: 0.80 - [VAL] Loss: 0.4841, Accuracy: 78.77%, AUC: 0.79
Epoch [40/100] - [TRAIN] Loss: 0.4605, Accuracy: 80.45%, AUC: 0.80 - [VAL] Loss: 0.4798, Accuracy: 78.92%, AUC: 0.79
Epoch [50/100] - [TRAIN] Loss: 0.4551, Accuracy: 80.28%, AUC: 0.80 - [VAL] Loss: 0.4798, Accuracy: 78.95%, AUC: 0.79
Epoch [60/100] - [TRAIN] Loss: 0.4538, Accuracy: 80.84%, AUC: 0.81 - [VAL] Loss: 0.4753, Accuracy: 79.07%, AUC: 0.79
Epoch [70/100] - [TRAIN] Loss: 0.4494, Accuracy: 80.35%, AUC: 0.80 - [VAL] Loss: 0.4768, Accuracy: 79.06%, AUC: 0.79
Epoch [80/100] - [TRAIN] Loss: 0.4493, Accuracy: 80.73%, AUC: 0.81 - [VAL] Loss: 0.4740, Accuracy: 79.26%, AUC: 0.79
Epoch [90/100] - [TRAIN] Loss: 0.4457, Accuracy: 80.70%, AUC: 0.81 - [VAL] Loss: 0.4706, Accuracy: 79.21%, AUC: 0.79
Epoch [100/100] - [TRAIN] Loss: 0.4455, Accuracy: 81.21%, AUC: 0.81 - [VAL] Loss: 0.4713, Accuracy: 79.21%, AUC: 0.79
Training finished!
Accuracy Score on test set: 80.69 %
AUC Score on test set: 0.81

Item: H3K4me3-H3K27me3-H3K36me3-H3K4me1-H3K9me3
Epoch [10/100] - [TRAIN] Loss: 0.5061, Accuracy: 79.32%, AUC: 0.79 - [VAL] Loss: 0.5315, Accuracy: 78.71%, AUC: 0.79
Epoch [20/100] - [TRAIN] Loss: 0.4793, Accuracy: 80.00%, AUC: 0.80 - [VAL] Loss: 0.5222, Accuracy: 78.60%, AUC: 0.79
Epoch [30/100] - [TRAIN] Loss: 0.4672, Accuracy: 80.55%, AUC: 0.81 - [VAL] Loss: 0.4968, Accuracy: 79.13%, AUC: 0.79
Epoch [40/100] - [TRAIN] Loss: 0.4594, Accuracy: 80.35%, AUC: 0.80 - [VAL] Loss: 0.4895, Accuracy: 78.95%, AUC: 0.79
Epoch [50/100] - [TRAIN] Loss: 0.4550, Accuracy: 80.83%, AUC: 0.81 - [VAL] Loss: 0.4785, Accuracy: 79.17%, AUC: 0.79
Epoch [60/100] - [TRAIN] Loss: 0.4492, Accuracy: 81.31%, AUC: 0.81 - [VAL] Loss: 0.4814, Accuracy: 78.95%, AUC: 0.79
Epoch [70/100] - [TRAIN] Loss: 0.4511, Accuracy: 80.54%, AUC: 0.81 - [VAL] Loss: 0.4714, Accuracy: 79.17%, AUC: 0.79
Epoch [80/100] - [TRAIN] Loss: 0.4447, Accuracy: 80.92%, AUC: 0.81 - [VAL] Loss: 0.4796, Accuracy: 79.04%, AUC: 0.79
Epoch [90/100] - [TRAIN] Loss: 0.4427, Accuracy: 81.10%, AUC: 0.81 - [VAL] Loss: 0.4768, Accuracy: 79.13%, AUC: 0.79
Epoch [100/100] - [TRAIN] Loss: 0.4383, Accuracy: 81.25%, AUC: 0.81 - [VAL] Loss: 0.4714, Accuracy: 79.39%, AUC: 0.79
Training finished!
Accuracy Score on test set: 80.56 %
AUC Score on test set: 0.81

Item: H3K4me3-H3K27me3-H3K36me3-H3K9me3-H3K4me1
Epoch [10/100] - [TRAIN] Loss: 0.5157, Accuracy: 79.27%, AUC: 0.79 - [VAL] Loss: 0.5355, Accuracy: 78.54%, AUC: 0.79
Epoch [20/100] - [TRAIN] Loss: 0.4817, Accuracy: 79.91%, AUC: 0.80 - [VAL] Loss: 0.5191, Accuracy: 78.40%, AUC: 0.78
Epoch [30/100] - [TRAIN] Loss: 0.4659, Accuracy: 80.05%, AUC: 0.80 - [VAL] Loss: 0.5048, Accuracy: 78.52%, AUC: 0.79
Epoch [40/100] - [TRAIN] Loss: 0.4645, Accuracy: 80.29%, AUC: 0.80 - [VAL] Loss: 0.4840, Accuracy: 79.09%, AUC: 0.79
Epoch [50/100] - [TRAIN] Loss: 0.4560, Accuracy: 80.78%, AUC: 0.81 - [VAL] Loss: 0.4901, Accuracy: 78.68%, AUC: 0.79
Epoch [60/100] - [TRAIN] Loss: 0.4487, Accuracy: 80.81%, AUC: 0.81 - [VAL] Loss: 0.4777, Accuracy: 78.94%, AUC: 0.79
Epoch [70/100] - [TRAIN] Loss: 0.4464, Accuracy: 80.95%, AUC: 0.81 - [VAL] Loss: 0.4872, Accuracy: 78.80%, AUC: 0.79
Epoch [80/100] - [TRAIN] Loss: 0.4559, Accuracy: 81.02%, AUC: 0.81 - [VAL] Loss: 0.4883, Accuracy: 78.58%, AUC: 0.79
Epoch [90/100] - [TRAIN] Loss: 0.4454, Accuracy: 80.90%, AUC: 0.81 - [VAL] Loss: 0.4771, Accuracy: 79.03%, AUC: 0.79
Epoch [100/100] - [TRAIN] Loss: 0.4446, Accuracy: 81.04%, AUC: 0.81 - [VAL] Loss: 0.4729, Accuracy: 79.09%, AUC: 0.79
Training finished!
Accuracy Score on test set: 80.62 %
AUC Score on test set: 0.81

Item: H3K4me3-H3K27me3-H3K9me3-H3K4me1-H3K36me3
Epoch [10/100] - [TRAIN] Loss: 0.5225, Accuracy: 79.52%, AUC: 0.80 - [VAL] Loss: 0.5414, Accuracy: 78.20%, AUC: 0.78
Epoch [20/100] - [TRAIN] Loss: 0.4829, Accuracy: 79.77%, AUC: 0.80 - [VAL] Loss: 0.5051, Accuracy: 78.89%, AUC: 0.79
Epoch [30/100] - [TRAIN] Loss: 0.4696, Accuracy: 80.02%, AUC: 0.80 - [VAL] Loss: 0.4971, Accuracy: 78.80%, AUC: 0.79
Epoch [40/100] - [TRAIN] Loss: 0.4611, Accuracy: 80.60%, AUC: 0.81 - [VAL] Loss: 0.4869, Accuracy: 78.94%, AUC: 0.79
Epoch [50/100] - [TRAIN] Loss: 0.4568, Accuracy: 80.72%, AUC: 0.81 - [VAL] Loss: 0.4821, Accuracy: 78.94%, AUC: 0.79
Epoch [60/100] - [TRAIN] Loss: 0.4530, Accuracy: 80.61%, AUC: 0.81 - [VAL] Loss: 0.4840, Accuracy: 79.06%, AUC: 0.79
Epoch [70/100] - [TRAIN] Loss: 0.4475, Accuracy: 80.99%, AUC: 0.81 - [VAL] Loss: 0.4754, Accuracy: 79.10%, AUC: 0.79
Epoch [80/100] - [TRAIN] Loss: 0.4444, Accuracy: 80.92%, AUC: 0.81 - [VAL] Loss: 0.4754, Accuracy: 79.26%, AUC: 0.79
Epoch [90/100] - [TRAIN] Loss: 0.4454, Accuracy: 80.84%, AUC: 0.81 - [VAL] Loss: 0.4737, Accuracy: 79.27%, AUC: 0.79
Epoch [100/100] - [TRAIN] Loss: 0.4478, Accuracy: 81.31%, AUC: 0.81 - [VAL] Loss: 0.4708, Accuracy: 78.98%, AUC: 0.79
Training finished!
Accuracy Score on test set: 80.68 %
AUC Score on test set: 0.81

Item: H3K4me3-H3K27me3-H3K9me3-H3K36me3-H3K4me1
Epoch [10/100] - [TRAIN] Loss: 0.5059, Accuracy: 79.38%, AUC: 0.79 - [VAL] Loss: 0.5247, Accuracy: 79.00%, AUC: 0.79
Epoch [20/100] - [TRAIN] Loss: 0.4791, Accuracy: 80.12%, AUC: 0.80 - [VAL] Loss: 0.5073, Accuracy: 78.77%, AUC: 0.79
Epoch [30/100] - [TRAIN] Loss: 0.4678, Accuracy: 80.20%, AUC: 0.80 - [VAL] Loss: 0.5002, Accuracy: 78.74%, AUC: 0.79
Epoch [40/100] - [TRAIN] Loss: 0.4620, Accuracy: 80.69%, AUC: 0.81 - [VAL] Loss: 0.4912, Accuracy: 78.84%, AUC: 0.79
Epoch [50/100] - [TRAIN] Loss: 0.4550, Accuracy: 80.54%, AUC: 0.81 - [VAL] Loss: 0.4803, Accuracy: 79.10%, AUC: 0.79
Epoch [60/100] - [TRAIN] Loss: 0.4528, Accuracy: 80.57%, AUC: 0.81 - [VAL] Loss: 0.4745, Accuracy: 79.04%, AUC: 0.79
Epoch [70/100] - [TRAIN] Loss: 0.4503, Accuracy: 81.09%, AUC: 0.81 - [VAL] Loss: 0.4746, Accuracy: 78.92%, AUC: 0.79
Epoch [80/100] - [TRAIN] Loss: 0.4444, Accuracy: 80.66%, AUC: 0.81 - [VAL] Loss: 0.4757, Accuracy: 79.12%, AUC: 0.79
Epoch [90/100] - [TRAIN] Loss: 0.4431, Accuracy: 80.98%, AUC: 0.81 - [VAL] Loss: 0.4705, Accuracy: 79.10%, AUC: 0.79
Epoch [100/100] - [TRAIN] Loss: 0.4413, Accuracy: 80.92%, AUC: 0.81 - [VAL] Loss: 0.4684, Accuracy: 79.43%, AUC: 0.79
Training finished!
Accuracy Score on test set: 80.65 %
AUC Score on test set: 0.81

Item: H3K4me1-H3K4me3-H3K36me3-H3K9me3-H3K27me3
Epoch [10/100] - [TRAIN] Loss: 0.5163, Accuracy: 79.36%, AUC: 0.79 - [VAL] Loss: 0.5255, Accuracy: 78.71%, AUC: 0.79
Epoch [20/100] - [TRAIN] Loss: 0.4814, Accuracy: 79.90%, AUC: 0.80 - [VAL] Loss: 0.5052, Accuracy: 78.98%, AUC: 0.79
Epoch [30/100] - [TRAIN] Loss: 0.4734, Accuracy: 80.23%, AUC: 0.80 - [VAL] Loss: 0.5120, Accuracy: 78.69%, AUC: 0.79
Epoch [40/100] - [TRAIN] Loss: 0.4604, Accuracy: 80.90%, AUC: 0.81 - [VAL] Loss: 0.4932, Accuracy: 78.84%, AUC: 0.79
Epoch [50/100] - [TRAIN] Loss: 0.4568, Accuracy: 80.51%, AUC: 0.81 - [VAL] Loss: 0.4802, Accuracy: 79.06%, AUC: 0.79
Epoch [60/100] - [TRAIN] Loss: 0.4518, Accuracy: 80.72%, AUC: 0.81 - [VAL] Loss: 0.4870, Accuracy: 78.83%, AUC: 0.79
Epoch [70/100] - [TRAIN] Loss: 0.4560, Accuracy: 80.95%, AUC: 0.81 - [VAL] Loss: 0.4774, Accuracy: 78.95%, AUC: 0.79
Epoch [80/100] - [TRAIN] Loss: 0.4486, Accuracy: 80.77%, AUC: 0.81 - [VAL] Loss: 0.4725, Accuracy: 79.20%, AUC: 0.79
Epoch [90/100] - [TRAIN] Loss: 0.4433, Accuracy: 81.07%, AUC: 0.81 - [VAL] Loss: 0.4711, Accuracy: 79.21%, AUC: 0.79
Epoch [100/100] - [TRAIN] Loss: 0.4434, Accuracy: 80.78%, AUC: 0.81 - [VAL] Loss: 0.4725, Accuracy: 79.12%, AUC: 0.79
Training finished!
Accuracy Score on test set: 80.57 %
AUC Score on test set: 0.81

Item: H3K4me1-H3K4me3-H3K36me3-H3K27me3-H3K9me3
Epoch [10/100] - [TRAIN] Loss: 0.5066, Accuracy: 79.36%, AUC: 0.79 - [VAL] Loss: 0.5144, Accuracy: 78.80%, AUC: 0.79
Epoch [20/100] - [TRAIN] Loss: 0.4786, Accuracy: 79.59%, AUC: 0.80 - [VAL] Loss: 0.4884, Accuracy: 78.97%, AUC: 0.79
Epoch [30/100] - [TRAIN] Loss: 0.4672, Accuracy: 80.14%, AUC: 0.80 - [VAL] Loss: 0.4921, Accuracy: 78.97%, AUC: 0.79
Epoch [40/100] - [TRAIN] Loss: 0.4563, Accuracy: 80.35%, AUC: 0.80 - [VAL] Loss: 0.4780, Accuracy: 79.04%, AUC: 0.79
Epoch [50/100] - [TRAIN] Loss: 0.4517, Accuracy: 80.60%, AUC: 0.81 - [VAL] Loss: 0.4742, Accuracy: 79.03%, AUC: 0.79
Epoch [60/100] - [TRAIN] Loss: 0.4529, Accuracy: 80.67%, AUC: 0.81 - [VAL] Loss: 0.4733, Accuracy: 79.10%, AUC: 0.79
Epoch [70/100] - [TRAIN] Loss: 0.4473, Accuracy: 81.28%, AUC: 0.81 - [VAL] Loss: 0.4732, Accuracy: 79.03%, AUC: 0.79
Epoch [80/100] - [TRAIN] Loss: 0.4436, Accuracy: 80.77%, AUC: 0.81 - [VAL] Loss: 0.4714, Accuracy: 79.27%, AUC: 0.79
Epoch [90/100] - [TRAIN] Loss: 0.4441, Accuracy: 80.87%, AUC: 0.81 - [VAL] Loss: 0.4691, Accuracy: 78.94%, AUC: 0.79
Epoch [100/100] - [TRAIN] Loss: 0.4402, Accuracy: 81.15%, AUC: 0.81 - [VAL] Loss: 0.4696, Accuracy: 78.81%, AUC: 0.79
Training finished!
Accuracy Score on test set: 80.37 %
AUC Score on test set: 0.80

Item: H3K4me1-H3K4me3-H3K9me3-H3K36me3-H3K27me3
Epoch [10/100] - [TRAIN] Loss: 0.5204, Accuracy: 79.33%, AUC: 0.79 - [VAL] Loss: 0.5352, Accuracy: 78.32%, AUC: 0.78
Epoch [20/100] - [TRAIN] Loss: 0.4768, Accuracy: 80.09%, AUC: 0.80 - [VAL] Loss: 0.4974, Accuracy: 78.78%, AUC: 0.79
Epoch [30/100] - [TRAIN] Loss: 0.4704, Accuracy: 80.43%, AUC: 0.80 - [VAL] Loss: 0.4883, Accuracy: 78.83%, AUC: 0.79
Epoch [40/100] - [TRAIN] Loss: 0.4606, Accuracy: 80.35%, AUC: 0.80 - [VAL] Loss: 0.4907, Accuracy: 78.86%, AUC: 0.79
Epoch [50/100] - [TRAIN] Loss: 0.4549, Accuracy: 80.40%, AUC: 0.80 - [VAL] Loss: 0.4756, Accuracy: 79.00%, AUC: 0.79
Epoch [60/100] - [TRAIN] Loss: 0.4509, Accuracy: 81.13%, AUC: 0.81 - [VAL] Loss: 0.4715, Accuracy: 79.20%, AUC: 0.79
Epoch [70/100] - [TRAIN] Loss: 0.4462, Accuracy: 81.12%, AUC: 0.81 - [VAL] Loss: 0.4709, Accuracy: 79.03%, AUC: 0.79
Epoch [80/100] - [TRAIN] Loss: 0.4421, Accuracy: 81.02%, AUC: 0.81 - [VAL] Loss: 0.4705, Accuracy: 79.06%, AUC: 0.79
Epoch [90/100] - [TRAIN] Loss: 0.4481, Accuracy: 81.25%, AUC: 0.81 - [VAL] Loss: 0.4680, Accuracy: 79.17%, AUC: 0.79
Epoch [100/100] - [TRAIN] Loss: 0.4413, Accuracy: 80.64%, AUC: 0.81 - [VAL] Loss: 0.4677, Accuracy: 79.18%, AUC: 0.79
Training finished!
Accuracy Score on test set: 80.68 %
AUC Score on test set: 0.81

Item: H3K4me1-H3K4me3-H3K9me3-H3K27me3-H3K36me3
Epoch [10/100] - [TRAIN] Loss: 0.5100, Accuracy: 79.59%, AUC: 0.80 - [VAL] Loss: 0.5376, Accuracy: 78.40%, AUC: 0.78
Epoch [20/100] - [TRAIN] Loss: 0.4758, Accuracy: 80.06%, AUC: 0.80 - [VAL] Loss: 0.5073, Accuracy: 78.60%, AUC: 0.79
Epoch [30/100] - [TRAIN] Loss: 0.4640, Accuracy: 80.12%, AUC: 0.80 - [VAL] Loss: 0.4970, Accuracy: 78.72%, AUC: 0.79
Epoch [40/100] - [TRAIN] Loss: 0.4584, Accuracy: 80.20%, AUC: 0.80 - [VAL] Loss: 0.4866, Accuracy: 78.89%, AUC: 0.79
Epoch [50/100] - [TRAIN] Loss: 0.4536, Accuracy: 80.73%, AUC: 0.81 - [VAL] Loss: 0.4861, Accuracy: 78.78%, AUC: 0.79
Epoch [60/100] - [TRAIN] Loss: 0.4544, Accuracy: 80.86%, AUC: 0.81 - [VAL] Loss: 0.4896, Accuracy: 78.75%, AUC: 0.79
Epoch [70/100] - [TRAIN] Loss: 0.4489, Accuracy: 80.92%, AUC: 0.81 - [VAL] Loss: 0.4740, Accuracy: 79.09%, AUC: 0.79
Epoch [80/100] - [TRAIN] Loss: 0.4454, Accuracy: 80.69%, AUC: 0.81 - [VAL] Loss: 0.4796, Accuracy: 79.01%, AUC: 0.79
Epoch [90/100] - [TRAIN] Loss: 0.4414, Accuracy: 81.13%, AUC: 0.81 - [VAL] Loss: 0.4775, Accuracy: 79.03%, AUC: 0.79
Epoch [100/100] - [TRAIN] Loss: 0.4408, Accuracy: 80.95%, AUC: 0.81 - [VAL] Loss: 0.4738, Accuracy: 79.13%, AUC: 0.79
Training finished!
Accuracy Score on test set: 80.72 %
AUC Score on test set: 0.81

Item: H3K4me1-H3K4me3-H3K27me3-H3K36me3-H3K9me3
Epoch [10/100] - [TRAIN] Loss: 0.5073, Accuracy: 79.45%, AUC: 0.79 - [VAL] Loss: 0.5277, Accuracy: 78.49%, AUC: 0.78
Epoch [20/100] - [TRAIN] Loss: 0.4890, Accuracy: 79.94%, AUC: 0.80 - [VAL] Loss: 0.4870, Accuracy: 78.97%, AUC: 0.79
Epoch [30/100] - [TRAIN] Loss: 0.4756, Accuracy: 80.26%, AUC: 0.80 - [VAL] Loss: 0.4805, Accuracy: 78.97%, AUC: 0.79
Epoch [40/100] - [TRAIN] Loss: 0.4569, Accuracy: 80.58%, AUC: 0.81 - [VAL] Loss: 0.4838, Accuracy: 78.77%, AUC: 0.79
Epoch [50/100] - [TRAIN] Loss: 0.4553, Accuracy: 80.73%, AUC: 0.81 - [VAL] Loss: 0.4887, Accuracy: 78.58%, AUC: 0.79
Epoch [60/100] - [TRAIN] Loss: 0.4534, Accuracy: 81.01%, AUC: 0.81 - [VAL] Loss: 0.4809, Accuracy: 78.77%, AUC: 0.79
Epoch [70/100] - [TRAIN] Loss: 0.4465, Accuracy: 81.05%, AUC: 0.81 - [VAL] Loss: 0.4782, Accuracy: 78.97%, AUC: 0.79
Epoch [80/100] - [TRAIN] Loss: 0.4435, Accuracy: 80.99%, AUC: 0.81 - [VAL] Loss: 0.4730, Accuracy: 79.01%, AUC: 0.79
Epoch [90/100] - [TRAIN] Loss: 0.4433, Accuracy: 81.21%, AUC: 0.81 - [VAL] Loss: 0.4683, Accuracy: 79.33%, AUC: 0.79
Epoch [100/100] - [TRAIN] Loss: 0.4375, Accuracy: 81.22%, AUC: 0.81 - [VAL] Loss: 0.4689, Accuracy: 79.13%, AUC: 0.79
Training finished!
Accuracy Score on test set: 80.62 %
AUC Score on test set: 0.81

Item: H3K4me1-H3K4me3-H3K27me3-H3K9me3-H3K36me3
Epoch [10/100] - [TRAIN] Loss: 0.5073, Accuracy: 79.82%, AUC: 0.80 - [VAL] Loss: 0.5258, Accuracy: 78.39%, AUC: 0.78
Epoch [20/100] - [TRAIN] Loss: 0.4769, Accuracy: 79.88%, AUC: 0.80 - [VAL] Loss: 0.5185, Accuracy: 78.46%, AUC: 0.78
Epoch [30/100] - [TRAIN] Loss: 0.4639, Accuracy: 79.88%, AUC: 0.80 - [VAL] Loss: 0.4973, Accuracy: 78.83%, AUC: 0.79
Epoch [40/100] - [TRAIN] Loss: 0.4611, Accuracy: 80.28%, AUC: 0.80 - [VAL] Loss: 0.4842, Accuracy: 79.01%, AUC: 0.79
Epoch [50/100] - [TRAIN] Loss: 0.4545, Accuracy: 80.61%, AUC: 0.81 - [VAL] Loss: 0.4773, Accuracy: 79.04%, AUC: 0.79
Epoch [60/100] - [TRAIN] Loss: 0.4514, Accuracy: 80.86%, AUC: 0.81 - [VAL] Loss: 0.4855, Accuracy: 78.80%, AUC: 0.79
Epoch [70/100] - [TRAIN] Loss: 0.4473, Accuracy: 80.64%, AUC: 0.81 - [VAL] Loss: 0.4810, Accuracy: 78.84%, AUC: 0.79
Epoch [80/100] - [TRAIN] Loss: 0.4471, Accuracy: 81.01%, AUC: 0.81 - [VAL] Loss: 0.4812, Accuracy: 78.75%, AUC: 0.79
Epoch [90/100] - [TRAIN] Loss: 0.4423, Accuracy: 80.78%, AUC: 0.81 - [VAL] Loss: 0.4742, Accuracy: 79.09%, AUC: 0.79
Epoch [100/100] - [TRAIN] Loss: 0.4409, Accuracy: 81.30%, AUC: 0.81 - [VAL] Loss: 0.4715, Accuracy: 79.30%, AUC: 0.79
Training finished!
Accuracy Score on test set: 80.54 %
AUC Score on test set: 0.81

Item: H3K4me1-H3K36me3-H3K4me3-H3K9me3-H3K27me3
Epoch [10/100] - [TRAIN] Loss: 0.5111, Accuracy: 79.21%, AUC: 0.79 - [VAL] Loss: 0.5370, Accuracy: 78.13%, AUC: 0.78
Epoch [20/100] - [TRAIN] Loss: 0.4850, Accuracy: 80.14%, AUC: 0.80 - [VAL] Loss: 0.4976, Accuracy: 78.89%, AUC: 0.79
Epoch [30/100] - [TRAIN] Loss: 0.4683, Accuracy: 80.03%, AUC: 0.80 - [VAL] Loss: 0.4957, Accuracy: 78.49%, AUC: 0.78
Epoch [40/100] - [TRAIN] Loss: 0.4616, Accuracy: 80.35%, AUC: 0.80 - [VAL] Loss: 0.4923, Accuracy: 78.71%, AUC: 0.79
Epoch [50/100] - [TRAIN] Loss: 0.4557, Accuracy: 80.43%, AUC: 0.80 - [VAL] Loss: 0.4888, Accuracy: 78.87%, AUC: 0.79
Epoch [60/100] - [TRAIN] Loss: 0.4570, Accuracy: 80.86%, AUC: 0.81 - [VAL] Loss: 0.4829, Accuracy: 78.89%, AUC: 0.79
Epoch [70/100] - [TRAIN] Loss: 0.4491, Accuracy: 80.57%, AUC: 0.81 - [VAL] Loss: 0.4748, Accuracy: 79.18%, AUC: 0.79
Epoch [80/100] - [TRAIN] Loss: 0.4458, Accuracy: 80.69%, AUC: 0.81 - [VAL] Loss: 0.4715, Accuracy: 79.20%, AUC: 0.79
Epoch [90/100] - [TRAIN] Loss: 0.4369, Accuracy: 80.83%, AUC: 0.81 - [VAL] Loss: 0.4715, Accuracy: 79.21%, AUC: 0.79
Epoch [100/100] - [TRAIN] Loss: 0.4413, Accuracy: 81.36%, AUC: 0.81 - [VAL] Loss: 0.4694, Accuracy: 79.18%, AUC: 0.79
Training finished!
Accuracy Score on test set: 80.85 %
AUC Score on test set: 0.81

Item: H3K4me1-H3K36me3-H3K4me3-H3K27me3-H3K9me3
Epoch [10/100] - [TRAIN] Loss: 0.5085, Accuracy: 79.41%, AUC: 0.79 - [VAL] Loss: 0.5274, Accuracy: 78.51%, AUC: 0.79
Epoch [20/100] - [TRAIN] Loss: 0.4808, Accuracy: 79.94%, AUC: 0.80 - [VAL] Loss: 0.5102, Accuracy: 78.77%, AUC: 0.79
Epoch [30/100] - [TRAIN] Loss: 0.4665, Accuracy: 80.22%, AUC: 0.80 - [VAL] Loss: 0.5051, Accuracy: 78.71%, AUC: 0.79
Epoch [40/100] - [TRAIN] Loss: 0.4608, Accuracy: 80.72%, AUC: 0.81 - [VAL] Loss: 0.4926, Accuracy: 78.89%, AUC: 0.79
Epoch [50/100] - [TRAIN] Loss: 0.4568, Accuracy: 80.54%, AUC: 0.81 - [VAL] Loss: 0.4814, Accuracy: 79.00%, AUC: 0.79
Epoch [60/100] - [TRAIN] Loss: 0.4521, Accuracy: 81.09%, AUC: 0.81 - [VAL] Loss: 0.4876, Accuracy: 78.84%, AUC: 0.79
Epoch [70/100] - [TRAIN] Loss: 0.4585, Accuracy: 80.66%, AUC: 0.81 - [VAL] Loss: 0.4933, Accuracy: 78.84%, AUC: 0.79
Epoch [80/100] - [TRAIN] Loss: 0.4479, Accuracy: 81.25%, AUC: 0.81 - [VAL] Loss: 0.4759, Accuracy: 79.07%, AUC: 0.79
Epoch [90/100] - [TRAIN] Loss: 0.4480, Accuracy: 80.78%, AUC: 0.81 - [VAL] Loss: 0.4717, Accuracy: 79.12%, AUC: 0.79
Epoch [100/100] - [TRAIN] Loss: 0.4443, Accuracy: 81.25%, AUC: 0.81 - [VAL] Loss: 0.4736, Accuracy: 79.43%, AUC: 0.79
Training finished!
Accuracy Score on test set: 80.43 %
AUC Score on test set: 0.80

Item: H3K4me1-H3K36me3-H3K9me3-H3K4me3-H3K27me3
Epoch [10/100] - [TRAIN] Loss: 0.5159, Accuracy: 79.13%, AUC: 0.79 - [VAL] Loss: 0.5207, Accuracy: 79.00%, AUC: 0.79
Epoch [20/100] - [TRAIN] Loss: 0.4839, Accuracy: 80.09%, AUC: 0.80 - [VAL] Loss: 0.5145, Accuracy: 78.54%, AUC: 0.79
Epoch [30/100] - [TRAIN] Loss: 0.4654, Accuracy: 80.49%, AUC: 0.80 - [VAL] Loss: 0.4924, Accuracy: 79.07%, AUC: 0.79
Epoch [40/100] - [TRAIN] Loss: 0.4611, Accuracy: 80.58%, AUC: 0.81 - [VAL] Loss: 0.4867, Accuracy: 79.07%, AUC: 0.79
Epoch [50/100] - [TRAIN] Loss: 0.4556, Accuracy: 80.99%, AUC: 0.81 - [VAL] Loss: 0.4783, Accuracy: 78.97%, AUC: 0.79
Epoch [60/100] - [TRAIN] Loss: 0.4507, Accuracy: 81.19%, AUC: 0.81 - [VAL] Loss: 0.4755, Accuracy: 79.00%, AUC: 0.79
Epoch [70/100] - [TRAIN] Loss: 0.4444, Accuracy: 81.09%, AUC: 0.81 - [VAL] Loss: 0.4714, Accuracy: 79.06%, AUC: 0.79
Epoch [80/100] - [TRAIN] Loss: 0.4445, Accuracy: 80.77%, AUC: 0.81 - [VAL] Loss: 0.4715, Accuracy: 79.18%, AUC: 0.79
Epoch [90/100] - [TRAIN] Loss: 0.4435, Accuracy: 81.45%, AUC: 0.81 - [VAL] Loss: 0.4703, Accuracy: 79.29%, AUC: 0.79
Epoch [100/100] - [TRAIN] Loss: 0.4411, Accuracy: 80.98%, AUC: 0.81 - [VAL] Loss: 0.4681, Accuracy: 79.44%, AUC: 0.79
Training finished!
Accuracy Score on test set: 80.68 %
AUC Score on test set: 0.81

Item: H3K4me1-H3K36me3-H3K9me3-H3K27me3-H3K4me3
Epoch [10/100] - [TRAIN] Loss: 0.5060, Accuracy: 79.23%, AUC: 0.79 - [VAL] Loss: 0.5046, Accuracy: 78.16%, AUC: 0.78
Epoch [20/100] - [TRAIN] Loss: 0.4736, Accuracy: 79.96%, AUC: 0.80 - [VAL] Loss: 0.5051, Accuracy: 78.49%, AUC: 0.78
Epoch [30/100] - [TRAIN] Loss: 0.4720, Accuracy: 80.70%, AUC: 0.81 - [VAL] Loss: 0.4904, Accuracy: 78.68%, AUC: 0.79
Epoch [40/100] - [TRAIN] Loss: 0.4612, Accuracy: 80.14%, AUC: 0.80 - [VAL] Loss: 0.4837, Accuracy: 78.81%, AUC: 0.79
Epoch [50/100] - [TRAIN] Loss: 0.4512, Accuracy: 80.61%, AUC: 0.81 - [VAL] Loss: 0.4769, Accuracy: 78.94%, AUC: 0.79
Epoch [60/100] - [TRAIN] Loss: 0.4530, Accuracy: 80.58%, AUC: 0.81 - [VAL] Loss: 0.4741, Accuracy: 79.00%, AUC: 0.79
Epoch [70/100] - [TRAIN] Loss: 0.4495, Accuracy: 80.40%, AUC: 0.80 - [VAL] Loss: 0.4740, Accuracy: 78.97%, AUC: 0.79
Epoch [80/100] - [TRAIN] Loss: 0.4462, Accuracy: 80.83%, AUC: 0.81 - [VAL] Loss: 0.4729, Accuracy: 79.09%, AUC: 0.79
Epoch [90/100] - [TRAIN] Loss: 0.4451, Accuracy: 81.04%, AUC: 0.81 - [VAL] Loss: 0.4710, Accuracy: 79.29%, AUC: 0.79
Epoch [100/100] - [TRAIN] Loss: 0.4472, Accuracy: 80.80%, AUC: 0.81 - [VAL] Loss: 0.4769, Accuracy: 78.42%, AUC: 0.78
Training finished!
Accuracy Score on test set: 80.68 %
AUC Score on test set: 0.81

Item: H3K4me1-H3K36me3-H3K27me3-H3K4me3-H3K9me3
Epoch [10/100] - [TRAIN] Loss: 0.5063, Accuracy: 79.52%, AUC: 0.80 - [VAL] Loss: 0.5255, Accuracy: 78.71%, AUC: 0.79
Epoch [20/100] - [TRAIN] Loss: 0.4786, Accuracy: 79.76%, AUC: 0.80 - [VAL] Loss: 0.5144, Accuracy: 78.40%, AUC: 0.78
Epoch [30/100] - [TRAIN] Loss: 0.4719, Accuracy: 80.31%, AUC: 0.80 - [VAL] Loss: 0.4961, Accuracy: 78.62%, AUC: 0.79
Epoch [40/100] - [TRAIN] Loss: 0.4605, Accuracy: 80.60%, AUC: 0.81 - [VAL] Loss: 0.4930, Accuracy: 78.68%, AUC: 0.79
Epoch [50/100] - [TRAIN] Loss: 0.4627, Accuracy: 80.80%, AUC: 0.81 - [VAL] Loss: 0.5232, Accuracy: 73.85%, AUC: 0.74
Epoch [60/100] - [TRAIN] Loss: 0.4504, Accuracy: 80.84%, AUC: 0.81 - [VAL] Loss: 0.4759, Accuracy: 78.83%, AUC: 0.79
Epoch [70/100] - [TRAIN] Loss: 0.4524, Accuracy: 81.18%, AUC: 0.81 - [VAL] Loss: 0.4747, Accuracy: 79.03%, AUC: 0.79
Epoch [80/100] - [TRAIN] Loss: 0.4428, Accuracy: 81.39%, AUC: 0.81 - [VAL] Loss: 0.4719, Accuracy: 79.09%, AUC: 0.79
Epoch [90/100] - [TRAIN] Loss: 0.4492, Accuracy: 80.99%, AUC: 0.81 - [VAL] Loss: 0.4691, Accuracy: 79.17%, AUC: 0.79
Epoch [100/100] - [TRAIN] Loss: 0.4423, Accuracy: 81.02%, AUC: 0.81 - [VAL] Loss: 0.4680, Accuracy: 79.24%, AUC: 0.79
Training finished!
Accuracy Score on test set: 80.45 %
AUC Score on test set: 0.80

Item: H3K4me1-H3K36me3-H3K27me3-H3K9me3-H3K4me3
Epoch [10/100] - [TRAIN] Loss: 0.5037, Accuracy: 79.67%, AUC: 0.80 - [VAL] Loss: 0.5307, Accuracy: 78.31%, AUC: 0.78
Epoch [20/100] - [TRAIN] Loss: 0.4811, Accuracy: 80.20%, AUC: 0.80 - [VAL] Loss: 0.5051, Accuracy: 78.81%, AUC: 0.79
Epoch [30/100] - [TRAIN] Loss: 0.4675, Accuracy: 80.17%, AUC: 0.80 - [VAL] Loss: 0.5005, Accuracy: 78.87%, AUC: 0.79
Epoch [40/100] - [TRAIN] Loss: 0.4600, Accuracy: 80.58%, AUC: 0.81 - [VAL] Loss: 0.4986, Accuracy: 78.95%, AUC: 0.79
Epoch [50/100] - [TRAIN] Loss: 0.4548, Accuracy: 80.78%, AUC: 0.81 - [VAL] Loss: 0.4850, Accuracy: 78.89%, AUC: 0.79
Epoch [60/100] - [TRAIN] Loss: 0.4510, Accuracy: 80.73%, AUC: 0.81 - [VAL] Loss: 0.4725, Accuracy: 78.89%, AUC: 0.79
Epoch [70/100] - [TRAIN] Loss: 0.4480, Accuracy: 80.84%, AUC: 0.81 - [VAL] Loss: 0.4759, Accuracy: 79.03%, AUC: 0.79
Epoch [80/100] - [TRAIN] Loss: 0.4442, Accuracy: 80.95%, AUC: 0.81 - [VAL] Loss: 0.4712, Accuracy: 79.12%, AUC: 0.79
Epoch [90/100] - [TRAIN] Loss: 0.4490, Accuracy: 81.07%, AUC: 0.81 - [VAL] Loss: 0.4694, Accuracy: 79.21%, AUC: 0.79
Epoch [100/100] - [TRAIN] Loss: 0.4474, Accuracy: 80.95%, AUC: 0.81 - [VAL] Loss: 0.4738, Accuracy: 79.23%, AUC: 0.79
Training finished!
Accuracy Score on test set: 80.71 %
AUC Score on test set: 0.81

Item: H3K4me1-H3K9me3-H3K4me3-H3K36me3-H3K27me3
Epoch [10/100] - [TRAIN] Loss: 0.5159, Accuracy: 79.41%, AUC: 0.79 - [VAL] Loss: 0.5241, Accuracy: 78.57%, AUC: 0.79
Epoch [20/100] - [TRAIN] Loss: 0.4820, Accuracy: 79.82%, AUC: 0.80 - [VAL] Loss: 0.5003, Accuracy: 78.92%, AUC: 0.79
Epoch [30/100] - [TRAIN] Loss: 0.4657, Accuracy: 80.20%, AUC: 0.80 - [VAL] Loss: 0.4906, Accuracy: 79.07%, AUC: 0.79
Epoch [40/100] - [TRAIN] Loss: 0.4586, Accuracy: 80.35%, AUC: 0.80 - [VAL] Loss: 0.4842, Accuracy: 78.94%, AUC: 0.79
Epoch [50/100] - [TRAIN] Loss: 0.4529, Accuracy: 80.51%, AUC: 0.81 - [VAL] Loss: 0.4780, Accuracy: 79.13%, AUC: 0.79
Epoch [60/100] - [TRAIN] Loss: 0.4510, Accuracy: 80.77%, AUC: 0.81 - [VAL] Loss: 0.4741, Accuracy: 79.29%, AUC: 0.79
Epoch [70/100] - [TRAIN] Loss: 0.4510, Accuracy: 80.58%, AUC: 0.81 - [VAL] Loss: 0.4804, Accuracy: 79.07%, AUC: 0.79
Epoch [80/100] - [TRAIN] Loss: 0.4453, Accuracy: 80.93%, AUC: 0.81 - [VAL] Loss: 0.4729, Accuracy: 79.38%, AUC: 0.79
Epoch [90/100] - [TRAIN] Loss: 0.4445, Accuracy: 80.58%, AUC: 0.81 - [VAL] Loss: 0.4695, Accuracy: 79.38%, AUC: 0.79
Epoch [100/100] - [TRAIN] Loss: 0.4416, Accuracy: 80.81%, AUC: 0.81 - [VAL] Loss: 0.4739, Accuracy: 79.23%, AUC: 0.79
Training finished!
Accuracy Score on test set: 80.82 %
AUC Score on test set: 0.81

Item: H3K4me1-H3K9me3-H3K4me3-H3K27me3-H3K36me3
Epoch [10/100] - [TRAIN] Loss: 0.5148, Accuracy: 79.41%, AUC: 0.79 - [VAL] Loss: 0.5470, Accuracy: 78.14%, AUC: 0.78
Epoch [20/100] - [TRAIN] Loss: 0.4801, Accuracy: 79.71%, AUC: 0.80 - [VAL] Loss: 0.5164, Accuracy: 78.51%, AUC: 0.79
Epoch [30/100] - [TRAIN] Loss: 0.4701, Accuracy: 80.40%, AUC: 0.80 - [VAL] Loss: 0.4809, Accuracy: 78.97%, AUC: 0.79
Epoch [40/100] - [TRAIN] Loss: 0.4587, Accuracy: 80.61%, AUC: 0.81 - [VAL] Loss: 0.4902, Accuracy: 78.83%, AUC: 0.79
Epoch [50/100] - [TRAIN] Loss: 0.4534, Accuracy: 80.35%, AUC: 0.80 - [VAL] Loss: 0.4897, Accuracy: 78.72%, AUC: 0.79
Epoch [60/100] - [TRAIN] Loss: 0.4495, Accuracy: 80.92%, AUC: 0.81 - [VAL] Loss: 0.4830, Accuracy: 78.81%, AUC: 0.79
Epoch [70/100] - [TRAIN] Loss: 0.4468, Accuracy: 80.98%, AUC: 0.81 - [VAL] Loss: 0.4776, Accuracy: 78.97%, AUC: 0.79
Epoch [80/100] - [TRAIN] Loss: 0.4426, Accuracy: 80.98%, AUC: 0.81 - [VAL] Loss: 0.4746, Accuracy: 79.06%, AUC: 0.79
Epoch [90/100] - [TRAIN] Loss: 0.4406, Accuracy: 81.13%, AUC: 0.81 - [VAL] Loss: 0.4803, Accuracy: 78.97%, AUC: 0.79
Epoch [100/100] - [TRAIN] Loss: 0.4400, Accuracy: 81.22%, AUC: 0.81 - [VAL] Loss: 0.4689, Accuracy: 79.27%, AUC: 0.79
Training finished!
Accuracy Score on test set: 80.76 %
AUC Score on test set: 0.81

Item: H3K4me1-H3K9me3-H3K36me3-H3K4me3-H3K27me3
Epoch [10/100] - [TRAIN] Loss: 0.5023, Accuracy: 79.76%, AUC: 0.80 - [VAL] Loss: 0.5304, Accuracy: 78.45%, AUC: 0.78
Epoch [20/100] - [TRAIN] Loss: 0.4813, Accuracy: 79.82%, AUC: 0.80 - [VAL] Loss: 0.5134, Accuracy: 78.46%, AUC: 0.78
Epoch [30/100] - [TRAIN] Loss: 0.4762, Accuracy: 80.49%, AUC: 0.80 - [VAL] Loss: 0.4951, Accuracy: 78.71%, AUC: 0.79
Epoch [40/100] - [TRAIN] Loss: 0.4586, Accuracy: 80.63%, AUC: 0.81 - [VAL] Loss: 0.4829, Accuracy: 79.18%, AUC: 0.79
Epoch [50/100] - [TRAIN] Loss: 0.4589, Accuracy: 80.84%, AUC: 0.81 - [VAL] Loss: 0.4933, Accuracy: 78.78%, AUC: 0.79
Epoch [60/100] - [TRAIN] Loss: 0.4498, Accuracy: 81.05%, AUC: 0.81 - [VAL] Loss: 0.4780, Accuracy: 79.12%, AUC: 0.79
Epoch [70/100] - [TRAIN] Loss: 0.4467, Accuracy: 81.02%, AUC: 0.81 - [VAL] Loss: 0.4848, Accuracy: 79.06%, AUC: 0.79
Epoch [80/100] - [TRAIN] Loss: 0.4441, Accuracy: 81.30%, AUC: 0.81 - [VAL] Loss: 0.4757, Accuracy: 79.07%, AUC: 0.79
Epoch [90/100] - [TRAIN] Loss: 0.4438, Accuracy: 80.89%, AUC: 0.81 - [VAL] Loss: 0.4696, Accuracy: 79.13%, AUC: 0.79
Epoch [100/100] - [TRAIN] Loss: 0.4407, Accuracy: 81.21%, AUC: 0.81 - [VAL] Loss: 0.4702, Accuracy: 79.39%, AUC: 0.79
Training finished!
Accuracy Score on test set: 80.66 %
AUC Score on test set: 0.81

Item: H3K4me1-H3K9me3-H3K36me3-H3K27me3-H3K4me3
Epoch [10/100] - [TRAIN] Loss: 0.5099, Accuracy: 79.80%, AUC: 0.80 - [VAL] Loss: 0.5297, Accuracy: 78.52%, AUC: 0.79
Epoch [20/100] - [TRAIN] Loss: 0.4789, Accuracy: 80.19%, AUC: 0.80 - [VAL] Loss: 0.5132, Accuracy: 78.43%, AUC: 0.78
Epoch [30/100] - [TRAIN] Loss: 0.4641, Accuracy: 80.92%, AUC: 0.81 - [VAL] Loss: 0.4922, Accuracy: 78.92%, AUC: 0.79
Epoch [40/100] - [TRAIN] Loss: 0.4656, Accuracy: 80.32%, AUC: 0.80 - [VAL] Loss: 0.4789, Accuracy: 79.27%, AUC: 0.79
Epoch [50/100] - [TRAIN] Loss: 0.4501, Accuracy: 80.78%, AUC: 0.81 - [VAL] Loss: 0.4799, Accuracy: 78.75%, AUC: 0.79
Epoch [60/100] - [TRAIN] Loss: 0.4493, Accuracy: 80.96%, AUC: 0.81 - [VAL] Loss: 0.4790, Accuracy: 78.66%, AUC: 0.79
Epoch [70/100] - [TRAIN] Loss: 0.4500, Accuracy: 80.69%, AUC: 0.81 - [VAL] Loss: 0.4811, Accuracy: 78.83%, AUC: 0.79
Epoch [80/100] - [TRAIN] Loss: 0.4481, Accuracy: 80.95%, AUC: 0.81 - [VAL] Loss: 0.4957, Accuracy: 78.58%, AUC: 0.79
Epoch [90/100] - [TRAIN] Loss: 0.4463, Accuracy: 80.72%, AUC: 0.81 - [VAL] Loss: 0.4884, Accuracy: 78.60%, AUC: 0.79
Epoch [100/100] - [TRAIN] Loss: 0.4385, Accuracy: 81.47%, AUC: 0.81 - [VAL] Loss: 0.4759, Accuracy: 79.06%, AUC: 0.79
Training finished!
Accuracy Score on test set: 80.31 %
AUC Score on test set: 0.80

Item: H3K4me1-H3K9me3-H3K27me3-H3K4me3-H3K36me3
Epoch [10/100] - [TRAIN] Loss: 0.5157, Accuracy: 79.26%, AUC: 0.79 - [VAL] Loss: 0.5228, Accuracy: 78.83%, AUC: 0.79
Epoch [20/100] - [TRAIN] Loss: 0.4824, Accuracy: 79.99%, AUC: 0.80 - [VAL] Loss: 0.5110, Accuracy: 78.65%, AUC: 0.79
Epoch [30/100] - [TRAIN] Loss: 0.4714, Accuracy: 80.20%, AUC: 0.80 - [VAL] Loss: 0.4863, Accuracy: 79.01%, AUC: 0.79
Epoch [40/100] - [TRAIN] Loss: 0.4582, Accuracy: 80.35%, AUC: 0.80 - [VAL] Loss: 0.4972, Accuracy: 78.69%, AUC: 0.79
Epoch [50/100] - [TRAIN] Loss: 0.4603, Accuracy: 80.57%, AUC: 0.81 - [VAL] Loss: 0.4808, Accuracy: 78.97%, AUC: 0.79
Epoch [60/100] - [TRAIN] Loss: 0.4548, Accuracy: 80.61%, AUC: 0.81 - [VAL] Loss: 0.4872, Accuracy: 78.69%, AUC: 0.79
Epoch [70/100] - [TRAIN] Loss: 0.4465, Accuracy: 81.33%, AUC: 0.81 - [VAL] Loss: 0.4744, Accuracy: 79.07%, AUC: 0.79
Epoch [80/100] - [TRAIN] Loss: 0.4468, Accuracy: 80.70%, AUC: 0.81 - [VAL] Loss: 0.4761, Accuracy: 79.00%, AUC: 0.79
Epoch [90/100] - [TRAIN] Loss: 0.4426, Accuracy: 81.22%, AUC: 0.81 - [VAL] Loss: 0.4716, Accuracy: 79.21%, AUC: 0.79
Epoch [100/100] - [TRAIN] Loss: 0.4423, Accuracy: 80.78%, AUC: 0.81 - [VAL] Loss: 0.4700, Accuracy: 79.18%, AUC: 0.79
Training finished!
Accuracy Score on test set: 80.51 %
AUC Score on test set: 0.81

Item: H3K4me1-H3K9me3-H3K27me3-H3K36me3-H3K4me3
Epoch [10/100] - [TRAIN] Loss: 0.5101, Accuracy: 79.52%, AUC: 0.80 - [VAL] Loss: 0.5300, Accuracy: 78.48%, AUC: 0.78
Epoch [20/100] - [TRAIN] Loss: 0.4826, Accuracy: 79.76%, AUC: 0.80 - [VAL] Loss: 0.5237, Accuracy: 78.34%, AUC: 0.78
Epoch [30/100] - [TRAIN] Loss: 0.4706, Accuracy: 80.35%, AUC: 0.80 - [VAL] Loss: 0.4990, Accuracy: 78.57%, AUC: 0.79
Epoch [40/100] - [TRAIN] Loss: 0.4615, Accuracy: 80.78%, AUC: 0.81 - [VAL] Loss: 0.4820, Accuracy: 78.97%, AUC: 0.79
Epoch [50/100] - [TRAIN] Loss: 0.4530, Accuracy: 80.57%, AUC: 0.81 - [VAL] Loss: 0.4767, Accuracy: 78.97%, AUC: 0.79
Epoch [60/100] - [TRAIN] Loss: 0.4532, Accuracy: 80.48%, AUC: 0.80 - [VAL] Loss: 0.4753, Accuracy: 79.01%, AUC: 0.79
Epoch [70/100] - [TRAIN] Loss: 0.4435, Accuracy: 80.67%, AUC: 0.81 - [VAL] Loss: 0.4777, Accuracy: 78.89%, AUC: 0.79
Epoch [80/100] - [TRAIN] Loss: 0.4463, Accuracy: 80.93%, AUC: 0.81 - [VAL] Loss: 0.4725, Accuracy: 79.23%, AUC: 0.79
Epoch [90/100] - [TRAIN] Loss: 0.4421, Accuracy: 81.19%, AUC: 0.81 - [VAL] Loss: 0.4695, Accuracy: 79.36%, AUC: 0.79
Epoch [100/100] - [TRAIN] Loss: 0.4377, Accuracy: 81.56%, AUC: 0.82 - [VAL] Loss: 0.4680, Accuracy: 79.33%, AUC: 0.79
Training finished!
Accuracy Score on test set: 80.68 %
AUC Score on test set: 0.81

Item: H3K4me1-H3K27me3-H3K4me3-H3K36me3-H3K9me3
Epoch [10/100] - [TRAIN] Loss: 0.5120, Accuracy: 79.36%, AUC: 0.79 - [VAL] Loss: 0.5281, Accuracy: 78.40%, AUC: 0.78
Epoch [20/100] - [TRAIN] Loss: 0.4779, Accuracy: 79.82%, AUC: 0.80 - [VAL] Loss: 0.5009, Accuracy: 78.83%, AUC: 0.79
Epoch [30/100] - [TRAIN] Loss: 0.4701, Accuracy: 80.22%, AUC: 0.80 - [VAL] Loss: 0.5089, Accuracy: 78.57%, AUC: 0.79
Epoch [40/100] - [TRAIN] Loss: 0.4639, Accuracy: 80.35%, AUC: 0.80 - [VAL] Loss: 0.4930, Accuracy: 78.84%, AUC: 0.79
Epoch [50/100] - [TRAIN] Loss: 0.4548, Accuracy: 80.61%, AUC: 0.81 - [VAL] Loss: 0.4857, Accuracy: 78.92%, AUC: 0.79
Epoch [60/100] - [TRAIN] Loss: 0.4477, Accuracy: 80.83%, AUC: 0.81 - [VAL] Loss: 0.4844, Accuracy: 78.86%, AUC: 0.79
Epoch [70/100] - [TRAIN] Loss: 0.4486, Accuracy: 80.90%, AUC: 0.81 - [VAL] Loss: 0.4780, Accuracy: 79.10%, AUC: 0.79
Epoch [80/100] - [TRAIN] Loss: 0.4484, Accuracy: 81.04%, AUC: 0.81 - [VAL] Loss: 0.4753, Accuracy: 79.13%, AUC: 0.79
Epoch [90/100] - [TRAIN] Loss: 0.4457, Accuracy: 81.15%, AUC: 0.81 - [VAL] Loss: 0.4766, Accuracy: 79.17%, AUC: 0.79
Epoch [100/100] - [TRAIN] Loss: 0.4428, Accuracy: 81.12%, AUC: 0.81 - [VAL] Loss: 0.4719, Accuracy: 79.27%, AUC: 0.79
Training finished!
Accuracy Score on test set: 80.72 %
AUC Score on test set: 0.81

Item: H3K4me1-H3K27me3-H3K4me3-H3K9me3-H3K36me3
Epoch [10/100] - [TRAIN] Loss: 0.5059, Accuracy: 79.87%, AUC: 0.80 - [VAL] Loss: 0.5093, Accuracy: 78.92%, AUC: 0.79
Epoch [20/100] - [TRAIN] Loss: 0.4785, Accuracy: 79.67%, AUC: 0.80 - [VAL] Loss: 0.4924, Accuracy: 78.86%, AUC: 0.79
Epoch [30/100] - [TRAIN] Loss: 0.4647, Accuracy: 80.67%, AUC: 0.81 - [VAL] Loss: 0.4929, Accuracy: 78.89%, AUC: 0.79
Epoch [40/100] - [TRAIN] Loss: 0.4612, Accuracy: 80.32%, AUC: 0.80 - [VAL] Loss: 0.4780, Accuracy: 79.04%, AUC: 0.79
Epoch [50/100] - [TRAIN] Loss: 0.4555, Accuracy: 80.55%, AUC: 0.81 - [VAL] Loss: 0.4819, Accuracy: 78.80%, AUC: 0.79
Epoch [60/100] - [TRAIN] Loss: 0.4529, Accuracy: 80.84%, AUC: 0.81 - [VAL] Loss: 0.4726, Accuracy: 78.95%, AUC: 0.79
Epoch [70/100] - [TRAIN] Loss: 0.4467, Accuracy: 80.55%, AUC: 0.81 - [VAL] Loss: 0.4714, Accuracy: 78.95%, AUC: 0.79
Epoch [80/100] - [TRAIN] Loss: 0.4450, Accuracy: 80.81%, AUC: 0.81 - [VAL] Loss: 0.4788, Accuracy: 78.98%, AUC: 0.79
Epoch [90/100] - [TRAIN] Loss: 0.4454, Accuracy: 81.10%, AUC: 0.81 - [VAL] Loss: 0.4695, Accuracy: 79.06%, AUC: 0.79
Epoch [100/100] - [TRAIN] Loss: 0.4533, Accuracy: 80.93%, AUC: 0.81 - [VAL] Loss: 0.4672, Accuracy: 79.17%, AUC: 0.79
Training finished!
Accuracy Score on test set: 80.71 %
AUC Score on test set: 0.81

Item: H3K4me1-H3K27me3-H3K36me3-H3K4me3-H3K9me3
Epoch [10/100] - [TRAIN] Loss: 0.5205, Accuracy: 79.12%, AUC: 0.79 - [VAL] Loss: 0.5429, Accuracy: 78.40%, AUC: 0.78
Epoch [20/100] - [TRAIN] Loss: 0.4835, Accuracy: 79.59%, AUC: 0.80 - [VAL] Loss: 0.5092, Accuracy: 78.65%, AUC: 0.79
Epoch [30/100] - [TRAIN] Loss: 0.4734, Accuracy: 79.97%, AUC: 0.80 - [VAL] Loss: 0.4898, Accuracy: 78.84%, AUC: 0.79
Epoch [40/100] - [TRAIN] Loss: 0.4644, Accuracy: 80.05%, AUC: 0.80 - [VAL] Loss: 0.4896, Accuracy: 78.84%, AUC: 0.79
Epoch [50/100] - [TRAIN] Loss: 0.4651, Accuracy: 80.73%, AUC: 0.81 - [VAL] Loss: 0.5227, Accuracy: 74.20%, AUC: 0.74
Epoch [60/100] - [TRAIN] Loss: 0.4525, Accuracy: 80.98%, AUC: 0.81 - [VAL] Loss: 0.4807, Accuracy: 79.07%, AUC: 0.79
Epoch [70/100] - [TRAIN] Loss: 0.4479, Accuracy: 80.90%, AUC: 0.81 - [VAL] Loss: 0.4775, Accuracy: 79.09%, AUC: 0.79
Epoch [80/100] - [TRAIN] Loss: 0.4526, Accuracy: 80.84%, AUC: 0.81 - [VAL] Loss: 0.4810, Accuracy: 78.92%, AUC: 0.79
Epoch [90/100] - [TRAIN] Loss: 0.4507, Accuracy: 81.18%, AUC: 0.81 - [VAL] Loss: 0.4881, Accuracy: 77.27%, AUC: 0.77
Epoch [100/100] - [TRAIN] Loss: 0.4443, Accuracy: 80.73%, AUC: 0.81 - [VAL] Loss: 0.4714, Accuracy: 79.21%, AUC: 0.79
Training finished!
Accuracy Score on test set: 80.45 %
AUC Score on test set: 0.80

Saving the final results
Batch FINISHED!!!

Real-time duration: 5854.484392553 seconds
