Using cpu device
Loading the data ...
Item: H3K4me3
Epoch [10/100] - [TRAIN] Loss: 0.5399, Accuracy: 77.75%, AUC: 0.78 - [VAL] Loss: 0.5414, Accuracy: 77.62%, AUC: 0.78
Epoch [20/100] - [TRAIN] Loss: 0.5102, Accuracy: 78.84%, AUC: 0.79 - [VAL] Loss: 0.5180, Accuracy: 78.02%, AUC: 0.78
Epoch [30/100] - [TRAIN] Loss: 0.4991, Accuracy: 78.65%, AUC: 0.79 - [VAL] Loss: 0.5110, Accuracy: 77.51%, AUC: 0.78
Epoch [40/100] - [TRAIN] Loss: 0.4946, Accuracy: 78.84%, AUC: 0.79 - [VAL] Loss: 0.5072, Accuracy: 77.51%, AUC: 0.78
Epoch [50/100] - [TRAIN] Loss: 0.4897, Accuracy: 79.07%, AUC: 0.79 - [VAL] Loss: 0.5058, Accuracy: 77.61%, AUC: 0.78
Epoch [60/100] - [TRAIN] Loss: 0.4897, Accuracy: 78.60%, AUC: 0.79 - [VAL] Loss: 0.5088, Accuracy: 77.44%, AUC: 0.77
Epoch [70/100] - [TRAIN] Loss: 0.4905, Accuracy: 79.01%, AUC: 0.79 - [VAL] Loss: 0.5128, Accuracy: 77.15%, AUC: 0.77
Epoch [80/100] - [TRAIN] Loss: 0.4847, Accuracy: 79.65%, AUC: 0.80 - [VAL] Loss: 0.5106, Accuracy: 77.13%, AUC: 0.77
Epoch [90/100] - [TRAIN] Loss: 0.4897, Accuracy: 79.07%, AUC: 0.79 - [VAL] Loss: 0.5091, Accuracy: 77.25%, AUC: 0.77
Epoch [100/100] - [TRAIN] Loss: 0.4890, Accuracy: 79.04%, AUC: 0.79 - [VAL] Loss: 0.5083, Accuracy: 77.18%, AUC: 0.77
Training finished!
Accuracy Score on test set: 78.91 %
AUC Score on test set: 0.79

Item: H3K4me1
Epoch [10/100] - [TRAIN] Loss: 0.5782, Accuracy: 74.58%, AUC: 0.75 - [VAL] Loss: 0.5966, Accuracy: 73.46%, AUC: 0.73
Epoch [20/100] - [TRAIN] Loss: 0.5529, Accuracy: 75.23%, AUC: 0.75 - [VAL] Loss: 0.5702, Accuracy: 74.14%, AUC: 0.74
Epoch [30/100] - [TRAIN] Loss: 0.5377, Accuracy: 75.78%, AUC: 0.76 - [VAL] Loss: 0.5672, Accuracy: 74.15%, AUC: 0.74
Epoch [40/100] - [TRAIN] Loss: 0.5256, Accuracy: 75.52%, AUC: 0.76 - [VAL] Loss: 0.5547, Accuracy: 74.34%, AUC: 0.74
Epoch [50/100] - [TRAIN] Loss: 0.5309, Accuracy: 75.96%, AUC: 0.76 - [VAL] Loss: 0.5445, Accuracy: 74.50%, AUC: 0.75
Epoch [60/100] - [TRAIN] Loss: 0.5223, Accuracy: 76.16%, AUC: 0.76 - [VAL] Loss: 0.5493, Accuracy: 74.24%, AUC: 0.74
Epoch [70/100] - [TRAIN] Loss: 0.5130, Accuracy: 76.16%, AUC: 0.76 - [VAL] Loss: 0.5410, Accuracy: 74.63%, AUC: 0.75
Epoch [80/100] - [TRAIN] Loss: 0.5179, Accuracy: 76.60%, AUC: 0.77 - [VAL] Loss: 0.5483, Accuracy: 74.09%, AUC: 0.74
Epoch [90/100] - [TRAIN] Loss: 0.5157, Accuracy: 76.31%, AUC: 0.76 - [VAL] Loss: 0.5383, Accuracy: 74.52%, AUC: 0.75
Epoch [100/100] - [TRAIN] Loss: 0.5121, Accuracy: 77.03%, AUC: 0.77 - [VAL] Loss: 0.5383, Accuracy: 74.66%, AUC: 0.75
Training finished!
Accuracy Score on test set: 75.85 %
AUC Score on test set: 0.76

Item: H3K36me3
Epoch [10/100] - [TRAIN] Loss: 0.6349, Accuracy: 68.19%, AUC: 0.68 - [VAL] Loss: 0.6374, Accuracy: 67.04%, AUC: 0.67
Epoch [20/100] - [TRAIN] Loss: 0.6253, Accuracy: 67.66%, AUC: 0.68 - [VAL] Loss: 0.6301, Accuracy: 66.69%, AUC: 0.67
Epoch [30/100] - [TRAIN] Loss: 0.6249, Accuracy: 68.11%, AUC: 0.68 - [VAL] Loss: 0.6279, Accuracy: 66.74%, AUC: 0.67
Epoch [40/100] - [TRAIN] Loss: 0.6213, Accuracy: 68.18%, AUC: 0.68 - [VAL] Loss: 0.6264, Accuracy: 66.86%, AUC: 0.67
Epoch [50/100] - [TRAIN] Loss: 0.6179, Accuracy: 68.24%, AUC: 0.68 - [VAL] Loss: 0.6282, Accuracy: 66.91%, AUC: 0.67
Epoch [60/100] - [TRAIN] Loss: 0.6135, Accuracy: 68.72%, AUC: 0.69 - [VAL] Loss: 0.6275, Accuracy: 67.27%, AUC: 0.67
Epoch [70/100] - [TRAIN] Loss: 0.6139, Accuracy: 68.72%, AUC: 0.69 - [VAL] Loss: 0.6279, Accuracy: 67.46%, AUC: 0.67
Epoch [80/100] - [TRAIN] Loss: 0.6143, Accuracy: 68.80%, AUC: 0.69 - [VAL] Loss: 0.6305, Accuracy: 67.32%, AUC: 0.67
Epoch [90/100] - [TRAIN] Loss: 0.6118, Accuracy: 68.91%, AUC: 0.69 - [VAL] Loss: 0.6279, Accuracy: 67.53%, AUC: 0.68
Epoch [100/100] - [TRAIN] Loss: 0.6110, Accuracy: 69.09%, AUC: 0.69 - [VAL] Loss: 0.6329, Accuracy: 67.15%, AUC: 0.67
Training finished!
Accuracy Score on test set: 69.40 %
AUC Score on test set: 0.69

Item: H3K9me3
Epoch [10/100] - [TRAIN] Loss: 0.6764, Accuracy: 58.83%, AUC: 0.59 - [VAL] Loss: 0.6789, Accuracy: 58.71%, AUC: 0.59
Epoch [20/100] - [TRAIN] Loss: 0.6748, Accuracy: 58.82%, AUC: 0.59 - [VAL] Loss: 0.6767, Accuracy: 58.64%, AUC: 0.59
Epoch [30/100] - [TRAIN] Loss: 0.6738, Accuracy: 58.79%, AUC: 0.59 - [VAL] Loss: 0.6750, Accuracy: 58.62%, AUC: 0.59
Epoch [40/100] - [TRAIN] Loss: 0.6717, Accuracy: 58.82%, AUC: 0.59 - [VAL] Loss: 0.6735, Accuracy: 58.62%, AUC: 0.59
Epoch [50/100] - [TRAIN] Loss: 0.6700, Accuracy: 58.79%, AUC: 0.59 - [VAL] Loss: 0.6723, Accuracy: 58.68%, AUC: 0.59
Epoch [60/100] - [TRAIN] Loss: 0.6688, Accuracy: 58.82%, AUC: 0.59 - [VAL] Loss: 0.6712, Accuracy: 58.74%, AUC: 0.59
Epoch [70/100] - [TRAIN] Loss: 0.6668, Accuracy: 58.77%, AUC: 0.59 - [VAL] Loss: 0.6714, Accuracy: 58.68%, AUC: 0.59
Epoch [80/100] - [TRAIN] Loss: 0.6653, Accuracy: 58.76%, AUC: 0.59 - [VAL] Loss: 0.6717, Accuracy: 58.48%, AUC: 0.58
Epoch [90/100] - [TRAIN] Loss: 0.6656, Accuracy: 58.82%, AUC: 0.59 - [VAL] Loss: 0.6721, Accuracy: 58.42%, AUC: 0.58
Epoch [100/100] - [TRAIN] Loss: 0.6637, Accuracy: 58.80%, AUC: 0.59 - [VAL] Loss: 0.6722, Accuracy: 58.42%, AUC: 0.58
Training finished!
Accuracy Score on test set: 59.49 %
AUC Score on test set: 0.59

Item: H3K27me3
Epoch [10/100] - [TRAIN] Loss: 0.6343, Accuracy: 65.34%, AUC: 0.65 - [VAL] Loss: 0.6330, Accuracy: 64.35%, AUC: 0.64
Epoch [20/100] - [TRAIN] Loss: 0.6254, Accuracy: 65.29%, AUC: 0.65 - [VAL] Loss: 0.6267, Accuracy: 64.19%, AUC: 0.64
Epoch [30/100] - [TRAIN] Loss: 0.6221, Accuracy: 65.31%, AUC: 0.65 - [VAL] Loss: 0.6259, Accuracy: 64.09%, AUC: 0.64
Epoch [40/100] - [TRAIN] Loss: 0.6238, Accuracy: 65.28%, AUC: 0.65 - [VAL] Loss: 0.6257, Accuracy: 64.06%, AUC: 0.64
Epoch [50/100] - [TRAIN] Loss: 0.6226, Accuracy: 65.25%, AUC: 0.65 - [VAL] Loss: 0.6260, Accuracy: 64.00%, AUC: 0.64
Epoch [60/100] - [TRAIN] Loss: 0.6214, Accuracy: 65.33%, AUC: 0.65 - [VAL] Loss: 0.6260, Accuracy: 64.03%, AUC: 0.64
Epoch [70/100] - [TRAIN] Loss: 0.6187, Accuracy: 65.31%, AUC: 0.65 - [VAL] Loss: 0.6262, Accuracy: 64.08%, AUC: 0.64
Epoch [80/100] - [TRAIN] Loss: 0.6189, Accuracy: 65.34%, AUC: 0.65 - [VAL] Loss: 0.6275, Accuracy: 63.99%, AUC: 0.64
Epoch [90/100] - [TRAIN] Loss: 0.6164, Accuracy: 65.34%, AUC: 0.65 - [VAL] Loss: 0.6273, Accuracy: 64.05%, AUC: 0.64
Epoch [100/100] - [TRAIN] Loss: 0.6184, Accuracy: 65.33%, AUC: 0.65 - [VAL] Loss: 0.6286, Accuracy: 64.05%, AUC: 0.64
Training finished!
Accuracy Score on test set: 65.00 %
AUC Score on test set: 0.65

Item: H3K4me3-H3K4me1
Epoch [10/100] - [TRAIN] Loss: 0.5198, Accuracy: 78.97%, AUC: 0.79 - [VAL] Loss: 0.5400, Accuracy: 77.96%, AUC: 0.78
Epoch [20/100] - [TRAIN] Loss: 0.4930, Accuracy: 79.56%, AUC: 0.80 - [VAL] Loss: 0.5133, Accuracy: 78.26%, AUC: 0.78
Epoch [30/100] - [TRAIN] Loss: 0.4847, Accuracy: 79.58%, AUC: 0.80 - [VAL] Loss: 0.4987, Accuracy: 78.16%, AUC: 0.78
Epoch [40/100] - [TRAIN] Loss: 0.4722, Accuracy: 79.70%, AUC: 0.80 - [VAL] Loss: 0.4970, Accuracy: 78.23%, AUC: 0.78
Epoch [50/100] - [TRAIN] Loss: 0.4669, Accuracy: 79.97%, AUC: 0.80 - [VAL] Loss: 0.4915, Accuracy: 78.39%, AUC: 0.78
Epoch [60/100] - [TRAIN] Loss: 0.4663, Accuracy: 79.87%, AUC: 0.80 - [VAL] Loss: 0.4883, Accuracy: 78.42%, AUC: 0.78
Epoch [70/100] - [TRAIN] Loss: 0.4650, Accuracy: 80.00%, AUC: 0.80 - [VAL] Loss: 0.4886, Accuracy: 78.36%, AUC: 0.78
Epoch [80/100] - [TRAIN] Loss: 0.4605, Accuracy: 80.29%, AUC: 0.80 - [VAL] Loss: 0.4861, Accuracy: 78.52%, AUC: 0.79
Epoch [90/100] - [TRAIN] Loss: 0.4585, Accuracy: 80.48%, AUC: 0.80 - [VAL] Loss: 0.4852, Accuracy: 78.54%, AUC: 0.79
Epoch [100/100] - [TRAIN] Loss: 0.4656, Accuracy: 80.31%, AUC: 0.80 - [VAL] Loss: 0.4916, Accuracy: 77.74%, AUC: 0.78
Training finished!
Accuracy Score on test set: 79.78 %
AUC Score on test set: 0.80

Item: H3K4me1-H3K4me3
Epoch [10/100] - [TRAIN] Loss: 0.5277, Accuracy: 78.57%, AUC: 0.79 - [VAL] Loss: 0.5484, Accuracy: 78.03%, AUC: 0.78
Epoch [20/100] - [TRAIN] Loss: 0.5004, Accuracy: 79.53%, AUC: 0.80 - [VAL] Loss: 0.5166, Accuracy: 78.19%, AUC: 0.78
Epoch [30/100] - [TRAIN] Loss: 0.4864, Accuracy: 79.36%, AUC: 0.79 - [VAL] Loss: 0.5022, Accuracy: 78.22%, AUC: 0.78
Epoch [40/100] - [TRAIN] Loss: 0.4777, Accuracy: 79.38%, AUC: 0.79 - [VAL] Loss: 0.5022, Accuracy: 78.11%, AUC: 0.78
Epoch [50/100] - [TRAIN] Loss: 0.4830, Accuracy: 79.93%, AUC: 0.80 - [VAL] Loss: 0.4948, Accuracy: 78.02%, AUC: 0.78
Epoch [60/100] - [TRAIN] Loss: 0.4690, Accuracy: 80.09%, AUC: 0.80 - [VAL] Loss: 0.4929, Accuracy: 78.22%, AUC: 0.78
Epoch [70/100] - [TRAIN] Loss: 0.4624, Accuracy: 79.93%, AUC: 0.80 - [VAL] Loss: 0.4915, Accuracy: 78.29%, AUC: 0.78
Epoch [80/100] - [TRAIN] Loss: 0.4680, Accuracy: 80.06%, AUC: 0.80 - [VAL] Loss: 0.4986, Accuracy: 77.39%, AUC: 0.77
Epoch [90/100] - [TRAIN] Loss: 0.4587, Accuracy: 80.38%, AUC: 0.80 - [VAL] Loss: 0.4874, Accuracy: 78.49%, AUC: 0.78
Epoch [100/100] - [TRAIN] Loss: 0.4573, Accuracy: 80.49%, AUC: 0.80 - [VAL] Loss: 0.4867, Accuracy: 78.55%, AUC: 0.79
Training finished!
Accuracy Score on test set: 79.73 %
AUC Score on test set: 0.80

Item: H3K4me3-H3K36me3
Epoch [10/100] - [TRAIN] Loss: 0.5389, Accuracy: 78.68%, AUC: 0.79 - [VAL] Loss: 0.5485, Accuracy: 77.94%, AUC: 0.78
Epoch [20/100] - [TRAIN] Loss: 0.5148, Accuracy: 78.81%, AUC: 0.79 - [VAL] Loss: 0.5254, Accuracy: 78.19%, AUC: 0.78
Epoch [30/100] - [TRAIN] Loss: 0.5020, Accuracy: 78.98%, AUC: 0.79 - [VAL] Loss: 0.5126, Accuracy: 77.90%, AUC: 0.78
Epoch [40/100] - [TRAIN] Loss: 0.4930, Accuracy: 78.94%, AUC: 0.79 - [VAL] Loss: 0.5106, Accuracy: 78.16%, AUC: 0.78
Epoch [50/100] - [TRAIN] Loss: 0.4831, Accuracy: 79.53%, AUC: 0.80 - [VAL] Loss: 0.5050, Accuracy: 77.99%, AUC: 0.78
Epoch [60/100] - [TRAIN] Loss: 0.4821, Accuracy: 79.41%, AUC: 0.79 - [VAL] Loss: 0.5031, Accuracy: 78.19%, AUC: 0.78
Epoch [70/100] - [TRAIN] Loss: 0.4798, Accuracy: 79.48%, AUC: 0.79 - [VAL] Loss: 0.5014, Accuracy: 77.84%, AUC: 0.78
Epoch [80/100] - [TRAIN] Loss: 0.4791, Accuracy: 79.36%, AUC: 0.79 - [VAL] Loss: 0.5003, Accuracy: 77.94%, AUC: 0.78
Epoch [90/100] - [TRAIN] Loss: 0.4793, Accuracy: 79.77%, AUC: 0.80 - [VAL] Loss: 0.4992, Accuracy: 78.03%, AUC: 0.78
Epoch [100/100] - [TRAIN] Loss: 0.4755, Accuracy: 79.99%, AUC: 0.80 - [VAL] Loss: 0.4984, Accuracy: 78.06%, AUC: 0.78
Training finished!
Accuracy Score on test set: 79.21 %
AUC Score on test set: 0.79

Item: H3K36me3-H3K4me3
Epoch [10/100] - [TRAIN] Loss: 0.5349, Accuracy: 79.12%, AUC: 0.79 - [VAL] Loss: 0.5429, Accuracy: 77.97%, AUC: 0.78
Epoch [20/100] - [TRAIN] Loss: 0.5082, Accuracy: 78.98%, AUC: 0.79 - [VAL] Loss: 0.5203, Accuracy: 78.39%, AUC: 0.78
Epoch [30/100] - [TRAIN] Loss: 0.4953, Accuracy: 79.33%, AUC: 0.79 - [VAL] Loss: 0.5082, Accuracy: 78.17%, AUC: 0.78
Epoch [40/100] - [TRAIN] Loss: 0.4852, Accuracy: 79.04%, AUC: 0.79 - [VAL] Loss: 0.5031, Accuracy: 77.97%, AUC: 0.78
Epoch [50/100] - [TRAIN] Loss: 0.4942, Accuracy: 79.52%, AUC: 0.80 - [VAL] Loss: 0.5203, Accuracy: 75.66%, AUC: 0.76
Epoch [60/100] - [TRAIN] Loss: 0.4811, Accuracy: 79.30%, AUC: 0.79 - [VAL] Loss: 0.5001, Accuracy: 77.85%, AUC: 0.78
Epoch [70/100] - [TRAIN] Loss: 0.4786, Accuracy: 79.64%, AUC: 0.80 - [VAL] Loss: 0.4998, Accuracy: 77.91%, AUC: 0.78
Epoch [80/100] - [TRAIN] Loss: 0.4730, Accuracy: 79.73%, AUC: 0.80 - [VAL] Loss: 0.5019, Accuracy: 77.29%, AUC: 0.77
Epoch [90/100] - [TRAIN] Loss: 0.4769, Accuracy: 79.84%, AUC: 0.80 - [VAL] Loss: 0.5012, Accuracy: 77.29%, AUC: 0.77
Epoch [100/100] - [TRAIN] Loss: 0.4718, Accuracy: 79.87%, AUC: 0.80 - [VAL] Loss: 0.4966, Accuracy: 78.11%, AUC: 0.78
Training finished!
Accuracy Score on test set: 79.24 %
AUC Score on test set: 0.79

Item: H3K4me3-H3K9me3
Epoch [10/100] - [TRAIN] Loss: 0.5402, Accuracy: 78.83%, AUC: 0.79 - [VAL] Loss: 0.5463, Accuracy: 77.91%, AUC: 0.78
Epoch [20/100] - [TRAIN] Loss: 0.5115, Accuracy: 79.01%, AUC: 0.79 - [VAL] Loss: 0.5275, Accuracy: 78.08%, AUC: 0.78
Epoch [30/100] - [TRAIN] Loss: 0.5020, Accuracy: 79.30%, AUC: 0.79 - [VAL] Loss: 0.5177, Accuracy: 78.11%, AUC: 0.78
Epoch [40/100] - [TRAIN] Loss: 0.4960, Accuracy: 78.95%, AUC: 0.79 - [VAL] Loss: 0.5113, Accuracy: 77.84%, AUC: 0.78
Epoch [50/100] - [TRAIN] Loss: 0.4933, Accuracy: 79.18%, AUC: 0.79 - [VAL] Loss: 0.5101, Accuracy: 77.55%, AUC: 0.78
Epoch [60/100] - [TRAIN] Loss: 0.4911, Accuracy: 79.32%, AUC: 0.79 - [VAL] Loss: 0.5070, Accuracy: 77.87%, AUC: 0.78
Epoch [70/100] - [TRAIN] Loss: 0.4839, Accuracy: 79.01%, AUC: 0.79 - [VAL] Loss: 0.5077, Accuracy: 77.41%, AUC: 0.77
Epoch [80/100] - [TRAIN] Loss: 0.4839, Accuracy: 79.13%, AUC: 0.79 - [VAL] Loss: 0.5152, Accuracy: 76.49%, AUC: 0.76
Epoch [90/100] - [TRAIN] Loss: 0.4916, Accuracy: 79.44%, AUC: 0.79 - [VAL] Loss: 0.5048, Accuracy: 77.93%, AUC: 0.78
Epoch [100/100] - [TRAIN] Loss: 0.4846, Accuracy: 79.59%, AUC: 0.80 - [VAL] Loss: 0.5211, Accuracy: 75.83%, AUC: 0.76
Training finished!
Accuracy Score on test set: 79.18 %
AUC Score on test set: 0.79

Item: H3K9me3-H3K4me3
Epoch [10/100] - [TRAIN] Loss: 0.5405, Accuracy: 78.49%, AUC: 0.78 - [VAL] Loss: 0.5484, Accuracy: 77.76%, AUC: 0.78
Epoch [20/100] - [TRAIN] Loss: 0.5117, Accuracy: 78.81%, AUC: 0.79 - [VAL] Loss: 0.5195, Accuracy: 78.34%, AUC: 0.78
Epoch [30/100] - [TRAIN] Loss: 0.4969, Accuracy: 78.74%, AUC: 0.79 - [VAL] Loss: 0.5126, Accuracy: 78.26%, AUC: 0.78
Epoch [40/100] - [TRAIN] Loss: 0.4942, Accuracy: 78.91%, AUC: 0.79 - [VAL] Loss: 0.5078, Accuracy: 78.25%, AUC: 0.78
Epoch [50/100] - [TRAIN] Loss: 0.4876, Accuracy: 79.10%, AUC: 0.79 - [VAL] Loss: 0.5090, Accuracy: 77.24%, AUC: 0.77
Epoch [60/100] - [TRAIN] Loss: 0.4925, Accuracy: 79.32%, AUC: 0.79 - [VAL] Loss: 0.5043, Accuracy: 77.88%, AUC: 0.78
Epoch [70/100] - [TRAIN] Loss: 0.4846, Accuracy: 79.12%, AUC: 0.79 - [VAL] Loss: 0.5037, Accuracy: 77.84%, AUC: 0.78
Epoch [80/100] - [TRAIN] Loss: 0.4824, Accuracy: 79.53%, AUC: 0.80 - [VAL] Loss: 0.5074, Accuracy: 77.36%, AUC: 0.77
Epoch [90/100] - [TRAIN] Loss: 0.4799, Accuracy: 79.80%, AUC: 0.80 - [VAL] Loss: 0.5128, Accuracy: 77.10%, AUC: 0.77
Epoch [100/100] - [TRAIN] Loss: 0.4783, Accuracy: 79.53%, AUC: 0.80 - [VAL] Loss: 0.5066, Accuracy: 77.53%, AUC: 0.78
Training finished!
Accuracy Score on test set: 79.23 %
AUC Score on test set: 0.79

Item: H3K4me3-H3K27me3
Epoch [10/100] - [TRAIN] Loss: 0.5203, Accuracy: 78.83%, AUC: 0.79 - [VAL] Loss: 0.5276, Accuracy: 78.48%, AUC: 0.78
Epoch [20/100] - [TRAIN] Loss: 0.4960, Accuracy: 79.03%, AUC: 0.79 - [VAL] Loss: 0.5045, Accuracy: 78.25%, AUC: 0.78
Epoch [30/100] - [TRAIN] Loss: 0.4895, Accuracy: 79.53%, AUC: 0.80 - [VAL] Loss: 0.5008, Accuracy: 78.32%, AUC: 0.78
Epoch [40/100] - [TRAIN] Loss: 0.4829, Accuracy: 79.29%, AUC: 0.79 - [VAL] Loss: 0.4969, Accuracy: 77.91%, AUC: 0.78
Epoch [50/100] - [TRAIN] Loss: 0.4803, Accuracy: 79.45%, AUC: 0.79 - [VAL] Loss: 0.4968, Accuracy: 77.90%, AUC: 0.78
Epoch [60/100] - [TRAIN] Loss: 0.4802, Accuracy: 79.48%, AUC: 0.79 - [VAL] Loss: 0.4950, Accuracy: 77.71%, AUC: 0.78
Epoch [70/100] - [TRAIN] Loss: 0.4814, Accuracy: 79.74%, AUC: 0.80 - [VAL] Loss: 0.5104, Accuracy: 76.38%, AUC: 0.76
Epoch [80/100] - [TRAIN] Loss: 0.4766, Accuracy: 79.74%, AUC: 0.80 - [VAL] Loss: 0.4946, Accuracy: 77.58%, AUC: 0.78
Epoch [90/100] - [TRAIN] Loss: 0.4795, Accuracy: 80.02%, AUC: 0.80 - [VAL] Loss: 0.4924, Accuracy: 77.88%, AUC: 0.78
Epoch [100/100] - [TRAIN] Loss: 0.4748, Accuracy: 79.55%, AUC: 0.80 - [VAL] Loss: 0.4960, Accuracy: 77.44%, AUC: 0.77
Training finished!
Accuracy Score on test set: 79.47 %
AUC Score on test set: 0.79

Item: H3K27me3-H3K4me3
Epoch [10/100] - [TRAIN] Loss: 0.5335, Accuracy: 79.10%, AUC: 0.79 - [VAL] Loss: 0.5877, Accuracy: 68.22%, AUC: 0.68
Epoch [20/100] - [TRAIN] Loss: 0.4979, Accuracy: 78.68%, AUC: 0.79 - [VAL] Loss: 0.5034, Accuracy: 78.51%, AUC: 0.79
Epoch [30/100] - [TRAIN] Loss: 0.4861, Accuracy: 79.27%, AUC: 0.79 - [VAL] Loss: 0.4993, Accuracy: 78.46%, AUC: 0.78
Epoch [40/100] - [TRAIN] Loss: 0.4856, Accuracy: 79.61%, AUC: 0.80 - [VAL] Loss: 0.4962, Accuracy: 78.40%, AUC: 0.78
Epoch [50/100] - [TRAIN] Loss: 0.4833, Accuracy: 79.18%, AUC: 0.79 - [VAL] Loss: 0.4945, Accuracy: 78.03%, AUC: 0.78
Epoch [60/100] - [TRAIN] Loss: 0.4794, Accuracy: 79.70%, AUC: 0.80 - [VAL] Loss: 0.4932, Accuracy: 77.97%, AUC: 0.78
Epoch [70/100] - [TRAIN] Loss: 0.4821, Accuracy: 79.67%, AUC: 0.80 - [VAL] Loss: 0.4950, Accuracy: 77.79%, AUC: 0.78
Epoch [80/100] - [TRAIN] Loss: 0.4763, Accuracy: 79.65%, AUC: 0.80 - [VAL] Loss: 0.4924, Accuracy: 78.00%, AUC: 0.78
Epoch [90/100] - [TRAIN] Loss: 0.4742, Accuracy: 79.80%, AUC: 0.80 - [VAL] Loss: 0.4922, Accuracy: 77.97%, AUC: 0.78
Epoch [100/100] - [TRAIN] Loss: 0.4764, Accuracy: 79.82%, AUC: 0.80 - [VAL] Loss: 0.4922, Accuracy: 77.97%, AUC: 0.78
Training finished!
Accuracy Score on test set: 79.47 %
AUC Score on test set: 0.79

Item: H3K4me1-H3K36me3
Epoch [10/100] - [TRAIN] Loss: 0.5674, Accuracy: 75.25%, AUC: 0.75 - [VAL] Loss: 0.5819, Accuracy: 74.03%, AUC: 0.74
Epoch [20/100] - [TRAIN] Loss: 0.5430, Accuracy: 75.55%, AUC: 0.76 - [VAL] Loss: 0.5607, Accuracy: 74.61%, AUC: 0.75
Epoch [30/100] - [TRAIN] Loss: 0.5303, Accuracy: 76.06%, AUC: 0.76 - [VAL] Loss: 0.5633, Accuracy: 74.93%, AUC: 0.75
Epoch [40/100] - [TRAIN] Loss: 0.5183, Accuracy: 76.67%, AUC: 0.77 - [VAL] Loss: 0.5433, Accuracy: 75.33%, AUC: 0.75
Epoch [50/100] - [TRAIN] Loss: 0.5131, Accuracy: 76.56%, AUC: 0.77 - [VAL] Loss: 0.5560, Accuracy: 75.21%, AUC: 0.75
Epoch [60/100] - [TRAIN] Loss: 0.5072, Accuracy: 76.92%, AUC: 0.77 - [VAL] Loss: 0.5325, Accuracy: 75.54%, AUC: 0.76
Epoch [70/100] - [TRAIN] Loss: 0.5069, Accuracy: 76.91%, AUC: 0.77 - [VAL] Loss: 0.5362, Accuracy: 75.51%, AUC: 0.76
Epoch [80/100] - [TRAIN] Loss: 0.5018, Accuracy: 77.47%, AUC: 0.77 - [VAL] Loss: 0.5279, Accuracy: 75.74%, AUC: 0.76
Epoch [90/100] - [TRAIN] Loss: 0.4999, Accuracy: 77.61%, AUC: 0.78 - [VAL] Loss: 0.5285, Accuracy: 75.83%, AUC: 0.76
Epoch [100/100] - [TRAIN] Loss: 0.4979, Accuracy: 77.82%, AUC: 0.78 - [VAL] Loss: 0.5343, Accuracy: 75.68%, AUC: 0.76
Training finished!
Accuracy Score on test set: 76.87 %
AUC Score on test set: 0.77

Item: H3K36me3-H3K4me1
Epoch [10/100] - [TRAIN] Loss: 0.5635, Accuracy: 74.88%, AUC: 0.75 - [VAL] Loss: 0.5742, Accuracy: 73.91%, AUC: 0.74
Epoch [20/100] - [TRAIN] Loss: 0.5445, Accuracy: 75.81%, AUC: 0.76 - [VAL] Loss: 0.5642, Accuracy: 74.89%, AUC: 0.75
Epoch [30/100] - [TRAIN] Loss: 0.5322, Accuracy: 75.89%, AUC: 0.76 - [VAL] Loss: 0.5588, Accuracy: 74.93%, AUC: 0.75
Epoch [40/100] - [TRAIN] Loss: 0.5219, Accuracy: 76.31%, AUC: 0.76 - [VAL] Loss: 0.5459, Accuracy: 74.98%, AUC: 0.75
Epoch [50/100] - [TRAIN] Loss: 0.5210, Accuracy: 76.92%, AUC: 0.77 - [VAL] Loss: 0.5552, Accuracy: 75.16%, AUC: 0.75
Epoch [60/100] - [TRAIN] Loss: 0.5091, Accuracy: 76.41%, AUC: 0.76 - [VAL] Loss: 0.5441, Accuracy: 75.34%, AUC: 0.75
Epoch [70/100] - [TRAIN] Loss: 0.5129, Accuracy: 77.17%, AUC: 0.77 - [VAL] Loss: 0.5510, Accuracy: 75.27%, AUC: 0.75
Epoch [80/100] - [TRAIN] Loss: 0.5046, Accuracy: 77.49%, AUC: 0.77 - [VAL] Loss: 0.5533, Accuracy: 75.33%, AUC: 0.75
Epoch [90/100] - [TRAIN] Loss: 0.5093, Accuracy: 77.23%, AUC: 0.77 - [VAL] Loss: 0.5418, Accuracy: 73.95%, AUC: 0.74
Epoch [100/100] - [TRAIN] Loss: 0.4991, Accuracy: 77.41%, AUC: 0.77 - [VAL] Loss: 0.5341, Accuracy: 75.68%, AUC: 0.76
Training finished!
Accuracy Score on test set: 77.39 %
AUC Score on test set: 0.77

Item: H3K4me1-H3K9me3
Epoch [10/100] - [TRAIN] Loss: 0.5823, Accuracy: 74.20%, AUC: 0.74 - [VAL] Loss: 0.5936, Accuracy: 73.33%, AUC: 0.73
Epoch [20/100] - [TRAIN] Loss: 0.5560, Accuracy: 75.40%, AUC: 0.75 - [VAL] Loss: 0.5808, Accuracy: 74.15%, AUC: 0.74
Epoch [30/100] - [TRAIN] Loss: 0.5458, Accuracy: 75.35%, AUC: 0.75 - [VAL] Loss: 0.5721, Accuracy: 74.37%, AUC: 0.74
Epoch [40/100] - [TRAIN] Loss: 0.5390, Accuracy: 75.67%, AUC: 0.76 - [VAL] Loss: 0.5600, Accuracy: 74.38%, AUC: 0.74
Epoch [50/100] - [TRAIN] Loss: 0.5261, Accuracy: 76.12%, AUC: 0.76 - [VAL] Loss: 0.5525, Accuracy: 74.47%, AUC: 0.74
Epoch [60/100] - [TRAIN] Loss: 0.5223, Accuracy: 76.38%, AUC: 0.76 - [VAL] Loss: 0.5504, Accuracy: 74.44%, AUC: 0.74
Epoch [70/100] - [TRAIN] Loss: 0.5218, Accuracy: 76.31%, AUC: 0.76 - [VAL] Loss: 0.5519, Accuracy: 74.17%, AUC: 0.74
Epoch [80/100] - [TRAIN] Loss: 0.5134, Accuracy: 76.80%, AUC: 0.77 - [VAL] Loss: 0.5453, Accuracy: 74.41%, AUC: 0.74
Epoch [90/100] - [TRAIN] Loss: 0.5110, Accuracy: 76.83%, AUC: 0.77 - [VAL] Loss: 0.5396, Accuracy: 74.70%, AUC: 0.75
Epoch [100/100] - [TRAIN] Loss: 0.5131, Accuracy: 76.70%, AUC: 0.77 - [VAL] Loss: 0.5362, Accuracy: 74.96%, AUC: 0.75
Training finished!
Accuracy Score on test set: 75.76 %
AUC Score on test set: 0.76

Item: H3K9me3-H3K4me1
Epoch [10/100] - [TRAIN] Loss: 0.5815, Accuracy: 74.56%, AUC: 0.75 - [VAL] Loss: 0.5990, Accuracy: 73.43%, AUC: 0.73
Epoch [20/100] - [TRAIN] Loss: 0.5585, Accuracy: 75.61%, AUC: 0.76 - [VAL] Loss: 0.5813, Accuracy: 74.04%, AUC: 0.74
Epoch [30/100] - [TRAIN] Loss: 0.5456, Accuracy: 75.34%, AUC: 0.75 - [VAL] Loss: 0.5737, Accuracy: 74.50%, AUC: 0.75
Epoch [40/100] - [TRAIN] Loss: 0.5357, Accuracy: 75.80%, AUC: 0.76 - [VAL] Loss: 0.5659, Accuracy: 74.46%, AUC: 0.74
Epoch [50/100] - [TRAIN] Loss: 0.5359, Accuracy: 75.99%, AUC: 0.76 - [VAL] Loss: 0.5599, Accuracy: 74.55%, AUC: 0.75
Epoch [60/100] - [TRAIN] Loss: 0.5321, Accuracy: 76.51%, AUC: 0.77 - [VAL] Loss: 0.5482, Accuracy: 74.43%, AUC: 0.74
Epoch [70/100] - [TRAIN] Loss: 0.5258, Accuracy: 75.78%, AUC: 0.76 - [VAL] Loss: 0.5455, Accuracy: 74.89%, AUC: 0.75
Epoch [80/100] - [TRAIN] Loss: 0.5173, Accuracy: 76.50%, AUC: 0.76 - [VAL] Loss: 0.5486, Accuracy: 74.84%, AUC: 0.75
Epoch [90/100] - [TRAIN] Loss: 0.5161, Accuracy: 76.65%, AUC: 0.77 - [VAL] Loss: 0.5454, Accuracy: 75.05%, AUC: 0.75
Epoch [100/100] - [TRAIN] Loss: 0.5143, Accuracy: 76.60%, AUC: 0.77 - [VAL] Loss: 0.5409, Accuracy: 74.99%, AUC: 0.75
Training finished!
Accuracy Score on test set: 76.11 %
AUC Score on test set: 0.76

Item: H3K4me1-H3K27me3
Epoch [10/100] - [TRAIN] Loss: 0.5545, Accuracy: 76.41%, AUC: 0.76 - [VAL] Loss: 0.5645, Accuracy: 76.05%, AUC: 0.76
Epoch [20/100] - [TRAIN] Loss: 0.5289, Accuracy: 77.20%, AUC: 0.77 - [VAL] Loss: 0.5630, Accuracy: 76.05%, AUC: 0.76
Epoch [30/100] - [TRAIN] Loss: 0.5169, Accuracy: 77.85%, AUC: 0.78 - [VAL] Loss: 0.5414, Accuracy: 76.35%, AUC: 0.76
Epoch [40/100] - [TRAIN] Loss: 0.5102, Accuracy: 77.79%, AUC: 0.78 - [VAL] Loss: 0.5355, Accuracy: 76.46%, AUC: 0.76
Epoch [50/100] - [TRAIN] Loss: 0.5073, Accuracy: 78.01%, AUC: 0.78 - [VAL] Loss: 0.5335, Accuracy: 76.60%, AUC: 0.77
Epoch [60/100] - [TRAIN] Loss: 0.4989, Accuracy: 78.43%, AUC: 0.78 - [VAL] Loss: 0.5280, Accuracy: 76.70%, AUC: 0.77
Epoch [70/100] - [TRAIN] Loss: 0.4992, Accuracy: 78.40%, AUC: 0.78 - [VAL] Loss: 0.5200, Accuracy: 76.81%, AUC: 0.77
Epoch [80/100] - [TRAIN] Loss: 0.4947, Accuracy: 78.25%, AUC: 0.78 - [VAL] Loss: 0.5186, Accuracy: 76.81%, AUC: 0.77
Epoch [90/100] - [TRAIN] Loss: 0.4951, Accuracy: 78.48%, AUC: 0.78 - [VAL] Loss: 0.5203, Accuracy: 76.80%, AUC: 0.77
Epoch [100/100] - [TRAIN] Loss: 0.4875, Accuracy: 79.06%, AUC: 0.79 - [VAL] Loss: 0.5212, Accuracy: 76.83%, AUC: 0.77
Training finished!
Accuracy Score on test set: 77.96 %
AUC Score on test set: 0.78

Item: H3K27me3-H3K4me1
Epoch [10/100] - [TRAIN] Loss: 0.5488, Accuracy: 76.22%, AUC: 0.76 - [VAL] Loss: 0.5681, Accuracy: 75.96%, AUC: 0.76
Epoch [20/100] - [TRAIN] Loss: 0.5260, Accuracy: 76.73%, AUC: 0.77 - [VAL] Loss: 0.5472, Accuracy: 76.32%, AUC: 0.76
Epoch [30/100] - [TRAIN] Loss: 0.5137, Accuracy: 77.78%, AUC: 0.78 - [VAL] Loss: 0.5334, Accuracy: 76.23%, AUC: 0.76
Epoch [40/100] - [TRAIN] Loss: 0.5082, Accuracy: 77.82%, AUC: 0.78 - [VAL] Loss: 0.5294, Accuracy: 76.35%, AUC: 0.76
Epoch [50/100] - [TRAIN] Loss: 0.5051, Accuracy: 77.98%, AUC: 0.78 - [VAL] Loss: 0.5258, Accuracy: 76.44%, AUC: 0.76
Epoch [60/100] - [TRAIN] Loss: 0.4960, Accuracy: 78.17%, AUC: 0.78 - [VAL] Loss: 0.5172, Accuracy: 76.55%, AUC: 0.77
Epoch [70/100] - [TRAIN] Loss: 0.5038, Accuracy: 78.31%, AUC: 0.78 - [VAL] Loss: 0.5306, Accuracy: 75.66%, AUC: 0.76
Epoch [80/100] - [TRAIN] Loss: 0.5041, Accuracy: 78.11%, AUC: 0.78 - [VAL] Loss: 0.5145, Accuracy: 76.58%, AUC: 0.77
Epoch [90/100] - [TRAIN] Loss: 0.4882, Accuracy: 78.62%, AUC: 0.79 - [VAL] Loss: 0.5121, Accuracy: 76.86%, AUC: 0.77
Epoch [100/100] - [TRAIN] Loss: 0.4867, Accuracy: 78.72%, AUC: 0.79 - [VAL] Loss: 0.5086, Accuracy: 76.93%, AUC: 0.77
Training finished!
Accuracy Score on test set: 77.93 %
AUC Score on test set: 0.78

Item: H3K36me3-H3K9me3
Epoch [10/100] - [TRAIN] Loss: 0.6374, Accuracy: 68.05%, AUC: 0.68 - [VAL] Loss: 0.6362, Accuracy: 67.35%, AUC: 0.67
Epoch [20/100] - [TRAIN] Loss: 0.6253, Accuracy: 67.35%, AUC: 0.67 - [VAL] Loss: 0.6246, Accuracy: 67.07%, AUC: 0.67
Epoch [30/100] - [TRAIN] Loss: 0.6193, Accuracy: 67.66%, AUC: 0.68 - [VAL] Loss: 0.6207, Accuracy: 67.12%, AUC: 0.67
Epoch [40/100] - [TRAIN] Loss: 0.6179, Accuracy: 67.92%, AUC: 0.68 - [VAL] Loss: 0.6176, Accuracy: 67.06%, AUC: 0.67
Epoch [50/100] - [TRAIN] Loss: 0.6108, Accuracy: 68.36%, AUC: 0.68 - [VAL] Loss: 0.6148, Accuracy: 67.44%, AUC: 0.67
Epoch [60/100] - [TRAIN] Loss: 0.6111, Accuracy: 68.34%, AUC: 0.68 - [VAL] Loss: 0.6123, Accuracy: 67.52%, AUC: 0.68
Epoch [70/100] - [TRAIN] Loss: 0.6107, Accuracy: 68.91%, AUC: 0.69 - [VAL] Loss: 0.6102, Accuracy: 67.61%, AUC: 0.68
Epoch [80/100] - [TRAIN] Loss: 0.6013, Accuracy: 69.07%, AUC: 0.69 - [VAL] Loss: 0.6076, Accuracy: 67.93%, AUC: 0.68
Epoch [90/100] - [TRAIN] Loss: 0.6014, Accuracy: 69.23%, AUC: 0.69 - [VAL] Loss: 0.6059, Accuracy: 68.02%, AUC: 0.68
Epoch [100/100] - [TRAIN] Loss: 0.5994, Accuracy: 69.17%, AUC: 0.69 - [VAL] Loss: 0.6040, Accuracy: 68.22%, AUC: 0.68
Training finished!
Accuracy Score on test set: 69.44 %
AUC Score on test set: 0.69

Item: H3K9me3-H3K36me3
Epoch [10/100] - [TRAIN] Loss: 0.6397, Accuracy: 67.17%, AUC: 0.67 - [VAL] Loss: 0.6384, Accuracy: 66.71%, AUC: 0.67
Epoch [20/100] - [TRAIN] Loss: 0.6256, Accuracy: 67.58%, AUC: 0.68 - [VAL] Loss: 0.6256, Accuracy: 66.54%, AUC: 0.67
Epoch [30/100] - [TRAIN] Loss: 0.6189, Accuracy: 67.96%, AUC: 0.68 - [VAL] Loss: 0.6216, Accuracy: 66.71%, AUC: 0.67
Epoch [40/100] - [TRAIN] Loss: 0.6160, Accuracy: 68.18%, AUC: 0.68 - [VAL] Loss: 0.6185, Accuracy: 66.83%, AUC: 0.67
Epoch [50/100] - [TRAIN] Loss: 0.6121, Accuracy: 68.05%, AUC: 0.68 - [VAL] Loss: 0.6155, Accuracy: 67.21%, AUC: 0.67
Epoch [60/100] - [TRAIN] Loss: 0.6094, Accuracy: 68.39%, AUC: 0.68 - [VAL] Loss: 0.6130, Accuracy: 67.43%, AUC: 0.67
Epoch [70/100] - [TRAIN] Loss: 0.6043, Accuracy: 68.88%, AUC: 0.69 - [VAL] Loss: 0.6108, Accuracy: 67.53%, AUC: 0.68
Epoch [80/100] - [TRAIN] Loss: 0.6053, Accuracy: 68.83%, AUC: 0.69 - [VAL] Loss: 0.6089, Accuracy: 67.59%, AUC: 0.68
Epoch [90/100] - [TRAIN] Loss: 0.6001, Accuracy: 69.29%, AUC: 0.69 - [VAL] Loss: 0.6062, Accuracy: 67.98%, AUC: 0.68
Epoch [100/100] - [TRAIN] Loss: 0.6047, Accuracy: 69.24%, AUC: 0.69 - [VAL] Loss: 0.6045, Accuracy: 68.39%, AUC: 0.68
Training finished!
Accuracy Score on test set: 69.47 %
AUC Score on test set: 0.69

Item: H3K36me3-H3K27me3
Epoch [10/100] - [TRAIN] Loss: 0.6060, Accuracy: 66.71%, AUC: 0.67 - [VAL] Loss: 0.6040, Accuracy: 66.49%, AUC: 0.66
Epoch [20/100] - [TRAIN] Loss: 0.6022, Accuracy: 67.44%, AUC: 0.67 - [VAL] Loss: 0.5987, Accuracy: 67.40%, AUC: 0.67
Epoch [30/100] - [TRAIN] Loss: 0.5977, Accuracy: 67.95%, AUC: 0.68 - [VAL] Loss: 0.5950, Accuracy: 67.75%, AUC: 0.68
Epoch [40/100] - [TRAIN] Loss: 0.5912, Accuracy: 68.53%, AUC: 0.69 - [VAL] Loss: 0.5922, Accuracy: 68.01%, AUC: 0.68
Epoch [50/100] - [TRAIN] Loss: 0.5921, Accuracy: 68.77%, AUC: 0.69 - [VAL] Loss: 0.5900, Accuracy: 68.30%, AUC: 0.68
Epoch [60/100] - [TRAIN] Loss: 0.5893, Accuracy: 68.98%, AUC: 0.69 - [VAL] Loss: 0.5881, Accuracy: 68.43%, AUC: 0.68
Epoch [70/100] - [TRAIN] Loss: 0.5877, Accuracy: 68.97%, AUC: 0.69 - [VAL] Loss: 0.5867, Accuracy: 68.74%, AUC: 0.69
Epoch [80/100] - [TRAIN] Loss: 0.5841, Accuracy: 69.07%, AUC: 0.69 - [VAL] Loss: 0.5852, Accuracy: 68.77%, AUC: 0.69
Epoch [90/100] - [TRAIN] Loss: 0.5803, Accuracy: 69.35%, AUC: 0.69 - [VAL] Loss: 0.5837, Accuracy: 68.92%, AUC: 0.69
Epoch [100/100] - [TRAIN] Loss: 0.5785, Accuracy: 69.24%, AUC: 0.69 - [VAL] Loss: 0.5826, Accuracy: 68.92%, AUC: 0.69
Training finished!
Accuracy Score on test set: 69.46 %
AUC Score on test set: 0.69

Item: H3K27me3-H3K36me3
Epoch [10/100] - [TRAIN] Loss: 0.6031, Accuracy: 68.01%, AUC: 0.68 - [VAL] Loss: 0.6031, Accuracy: 67.78%, AUC: 0.68
Epoch [20/100] - [TRAIN] Loss: 0.5979, Accuracy: 68.16%, AUC: 0.68 - [VAL] Loss: 0.5974, Accuracy: 68.05%, AUC: 0.68
Epoch [30/100] - [TRAIN] Loss: 0.5938, Accuracy: 68.56%, AUC: 0.69 - [VAL] Loss: 0.5943, Accuracy: 68.27%, AUC: 0.68
Epoch [40/100] - [TRAIN] Loss: 0.5892, Accuracy: 68.54%, AUC: 0.69 - [VAL] Loss: 0.5930, Accuracy: 68.60%, AUC: 0.69
Epoch [50/100] - [TRAIN] Loss: 0.5890, Accuracy: 68.47%, AUC: 0.68 - [VAL] Loss: 0.5907, Accuracy: 68.66%, AUC: 0.69
Epoch [60/100] - [TRAIN] Loss: 0.5873, Accuracy: 68.85%, AUC: 0.69 - [VAL] Loss: 0.5887, Accuracy: 68.71%, AUC: 0.69
Epoch [70/100] - [TRAIN] Loss: 0.5879, Accuracy: 68.74%, AUC: 0.69 - [VAL] Loss: 0.5871, Accuracy: 68.77%, AUC: 0.69
Epoch [80/100] - [TRAIN] Loss: 0.5855, Accuracy: 69.20%, AUC: 0.69 - [VAL] Loss: 0.5858, Accuracy: 68.79%, AUC: 0.69
Epoch [90/100] - [TRAIN] Loss: 0.5804, Accuracy: 69.24%, AUC: 0.69 - [VAL] Loss: 0.5845, Accuracy: 68.79%, AUC: 0.69
Epoch [100/100] - [TRAIN] Loss: 0.5817, Accuracy: 69.18%, AUC: 0.69 - [VAL] Loss: 0.5833, Accuracy: 68.85%, AUC: 0.69
Training finished!
Accuracy Score on test set: 69.69 %
AUC Score on test set: 0.70

Item: H3K9me3-H3K27me3
Epoch [10/100] - [TRAIN] Loss: 0.6290, Accuracy: 67.99%, AUC: 0.68 - [VAL] Loss: 0.6290, Accuracy: 67.09%, AUC: 0.67
Epoch [20/100] - [TRAIN] Loss: 0.6168, Accuracy: 67.99%, AUC: 0.68 - [VAL] Loss: 0.6189, Accuracy: 66.31%, AUC: 0.66
Epoch [30/100] - [TRAIN] Loss: 0.6123, Accuracy: 68.02%, AUC: 0.68 - [VAL] Loss: 0.6157, Accuracy: 66.13%, AUC: 0.66
Epoch [40/100] - [TRAIN] Loss: 0.6141, Accuracy: 67.96%, AUC: 0.68 - [VAL] Loss: 0.6148, Accuracy: 66.07%, AUC: 0.66
Epoch [50/100] - [TRAIN] Loss: 0.6085, Accuracy: 67.79%, AUC: 0.68 - [VAL] Loss: 0.6139, Accuracy: 66.07%, AUC: 0.66
Epoch [60/100] - [TRAIN] Loss: 0.6047, Accuracy: 68.05%, AUC: 0.68 - [VAL] Loss: 0.6131, Accuracy: 66.16%, AUC: 0.66
Epoch [70/100] - [TRAIN] Loss: 0.6063, Accuracy: 68.16%, AUC: 0.68 - [VAL] Loss: 0.6133, Accuracy: 66.03%, AUC: 0.66
Epoch [80/100] - [TRAIN] Loss: 0.6048, Accuracy: 68.16%, AUC: 0.68 - [VAL] Loss: 0.6129, Accuracy: 66.13%, AUC: 0.66
Epoch [90/100] - [TRAIN] Loss: 0.6066, Accuracy: 68.10%, AUC: 0.68 - [VAL] Loss: 0.6138, Accuracy: 66.02%, AUC: 0.66
Epoch [100/100] - [TRAIN] Loss: 0.6010, Accuracy: 68.19%, AUC: 0.68 - [VAL] Loss: 0.6132, Accuracy: 66.02%, AUC: 0.66
Training finished!
Accuracy Score on test set: 68.01 %
AUC Score on test set: 0.68

Item: H3K27me3-H3K9me3
Epoch [10/100] - [TRAIN] Loss: 0.6352, Accuracy: 68.02%, AUC: 0.68 - [VAL] Loss: 0.6345, Accuracy: 67.27%, AUC: 0.67
Epoch [20/100] - [TRAIN] Loss: 0.6214, Accuracy: 67.96%, AUC: 0.68 - [VAL] Loss: 0.6215, Accuracy: 66.72%, AUC: 0.67
Epoch [30/100] - [TRAIN] Loss: 0.6146, Accuracy: 67.92%, AUC: 0.68 - [VAL] Loss: 0.6165, Accuracy: 66.20%, AUC: 0.66
Epoch [40/100] - [TRAIN] Loss: 0.6117, Accuracy: 67.95%, AUC: 0.68 - [VAL] Loss: 0.6145, Accuracy: 66.13%, AUC: 0.66
Epoch [50/100] - [TRAIN] Loss: 0.6088, Accuracy: 67.86%, AUC: 0.68 - [VAL] Loss: 0.6138, Accuracy: 66.05%, AUC: 0.66
Epoch [60/100] - [TRAIN] Loss: 0.6086, Accuracy: 68.04%, AUC: 0.68 - [VAL] Loss: 0.6149, Accuracy: 65.90%, AUC: 0.66
Epoch [70/100] - [TRAIN] Loss: 0.6051, Accuracy: 68.02%, AUC: 0.68 - [VAL] Loss: 0.6144, Accuracy: 65.97%, AUC: 0.66
Epoch [80/100] - [TRAIN] Loss: 0.6045, Accuracy: 68.10%, AUC: 0.68 - [VAL] Loss: 0.6146, Accuracy: 65.96%, AUC: 0.66
Epoch [90/100] - [TRAIN] Loss: 0.6018, Accuracy: 68.30%, AUC: 0.68 - [VAL] Loss: 0.6145, Accuracy: 65.91%, AUC: 0.66
Epoch [100/100] - [TRAIN] Loss: 0.6008, Accuracy: 68.10%, AUC: 0.68 - [VAL] Loss: 0.6152, Accuracy: 65.91%, AUC: 0.66
Training finished!
Accuracy Score on test set: 68.02 %
AUC Score on test set: 0.68

Item: H3K4me3-H3K4me1-H3K36me3
Epoch [10/100] - [TRAIN] Loss: 0.5228, Accuracy: 79.10%, AUC: 0.79 - [VAL] Loss: 0.5398, Accuracy: 78.31%, AUC: 0.78
Epoch [20/100] - [TRAIN] Loss: 0.4928, Accuracy: 79.23%, AUC: 0.79 - [VAL] Loss: 0.5142, Accuracy: 78.65%, AUC: 0.79
Epoch [30/100] - [TRAIN] Loss: 0.4760, Accuracy: 80.00%, AUC: 0.80 - [VAL] Loss: 0.5005, Accuracy: 78.55%, AUC: 0.79
Epoch [40/100] - [TRAIN] Loss: 0.4701, Accuracy: 79.88%, AUC: 0.80 - [VAL] Loss: 0.4943, Accuracy: 78.54%, AUC: 0.79
Epoch [50/100] - [TRAIN] Loss: 0.4638, Accuracy: 79.94%, AUC: 0.80 - [VAL] Loss: 0.4874, Accuracy: 78.54%, AUC: 0.79
Epoch [60/100] - [TRAIN] Loss: 0.4664, Accuracy: 80.28%, AUC: 0.80 - [VAL] Loss: 0.4866, Accuracy: 78.65%, AUC: 0.79
Epoch [70/100] - [TRAIN] Loss: 0.4562, Accuracy: 80.48%, AUC: 0.80 - [VAL] Loss: 0.4819, Accuracy: 78.84%, AUC: 0.79
Epoch [80/100] - [TRAIN] Loss: 0.4523, Accuracy: 80.61%, AUC: 0.81 - [VAL] Loss: 0.4781, Accuracy: 78.65%, AUC: 0.79
Epoch [90/100] - [TRAIN] Loss: 0.4492, Accuracy: 80.80%, AUC: 0.81 - [VAL] Loss: 0.4772, Accuracy: 78.77%, AUC: 0.79
Epoch [100/100] - [TRAIN] Loss: 0.4471, Accuracy: 80.89%, AUC: 0.81 - [VAL] Loss: 0.4768, Accuracy: 78.95%, AUC: 0.79
Training finished!
Accuracy Score on test set: 80.17 %
AUC Score on test set: 0.80

Item: H3K4me3-H3K36me3-H3K4me1
Epoch [10/100] - [TRAIN] Loss: 0.5255, Accuracy: 78.89%, AUC: 0.79 - [VAL] Loss: 0.5450, Accuracy: 78.51%, AUC: 0.79
Epoch [20/100] - [TRAIN] Loss: 0.4949, Accuracy: 79.70%, AUC: 0.80 - [VAL] Loss: 0.5158, Accuracy: 78.55%, AUC: 0.79
Epoch [30/100] - [TRAIN] Loss: 0.4802, Accuracy: 80.17%, AUC: 0.80 - [VAL] Loss: 0.5126, Accuracy: 78.43%, AUC: 0.78
Epoch [40/100] - [TRAIN] Loss: 0.4736, Accuracy: 79.94%, AUC: 0.80 - [VAL] Loss: 0.5029, Accuracy: 78.49%, AUC: 0.78
Epoch [50/100] - [TRAIN] Loss: 0.4635, Accuracy: 80.43%, AUC: 0.80 - [VAL] Loss: 0.4935, Accuracy: 78.57%, AUC: 0.79
Epoch [60/100] - [TRAIN] Loss: 0.4591, Accuracy: 80.14%, AUC: 0.80 - [VAL] Loss: 0.4913, Accuracy: 78.52%, AUC: 0.79
Epoch [70/100] - [TRAIN] Loss: 0.4582, Accuracy: 80.05%, AUC: 0.80 - [VAL] Loss: 0.4861, Accuracy: 78.58%, AUC: 0.79
Epoch [80/100] - [TRAIN] Loss: 0.4573, Accuracy: 80.54%, AUC: 0.81 - [VAL] Loss: 0.4861, Accuracy: 78.57%, AUC: 0.79
Epoch [90/100] - [TRAIN] Loss: 0.4511, Accuracy: 80.58%, AUC: 0.81 - [VAL] Loss: 0.4828, Accuracy: 78.63%, AUC: 0.79
Epoch [100/100] - [TRAIN] Loss: 0.4573, Accuracy: 80.34%, AUC: 0.80 - [VAL] Loss: 0.4868, Accuracy: 78.69%, AUC: 0.79
Training finished!
Accuracy Score on test set: 79.91 %
AUC Score on test set: 0.80

Item: H3K4me1-H3K4me3-H3K36me3
Epoch [10/100] - [TRAIN] Loss: 0.5287, Accuracy: 79.20%, AUC: 0.79 - [VAL] Loss: 0.5600, Accuracy: 77.87%, AUC: 0.78
Epoch [20/100] - [TRAIN] Loss: 0.4954, Accuracy: 79.50%, AUC: 0.80 - [VAL] Loss: 0.5294, Accuracy: 78.40%, AUC: 0.78
Epoch [30/100] - [TRAIN] Loss: 0.4891, Accuracy: 79.99%, AUC: 0.80 - [VAL] Loss: 0.5038, Accuracy: 77.76%, AUC: 0.78
Epoch [40/100] - [TRAIN] Loss: 0.4724, Accuracy: 80.19%, AUC: 0.80 - [VAL] Loss: 0.4912, Accuracy: 78.55%, AUC: 0.79
Epoch [50/100] - [TRAIN] Loss: 0.4657, Accuracy: 80.12%, AUC: 0.80 - [VAL] Loss: 0.4928, Accuracy: 78.45%, AUC: 0.78
Epoch [60/100] - [TRAIN] Loss: 0.4648, Accuracy: 80.19%, AUC: 0.80 - [VAL] Loss: 0.4855, Accuracy: 78.77%, AUC: 0.79
Epoch [70/100] - [TRAIN] Loss: 0.4577, Accuracy: 80.29%, AUC: 0.80 - [VAL] Loss: 0.4886, Accuracy: 78.57%, AUC: 0.79
Epoch [80/100] - [TRAIN] Loss: 0.4576, Accuracy: 80.03%, AUC: 0.80 - [VAL] Loss: 0.4856, Accuracy: 78.63%, AUC: 0.79
Epoch [90/100] - [TRAIN] Loss: 0.4534, Accuracy: 80.43%, AUC: 0.80 - [VAL] Loss: 0.4854, Accuracy: 78.54%, AUC: 0.79
Epoch [100/100] - [TRAIN] Loss: 0.4502, Accuracy: 80.63%, AUC: 0.81 - [VAL] Loss: 0.4796, Accuracy: 78.89%, AUC: 0.79
Training finished!
Accuracy Score on test set: 80.17 %
AUC Score on test set: 0.80

Item: H3K4me1-H3K36me3-H3K4me3
Epoch [10/100] - [TRAIN] Loss: 0.5341, Accuracy: 78.78%, AUC: 0.79 - [VAL] Loss: 0.5311, Accuracy: 78.31%, AUC: 0.78
Epoch [20/100] - [TRAIN] Loss: 0.5118, Accuracy: 79.45%, AUC: 0.79 - [VAL] Loss: 0.5208, Accuracy: 76.87%, AUC: 0.77
Epoch [30/100] - [TRAIN] Loss: 0.4801, Accuracy: 79.67%, AUC: 0.80 - [VAL] Loss: 0.5049, Accuracy: 78.60%, AUC: 0.79
Epoch [40/100] - [TRAIN] Loss: 0.4685, Accuracy: 80.41%, AUC: 0.80 - [VAL] Loss: 0.4889, Accuracy: 78.74%, AUC: 0.79
Epoch [50/100] - [TRAIN] Loss: 0.4659, Accuracy: 80.28%, AUC: 0.80 - [VAL] Loss: 0.4865, Accuracy: 78.55%, AUC: 0.79
Epoch [60/100] - [TRAIN] Loss: 0.4601, Accuracy: 80.31%, AUC: 0.80 - [VAL] Loss: 0.4839, Accuracy: 78.54%, AUC: 0.79
Epoch [70/100] - [TRAIN] Loss: 0.4581, Accuracy: 80.26%, AUC: 0.80 - [VAL] Loss: 0.4828, Accuracy: 78.60%, AUC: 0.79
Epoch [80/100] - [TRAIN] Loss: 0.4555, Accuracy: 80.45%, AUC: 0.80 - [VAL] Loss: 0.4804, Accuracy: 78.75%, AUC: 0.79
Epoch [90/100] - [TRAIN] Loss: 0.4522, Accuracy: 80.83%, AUC: 0.81 - [VAL] Loss: 0.4876, Accuracy: 78.43%, AUC: 0.78
Epoch [100/100] - [TRAIN] Loss: 0.4506, Accuracy: 80.69%, AUC: 0.81 - [VAL] Loss: 0.4782, Accuracy: 78.80%, AUC: 0.79
Training finished!
Accuracy Score on test set: 80.19 %
AUC Score on test set: 0.80

Item: H3K36me3-H3K4me3-H3K4me1
Epoch [10/100] - [TRAIN] Loss: 0.5215, Accuracy: 79.88%, AUC: 0.80 - [VAL] Loss: 0.5420, Accuracy: 78.25%, AUC: 0.78
Epoch [20/100] - [TRAIN] Loss: 0.4909, Accuracy: 79.71%, AUC: 0.80 - [VAL] Loss: 0.5181, Accuracy: 78.71%, AUC: 0.79
Epoch [30/100] - [TRAIN] Loss: 0.4835, Accuracy: 79.87%, AUC: 0.80 - [VAL] Loss: 0.4934, Accuracy: 78.52%, AUC: 0.79
Epoch [40/100] - [TRAIN] Loss: 0.4699, Accuracy: 80.19%, AUC: 0.80 - [VAL] Loss: 0.4930, Accuracy: 78.77%, AUC: 0.79
Epoch [50/100] - [TRAIN] Loss: 0.4631, Accuracy: 79.87%, AUC: 0.80 - [VAL] Loss: 0.5046, Accuracy: 78.52%, AUC: 0.79
Epoch [60/100] - [TRAIN] Loss: 0.4614, Accuracy: 80.03%, AUC: 0.80 - [VAL] Loss: 0.4962, Accuracy: 78.68%, AUC: 0.79
Epoch [70/100] - [TRAIN] Loss: 0.4565, Accuracy: 80.69%, AUC: 0.81 - [VAL] Loss: 0.4843, Accuracy: 78.80%, AUC: 0.79
Epoch [80/100] - [TRAIN] Loss: 0.4576, Accuracy: 80.70%, AUC: 0.81 - [VAL] Loss: 0.4820, Accuracy: 79.00%, AUC: 0.79
Epoch [90/100] - [TRAIN] Loss: 0.4522, Accuracy: 80.64%, AUC: 0.81 - [VAL] Loss: 0.4835, Accuracy: 78.94%, AUC: 0.79
Epoch [100/100] - [TRAIN] Loss: 0.4526, Accuracy: 80.51%, AUC: 0.81 - [VAL] Loss: 0.4812, Accuracy: 79.00%, AUC: 0.79
Training finished!
Accuracy Score on test set: 80.22 %
AUC Score on test set: 0.80

Item: H3K36me3-H3K4me1-H3K4me3
Epoch [10/100] - [TRAIN] Loss: 0.5259, Accuracy: 79.13%, AUC: 0.79 - [VAL] Loss: 0.5402, Accuracy: 78.52%, AUC: 0.79
Epoch [20/100] - [TRAIN] Loss: 0.4922, Accuracy: 79.32%, AUC: 0.79 - [VAL] Loss: 0.5264, Accuracy: 78.26%, AUC: 0.78
Epoch [30/100] - [TRAIN] Loss: 0.4781, Accuracy: 79.65%, AUC: 0.80 - [VAL] Loss: 0.5004, Accuracy: 78.48%, AUC: 0.78
Epoch [40/100] - [TRAIN] Loss: 0.4694, Accuracy: 79.97%, AUC: 0.80 - [VAL] Loss: 0.4987, Accuracy: 78.57%, AUC: 0.79
Epoch [50/100] - [TRAIN] Loss: 0.4647, Accuracy: 80.14%, AUC: 0.80 - [VAL] Loss: 0.4909, Accuracy: 78.77%, AUC: 0.79
Epoch [60/100] - [TRAIN] Loss: 0.4573, Accuracy: 80.43%, AUC: 0.80 - [VAL] Loss: 0.4861, Accuracy: 78.80%, AUC: 0.79
Epoch [70/100] - [TRAIN] Loss: 0.4577, Accuracy: 80.66%, AUC: 0.81 - [VAL] Loss: 0.4836, Accuracy: 78.80%, AUC: 0.79
Epoch [80/100] - [TRAIN] Loss: 0.4533, Accuracy: 80.31%, AUC: 0.80 - [VAL] Loss: 0.4840, Accuracy: 78.78%, AUC: 0.79
Epoch [90/100] - [TRAIN] Loss: 0.4573, Accuracy: 81.05%, AUC: 0.81 - [VAL] Loss: 0.4917, Accuracy: 78.55%, AUC: 0.79
Epoch [100/100] - [TRAIN] Loss: 0.4458, Accuracy: 81.09%, AUC: 0.81 - [VAL] Loss: 0.4816, Accuracy: 78.84%, AUC: 0.79
Training finished!
Accuracy Score on test set: 80.40 %
AUC Score on test set: 0.80

Item: H3K4me3-H3K4me1-H3K9me3
Epoch [10/100] - [TRAIN] Loss: 0.5281, Accuracy: 78.63%, AUC: 0.79 - [VAL] Loss: 0.5388, Accuracy: 77.97%, AUC: 0.78
Epoch [20/100] - [TRAIN] Loss: 0.4922, Accuracy: 79.24%, AUC: 0.79 - [VAL] Loss: 0.5153, Accuracy: 78.57%, AUC: 0.79
Epoch [30/100] - [TRAIN] Loss: 0.4878, Accuracy: 79.59%, AUC: 0.80 - [VAL] Loss: 0.4965, Accuracy: 78.28%, AUC: 0.78
Epoch [40/100] - [TRAIN] Loss: 0.4728, Accuracy: 79.70%, AUC: 0.80 - [VAL] Loss: 0.4937, Accuracy: 78.58%, AUC: 0.79
Epoch [50/100] - [TRAIN] Loss: 0.4700, Accuracy: 79.94%, AUC: 0.80 - [VAL] Loss: 0.4939, Accuracy: 78.63%, AUC: 0.79
Epoch [60/100] - [TRAIN] Loss: 0.4684, Accuracy: 79.82%, AUC: 0.80 - [VAL] Loss: 0.4898, Accuracy: 78.60%, AUC: 0.79
Epoch [70/100] - [TRAIN] Loss: 0.4677, Accuracy: 80.05%, AUC: 0.80 - [VAL] Loss: 0.4947, Accuracy: 78.31%, AUC: 0.78
Epoch [80/100] - [TRAIN] Loss: 0.4592, Accuracy: 80.26%, AUC: 0.80 - [VAL] Loss: 0.4918, Accuracy: 78.46%, AUC: 0.78
Epoch [90/100] - [TRAIN] Loss: 0.4589, Accuracy: 80.35%, AUC: 0.80 - [VAL] Loss: 0.4852, Accuracy: 78.78%, AUC: 0.79
Epoch [100/100] - [TRAIN] Loss: 0.4551, Accuracy: 80.37%, AUC: 0.80 - [VAL] Loss: 0.4845, Accuracy: 78.71%, AUC: 0.79
Training finished!
Accuracy Score on test set: 80.13 %
AUC Score on test set: 0.80

Item: H3K4me3-H3K9me3-H3K4me1
Epoch [10/100] - [TRAIN] Loss: 0.5149, Accuracy: 78.92%, AUC: 0.79 - [VAL] Loss: 0.5350, Accuracy: 78.13%, AUC: 0.78
Epoch [20/100] - [TRAIN] Loss: 0.4895, Accuracy: 79.47%, AUC: 0.79 - [VAL] Loss: 0.5218, Accuracy: 78.13%, AUC: 0.78
Epoch [30/100] - [TRAIN] Loss: 0.4824, Accuracy: 79.16%, AUC: 0.79 - [VAL] Loss: 0.4989, Accuracy: 78.45%, AUC: 0.78
Epoch [40/100] - [TRAIN] Loss: 0.4781, Accuracy: 79.67%, AUC: 0.80 - [VAL] Loss: 0.4936, Accuracy: 78.51%, AUC: 0.79
Epoch [50/100] - [TRAIN] Loss: 0.4708, Accuracy: 80.06%, AUC: 0.80 - [VAL] Loss: 0.4924, Accuracy: 78.40%, AUC: 0.78
Epoch [60/100] - [TRAIN] Loss: 0.4644, Accuracy: 80.34%, AUC: 0.80 - [VAL] Loss: 0.4856, Accuracy: 78.80%, AUC: 0.79
Epoch [70/100] - [TRAIN] Loss: 0.4626, Accuracy: 80.29%, AUC: 0.80 - [VAL] Loss: 0.4878, Accuracy: 78.65%, AUC: 0.79
Epoch [80/100] - [TRAIN] Loss: 0.4604, Accuracy: 80.28%, AUC: 0.80 - [VAL] Loss: 0.4826, Accuracy: 78.86%, AUC: 0.79
Epoch [90/100] - [TRAIN] Loss: 0.4576, Accuracy: 80.38%, AUC: 0.80 - [VAL] Loss: 0.4829, Accuracy: 78.71%, AUC: 0.79
Epoch [100/100] - [TRAIN] Loss: 0.4556, Accuracy: 80.48%, AUC: 0.80 - [VAL] Loss: 0.4824, Accuracy: 78.95%, AUC: 0.79
Training finished!
Accuracy Score on test set: 80.11 %
AUC Score on test set: 0.80

Item: H3K4me1-H3K4me3-H3K9me3
Epoch [10/100] - [TRAIN] Loss: 0.5216, Accuracy: 78.80%, AUC: 0.79 - [VAL] Loss: 0.5312, Accuracy: 78.00%, AUC: 0.78
Epoch [20/100] - [TRAIN] Loss: 0.4885, Accuracy: 79.77%, AUC: 0.80 - [VAL] Loss: 0.5129, Accuracy: 78.17%, AUC: 0.78
Epoch [30/100] - [TRAIN] Loss: 0.4752, Accuracy: 80.06%, AUC: 0.80 - [VAL] Loss: 0.4958, Accuracy: 78.65%, AUC: 0.79
Epoch [40/100] - [TRAIN] Loss: 0.4689, Accuracy: 80.02%, AUC: 0.80 - [VAL] Loss: 0.4908, Accuracy: 78.46%, AUC: 0.78
Epoch [50/100] - [TRAIN] Loss: 0.4669, Accuracy: 80.11%, AUC: 0.80 - [VAL] Loss: 0.4878, Accuracy: 78.69%, AUC: 0.79
Epoch [60/100] - [TRAIN] Loss: 0.4644, Accuracy: 80.17%, AUC: 0.80 - [VAL] Loss: 0.4875, Accuracy: 78.37%, AUC: 0.78
Epoch [70/100] - [TRAIN] Loss: 0.4591, Accuracy: 80.64%, AUC: 0.81 - [VAL] Loss: 0.4845, Accuracy: 78.77%, AUC: 0.79
Epoch [80/100] - [TRAIN] Loss: 0.4573, Accuracy: 80.70%, AUC: 0.81 - [VAL] Loss: 0.4835, Accuracy: 78.69%, AUC: 0.79
Epoch [90/100] - [TRAIN] Loss: 0.4598, Accuracy: 80.77%, AUC: 0.81 - [VAL] Loss: 0.4817, Accuracy: 78.84%, AUC: 0.79
Epoch [100/100] - [TRAIN] Loss: 0.4527, Accuracy: 80.98%, AUC: 0.81 - [VAL] Loss: 0.4815, Accuracy: 78.87%, AUC: 0.79
Training finished!
Accuracy Score on test set: 80.10 %
AUC Score on test set: 0.80

Item: H3K4me1-H3K9me3-H3K4me3
Epoch [10/100] - [TRAIN] Loss: 0.5231, Accuracy: 79.29%, AUC: 0.79 - [VAL] Loss: 0.5401, Accuracy: 78.31%, AUC: 0.78
Epoch [20/100] - [TRAIN] Loss: 0.4941, Accuracy: 79.44%, AUC: 0.79 - [VAL] Loss: 0.5154, Accuracy: 78.22%, AUC: 0.78
Epoch [30/100] - [TRAIN] Loss: 0.4814, Accuracy: 80.00%, AUC: 0.80 - [VAL] Loss: 0.5063, Accuracy: 78.31%, AUC: 0.78
Epoch [40/100] - [TRAIN] Loss: 0.4761, Accuracy: 80.22%, AUC: 0.80 - [VAL] Loss: 0.5010, Accuracy: 78.28%, AUC: 0.78
Epoch [50/100] - [TRAIN] Loss: 0.4653, Accuracy: 80.25%, AUC: 0.80 - [VAL] Loss: 0.5119, Accuracy: 77.93%, AUC: 0.78
Epoch [60/100] - [TRAIN] Loss: 0.4633, Accuracy: 80.32%, AUC: 0.80 - [VAL] Loss: 0.4859, Accuracy: 78.62%, AUC: 0.79
Epoch [70/100] - [TRAIN] Loss: 0.4653, Accuracy: 80.25%, AUC: 0.80 - [VAL] Loss: 0.4875, Accuracy: 78.71%, AUC: 0.79
Epoch [80/100] - [TRAIN] Loss: 0.4560, Accuracy: 80.89%, AUC: 0.81 - [VAL] Loss: 0.4879, Accuracy: 78.45%, AUC: 0.78
Epoch [90/100] - [TRAIN] Loss: 0.4554, Accuracy: 80.63%, AUC: 0.81 - [VAL] Loss: 0.4889, Accuracy: 78.40%, AUC: 0.78
Epoch [100/100] - [TRAIN] Loss: 0.4535, Accuracy: 80.64%, AUC: 0.81 - [VAL] Loss: 0.4827, Accuracy: 78.71%, AUC: 0.79
Training finished!
Accuracy Score on test set: 80.11 %
AUC Score on test set: 0.80

Item: H3K9me3-H3K4me3-H3K4me1
Epoch [10/100] - [TRAIN] Loss: 0.5308, Accuracy: 78.91%, AUC: 0.79 - [VAL] Loss: 0.5367, Accuracy: 78.40%, AUC: 0.78
Epoch [20/100] - [TRAIN] Loss: 0.4959, Accuracy: 79.48%, AUC: 0.79 - [VAL] Loss: 0.5104, Accuracy: 78.83%, AUC: 0.79
Epoch [30/100] - [TRAIN] Loss: 0.4829, Accuracy: 79.45%, AUC: 0.79 - [VAL] Loss: 0.5064, Accuracy: 78.52%, AUC: 0.79
Epoch [40/100] - [TRAIN] Loss: 0.4716, Accuracy: 79.84%, AUC: 0.80 - [VAL] Loss: 0.5023, Accuracy: 78.55%, AUC: 0.79
Epoch [50/100] - [TRAIN] Loss: 0.4717, Accuracy: 80.16%, AUC: 0.80 - [VAL] Loss: 0.4940, Accuracy: 78.49%, AUC: 0.78
Epoch [60/100] - [TRAIN] Loss: 0.4658, Accuracy: 80.23%, AUC: 0.80 - [VAL] Loss: 0.4892, Accuracy: 78.54%, AUC: 0.79
Epoch [70/100] - [TRAIN] Loss: 0.4623, Accuracy: 80.02%, AUC: 0.80 - [VAL] Loss: 0.4867, Accuracy: 78.74%, AUC: 0.79
Epoch [80/100] - [TRAIN] Loss: 0.4571, Accuracy: 80.16%, AUC: 0.80 - [VAL] Loss: 0.4873, Accuracy: 78.72%, AUC: 0.79
Epoch [90/100] - [TRAIN] Loss: 0.4594, Accuracy: 79.82%, AUC: 0.80 - [VAL] Loss: 0.4838, Accuracy: 78.75%, AUC: 0.79
Epoch [100/100] - [TRAIN] Loss: 0.4560, Accuracy: 80.72%, AUC: 0.81 - [VAL] Loss: 0.4823, Accuracy: 78.94%, AUC: 0.79
Training finished!
Accuracy Score on test set: 80.10 %
AUC Score on test set: 0.80

Item: H3K9me3-H3K4me1-H3K4me3
Epoch [10/100] - [TRAIN] Loss: 0.5206, Accuracy: 78.91%, AUC: 0.79 - [VAL] Loss: 0.5304, Accuracy: 78.55%, AUC: 0.79
Epoch [20/100] - [TRAIN] Loss: 0.4931, Accuracy: 79.59%, AUC: 0.80 - [VAL] Loss: 0.5153, Accuracy: 78.60%, AUC: 0.79
Epoch [30/100] - [TRAIN] Loss: 0.4865, Accuracy: 79.52%, AUC: 0.80 - [VAL] Loss: 0.5124, Accuracy: 78.37%, AUC: 0.78
Epoch [40/100] - [TRAIN] Loss: 0.4757, Accuracy: 79.52%, AUC: 0.80 - [VAL] Loss: 0.5007, Accuracy: 78.66%, AUC: 0.79
Epoch [50/100] - [TRAIN] Loss: 0.4688, Accuracy: 80.46%, AUC: 0.80 - [VAL] Loss: 0.5032, Accuracy: 78.66%, AUC: 0.79
Epoch [60/100] - [TRAIN] Loss: 0.4654, Accuracy: 80.32%, AUC: 0.80 - [VAL] Loss: 0.4925, Accuracy: 78.84%, AUC: 0.79
Epoch [70/100] - [TRAIN] Loss: 0.4633, Accuracy: 80.38%, AUC: 0.80 - [VAL] Loss: 0.4902, Accuracy: 78.68%, AUC: 0.79
Epoch [80/100] - [TRAIN] Loss: 0.4622, Accuracy: 80.38%, AUC: 0.80 - [VAL] Loss: 0.4884, Accuracy: 78.80%, AUC: 0.79
Epoch [90/100] - [TRAIN] Loss: 0.4596, Accuracy: 80.49%, AUC: 0.80 - [VAL] Loss: 0.4871, Accuracy: 78.80%, AUC: 0.79
Epoch [100/100] - [TRAIN] Loss: 0.4598, Accuracy: 80.29%, AUC: 0.80 - [VAL] Loss: 0.4878, Accuracy: 78.55%, AUC: 0.79
Training finished!
Accuracy Score on test set: 79.93 %
AUC Score on test set: 0.80

Item: H3K4me3-H3K4me1-H3K27me3
Epoch [10/100] - [TRAIN] Loss: 0.5114, Accuracy: 79.23%, AUC: 0.79 - [VAL] Loss: 0.5245, Accuracy: 78.78%, AUC: 0.79
Epoch [20/100] - [TRAIN] Loss: 0.4898, Accuracy: 79.53%, AUC: 0.80 - [VAL] Loss: 0.4970, Accuracy: 78.20%, AUC: 0.78
Epoch [30/100] - [TRAIN] Loss: 0.4774, Accuracy: 79.77%, AUC: 0.80 - [VAL] Loss: 0.4948, Accuracy: 78.71%, AUC: 0.79
Epoch [40/100] - [TRAIN] Loss: 0.4728, Accuracy: 80.20%, AUC: 0.80 - [VAL] Loss: 0.4861, Accuracy: 78.52%, AUC: 0.79
Epoch [50/100] - [TRAIN] Loss: 0.4702, Accuracy: 80.09%, AUC: 0.80 - [VAL] Loss: 0.4826, Accuracy: 78.58%, AUC: 0.79
Epoch [60/100] - [TRAIN] Loss: 0.4610, Accuracy: 80.40%, AUC: 0.80 - [VAL] Loss: 0.4817, Accuracy: 78.62%, AUC: 0.79
Epoch [70/100] - [TRAIN] Loss: 0.4620, Accuracy: 80.49%, AUC: 0.80 - [VAL] Loss: 0.4798, Accuracy: 78.55%, AUC: 0.79
Epoch [80/100] - [TRAIN] Loss: 0.4552, Accuracy: 80.28%, AUC: 0.80 - [VAL] Loss: 0.4779, Accuracy: 78.77%, AUC: 0.79
Epoch [90/100] - [TRAIN] Loss: 0.4563, Accuracy: 80.37%, AUC: 0.80 - [VAL] Loss: 0.4778, Accuracy: 78.84%, AUC: 0.79
Epoch [100/100] - [TRAIN] Loss: 0.4496, Accuracy: 80.60%, AUC: 0.81 - [VAL] Loss: 0.4778, Accuracy: 78.68%, AUC: 0.79
Training finished!
Accuracy Score on test set: 79.79 %
AUC Score on test set: 0.80

Item: H3K4me3-H3K27me3-H3K4me1
Epoch [10/100] - [TRAIN] Loss: 0.5102, Accuracy: 78.83%, AUC: 0.79 - [VAL] Loss: 0.5277, Accuracy: 78.51%, AUC: 0.79
Epoch [20/100] - [TRAIN] Loss: 0.4830, Accuracy: 79.48%, AUC: 0.79 - [VAL] Loss: 0.5028, Accuracy: 78.49%, AUC: 0.78
Epoch [30/100] - [TRAIN] Loss: 0.4774, Accuracy: 79.91%, AUC: 0.80 - [VAL] Loss: 0.4909, Accuracy: 78.46%, AUC: 0.78
Epoch [40/100] - [TRAIN] Loss: 0.4716, Accuracy: 79.88%, AUC: 0.80 - [VAL] Loss: 0.4828, Accuracy: 78.74%, AUC: 0.79
Epoch [50/100] - [TRAIN] Loss: 0.4599, Accuracy: 80.08%, AUC: 0.80 - [VAL] Loss: 0.4816, Accuracy: 78.77%, AUC: 0.79
Epoch [60/100] - [TRAIN] Loss: 0.4611, Accuracy: 80.60%, AUC: 0.81 - [VAL] Loss: 0.4790, Accuracy: 78.72%, AUC: 0.79
Epoch [70/100] - [TRAIN] Loss: 0.4581, Accuracy: 80.25%, AUC: 0.80 - [VAL] Loss: 0.4792, Accuracy: 78.62%, AUC: 0.79
Epoch [80/100] - [TRAIN] Loss: 0.4509, Accuracy: 80.52%, AUC: 0.81 - [VAL] Loss: 0.4775, Accuracy: 78.89%, AUC: 0.79
Epoch [90/100] - [TRAIN] Loss: 0.4512, Accuracy: 80.61%, AUC: 0.81 - [VAL] Loss: 0.4771, Accuracy: 78.98%, AUC: 0.79
Epoch [100/100] - [TRAIN] Loss: 0.4506, Accuracy: 80.64%, AUC: 0.81 - [VAL] Loss: 0.4778, Accuracy: 78.81%, AUC: 0.79
Training finished!
Accuracy Score on test set: 79.96 %
AUC Score on test set: 0.80

Item: H3K4me1-H3K4me3-H3K27me3
Epoch [10/100] - [TRAIN] Loss: 0.5205, Accuracy: 79.39%, AUC: 0.79 - [VAL] Loss: 0.5266, Accuracy: 78.34%, AUC: 0.78
Epoch [20/100] - [TRAIN] Loss: 0.4848, Accuracy: 79.18%, AUC: 0.79 - [VAL] Loss: 0.5006, Accuracy: 78.48%, AUC: 0.78
Epoch [30/100] - [TRAIN] Loss: 0.4742, Accuracy: 79.55%, AUC: 0.80 - [VAL] Loss: 0.4935, Accuracy: 78.52%, AUC: 0.79
Epoch [40/100] - [TRAIN] Loss: 0.4674, Accuracy: 79.87%, AUC: 0.80 - [VAL] Loss: 0.4868, Accuracy: 78.46%, AUC: 0.78
Epoch [50/100] - [TRAIN] Loss: 0.4636, Accuracy: 80.02%, AUC: 0.80 - [VAL] Loss: 0.4790, Accuracy: 78.74%, AUC: 0.79
Epoch [60/100] - [TRAIN] Loss: 0.4605, Accuracy: 80.54%, AUC: 0.81 - [VAL] Loss: 0.4782, Accuracy: 78.62%, AUC: 0.79
Epoch [70/100] - [TRAIN] Loss: 0.4555, Accuracy: 80.48%, AUC: 0.80 - [VAL] Loss: 0.4770, Accuracy: 78.58%, AUC: 0.79
Epoch [80/100] - [TRAIN] Loss: 0.4537, Accuracy: 80.83%, AUC: 0.81 - [VAL] Loss: 0.4761, Accuracy: 78.65%, AUC: 0.79
Epoch [90/100] - [TRAIN] Loss: 0.4477, Accuracy: 80.90%, AUC: 0.81 - [VAL] Loss: 0.4761, Accuracy: 78.65%, AUC: 0.79
Epoch [100/100] - [TRAIN] Loss: 0.4519, Accuracy: 80.73%, AUC: 0.81 - [VAL] Loss: 0.4752, Accuracy: 79.04%, AUC: 0.79
Training finished!
Accuracy Score on test set: 79.76 %
AUC Score on test set: 0.80

Item: H3K4me1-H3K27me3-H3K4me3
Epoch [10/100] - [TRAIN] Loss: 0.5099, Accuracy: 78.97%, AUC: 0.79 - [VAL] Loss: 0.5231, Accuracy: 78.45%, AUC: 0.78
Epoch [20/100] - [TRAIN] Loss: 0.4854, Accuracy: 79.45%, AUC: 0.79 - [VAL] Loss: 0.5090, Accuracy: 78.40%, AUC: 0.78
Epoch [30/100] - [TRAIN] Loss: 0.4821, Accuracy: 79.61%, AUC: 0.80 - [VAL] Loss: 0.4979, Accuracy: 78.40%, AUC: 0.78
Epoch [40/100] - [TRAIN] Loss: 0.4827, Accuracy: 80.03%, AUC: 0.80 - [VAL] Loss: 0.5289, Accuracy: 73.34%, AUC: 0.73
Epoch [50/100] - [TRAIN] Loss: 0.4632, Accuracy: 80.20%, AUC: 0.80 - [VAL] Loss: 0.4835, Accuracy: 78.51%, AUC: 0.79
Epoch [60/100] - [TRAIN] Loss: 0.4591, Accuracy: 80.25%, AUC: 0.80 - [VAL] Loss: 0.4816, Accuracy: 78.39%, AUC: 0.78
Epoch [70/100] - [TRAIN] Loss: 0.4611, Accuracy: 80.57%, AUC: 0.81 - [VAL] Loss: 0.4818, Accuracy: 78.58%, AUC: 0.79
Epoch [80/100] - [TRAIN] Loss: 0.4553, Accuracy: 80.66%, AUC: 0.81 - [VAL] Loss: 0.4838, Accuracy: 78.49%, AUC: 0.78
Epoch [90/100] - [TRAIN] Loss: 0.4542, Accuracy: 80.38%, AUC: 0.80 - [VAL] Loss: 0.4778, Accuracy: 78.45%, AUC: 0.78
Epoch [100/100] - [TRAIN] Loss: 0.4518, Accuracy: 80.77%, AUC: 0.81 - [VAL] Loss: 0.4772, Accuracy: 78.62%, AUC: 0.79
Training finished!
Accuracy Score on test set: 80.08 %
AUC Score on test set: 0.80

Item: H3K27me3-H3K4me3-H3K4me1
Epoch [10/100] - [TRAIN] Loss: 0.5170, Accuracy: 79.24%, AUC: 0.79 - [VAL] Loss: 0.5455, Accuracy: 77.97%, AUC: 0.78
Epoch [20/100] - [TRAIN] Loss: 0.4933, Accuracy: 79.39%, AUC: 0.79 - [VAL] Loss: 0.4987, Accuracy: 78.63%, AUC: 0.79
Epoch [30/100] - [TRAIN] Loss: 0.4730, Accuracy: 79.50%, AUC: 0.80 - [VAL] Loss: 0.4972, Accuracy: 78.46%, AUC: 0.78
Epoch [40/100] - [TRAIN] Loss: 0.4701, Accuracy: 79.94%, AUC: 0.80 - [VAL] Loss: 0.4926, Accuracy: 78.54%, AUC: 0.79
Epoch [50/100] - [TRAIN] Loss: 0.4655, Accuracy: 80.09%, AUC: 0.80 - [VAL] Loss: 0.4859, Accuracy: 78.48%, AUC: 0.78
Epoch [60/100] - [TRAIN] Loss: 0.4625, Accuracy: 80.52%, AUC: 0.81 - [VAL] Loss: 0.4832, Accuracy: 78.42%, AUC: 0.78
Epoch [70/100] - [TRAIN] Loss: 0.4573, Accuracy: 80.31%, AUC: 0.80 - [VAL] Loss: 0.4804, Accuracy: 78.43%, AUC: 0.78
Epoch [80/100] - [TRAIN] Loss: 0.4560, Accuracy: 80.78%, AUC: 0.81 - [VAL] Loss: 0.4784, Accuracy: 78.58%, AUC: 0.79
Epoch [90/100] - [TRAIN] Loss: 0.4535, Accuracy: 80.69%, AUC: 0.81 - [VAL] Loss: 0.4781, Accuracy: 78.57%, AUC: 0.79
Epoch [100/100] - [TRAIN] Loss: 0.4515, Accuracy: 80.64%, AUC: 0.81 - [VAL] Loss: 0.4779, Accuracy: 78.75%, AUC: 0.79
Training finished!
Accuracy Score on test set: 79.91 %
AUC Score on test set: 0.80

Item: H3K27me3-H3K4me1-H3K4me3
Epoch [10/100] - [TRAIN] Loss: 0.5155, Accuracy: 78.84%, AUC: 0.79 - [VAL] Loss: 0.5312, Accuracy: 78.48%, AUC: 0.78
Epoch [20/100] - [TRAIN] Loss: 0.4881, Accuracy: 79.62%, AUC: 0.80 - [VAL] Loss: 0.4964, Accuracy: 78.86%, AUC: 0.79
Epoch [30/100] - [TRAIN] Loss: 0.4755, Accuracy: 79.55%, AUC: 0.80 - [VAL] Loss: 0.4914, Accuracy: 78.63%, AUC: 0.79
Epoch [40/100] - [TRAIN] Loss: 0.4701, Accuracy: 80.12%, AUC: 0.80 - [VAL] Loss: 0.4866, Accuracy: 78.71%, AUC: 0.79
Epoch [50/100] - [TRAIN] Loss: 0.4661, Accuracy: 79.96%, AUC: 0.80 - [VAL] Loss: 0.4829, Accuracy: 78.48%, AUC: 0.78
Epoch [60/100] - [TRAIN] Loss: 0.4582, Accuracy: 80.22%, AUC: 0.80 - [VAL] Loss: 0.4837, Accuracy: 78.80%, AUC: 0.79
Epoch [70/100] - [TRAIN] Loss: 0.4631, Accuracy: 80.40%, AUC: 0.80 - [VAL] Loss: 0.4791, Accuracy: 78.62%, AUC: 0.79
Epoch [80/100] - [TRAIN] Loss: 0.4530, Accuracy: 80.61%, AUC: 0.81 - [VAL] Loss: 0.4774, Accuracy: 78.62%, AUC: 0.79
Epoch [90/100] - [TRAIN] Loss: 0.4547, Accuracy: 80.37%, AUC: 0.80 - [VAL] Loss: 0.4811, Accuracy: 78.83%, AUC: 0.79
Epoch [100/100] - [TRAIN] Loss: 0.4531, Accuracy: 80.43%, AUC: 0.80 - [VAL] Loss: 0.4765, Accuracy: 78.69%, AUC: 0.79
Training finished!
Accuracy Score on test set: 80.11 %
AUC Score on test set: 0.80

Item: H3K4me3-H3K36me3-H3K9me3
Epoch [10/100] - [TRAIN] Loss: 0.5414, Accuracy: 79.09%, AUC: 0.79 - [VAL] Loss: 0.5417, Accuracy: 78.49%, AUC: 0.78
Epoch [20/100] - [TRAIN] Loss: 0.5024, Accuracy: 79.18%, AUC: 0.79 - [VAL] Loss: 0.5201, Accuracy: 78.36%, AUC: 0.78
Epoch [30/100] - [TRAIN] Loss: 0.4876, Accuracy: 79.56%, AUC: 0.80 - [VAL] Loss: 0.5094, Accuracy: 78.39%, AUC: 0.78
Epoch [40/100] - [TRAIN] Loss: 0.4791, Accuracy: 79.58%, AUC: 0.80 - [VAL] Loss: 0.5029, Accuracy: 78.49%, AUC: 0.78
Epoch [50/100] - [TRAIN] Loss: 0.4763, Accuracy: 79.58%, AUC: 0.80 - [VAL] Loss: 0.5030, Accuracy: 78.39%, AUC: 0.78
Epoch [60/100] - [TRAIN] Loss: 0.4719, Accuracy: 79.73%, AUC: 0.80 - [VAL] Loss: 0.4982, Accuracy: 78.60%, AUC: 0.79
Epoch [70/100] - [TRAIN] Loss: 0.4708, Accuracy: 79.68%, AUC: 0.80 - [VAL] Loss: 0.4965, Accuracy: 78.57%, AUC: 0.79
Epoch [80/100] - [TRAIN] Loss: 0.4665, Accuracy: 80.12%, AUC: 0.80 - [VAL] Loss: 0.4952, Accuracy: 78.57%, AUC: 0.79
Epoch [90/100] - [TRAIN] Loss: 0.4666, Accuracy: 79.84%, AUC: 0.80 - [VAL] Loss: 0.4926, Accuracy: 78.54%, AUC: 0.79
Epoch [100/100] - [TRAIN] Loss: 0.4634, Accuracy: 79.84%, AUC: 0.80 - [VAL] Loss: 0.4914, Accuracy: 78.66%, AUC: 0.79
Training finished!
Accuracy Score on test set: 79.53 %
AUC Score on test set: 0.80

Item: H3K4me3-H3K9me3-H3K36me3
Epoch [10/100] - [TRAIN] Loss: 0.5382, Accuracy: 78.75%, AUC: 0.79 - [VAL] Loss: 0.5433, Accuracy: 78.11%, AUC: 0.78
Epoch [20/100] - [TRAIN] Loss: 0.5097, Accuracy: 78.54%, AUC: 0.79 - [VAL] Loss: 0.5294, Accuracy: 78.29%, AUC: 0.78
Epoch [30/100] - [TRAIN] Loss: 0.4950, Accuracy: 79.07%, AUC: 0.79 - [VAL] Loss: 0.5138, Accuracy: 76.81%, AUC: 0.77
Epoch [40/100] - [TRAIN] Loss: 0.4835, Accuracy: 79.42%, AUC: 0.79 - [VAL] Loss: 0.5027, Accuracy: 78.45%, AUC: 0.78
Epoch [50/100] - [TRAIN] Loss: 0.4816, Accuracy: 79.52%, AUC: 0.80 - [VAL] Loss: 0.5007, Accuracy: 78.46%, AUC: 0.78
Epoch [60/100] - [TRAIN] Loss: 0.4756, Accuracy: 79.52%, AUC: 0.80 - [VAL] Loss: 0.4972, Accuracy: 78.48%, AUC: 0.78
Epoch [70/100] - [TRAIN] Loss: 0.4766, Accuracy: 79.68%, AUC: 0.80 - [VAL] Loss: 0.4951, Accuracy: 78.55%, AUC: 0.79
Epoch [80/100] - [TRAIN] Loss: 0.4692, Accuracy: 79.90%, AUC: 0.80 - [VAL] Loss: 0.4943, Accuracy: 78.40%, AUC: 0.78
Epoch [90/100] - [TRAIN] Loss: 0.4693, Accuracy: 80.02%, AUC: 0.80 - [VAL] Loss: 0.4931, Accuracy: 78.49%, AUC: 0.78
Epoch [100/100] - [TRAIN] Loss: 0.4702, Accuracy: 80.08%, AUC: 0.80 - [VAL] Loss: 0.4941, Accuracy: 78.28%, AUC: 0.78
Training finished!
Accuracy Score on test set: 79.38 %
AUC Score on test set: 0.79

Item: H3K36me3-H3K4me3-H3K9me3
Epoch [10/100] - [TRAIN] Loss: 0.5313, Accuracy: 79.09%, AUC: 0.79 - [VAL] Loss: 0.5378, Accuracy: 78.46%, AUC: 0.78
Epoch [20/100] - [TRAIN] Loss: 0.5026, Accuracy: 79.09%, AUC: 0.79 - [VAL] Loss: 0.5175, Accuracy: 78.37%, AUC: 0.78
Epoch [30/100] - [TRAIN] Loss: 0.4928, Accuracy: 79.47%, AUC: 0.79 - [VAL] Loss: 0.5114, Accuracy: 78.40%, AUC: 0.78
Epoch [40/100] - [TRAIN] Loss: 0.4831, Accuracy: 79.77%, AUC: 0.80 - [VAL] Loss: 0.5113, Accuracy: 78.60%, AUC: 0.79
Epoch [50/100] - [TRAIN] Loss: 0.4840, Accuracy: 79.62%, AUC: 0.80 - [VAL] Loss: 0.5044, Accuracy: 78.49%, AUC: 0.78
Epoch [60/100] - [TRAIN] Loss: 0.4827, Accuracy: 79.99%, AUC: 0.80 - [VAL] Loss: 0.5068, Accuracy: 76.75%, AUC: 0.77
Epoch [70/100] - [TRAIN] Loss: 0.4718, Accuracy: 79.74%, AUC: 0.80 - [VAL] Loss: 0.4981, Accuracy: 78.45%, AUC: 0.78
Epoch [80/100] - [TRAIN] Loss: 0.4758, Accuracy: 79.99%, AUC: 0.80 - [VAL] Loss: 0.5025, Accuracy: 78.52%, AUC: 0.79
Epoch [90/100] - [TRAIN] Loss: 0.4686, Accuracy: 80.16%, AUC: 0.80 - [VAL] Loss: 0.4977, Accuracy: 78.52%, AUC: 0.79
Epoch [100/100] - [TRAIN] Loss: 0.4680, Accuracy: 80.14%, AUC: 0.80 - [VAL] Loss: 0.4946, Accuracy: 78.40%, AUC: 0.78
Training finished!
Accuracy Score on test set: 79.67 %
AUC Score on test set: 0.80

Item: H3K36me3-H3K9me3-H3K4me3
Epoch [10/100] - [TRAIN] Loss: 0.5461, Accuracy: 78.60%, AUC: 0.79 - [VAL] Loss: 0.5466, Accuracy: 78.43%, AUC: 0.78
Epoch [20/100] - [TRAIN] Loss: 0.5085, Accuracy: 78.78%, AUC: 0.79 - [VAL] Loss: 0.5241, Accuracy: 78.54%, AUC: 0.79
Epoch [30/100] - [TRAIN] Loss: 0.4952, Accuracy: 79.33%, AUC: 0.79 - [VAL] Loss: 0.5081, Accuracy: 78.36%, AUC: 0.78
Epoch [40/100] - [TRAIN] Loss: 0.4837, Accuracy: 79.23%, AUC: 0.79 - [VAL] Loss: 0.5025, Accuracy: 78.23%, AUC: 0.78
Epoch [50/100] - [TRAIN] Loss: 0.4847, Accuracy: 79.50%, AUC: 0.80 - [VAL] Loss: 0.4998, Accuracy: 78.54%, AUC: 0.79
Epoch [60/100] - [TRAIN] Loss: 0.4745, Accuracy: 79.67%, AUC: 0.80 - [VAL] Loss: 0.4964, Accuracy: 78.45%, AUC: 0.78
Epoch [70/100] - [TRAIN] Loss: 0.4729, Accuracy: 79.73%, AUC: 0.80 - [VAL] Loss: 0.4956, Accuracy: 78.37%, AUC: 0.78
Epoch [80/100] - [TRAIN] Loss: 0.4736, Accuracy: 79.79%, AUC: 0.80 - [VAL] Loss: 0.4932, Accuracy: 78.57%, AUC: 0.79
Epoch [90/100] - [TRAIN] Loss: 0.4691, Accuracy: 79.70%, AUC: 0.80 - [VAL] Loss: 0.4930, Accuracy: 78.32%, AUC: 0.78
Epoch [100/100] - [TRAIN] Loss: 0.4699, Accuracy: 79.84%, AUC: 0.80 - [VAL] Loss: 0.4923, Accuracy: 78.62%, AUC: 0.79
Training finished!
Accuracy Score on test set: 79.62 %
AUC Score on test set: 0.80

Item: H3K9me3-H3K4me3-H3K36me3
Epoch [10/100] - [TRAIN] Loss: 0.5375, Accuracy: 78.91%, AUC: 0.79 - [VAL] Loss: 0.5442, Accuracy: 78.39%, AUC: 0.78
Epoch [20/100] - [TRAIN] Loss: 0.5061, Accuracy: 79.29%, AUC: 0.79 - [VAL] Loss: 0.5245, Accuracy: 78.45%, AUC: 0.78
Epoch [30/100] - [TRAIN] Loss: 0.5018, Accuracy: 79.21%, AUC: 0.79 - [VAL] Loss: 0.5182, Accuracy: 76.43%, AUC: 0.76
Epoch [40/100] - [TRAIN] Loss: 0.4861, Accuracy: 79.50%, AUC: 0.80 - [VAL] Loss: 0.5056, Accuracy: 78.49%, AUC: 0.78
Epoch [50/100] - [TRAIN] Loss: 0.4806, Accuracy: 79.67%, AUC: 0.80 - [VAL] Loss: 0.5027, Accuracy: 78.57%, AUC: 0.79
Epoch [60/100] - [TRAIN] Loss: 0.4746, Accuracy: 79.85%, AUC: 0.80 - [VAL] Loss: 0.4996, Accuracy: 78.57%, AUC: 0.79
Epoch [70/100] - [TRAIN] Loss: 0.4727, Accuracy: 79.82%, AUC: 0.80 - [VAL] Loss: 0.4993, Accuracy: 78.49%, AUC: 0.78
Epoch [80/100] - [TRAIN] Loss: 0.4750, Accuracy: 80.03%, AUC: 0.80 - [VAL] Loss: 0.4984, Accuracy: 77.91%, AUC: 0.78
Epoch [90/100] - [TRAIN] Loss: 0.4697, Accuracy: 79.93%, AUC: 0.80 - [VAL] Loss: 0.4959, Accuracy: 78.06%, AUC: 0.78
Epoch [100/100] - [TRAIN] Loss: 0.4677, Accuracy: 80.29%, AUC: 0.80 - [VAL] Loss: 0.4958, Accuracy: 78.57%, AUC: 0.79
Training finished!
Accuracy Score on test set: 79.13 %
AUC Score on test set: 0.79

Item: H3K9me3-H3K36me3-H3K4me3
Epoch [10/100] - [TRAIN] Loss: 0.5348, Accuracy: 78.78%, AUC: 0.79 - [VAL] Loss: 0.5386, Accuracy: 78.45%, AUC: 0.78
Epoch [20/100] - [TRAIN] Loss: 0.5072, Accuracy: 78.97%, AUC: 0.79 - [VAL] Loss: 0.5146, Accuracy: 78.16%, AUC: 0.78
Epoch [30/100] - [TRAIN] Loss: 0.4984, Accuracy: 79.26%, AUC: 0.79 - [VAL] Loss: 0.5055, Accuracy: 78.28%, AUC: 0.78
Epoch [40/100] - [TRAIN] Loss: 0.4836, Accuracy: 79.38%, AUC: 0.79 - [VAL] Loss: 0.5054, Accuracy: 78.54%, AUC: 0.79
Epoch [50/100] - [TRAIN] Loss: 0.4797, Accuracy: 79.42%, AUC: 0.79 - [VAL] Loss: 0.4995, Accuracy: 78.11%, AUC: 0.78
Epoch [60/100] - [TRAIN] Loss: 0.4771, Accuracy: 79.93%, AUC: 0.80 - [VAL] Loss: 0.5018, Accuracy: 78.45%, AUC: 0.78
Epoch [70/100] - [TRAIN] Loss: 0.4745, Accuracy: 79.84%, AUC: 0.80 - [VAL] Loss: 0.4970, Accuracy: 78.25%, AUC: 0.78
Epoch [80/100] - [TRAIN] Loss: 0.4730, Accuracy: 80.05%, AUC: 0.80 - [VAL] Loss: 0.5008, Accuracy: 77.33%, AUC: 0.77
Epoch [90/100] - [TRAIN] Loss: 0.4676, Accuracy: 80.03%, AUC: 0.80 - [VAL] Loss: 0.4960, Accuracy: 78.43%, AUC: 0.78
Epoch [100/100] - [TRAIN] Loss: 0.4665, Accuracy: 79.87%, AUC: 0.80 - [VAL] Loss: 0.4962, Accuracy: 78.55%, AUC: 0.79
Training finished!
Accuracy Score on test set: 79.29 %
AUC Score on test set: 0.79

Item: H3K4me3-H3K36me3-H3K27me3
Epoch [10/100] - [TRAIN] Loss: 0.5210, Accuracy: 79.00%, AUC: 0.79 - [VAL] Loss: 0.5371, Accuracy: 78.08%, AUC: 0.78
Epoch [20/100] - [TRAIN] Loss: 0.4905, Accuracy: 79.59%, AUC: 0.80 - [VAL] Loss: 0.5063, Accuracy: 78.65%, AUC: 0.79
Epoch [30/100] - [TRAIN] Loss: 0.4863, Accuracy: 79.56%, AUC: 0.80 - [VAL] Loss: 0.4947, Accuracy: 78.68%, AUC: 0.79
Epoch [40/100] - [TRAIN] Loss: 0.4757, Accuracy: 79.87%, AUC: 0.80 - [VAL] Loss: 0.4931, Accuracy: 78.55%, AUC: 0.79
Epoch [50/100] - [TRAIN] Loss: 0.4833, Accuracy: 79.82%, AUC: 0.80 - [VAL] Loss: 0.5005, Accuracy: 77.25%, AUC: 0.77
Epoch [60/100] - [TRAIN] Loss: 0.4741, Accuracy: 79.62%, AUC: 0.80 - [VAL] Loss: 0.4893, Accuracy: 78.58%, AUC: 0.79
Epoch [70/100] - [TRAIN] Loss: 0.4667, Accuracy: 80.14%, AUC: 0.80 - [VAL] Loss: 0.4861, Accuracy: 78.34%, AUC: 0.78
Epoch [80/100] - [TRAIN] Loss: 0.4678, Accuracy: 79.99%, AUC: 0.80 - [VAL] Loss: 0.4858, Accuracy: 78.69%, AUC: 0.79
Epoch [90/100] - [TRAIN] Loss: 0.4618, Accuracy: 80.37%, AUC: 0.80 - [VAL] Loss: 0.4855, Accuracy: 78.43%, AUC: 0.78
Epoch [100/100] - [TRAIN] Loss: 0.4628, Accuracy: 80.23%, AUC: 0.80 - [VAL] Loss: 0.4849, Accuracy: 78.68%, AUC: 0.79
Training finished!
Accuracy Score on test set: 79.47 %
AUC Score on test set: 0.79

Saving the final results
Batch FINISHED!!!

Real-time duration: 5570.808516908 seconds
