Using cpu device
Loading the data ...
Item: H3K27me3-H3K4me1-H3K9me3-H3K36me3
Epoch [10/100] - [TRAIN] Loss: 0.5469, Accuracy: 76.31%, AUC: 0.76 - [VAL] Loss: 0.5590, Accuracy: 75.99%, AUC: 0.76
Epoch [20/100] - [TRAIN] Loss: 0.5134, Accuracy: 77.64%, AUC: 0.78 - [VAL] Loss: 0.5437, Accuracy: 76.35%, AUC: 0.76
Epoch [30/100] - [TRAIN] Loss: 0.5038, Accuracy: 77.98%, AUC: 0.78 - [VAL] Loss: 0.5301, Accuracy: 76.70%, AUC: 0.77
Epoch [40/100] - [TRAIN] Loss: 0.4965, Accuracy: 77.75%, AUC: 0.78 - [VAL] Loss: 0.5259, Accuracy: 76.84%, AUC: 0.77
Epoch [50/100] - [TRAIN] Loss: 0.4927, Accuracy: 78.78%, AUC: 0.79 - [VAL] Loss: 0.5207, Accuracy: 76.89%, AUC: 0.77
Epoch [60/100] - [TRAIN] Loss: 0.4820, Accuracy: 78.71%, AUC: 0.79 - [VAL] Loss: 0.5192, Accuracy: 77.01%, AUC: 0.77
Epoch [70/100] - [TRAIN] Loss: 0.4807, Accuracy: 78.91%, AUC: 0.79 - [VAL] Loss: 0.5116, Accuracy: 77.03%, AUC: 0.77
Epoch [80/100] - [TRAIN] Loss: 0.4770, Accuracy: 79.24%, AUC: 0.79 - [VAL] Loss: 0.5081, Accuracy: 77.27%, AUC: 0.77
Epoch [90/100] - [TRAIN] Loss: 0.4775, Accuracy: 78.86%, AUC: 0.79 - [VAL] Loss: 0.5076, Accuracy: 77.22%, AUC: 0.77
Epoch [100/100] - [TRAIN] Loss: 0.4757, Accuracy: 78.98%, AUC: 0.79 - [VAL] Loss: 0.5046, Accuracy: 77.25%, AUC: 0.77
Training finished!
Accuracy Score on test set: 78.66 %
AUC Score on test set: 0.79

Item: H3K27me3-H3K36me3-H3K4me1-H3K9me3
Epoch [10/100] - [TRAIN] Loss: 0.5438, Accuracy: 76.28%, AUC: 0.76 - [VAL] Loss: 0.5647, Accuracy: 75.82%, AUC: 0.76
Epoch [20/100] - [TRAIN] Loss: 0.5269, Accuracy: 77.53%, AUC: 0.78 - [VAL] Loss: 0.5302, Accuracy: 76.41%, AUC: 0.76
Epoch [30/100] - [TRAIN] Loss: 0.5054, Accuracy: 77.75%, AUC: 0.78 - [VAL] Loss: 0.5339, Accuracy: 76.37%, AUC: 0.76
Epoch [40/100] - [TRAIN] Loss: 0.4998, Accuracy: 78.31%, AUC: 0.78 - [VAL] Loss: 0.5188, Accuracy: 76.89%, AUC: 0.77
Epoch [50/100] - [TRAIN] Loss: 0.4987, Accuracy: 78.31%, AUC: 0.78 - [VAL] Loss: 0.5187, Accuracy: 76.63%, AUC: 0.77
Epoch [60/100] - [TRAIN] Loss: 0.4903, Accuracy: 78.39%, AUC: 0.78 - [VAL] Loss: 0.5129, Accuracy: 76.86%, AUC: 0.77
Epoch [70/100] - [TRAIN] Loss: 0.4847, Accuracy: 78.89%, AUC: 0.79 - [VAL] Loss: 0.5080, Accuracy: 77.10%, AUC: 0.77
Epoch [80/100] - [TRAIN] Loss: 0.4833, Accuracy: 78.77%, AUC: 0.79 - [VAL] Loss: 0.5061, Accuracy: 77.10%, AUC: 0.77
Epoch [90/100] - [TRAIN] Loss: 0.4793, Accuracy: 79.39%, AUC: 0.79 - [VAL] Loss: 0.5072, Accuracy: 76.92%, AUC: 0.77
Epoch [100/100] - [TRAIN] Loss: 0.4811, Accuracy: 79.35%, AUC: 0.79 - [VAL] Loss: 0.5076, Accuracy: 76.99%, AUC: 0.77
Training finished!
Accuracy Score on test set: 78.51 %
AUC Score on test set: 0.79

Item: H3K27me3-H3K36me3-H3K9me3-H3K4me1
Epoch [10/100] - [TRAIN] Loss: 0.5436, Accuracy: 76.71%, AUC: 0.77 - [VAL] Loss: 0.5587, Accuracy: 75.68%, AUC: 0.76
Epoch [20/100] - [TRAIN] Loss: 0.5201, Accuracy: 77.18%, AUC: 0.77 - [VAL] Loss: 0.5465, Accuracy: 76.29%, AUC: 0.76
Epoch [30/100] - [TRAIN] Loss: 0.5043, Accuracy: 77.96%, AUC: 0.78 - [VAL] Loss: 0.5314, Accuracy: 76.51%, AUC: 0.77
Epoch [40/100] - [TRAIN] Loss: 0.4974, Accuracy: 78.01%, AUC: 0.78 - [VAL] Loss: 0.5344, Accuracy: 76.44%, AUC: 0.76
Epoch [50/100] - [TRAIN] Loss: 0.5028, Accuracy: 78.78%, AUC: 0.79 - [VAL] Loss: 0.5113, Accuracy: 77.04%, AUC: 0.77
Epoch [60/100] - [TRAIN] Loss: 0.4831, Accuracy: 79.04%, AUC: 0.79 - [VAL] Loss: 0.5229, Accuracy: 76.81%, AUC: 0.77
Epoch [70/100] - [TRAIN] Loss: 0.4863, Accuracy: 79.03%, AUC: 0.79 - [VAL] Loss: 0.5121, Accuracy: 77.04%, AUC: 0.77
Epoch [80/100] - [TRAIN] Loss: 0.4775, Accuracy: 79.59%, AUC: 0.80 - [VAL] Loss: 0.5095, Accuracy: 77.15%, AUC: 0.77
Epoch [90/100] - [TRAIN] Loss: 0.4779, Accuracy: 79.21%, AUC: 0.79 - [VAL] Loss: 0.5131, Accuracy: 77.18%, AUC: 0.77
Epoch [100/100] - [TRAIN] Loss: 0.4751, Accuracy: 79.24%, AUC: 0.79 - [VAL] Loss: 0.5039, Accuracy: 77.27%, AUC: 0.77
Training finished!
Accuracy Score on test set: 78.58 %
AUC Score on test set: 0.79

Item: H3K27me3-H3K9me3-H3K4me1-H3K36me3
Epoch [10/100] - [TRAIN] Loss: 0.5384, Accuracy: 76.42%, AUC: 0.76 - [VAL] Loss: 0.5497, Accuracy: 75.92%, AUC: 0.76
Epoch [20/100] - [TRAIN] Loss: 0.5156, Accuracy: 77.66%, AUC: 0.78 - [VAL] Loss: 0.5341, Accuracy: 76.26%, AUC: 0.76
Epoch [30/100] - [TRAIN] Loss: 0.5073, Accuracy: 77.59%, AUC: 0.78 - [VAL] Loss: 0.5324, Accuracy: 76.29%, AUC: 0.76
Epoch [40/100] - [TRAIN] Loss: 0.5006, Accuracy: 78.22%, AUC: 0.78 - [VAL] Loss: 0.5202, Accuracy: 76.64%, AUC: 0.77
Epoch [50/100] - [TRAIN] Loss: 0.4948, Accuracy: 78.81%, AUC: 0.79 - [VAL] Loss: 0.5176, Accuracy: 76.67%, AUC: 0.77
Epoch [60/100] - [TRAIN] Loss: 0.4884, Accuracy: 78.60%, AUC: 0.79 - [VAL] Loss: 0.5162, Accuracy: 76.73%, AUC: 0.77
Epoch [70/100] - [TRAIN] Loss: 0.4822, Accuracy: 78.83%, AUC: 0.79 - [VAL] Loss: 0.5155, Accuracy: 76.80%, AUC: 0.77
Epoch [80/100] - [TRAIN] Loss: 0.4830, Accuracy: 79.18%, AUC: 0.79 - [VAL] Loss: 0.5139, Accuracy: 76.81%, AUC: 0.77
Epoch [90/100] - [TRAIN] Loss: 0.4817, Accuracy: 78.92%, AUC: 0.79 - [VAL] Loss: 0.5106, Accuracy: 76.84%, AUC: 0.77
Epoch [100/100] - [TRAIN] Loss: 0.4802, Accuracy: 79.36%, AUC: 0.79 - [VAL] Loss: 0.5024, Accuracy: 77.24%, AUC: 0.77
Training finished!
Accuracy Score on test set: 78.54 %
AUC Score on test set: 0.79

Item: H3K27me3-H3K9me3-H3K36me3-H3K4me1
Epoch [10/100] - [TRAIN] Loss: 0.5426, Accuracy: 76.65%, AUC: 0.77 - [VAL] Loss: 0.5550, Accuracy: 75.85%, AUC: 0.76
Epoch [20/100] - [TRAIN] Loss: 0.5186, Accuracy: 77.47%, AUC: 0.77 - [VAL] Loss: 0.5400, Accuracy: 76.46%, AUC: 0.76
Epoch [30/100] - [TRAIN] Loss: 0.5035, Accuracy: 77.75%, AUC: 0.78 - [VAL] Loss: 0.5302, Accuracy: 76.51%, AUC: 0.77
Epoch [40/100] - [TRAIN] Loss: 0.4984, Accuracy: 78.11%, AUC: 0.78 - [VAL] Loss: 0.5283, Accuracy: 76.35%, AUC: 0.76
Epoch [50/100] - [TRAIN] Loss: 0.4915, Accuracy: 78.40%, AUC: 0.78 - [VAL] Loss: 0.5190, Accuracy: 76.58%, AUC: 0.77
Epoch [60/100] - [TRAIN] Loss: 0.4869, Accuracy: 78.60%, AUC: 0.79 - [VAL] Loss: 0.5147, Accuracy: 76.73%, AUC: 0.77
Epoch [70/100] - [TRAIN] Loss: 0.4805, Accuracy: 78.80%, AUC: 0.79 - [VAL] Loss: 0.5121, Accuracy: 76.83%, AUC: 0.77
Epoch [80/100] - [TRAIN] Loss: 0.4792, Accuracy: 79.23%, AUC: 0.79 - [VAL] Loss: 0.5088, Accuracy: 76.95%, AUC: 0.77
Epoch [90/100] - [TRAIN] Loss: 0.4769, Accuracy: 79.16%, AUC: 0.79 - [VAL] Loss: 0.5103, Accuracy: 76.86%, AUC: 0.77
Epoch [100/100] - [TRAIN] Loss: 0.4767, Accuracy: 79.26%, AUC: 0.79 - [VAL] Loss: 0.5143, Accuracy: 76.63%, AUC: 0.77
Training finished!
Accuracy Score on test set: 78.81 %
AUC Score on test set: 0.79

Item: H3K4me3-H3K4me1-H3K36me3-H3K9me3-H3K27me3
Epoch [10/100] - [TRAIN] Loss: 0.5094, Accuracy: 79.12%, AUC: 0.79 - [VAL] Loss: 0.5170, Accuracy: 78.65%, AUC: 0.79
Epoch [20/100] - [TRAIN] Loss: 0.4798, Accuracy: 79.93%, AUC: 0.80 - [VAL] Loss: 0.5089, Accuracy: 78.46%, AUC: 0.78
Epoch [30/100] - [TRAIN] Loss: 0.4652, Accuracy: 80.25%, AUC: 0.80 - [VAL] Loss: 0.5002, Accuracy: 78.71%, AUC: 0.79
Epoch [40/100] - [TRAIN] Loss: 0.4600, Accuracy: 80.35%, AUC: 0.80 - [VAL] Loss: 0.4850, Accuracy: 78.84%, AUC: 0.79
Epoch [50/100] - [TRAIN] Loss: 0.4559, Accuracy: 80.57%, AUC: 0.81 - [VAL] Loss: 0.4910, Accuracy: 78.71%, AUC: 0.79
Epoch [60/100] - [TRAIN] Loss: 0.4539, Accuracy: 80.89%, AUC: 0.81 - [VAL] Loss: 0.4864, Accuracy: 78.89%, AUC: 0.79
Epoch [70/100] - [TRAIN] Loss: 0.4502, Accuracy: 80.90%, AUC: 0.81 - [VAL] Loss: 0.4888, Accuracy: 78.72%, AUC: 0.79
Epoch [80/100] - [TRAIN] Loss: 0.4489, Accuracy: 80.83%, AUC: 0.81 - [VAL] Loss: 0.4703, Accuracy: 79.29%, AUC: 0.79
Epoch [90/100] - [TRAIN] Loss: 0.4461, Accuracy: 81.12%, AUC: 0.81 - [VAL] Loss: 0.4732, Accuracy: 79.21%, AUC: 0.79
Epoch [100/100] - [TRAIN] Loss: 0.4399, Accuracy: 81.31%, AUC: 0.81 - [VAL] Loss: 0.4699, Accuracy: 79.18%, AUC: 0.79
Training finished!
Accuracy Score on test set: 80.57 %
AUC Score on test set: 0.81

Item: H3K4me3-H3K4me1-H3K36me3-H3K27me3-H3K9me3
Epoch [10/100] - [TRAIN] Loss: 0.5205, Accuracy: 79.26%, AUC: 0.79 - [VAL] Loss: 0.5376, Accuracy: 77.99%, AUC: 0.78
Epoch [20/100] - [TRAIN] Loss: 0.4860, Accuracy: 79.88%, AUC: 0.80 - [VAL] Loss: 0.4966, Accuracy: 78.89%, AUC: 0.79
Epoch [30/100] - [TRAIN] Loss: 0.4711, Accuracy: 80.12%, AUC: 0.80 - [VAL] Loss: 0.4944, Accuracy: 78.71%, AUC: 0.79
Epoch [40/100] - [TRAIN] Loss: 0.4709, Accuracy: 80.32%, AUC: 0.80 - [VAL] Loss: 0.4898, Accuracy: 78.80%, AUC: 0.79
Epoch [50/100] - [TRAIN] Loss: 0.4557, Accuracy: 80.41%, AUC: 0.80 - [VAL] Loss: 0.4803, Accuracy: 79.03%, AUC: 0.79
Epoch [60/100] - [TRAIN] Loss: 0.4501, Accuracy: 80.98%, AUC: 0.81 - [VAL] Loss: 0.4803, Accuracy: 78.91%, AUC: 0.79
Epoch [70/100] - [TRAIN] Loss: 0.4489, Accuracy: 80.75%, AUC: 0.81 - [VAL] Loss: 0.4720, Accuracy: 78.98%, AUC: 0.79
Epoch [80/100] - [TRAIN] Loss: 0.4457, Accuracy: 81.12%, AUC: 0.81 - [VAL] Loss: 0.4721, Accuracy: 79.09%, AUC: 0.79
Epoch [90/100] - [TRAIN] Loss: 0.4421, Accuracy: 80.95%, AUC: 0.81 - [VAL] Loss: 0.4835, Accuracy: 78.71%, AUC: 0.79
Epoch [100/100] - [TRAIN] Loss: 0.4462, Accuracy: 80.90%, AUC: 0.81 - [VAL] Loss: 0.4720, Accuracy: 78.86%, AUC: 0.79
Training finished!
Accuracy Score on test set: 80.50 %
AUC Score on test set: 0.80

Item: H3K4me3-H3K4me1-H3K9me3-H3K36me3-H3K27me3
Epoch [10/100] - [TRAIN] Loss: 0.5048, Accuracy: 79.71%, AUC: 0.80 - [VAL] Loss: 0.5417, Accuracy: 78.31%, AUC: 0.78
Epoch [20/100] - [TRAIN] Loss: 0.4813, Accuracy: 80.12%, AUC: 0.80 - [VAL] Loss: 0.4881, Accuracy: 79.12%, AUC: 0.79
Epoch [30/100] - [TRAIN] Loss: 0.4647, Accuracy: 80.32%, AUC: 0.80 - [VAL] Loss: 0.4945, Accuracy: 78.80%, AUC: 0.79
Epoch [40/100] - [TRAIN] Loss: 0.4566, Accuracy: 80.78%, AUC: 0.81 - [VAL] Loss: 0.4945, Accuracy: 78.72%, AUC: 0.79
Epoch [50/100] - [TRAIN] Loss: 0.4588, Accuracy: 80.64%, AUC: 0.81 - [VAL] Loss: 0.4871, Accuracy: 78.94%, AUC: 0.79
Epoch [60/100] - [TRAIN] Loss: 0.4530, Accuracy: 80.69%, AUC: 0.81 - [VAL] Loss: 0.4767, Accuracy: 78.91%, AUC: 0.79
Epoch [70/100] - [TRAIN] Loss: 0.4472, Accuracy: 80.81%, AUC: 0.81 - [VAL] Loss: 0.4809, Accuracy: 79.03%, AUC: 0.79
Epoch [80/100] - [TRAIN] Loss: 0.4455, Accuracy: 80.95%, AUC: 0.81 - [VAL] Loss: 0.4688, Accuracy: 79.18%, AUC: 0.79
Epoch [90/100] - [TRAIN] Loss: 0.4426, Accuracy: 81.31%, AUC: 0.81 - [VAL] Loss: 0.4680, Accuracy: 79.29%, AUC: 0.79
Epoch [100/100] - [TRAIN] Loss: 0.4375, Accuracy: 81.13%, AUC: 0.81 - [VAL] Loss: 0.4718, Accuracy: 79.20%, AUC: 0.79
Training finished!
Accuracy Score on test set: 80.62 %
AUC Score on test set: 0.81

Item: H3K4me3-H3K4me1-H3K9me3-H3K27me3-H3K36me3
Epoch [10/100] - [TRAIN] Loss: 0.5109, Accuracy: 79.29%, AUC: 0.79 - [VAL] Loss: 0.5177, Accuracy: 78.83%, AUC: 0.79
Epoch [20/100] - [TRAIN] Loss: 0.4797, Accuracy: 79.64%, AUC: 0.80 - [VAL] Loss: 0.5095, Accuracy: 78.68%, AUC: 0.79
Epoch [30/100] - [TRAIN] Loss: 0.4680, Accuracy: 80.22%, AUC: 0.80 - [VAL] Loss: 0.4834, Accuracy: 78.77%, AUC: 0.79
Epoch [40/100] - [TRAIN] Loss: 0.4596, Accuracy: 80.64%, AUC: 0.81 - [VAL] Loss: 0.4838, Accuracy: 79.03%, AUC: 0.79
Epoch [50/100] - [TRAIN] Loss: 0.4625, Accuracy: 80.34%, AUC: 0.80 - [VAL] Loss: 0.4744, Accuracy: 78.81%, AUC: 0.79
Epoch [60/100] - [TRAIN] Loss: 0.4513, Accuracy: 80.89%, AUC: 0.81 - [VAL] Loss: 0.4753, Accuracy: 79.09%, AUC: 0.79
Epoch [70/100] - [TRAIN] Loss: 0.4490, Accuracy: 80.66%, AUC: 0.81 - [VAL] Loss: 0.4750, Accuracy: 79.29%, AUC: 0.79
Epoch [80/100] - [TRAIN] Loss: 0.4483, Accuracy: 80.86%, AUC: 0.81 - [VAL] Loss: 0.4713, Accuracy: 79.00%, AUC: 0.79
Epoch [90/100] - [TRAIN] Loss: 0.4552, Accuracy: 81.16%, AUC: 0.81 - [VAL] Loss: 0.4820, Accuracy: 77.87%, AUC: 0.78
Epoch [100/100] - [TRAIN] Loss: 0.4386, Accuracy: 81.01%, AUC: 0.81 - [VAL] Loss: 0.4704, Accuracy: 78.83%, AUC: 0.79
Training finished!
Accuracy Score on test set: 80.77 %
AUC Score on test set: 0.81

Item: H3K4me3-H3K4me1-H3K27me3-H3K36me3-H3K9me3
Epoch [10/100] - [TRAIN] Loss: 0.5141, Accuracy: 79.15%, AUC: 0.79 - [VAL] Loss: 0.5328, Accuracy: 78.58%, AUC: 0.79
Epoch [20/100] - [TRAIN] Loss: 0.4829, Accuracy: 79.18%, AUC: 0.79 - [VAL] Loss: 0.4972, Accuracy: 78.91%, AUC: 0.79
Epoch [30/100] - [TRAIN] Loss: 0.4678, Accuracy: 80.26%, AUC: 0.80 - [VAL] Loss: 0.4904, Accuracy: 78.86%, AUC: 0.79
Epoch [40/100] - [TRAIN] Loss: 0.4640, Accuracy: 79.93%, AUC: 0.80 - [VAL] Loss: 0.4810, Accuracy: 78.94%, AUC: 0.79
Epoch [50/100] - [TRAIN] Loss: 0.4576, Accuracy: 80.45%, AUC: 0.80 - [VAL] Loss: 0.4835, Accuracy: 78.81%, AUC: 0.79
Epoch [60/100] - [TRAIN] Loss: 0.4536, Accuracy: 80.54%, AUC: 0.81 - [VAL] Loss: 0.4797, Accuracy: 78.87%, AUC: 0.79
Epoch [70/100] - [TRAIN] Loss: 0.4504, Accuracy: 80.93%, AUC: 0.81 - [VAL] Loss: 0.4762, Accuracy: 78.69%, AUC: 0.79
Epoch [80/100] - [TRAIN] Loss: 0.4488, Accuracy: 80.87%, AUC: 0.81 - [VAL] Loss: 0.4763, Accuracy: 79.00%, AUC: 0.79
Epoch [90/100] - [TRAIN] Loss: 0.4439, Accuracy: 81.05%, AUC: 0.81 - [VAL] Loss: 0.4757, Accuracy: 79.06%, AUC: 0.79
Epoch [100/100] - [TRAIN] Loss: 0.4420, Accuracy: 81.04%, AUC: 0.81 - [VAL] Loss: 0.4728, Accuracy: 79.27%, AUC: 0.79
Training finished!
Accuracy Score on test set: 80.59 %
AUC Score on test set: 0.81

Item: H3K4me3-H3K4me1-H3K27me3-H3K9me3-H3K36me3
Epoch [10/100] - [TRAIN] Loss: 0.5206, Accuracy: 78.89%, AUC: 0.79 - [VAL] Loss: 0.5308, Accuracy: 78.43%, AUC: 0.78
Epoch [20/100] - [TRAIN] Loss: 0.4830, Accuracy: 79.97%, AUC: 0.80 - [VAL] Loss: 0.5000, Accuracy: 78.71%, AUC: 0.79
Epoch [30/100] - [TRAIN] Loss: 0.4701, Accuracy: 80.22%, AUC: 0.80 - [VAL] Loss: 0.4928, Accuracy: 78.84%, AUC: 0.79
Epoch [40/100] - [TRAIN] Loss: 0.4615, Accuracy: 80.58%, AUC: 0.81 - [VAL] Loss: 0.4844, Accuracy: 78.63%, AUC: 0.79
Epoch [50/100] - [TRAIN] Loss: 0.4536, Accuracy: 80.77%, AUC: 0.81 - [VAL] Loss: 0.4763, Accuracy: 78.74%, AUC: 0.79
Epoch [60/100] - [TRAIN] Loss: 0.4487, Accuracy: 80.70%, AUC: 0.81 - [VAL] Loss: 0.4742, Accuracy: 78.63%, AUC: 0.79
Epoch [70/100] - [TRAIN] Loss: 0.4475, Accuracy: 80.69%, AUC: 0.81 - [VAL] Loss: 0.4739, Accuracy: 78.55%, AUC: 0.79
Epoch [80/100] - [TRAIN] Loss: 0.4436, Accuracy: 81.10%, AUC: 0.81 - [VAL] Loss: 0.4711, Accuracy: 79.00%, AUC: 0.79
Epoch [90/100] - [TRAIN] Loss: 0.4409, Accuracy: 81.22%, AUC: 0.81 - [VAL] Loss: 0.4699, Accuracy: 79.13%, AUC: 0.79
Epoch [100/100] - [TRAIN] Loss: 0.4518, Accuracy: 81.09%, AUC: 0.81 - [VAL] Loss: 0.4721, Accuracy: 78.97%, AUC: 0.79
Training finished!
Accuracy Score on test set: 80.80 %
AUC Score on test set: 0.81

Item: H3K4me3-H3K36me3-H3K4me1-H3K9me3-H3K27me3
Epoch [10/100] - [TRAIN] Loss: 0.5059, Accuracy: 79.21%, AUC: 0.79 - [VAL] Loss: 0.5324, Accuracy: 78.31%, AUC: 0.78
Epoch [20/100] - [TRAIN] Loss: 0.4773, Accuracy: 79.55%, AUC: 0.80 - [VAL] Loss: 0.5043, Accuracy: 78.63%, AUC: 0.79
Epoch [30/100] - [TRAIN] Loss: 0.4644, Accuracy: 80.32%, AUC: 0.80 - [VAL] Loss: 0.4931, Accuracy: 78.75%, AUC: 0.79
Epoch [40/100] - [TRAIN] Loss: 0.4614, Accuracy: 80.57%, AUC: 0.81 - [VAL] Loss: 0.4794, Accuracy: 79.06%, AUC: 0.79
Epoch [50/100] - [TRAIN] Loss: 0.4552, Accuracy: 80.61%, AUC: 0.81 - [VAL] Loss: 0.4761, Accuracy: 79.04%, AUC: 0.79
Epoch [60/100] - [TRAIN] Loss: 0.4486, Accuracy: 80.61%, AUC: 0.81 - [VAL] Loss: 0.4797, Accuracy: 79.09%, AUC: 0.79
Epoch [70/100] - [TRAIN] Loss: 0.4481, Accuracy: 80.84%, AUC: 0.81 - [VAL] Loss: 0.4728, Accuracy: 79.23%, AUC: 0.79
Epoch [80/100] - [TRAIN] Loss: 0.4441, Accuracy: 80.69%, AUC: 0.81 - [VAL] Loss: 0.4692, Accuracy: 79.13%, AUC: 0.79
Epoch [90/100] - [TRAIN] Loss: 0.4448, Accuracy: 81.07%, AUC: 0.81 - [VAL] Loss: 0.4798, Accuracy: 79.09%, AUC: 0.79
Epoch [100/100] - [TRAIN] Loss: 0.4402, Accuracy: 81.18%, AUC: 0.81 - [VAL] Loss: 0.4730, Accuracy: 79.27%, AUC: 0.79
Training finished!
Accuracy Score on test set: 80.89 %
AUC Score on test set: 0.81

Item: H3K4me3-H3K36me3-H3K4me1-H3K27me3-H3K9me3
Epoch [10/100] - [TRAIN] Loss: 0.5079, Accuracy: 79.65%, AUC: 0.80 - [VAL] Loss: 0.5279, Accuracy: 78.43%, AUC: 0.78
Epoch [20/100] - [TRAIN] Loss: 0.4793, Accuracy: 79.99%, AUC: 0.80 - [VAL] Loss: 0.4937, Accuracy: 79.01%, AUC: 0.79
Epoch [30/100] - [TRAIN] Loss: 0.4653, Accuracy: 80.46%, AUC: 0.80 - [VAL] Loss: 0.4908, Accuracy: 78.91%, AUC: 0.79
Epoch [40/100] - [TRAIN] Loss: 0.4604, Accuracy: 80.77%, AUC: 0.81 - [VAL] Loss: 0.4969, Accuracy: 78.68%, AUC: 0.79
Epoch [50/100] - [TRAIN] Loss: 0.4544, Accuracy: 80.77%, AUC: 0.81 - [VAL] Loss: 0.4753, Accuracy: 79.03%, AUC: 0.79
Epoch [60/100] - [TRAIN] Loss: 0.4510, Accuracy: 80.46%, AUC: 0.80 - [VAL] Loss: 0.4762, Accuracy: 79.07%, AUC: 0.79
Epoch [70/100] - [TRAIN] Loss: 0.4505, Accuracy: 80.55%, AUC: 0.81 - [VAL] Loss: 0.4709, Accuracy: 79.07%, AUC: 0.79
Epoch [80/100] - [TRAIN] Loss: 0.4433, Accuracy: 80.80%, AUC: 0.81 - [VAL] Loss: 0.4699, Accuracy: 79.12%, AUC: 0.79
Epoch [90/100] - [TRAIN] Loss: 0.4481, Accuracy: 81.21%, AUC: 0.81 - [VAL] Loss: 0.4716, Accuracy: 79.09%, AUC: 0.79
Epoch [100/100] - [TRAIN] Loss: 0.4427, Accuracy: 80.72%, AUC: 0.81 - [VAL] Loss: 0.4685, Accuracy: 79.47%, AUC: 0.79
Training finished!
Accuracy Score on test set: 80.86 %
AUC Score on test set: 0.81

Item: H3K4me3-H3K36me3-H3K9me3-H3K4me1-H3K27me3
Epoch [10/100] - [TRAIN] Loss: 0.5156, Accuracy: 79.30%, AUC: 0.79 - [VAL] Loss: 0.5347, Accuracy: 78.36%, AUC: 0.78
Epoch [20/100] - [TRAIN] Loss: 0.4800, Accuracy: 79.76%, AUC: 0.80 - [VAL] Loss: 0.5311, Accuracy: 78.29%, AUC: 0.78
Epoch [30/100] - [TRAIN] Loss: 0.4724, Accuracy: 80.38%, AUC: 0.80 - [VAL] Loss: 0.4814, Accuracy: 78.86%, AUC: 0.79
Epoch [40/100] - [TRAIN] Loss: 0.4731, Accuracy: 80.22%, AUC: 0.80 - [VAL] Loss: 0.5028, Accuracy: 78.55%, AUC: 0.79
Epoch [50/100] - [TRAIN] Loss: 0.4619, Accuracy: 80.64%, AUC: 0.81 - [VAL] Loss: 0.4884, Accuracy: 79.00%, AUC: 0.79
Epoch [60/100] - [TRAIN] Loss: 0.4500, Accuracy: 81.09%, AUC: 0.81 - [VAL] Loss: 0.4777, Accuracy: 79.18%, AUC: 0.79
Epoch [70/100] - [TRAIN] Loss: 0.4495, Accuracy: 80.75%, AUC: 0.81 - [VAL] Loss: 0.4819, Accuracy: 78.97%, AUC: 0.79
Epoch [80/100] - [TRAIN] Loss: 0.4461, Accuracy: 81.09%, AUC: 0.81 - [VAL] Loss: 0.4750, Accuracy: 79.17%, AUC: 0.79
Epoch [90/100] - [TRAIN] Loss: 0.4442, Accuracy: 80.86%, AUC: 0.81 - [VAL] Loss: 0.4715, Accuracy: 79.18%, AUC: 0.79
Epoch [100/100] - [TRAIN] Loss: 0.4396, Accuracy: 81.41%, AUC: 0.81 - [VAL] Loss: 0.4753, Accuracy: 79.15%, AUC: 0.79
Training finished!
Accuracy Score on test set: 80.50 %
AUC Score on test set: 0.80

Item: H3K4me3-H3K36me3-H3K9me3-H3K27me3-H3K4me1
Epoch [10/100] - [TRAIN] Loss: 0.5150, Accuracy: 78.98%, AUC: 0.79 - [VAL] Loss: 0.5356, Accuracy: 78.68%, AUC: 0.79
Epoch [20/100] - [TRAIN] Loss: 0.4804, Accuracy: 80.06%, AUC: 0.80 - [VAL] Loss: 0.5092, Accuracy: 78.65%, AUC: 0.79
Epoch [30/100] - [TRAIN] Loss: 0.4664, Accuracy: 80.52%, AUC: 0.81 - [VAL] Loss: 0.5002, Accuracy: 78.71%, AUC: 0.79
Epoch [40/100] - [TRAIN] Loss: 0.4667, Accuracy: 80.38%, AUC: 0.80 - [VAL] Loss: 0.4864, Accuracy: 79.15%, AUC: 0.79
Epoch [50/100] - [TRAIN] Loss: 0.4590, Accuracy: 80.64%, AUC: 0.81 - [VAL] Loss: 0.4863, Accuracy: 79.01%, AUC: 0.79
Epoch [60/100] - [TRAIN] Loss: 0.4541, Accuracy: 80.60%, AUC: 0.81 - [VAL] Loss: 0.4794, Accuracy: 79.01%, AUC: 0.79
Epoch [70/100] - [TRAIN] Loss: 0.4460, Accuracy: 80.78%, AUC: 0.81 - [VAL] Loss: 0.4726, Accuracy: 79.23%, AUC: 0.79
Epoch [80/100] - [TRAIN] Loss: 0.4451, Accuracy: 81.13%, AUC: 0.81 - [VAL] Loss: 0.4716, Accuracy: 79.27%, AUC: 0.79
Epoch [90/100] - [TRAIN] Loss: 0.4417, Accuracy: 81.15%, AUC: 0.81 - [VAL] Loss: 0.4711, Accuracy: 79.30%, AUC: 0.79
Epoch [100/100] - [TRAIN] Loss: 0.4410, Accuracy: 81.22%, AUC: 0.81 - [VAL] Loss: 0.4680, Accuracy: 79.24%, AUC: 0.79
Training finished!
Accuracy Score on test set: 80.80 %
AUC Score on test set: 0.81

Item: H3K4me3-H3K36me3-H3K27me3-H3K4me1-H3K9me3
Epoch [10/100] - [TRAIN] Loss: 0.5049, Accuracy: 79.45%, AUC: 0.79 - [VAL] Loss: 0.5338, Accuracy: 78.23%, AUC: 0.78
Epoch [20/100] - [TRAIN] Loss: 0.4744, Accuracy: 80.05%, AUC: 0.80 - [VAL] Loss: 0.5032, Accuracy: 78.58%, AUC: 0.79
Epoch [30/100] - [TRAIN] Loss: 0.4635, Accuracy: 80.52%, AUC: 0.81 - [VAL] Loss: 0.4875, Accuracy: 78.89%, AUC: 0.79
Epoch [40/100] - [TRAIN] Loss: 0.4582, Accuracy: 80.46%, AUC: 0.80 - [VAL] Loss: 0.4854, Accuracy: 78.86%, AUC: 0.79
Epoch [50/100] - [TRAIN] Loss: 0.4517, Accuracy: 80.60%, AUC: 0.81 - [VAL] Loss: 0.4772, Accuracy: 79.00%, AUC: 0.79
Epoch [60/100] - [TRAIN] Loss: 0.4504, Accuracy: 80.69%, AUC: 0.81 - [VAL] Loss: 0.4755, Accuracy: 79.10%, AUC: 0.79
Epoch [70/100] - [TRAIN] Loss: 0.4468, Accuracy: 81.10%, AUC: 0.81 - [VAL] Loss: 0.4774, Accuracy: 79.03%, AUC: 0.79
Epoch [80/100] - [TRAIN] Loss: 0.4466, Accuracy: 81.05%, AUC: 0.81 - [VAL] Loss: 0.4730, Accuracy: 79.15%, AUC: 0.79
Epoch [90/100] - [TRAIN] Loss: 0.4462, Accuracy: 81.16%, AUC: 0.81 - [VAL] Loss: 0.4752, Accuracy: 79.15%, AUC: 0.79
Epoch [100/100] - [TRAIN] Loss: 0.4381, Accuracy: 81.25%, AUC: 0.81 - [VAL] Loss: 0.4691, Accuracy: 79.32%, AUC: 0.79
Training finished!
Accuracy Score on test set: 80.69 %
AUC Score on test set: 0.81

Item: H3K4me3-H3K36me3-H3K27me3-H3K9me3-H3K4me1
Epoch [10/100] - [TRAIN] Loss: 0.5133, Accuracy: 79.24%, AUC: 0.79 - [VAL] Loss: 0.5376, Accuracy: 78.25%, AUC: 0.78
Epoch [20/100] - [TRAIN] Loss: 0.4776, Accuracy: 80.08%, AUC: 0.80 - [VAL] Loss: 0.5165, Accuracy: 78.45%, AUC: 0.78
Epoch [30/100] - [TRAIN] Loss: 0.4659, Accuracy: 80.06%, AUC: 0.80 - [VAL] Loss: 0.4968, Accuracy: 78.74%, AUC: 0.79
Epoch [40/100] - [TRAIN] Loss: 0.4575, Accuracy: 80.41%, AUC: 0.80 - [VAL] Loss: 0.4880, Accuracy: 78.83%, AUC: 0.79
Epoch [50/100] - [TRAIN] Loss: 0.4539, Accuracy: 80.77%, AUC: 0.81 - [VAL] Loss: 0.4900, Accuracy: 78.91%, AUC: 0.79
Epoch [60/100] - [TRAIN] Loss: 0.4614, Accuracy: 80.38%, AUC: 0.80 - [VAL] Loss: 0.4774, Accuracy: 78.78%, AUC: 0.79
Epoch [70/100] - [TRAIN] Loss: 0.4501, Accuracy: 80.55%, AUC: 0.81 - [VAL] Loss: 0.4738, Accuracy: 78.86%, AUC: 0.79
Epoch [80/100] - [TRAIN] Loss: 0.4530, Accuracy: 80.93%, AUC: 0.81 - [VAL] Loss: 0.4807, Accuracy: 78.80%, AUC: 0.79
Epoch [90/100] - [TRAIN] Loss: 0.4429, Accuracy: 81.16%, AUC: 0.81 - [VAL] Loss: 0.4812, Accuracy: 78.83%, AUC: 0.79
Epoch [100/100] - [TRAIN] Loss: 0.4436, Accuracy: 80.92%, AUC: 0.81 - [VAL] Loss: 0.4751, Accuracy: 78.95%, AUC: 0.79
Training finished!
Accuracy Score on test set: 80.50 %
AUC Score on test set: 0.80

Item: H3K4me3-H3K9me3-H3K4me1-H3K36me3-H3K27me3
Epoch [10/100] - [TRAIN] Loss: 0.5083, Accuracy: 79.42%, AUC: 0.79 - [VAL] Loss: 0.5377, Accuracy: 78.23%, AUC: 0.78
Epoch [20/100] - [TRAIN] Loss: 0.4734, Accuracy: 80.63%, AUC: 0.81 - [VAL] Loss: 0.5073, Accuracy: 78.69%, AUC: 0.79
Epoch [30/100] - [TRAIN] Loss: 0.4652, Accuracy: 80.14%, AUC: 0.80 - [VAL] Loss: 0.4909, Accuracy: 79.03%, AUC: 0.79
Epoch [40/100] - [TRAIN] Loss: 0.4611, Accuracy: 80.23%, AUC: 0.80 - [VAL] Loss: 0.4845, Accuracy: 79.01%, AUC: 0.79
Epoch [50/100] - [TRAIN] Loss: 0.4562, Accuracy: 80.92%, AUC: 0.81 - [VAL] Loss: 0.4771, Accuracy: 79.01%, AUC: 0.79
Epoch [60/100] - [TRAIN] Loss: 0.4505, Accuracy: 80.84%, AUC: 0.81 - [VAL] Loss: 0.4758, Accuracy: 79.13%, AUC: 0.79
Epoch [70/100] - [TRAIN] Loss: 0.4470, Accuracy: 80.93%, AUC: 0.81 - [VAL] Loss: 0.4815, Accuracy: 78.98%, AUC: 0.79
Epoch [80/100] - [TRAIN] Loss: 0.4419, Accuracy: 81.16%, AUC: 0.81 - [VAL] Loss: 0.4768, Accuracy: 79.06%, AUC: 0.79
Epoch [90/100] - [TRAIN] Loss: 0.4414, Accuracy: 80.80%, AUC: 0.81 - [VAL] Loss: 0.4717, Accuracy: 79.24%, AUC: 0.79
Epoch [100/100] - [TRAIN] Loss: 0.4373, Accuracy: 81.18%, AUC: 0.81 - [VAL] Loss: 0.4746, Accuracy: 79.18%, AUC: 0.79
Training finished!
Accuracy Score on test set: 80.51 %
AUC Score on test set: 0.81

Item: H3K4me3-H3K9me3-H3K4me1-H3K27me3-H3K36me3
Epoch [10/100] - [TRAIN] Loss: 0.5121, Accuracy: 79.45%, AUC: 0.79 - [VAL] Loss: 0.5265, Accuracy: 78.69%, AUC: 0.79
Epoch [20/100] - [TRAIN] Loss: 0.4788, Accuracy: 79.82%, AUC: 0.80 - [VAL] Loss: 0.5008, Accuracy: 78.98%, AUC: 0.79
Epoch [30/100] - [TRAIN] Loss: 0.4653, Accuracy: 80.05%, AUC: 0.80 - [VAL] Loss: 0.4837, Accuracy: 79.12%, AUC: 0.79
Epoch [40/100] - [TRAIN] Loss: 0.4599, Accuracy: 80.43%, AUC: 0.80 - [VAL] Loss: 0.4848, Accuracy: 78.92%, AUC: 0.79
Epoch [50/100] - [TRAIN] Loss: 0.4563, Accuracy: 80.63%, AUC: 0.81 - [VAL] Loss: 0.4794, Accuracy: 79.00%, AUC: 0.79
Epoch [60/100] - [TRAIN] Loss: 0.4511, Accuracy: 80.51%, AUC: 0.81 - [VAL] Loss: 0.4828, Accuracy: 78.92%, AUC: 0.79
Epoch [70/100] - [TRAIN] Loss: 0.4511, Accuracy: 80.83%, AUC: 0.81 - [VAL] Loss: 0.4743, Accuracy: 78.91%, AUC: 0.79
Epoch [80/100] - [TRAIN] Loss: 0.4475, Accuracy: 80.73%, AUC: 0.81 - [VAL] Loss: 0.4834, Accuracy: 78.89%, AUC: 0.79
Epoch [90/100] - [TRAIN] Loss: 0.4425, Accuracy: 81.19%, AUC: 0.81 - [VAL] Loss: 0.4711, Accuracy: 79.20%, AUC: 0.79
Epoch [100/100] - [TRAIN] Loss: 0.4422, Accuracy: 81.01%, AUC: 0.81 - [VAL] Loss: 0.4713, Accuracy: 79.20%, AUC: 0.79
Training finished!
Accuracy Score on test set: 80.71 %
AUC Score on test set: 0.81

Item: H3K4me3-H3K9me3-H3K36me3-H3K4me1-H3K27me3
Epoch [10/100] - [TRAIN] Loss: 0.5028, Accuracy: 79.39%, AUC: 0.79 - [VAL] Loss: 0.5160, Accuracy: 78.65%, AUC: 0.79
Epoch [20/100] - [TRAIN] Loss: 0.4757, Accuracy: 80.22%, AUC: 0.80 - [VAL] Loss: 0.4908, Accuracy: 78.97%, AUC: 0.79
Epoch [30/100] - [TRAIN] Loss: 0.4662, Accuracy: 80.19%, AUC: 0.80 - [VAL] Loss: 0.4918, Accuracy: 78.72%, AUC: 0.79
Epoch [40/100] - [TRAIN] Loss: 0.4640, Accuracy: 80.52%, AUC: 0.81 - [VAL] Loss: 0.4844, Accuracy: 78.91%, AUC: 0.79
Epoch [50/100] - [TRAIN] Loss: 0.4534, Accuracy: 81.02%, AUC: 0.81 - [VAL] Loss: 0.4766, Accuracy: 79.01%, AUC: 0.79
Epoch [60/100] - [TRAIN] Loss: 0.4499, Accuracy: 80.58%, AUC: 0.81 - [VAL] Loss: 0.4719, Accuracy: 79.03%, AUC: 0.79
Epoch [70/100] - [TRAIN] Loss: 0.4477, Accuracy: 80.93%, AUC: 0.81 - [VAL] Loss: 0.4738, Accuracy: 79.03%, AUC: 0.79
Epoch [80/100] - [TRAIN] Loss: 0.4480, Accuracy: 81.15%, AUC: 0.81 - [VAL] Loss: 0.4779, Accuracy: 79.06%, AUC: 0.79
Epoch [90/100] - [TRAIN] Loss: 0.4399, Accuracy: 81.30%, AUC: 0.81 - [VAL] Loss: 0.4673, Accuracy: 79.36%, AUC: 0.79
Epoch [100/100] - [TRAIN] Loss: 0.4412, Accuracy: 81.09%, AUC: 0.81 - [VAL] Loss: 0.4700, Accuracy: 79.38%, AUC: 0.79
Training finished!
Accuracy Score on test set: 80.66 %
AUC Score on test set: 0.81

Item: H3K4me3-H3K9me3-H3K36me3-H3K27me3-H3K4me1
Epoch [10/100] - [TRAIN] Loss: 0.5128, Accuracy: 78.89%, AUC: 0.79 - [VAL] Loss: 0.5238, Accuracy: 78.60%, AUC: 0.79
Epoch [20/100] - [TRAIN] Loss: 0.4802, Accuracy: 79.68%, AUC: 0.80 - [VAL] Loss: 0.5008, Accuracy: 78.89%, AUC: 0.79
Epoch [30/100] - [TRAIN] Loss: 0.4688, Accuracy: 80.29%, AUC: 0.80 - [VAL] Loss: 0.4939, Accuracy: 78.78%, AUC: 0.79
Epoch [40/100] - [TRAIN] Loss: 0.4581, Accuracy: 80.89%, AUC: 0.81 - [VAL] Loss: 0.4870, Accuracy: 79.03%, AUC: 0.79
Epoch [50/100] - [TRAIN] Loss: 0.4572, Accuracy: 80.73%, AUC: 0.81 - [VAL] Loss: 0.4849, Accuracy: 78.97%, AUC: 0.79
Epoch [60/100] - [TRAIN] Loss: 0.4528, Accuracy: 80.64%, AUC: 0.81 - [VAL] Loss: 0.4763, Accuracy: 79.06%, AUC: 0.79
Epoch [70/100] - [TRAIN] Loss: 0.4473, Accuracy: 80.70%, AUC: 0.81 - [VAL] Loss: 0.4763, Accuracy: 79.13%, AUC: 0.79
Epoch [80/100] - [TRAIN] Loss: 0.4488, Accuracy: 80.89%, AUC: 0.81 - [VAL] Loss: 0.4788, Accuracy: 79.15%, AUC: 0.79
Epoch [90/100] - [TRAIN] Loss: 0.4418, Accuracy: 81.09%, AUC: 0.81 - [VAL] Loss: 0.4714, Accuracy: 79.23%, AUC: 0.79
Epoch [100/100] - [TRAIN] Loss: 0.4415, Accuracy: 81.65%, AUC: 0.82 - [VAL] Loss: 0.4688, Accuracy: 79.29%, AUC: 0.79
Training finished!
Accuracy Score on test set: 80.51 %
AUC Score on test set: 0.81

Item: H3K4me3-H3K9me3-H3K27me3-H3K4me1-H3K36me3
Epoch [10/100] - [TRAIN] Loss: 0.5167, Accuracy: 79.04%, AUC: 0.79 - [VAL] Loss: 0.5352, Accuracy: 78.26%, AUC: 0.78
Epoch [20/100] - [TRAIN] Loss: 0.4777, Accuracy: 80.22%, AUC: 0.80 - [VAL] Loss: 0.5061, Accuracy: 78.71%, AUC: 0.79
Epoch [30/100] - [TRAIN] Loss: 0.4720, Accuracy: 79.94%, AUC: 0.80 - [VAL] Loss: 0.5007, Accuracy: 78.63%, AUC: 0.79
Epoch [40/100] - [TRAIN] Loss: 0.4582, Accuracy: 80.54%, AUC: 0.81 - [VAL] Loss: 0.4848, Accuracy: 78.97%, AUC: 0.79
Epoch [50/100] - [TRAIN] Loss: 0.4542, Accuracy: 80.67%, AUC: 0.81 - [VAL] Loss: 0.4871, Accuracy: 78.77%, AUC: 0.79
Epoch [60/100] - [TRAIN] Loss: 0.4507, Accuracy: 80.67%, AUC: 0.81 - [VAL] Loss: 0.4811, Accuracy: 78.78%, AUC: 0.79
Epoch [70/100] - [TRAIN] Loss: 0.4490, Accuracy: 80.81%, AUC: 0.81 - [VAL] Loss: 0.4741, Accuracy: 78.84%, AUC: 0.79
Epoch [80/100] - [TRAIN] Loss: 0.4432, Accuracy: 81.22%, AUC: 0.81 - [VAL] Loss: 0.4777, Accuracy: 78.87%, AUC: 0.79
Epoch [90/100] - [TRAIN] Loss: 0.4417, Accuracy: 81.05%, AUC: 0.81 - [VAL] Loss: 0.4698, Accuracy: 79.17%, AUC: 0.79
Epoch [100/100] - [TRAIN] Loss: 0.4424, Accuracy: 81.13%, AUC: 0.81 - [VAL] Loss: 0.4731, Accuracy: 79.06%, AUC: 0.79
Training finished!
Accuracy Score on test set: 80.71 %
AUC Score on test set: 0.81

Item: H3K4me3-H3K9me3-H3K27me3-H3K36me3-H3K4me1
Epoch [10/100] - [TRAIN] Loss: 0.5115, Accuracy: 79.23%, AUC: 0.79 - [VAL] Loss: 0.5198, Accuracy: 78.83%, AUC: 0.79
Epoch [20/100] - [TRAIN] Loss: 0.4749, Accuracy: 80.28%, AUC: 0.80 - [VAL] Loss: 0.5020, Accuracy: 78.78%, AUC: 0.79
Epoch [30/100] - [TRAIN] Loss: 0.4643, Accuracy: 80.35%, AUC: 0.80 - [VAL] Loss: 0.4868, Accuracy: 79.00%, AUC: 0.79
Epoch [40/100] - [TRAIN] Loss: 0.4580, Accuracy: 80.72%, AUC: 0.81 - [VAL] Loss: 0.4870, Accuracy: 79.03%, AUC: 0.79
Epoch [50/100] - [TRAIN] Loss: 0.4558, Accuracy: 80.45%, AUC: 0.80 - [VAL] Loss: 0.4784, Accuracy: 79.20%, AUC: 0.79
Epoch [60/100] - [TRAIN] Loss: 0.4528, Accuracy: 80.93%, AUC: 0.81 - [VAL] Loss: 0.4803, Accuracy: 79.12%, AUC: 0.79
Epoch [70/100] - [TRAIN] Loss: 0.4470, Accuracy: 80.90%, AUC: 0.81 - [VAL] Loss: 0.4796, Accuracy: 79.18%, AUC: 0.79
Epoch [80/100] - [TRAIN] Loss: 0.4435, Accuracy: 81.25%, AUC: 0.81 - [VAL] Loss: 0.4744, Accuracy: 79.36%, AUC: 0.79
Epoch [90/100] - [TRAIN] Loss: 0.4430, Accuracy: 81.18%, AUC: 0.81 - [VAL] Loss: 0.4711, Accuracy: 79.33%, AUC: 0.79
Epoch [100/100] - [TRAIN] Loss: 0.4438, Accuracy: 81.31%, AUC: 0.81 - [VAL] Loss: 0.4705, Accuracy: 79.59%, AUC: 0.80
Training finished!
Accuracy Score on test set: 80.48 %
AUC Score on test set: 0.80

Item: H3K4me3-H3K27me3-H3K4me1-H3K36me3-H3K9me3
Epoch [10/100] - [TRAIN] Loss: 0.5076, Accuracy: 79.39%, AUC: 0.79 - [VAL] Loss: 0.5293, Accuracy: 78.62%, AUC: 0.79
Epoch [20/100] - [TRAIN] Loss: 0.4846, Accuracy: 79.94%, AUC: 0.80 - [VAL] Loss: 0.5126, Accuracy: 78.57%, AUC: 0.79
Epoch [30/100] - [TRAIN] Loss: 0.4694, Accuracy: 80.19%, AUC: 0.80 - [VAL] Loss: 0.4908, Accuracy: 79.00%, AUC: 0.79
Epoch [40/100] - [TRAIN] Loss: 0.4649, Accuracy: 80.16%, AUC: 0.80 - [VAL] Loss: 0.5038, Accuracy: 78.54%, AUC: 0.79
Epoch [50/100] - [TRAIN] Loss: 0.4565, Accuracy: 80.00%, AUC: 0.80 - [VAL] Loss: 0.4785, Accuracy: 79.07%, AUC: 0.79
Epoch [60/100] - [TRAIN] Loss: 0.4538, Accuracy: 80.43%, AUC: 0.80 - [VAL] Loss: 0.4833, Accuracy: 78.97%, AUC: 0.79
Epoch [70/100] - [TRAIN] Loss: 0.4494, Accuracy: 80.99%, AUC: 0.81 - [VAL] Loss: 0.4742, Accuracy: 79.29%, AUC: 0.79
Epoch [80/100] - [TRAIN] Loss: 0.4483, Accuracy: 80.52%, AUC: 0.81 - [VAL] Loss: 0.4723, Accuracy: 79.15%, AUC: 0.79
Epoch [90/100] - [TRAIN] Loss: 0.4447, Accuracy: 80.73%, AUC: 0.81 - [VAL] Loss: 0.4741, Accuracy: 79.15%, AUC: 0.79
Epoch [100/100] - [TRAIN] Loss: 0.4402, Accuracy: 80.96%, AUC: 0.81 - [VAL] Loss: 0.4685, Accuracy: 79.18%, AUC: 0.79
Training finished!
Accuracy Score on test set: 80.66 %
AUC Score on test set: 0.81

Item: H3K4me3-H3K27me3-H3K4me1-H3K9me3-H3K36me3
Epoch [10/100] - [TRAIN] Loss: 0.5172, Accuracy: 79.12%, AUC: 0.79 - [VAL] Loss: 0.5429, Accuracy: 78.11%, AUC: 0.78
Epoch [20/100] - [TRAIN] Loss: 0.4762, Accuracy: 80.05%, AUC: 0.80 - [VAL] Loss: 0.5000, Accuracy: 78.89%, AUC: 0.79
Epoch [30/100] - [TRAIN] Loss: 0.4645, Accuracy: 80.38%, AUC: 0.80 - [VAL] Loss: 0.4904, Accuracy: 78.89%, AUC: 0.79
Epoch [40/100] - [TRAIN] Loss: 0.4603, Accuracy: 80.08%, AUC: 0.80 - [VAL] Loss: 0.4881, Accuracy: 79.00%, AUC: 0.79
Epoch [50/100] - [TRAIN] Loss: 0.4546, Accuracy: 80.72%, AUC: 0.81 - [VAL] Loss: 0.4786, Accuracy: 79.00%, AUC: 0.79
Epoch [60/100] - [TRAIN] Loss: 0.4527, Accuracy: 80.72%, AUC: 0.81 - [VAL] Loss: 0.4826, Accuracy: 78.91%, AUC: 0.79
Epoch [70/100] - [TRAIN] Loss: 0.4471, Accuracy: 80.81%, AUC: 0.81 - [VAL] Loss: 0.4709, Accuracy: 79.12%, AUC: 0.79
Epoch [80/100] - [TRAIN] Loss: 0.4439, Accuracy: 81.05%, AUC: 0.81 - [VAL] Loss: 0.4726, Accuracy: 79.12%, AUC: 0.79
Epoch [90/100] - [TRAIN] Loss: 0.4435, Accuracy: 81.01%, AUC: 0.81 - [VAL] Loss: 0.4703, Accuracy: 79.29%, AUC: 0.79
Epoch [100/100] - [TRAIN] Loss: 0.4393, Accuracy: 81.36%, AUC: 0.81 - [VAL] Loss: 0.4749, Accuracy: 78.95%, AUC: 0.79
Training finished!
Accuracy Score on test set: 80.71 %
AUC Score on test set: 0.81

Item: H3K4me3-H3K27me3-H3K36me3-H3K4me1-H3K9me3
Epoch [10/100] - [TRAIN] Loss: 0.5152, Accuracy: 79.23%, AUC: 0.79 - [VAL] Loss: 0.5405, Accuracy: 78.40%, AUC: 0.78
Epoch [20/100] - [TRAIN] Loss: 0.4785, Accuracy: 79.97%, AUC: 0.80 - [VAL] Loss: 0.5073, Accuracy: 78.62%, AUC: 0.79
Epoch [30/100] - [TRAIN] Loss: 0.4672, Accuracy: 80.58%, AUC: 0.81 - [VAL] Loss: 0.4939, Accuracy: 78.86%, AUC: 0.79
Epoch [40/100] - [TRAIN] Loss: 0.4583, Accuracy: 80.60%, AUC: 0.81 - [VAL] Loss: 0.4916, Accuracy: 78.86%, AUC: 0.79
Epoch [50/100] - [TRAIN] Loss: 0.4571, Accuracy: 80.70%, AUC: 0.81 - [VAL] Loss: 0.4809, Accuracy: 79.01%, AUC: 0.79
Epoch [60/100] - [TRAIN] Loss: 0.4557, Accuracy: 80.73%, AUC: 0.81 - [VAL] Loss: 0.4795, Accuracy: 79.07%, AUC: 0.79
Epoch [70/100] - [TRAIN] Loss: 0.4493, Accuracy: 80.77%, AUC: 0.81 - [VAL] Loss: 0.4796, Accuracy: 79.03%, AUC: 0.79
Epoch [80/100] - [TRAIN] Loss: 0.4441, Accuracy: 81.05%, AUC: 0.81 - [VAL] Loss: 0.4705, Accuracy: 79.26%, AUC: 0.79
Epoch [90/100] - [TRAIN] Loss: 0.4439, Accuracy: 81.28%, AUC: 0.81 - [VAL] Loss: 0.4833, Accuracy: 78.75%, AUC: 0.79
Epoch [100/100] - [TRAIN] Loss: 0.4387, Accuracy: 81.24%, AUC: 0.81 - [VAL] Loss: 0.4689, Accuracy: 79.36%, AUC: 0.79
Training finished!
Accuracy Score on test set: 80.50 %
AUC Score on test set: 0.80

Item: H3K4me3-H3K27me3-H3K36me3-H3K9me3-H3K4me1
Epoch [10/100] - [TRAIN] Loss: 0.5143, Accuracy: 79.74%, AUC: 0.80 - [VAL] Loss: 0.5153, Accuracy: 78.81%, AUC: 0.79
Epoch [20/100] - [TRAIN] Loss: 0.4791, Accuracy: 80.12%, AUC: 0.80 - [VAL] Loss: 0.5108, Accuracy: 78.66%, AUC: 0.79
Epoch [30/100] - [TRAIN] Loss: 0.4662, Accuracy: 80.58%, AUC: 0.81 - [VAL] Loss: 0.4839, Accuracy: 79.15%, AUC: 0.79
Epoch [40/100] - [TRAIN] Loss: 0.4589, Accuracy: 80.75%, AUC: 0.81 - [VAL] Loss: 0.4909, Accuracy: 78.81%, AUC: 0.79
Epoch [50/100] - [TRAIN] Loss: 0.4531, Accuracy: 80.34%, AUC: 0.80 - [VAL] Loss: 0.4915, Accuracy: 78.81%, AUC: 0.79
Epoch [60/100] - [TRAIN] Loss: 0.4477, Accuracy: 80.78%, AUC: 0.81 - [VAL] Loss: 0.4797, Accuracy: 79.06%, AUC: 0.79
Epoch [70/100] - [TRAIN] Loss: 0.4475, Accuracy: 81.07%, AUC: 0.81 - [VAL] Loss: 0.4736, Accuracy: 78.97%, AUC: 0.79
Epoch [80/100] - [TRAIN] Loss: 0.4442, Accuracy: 81.15%, AUC: 0.81 - [VAL] Loss: 0.4887, Accuracy: 78.80%, AUC: 0.79
Epoch [90/100] - [TRAIN] Loss: 0.4409, Accuracy: 81.13%, AUC: 0.81 - [VAL] Loss: 0.4778, Accuracy: 78.92%, AUC: 0.79
Epoch [100/100] - [TRAIN] Loss: 0.4384, Accuracy: 81.42%, AUC: 0.81 - [VAL] Loss: 0.4733, Accuracy: 78.92%, AUC: 0.79
Training finished!
Accuracy Score on test set: 80.60 %
AUC Score on test set: 0.81

Item: H3K4me3-H3K27me3-H3K9me3-H3K4me1-H3K36me3
Epoch [10/100] - [TRAIN] Loss: 0.5016, Accuracy: 79.47%, AUC: 0.79 - [VAL] Loss: 0.5122, Accuracy: 78.69%, AUC: 0.79
Epoch [20/100] - [TRAIN] Loss: 0.4755, Accuracy: 79.91%, AUC: 0.80 - [VAL] Loss: 0.4939, Accuracy: 78.89%, AUC: 0.79
Epoch [30/100] - [TRAIN] Loss: 0.4718, Accuracy: 80.19%, AUC: 0.80 - [VAL] Loss: 0.4819, Accuracy: 79.06%, AUC: 0.79
Epoch [40/100] - [TRAIN] Loss: 0.4631, Accuracy: 80.46%, AUC: 0.80 - [VAL] Loss: 0.4838, Accuracy: 78.95%, AUC: 0.79
Epoch [50/100] - [TRAIN] Loss: 0.4533, Accuracy: 80.51%, AUC: 0.81 - [VAL] Loss: 0.4803, Accuracy: 79.09%, AUC: 0.79
Epoch [60/100] - [TRAIN] Loss: 0.4519, Accuracy: 80.87%, AUC: 0.81 - [VAL] Loss: 0.4729, Accuracy: 79.17%, AUC: 0.79
Epoch [70/100] - [TRAIN] Loss: 0.4506, Accuracy: 80.70%, AUC: 0.81 - [VAL] Loss: 0.4703, Accuracy: 79.33%, AUC: 0.79
Epoch [80/100] - [TRAIN] Loss: 0.4497, Accuracy: 80.77%, AUC: 0.81 - [VAL] Loss: 0.4704, Accuracy: 79.39%, AUC: 0.79
Epoch [90/100] - [TRAIN] Loss: 0.4400, Accuracy: 80.87%, AUC: 0.81 - [VAL] Loss: 0.4706, Accuracy: 79.21%, AUC: 0.79
Epoch [100/100] - [TRAIN] Loss: 0.4424, Accuracy: 80.93%, AUC: 0.81 - [VAL] Loss: 0.4750, Accuracy: 78.57%, AUC: 0.79
Training finished!
Accuracy Score on test set: 80.50 %
AUC Score on test set: 0.80

Item: H3K4me3-H3K27me3-H3K9me3-H3K36me3-H3K4me1
Epoch [10/100] - [TRAIN] Loss: 0.5097, Accuracy: 79.58%, AUC: 0.80 - [VAL] Loss: 0.5258, Accuracy: 78.78%, AUC: 0.79
Epoch [20/100] - [TRAIN] Loss: 0.4808, Accuracy: 79.88%, AUC: 0.80 - [VAL] Loss: 0.5279, Accuracy: 78.39%, AUC: 0.78
Epoch [30/100] - [TRAIN] Loss: 0.4646, Accuracy: 80.54%, AUC: 0.81 - [VAL] Loss: 0.4941, Accuracy: 79.03%, AUC: 0.79
Epoch [40/100] - [TRAIN] Loss: 0.4598, Accuracy: 80.52%, AUC: 0.81 - [VAL] Loss: 0.4944, Accuracy: 78.92%, AUC: 0.79
Epoch [50/100] - [TRAIN] Loss: 0.4565, Accuracy: 80.49%, AUC: 0.80 - [VAL] Loss: 0.4858, Accuracy: 79.06%, AUC: 0.79
Epoch [60/100] - [TRAIN] Loss: 0.4580, Accuracy: 80.64%, AUC: 0.81 - [VAL] Loss: 0.4737, Accuracy: 79.13%, AUC: 0.79
Epoch [70/100] - [TRAIN] Loss: 0.4466, Accuracy: 80.86%, AUC: 0.81 - [VAL] Loss: 0.4746, Accuracy: 79.27%, AUC: 0.79
Epoch [80/100] - [TRAIN] Loss: 0.4461, Accuracy: 80.98%, AUC: 0.81 - [VAL] Loss: 0.4787, Accuracy: 79.33%, AUC: 0.79
Epoch [90/100] - [TRAIN] Loss: 0.4435, Accuracy: 81.18%, AUC: 0.81 - [VAL] Loss: 0.4797, Accuracy: 78.94%, AUC: 0.79
Epoch [100/100] - [TRAIN] Loss: 0.4428, Accuracy: 81.30%, AUC: 0.81 - [VAL] Loss: 0.4704, Accuracy: 79.53%, AUC: 0.80
Training finished!
Accuracy Score on test set: 80.83 %
AUC Score on test set: 0.81

Item: H3K4me1-H3K4me3-H3K36me3-H3K9me3-H3K27me3
Epoch [10/100] - [TRAIN] Loss: 0.5131, Accuracy: 79.42%, AUC: 0.79 - [VAL] Loss: 0.5287, Accuracy: 78.37%, AUC: 0.78
Epoch [20/100] - [TRAIN] Loss: 0.4871, Accuracy: 79.74%, AUC: 0.80 - [VAL] Loss: 0.5091, Accuracy: 78.54%, AUC: 0.79
Epoch [30/100] - [TRAIN] Loss: 0.4716, Accuracy: 80.16%, AUC: 0.80 - [VAL] Loss: 0.4930, Accuracy: 78.71%, AUC: 0.79
Epoch [40/100] - [TRAIN] Loss: 0.4592, Accuracy: 80.72%, AUC: 0.81 - [VAL] Loss: 0.4810, Accuracy: 78.89%, AUC: 0.79
Epoch [50/100] - [TRAIN] Loss: 0.4560, Accuracy: 80.57%, AUC: 0.81 - [VAL] Loss: 0.4809, Accuracy: 78.95%, AUC: 0.79
Epoch [60/100] - [TRAIN] Loss: 0.4496, Accuracy: 80.61%, AUC: 0.81 - [VAL] Loss: 0.4743, Accuracy: 78.89%, AUC: 0.79
Epoch [70/100] - [TRAIN] Loss: 0.4442, Accuracy: 81.01%, AUC: 0.81 - [VAL] Loss: 0.4736, Accuracy: 79.07%, AUC: 0.79
Epoch [80/100] - [TRAIN] Loss: 0.4428, Accuracy: 81.42%, AUC: 0.81 - [VAL] Loss: 0.4707, Accuracy: 79.01%, AUC: 0.79
Epoch [90/100] - [TRAIN] Loss: 0.4458, Accuracy: 80.99%, AUC: 0.81 - [VAL] Loss: 0.4714, Accuracy: 79.18%, AUC: 0.79
Epoch [100/100] - [TRAIN] Loss: 0.4412, Accuracy: 81.27%, AUC: 0.81 - [VAL] Loss: 0.4700, Accuracy: 79.44%, AUC: 0.79
Training finished!
Accuracy Score on test set: 80.80 %
AUC Score on test set: 0.81

Item: H3K4me1-H3K4me3-H3K36me3-H3K27me3-H3K9me3
Epoch [10/100] - [TRAIN] Loss: 0.5065, Accuracy: 79.20%, AUC: 0.79 - [VAL] Loss: 0.5152, Accuracy: 78.84%, AUC: 0.79
Epoch [20/100] - [TRAIN] Loss: 0.4753, Accuracy: 80.12%, AUC: 0.80 - [VAL] Loss: 0.4932, Accuracy: 78.86%, AUC: 0.79
Epoch [30/100] - [TRAIN] Loss: 0.4642, Accuracy: 80.32%, AUC: 0.80 - [VAL] Loss: 0.4848, Accuracy: 78.84%, AUC: 0.79
Epoch [40/100] - [TRAIN] Loss: 0.4548, Accuracy: 80.55%, AUC: 0.81 - [VAL] Loss: 0.4801, Accuracy: 78.97%, AUC: 0.79
Epoch [50/100] - [TRAIN] Loss: 0.4531, Accuracy: 80.46%, AUC: 0.80 - [VAL] Loss: 0.4778, Accuracy: 79.26%, AUC: 0.79
Epoch [60/100] - [TRAIN] Loss: 0.4477, Accuracy: 80.67%, AUC: 0.81 - [VAL] Loss: 0.4732, Accuracy: 79.09%, AUC: 0.79
Epoch [70/100] - [TRAIN] Loss: 0.4452, Accuracy: 80.89%, AUC: 0.81 - [VAL] Loss: 0.4713, Accuracy: 79.24%, AUC: 0.79
Epoch [80/100] - [TRAIN] Loss: 0.4515, Accuracy: 81.01%, AUC: 0.81 - [VAL] Loss: 0.4777, Accuracy: 79.10%, AUC: 0.79
Epoch [90/100] - [TRAIN] Loss: 0.4375, Accuracy: 81.28%, AUC: 0.81 - [VAL] Loss: 0.4690, Accuracy: 79.38%, AUC: 0.79
Epoch [100/100] - [TRAIN] Loss: 0.4375, Accuracy: 81.30%, AUC: 0.81 - [VAL] Loss: 0.4710, Accuracy: 79.50%, AUC: 0.80
Training finished!
Accuracy Score on test set: 80.77 %
AUC Score on test set: 0.81

Item: H3K4me1-H3K4me3-H3K9me3-H3K36me3-H3K27me3
Epoch [10/100] - [TRAIN] Loss: 0.5045, Accuracy: 79.42%, AUC: 0.79 - [VAL] Loss: 0.5515, Accuracy: 78.23%, AUC: 0.78
Epoch [20/100] - [TRAIN] Loss: 0.4766, Accuracy: 80.11%, AUC: 0.80 - [VAL] Loss: 0.5141, Accuracy: 78.48%, AUC: 0.78
Epoch [30/100] - [TRAIN] Loss: 0.4679, Accuracy: 80.32%, AUC: 0.80 - [VAL] Loss: 0.4976, Accuracy: 78.80%, AUC: 0.79
Epoch [40/100] - [TRAIN] Loss: 0.4600, Accuracy: 80.54%, AUC: 0.81 - [VAL] Loss: 0.4894, Accuracy: 78.86%, AUC: 0.79
Epoch [50/100] - [TRAIN] Loss: 0.4490, Accuracy: 80.87%, AUC: 0.81 - [VAL] Loss: 0.4798, Accuracy: 79.07%, AUC: 0.79
Epoch [60/100] - [TRAIN] Loss: 0.4470, Accuracy: 80.93%, AUC: 0.81 - [VAL] Loss: 0.4731, Accuracy: 79.17%, AUC: 0.79
Epoch [70/100] - [TRAIN] Loss: 0.4469, Accuracy: 80.96%, AUC: 0.81 - [VAL] Loss: 0.4800, Accuracy: 79.06%, AUC: 0.79
Epoch [80/100] - [TRAIN] Loss: 0.4425, Accuracy: 81.05%, AUC: 0.81 - [VAL] Loss: 0.4698, Accuracy: 79.20%, AUC: 0.79
Epoch [90/100] - [TRAIN] Loss: 0.4412, Accuracy: 81.15%, AUC: 0.81 - [VAL] Loss: 0.4708, Accuracy: 79.27%, AUC: 0.79
Epoch [100/100] - [TRAIN] Loss: 0.4418, Accuracy: 81.22%, AUC: 0.81 - [VAL] Loss: 0.4866, Accuracy: 79.10%, AUC: 0.79
Training finished!
Accuracy Score on test set: 80.88 %
AUC Score on test set: 0.81

Item: H3K4me1-H3K4me3-H3K9me3-H3K27me3-H3K36me3
Epoch [10/100] - [TRAIN] Loss: 0.5154, Accuracy: 79.48%, AUC: 0.79 - [VAL] Loss: 0.5115, Accuracy: 78.97%, AUC: 0.79
Epoch [20/100] - [TRAIN] Loss: 0.4799, Accuracy: 80.28%, AUC: 0.80 - [VAL] Loss: 0.4909, Accuracy: 78.98%, AUC: 0.79
Epoch [30/100] - [TRAIN] Loss: 0.4652, Accuracy: 80.40%, AUC: 0.80 - [VAL] Loss: 0.4922, Accuracy: 79.01%, AUC: 0.79
Epoch [40/100] - [TRAIN] Loss: 0.4658, Accuracy: 80.51%, AUC: 0.81 - [VAL] Loss: 0.4933, Accuracy: 78.69%, AUC: 0.79
Epoch [50/100] - [TRAIN] Loss: 0.4548, Accuracy: 80.77%, AUC: 0.81 - [VAL] Loss: 0.4764, Accuracy: 78.83%, AUC: 0.79
Epoch [60/100] - [TRAIN] Loss: 0.4519, Accuracy: 81.02%, AUC: 0.81 - [VAL] Loss: 0.4769, Accuracy: 79.00%, AUC: 0.79
Epoch [70/100] - [TRAIN] Loss: 0.4486, Accuracy: 80.93%, AUC: 0.81 - [VAL] Loss: 0.4763, Accuracy: 78.98%, AUC: 0.79
Epoch [80/100] - [TRAIN] Loss: 0.4461, Accuracy: 80.96%, AUC: 0.81 - [VAL] Loss: 0.4736, Accuracy: 79.04%, AUC: 0.79
Epoch [90/100] - [TRAIN] Loss: 0.4416, Accuracy: 80.84%, AUC: 0.81 - [VAL] Loss: 0.4726, Accuracy: 79.20%, AUC: 0.79
Epoch [100/100] - [TRAIN] Loss: 0.4396, Accuracy: 81.31%, AUC: 0.81 - [VAL] Loss: 0.4683, Accuracy: 79.29%, AUC: 0.79
Training finished!
Accuracy Score on test set: 80.66 %
AUC Score on test set: 0.81

Item: H3K4me1-H3K4me3-H3K27me3-H3K36me3-H3K9me3
Epoch [10/100] - [TRAIN] Loss: 0.5063, Accuracy: 79.56%, AUC: 0.80 - [VAL] Loss: 0.5161, Accuracy: 78.69%, AUC: 0.79
Epoch [20/100] - [TRAIN] Loss: 0.4783, Accuracy: 79.91%, AUC: 0.80 - [VAL] Loss: 0.5011, Accuracy: 78.40%, AUC: 0.78
Epoch [30/100] - [TRAIN] Loss: 0.4645, Accuracy: 80.49%, AUC: 0.80 - [VAL] Loss: 0.4926, Accuracy: 78.74%, AUC: 0.79
Epoch [40/100] - [TRAIN] Loss: 0.4593, Accuracy: 80.45%, AUC: 0.80 - [VAL] Loss: 0.4900, Accuracy: 78.74%, AUC: 0.79
Epoch [50/100] - [TRAIN] Loss: 0.4528, Accuracy: 80.78%, AUC: 0.81 - [VAL] Loss: 0.4751, Accuracy: 78.84%, AUC: 0.79
Epoch [60/100] - [TRAIN] Loss: 0.4478, Accuracy: 81.01%, AUC: 0.81 - [VAL] Loss: 0.4743, Accuracy: 78.87%, AUC: 0.79
Epoch [70/100] - [TRAIN] Loss: 0.4506, Accuracy: 80.86%, AUC: 0.81 - [VAL] Loss: 0.4710, Accuracy: 78.91%, AUC: 0.79
Epoch [80/100] - [TRAIN] Loss: 0.4467, Accuracy: 80.81%, AUC: 0.81 - [VAL] Loss: 0.4697, Accuracy: 79.00%, AUC: 0.79
Epoch [90/100] - [TRAIN] Loss: 0.4550, Accuracy: 81.10%, AUC: 0.81 - [VAL] Loss: 0.4727, Accuracy: 79.03%, AUC: 0.79
Epoch [100/100] - [TRAIN] Loss: 0.4439, Accuracy: 81.22%, AUC: 0.81 - [VAL] Loss: 0.4703, Accuracy: 79.04%, AUC: 0.79
Training finished!
Accuracy Score on test set: 79.94 %
AUC Score on test set: 0.80

Item: H3K4me1-H3K4me3-H3K27me3-H3K9me3-H3K36me3
Epoch [10/100] - [TRAIN] Loss: 0.5125, Accuracy: 79.48%, AUC: 0.79 - [VAL] Loss: 0.5375, Accuracy: 78.26%, AUC: 0.78
Epoch [20/100] - [TRAIN] Loss: 0.4781, Accuracy: 79.97%, AUC: 0.80 - [VAL] Loss: 0.5167, Accuracy: 78.46%, AUC: 0.78
Epoch [30/100] - [TRAIN] Loss: 0.4650, Accuracy: 79.70%, AUC: 0.80 - [VAL] Loss: 0.4899, Accuracy: 79.04%, AUC: 0.79
Epoch [40/100] - [TRAIN] Loss: 0.4595, Accuracy: 80.60%, AUC: 0.81 - [VAL] Loss: 0.4848, Accuracy: 79.00%, AUC: 0.79
Epoch [50/100] - [TRAIN] Loss: 0.4495, Accuracy: 80.93%, AUC: 0.81 - [VAL] Loss: 0.4797, Accuracy: 79.10%, AUC: 0.79
Epoch [60/100] - [TRAIN] Loss: 0.4512, Accuracy: 80.64%, AUC: 0.81 - [VAL] Loss: 0.4743, Accuracy: 79.07%, AUC: 0.79
Epoch [70/100] - [TRAIN] Loss: 0.4480, Accuracy: 80.55%, AUC: 0.81 - [VAL] Loss: 0.4725, Accuracy: 79.04%, AUC: 0.79
Epoch [80/100] - [TRAIN] Loss: 0.4441, Accuracy: 80.96%, AUC: 0.81 - [VAL] Loss: 0.4703, Accuracy: 79.23%, AUC: 0.79
Epoch [90/100] - [TRAIN] Loss: 0.4511, Accuracy: 81.12%, AUC: 0.81 - [VAL] Loss: 0.5150, Accuracy: 74.78%, AUC: 0.75
Epoch [100/100] - [TRAIN] Loss: 0.4442, Accuracy: 81.19%, AUC: 0.81 - [VAL] Loss: 0.4806, Accuracy: 78.89%, AUC: 0.79
Training finished!
Accuracy Score on test set: 80.37 %
AUC Score on test set: 0.80

Item: H3K4me1-H3K36me3-H3K4me3-H3K9me3-H3K27me3
Epoch [10/100] - [TRAIN] Loss: 0.5194, Accuracy: 79.10%, AUC: 0.79 - [VAL] Loss: 0.5346, Accuracy: 78.40%, AUC: 0.78
Epoch [20/100] - [TRAIN] Loss: 0.4854, Accuracy: 79.76%, AUC: 0.80 - [VAL] Loss: 0.5138, Accuracy: 78.87%, AUC: 0.79
Epoch [30/100] - [TRAIN] Loss: 0.4723, Accuracy: 80.12%, AUC: 0.80 - [VAL] Loss: 0.5050, Accuracy: 78.78%, AUC: 0.79
Epoch [40/100] - [TRAIN] Loss: 0.4604, Accuracy: 80.40%, AUC: 0.80 - [VAL] Loss: 0.4998, Accuracy: 78.84%, AUC: 0.79
Epoch [50/100] - [TRAIN] Loss: 0.4564, Accuracy: 80.26%, AUC: 0.80 - [VAL] Loss: 0.4806, Accuracy: 79.01%, AUC: 0.79
Epoch [60/100] - [TRAIN] Loss: 0.4592, Accuracy: 80.58%, AUC: 0.81 - [VAL] Loss: 0.4748, Accuracy: 78.92%, AUC: 0.79
Epoch [70/100] - [TRAIN] Loss: 0.4554, Accuracy: 80.78%, AUC: 0.81 - [VAL] Loss: 0.4786, Accuracy: 78.13%, AUC: 0.78
Epoch [80/100] - [TRAIN] Loss: 0.4460, Accuracy: 81.21%, AUC: 0.81 - [VAL] Loss: 0.4792, Accuracy: 78.98%, AUC: 0.79
Epoch [90/100] - [TRAIN] Loss: 0.4420, Accuracy: 81.02%, AUC: 0.81 - [VAL] Loss: 0.4722, Accuracy: 79.20%, AUC: 0.79
Epoch [100/100] - [TRAIN] Loss: 0.4398, Accuracy: 81.10%, AUC: 0.81 - [VAL] Loss: 0.4806, Accuracy: 79.03%, AUC: 0.79
Training finished!
Accuracy Score on test set: 80.53 %
AUC Score on test set: 0.81

Item: H3K4me1-H3K36me3-H3K4me3-H3K27me3-H3K9me3
Epoch [10/100] - [TRAIN] Loss: 0.5082, Accuracy: 79.65%, AUC: 0.80 - [VAL] Loss: 0.5243, Accuracy: 78.62%, AUC: 0.79
Epoch [20/100] - [TRAIN] Loss: 0.4783, Accuracy: 80.28%, AUC: 0.80 - [VAL] Loss: 0.4920, Accuracy: 78.98%, AUC: 0.79
Epoch [30/100] - [TRAIN] Loss: 0.4691, Accuracy: 80.02%, AUC: 0.80 - [VAL] Loss: 0.4808, Accuracy: 79.04%, AUC: 0.79
Epoch [40/100] - [TRAIN] Loss: 0.4562, Accuracy: 80.60%, AUC: 0.81 - [VAL] Loss: 0.4805, Accuracy: 78.98%, AUC: 0.79
Epoch [50/100] - [TRAIN] Loss: 0.4518, Accuracy: 80.90%, AUC: 0.81 - [VAL] Loss: 0.4787, Accuracy: 78.87%, AUC: 0.79
Epoch [60/100] - [TRAIN] Loss: 0.4477, Accuracy: 80.72%, AUC: 0.81 - [VAL] Loss: 0.4772, Accuracy: 78.86%, AUC: 0.79
Epoch [70/100] - [TRAIN] Loss: 0.4473, Accuracy: 81.12%, AUC: 0.81 - [VAL] Loss: 0.4734, Accuracy: 79.01%, AUC: 0.79
Epoch [80/100] - [TRAIN] Loss: 0.4428, Accuracy: 81.07%, AUC: 0.81 - [VAL] Loss: 0.4769, Accuracy: 78.77%, AUC: 0.79
Epoch [90/100] - [TRAIN] Loss: 0.4410, Accuracy: 81.16%, AUC: 0.81 - [VAL] Loss: 0.4679, Accuracy: 79.46%, AUC: 0.79
Epoch [100/100] - [TRAIN] Loss: 0.4366, Accuracy: 81.25%, AUC: 0.81 - [VAL] Loss: 0.4718, Accuracy: 79.17%, AUC: 0.79
Training finished!
Accuracy Score on test set: 80.69 %
AUC Score on test set: 0.81

Item: H3K4me1-H3K36me3-H3K9me3-H3K4me3-H3K27me3
Epoch [10/100] - [TRAIN] Loss: 0.5204, Accuracy: 79.56%, AUC: 0.80 - [VAL] Loss: 0.5409, Accuracy: 78.49%, AUC: 0.78
Epoch [20/100] - [TRAIN] Loss: 0.4806, Accuracy: 80.19%, AUC: 0.80 - [VAL] Loss: 0.5114, Accuracy: 78.84%, AUC: 0.79
Epoch [30/100] - [TRAIN] Loss: 0.4672, Accuracy: 80.40%, AUC: 0.80 - [VAL] Loss: 0.4999, Accuracy: 78.92%, AUC: 0.79
Epoch [40/100] - [TRAIN] Loss: 0.4606, Accuracy: 80.77%, AUC: 0.81 - [VAL] Loss: 0.4925, Accuracy: 78.92%, AUC: 0.79
Epoch [50/100] - [TRAIN] Loss: 0.4551, Accuracy: 80.67%, AUC: 0.81 - [VAL] Loss: 0.4817, Accuracy: 79.12%, AUC: 0.79
Epoch [60/100] - [TRAIN] Loss: 0.4498, Accuracy: 81.10%, AUC: 0.81 - [VAL] Loss: 0.4826, Accuracy: 78.81%, AUC: 0.79
Epoch [70/100] - [TRAIN] Loss: 0.4503, Accuracy: 81.27%, AUC: 0.81 - [VAL] Loss: 0.4797, Accuracy: 78.75%, AUC: 0.79
Epoch [80/100] - [TRAIN] Loss: 0.4446, Accuracy: 80.84%, AUC: 0.81 - [VAL] Loss: 0.4806, Accuracy: 78.86%, AUC: 0.79
Epoch [90/100] - [TRAIN] Loss: 0.4429, Accuracy: 81.22%, AUC: 0.81 - [VAL] Loss: 0.4714, Accuracy: 79.36%, AUC: 0.79
Epoch [100/100] - [TRAIN] Loss: 0.4391, Accuracy: 81.22%, AUC: 0.81 - [VAL] Loss: 0.4742, Accuracy: 79.21%, AUC: 0.79
Training finished!
Accuracy Score on test set: 80.54 %
AUC Score on test set: 0.81

Item: H3K4me1-H3K36me3-H3K9me3-H3K27me3-H3K4me3
Epoch [10/100] - [TRAIN] Loss: 0.5096, Accuracy: 79.13%, AUC: 0.79 - [VAL] Loss: 0.5188, Accuracy: 78.75%, AUC: 0.79
Epoch [20/100] - [TRAIN] Loss: 0.4769, Accuracy: 79.87%, AUC: 0.80 - [VAL] Loss: 0.5044, Accuracy: 78.75%, AUC: 0.79
Epoch [30/100] - [TRAIN] Loss: 0.4672, Accuracy: 80.64%, AUC: 0.81 - [VAL] Loss: 0.4840, Accuracy: 78.89%, AUC: 0.79
Epoch [40/100] - [TRAIN] Loss: 0.4615, Accuracy: 80.19%, AUC: 0.80 - [VAL] Loss: 0.4814, Accuracy: 78.66%, AUC: 0.79
Epoch [50/100] - [TRAIN] Loss: 0.4560, Accuracy: 80.70%, AUC: 0.81 - [VAL] Loss: 0.4800, Accuracy: 78.78%, AUC: 0.79
Epoch [60/100] - [TRAIN] Loss: 0.4513, Accuracy: 81.16%, AUC: 0.81 - [VAL] Loss: 0.4741, Accuracy: 78.95%, AUC: 0.79
Epoch [70/100] - [TRAIN] Loss: 0.4470, Accuracy: 80.89%, AUC: 0.81 - [VAL] Loss: 0.4750, Accuracy: 79.03%, AUC: 0.79
Epoch [80/100] - [TRAIN] Loss: 0.4462, Accuracy: 80.78%, AUC: 0.81 - [VAL] Loss: 0.4734, Accuracy: 79.04%, AUC: 0.79
Epoch [90/100] - [TRAIN] Loss: 0.4416, Accuracy: 81.24%, AUC: 0.81 - [VAL] Loss: 0.4702, Accuracy: 79.26%, AUC: 0.79
Epoch [100/100] - [TRAIN] Loss: 0.4434, Accuracy: 80.93%, AUC: 0.81 - [VAL] Loss: 0.4702, Accuracy: 79.18%, AUC: 0.79
Training finished!
Accuracy Score on test set: 80.56 %
AUC Score on test set: 0.81

Item: H3K4me1-H3K36me3-H3K27me3-H3K4me3-H3K9me3
Epoch [10/100] - [TRAIN] Loss: 0.5206, Accuracy: 79.13%, AUC: 0.79 - [VAL] Loss: 0.5371, Accuracy: 78.34%, AUC: 0.78
Epoch [20/100] - [TRAIN] Loss: 0.4835, Accuracy: 80.16%, AUC: 0.80 - [VAL] Loss: 0.4987, Accuracy: 78.60%, AUC: 0.79
Epoch [30/100] - [TRAIN] Loss: 0.4691, Accuracy: 80.03%, AUC: 0.80 - [VAL] Loss: 0.4940, Accuracy: 78.55%, AUC: 0.79
Epoch [40/100] - [TRAIN] Loss: 0.4605, Accuracy: 80.96%, AUC: 0.81 - [VAL] Loss: 0.4882, Accuracy: 78.65%, AUC: 0.79
Epoch [50/100] - [TRAIN] Loss: 0.4560, Accuracy: 80.46%, AUC: 0.80 - [VAL] Loss: 0.4774, Accuracy: 79.09%, AUC: 0.79
Epoch [60/100] - [TRAIN] Loss: 0.4533, Accuracy: 80.46%, AUC: 0.80 - [VAL] Loss: 0.4742, Accuracy: 79.06%, AUC: 0.79
Epoch [70/100] - [TRAIN] Loss: 0.4509, Accuracy: 80.93%, AUC: 0.81 - [VAL] Loss: 0.4714, Accuracy: 78.91%, AUC: 0.79
Epoch [80/100] - [TRAIN] Loss: 0.4444, Accuracy: 81.25%, AUC: 0.81 - [VAL] Loss: 0.4749, Accuracy: 79.01%, AUC: 0.79
Epoch [90/100] - [TRAIN] Loss: 0.4469, Accuracy: 80.75%, AUC: 0.81 - [VAL] Loss: 0.4791, Accuracy: 78.06%, AUC: 0.78
Epoch [100/100] - [TRAIN] Loss: 0.4413, Accuracy: 81.39%, AUC: 0.81 - [VAL] Loss: 0.4678, Accuracy: 79.29%, AUC: 0.79
Training finished!
Accuracy Score on test set: 80.62 %
AUC Score on test set: 0.81

Item: H3K4me1-H3K36me3-H3K27me3-H3K9me3-H3K4me3
Epoch [10/100] - [TRAIN] Loss: 0.5071, Accuracy: 79.70%, AUC: 0.80 - [VAL] Loss: 0.5118, Accuracy: 78.98%, AUC: 0.79
Epoch [20/100] - [TRAIN] Loss: 0.4753, Accuracy: 80.54%, AUC: 0.81 - [VAL] Loss: 0.5164, Accuracy: 78.57%, AUC: 0.79
Epoch [30/100] - [TRAIN] Loss: 0.4664, Accuracy: 80.45%, AUC: 0.80 - [VAL] Loss: 0.5046, Accuracy: 78.54%, AUC: 0.79
Epoch [40/100] - [TRAIN] Loss: 0.4620, Accuracy: 80.38%, AUC: 0.80 - [VAL] Loss: 0.5032, Accuracy: 78.46%, AUC: 0.78
Epoch [50/100] - [TRAIN] Loss: 0.4544, Accuracy: 80.99%, AUC: 0.81 - [VAL] Loss: 0.4875, Accuracy: 78.83%, AUC: 0.79
Epoch [60/100] - [TRAIN] Loss: 0.4542, Accuracy: 80.81%, AUC: 0.81 - [VAL] Loss: 0.4752, Accuracy: 78.83%, AUC: 0.79
Epoch [70/100] - [TRAIN] Loss: 0.4493, Accuracy: 80.63%, AUC: 0.81 - [VAL] Loss: 0.4798, Accuracy: 78.83%, AUC: 0.79
Epoch [80/100] - [TRAIN] Loss: 0.4421, Accuracy: 81.36%, AUC: 0.81 - [VAL] Loss: 0.4737, Accuracy: 78.97%, AUC: 0.79
Epoch [90/100] - [TRAIN] Loss: 0.4473, Accuracy: 80.86%, AUC: 0.81 - [VAL] Loss: 0.4783, Accuracy: 78.95%, AUC: 0.79
Epoch [100/100] - [TRAIN] Loss: 0.4405, Accuracy: 81.02%, AUC: 0.81 - [VAL] Loss: 0.4716, Accuracy: 79.12%, AUC: 0.79
Training finished!
Accuracy Score on test set: 80.42 %
AUC Score on test set: 0.80

Item: H3K4me1-H3K9me3-H3K4me3-H3K36me3-H3K27me3
Epoch [10/100] - [TRAIN] Loss: 0.4978, Accuracy: 79.68%, AUC: 0.80 - [VAL] Loss: 0.5247, Accuracy: 78.46%, AUC: 0.78
Epoch [20/100] - [TRAIN] Loss: 0.4876, Accuracy: 79.91%, AUC: 0.80 - [VAL] Loss: 0.5047, Accuracy: 78.58%, AUC: 0.79
Epoch [30/100] - [TRAIN] Loss: 0.4668, Accuracy: 80.55%, AUC: 0.81 - [VAL] Loss: 0.4839, Accuracy: 79.17%, AUC: 0.79
Epoch [40/100] - [TRAIN] Loss: 0.4620, Accuracy: 80.83%, AUC: 0.81 - [VAL] Loss: 0.4814, Accuracy: 79.12%, AUC: 0.79
Epoch [50/100] - [TRAIN] Loss: 0.4572, Accuracy: 80.52%, AUC: 0.81 - [VAL] Loss: 0.4865, Accuracy: 78.87%, AUC: 0.79
Epoch [60/100] - [TRAIN] Loss: 0.4553, Accuracy: 80.81%, AUC: 0.81 - [VAL] Loss: 0.4734, Accuracy: 78.94%, AUC: 0.79
Epoch [70/100] - [TRAIN] Loss: 0.4507, Accuracy: 80.75%, AUC: 0.81 - [VAL] Loss: 0.4809, Accuracy: 78.78%, AUC: 0.79
Epoch [80/100] - [TRAIN] Loss: 0.4441, Accuracy: 80.95%, AUC: 0.81 - [VAL] Loss: 0.4770, Accuracy: 78.89%, AUC: 0.79
Epoch [90/100] - [TRAIN] Loss: 0.4444, Accuracy: 81.01%, AUC: 0.81 - [VAL] Loss: 0.4698, Accuracy: 79.23%, AUC: 0.79
Epoch [100/100] - [TRAIN] Loss: 0.4452, Accuracy: 81.24%, AUC: 0.81 - [VAL] Loss: 0.4687, Accuracy: 79.33%, AUC: 0.79
Training finished!
Accuracy Score on test set: 80.72 %
AUC Score on test set: 0.81

Item: H3K4me1-H3K9me3-H3K4me3-H3K27me3-H3K36me3
Epoch [10/100] - [TRAIN] Loss: 0.5105, Accuracy: 79.39%, AUC: 0.79 - [VAL] Loss: 0.5195, Accuracy: 78.65%, AUC: 0.79
Epoch [20/100] - [TRAIN] Loss: 0.4801, Accuracy: 80.45%, AUC: 0.80 - [VAL] Loss: 0.5035, Accuracy: 78.80%, AUC: 0.79
Epoch [30/100] - [TRAIN] Loss: 0.4662, Accuracy: 80.43%, AUC: 0.80 - [VAL] Loss: 0.4891, Accuracy: 79.01%, AUC: 0.79
Epoch [40/100] - [TRAIN] Loss: 0.4574, Accuracy: 80.61%, AUC: 0.81 - [VAL] Loss: 0.4791, Accuracy: 79.27%, AUC: 0.79
Epoch [50/100] - [TRAIN] Loss: 0.4642, Accuracy: 80.90%, AUC: 0.81 - [VAL] Loss: 0.4807, Accuracy: 78.43%, AUC: 0.78
Epoch [60/100] - [TRAIN] Loss: 0.4516, Accuracy: 80.66%, AUC: 0.81 - [VAL] Loss: 0.4798, Accuracy: 78.86%, AUC: 0.79
Epoch [70/100] - [TRAIN] Loss: 0.4479, Accuracy: 80.87%, AUC: 0.81 - [VAL] Loss: 0.4745, Accuracy: 79.06%, AUC: 0.79
Epoch [80/100] - [TRAIN] Loss: 0.4471, Accuracy: 81.07%, AUC: 0.81 - [VAL] Loss: 0.4785, Accuracy: 79.01%, AUC: 0.79
Epoch [90/100] - [TRAIN] Loss: 0.4434, Accuracy: 81.41%, AUC: 0.81 - [VAL] Loss: 0.4677, Accuracy: 79.47%, AUC: 0.79
Epoch [100/100] - [TRAIN] Loss: 0.4425, Accuracy: 81.36%, AUC: 0.81 - [VAL] Loss: 0.4673, Accuracy: 79.35%, AUC: 0.79
Training finished!
Accuracy Score on test set: 80.53 %
AUC Score on test set: 0.81

Item: H3K4me1-H3K9me3-H3K36me3-H3K4me3-H3K27me3
Epoch [10/100] - [TRAIN] Loss: 0.5069, Accuracy: 79.44%, AUC: 0.79 - [VAL] Loss: 0.5241, Accuracy: 78.60%, AUC: 0.79
Epoch [20/100] - [TRAIN] Loss: 0.4791, Accuracy: 80.20%, AUC: 0.80 - [VAL] Loss: 0.4982, Accuracy: 79.15%, AUC: 0.79
Epoch [30/100] - [TRAIN] Loss: 0.4687, Accuracy: 79.99%, AUC: 0.80 - [VAL] Loss: 0.4988, Accuracy: 78.91%, AUC: 0.79
Epoch [40/100] - [TRAIN] Loss: 0.4616, Accuracy: 80.23%, AUC: 0.80 - [VAL] Loss: 0.4864, Accuracy: 78.97%, AUC: 0.79
Epoch [50/100] - [TRAIN] Loss: 0.4547, Accuracy: 80.43%, AUC: 0.80 - [VAL] Loss: 0.4816, Accuracy: 78.92%, AUC: 0.79
Epoch [60/100] - [TRAIN] Loss: 0.4533, Accuracy: 80.48%, AUC: 0.80 - [VAL] Loss: 0.4822, Accuracy: 78.78%, AUC: 0.79
Epoch [70/100] - [TRAIN] Loss: 0.4578, Accuracy: 80.58%, AUC: 0.81 - [VAL] Loss: 0.4825, Accuracy: 78.66%, AUC: 0.79
Epoch [80/100] - [TRAIN] Loss: 0.4469, Accuracy: 81.16%, AUC: 0.81 - [VAL] Loss: 0.4768, Accuracy: 78.91%, AUC: 0.79
Epoch [90/100] - [TRAIN] Loss: 0.4461, Accuracy: 81.05%, AUC: 0.81 - [VAL] Loss: 0.4691, Accuracy: 79.06%, AUC: 0.79
Epoch [100/100] - [TRAIN] Loss: 0.4409, Accuracy: 81.22%, AUC: 0.81 - [VAL] Loss: 0.4685, Accuracy: 79.26%, AUC: 0.79
Training finished!
Accuracy Score on test set: 80.68 %
AUC Score on test set: 0.81

Item: H3K4me1-H3K9me3-H3K36me3-H3K27me3-H3K4me3
Epoch [10/100] - [TRAIN] Loss: 0.5186, Accuracy: 79.55%, AUC: 0.80 - [VAL] Loss: 0.5269, Accuracy: 78.63%, AUC: 0.79
Epoch [20/100] - [TRAIN] Loss: 0.4931, Accuracy: 80.06%, AUC: 0.80 - [VAL] Loss: 0.5181, Accuracy: 76.05%, AUC: 0.76
Epoch [30/100] - [TRAIN] Loss: 0.4655, Accuracy: 80.70%, AUC: 0.81 - [VAL] Loss: 0.4931, Accuracy: 78.86%, AUC: 0.79
Epoch [40/100] - [TRAIN] Loss: 0.4616, Accuracy: 80.51%, AUC: 0.81 - [VAL] Loss: 0.4823, Accuracy: 78.92%, AUC: 0.79
Epoch [50/100] - [TRAIN] Loss: 0.4589, Accuracy: 80.61%, AUC: 0.81 - [VAL] Loss: 0.4882, Accuracy: 78.89%, AUC: 0.79
Epoch [60/100] - [TRAIN] Loss: 0.4535, Accuracy: 80.60%, AUC: 0.81 - [VAL] Loss: 0.4801, Accuracy: 78.94%, AUC: 0.79
Epoch [70/100] - [TRAIN] Loss: 0.4485, Accuracy: 81.13%, AUC: 0.81 - [VAL] Loss: 0.4727, Accuracy: 79.21%, AUC: 0.79
Epoch [80/100] - [TRAIN] Loss: 0.4444, Accuracy: 81.07%, AUC: 0.81 - [VAL] Loss: 0.4779, Accuracy: 78.91%, AUC: 0.79
Epoch [90/100] - [TRAIN] Loss: 0.4430, Accuracy: 80.89%, AUC: 0.81 - [VAL] Loss: 0.4694, Accuracy: 79.21%, AUC: 0.79
Epoch [100/100] - [TRAIN] Loss: 0.4368, Accuracy: 81.13%, AUC: 0.81 - [VAL] Loss: 0.4749, Accuracy: 79.20%, AUC: 0.79
Training finished!
Accuracy Score on test set: 80.54 %
AUC Score on test set: 0.81

Item: H3K4me1-H3K9me3-H3K27me3-H3K4me3-H3K36me3
Epoch [10/100] - [TRAIN] Loss: 0.5040, Accuracy: 79.42%, AUC: 0.79 - [VAL] Loss: 0.5167, Accuracy: 78.75%, AUC: 0.79
Epoch [20/100] - [TRAIN] Loss: 0.4791, Accuracy: 80.06%, AUC: 0.80 - [VAL] Loss: 0.4966, Accuracy: 78.97%, AUC: 0.79
Epoch [30/100] - [TRAIN] Loss: 0.4646, Accuracy: 80.51%, AUC: 0.81 - [VAL] Loss: 0.4885, Accuracy: 78.97%, AUC: 0.79
Epoch [40/100] - [TRAIN] Loss: 0.4678, Accuracy: 80.72%, AUC: 0.81 - [VAL] Loss: 0.4875, Accuracy: 78.81%, AUC: 0.79
Epoch [50/100] - [TRAIN] Loss: 0.4552, Accuracy: 80.40%, AUC: 0.80 - [VAL] Loss: 0.4890, Accuracy: 79.01%, AUC: 0.79
Epoch [60/100] - [TRAIN] Loss: 0.4497, Accuracy: 80.84%, AUC: 0.81 - [VAL] Loss: 0.4774, Accuracy: 78.98%, AUC: 0.79
Epoch [70/100] - [TRAIN] Loss: 0.4476, Accuracy: 80.64%, AUC: 0.81 - [VAL] Loss: 0.4875, Accuracy: 78.78%, AUC: 0.79
Epoch [80/100] - [TRAIN] Loss: 0.4566, Accuracy: 80.81%, AUC: 0.81 - [VAL] Loss: 0.4829, Accuracy: 77.93%, AUC: 0.78
Epoch [90/100] - [TRAIN] Loss: 0.4509, Accuracy: 80.69%, AUC: 0.81 - [VAL] Loss: 0.4739, Accuracy: 79.21%, AUC: 0.79
Epoch [100/100] - [TRAIN] Loss: 0.4398, Accuracy: 81.22%, AUC: 0.81 - [VAL] Loss: 0.4764, Accuracy: 79.23%, AUC: 0.79
Training finished!
Accuracy Score on test set: 80.66 %
AUC Score on test set: 0.81

Item: H3K4me1-H3K9me3-H3K27me3-H3K36me3-H3K4me3
Epoch [10/100] - [TRAIN] Loss: 0.5110, Accuracy: 79.35%, AUC: 0.79 - [VAL] Loss: 0.5423, Accuracy: 78.11%, AUC: 0.78
Epoch [20/100] - [TRAIN] Loss: 0.4880, Accuracy: 79.97%, AUC: 0.80 - [VAL] Loss: 0.4907, Accuracy: 78.78%, AUC: 0.79
Epoch [30/100] - [TRAIN] Loss: 0.4662, Accuracy: 80.32%, AUC: 0.80 - [VAL] Loss: 0.4905, Accuracy: 78.69%, AUC: 0.79
Epoch [40/100] - [TRAIN] Loss: 0.4581, Accuracy: 80.14%, AUC: 0.80 - [VAL] Loss: 0.4865, Accuracy: 78.57%, AUC: 0.79
Epoch [50/100] - [TRAIN] Loss: 0.4581, Accuracy: 80.67%, AUC: 0.81 - [VAL] Loss: 0.4801, Accuracy: 78.83%, AUC: 0.79
Epoch [60/100] - [TRAIN] Loss: 0.4566, Accuracy: 80.66%, AUC: 0.81 - [VAL] Loss: 0.4722, Accuracy: 79.04%, AUC: 0.79
Epoch [70/100] - [TRAIN] Loss: 0.4481, Accuracy: 81.10%, AUC: 0.81 - [VAL] Loss: 0.4741, Accuracy: 78.94%, AUC: 0.79
Epoch [80/100] - [TRAIN] Loss: 0.4514, Accuracy: 80.96%, AUC: 0.81 - [VAL] Loss: 0.4716, Accuracy: 79.09%, AUC: 0.79
Epoch [90/100] - [TRAIN] Loss: 0.4428, Accuracy: 81.18%, AUC: 0.81 - [VAL] Loss: 0.4753, Accuracy: 78.97%, AUC: 0.79
Epoch [100/100] - [TRAIN] Loss: 0.4393, Accuracy: 81.36%, AUC: 0.81 - [VAL] Loss: 0.4680, Accuracy: 79.38%, AUC: 0.79
Training finished!
Accuracy Score on test set: 80.40 %
AUC Score on test set: 0.80

Item: H3K4me1-H3K27me3-H3K4me3-H3K36me3-H3K9me3
Epoch [10/100] - [TRAIN] Loss: 0.5124, Accuracy: 79.77%, AUC: 0.80 - [VAL] Loss: 0.5229, Accuracy: 78.80%, AUC: 0.79
Epoch [20/100] - [TRAIN] Loss: 0.4786, Accuracy: 79.94%, AUC: 0.80 - [VAL] Loss: 0.5113, Accuracy: 78.68%, AUC: 0.79
Epoch [30/100] - [TRAIN] Loss: 0.4710, Accuracy: 80.16%, AUC: 0.80 - [VAL] Loss: 0.5026, Accuracy: 78.81%, AUC: 0.79
Epoch [40/100] - [TRAIN] Loss: 0.4606, Accuracy: 80.64%, AUC: 0.81 - [VAL] Loss: 0.4860, Accuracy: 78.84%, AUC: 0.79
Epoch [50/100] - [TRAIN] Loss: 0.4599, Accuracy: 80.69%, AUC: 0.81 - [VAL] Loss: 0.4760, Accuracy: 78.65%, AUC: 0.79
Epoch [60/100] - [TRAIN] Loss: 0.4497, Accuracy: 80.87%, AUC: 0.81 - [VAL] Loss: 0.4940, Accuracy: 78.72%, AUC: 0.79
Epoch [70/100] - [TRAIN] Loss: 0.4472, Accuracy: 80.84%, AUC: 0.81 - [VAL] Loss: 0.4738, Accuracy: 78.95%, AUC: 0.79
Epoch [80/100] - [TRAIN] Loss: 0.4515, Accuracy: 81.05%, AUC: 0.81 - [VAL] Loss: 0.4850, Accuracy: 77.73%, AUC: 0.78
Epoch [90/100] - [TRAIN] Loss: 0.4451, Accuracy: 81.10%, AUC: 0.81 - [VAL] Loss: 0.4693, Accuracy: 79.12%, AUC: 0.79
Epoch [100/100] - [TRAIN] Loss: 0.4524, Accuracy: 81.18%, AUC: 0.81 - [VAL] Loss: 0.4834, Accuracy: 78.87%, AUC: 0.79
Training finished!
Accuracy Score on test set: 80.56 %
AUC Score on test set: 0.81

Item: H3K4me1-H3K27me3-H3K4me3-H3K9me3-H3K36me3
Epoch [10/100] - [TRAIN] Loss: 0.5110, Accuracy: 79.38%, AUC: 0.79 - [VAL] Loss: 0.5180, Accuracy: 78.81%, AUC: 0.79
Epoch [20/100] - [TRAIN] Loss: 0.4749, Accuracy: 79.76%, AUC: 0.80 - [VAL] Loss: 0.5001, Accuracy: 79.03%, AUC: 0.79
Epoch [30/100] - [TRAIN] Loss: 0.4690, Accuracy: 80.40%, AUC: 0.80 - [VAL] Loss: 0.5141, Accuracy: 78.68%, AUC: 0.79
Epoch [40/100] - [TRAIN] Loss: 0.4593, Accuracy: 80.77%, AUC: 0.81 - [VAL] Loss: 0.4773, Accuracy: 79.21%, AUC: 0.79
Epoch [50/100] - [TRAIN] Loss: 0.4520, Accuracy: 80.75%, AUC: 0.81 - [VAL] Loss: 0.4828, Accuracy: 79.00%, AUC: 0.79
Epoch [60/100] - [TRAIN] Loss: 0.4481, Accuracy: 80.99%, AUC: 0.81 - [VAL] Loss: 0.4800, Accuracy: 78.91%, AUC: 0.79
Epoch [70/100] - [TRAIN] Loss: 0.4541, Accuracy: 80.57%, AUC: 0.81 - [VAL] Loss: 0.4760, Accuracy: 79.09%, AUC: 0.79
Epoch [80/100] - [TRAIN] Loss: 0.4516, Accuracy: 81.04%, AUC: 0.81 - [VAL] Loss: 0.4737, Accuracy: 78.51%, AUC: 0.79
Epoch [90/100] - [TRAIN] Loss: 0.4477, Accuracy: 81.09%, AUC: 0.81 - [VAL] Loss: 0.4752, Accuracy: 79.24%, AUC: 0.79
Epoch [100/100] - [TRAIN] Loss: 0.4443, Accuracy: 81.79%, AUC: 0.82 - [VAL] Loss: 0.4735, Accuracy: 78.42%, AUC: 0.78
Training finished!
Accuracy Score on test set: 80.54 %
AUC Score on test set: 0.81

Item: H3K4me1-H3K27me3-H3K36me3-H3K4me3-H3K9me3
Epoch [10/100] - [TRAIN] Loss: 0.5142, Accuracy: 79.82%, AUC: 0.80 - [VAL] Loss: 0.5529, Accuracy: 78.20%, AUC: 0.78
Epoch [20/100] - [TRAIN] Loss: 0.4826, Accuracy: 79.99%, AUC: 0.80 - [VAL] Loss: 0.5266, Accuracy: 78.52%, AUC: 0.79
Epoch [30/100] - [TRAIN] Loss: 0.4662, Accuracy: 80.43%, AUC: 0.80 - [VAL] Loss: 0.5018, Accuracy: 78.71%, AUC: 0.79
Epoch [40/100] - [TRAIN] Loss: 0.4595, Accuracy: 80.32%, AUC: 0.80 - [VAL] Loss: 0.5161, Accuracy: 78.51%, AUC: 0.79
Epoch [50/100] - [TRAIN] Loss: 0.4560, Accuracy: 80.72%, AUC: 0.81 - [VAL] Loss: 0.4745, Accuracy: 79.23%, AUC: 0.79
Epoch [60/100] - [TRAIN] Loss: 0.4519, Accuracy: 80.60%, AUC: 0.81 - [VAL] Loss: 0.4832, Accuracy: 78.72%, AUC: 0.79
Epoch [70/100] - [TRAIN] Loss: 0.4488, Accuracy: 80.95%, AUC: 0.81 - [VAL] Loss: 0.4865, Accuracy: 78.71%, AUC: 0.79
Epoch [80/100] - [TRAIN] Loss: 0.4448, Accuracy: 81.31%, AUC: 0.81 - [VAL] Loss: 0.4709, Accuracy: 79.06%, AUC: 0.79
Epoch [90/100] - [TRAIN] Loss: 0.4402, Accuracy: 81.22%, AUC: 0.81 - [VAL] Loss: 0.4792, Accuracy: 78.87%, AUC: 0.79
Epoch [100/100] - [TRAIN] Loss: 0.4410, Accuracy: 81.07%, AUC: 0.81 - [VAL] Loss: 0.4798, Accuracy: 78.97%, AUC: 0.79
Training finished!
Accuracy Score on test set: 80.11 %
AUC Score on test set: 0.80

Saving the final results
Batch FINISHED!!!

Real-time duration: 5761.064901846 seconds
