Using cpu device
Loading the data ...
Item: H3K9me3-H3K27me3-H3K4me1-H3K4me3
Epoch [10/100] - [TRAIN] Loss: 0.5236, Accuracy: 79.32%, AUC: 0.79 - [VAL] Loss: 0.5291, Accuracy: 78.66%, AUC: 0.79
Epoch [20/100] - [TRAIN] Loss: 0.4875, Accuracy: 79.84%, AUC: 0.80 - [VAL] Loss: 0.5046, Accuracy: 78.63%, AUC: 0.79
Epoch [30/100] - [TRAIN] Loss: 0.4770, Accuracy: 79.93%, AUC: 0.80 - [VAL] Loss: 0.4891, Accuracy: 78.87%, AUC: 0.79
Epoch [40/100] - [TRAIN] Loss: 0.4676, Accuracy: 80.23%, AUC: 0.80 - [VAL] Loss: 0.4830, Accuracy: 78.94%, AUC: 0.79
Epoch [50/100] - [TRAIN] Loss: 0.4591, Accuracy: 80.32%, AUC: 0.80 - [VAL] Loss: 0.4810, Accuracy: 78.80%, AUC: 0.79
Epoch [60/100] - [TRAIN] Loss: 0.4572, Accuracy: 80.54%, AUC: 0.81 - [VAL] Loss: 0.4806, Accuracy: 78.84%, AUC: 0.79
Epoch [70/100] - [TRAIN] Loss: 0.4567, Accuracy: 80.43%, AUC: 0.80 - [VAL] Loss: 0.4787, Accuracy: 79.06%, AUC: 0.79
Epoch [80/100] - [TRAIN] Loss: 0.4550, Accuracy: 80.69%, AUC: 0.81 - [VAL] Loss: 0.4776, Accuracy: 79.00%, AUC: 0.79
Epoch [90/100] - [TRAIN] Loss: 0.4549, Accuracy: 80.58%, AUC: 0.81 - [VAL] Loss: 0.4777, Accuracy: 78.86%, AUC: 0.79
Epoch [100/100] - [TRAIN] Loss: 0.4529, Accuracy: 80.75%, AUC: 0.81 - [VAL] Loss: 0.4758, Accuracy: 79.01%, AUC: 0.79
Training finished!
Accuracy Score on test set: 80.20 %
AUC Score on test set: 0.80

Item: H3K27me3-H3K4me3-H3K4me1-H3K9me3
Epoch [10/100] - [TRAIN] Loss: 0.5142, Accuracy: 78.81%, AUC: 0.79 - [VAL] Loss: 0.5331, Accuracy: 78.34%, AUC: 0.78
Epoch [20/100] - [TRAIN] Loss: 0.4866, Accuracy: 79.74%, AUC: 0.80 - [VAL] Loss: 0.5075, Accuracy: 78.72%, AUC: 0.79
Epoch [30/100] - [TRAIN] Loss: 0.4741, Accuracy: 80.09%, AUC: 0.80 - [VAL] Loss: 0.4893, Accuracy: 78.71%, AUC: 0.79
Epoch [40/100] - [TRAIN] Loss: 0.4669, Accuracy: 80.03%, AUC: 0.80 - [VAL] Loss: 0.4974, Accuracy: 78.78%, AUC: 0.79
Epoch [50/100] - [TRAIN] Loss: 0.4629, Accuracy: 80.29%, AUC: 0.80 - [VAL] Loss: 0.4891, Accuracy: 78.86%, AUC: 0.79
Epoch [60/100] - [TRAIN] Loss: 0.4630, Accuracy: 80.28%, AUC: 0.80 - [VAL] Loss: 0.4810, Accuracy: 79.00%, AUC: 0.79
Epoch [70/100] - [TRAIN] Loss: 0.4583, Accuracy: 80.35%, AUC: 0.80 - [VAL] Loss: 0.4952, Accuracy: 78.78%, AUC: 0.79
Epoch [80/100] - [TRAIN] Loss: 0.4556, Accuracy: 80.66%, AUC: 0.81 - [VAL] Loss: 0.4786, Accuracy: 79.03%, AUC: 0.79
Epoch [90/100] - [TRAIN] Loss: 0.4526, Accuracy: 80.78%, AUC: 0.81 - [VAL] Loss: 0.4788, Accuracy: 79.03%, AUC: 0.79
Epoch [100/100] - [TRAIN] Loss: 0.4636, Accuracy: 80.83%, AUC: 0.81 - [VAL] Loss: 0.5253, Accuracy: 73.74%, AUC: 0.74
Training finished!
Accuracy Score on test set: 80.17 %
AUC Score on test set: 0.80

Item: H3K27me3-H3K4me3-H3K9me3-H3K4me1
Epoch [10/100] - [TRAIN] Loss: 0.5182, Accuracy: 79.10%, AUC: 0.79 - [VAL] Loss: 0.5299, Accuracy: 78.39%, AUC: 0.78
Epoch [20/100] - [TRAIN] Loss: 0.4837, Accuracy: 79.76%, AUC: 0.80 - [VAL] Loss: 0.5095, Accuracy: 78.46%, AUC: 0.78
Epoch [30/100] - [TRAIN] Loss: 0.4770, Accuracy: 79.84%, AUC: 0.80 - [VAL] Loss: 0.4870, Accuracy: 78.71%, AUC: 0.79
Epoch [40/100] - [TRAIN] Loss: 0.4646, Accuracy: 80.58%, AUC: 0.81 - [VAL] Loss: 0.4833, Accuracy: 78.77%, AUC: 0.79
Epoch [50/100] - [TRAIN] Loss: 0.4575, Accuracy: 80.54%, AUC: 0.81 - [VAL] Loss: 0.4804, Accuracy: 78.77%, AUC: 0.79
Epoch [60/100] - [TRAIN] Loss: 0.4546, Accuracy: 80.84%, AUC: 0.81 - [VAL] Loss: 0.4769, Accuracy: 78.69%, AUC: 0.79
Epoch [70/100] - [TRAIN] Loss: 0.4579, Accuracy: 81.04%, AUC: 0.81 - [VAL] Loss: 0.4758, Accuracy: 78.87%, AUC: 0.79
Epoch [80/100] - [TRAIN] Loss: 0.4495, Accuracy: 80.89%, AUC: 0.81 - [VAL] Loss: 0.4752, Accuracy: 78.89%, AUC: 0.79
Epoch [90/100] - [TRAIN] Loss: 0.4497, Accuracy: 80.66%, AUC: 0.81 - [VAL] Loss: 0.4737, Accuracy: 79.10%, AUC: 0.79
Epoch [100/100] - [TRAIN] Loss: 0.4459, Accuracy: 81.15%, AUC: 0.81 - [VAL] Loss: 0.4732, Accuracy: 79.13%, AUC: 0.79
Training finished!
Accuracy Score on test set: 80.39 %
AUC Score on test set: 0.80

Item: H3K27me3-H3K4me1-H3K4me3-H3K9me3
Epoch [10/100] - [TRAIN] Loss: 0.5132, Accuracy: 79.32%, AUC: 0.79 - [VAL] Loss: 0.5190, Accuracy: 78.95%, AUC: 0.79
Epoch [20/100] - [TRAIN] Loss: 0.4937, Accuracy: 79.47%, AUC: 0.79 - [VAL] Loss: 0.4944, Accuracy: 79.24%, AUC: 0.79
Epoch [30/100] - [TRAIN] Loss: 0.4783, Accuracy: 80.38%, AUC: 0.80 - [VAL] Loss: 0.4886, Accuracy: 79.01%, AUC: 0.79
Epoch [40/100] - [TRAIN] Loss: 0.4691, Accuracy: 80.38%, AUC: 0.80 - [VAL] Loss: 0.4891, Accuracy: 79.01%, AUC: 0.79
Epoch [50/100] - [TRAIN] Loss: 0.4684, Accuracy: 80.08%, AUC: 0.80 - [VAL] Loss: 0.5097, Accuracy: 78.65%, AUC: 0.79
Epoch [60/100] - [TRAIN] Loss: 0.4624, Accuracy: 80.28%, AUC: 0.80 - [VAL] Loss: 0.4967, Accuracy: 78.72%, AUC: 0.79
Epoch [70/100] - [TRAIN] Loss: 0.4592, Accuracy: 80.60%, AUC: 0.81 - [VAL] Loss: 0.4859, Accuracy: 78.83%, AUC: 0.79
Epoch [80/100] - [TRAIN] Loss: 0.4543, Accuracy: 80.93%, AUC: 0.81 - [VAL] Loss: 0.4800, Accuracy: 78.89%, AUC: 0.79
Epoch [90/100] - [TRAIN] Loss: 0.4508, Accuracy: 80.67%, AUC: 0.81 - [VAL] Loss: 0.4811, Accuracy: 79.06%, AUC: 0.79
Epoch [100/100] - [TRAIN] Loss: 0.4481, Accuracy: 80.81%, AUC: 0.81 - [VAL] Loss: 0.4782, Accuracy: 78.87%, AUC: 0.79
Training finished!
Accuracy Score on test set: 80.34 %
AUC Score on test set: 0.80

Item: H3K27me3-H3K4me1-H3K9me3-H3K4me3
Epoch [10/100] - [TRAIN] Loss: 0.5132, Accuracy: 79.16%, AUC: 0.79 - [VAL] Loss: 0.5243, Accuracy: 78.66%, AUC: 0.79
Epoch [20/100] - [TRAIN] Loss: 0.4898, Accuracy: 79.76%, AUC: 0.80 - [VAL] Loss: 0.5043, Accuracy: 78.74%, AUC: 0.79
Epoch [30/100] - [TRAIN] Loss: 0.4744, Accuracy: 80.22%, AUC: 0.80 - [VAL] Loss: 0.4894, Accuracy: 78.94%, AUC: 0.79
Epoch [40/100] - [TRAIN] Loss: 0.4678, Accuracy: 80.38%, AUC: 0.80 - [VAL] Loss: 0.4856, Accuracy: 78.62%, AUC: 0.79
Epoch [50/100] - [TRAIN] Loss: 0.4659, Accuracy: 80.20%, AUC: 0.80 - [VAL] Loss: 0.4885, Accuracy: 78.91%, AUC: 0.79
Epoch [60/100] - [TRAIN] Loss: 0.4612, Accuracy: 80.66%, AUC: 0.81 - [VAL] Loss: 0.4824, Accuracy: 78.94%, AUC: 0.79
Epoch [70/100] - [TRAIN] Loss: 0.4606, Accuracy: 80.75%, AUC: 0.81 - [VAL] Loss: 0.4803, Accuracy: 78.91%, AUC: 0.79
Epoch [80/100] - [TRAIN] Loss: 0.4522, Accuracy: 81.19%, AUC: 0.81 - [VAL] Loss: 0.4791, Accuracy: 78.84%, AUC: 0.79
Epoch [90/100] - [TRAIN] Loss: 0.4660, Accuracy: 80.64%, AUC: 0.81 - [VAL] Loss: 0.5491, Accuracy: 71.40%, AUC: 0.71
Epoch [100/100] - [TRAIN] Loss: 0.4567, Accuracy: 80.75%, AUC: 0.81 - [VAL] Loss: 0.4756, Accuracy: 78.91%, AUC: 0.79
Training finished!
Accuracy Score on test set: 80.34 %
AUC Score on test set: 0.80

Item: H3K27me3-H3K9me3-H3K4me3-H3K4me1
Epoch [10/100] - [TRAIN] Loss: 0.5066, Accuracy: 79.58%, AUC: 0.80 - [VAL] Loss: 0.5235, Accuracy: 78.46%, AUC: 0.78
Epoch [20/100] - [TRAIN] Loss: 0.4824, Accuracy: 79.71%, AUC: 0.80 - [VAL] Loss: 0.5064, Accuracy: 78.55%, AUC: 0.79
Epoch [30/100] - [TRAIN] Loss: 0.4687, Accuracy: 80.78%, AUC: 0.81 - [VAL] Loss: 0.4908, Accuracy: 78.92%, AUC: 0.79
Epoch [40/100] - [TRAIN] Loss: 0.4677, Accuracy: 80.03%, AUC: 0.80 - [VAL] Loss: 0.4852, Accuracy: 78.74%, AUC: 0.79
Epoch [50/100] - [TRAIN] Loss: 0.4684, Accuracy: 79.97%, AUC: 0.80 - [VAL] Loss: 0.4878, Accuracy: 78.55%, AUC: 0.79
Epoch [60/100] - [TRAIN] Loss: 0.4591, Accuracy: 80.52%, AUC: 0.81 - [VAL] Loss: 0.4784, Accuracy: 78.84%, AUC: 0.79
Epoch [70/100] - [TRAIN] Loss: 0.4561, Accuracy: 80.45%, AUC: 0.80 - [VAL] Loss: 0.4793, Accuracy: 78.66%, AUC: 0.79
Epoch [80/100] - [TRAIN] Loss: 0.4557, Accuracy: 80.61%, AUC: 0.81 - [VAL] Loss: 0.4764, Accuracy: 78.66%, AUC: 0.79
Epoch [90/100] - [TRAIN] Loss: 0.4526, Accuracy: 80.41%, AUC: 0.80 - [VAL] Loss: 0.4790, Accuracy: 78.84%, AUC: 0.79
Epoch [100/100] - [TRAIN] Loss: 0.4480, Accuracy: 81.02%, AUC: 0.81 - [VAL] Loss: 0.4750, Accuracy: 78.94%, AUC: 0.79
Training finished!
Accuracy Score on test set: 80.33 %
AUC Score on test set: 0.80

Item: H3K27me3-H3K9me3-H3K4me1-H3K4me3
Epoch [10/100] - [TRAIN] Loss: 0.5125, Accuracy: 79.27%, AUC: 0.79 - [VAL] Loss: 0.5395, Accuracy: 78.22%, AUC: 0.78
Epoch [20/100] - [TRAIN] Loss: 0.4852, Accuracy: 79.59%, AUC: 0.80 - [VAL] Loss: 0.5122, Accuracy: 78.72%, AUC: 0.79
Epoch [30/100] - [TRAIN] Loss: 0.4784, Accuracy: 79.56%, AUC: 0.80 - [VAL] Loss: 0.4950, Accuracy: 78.69%, AUC: 0.79
Epoch [40/100] - [TRAIN] Loss: 0.4679, Accuracy: 80.28%, AUC: 0.80 - [VAL] Loss: 0.4899, Accuracy: 78.75%, AUC: 0.79
Epoch [50/100] - [TRAIN] Loss: 0.4640, Accuracy: 80.28%, AUC: 0.80 - [VAL] Loss: 0.4918, Accuracy: 78.75%, AUC: 0.79
Epoch [60/100] - [TRAIN] Loss: 0.4619, Accuracy: 80.46%, AUC: 0.80 - [VAL] Loss: 0.4810, Accuracy: 78.91%, AUC: 0.79
Epoch [70/100] - [TRAIN] Loss: 0.4569, Accuracy: 80.93%, AUC: 0.81 - [VAL] Loss: 0.4803, Accuracy: 78.87%, AUC: 0.79
Epoch [80/100] - [TRAIN] Loss: 0.4542, Accuracy: 80.66%, AUC: 0.81 - [VAL] Loss: 0.4789, Accuracy: 78.83%, AUC: 0.79
Epoch [90/100] - [TRAIN] Loss: 0.4511, Accuracy: 80.80%, AUC: 0.81 - [VAL] Loss: 0.4779, Accuracy: 79.00%, AUC: 0.79
Epoch [100/100] - [TRAIN] Loss: 0.4514, Accuracy: 80.89%, AUC: 0.81 - [VAL] Loss: 0.4862, Accuracy: 78.95%, AUC: 0.79
Training finished!
Accuracy Score on test set: 80.27 %
AUC Score on test set: 0.80

Item: H3K4me3-H3K36me3-H3K9me3-H3K27me3
Epoch [10/100] - [TRAIN] Loss: 0.5238, Accuracy: 79.13%, AUC: 0.79 - [VAL] Loss: 0.5402, Accuracy: 78.00%, AUC: 0.78
Epoch [20/100] - [TRAIN] Loss: 0.4896, Accuracy: 79.85%, AUC: 0.80 - [VAL] Loss: 0.5011, Accuracy: 78.78%, AUC: 0.79
Epoch [30/100] - [TRAIN] Loss: 0.4748, Accuracy: 79.82%, AUC: 0.80 - [VAL] Loss: 0.4922, Accuracy: 78.74%, AUC: 0.79
Epoch [40/100] - [TRAIN] Loss: 0.4762, Accuracy: 80.02%, AUC: 0.80 - [VAL] Loss: 0.4915, Accuracy: 78.69%, AUC: 0.79
Epoch [50/100] - [TRAIN] Loss: 0.4718, Accuracy: 79.87%, AUC: 0.80 - [VAL] Loss: 0.4880, Accuracy: 78.74%, AUC: 0.79
Epoch [60/100] - [TRAIN] Loss: 0.4665, Accuracy: 80.32%, AUC: 0.80 - [VAL] Loss: 0.4874, Accuracy: 78.72%, AUC: 0.79
Epoch [70/100] - [TRAIN] Loss: 0.4666, Accuracy: 80.14%, AUC: 0.80 - [VAL] Loss: 0.4843, Accuracy: 78.66%, AUC: 0.79
Epoch [80/100] - [TRAIN] Loss: 0.4605, Accuracy: 80.37%, AUC: 0.80 - [VAL] Loss: 0.4837, Accuracy: 78.69%, AUC: 0.79
Epoch [90/100] - [TRAIN] Loss: 0.4590, Accuracy: 80.61%, AUC: 0.81 - [VAL] Loss: 0.4816, Accuracy: 78.89%, AUC: 0.79
Epoch [100/100] - [TRAIN] Loss: 0.4571, Accuracy: 80.45%, AUC: 0.80 - [VAL] Loss: 0.4813, Accuracy: 78.84%, AUC: 0.79
Training finished!
Accuracy Score on test set: 79.79 %
AUC Score on test set: 0.80

Item: H3K4me3-H3K36me3-H3K27me3-H3K9me3
Epoch [10/100] - [TRAIN] Loss: 0.5167, Accuracy: 79.48%, AUC: 0.79 - [VAL] Loss: 0.5450, Accuracy: 77.94%, AUC: 0.78
Epoch [20/100] - [TRAIN] Loss: 0.4889, Accuracy: 79.88%, AUC: 0.80 - [VAL] Loss: 0.5246, Accuracy: 78.22%, AUC: 0.78
Epoch [30/100] - [TRAIN] Loss: 0.4774, Accuracy: 80.03%, AUC: 0.80 - [VAL] Loss: 0.5022, Accuracy: 78.52%, AUC: 0.79
Epoch [40/100] - [TRAIN] Loss: 0.4682, Accuracy: 80.08%, AUC: 0.80 - [VAL] Loss: 0.4925, Accuracy: 78.72%, AUC: 0.79
Epoch [50/100] - [TRAIN] Loss: 0.4723, Accuracy: 80.20%, AUC: 0.80 - [VAL] Loss: 0.4911, Accuracy: 78.83%, AUC: 0.79
Epoch [60/100] - [TRAIN] Loss: 0.4671, Accuracy: 80.17%, AUC: 0.80 - [VAL] Loss: 0.4876, Accuracy: 78.83%, AUC: 0.79
Epoch [70/100] - [TRAIN] Loss: 0.4623, Accuracy: 80.20%, AUC: 0.80 - [VAL] Loss: 0.4835, Accuracy: 78.63%, AUC: 0.79
Epoch [80/100] - [TRAIN] Loss: 0.4615, Accuracy: 80.40%, AUC: 0.80 - [VAL] Loss: 0.4827, Accuracy: 78.69%, AUC: 0.79
Epoch [90/100] - [TRAIN] Loss: 0.4586, Accuracy: 80.48%, AUC: 0.80 - [VAL] Loss: 0.4813, Accuracy: 78.86%, AUC: 0.79
Epoch [100/100] - [TRAIN] Loss: 0.4553, Accuracy: 80.48%, AUC: 0.80 - [VAL] Loss: 0.4803, Accuracy: 78.84%, AUC: 0.79
Training finished!
Accuracy Score on test set: 79.70 %
AUC Score on test set: 0.80

Item: H3K4me3-H3K9me3-H3K36me3-H3K27me3
Epoch [10/100] - [TRAIN] Loss: 0.5316, Accuracy: 79.07%, AUC: 0.79 - [VAL] Loss: 0.5359, Accuracy: 78.68%, AUC: 0.79
Epoch [20/100] - [TRAIN] Loss: 0.4904, Accuracy: 79.55%, AUC: 0.80 - [VAL] Loss: 0.5079, Accuracy: 78.89%, AUC: 0.79
Epoch [30/100] - [TRAIN] Loss: 0.4823, Accuracy: 80.00%, AUC: 0.80 - [VAL] Loss: 0.5027, Accuracy: 78.74%, AUC: 0.79
Epoch [40/100] - [TRAIN] Loss: 0.4743, Accuracy: 80.26%, AUC: 0.80 - [VAL] Loss: 0.4905, Accuracy: 78.57%, AUC: 0.79
Epoch [50/100] - [TRAIN] Loss: 0.4705, Accuracy: 80.52%, AUC: 0.81 - [VAL] Loss: 0.4961, Accuracy: 78.68%, AUC: 0.79
Epoch [60/100] - [TRAIN] Loss: 0.4644, Accuracy: 80.46%, AUC: 0.80 - [VAL] Loss: 0.4873, Accuracy: 78.71%, AUC: 0.79
Epoch [70/100] - [TRAIN] Loss: 0.4631, Accuracy: 80.32%, AUC: 0.80 - [VAL] Loss: 0.4838, Accuracy: 78.62%, AUC: 0.79
Epoch [80/100] - [TRAIN] Loss: 0.4612, Accuracy: 80.55%, AUC: 0.81 - [VAL] Loss: 0.4836, Accuracy: 78.71%, AUC: 0.79
Epoch [90/100] - [TRAIN] Loss: 0.4654, Accuracy: 80.17%, AUC: 0.80 - [VAL] Loss: 0.4923, Accuracy: 77.59%, AUC: 0.78
Epoch [100/100] - [TRAIN] Loss: 0.4649, Accuracy: 80.75%, AUC: 0.81 - [VAL] Loss: 0.4823, Accuracy: 78.86%, AUC: 0.79
Training finished!
Accuracy Score on test set: 79.61 %
AUC Score on test set: 0.80

Item: H3K4me3-H3K9me3-H3K27me3-H3K36me3
Epoch [10/100] - [TRAIN] Loss: 0.5137, Accuracy: 79.52%, AUC: 0.80 - [VAL] Loss: 0.5395, Accuracy: 78.10%, AUC: 0.78
Epoch [20/100] - [TRAIN] Loss: 0.4888, Accuracy: 79.48%, AUC: 0.79 - [VAL] Loss: 0.5203, Accuracy: 78.36%, AUC: 0.78
Epoch [30/100] - [TRAIN] Loss: 0.4812, Accuracy: 79.85%, AUC: 0.80 - [VAL] Loss: 0.5072, Accuracy: 78.55%, AUC: 0.79
Epoch [40/100] - [TRAIN] Loss: 0.4730, Accuracy: 80.20%, AUC: 0.80 - [VAL] Loss: 0.4990, Accuracy: 78.60%, AUC: 0.79
Epoch [50/100] - [TRAIN] Loss: 0.4727, Accuracy: 80.32%, AUC: 0.80 - [VAL] Loss: 0.4889, Accuracy: 78.71%, AUC: 0.79
Epoch [60/100] - [TRAIN] Loss: 0.4672, Accuracy: 80.58%, AUC: 0.81 - [VAL] Loss: 0.4859, Accuracy: 78.77%, AUC: 0.79
Epoch [70/100] - [TRAIN] Loss: 0.4631, Accuracy: 80.46%, AUC: 0.80 - [VAL] Loss: 0.4854, Accuracy: 78.68%, AUC: 0.79
Epoch [80/100] - [TRAIN] Loss: 0.4600, Accuracy: 80.64%, AUC: 0.81 - [VAL] Loss: 0.4818, Accuracy: 78.83%, AUC: 0.79
Epoch [90/100] - [TRAIN] Loss: 0.4597, Accuracy: 80.41%, AUC: 0.80 - [VAL] Loss: 0.4814, Accuracy: 78.74%, AUC: 0.79
Epoch [100/100] - [TRAIN] Loss: 0.4568, Accuracy: 80.77%, AUC: 0.81 - [VAL] Loss: 0.4935, Accuracy: 78.34%, AUC: 0.78
Training finished!
Accuracy Score on test set: 80.04 %
AUC Score on test set: 0.80

Item: H3K4me3-H3K27me3-H3K36me3-H3K9me3
Epoch [10/100] - [TRAIN] Loss: 0.5165, Accuracy: 79.47%, AUC: 0.79 - [VAL] Loss: 0.5293, Accuracy: 78.13%, AUC: 0.78
Epoch [20/100] - [TRAIN] Loss: 0.4825, Accuracy: 79.99%, AUC: 0.80 - [VAL] Loss: 0.5048, Accuracy: 78.84%, AUC: 0.79
Epoch [30/100] - [TRAIN] Loss: 0.4731, Accuracy: 79.53%, AUC: 0.80 - [VAL] Loss: 0.4939, Accuracy: 78.72%, AUC: 0.79
Epoch [40/100] - [TRAIN] Loss: 0.4694, Accuracy: 79.85%, AUC: 0.80 - [VAL] Loss: 0.4873, Accuracy: 78.86%, AUC: 0.79
Epoch [50/100] - [TRAIN] Loss: 0.4625, Accuracy: 80.40%, AUC: 0.80 - [VAL] Loss: 0.4833, Accuracy: 78.80%, AUC: 0.79
Epoch [60/100] - [TRAIN] Loss: 0.4710, Accuracy: 80.54%, AUC: 0.81 - [VAL] Loss: 0.5688, Accuracy: 68.95%, AUC: 0.69
Epoch [70/100] - [TRAIN] Loss: 0.4594, Accuracy: 80.78%, AUC: 0.81 - [VAL] Loss: 0.4810, Accuracy: 78.60%, AUC: 0.79
Epoch [80/100] - [TRAIN] Loss: 0.4593, Accuracy: 80.29%, AUC: 0.80 - [VAL] Loss: 0.4834, Accuracy: 78.87%, AUC: 0.79
Epoch [90/100] - [TRAIN] Loss: 0.4570, Accuracy: 80.57%, AUC: 0.81 - [VAL] Loss: 0.4814, Accuracy: 78.87%, AUC: 0.79
Epoch [100/100] - [TRAIN] Loss: 0.4570, Accuracy: 80.34%, AUC: 0.80 - [VAL] Loss: 0.4771, Accuracy: 78.83%, AUC: 0.79
Training finished!
Accuracy Score on test set: 79.93 %
AUC Score on test set: 0.80

Item: H3K4me3-H3K27me3-H3K9me3-H3K36me3
Epoch [10/100] - [TRAIN] Loss: 0.5184, Accuracy: 79.38%, AUC: 0.79 - [VAL] Loss: 0.5394, Accuracy: 78.26%, AUC: 0.78
Epoch [20/100] - [TRAIN] Loss: 0.4905, Accuracy: 79.64%, AUC: 0.80 - [VAL] Loss: 0.5101, Accuracy: 78.83%, AUC: 0.79
Epoch [30/100] - [TRAIN] Loss: 0.4824, Accuracy: 79.42%, AUC: 0.79 - [VAL] Loss: 0.5000, Accuracy: 78.94%, AUC: 0.79
Epoch [40/100] - [TRAIN] Loss: 0.4727, Accuracy: 79.99%, AUC: 0.80 - [VAL] Loss: 0.4988, Accuracy: 78.89%, AUC: 0.79
Epoch [50/100] - [TRAIN] Loss: 0.4734, Accuracy: 80.05%, AUC: 0.80 - [VAL] Loss: 0.4966, Accuracy: 78.77%, AUC: 0.79
Epoch [60/100] - [TRAIN] Loss: 0.4704, Accuracy: 80.22%, AUC: 0.80 - [VAL] Loss: 0.4885, Accuracy: 78.81%, AUC: 0.79
Epoch [70/100] - [TRAIN] Loss: 0.4723, Accuracy: 80.05%, AUC: 0.80 - [VAL] Loss: 0.5083, Accuracy: 75.73%, AUC: 0.76
Epoch [80/100] - [TRAIN] Loss: 0.4675, Accuracy: 80.09%, AUC: 0.80 - [VAL] Loss: 0.4838, Accuracy: 78.37%, AUC: 0.78
Epoch [90/100] - [TRAIN] Loss: 0.4607, Accuracy: 80.41%, AUC: 0.80 - [VAL] Loss: 0.4844, Accuracy: 78.81%, AUC: 0.79
Epoch [100/100] - [TRAIN] Loss: 0.4591, Accuracy: 80.54%, AUC: 0.81 - [VAL] Loss: 0.4829, Accuracy: 78.94%, AUC: 0.79
Training finished!
Accuracy Score on test set: 79.76 %
AUC Score on test set: 0.80

Item: H3K36me3-H3K4me3-H3K9me3-H3K27me3
Epoch [10/100] - [TRAIN] Loss: 0.5261, Accuracy: 79.00%, AUC: 0.79 - [VAL] Loss: 0.5516, Accuracy: 78.03%, AUC: 0.78
Epoch [20/100] - [TRAIN] Loss: 0.4896, Accuracy: 79.96%, AUC: 0.80 - [VAL] Loss: 0.5193, Accuracy: 78.48%, AUC: 0.78
Epoch [30/100] - [TRAIN] Loss: 0.4760, Accuracy: 80.14%, AUC: 0.80 - [VAL] Loss: 0.5030, Accuracy: 78.87%, AUC: 0.79
Epoch [40/100] - [TRAIN] Loss: 0.4728, Accuracy: 79.61%, AUC: 0.80 - [VAL] Loss: 0.4887, Accuracy: 78.63%, AUC: 0.79
Epoch [50/100] - [TRAIN] Loss: 0.4760, Accuracy: 80.29%, AUC: 0.80 - [VAL] Loss: 0.4867, Accuracy: 78.58%, AUC: 0.79
Epoch [60/100] - [TRAIN] Loss: 0.4657, Accuracy: 80.46%, AUC: 0.80 - [VAL] Loss: 0.4870, Accuracy: 78.97%, AUC: 0.79
Epoch [70/100] - [TRAIN] Loss: 0.4657, Accuracy: 80.60%, AUC: 0.81 - [VAL] Loss: 0.4857, Accuracy: 78.14%, AUC: 0.78
Epoch [80/100] - [TRAIN] Loss: 0.4631, Accuracy: 80.20%, AUC: 0.80 - [VAL] Loss: 0.4825, Accuracy: 78.62%, AUC: 0.79
Epoch [90/100] - [TRAIN] Loss: 0.4574, Accuracy: 80.48%, AUC: 0.80 - [VAL] Loss: 0.4812, Accuracy: 78.83%, AUC: 0.79
Epoch [100/100] - [TRAIN] Loss: 0.4584, Accuracy: 80.26%, AUC: 0.80 - [VAL] Loss: 0.4799, Accuracy: 78.89%, AUC: 0.79
Training finished!
Accuracy Score on test set: 79.91 %
AUC Score on test set: 0.80

Item: H3K36me3-H3K4me3-H3K27me3-H3K9me3
Epoch [10/100] - [TRAIN] Loss: 0.5235, Accuracy: 79.20%, AUC: 0.79 - [VAL] Loss: 0.5273, Accuracy: 78.54%, AUC: 0.79
Epoch [20/100] - [TRAIN] Loss: 0.4903, Accuracy: 79.55%, AUC: 0.80 - [VAL] Loss: 0.4997, Accuracy: 78.69%, AUC: 0.79
Epoch [30/100] - [TRAIN] Loss: 0.4791, Accuracy: 79.84%, AUC: 0.80 - [VAL] Loss: 0.4941, Accuracy: 78.71%, AUC: 0.79
Epoch [40/100] - [TRAIN] Loss: 0.4736, Accuracy: 79.97%, AUC: 0.80 - [VAL] Loss: 0.4897, Accuracy: 78.69%, AUC: 0.79
Epoch [50/100] - [TRAIN] Loss: 0.4704, Accuracy: 80.02%, AUC: 0.80 - [VAL] Loss: 0.4877, Accuracy: 78.66%, AUC: 0.79
Epoch [60/100] - [TRAIN] Loss: 0.4617, Accuracy: 80.52%, AUC: 0.81 - [VAL] Loss: 0.4837, Accuracy: 78.43%, AUC: 0.78
Epoch [70/100] - [TRAIN] Loss: 0.4612, Accuracy: 80.12%, AUC: 0.80 - [VAL] Loss: 0.4840, Accuracy: 78.75%, AUC: 0.79
Epoch [80/100] - [TRAIN] Loss: 0.4623, Accuracy: 80.32%, AUC: 0.80 - [VAL] Loss: 0.4821, Accuracy: 78.83%, AUC: 0.79
Epoch [90/100] - [TRAIN] Loss: 0.4615, Accuracy: 80.29%, AUC: 0.80 - [VAL] Loss: 0.4817, Accuracy: 78.78%, AUC: 0.79
Epoch [100/100] - [TRAIN] Loss: 0.4532, Accuracy: 80.84%, AUC: 0.81 - [VAL] Loss: 0.4801, Accuracy: 78.42%, AUC: 0.78
Training finished!
Accuracy Score on test set: 79.75 %
AUC Score on test set: 0.80

Item: H3K36me3-H3K9me3-H3K4me3-H3K27me3
Epoch [10/100] - [TRAIN] Loss: 0.5138, Accuracy: 79.53%, AUC: 0.80 - [VAL] Loss: 0.5419, Accuracy: 78.11%, AUC: 0.78
Epoch [20/100] - [TRAIN] Loss: 0.4877, Accuracy: 79.58%, AUC: 0.80 - [VAL] Loss: 0.5214, Accuracy: 78.36%, AUC: 0.78
Epoch [30/100] - [TRAIN] Loss: 0.4787, Accuracy: 79.87%, AUC: 0.80 - [VAL] Loss: 0.4947, Accuracy: 78.95%, AUC: 0.79
Epoch [40/100] - [TRAIN] Loss: 0.4716, Accuracy: 80.05%, AUC: 0.80 - [VAL] Loss: 0.4915, Accuracy: 77.99%, AUC: 0.78
Epoch [50/100] - [TRAIN] Loss: 0.4679, Accuracy: 80.14%, AUC: 0.80 - [VAL] Loss: 0.4854, Accuracy: 78.94%, AUC: 0.79
Epoch [60/100] - [TRAIN] Loss: 0.4686, Accuracy: 79.65%, AUC: 0.80 - [VAL] Loss: 0.4866, Accuracy: 78.87%, AUC: 0.79
Epoch [70/100] - [TRAIN] Loss: 0.4727, Accuracy: 79.99%, AUC: 0.80 - [VAL] Loss: 0.4828, Accuracy: 79.07%, AUC: 0.79
Epoch [80/100] - [TRAIN] Loss: 0.4658, Accuracy: 80.37%, AUC: 0.80 - [VAL] Loss: 0.4883, Accuracy: 78.10%, AUC: 0.78
Epoch [90/100] - [TRAIN] Loss: 0.4582, Accuracy: 80.52%, AUC: 0.81 - [VAL] Loss: 0.4798, Accuracy: 79.07%, AUC: 0.79
Epoch [100/100] - [TRAIN] Loss: 0.4588, Accuracy: 80.40%, AUC: 0.80 - [VAL] Loss: 0.4801, Accuracy: 78.97%, AUC: 0.79
Training finished!
Accuracy Score on test set: 79.79 %
AUC Score on test set: 0.80

Item: H3K36me3-H3K9me3-H3K27me3-H3K4me3
Epoch [10/100] - [TRAIN] Loss: 0.5193, Accuracy: 79.36%, AUC: 0.79 - [VAL] Loss: 0.5298, Accuracy: 78.68%, AUC: 0.79
Epoch [20/100] - [TRAIN] Loss: 0.4882, Accuracy: 79.53%, AUC: 0.80 - [VAL] Loss: 0.5113, Accuracy: 78.62%, AUC: 0.79
Epoch [30/100] - [TRAIN] Loss: 0.4759, Accuracy: 80.16%, AUC: 0.80 - [VAL] Loss: 0.4945, Accuracy: 79.06%, AUC: 0.79
Epoch [40/100] - [TRAIN] Loss: 0.4730, Accuracy: 79.94%, AUC: 0.80 - [VAL] Loss: 0.4979, Accuracy: 78.78%, AUC: 0.79
Epoch [50/100] - [TRAIN] Loss: 0.4682, Accuracy: 80.14%, AUC: 0.80 - [VAL] Loss: 0.4971, Accuracy: 78.78%, AUC: 0.79
Epoch [60/100] - [TRAIN] Loss: 0.4658, Accuracy: 80.20%, AUC: 0.80 - [VAL] Loss: 0.4834, Accuracy: 78.78%, AUC: 0.79
Epoch [70/100] - [TRAIN] Loss: 0.4633, Accuracy: 80.35%, AUC: 0.80 - [VAL] Loss: 0.4841, Accuracy: 78.84%, AUC: 0.79
Epoch [80/100] - [TRAIN] Loss: 0.4597, Accuracy: 80.37%, AUC: 0.80 - [VAL] Loss: 0.4813, Accuracy: 78.86%, AUC: 0.79
Epoch [90/100] - [TRAIN] Loss: 0.4568, Accuracy: 80.38%, AUC: 0.80 - [VAL] Loss: 0.4799, Accuracy: 78.83%, AUC: 0.79
Epoch [100/100] - [TRAIN] Loss: 0.4555, Accuracy: 80.63%, AUC: 0.81 - [VAL] Loss: 0.4799, Accuracy: 78.83%, AUC: 0.79
Training finished!
Accuracy Score on test set: 79.96 %
AUC Score on test set: 0.80

Item: H3K36me3-H3K27me3-H3K4me3-H3K9me3
Epoch [10/100] - [TRAIN] Loss: 0.5208, Accuracy: 79.33%, AUC: 0.79 - [VAL] Loss: 0.5184, Accuracy: 78.29%, AUC: 0.78
Epoch [20/100] - [TRAIN] Loss: 0.4941, Accuracy: 79.61%, AUC: 0.80 - [VAL] Loss: 0.5078, Accuracy: 76.87%, AUC: 0.77
Epoch [30/100] - [TRAIN] Loss: 0.4753, Accuracy: 79.99%, AUC: 0.80 - [VAL] Loss: 0.5047, Accuracy: 78.51%, AUC: 0.79
Epoch [40/100] - [TRAIN] Loss: 0.4702, Accuracy: 80.00%, AUC: 0.80 - [VAL] Loss: 0.5005, Accuracy: 78.55%, AUC: 0.79
Epoch [50/100] - [TRAIN] Loss: 0.4768, Accuracy: 80.09%, AUC: 0.80 - [VAL] Loss: 0.5170, Accuracy: 74.41%, AUC: 0.74
Epoch [60/100] - [TRAIN] Loss: 0.4669, Accuracy: 79.84%, AUC: 0.80 - [VAL] Loss: 0.4881, Accuracy: 78.83%, AUC: 0.79
Epoch [70/100] - [TRAIN] Loss: 0.4629, Accuracy: 80.55%, AUC: 0.81 - [VAL] Loss: 0.4848, Accuracy: 78.98%, AUC: 0.79
Epoch [80/100] - [TRAIN] Loss: 0.4667, Accuracy: 80.06%, AUC: 0.80 - [VAL] Loss: 0.4824, Accuracy: 78.71%, AUC: 0.79
Epoch [90/100] - [TRAIN] Loss: 0.4635, Accuracy: 80.40%, AUC: 0.80 - [VAL] Loss: 0.4859, Accuracy: 78.83%, AUC: 0.79
Epoch [100/100] - [TRAIN] Loss: 0.4605, Accuracy: 80.41%, AUC: 0.80 - [VAL] Loss: 0.4810, Accuracy: 78.87%, AUC: 0.79
Training finished!
Accuracy Score on test set: 79.76 %
AUC Score on test set: 0.80

Item: H3K36me3-H3K27me3-H3K9me3-H3K4me3
Epoch [10/100] - [TRAIN] Loss: 0.5310, Accuracy: 79.10%, AUC: 0.79 - [VAL] Loss: 0.5209, Accuracy: 78.83%, AUC: 0.79
Epoch [20/100] - [TRAIN] Loss: 0.4888, Accuracy: 79.67%, AUC: 0.80 - [VAL] Loss: 0.5004, Accuracy: 78.77%, AUC: 0.79
Epoch [30/100] - [TRAIN] Loss: 0.4837, Accuracy: 79.79%, AUC: 0.80 - [VAL] Loss: 0.4913, Accuracy: 78.71%, AUC: 0.79
Epoch [40/100] - [TRAIN] Loss: 0.4810, Accuracy: 79.84%, AUC: 0.80 - [VAL] Loss: 0.4856, Accuracy: 78.78%, AUC: 0.79
Epoch [50/100] - [TRAIN] Loss: 0.4743, Accuracy: 79.71%, AUC: 0.80 - [VAL] Loss: 0.4859, Accuracy: 78.74%, AUC: 0.79
Epoch [60/100] - [TRAIN] Loss: 0.4653, Accuracy: 79.93%, AUC: 0.80 - [VAL] Loss: 0.4821, Accuracy: 78.69%, AUC: 0.79
Epoch [70/100] - [TRAIN] Loss: 0.4630, Accuracy: 80.34%, AUC: 0.80 - [VAL] Loss: 0.4815, Accuracy: 78.75%, AUC: 0.79
Epoch [80/100] - [TRAIN] Loss: 0.4625, Accuracy: 80.09%, AUC: 0.80 - [VAL] Loss: 0.4806, Accuracy: 78.58%, AUC: 0.79
Epoch [90/100] - [TRAIN] Loss: 0.4583, Accuracy: 80.43%, AUC: 0.80 - [VAL] Loss: 0.4794, Accuracy: 78.78%, AUC: 0.79
Epoch [100/100] - [TRAIN] Loss: 0.4577, Accuracy: 80.70%, AUC: 0.81 - [VAL] Loss: 0.4796, Accuracy: 78.68%, AUC: 0.79
Training finished!
Accuracy Score on test set: 79.58 %
AUC Score on test set: 0.80

Item: H3K9me3-H3K4me3-H3K36me3-H3K27me3
Epoch [10/100] - [TRAIN] Loss: 0.5243, Accuracy: 79.12%, AUC: 0.79 - [VAL] Loss: 0.5361, Accuracy: 78.42%, AUC: 0.78
Epoch [20/100] - [TRAIN] Loss: 0.4968, Accuracy: 79.61%, AUC: 0.80 - [VAL] Loss: 0.5023, Accuracy: 77.76%, AUC: 0.78
Epoch [30/100] - [TRAIN] Loss: 0.4797, Accuracy: 80.00%, AUC: 0.80 - [VAL] Loss: 0.4966, Accuracy: 78.66%, AUC: 0.79
Epoch [40/100] - [TRAIN] Loss: 0.4772, Accuracy: 80.00%, AUC: 0.80 - [VAL] Loss: 0.4900, Accuracy: 78.63%, AUC: 0.79
Epoch [50/100] - [TRAIN] Loss: 0.4727, Accuracy: 79.99%, AUC: 0.80 - [VAL] Loss: 0.4882, Accuracy: 78.69%, AUC: 0.79
Epoch [60/100] - [TRAIN] Loss: 0.4706, Accuracy: 80.16%, AUC: 0.80 - [VAL] Loss: 0.4860, Accuracy: 78.71%, AUC: 0.79
Epoch [70/100] - [TRAIN] Loss: 0.4657, Accuracy: 80.25%, AUC: 0.80 - [VAL] Loss: 0.4895, Accuracy: 78.81%, AUC: 0.79
Epoch [80/100] - [TRAIN] Loss: 0.4680, Accuracy: 80.17%, AUC: 0.80 - [VAL] Loss: 0.4854, Accuracy: 78.89%, AUC: 0.79
Epoch [90/100] - [TRAIN] Loss: 0.4597, Accuracy: 80.66%, AUC: 0.81 - [VAL] Loss: 0.4824, Accuracy: 78.83%, AUC: 0.79
Epoch [100/100] - [TRAIN] Loss: 0.4555, Accuracy: 80.52%, AUC: 0.81 - [VAL] Loss: 0.4816, Accuracy: 78.94%, AUC: 0.79
Training finished!
Accuracy Score on test set: 79.98 %
AUC Score on test set: 0.80

Item: H3K9me3-H3K4me3-H3K27me3-H3K36me3
Epoch [10/100] - [TRAIN] Loss: 0.5299, Accuracy: 78.98%, AUC: 0.79 - [VAL] Loss: 0.5334, Accuracy: 78.42%, AUC: 0.78
Epoch [20/100] - [TRAIN] Loss: 0.4879, Accuracy: 79.48%, AUC: 0.79 - [VAL] Loss: 0.5157, Accuracy: 78.65%, AUC: 0.79
Epoch [30/100] - [TRAIN] Loss: 0.4772, Accuracy: 80.16%, AUC: 0.80 - [VAL] Loss: 0.5038, Accuracy: 78.78%, AUC: 0.79
Epoch [40/100] - [TRAIN] Loss: 0.4732, Accuracy: 80.08%, AUC: 0.80 - [VAL] Loss: 0.5025, Accuracy: 78.72%, AUC: 0.79
Epoch [50/100] - [TRAIN] Loss: 0.4716, Accuracy: 80.14%, AUC: 0.80 - [VAL] Loss: 0.4870, Accuracy: 78.74%, AUC: 0.79
Epoch [60/100] - [TRAIN] Loss: 0.4675, Accuracy: 80.02%, AUC: 0.80 - [VAL] Loss: 0.4854, Accuracy: 78.69%, AUC: 0.79
Epoch [70/100] - [TRAIN] Loss: 0.4625, Accuracy: 80.26%, AUC: 0.80 - [VAL] Loss: 0.4849, Accuracy: 78.77%, AUC: 0.79
Epoch [80/100] - [TRAIN] Loss: 0.4687, Accuracy: 80.49%, AUC: 0.80 - [VAL] Loss: 0.4841, Accuracy: 78.72%, AUC: 0.79
Epoch [90/100] - [TRAIN] Loss: 0.4575, Accuracy: 80.52%, AUC: 0.81 - [VAL] Loss: 0.4825, Accuracy: 78.83%, AUC: 0.79
Epoch [100/100] - [TRAIN] Loss: 0.4611, Accuracy: 80.87%, AUC: 0.81 - [VAL] Loss: 0.4832, Accuracy: 78.95%, AUC: 0.79
Training finished!
Accuracy Score on test set: 79.65 %
AUC Score on test set: 0.80

Item: H3K9me3-H3K36me3-H3K4me3-H3K27me3
Epoch [10/100] - [TRAIN] Loss: 0.5278, Accuracy: 78.81%, AUC: 0.79 - [VAL] Loss: 0.5292, Accuracy: 78.57%, AUC: 0.79
Epoch [20/100] - [TRAIN] Loss: 0.4917, Accuracy: 79.58%, AUC: 0.80 - [VAL] Loss: 0.5014, Accuracy: 78.63%, AUC: 0.79
Epoch [30/100] - [TRAIN] Loss: 0.4792, Accuracy: 79.84%, AUC: 0.80 - [VAL] Loss: 0.4929, Accuracy: 78.34%, AUC: 0.78
Epoch [40/100] - [TRAIN] Loss: 0.4718, Accuracy: 79.65%, AUC: 0.80 - [VAL] Loss: 0.4939, Accuracy: 78.63%, AUC: 0.79
Epoch [50/100] - [TRAIN] Loss: 0.4683, Accuracy: 79.85%, AUC: 0.80 - [VAL] Loss: 0.4910, Accuracy: 78.55%, AUC: 0.79
Epoch [60/100] - [TRAIN] Loss: 0.4625, Accuracy: 80.29%, AUC: 0.80 - [VAL] Loss: 0.4882, Accuracy: 78.43%, AUC: 0.78
Epoch [70/100] - [TRAIN] Loss: 0.4641, Accuracy: 80.08%, AUC: 0.80 - [VAL] Loss: 0.4856, Accuracy: 78.11%, AUC: 0.78
Epoch [80/100] - [TRAIN] Loss: 0.4594, Accuracy: 80.51%, AUC: 0.81 - [VAL] Loss: 0.4837, Accuracy: 78.69%, AUC: 0.79
Epoch [90/100] - [TRAIN] Loss: 0.4608, Accuracy: 80.11%, AUC: 0.80 - [VAL] Loss: 0.4821, Accuracy: 78.51%, AUC: 0.79
Epoch [100/100] - [TRAIN] Loss: 0.4552, Accuracy: 80.61%, AUC: 0.81 - [VAL] Loss: 0.4808, Accuracy: 78.40%, AUC: 0.78
Training finished!
Accuracy Score on test set: 79.73 %
AUC Score on test set: 0.80

Item: H3K9me3-H3K36me3-H3K27me3-H3K4me3
Epoch [10/100] - [TRAIN] Loss: 0.5060, Accuracy: 79.23%, AUC: 0.79 - [VAL] Loss: 0.5151, Accuracy: 78.57%, AUC: 0.79
Epoch [20/100] - [TRAIN] Loss: 0.4813, Accuracy: 79.70%, AUC: 0.80 - [VAL] Loss: 0.4988, Accuracy: 78.87%, AUC: 0.79
Epoch [30/100] - [TRAIN] Loss: 0.4741, Accuracy: 80.00%, AUC: 0.80 - [VAL] Loss: 0.4901, Accuracy: 78.84%, AUC: 0.79
Epoch [40/100] - [TRAIN] Loss: 0.4728, Accuracy: 80.19%, AUC: 0.80 - [VAL] Loss: 0.4873, Accuracy: 78.72%, AUC: 0.79
Epoch [50/100] - [TRAIN] Loss: 0.4681, Accuracy: 80.48%, AUC: 0.80 - [VAL] Loss: 0.4872, Accuracy: 78.10%, AUC: 0.78
Epoch [60/100] - [TRAIN] Loss: 0.4605, Accuracy: 80.60%, AUC: 0.81 - [VAL] Loss: 0.4829, Accuracy: 78.68%, AUC: 0.79
Epoch [70/100] - [TRAIN] Loss: 0.4615, Accuracy: 80.14%, AUC: 0.80 - [VAL] Loss: 0.4820, Accuracy: 78.78%, AUC: 0.79
Epoch [80/100] - [TRAIN] Loss: 0.4589, Accuracy: 80.63%, AUC: 0.81 - [VAL] Loss: 0.4809, Accuracy: 78.66%, AUC: 0.79
Epoch [90/100] - [TRAIN] Loss: 0.4562, Accuracy: 80.61%, AUC: 0.81 - [VAL] Loss: 0.4797, Accuracy: 78.81%, AUC: 0.79
Epoch [100/100] - [TRAIN] Loss: 0.4547, Accuracy: 80.78%, AUC: 0.81 - [VAL] Loss: 0.4790, Accuracy: 78.77%, AUC: 0.79
Training finished!
Accuracy Score on test set: 79.76 %
AUC Score on test set: 0.80

Item: H3K9me3-H3K27me3-H3K4me3-H3K36me3
Epoch [10/100] - [TRAIN] Loss: 0.5156, Accuracy: 79.15%, AUC: 0.79 - [VAL] Loss: 0.5374, Accuracy: 78.02%, AUC: 0.78
Epoch [20/100] - [TRAIN] Loss: 0.4861, Accuracy: 79.94%, AUC: 0.80 - [VAL] Loss: 0.5082, Accuracy: 78.49%, AUC: 0.78
Epoch [30/100] - [TRAIN] Loss: 0.4734, Accuracy: 79.91%, AUC: 0.80 - [VAL] Loss: 0.4921, Accuracy: 78.91%, AUC: 0.79
Epoch [40/100] - [TRAIN] Loss: 0.4699, Accuracy: 79.88%, AUC: 0.80 - [VAL] Loss: 0.4879, Accuracy: 78.87%, AUC: 0.79
Epoch [50/100] - [TRAIN] Loss: 0.4709, Accuracy: 79.82%, AUC: 0.80 - [VAL] Loss: 0.4858, Accuracy: 78.78%, AUC: 0.79
Epoch [60/100] - [TRAIN] Loss: 0.4653, Accuracy: 80.23%, AUC: 0.80 - [VAL] Loss: 0.4833, Accuracy: 78.72%, AUC: 0.79
Epoch [70/100] - [TRAIN] Loss: 0.4613, Accuracy: 80.37%, AUC: 0.80 - [VAL] Loss: 0.4835, Accuracy: 78.84%, AUC: 0.79
Epoch [80/100] - [TRAIN] Loss: 0.4621, Accuracy: 80.28%, AUC: 0.80 - [VAL] Loss: 0.4824, Accuracy: 78.83%, AUC: 0.79
Epoch [90/100] - [TRAIN] Loss: 0.4636, Accuracy: 80.12%, AUC: 0.80 - [VAL] Loss: 0.4901, Accuracy: 77.53%, AUC: 0.78
Epoch [100/100] - [TRAIN] Loss: 0.4616, Accuracy: 80.48%, AUC: 0.80 - [VAL] Loss: 0.4797, Accuracy: 78.66%, AUC: 0.79
Training finished!
Accuracy Score on test set: 79.75 %
AUC Score on test set: 0.80

Item: H3K9me3-H3K27me3-H3K36me3-H3K4me3
Epoch [10/100] - [TRAIN] Loss: 0.5236, Accuracy: 79.21%, AUC: 0.79 - [VAL] Loss: 0.5298, Accuracy: 78.34%, AUC: 0.78
Epoch [20/100] - [TRAIN] Loss: 0.4870, Accuracy: 79.04%, AUC: 0.79 - [VAL] Loss: 0.5098, Accuracy: 78.69%, AUC: 0.79
Epoch [30/100] - [TRAIN] Loss: 0.4757, Accuracy: 79.91%, AUC: 0.80 - [VAL] Loss: 0.4983, Accuracy: 78.72%, AUC: 0.79
Epoch [40/100] - [TRAIN] Loss: 0.4711, Accuracy: 80.00%, AUC: 0.80 - [VAL] Loss: 0.4959, Accuracy: 78.65%, AUC: 0.79
Epoch [50/100] - [TRAIN] Loss: 0.4700, Accuracy: 80.11%, AUC: 0.80 - [VAL] Loss: 0.4896, Accuracy: 78.71%, AUC: 0.79
Epoch [60/100] - [TRAIN] Loss: 0.4679, Accuracy: 80.32%, AUC: 0.80 - [VAL] Loss: 0.4835, Accuracy: 78.66%, AUC: 0.79
Epoch [70/100] - [TRAIN] Loss: 0.4612, Accuracy: 80.17%, AUC: 0.80 - [VAL] Loss: 0.4903, Accuracy: 78.71%, AUC: 0.79
Epoch [80/100] - [TRAIN] Loss: 0.4590, Accuracy: 80.48%, AUC: 0.80 - [VAL] Loss: 0.4822, Accuracy: 78.69%, AUC: 0.79
Epoch [90/100] - [TRAIN] Loss: 0.4582, Accuracy: 80.31%, AUC: 0.80 - [VAL] Loss: 0.4828, Accuracy: 78.81%, AUC: 0.79
Epoch [100/100] - [TRAIN] Loss: 0.4551, Accuracy: 80.49%, AUC: 0.80 - [VAL] Loss: 0.4844, Accuracy: 78.72%, AUC: 0.79
Training finished!
Accuracy Score on test set: 79.53 %
AUC Score on test set: 0.80

Item: H3K27me3-H3K4me3-H3K36me3-H3K9me3
Epoch [10/100] - [TRAIN] Loss: 0.5298, Accuracy: 78.80%, AUC: 0.79 - [VAL] Loss: 0.5275, Accuracy: 78.87%, AUC: 0.79
Epoch [20/100] - [TRAIN] Loss: 0.4941, Accuracy: 79.26%, AUC: 0.79 - [VAL] Loss: 0.4983, Accuracy: 78.46%, AUC: 0.78
Epoch [30/100] - [TRAIN] Loss: 0.4822, Accuracy: 79.61%, AUC: 0.80 - [VAL] Loss: 0.4929, Accuracy: 78.91%, AUC: 0.79
Epoch [40/100] - [TRAIN] Loss: 0.4731, Accuracy: 79.70%, AUC: 0.80 - [VAL] Loss: 0.4917, Accuracy: 78.87%, AUC: 0.79
Epoch [50/100] - [TRAIN] Loss: 0.4687, Accuracy: 79.80%, AUC: 0.80 - [VAL] Loss: 0.4890, Accuracy: 78.71%, AUC: 0.79
Epoch [60/100] - [TRAIN] Loss: 0.4755, Accuracy: 80.26%, AUC: 0.80 - [VAL] Loss: 0.5190, Accuracy: 74.43%, AUC: 0.74
Epoch [70/100] - [TRAIN] Loss: 0.4637, Accuracy: 80.20%, AUC: 0.80 - [VAL] Loss: 0.4868, Accuracy: 78.94%, AUC: 0.79
Epoch [80/100] - [TRAIN] Loss: 0.4604, Accuracy: 80.40%, AUC: 0.80 - [VAL] Loss: 0.4815, Accuracy: 78.69%, AUC: 0.79
Epoch [90/100] - [TRAIN] Loss: 0.4596, Accuracy: 80.31%, AUC: 0.80 - [VAL] Loss: 0.4845, Accuracy: 78.91%, AUC: 0.79
Epoch [100/100] - [TRAIN] Loss: 0.4552, Accuracy: 80.48%, AUC: 0.80 - [VAL] Loss: 0.4839, Accuracy: 78.89%, AUC: 0.79
Training finished!
Accuracy Score on test set: 79.62 %
AUC Score on test set: 0.80

Item: H3K27me3-H3K4me3-H3K9me3-H3K36me3
Epoch [10/100] - [TRAIN] Loss: 0.5148, Accuracy: 79.01%, AUC: 0.79 - [VAL] Loss: 0.5245, Accuracy: 78.25%, AUC: 0.78
Epoch [20/100] - [TRAIN] Loss: 0.4888, Accuracy: 79.01%, AUC: 0.79 - [VAL] Loss: 0.4991, Accuracy: 78.84%, AUC: 0.79
Epoch [30/100] - [TRAIN] Loss: 0.4761, Accuracy: 79.93%, AUC: 0.80 - [VAL] Loss: 0.4984, Accuracy: 78.68%, AUC: 0.79
Epoch [40/100] - [TRAIN] Loss: 0.4721, Accuracy: 79.87%, AUC: 0.80 - [VAL] Loss: 0.4869, Accuracy: 78.65%, AUC: 0.79
Epoch [50/100] - [TRAIN] Loss: 0.4707, Accuracy: 79.94%, AUC: 0.80 - [VAL] Loss: 0.4887, Accuracy: 78.80%, AUC: 0.79
Epoch [60/100] - [TRAIN] Loss: 0.4658, Accuracy: 80.41%, AUC: 0.80 - [VAL] Loss: 0.4833, Accuracy: 78.55%, AUC: 0.79
Epoch [70/100] - [TRAIN] Loss: 0.4702, Accuracy: 80.60%, AUC: 0.81 - [VAL] Loss: 0.5060, Accuracy: 75.77%, AUC: 0.76
Epoch [80/100] - [TRAIN] Loss: 0.4653, Accuracy: 80.06%, AUC: 0.80 - [VAL] Loss: 0.4841, Accuracy: 78.74%, AUC: 0.79
Epoch [90/100] - [TRAIN] Loss: 0.4596, Accuracy: 80.55%, AUC: 0.81 - [VAL] Loss: 0.4803, Accuracy: 78.57%, AUC: 0.79
Epoch [100/100] - [TRAIN] Loss: 0.4594, Accuracy: 80.17%, AUC: 0.80 - [VAL] Loss: 0.4802, Accuracy: 78.74%, AUC: 0.79
Training finished!
Accuracy Score on test set: 79.67 %
AUC Score on test set: 0.80

Item: H3K27me3-H3K36me3-H3K4me3-H3K9me3
Epoch [10/100] - [TRAIN] Loss: 0.5290, Accuracy: 78.94%, AUC: 0.79 - [VAL] Loss: 0.5501, Accuracy: 78.14%, AUC: 0.78
Epoch [20/100] - [TRAIN] Loss: 0.4934, Accuracy: 79.56%, AUC: 0.80 - [VAL] Loss: 0.5099, Accuracy: 78.91%, AUC: 0.79
Epoch [30/100] - [TRAIN] Loss: 0.4780, Accuracy: 79.74%, AUC: 0.80 - [VAL] Loss: 0.4938, Accuracy: 78.84%, AUC: 0.79
Epoch [40/100] - [TRAIN] Loss: 0.4731, Accuracy: 80.46%, AUC: 0.80 - [VAL] Loss: 0.4921, Accuracy: 78.74%, AUC: 0.79
Epoch [50/100] - [TRAIN] Loss: 0.4663, Accuracy: 80.64%, AUC: 0.81 - [VAL] Loss: 0.4916, Accuracy: 78.71%, AUC: 0.79
Epoch [60/100] - [TRAIN] Loss: 0.4656, Accuracy: 80.02%, AUC: 0.80 - [VAL] Loss: 0.4856, Accuracy: 78.74%, AUC: 0.79
Epoch [70/100] - [TRAIN] Loss: 0.4673, Accuracy: 80.12%, AUC: 0.80 - [VAL] Loss: 0.4954, Accuracy: 78.65%, AUC: 0.79
Epoch [80/100] - [TRAIN] Loss: 0.4637, Accuracy: 80.19%, AUC: 0.80 - [VAL] Loss: 0.4820, Accuracy: 78.98%, AUC: 0.79
Epoch [90/100] - [TRAIN] Loss: 0.4575, Accuracy: 80.41%, AUC: 0.80 - [VAL] Loss: 0.4813, Accuracy: 79.00%, AUC: 0.79
Epoch [100/100] - [TRAIN] Loss: 0.4561, Accuracy: 80.54%, AUC: 0.81 - [VAL] Loss: 0.4831, Accuracy: 78.92%, AUC: 0.79
Training finished!
Accuracy Score on test set: 79.99 %
AUC Score on test set: 0.80

Item: H3K27me3-H3K36me3-H3K9me3-H3K4me3
Epoch [10/100] - [TRAIN] Loss: 0.5236, Accuracy: 78.98%, AUC: 0.79 - [VAL] Loss: 0.5158, Accuracy: 78.42%, AUC: 0.78
Epoch [20/100] - [TRAIN] Loss: 0.4911, Accuracy: 79.29%, AUC: 0.79 - [VAL] Loss: 0.5019, Accuracy: 78.81%, AUC: 0.79
Epoch [30/100] - [TRAIN] Loss: 0.4782, Accuracy: 79.77%, AUC: 0.80 - [VAL] Loss: 0.4964, Accuracy: 78.65%, AUC: 0.79
Epoch [40/100] - [TRAIN] Loss: 0.4741, Accuracy: 79.88%, AUC: 0.80 - [VAL] Loss: 0.4924, Accuracy: 78.57%, AUC: 0.79
Epoch [50/100] - [TRAIN] Loss: 0.4678, Accuracy: 80.38%, AUC: 0.80 - [VAL] Loss: 0.4860, Accuracy: 78.60%, AUC: 0.79
Epoch [60/100] - [TRAIN] Loss: 0.4663, Accuracy: 80.05%, AUC: 0.80 - [VAL] Loss: 0.4839, Accuracy: 78.51%, AUC: 0.79
Epoch [70/100] - [TRAIN] Loss: 0.4644, Accuracy: 79.99%, AUC: 0.80 - [VAL] Loss: 0.4852, Accuracy: 78.54%, AUC: 0.79
Epoch [80/100] - [TRAIN] Loss: 0.4638, Accuracy: 80.11%, AUC: 0.80 - [VAL] Loss: 0.4919, Accuracy: 77.47%, AUC: 0.77
Epoch [90/100] - [TRAIN] Loss: 0.4613, Accuracy: 79.93%, AUC: 0.80 - [VAL] Loss: 0.4811, Accuracy: 78.65%, AUC: 0.79
Epoch [100/100] - [TRAIN] Loss: 0.4612, Accuracy: 80.86%, AUC: 0.81 - [VAL] Loss: 0.4793, Accuracy: 78.81%, AUC: 0.79
Training finished!
Accuracy Score on test set: 79.81 %
AUC Score on test set: 0.80

Item: H3K27me3-H3K9me3-H3K4me3-H3K36me3
Epoch [10/100] - [TRAIN] Loss: 0.5269, Accuracy: 79.36%, AUC: 0.79 - [VAL] Loss: 0.5366, Accuracy: 78.08%, AUC: 0.78
Epoch [20/100] - [TRAIN] Loss: 0.4887, Accuracy: 80.06%, AUC: 0.80 - [VAL] Loss: 0.5070, Accuracy: 78.80%, AUC: 0.79
Epoch [30/100] - [TRAIN] Loss: 0.4781, Accuracy: 79.48%, AUC: 0.79 - [VAL] Loss: 0.5056, Accuracy: 78.71%, AUC: 0.79
Epoch [40/100] - [TRAIN] Loss: 0.4751, Accuracy: 79.77%, AUC: 0.80 - [VAL] Loss: 0.5091, Accuracy: 78.57%, AUC: 0.79
Epoch [50/100] - [TRAIN] Loss: 0.4696, Accuracy: 79.99%, AUC: 0.80 - [VAL] Loss: 0.4940, Accuracy: 78.74%, AUC: 0.79
Epoch [60/100] - [TRAIN] Loss: 0.4666, Accuracy: 80.08%, AUC: 0.80 - [VAL] Loss: 0.4942, Accuracy: 78.74%, AUC: 0.79
Epoch [70/100] - [TRAIN] Loss: 0.4628, Accuracy: 80.43%, AUC: 0.80 - [VAL] Loss: 0.4883, Accuracy: 78.77%, AUC: 0.79
Epoch [80/100] - [TRAIN] Loss: 0.4613, Accuracy: 80.20%, AUC: 0.80 - [VAL] Loss: 0.4826, Accuracy: 78.86%, AUC: 0.79
Epoch [90/100] - [TRAIN] Loss: 0.4565, Accuracy: 80.69%, AUC: 0.81 - [VAL] Loss: 0.4860, Accuracy: 78.84%, AUC: 0.79
Epoch [100/100] - [TRAIN] Loss: 0.4567, Accuracy: 80.63%, AUC: 0.81 - [VAL] Loss: 0.4806, Accuracy: 78.87%, AUC: 0.79
Training finished!
Accuracy Score on test set: 79.98 %
AUC Score on test set: 0.80

Item: H3K27me3-H3K9me3-H3K36me3-H3K4me3
Epoch [10/100] - [TRAIN] Loss: 0.5225, Accuracy: 78.51%, AUC: 0.79 - [VAL] Loss: 0.5379, Accuracy: 77.88%, AUC: 0.78
Epoch [20/100] - [TRAIN] Loss: 0.4882, Accuracy: 79.93%, AUC: 0.80 - [VAL] Loss: 0.5023, Accuracy: 78.94%, AUC: 0.79
Epoch [30/100] - [TRAIN] Loss: 0.4766, Accuracy: 79.90%, AUC: 0.80 - [VAL] Loss: 0.4965, Accuracy: 78.94%, AUC: 0.79
Epoch [40/100] - [TRAIN] Loss: 0.4697, Accuracy: 79.90%, AUC: 0.80 - [VAL] Loss: 0.4855, Accuracy: 78.94%, AUC: 0.79
Epoch [50/100] - [TRAIN] Loss: 0.4672, Accuracy: 80.14%, AUC: 0.80 - [VAL] Loss: 0.4892, Accuracy: 78.78%, AUC: 0.79
Epoch [60/100] - [TRAIN] Loss: 0.4622, Accuracy: 80.28%, AUC: 0.80 - [VAL] Loss: 0.4827, Accuracy: 78.94%, AUC: 0.79
Epoch [70/100] - [TRAIN] Loss: 0.4611, Accuracy: 80.40%, AUC: 0.80 - [VAL] Loss: 0.4789, Accuracy: 78.94%, AUC: 0.79
Epoch [80/100] - [TRAIN] Loss: 0.4590, Accuracy: 80.11%, AUC: 0.80 - [VAL] Loss: 0.4787, Accuracy: 78.91%, AUC: 0.79
Epoch [90/100] - [TRAIN] Loss: 0.4577, Accuracy: 80.51%, AUC: 0.81 - [VAL] Loss: 0.4771, Accuracy: 78.58%, AUC: 0.79
Epoch [100/100] - [TRAIN] Loss: 0.4556, Accuracy: 80.23%, AUC: 0.80 - [VAL] Loss: 0.4760, Accuracy: 78.92%, AUC: 0.79
Training finished!
Accuracy Score on test set: 79.61 %
AUC Score on test set: 0.80

Item: H3K4me1-H3K36me3-H3K9me3-H3K27me3
Epoch [10/100] - [TRAIN] Loss: 0.5403, Accuracy: 76.45%, AUC: 0.76 - [VAL] Loss: 0.5479, Accuracy: 75.70%, AUC: 0.76
Epoch [20/100] - [TRAIN] Loss: 0.5170, Accuracy: 77.34%, AUC: 0.77 - [VAL] Loss: 0.5429, Accuracy: 76.17%, AUC: 0.76
Epoch [30/100] - [TRAIN] Loss: 0.5090, Accuracy: 77.59%, AUC: 0.78 - [VAL] Loss: 0.5375, Accuracy: 76.49%, AUC: 0.76
Epoch [40/100] - [TRAIN] Loss: 0.5038, Accuracy: 78.02%, AUC: 0.78 - [VAL] Loss: 0.5260, Accuracy: 76.54%, AUC: 0.77
Epoch [50/100] - [TRAIN] Loss: 0.4928, Accuracy: 78.45%, AUC: 0.78 - [VAL] Loss: 0.5201, Accuracy: 76.69%, AUC: 0.77
Epoch [60/100] - [TRAIN] Loss: 0.4915, Accuracy: 78.11%, AUC: 0.78 - [VAL] Loss: 0.5224, Accuracy: 76.67%, AUC: 0.77
Epoch [70/100] - [TRAIN] Loss: 0.4886, Accuracy: 78.88%, AUC: 0.79 - [VAL] Loss: 0.5118, Accuracy: 77.03%, AUC: 0.77
Epoch [80/100] - [TRAIN] Loss: 0.4825, Accuracy: 79.24%, AUC: 0.79 - [VAL] Loss: 0.5060, Accuracy: 77.32%, AUC: 0.77
Epoch [90/100] - [TRAIN] Loss: 0.4776, Accuracy: 79.15%, AUC: 0.79 - [VAL] Loss: 0.5056, Accuracy: 77.39%, AUC: 0.77
Epoch [100/100] - [TRAIN] Loss: 0.4747, Accuracy: 79.35%, AUC: 0.79 - [VAL] Loss: 0.5020, Accuracy: 77.38%, AUC: 0.77
Training finished!
Accuracy Score on test set: 78.69 %
AUC Score on test set: 0.79

Item: H3K4me1-H3K36me3-H3K27me3-H3K9me3
Epoch [10/100] - [TRAIN] Loss: 0.5368, Accuracy: 76.73%, AUC: 0.77 - [VAL] Loss: 0.5533, Accuracy: 75.99%, AUC: 0.76
Epoch [20/100] - [TRAIN] Loss: 0.5142, Accuracy: 77.31%, AUC: 0.77 - [VAL] Loss: 0.5406, Accuracy: 76.29%, AUC: 0.76
Epoch [30/100] - [TRAIN] Loss: 0.5088, Accuracy: 78.11%, AUC: 0.78 - [VAL] Loss: 0.5248, Accuracy: 76.64%, AUC: 0.77
Epoch [40/100] - [TRAIN] Loss: 0.4999, Accuracy: 78.27%, AUC: 0.78 - [VAL] Loss: 0.5210, Accuracy: 76.61%, AUC: 0.77
Epoch [50/100] - [TRAIN] Loss: 0.4899, Accuracy: 78.48%, AUC: 0.78 - [VAL] Loss: 0.5189, Accuracy: 76.49%, AUC: 0.76
Epoch [60/100] - [TRAIN] Loss: 0.4997, Accuracy: 78.97%, AUC: 0.79 - [VAL] Loss: 0.5260, Accuracy: 76.43%, AUC: 0.76
Epoch [70/100] - [TRAIN] Loss: 0.4838, Accuracy: 78.83%, AUC: 0.79 - [VAL] Loss: 0.5161, Accuracy: 76.87%, AUC: 0.77
Epoch [80/100] - [TRAIN] Loss: 0.4803, Accuracy: 79.07%, AUC: 0.79 - [VAL] Loss: 0.5100, Accuracy: 76.99%, AUC: 0.77
Epoch [90/100] - [TRAIN] Loss: 0.4742, Accuracy: 79.38%, AUC: 0.79 - [VAL] Loss: 0.5106, Accuracy: 77.03%, AUC: 0.77
Epoch [100/100] - [TRAIN] Loss: 0.4720, Accuracy: 79.24%, AUC: 0.79 - [VAL] Loss: 0.5079, Accuracy: 76.99%, AUC: 0.77
Training finished!
Accuracy Score on test set: 78.60 %
AUC Score on test set: 0.79

Item: H3K4me1-H3K9me3-H3K36me3-H3K27me3
Epoch [10/100] - [TRAIN] Loss: 0.5519, Accuracy: 76.47%, AUC: 0.76 - [VAL] Loss: 0.5526, Accuracy: 74.92%, AUC: 0.75
Epoch [20/100] - [TRAIN] Loss: 0.5168, Accuracy: 77.37%, AUC: 0.77 - [VAL] Loss: 0.5327, Accuracy: 76.40%, AUC: 0.76
Epoch [30/100] - [TRAIN] Loss: 0.5068, Accuracy: 77.85%, AUC: 0.78 - [VAL] Loss: 0.5297, Accuracy: 76.44%, AUC: 0.76
Epoch [40/100] - [TRAIN] Loss: 0.5004, Accuracy: 77.63%, AUC: 0.78 - [VAL] Loss: 0.5209, Accuracy: 76.61%, AUC: 0.77
Epoch [50/100] - [TRAIN] Loss: 0.4947, Accuracy: 78.40%, AUC: 0.78 - [VAL] Loss: 0.5197, Accuracy: 76.63%, AUC: 0.77
Epoch [60/100] - [TRAIN] Loss: 0.4862, Accuracy: 78.60%, AUC: 0.79 - [VAL] Loss: 0.5133, Accuracy: 76.92%, AUC: 0.77
Epoch [70/100] - [TRAIN] Loss: 0.4828, Accuracy: 78.74%, AUC: 0.79 - [VAL] Loss: 0.5075, Accuracy: 77.03%, AUC: 0.77
Epoch [80/100] - [TRAIN] Loss: 0.4827, Accuracy: 79.09%, AUC: 0.79 - [VAL] Loss: 0.5117, Accuracy: 76.90%, AUC: 0.77
Epoch [90/100] - [TRAIN] Loss: 0.4795, Accuracy: 78.88%, AUC: 0.79 - [VAL] Loss: 0.5065, Accuracy: 77.30%, AUC: 0.77
Epoch [100/100] - [TRAIN] Loss: 0.4808, Accuracy: 79.33%, AUC: 0.79 - [VAL] Loss: 0.5019, Accuracy: 77.24%, AUC: 0.77
Training finished!
Accuracy Score on test set: 78.57 %
AUC Score on test set: 0.79

Item: H3K4me1-H3K9me3-H3K27me3-H3K36me3
Epoch [10/100] - [TRAIN] Loss: 0.5589, Accuracy: 76.50%, AUC: 0.76 - [VAL] Loss: 0.5682, Accuracy: 75.18%, AUC: 0.75
Epoch [20/100] - [TRAIN] Loss: 0.5198, Accuracy: 77.06%, AUC: 0.77 - [VAL] Loss: 0.5437, Accuracy: 76.17%, AUC: 0.76
Epoch [30/100] - [TRAIN] Loss: 0.5060, Accuracy: 77.91%, AUC: 0.78 - [VAL] Loss: 0.5344, Accuracy: 76.15%, AUC: 0.76
Epoch [40/100] - [TRAIN] Loss: 0.5028, Accuracy: 78.01%, AUC: 0.78 - [VAL] Loss: 0.5287, Accuracy: 76.43%, AUC: 0.76
Epoch [50/100] - [TRAIN] Loss: 0.4894, Accuracy: 78.59%, AUC: 0.79 - [VAL] Loss: 0.5289, Accuracy: 76.40%, AUC: 0.76
Epoch [60/100] - [TRAIN] Loss: 0.4860, Accuracy: 79.00%, AUC: 0.79 - [VAL] Loss: 0.5207, Accuracy: 76.70%, AUC: 0.77
Epoch [70/100] - [TRAIN] Loss: 0.4846, Accuracy: 79.23%, AUC: 0.79 - [VAL] Loss: 0.5217, Accuracy: 76.49%, AUC: 0.76
Epoch [80/100] - [TRAIN] Loss: 0.4821, Accuracy: 78.98%, AUC: 0.79 - [VAL] Loss: 0.5128, Accuracy: 76.87%, AUC: 0.77
Epoch [90/100] - [TRAIN] Loss: 0.4747, Accuracy: 79.47%, AUC: 0.79 - [VAL] Loss: 0.5155, Accuracy: 76.75%, AUC: 0.77
Epoch [100/100] - [TRAIN] Loss: 0.4780, Accuracy: 79.35%, AUC: 0.79 - [VAL] Loss: 0.5085, Accuracy: 77.12%, AUC: 0.77
Training finished!
Accuracy Score on test set: 78.92 %
AUC Score on test set: 0.79

Item: H3K4me1-H3K27me3-H3K36me3-H3K9me3
Epoch [10/100] - [TRAIN] Loss: 0.5373, Accuracy: 76.89%, AUC: 0.77 - [VAL] Loss: 0.5521, Accuracy: 76.17%, AUC: 0.76
Epoch [20/100] - [TRAIN] Loss: 0.5179, Accuracy: 77.08%, AUC: 0.77 - [VAL] Loss: 0.5330, Accuracy: 76.57%, AUC: 0.77
Epoch [30/100] - [TRAIN] Loss: 0.5061, Accuracy: 77.88%, AUC: 0.78 - [VAL] Loss: 0.5317, Accuracy: 76.66%, AUC: 0.77
Epoch [40/100] - [TRAIN] Loss: 0.4986, Accuracy: 78.04%, AUC: 0.78 - [VAL] Loss: 0.5277, Accuracy: 76.64%, AUC: 0.77
Epoch [50/100] - [TRAIN] Loss: 0.4937, Accuracy: 78.77%, AUC: 0.79 - [VAL] Loss: 0.5261, Accuracy: 76.73%, AUC: 0.77
Epoch [60/100] - [TRAIN] Loss: 0.5033, Accuracy: 79.12%, AUC: 0.79 - [VAL] Loss: 0.5110, Accuracy: 77.07%, AUC: 0.77
Epoch [70/100] - [TRAIN] Loss: 0.4852, Accuracy: 79.04%, AUC: 0.79 - [VAL] Loss: 0.5199, Accuracy: 76.78%, AUC: 0.77
Epoch [80/100] - [TRAIN] Loss: 0.4846, Accuracy: 78.97%, AUC: 0.79 - [VAL] Loss: 0.5163, Accuracy: 76.84%, AUC: 0.77
Epoch [90/100] - [TRAIN] Loss: 0.4795, Accuracy: 79.24%, AUC: 0.79 - [VAL] Loss: 0.5181, Accuracy: 76.69%, AUC: 0.77
Epoch [100/100] - [TRAIN] Loss: 0.4775, Accuracy: 79.24%, AUC: 0.79 - [VAL] Loss: 0.5162, Accuracy: 76.87%, AUC: 0.77
Training finished!
Accuracy Score on test set: 78.69 %
AUC Score on test set: 0.79

Item: H3K4me1-H3K27me3-H3K9me3-H3K36me3
Epoch [10/100] - [TRAIN] Loss: 0.5577, Accuracy: 75.84%, AUC: 0.76 - [VAL] Loss: 0.5629, Accuracy: 75.34%, AUC: 0.75
Epoch [20/100] - [TRAIN] Loss: 0.5247, Accuracy: 77.20%, AUC: 0.77 - [VAL] Loss: 0.5479, Accuracy: 76.15%, AUC: 0.76
Epoch [30/100] - [TRAIN] Loss: 0.5104, Accuracy: 77.55%, AUC: 0.78 - [VAL] Loss: 0.5251, Accuracy: 76.69%, AUC: 0.77
Epoch [40/100] - [TRAIN] Loss: 0.5023, Accuracy: 78.30%, AUC: 0.78 - [VAL] Loss: 0.5184, Accuracy: 76.73%, AUC: 0.77
Epoch [50/100] - [TRAIN] Loss: 0.4940, Accuracy: 78.37%, AUC: 0.78 - [VAL] Loss: 0.5198, Accuracy: 76.58%, AUC: 0.77
Epoch [60/100] - [TRAIN] Loss: 0.4884, Accuracy: 78.74%, AUC: 0.79 - [VAL] Loss: 0.5142, Accuracy: 76.83%, AUC: 0.77
Epoch [70/100] - [TRAIN] Loss: 0.4857, Accuracy: 79.16%, AUC: 0.79 - [VAL] Loss: 0.5091, Accuracy: 76.96%, AUC: 0.77
Epoch [80/100] - [TRAIN] Loss: 0.4806, Accuracy: 79.09%, AUC: 0.79 - [VAL] Loss: 0.5136, Accuracy: 76.90%, AUC: 0.77
Epoch [90/100] - [TRAIN] Loss: 0.4807, Accuracy: 79.10%, AUC: 0.79 - [VAL] Loss: 0.5036, Accuracy: 77.19%, AUC: 0.77
Epoch [100/100] - [TRAIN] Loss: 0.4794, Accuracy: 79.16%, AUC: 0.79 - [VAL] Loss: 0.5023, Accuracy: 77.47%, AUC: 0.77
Training finished!
Accuracy Score on test set: 78.68 %
AUC Score on test set: 0.79

Item: H3K36me3-H3K4me1-H3K9me3-H3K27me3
Epoch [10/100] - [TRAIN] Loss: 0.5399, Accuracy: 76.73%, AUC: 0.77 - [VAL] Loss: 0.5556, Accuracy: 75.80%, AUC: 0.76
Epoch [20/100] - [TRAIN] Loss: 0.5184, Accuracy: 77.05%, AUC: 0.77 - [VAL] Loss: 0.5456, Accuracy: 76.22%, AUC: 0.76
Epoch [30/100] - [TRAIN] Loss: 0.5283, Accuracy: 78.14%, AUC: 0.78 - [VAL] Loss: 0.5642, Accuracy: 75.79%, AUC: 0.76
Epoch [40/100] - [TRAIN] Loss: 0.4956, Accuracy: 78.28%, AUC: 0.78 - [VAL] Loss: 0.5294, Accuracy: 76.69%, AUC: 0.77
Epoch [50/100] - [TRAIN] Loss: 0.4921, Accuracy: 78.46%, AUC: 0.78 - [VAL] Loss: 0.5248, Accuracy: 76.70%, AUC: 0.77
Epoch [60/100] - [TRAIN] Loss: 0.4878, Accuracy: 78.71%, AUC: 0.79 - [VAL] Loss: 0.5165, Accuracy: 76.77%, AUC: 0.77
Epoch [70/100] - [TRAIN] Loss: 0.4827, Accuracy: 79.32%, AUC: 0.79 - [VAL] Loss: 0.5147, Accuracy: 76.90%, AUC: 0.77
Epoch [80/100] - [TRAIN] Loss: 0.4794, Accuracy: 78.75%, AUC: 0.79 - [VAL] Loss: 0.5132, Accuracy: 77.01%, AUC: 0.77
Epoch [90/100] - [TRAIN] Loss: 0.4784, Accuracy: 79.18%, AUC: 0.79 - [VAL] Loss: 0.5089, Accuracy: 77.04%, AUC: 0.77
Epoch [100/100] - [TRAIN] Loss: 0.4741, Accuracy: 79.32%, AUC: 0.79 - [VAL] Loss: 0.5139, Accuracy: 76.96%, AUC: 0.77
Training finished!
Accuracy Score on test set: 78.58 %
AUC Score on test set: 0.79

Item: H3K36me3-H3K4me1-H3K27me3-H3K9me3
Epoch [10/100] - [TRAIN] Loss: 0.5536, Accuracy: 76.33%, AUC: 0.76 - [VAL] Loss: 0.5599, Accuracy: 75.68%, AUC: 0.76
Epoch [20/100] - [TRAIN] Loss: 0.5251, Accuracy: 76.71%, AUC: 0.77 - [VAL] Loss: 0.5421, Accuracy: 76.66%, AUC: 0.77
Epoch [30/100] - [TRAIN] Loss: 0.5115, Accuracy: 77.66%, AUC: 0.78 - [VAL] Loss: 0.5297, Accuracy: 77.04%, AUC: 0.77
Epoch [40/100] - [TRAIN] Loss: 0.4994, Accuracy: 78.20%, AUC: 0.78 - [VAL] Loss: 0.5313, Accuracy: 76.69%, AUC: 0.77
Epoch [50/100] - [TRAIN] Loss: 0.4993, Accuracy: 78.75%, AUC: 0.79 - [VAL] Loss: 0.5330, Accuracy: 76.57%, AUC: 0.77
Epoch [60/100] - [TRAIN] Loss: 0.4899, Accuracy: 78.59%, AUC: 0.79 - [VAL] Loss: 0.5209, Accuracy: 76.96%, AUC: 0.77
Epoch [70/100] - [TRAIN] Loss: 0.4861, Accuracy: 78.71%, AUC: 0.79 - [VAL] Loss: 0.5113, Accuracy: 77.22%, AUC: 0.77
Epoch [80/100] - [TRAIN] Loss: 0.4792, Accuracy: 78.77%, AUC: 0.79 - [VAL] Loss: 0.5197, Accuracy: 76.86%, AUC: 0.77
Epoch [90/100] - [TRAIN] Loss: 0.4788, Accuracy: 78.59%, AUC: 0.79 - [VAL] Loss: 0.5094, Accuracy: 77.18%, AUC: 0.77
Epoch [100/100] - [TRAIN] Loss: 0.4771, Accuracy: 79.03%, AUC: 0.79 - [VAL] Loss: 0.5075, Accuracy: 77.41%, AUC: 0.77
Training finished!
Accuracy Score on test set: 78.81 %
AUC Score on test set: 0.79

Item: H3K36me3-H3K9me3-H3K4me1-H3K27me3
Epoch [10/100] - [TRAIN] Loss: 0.5498, Accuracy: 76.18%, AUC: 0.76 - [VAL] Loss: 0.5652, Accuracy: 75.56%, AUC: 0.76
Epoch [20/100] - [TRAIN] Loss: 0.5168, Accuracy: 77.49%, AUC: 0.77 - [VAL] Loss: 0.5437, Accuracy: 76.34%, AUC: 0.76
Epoch [30/100] - [TRAIN] Loss: 0.5070, Accuracy: 78.05%, AUC: 0.78 - [VAL] Loss: 0.5307, Accuracy: 76.61%, AUC: 0.77
Epoch [40/100] - [TRAIN] Loss: 0.4944, Accuracy: 78.25%, AUC: 0.78 - [VAL] Loss: 0.5392, Accuracy: 76.46%, AUC: 0.76
Epoch [50/100] - [TRAIN] Loss: 0.4918, Accuracy: 78.57%, AUC: 0.79 - [VAL] Loss: 0.5280, Accuracy: 76.83%, AUC: 0.77
Epoch [60/100] - [TRAIN] Loss: 0.4914, Accuracy: 78.69%, AUC: 0.79 - [VAL] Loss: 0.5128, Accuracy: 77.10%, AUC: 0.77
Epoch [70/100] - [TRAIN] Loss: 0.4818, Accuracy: 78.97%, AUC: 0.79 - [VAL] Loss: 0.5158, Accuracy: 76.89%, AUC: 0.77
Epoch [80/100] - [TRAIN] Loss: 0.4788, Accuracy: 79.04%, AUC: 0.79 - [VAL] Loss: 0.5116, Accuracy: 76.89%, AUC: 0.77
Epoch [90/100] - [TRAIN] Loss: 0.4792, Accuracy: 78.59%, AUC: 0.79 - [VAL] Loss: 0.5244, Accuracy: 76.90%, AUC: 0.77
Epoch [100/100] - [TRAIN] Loss: 0.4782, Accuracy: 78.95%, AUC: 0.79 - [VAL] Loss: 0.5127, Accuracy: 77.03%, AUC: 0.77
Training finished!
Accuracy Score on test set: 79.06 %
AUC Score on test set: 0.79

Item: H3K36me3-H3K9me3-H3K27me3-H3K4me1
Epoch [10/100] - [TRAIN] Loss: 0.5525, Accuracy: 76.33%, AUC: 0.76 - [VAL] Loss: 0.5615, Accuracy: 75.44%, AUC: 0.75
Epoch [20/100] - [TRAIN] Loss: 0.5178, Accuracy: 77.50%, AUC: 0.78 - [VAL] Loss: 0.5411, Accuracy: 76.25%, AUC: 0.76
Epoch [30/100] - [TRAIN] Loss: 0.5049, Accuracy: 77.87%, AUC: 0.78 - [VAL] Loss: 0.5309, Accuracy: 76.57%, AUC: 0.77
Epoch [40/100] - [TRAIN] Loss: 0.4981, Accuracy: 78.05%, AUC: 0.78 - [VAL] Loss: 0.5218, Accuracy: 76.57%, AUC: 0.77
Epoch [50/100] - [TRAIN] Loss: 0.5053, Accuracy: 78.43%, AUC: 0.78 - [VAL] Loss: 0.5214, Accuracy: 76.61%, AUC: 0.77
Epoch [60/100] - [TRAIN] Loss: 0.4870, Accuracy: 78.84%, AUC: 0.79 - [VAL] Loss: 0.5136, Accuracy: 76.95%, AUC: 0.77
Epoch [70/100] - [TRAIN] Loss: 0.4842, Accuracy: 78.52%, AUC: 0.79 - [VAL] Loss: 0.5120, Accuracy: 77.19%, AUC: 0.77
Epoch [80/100] - [TRAIN] Loss: 0.4833, Accuracy: 78.97%, AUC: 0.79 - [VAL] Loss: 0.5072, Accuracy: 77.24%, AUC: 0.77
Epoch [90/100] - [TRAIN] Loss: 0.4822, Accuracy: 78.89%, AUC: 0.79 - [VAL] Loss: 0.5099, Accuracy: 77.01%, AUC: 0.77
Epoch [100/100] - [TRAIN] Loss: 0.4780, Accuracy: 79.29%, AUC: 0.79 - [VAL] Loss: 0.5070, Accuracy: 77.04%, AUC: 0.77
Training finished!
Accuracy Score on test set: 78.72 %
AUC Score on test set: 0.79

Item: H3K36me3-H3K27me3-H3K4me1-H3K9me3
Epoch [10/100] - [TRAIN] Loss: 0.5481, Accuracy: 76.67%, AUC: 0.77 - [VAL] Loss: 0.5613, Accuracy: 75.62%, AUC: 0.76
Epoch [20/100] - [TRAIN] Loss: 0.5209, Accuracy: 77.40%, AUC: 0.77 - [VAL] Loss: 0.5597, Accuracy: 76.11%, AUC: 0.76
Epoch [30/100] - [TRAIN] Loss: 0.5061, Accuracy: 77.85%, AUC: 0.78 - [VAL] Loss: 0.5376, Accuracy: 76.69%, AUC: 0.77
Epoch [40/100] - [TRAIN] Loss: 0.5033, Accuracy: 78.04%, AUC: 0.78 - [VAL] Loss: 0.5254, Accuracy: 76.57%, AUC: 0.77
Epoch [50/100] - [TRAIN] Loss: 0.4956, Accuracy: 78.39%, AUC: 0.78 - [VAL] Loss: 0.5264, Accuracy: 76.48%, AUC: 0.76
Epoch [60/100] - [TRAIN] Loss: 0.4923, Accuracy: 78.56%, AUC: 0.79 - [VAL] Loss: 0.5145, Accuracy: 76.61%, AUC: 0.77
Epoch [70/100] - [TRAIN] Loss: 0.4820, Accuracy: 79.39%, AUC: 0.79 - [VAL] Loss: 0.5142, Accuracy: 76.67%, AUC: 0.77
Epoch [80/100] - [TRAIN] Loss: 0.4838, Accuracy: 79.01%, AUC: 0.79 - [VAL] Loss: 0.5047, Accuracy: 77.18%, AUC: 0.77
Epoch [90/100] - [TRAIN] Loss: 0.4756, Accuracy: 79.06%, AUC: 0.79 - [VAL] Loss: 0.5143, Accuracy: 76.69%, AUC: 0.77
Epoch [100/100] - [TRAIN] Loss: 0.4717, Accuracy: 79.50%, AUC: 0.80 - [VAL] Loss: 0.5076, Accuracy: 76.83%, AUC: 0.77
Training finished!
Accuracy Score on test set: 78.74 %
AUC Score on test set: 0.79

Item: H3K36me3-H3K27me3-H3K9me3-H3K4me1
Epoch [10/100] - [TRAIN] Loss: 0.5453, Accuracy: 75.83%, AUC: 0.76 - [VAL] Loss: 0.5562, Accuracy: 75.50%, AUC: 0.75
Epoch [20/100] - [TRAIN] Loss: 0.5201, Accuracy: 77.05%, AUC: 0.77 - [VAL] Loss: 0.5411, Accuracy: 76.31%, AUC: 0.76
Epoch [30/100] - [TRAIN] Loss: 0.5059, Accuracy: 77.78%, AUC: 0.78 - [VAL] Loss: 0.5318, Accuracy: 76.61%, AUC: 0.77
Epoch [40/100] - [TRAIN] Loss: 0.4988, Accuracy: 78.20%, AUC: 0.78 - [VAL] Loss: 0.5268, Accuracy: 76.73%, AUC: 0.77
Epoch [50/100] - [TRAIN] Loss: 0.4916, Accuracy: 78.34%, AUC: 0.78 - [VAL] Loss: 0.5136, Accuracy: 76.93%, AUC: 0.77
Epoch [60/100] - [TRAIN] Loss: 0.4821, Accuracy: 78.95%, AUC: 0.79 - [VAL] Loss: 0.5128, Accuracy: 77.16%, AUC: 0.77
Epoch [70/100] - [TRAIN] Loss: 0.4889, Accuracy: 78.83%, AUC: 0.79 - [VAL] Loss: 0.5179, Accuracy: 76.67%, AUC: 0.77
Epoch [80/100] - [TRAIN] Loss: 0.4795, Accuracy: 79.27%, AUC: 0.79 - [VAL] Loss: 0.5106, Accuracy: 77.16%, AUC: 0.77
Epoch [90/100] - [TRAIN] Loss: 0.4768, Accuracy: 79.39%, AUC: 0.79 - [VAL] Loss: 0.5095, Accuracy: 77.27%, AUC: 0.77
Epoch [100/100] - [TRAIN] Loss: 0.4757, Accuracy: 79.41%, AUC: 0.79 - [VAL] Loss: 0.5057, Accuracy: 77.16%, AUC: 0.77
Training finished!
Accuracy Score on test set: 78.60 %
AUC Score on test set: 0.79

Item: H3K9me3-H3K4me1-H3K36me3-H3K27me3
Epoch [10/100] - [TRAIN] Loss: 0.5660, Accuracy: 74.97%, AUC: 0.75 - [VAL] Loss: 0.5769, Accuracy: 74.84%, AUC: 0.75
Epoch [20/100] - [TRAIN] Loss: 0.5263, Accuracy: 77.08%, AUC: 0.77 - [VAL] Loss: 0.5517, Accuracy: 76.03%, AUC: 0.76
Epoch [30/100] - [TRAIN] Loss: 0.5095, Accuracy: 77.47%, AUC: 0.77 - [VAL] Loss: 0.5409, Accuracy: 76.41%, AUC: 0.76
Epoch [40/100] - [TRAIN] Loss: 0.5096, Accuracy: 77.53%, AUC: 0.78 - [VAL] Loss: 0.5183, Accuracy: 76.66%, AUC: 0.77
Epoch [50/100] - [TRAIN] Loss: 0.4956, Accuracy: 78.24%, AUC: 0.78 - [VAL] Loss: 0.5303, Accuracy: 76.86%, AUC: 0.77
Epoch [60/100] - [TRAIN] Loss: 0.4884, Accuracy: 78.83%, AUC: 0.79 - [VAL] Loss: 0.5259, Accuracy: 76.87%, AUC: 0.77
Epoch [70/100] - [TRAIN] Loss: 0.4875, Accuracy: 78.81%, AUC: 0.79 - [VAL] Loss: 0.5142, Accuracy: 77.16%, AUC: 0.77
Epoch [80/100] - [TRAIN] Loss: 0.4769, Accuracy: 79.38%, AUC: 0.79 - [VAL] Loss: 0.5257, Accuracy: 76.93%, AUC: 0.77
Epoch [90/100] - [TRAIN] Loss: 0.4800, Accuracy: 79.26%, AUC: 0.79 - [VAL] Loss: 0.5041, Accuracy: 77.39%, AUC: 0.77
Epoch [100/100] - [TRAIN] Loss: 0.4766, Accuracy: 79.80%, AUC: 0.80 - [VAL] Loss: 0.5231, Accuracy: 76.96%, AUC: 0.77
Training finished!
Accuracy Score on test set: 79.07 %
AUC Score on test set: 0.79

Item: H3K9me3-H3K4me1-H3K27me3-H3K36me3
Epoch [10/100] - [TRAIN] Loss: 0.5477, Accuracy: 76.70%, AUC: 0.77 - [VAL] Loss: 0.5546, Accuracy: 75.79%, AUC: 0.76
Epoch [20/100] - [TRAIN] Loss: 0.5227, Accuracy: 77.43%, AUC: 0.77 - [VAL] Loss: 0.5288, Accuracy: 76.23%, AUC: 0.76
Epoch [30/100] - [TRAIN] Loss: 0.5030, Accuracy: 78.13%, AUC: 0.78 - [VAL] Loss: 0.5269, Accuracy: 76.73%, AUC: 0.77
Epoch [40/100] - [TRAIN] Loss: 0.5009, Accuracy: 78.22%, AUC: 0.78 - [VAL] Loss: 0.5249, Accuracy: 76.81%, AUC: 0.77
Epoch [50/100] - [TRAIN] Loss: 0.4929, Accuracy: 78.36%, AUC: 0.78 - [VAL] Loss: 0.5226, Accuracy: 76.80%, AUC: 0.77
Epoch [60/100] - [TRAIN] Loss: 0.4894, Accuracy: 78.72%, AUC: 0.79 - [VAL] Loss: 0.5195, Accuracy: 76.84%, AUC: 0.77
Epoch [70/100] - [TRAIN] Loss: 0.4859, Accuracy: 78.94%, AUC: 0.79 - [VAL] Loss: 0.5087, Accuracy: 77.01%, AUC: 0.77
Epoch [80/100] - [TRAIN] Loss: 0.4883, Accuracy: 78.95%, AUC: 0.79 - [VAL] Loss: 0.5046, Accuracy: 77.29%, AUC: 0.77
Epoch [90/100] - [TRAIN] Loss: 0.4794, Accuracy: 79.12%, AUC: 0.79 - [VAL] Loss: 0.5077, Accuracy: 77.16%, AUC: 0.77
Epoch [100/100] - [TRAIN] Loss: 0.4811, Accuracy: 79.41%, AUC: 0.79 - [VAL] Loss: 0.5101, Accuracy: 77.10%, AUC: 0.77
Training finished!
Accuracy Score on test set: 79.03 %
AUC Score on test set: 0.79

Item: H3K9me3-H3K36me3-H3K4me1-H3K27me3
Epoch [10/100] - [TRAIN] Loss: 0.5409, Accuracy: 76.62%, AUC: 0.77 - [VAL] Loss: 0.5504, Accuracy: 76.17%, AUC: 0.76
Epoch [20/100] - [TRAIN] Loss: 0.5156, Accuracy: 77.85%, AUC: 0.78 - [VAL] Loss: 0.5325, Accuracy: 76.49%, AUC: 0.76
Epoch [30/100] - [TRAIN] Loss: 0.5041, Accuracy: 77.63%, AUC: 0.78 - [VAL] Loss: 0.5278, Accuracy: 76.29%, AUC: 0.76
Epoch [40/100] - [TRAIN] Loss: 0.4973, Accuracy: 78.04%, AUC: 0.78 - [VAL] Loss: 0.5197, Accuracy: 76.35%, AUC: 0.76
Epoch [50/100] - [TRAIN] Loss: 0.4996, Accuracy: 78.52%, AUC: 0.79 - [VAL] Loss: 0.5130, Accuracy: 76.66%, AUC: 0.77
Epoch [60/100] - [TRAIN] Loss: 0.4879, Accuracy: 78.68%, AUC: 0.79 - [VAL] Loss: 0.5147, Accuracy: 76.69%, AUC: 0.77
Epoch [70/100] - [TRAIN] Loss: 0.4828, Accuracy: 78.95%, AUC: 0.79 - [VAL] Loss: 0.5107, Accuracy: 76.84%, AUC: 0.77
Epoch [80/100] - [TRAIN] Loss: 0.4799, Accuracy: 79.10%, AUC: 0.79 - [VAL] Loss: 0.5075, Accuracy: 76.86%, AUC: 0.77
Epoch [90/100] - [TRAIN] Loss: 0.4764, Accuracy: 79.56%, AUC: 0.80 - [VAL] Loss: 0.5036, Accuracy: 77.03%, AUC: 0.77
Epoch [100/100] - [TRAIN] Loss: 0.4781, Accuracy: 79.65%, AUC: 0.80 - [VAL] Loss: 0.4999, Accuracy: 77.21%, AUC: 0.77
Training finished!
Accuracy Score on test set: 78.91 %
AUC Score on test set: 0.79

Item: H3K9me3-H3K36me3-H3K27me3-H3K4me1
Epoch [10/100] - [TRAIN] Loss: 0.5533, Accuracy: 75.89%, AUC: 0.76 - [VAL] Loss: 0.5601, Accuracy: 75.47%, AUC: 0.75
Epoch [20/100] - [TRAIN] Loss: 0.5199, Accuracy: 77.24%, AUC: 0.77 - [VAL] Loss: 0.5517, Accuracy: 76.52%, AUC: 0.77
Epoch [30/100] - [TRAIN] Loss: 0.5073, Accuracy: 77.98%, AUC: 0.78 - [VAL] Loss: 0.5321, Accuracy: 76.67%, AUC: 0.77
Epoch [40/100] - [TRAIN] Loss: 0.4985, Accuracy: 78.54%, AUC: 0.79 - [VAL] Loss: 0.5221, Accuracy: 76.96%, AUC: 0.77
Epoch [50/100] - [TRAIN] Loss: 0.4928, Accuracy: 78.14%, AUC: 0.78 - [VAL] Loss: 0.5224, Accuracy: 76.70%, AUC: 0.77
Epoch [60/100] - [TRAIN] Loss: 0.4880, Accuracy: 79.09%, AUC: 0.79 - [VAL] Loss: 0.5159, Accuracy: 76.99%, AUC: 0.77
Epoch [70/100] - [TRAIN] Loss: 0.4809, Accuracy: 79.24%, AUC: 0.79 - [VAL] Loss: 0.5145, Accuracy: 77.04%, AUC: 0.77
Epoch [80/100] - [TRAIN] Loss: 0.4795, Accuracy: 79.23%, AUC: 0.79 - [VAL] Loss: 0.5071, Accuracy: 77.18%, AUC: 0.77
Epoch [90/100] - [TRAIN] Loss: 0.4774, Accuracy: 79.03%, AUC: 0.79 - [VAL] Loss: 0.5024, Accuracy: 77.24%, AUC: 0.77
Epoch [100/100] - [TRAIN] Loss: 0.4767, Accuracy: 79.20%, AUC: 0.79 - [VAL] Loss: 0.5036, Accuracy: 77.39%, AUC: 0.77
Training finished!
Accuracy Score on test set: 78.57 %
AUC Score on test set: 0.79

Item: H3K9me3-H3K27me3-H3K4me1-H3K36me3
Epoch [10/100] - [TRAIN] Loss: 0.5458, Accuracy: 76.02%, AUC: 0.76 - [VAL] Loss: 0.5562, Accuracy: 75.68%, AUC: 0.76
Epoch [20/100] - [TRAIN] Loss: 0.5185, Accuracy: 76.94%, AUC: 0.77 - [VAL] Loss: 0.5296, Accuracy: 76.58%, AUC: 0.77
Epoch [30/100] - [TRAIN] Loss: 0.5060, Accuracy: 78.07%, AUC: 0.78 - [VAL] Loss: 0.5206, Accuracy: 76.78%, AUC: 0.77
Epoch [40/100] - [TRAIN] Loss: 0.5004, Accuracy: 78.30%, AUC: 0.78 - [VAL] Loss: 0.5197, Accuracy: 76.64%, AUC: 0.77
Epoch [50/100] - [TRAIN] Loss: 0.4940, Accuracy: 78.65%, AUC: 0.79 - [VAL] Loss: 0.5109, Accuracy: 77.15%, AUC: 0.77
Epoch [60/100] - [TRAIN] Loss: 0.4867, Accuracy: 78.49%, AUC: 0.78 - [VAL] Loss: 0.5139, Accuracy: 76.99%, AUC: 0.77
Epoch [70/100] - [TRAIN] Loss: 0.4811, Accuracy: 78.95%, AUC: 0.79 - [VAL] Loss: 0.5112, Accuracy: 76.96%, AUC: 0.77
Epoch [80/100] - [TRAIN] Loss: 0.4810, Accuracy: 78.92%, AUC: 0.79 - [VAL] Loss: 0.5144, Accuracy: 76.81%, AUC: 0.77
Epoch [90/100] - [TRAIN] Loss: 0.4797, Accuracy: 79.35%, AUC: 0.79 - [VAL] Loss: 0.5210, Accuracy: 76.72%, AUC: 0.77
Epoch [100/100] - [TRAIN] Loss: 0.4731, Accuracy: 79.45%, AUC: 0.79 - [VAL] Loss: 0.5101, Accuracy: 77.09%, AUC: 0.77
Training finished!
Accuracy Score on test set: 78.83 %
AUC Score on test set: 0.79

Item: H3K9me3-H3K27me3-H3K36me3-H3K4me1
Epoch [10/100] - [TRAIN] Loss: 0.5530, Accuracy: 76.12%, AUC: 0.76 - [VAL] Loss: 0.5700, Accuracy: 75.28%, AUC: 0.75
Epoch [20/100] - [TRAIN] Loss: 0.5231, Accuracy: 76.91%, AUC: 0.77 - [VAL] Loss: 0.5451, Accuracy: 76.03%, AUC: 0.76
Epoch [30/100] - [TRAIN] Loss: 0.5133, Accuracy: 77.58%, AUC: 0.78 - [VAL] Loss: 0.5342, Accuracy: 76.37%, AUC: 0.76
Epoch [40/100] - [TRAIN] Loss: 0.5001, Accuracy: 77.98%, AUC: 0.78 - [VAL] Loss: 0.5289, Accuracy: 76.15%, AUC: 0.76
Epoch [50/100] - [TRAIN] Loss: 0.4972, Accuracy: 77.81%, AUC: 0.78 - [VAL] Loss: 0.5251, Accuracy: 76.18%, AUC: 0.76
Epoch [60/100] - [TRAIN] Loss: 0.4918, Accuracy: 78.36%, AUC: 0.78 - [VAL] Loss: 0.5187, Accuracy: 76.32%, AUC: 0.76
Epoch [70/100] - [TRAIN] Loss: 0.4842, Accuracy: 78.60%, AUC: 0.79 - [VAL] Loss: 0.5122, Accuracy: 76.46%, AUC: 0.76
Epoch [80/100] - [TRAIN] Loss: 0.4862, Accuracy: 79.04%, AUC: 0.79 - [VAL] Loss: 0.5035, Accuracy: 76.89%, AUC: 0.77
Epoch [90/100] - [TRAIN] Loss: 0.4807, Accuracy: 79.04%, AUC: 0.79 - [VAL] Loss: 0.5110, Accuracy: 76.48%, AUC: 0.76
Epoch [100/100] - [TRAIN] Loss: 0.4752, Accuracy: 79.27%, AUC: 0.79 - [VAL] Loss: 0.5021, Accuracy: 76.89%, AUC: 0.77
Training finished!
Accuracy Score on test set: 78.74 %
AUC Score on test set: 0.79

Item: H3K27me3-H3K4me1-H3K36me3-H3K9me3
Epoch [10/100] - [TRAIN] Loss: 0.5491, Accuracy: 76.54%, AUC: 0.77 - [VAL] Loss: 0.5663, Accuracy: 75.71%, AUC: 0.76
Epoch [20/100] - [TRAIN] Loss: 0.5184, Accuracy: 77.11%, AUC: 0.77 - [VAL] Loss: 0.5540, Accuracy: 76.15%, AUC: 0.76
Epoch [30/100] - [TRAIN] Loss: 0.5079, Accuracy: 77.58%, AUC: 0.78 - [VAL] Loss: 0.5428, Accuracy: 76.38%, AUC: 0.76
Epoch [40/100] - [TRAIN] Loss: 0.5074, Accuracy: 78.45%, AUC: 0.78 - [VAL] Loss: 0.5175, Accuracy: 76.63%, AUC: 0.77
Epoch [50/100] - [TRAIN] Loss: 0.4904, Accuracy: 78.51%, AUC: 0.79 - [VAL] Loss: 0.5201, Accuracy: 76.69%, AUC: 0.77
Epoch [60/100] - [TRAIN] Loss: 0.4872, Accuracy: 78.95%, AUC: 0.79 - [VAL] Loss: 0.5251, Accuracy: 76.54%, AUC: 0.77
Epoch [70/100] - [TRAIN] Loss: 0.4860, Accuracy: 78.45%, AUC: 0.78 - [VAL] Loss: 0.5124, Accuracy: 76.80%, AUC: 0.77
Epoch [80/100] - [TRAIN] Loss: 0.4818, Accuracy: 79.01%, AUC: 0.79 - [VAL] Loss: 0.5119, Accuracy: 76.96%, AUC: 0.77
Epoch [90/100] - [TRAIN] Loss: 0.4790, Accuracy: 79.23%, AUC: 0.79 - [VAL] Loss: 0.5087, Accuracy: 77.10%, AUC: 0.77
Epoch [100/100] - [TRAIN] Loss: 0.4798, Accuracy: 79.21%, AUC: 0.79 - [VAL] Loss: 0.5094, Accuracy: 76.99%, AUC: 0.77
Training finished!
Accuracy Score on test set: 78.68 %
AUC Score on test set: 0.79

Saving the final results
Batch FINISHED!!!

Real-time duration: 6045.182783910 seconds
