Using cpu device
Loading the data ...
Item: H3K4me3
Epoch [10/100] - [TRAIN] Loss: 0.5441, Accuracy: 78.56%, AUC: 0.79 - [VAL] Loss: 0.5481, Accuracy: 77.76%, AUC: 0.78
Epoch [20/100] - [TRAIN] Loss: 0.5226, Accuracy: 78.51%, AUC: 0.79 - [VAL] Loss: 0.5280, Accuracy: 77.07%, AUC: 0.77
Epoch [30/100] - [TRAIN] Loss: 0.5091, Accuracy: 78.68%, AUC: 0.79 - [VAL] Loss: 0.5207, Accuracy: 76.70%, AUC: 0.77
Epoch [40/100] - [TRAIN] Loss: 0.5039, Accuracy: 78.59%, AUC: 0.79 - [VAL] Loss: 0.5174, Accuracy: 76.83%, AUC: 0.77
Epoch [50/100] - [TRAIN] Loss: 0.4988, Accuracy: 78.80%, AUC: 0.79 - [VAL] Loss: 0.5182, Accuracy: 76.28%, AUC: 0.76
Epoch [60/100] - [TRAIN] Loss: 0.4948, Accuracy: 79.06%, AUC: 0.79 - [VAL] Loss: 0.5174, Accuracy: 76.28%, AUC: 0.76
Epoch [70/100] - [TRAIN] Loss: 0.4937, Accuracy: 78.72%, AUC: 0.79 - [VAL] Loss: 0.5133, Accuracy: 76.83%, AUC: 0.77
Epoch [80/100] - [TRAIN] Loss: 0.4928, Accuracy: 79.24%, AUC: 0.79 - [VAL] Loss: 0.5165, Accuracy: 76.22%, AUC: 0.76
Epoch [90/100] - [TRAIN] Loss: 0.4910, Accuracy: 78.78%, AUC: 0.79 - [VAL] Loss: 0.5156, Accuracy: 76.41%, AUC: 0.76
Epoch [100/100] - [TRAIN] Loss: 0.4952, Accuracy: 78.86%, AUC: 0.79 - [VAL] Loss: 0.5280, Accuracy: 75.02%, AUC: 0.75
Training finished!
Accuracy Score on test set: 78.66 %
AUC Score on test set: 0.79

Item: H3K4me1
Epoch [10/100] - [TRAIN] Loss: 0.5749, Accuracy: 75.29%, AUC: 0.75 - [VAL] Loss: 0.5897, Accuracy: 73.56%, AUC: 0.74
Epoch [20/100] - [TRAIN] Loss: 0.5480, Accuracy: 75.23%, AUC: 0.75 - [VAL] Loss: 0.5759, Accuracy: 74.17%, AUC: 0.74
Epoch [30/100] - [TRAIN] Loss: 0.5324, Accuracy: 75.96%, AUC: 0.76 - [VAL] Loss: 0.5702, Accuracy: 74.35%, AUC: 0.74
Epoch [40/100] - [TRAIN] Loss: 0.5266, Accuracy: 76.02%, AUC: 0.76 - [VAL] Loss: 0.5482, Accuracy: 74.66%, AUC: 0.75
Epoch [50/100] - [TRAIN] Loss: 0.5220, Accuracy: 76.44%, AUC: 0.76 - [VAL] Loss: 0.5435, Accuracy: 74.99%, AUC: 0.75
Epoch [60/100] - [TRAIN] Loss: 0.5177, Accuracy: 76.44%, AUC: 0.76 - [VAL] Loss: 0.5493, Accuracy: 74.53%, AUC: 0.75
Epoch [70/100] - [TRAIN] Loss: 0.5144, Accuracy: 76.39%, AUC: 0.76 - [VAL] Loss: 0.5413, Accuracy: 74.84%, AUC: 0.75
Epoch [80/100] - [TRAIN] Loss: 0.5113, Accuracy: 76.45%, AUC: 0.76 - [VAL] Loss: 0.5437, Accuracy: 74.82%, AUC: 0.75
Epoch [90/100] - [TRAIN] Loss: 0.5118, Accuracy: 76.83%, AUC: 0.77 - [VAL] Loss: 0.5492, Accuracy: 74.20%, AUC: 0.74
Epoch [100/100] - [TRAIN] Loss: 0.5125, Accuracy: 76.83%, AUC: 0.77 - [VAL] Loss: 0.5368, Accuracy: 74.73%, AUC: 0.75
Training finished!
Accuracy Score on test set: 76.29 %
AUC Score on test set: 0.76

Item: H3K36me3
Epoch [10/100] - [TRAIN] Loss: 0.6398, Accuracy: 67.87%, AUC: 0.68 - [VAL] Loss: 0.6398, Accuracy: 66.54%, AUC: 0.67
Epoch [20/100] - [TRAIN] Loss: 0.6307, Accuracy: 67.23%, AUC: 0.67 - [VAL] Loss: 0.6328, Accuracy: 65.79%, AUC: 0.66
Epoch [30/100] - [TRAIN] Loss: 0.6236, Accuracy: 67.78%, AUC: 0.68 - [VAL] Loss: 0.6302, Accuracy: 65.93%, AUC: 0.66
Epoch [40/100] - [TRAIN] Loss: 0.6233, Accuracy: 67.75%, AUC: 0.68 - [VAL] Loss: 0.6287, Accuracy: 66.16%, AUC: 0.66
Epoch [50/100] - [TRAIN] Loss: 0.6182, Accuracy: 68.08%, AUC: 0.68 - [VAL] Loss: 0.6288, Accuracy: 66.42%, AUC: 0.66
Epoch [60/100] - [TRAIN] Loss: 0.6170, Accuracy: 68.24%, AUC: 0.68 - [VAL] Loss: 0.6318, Accuracy: 66.33%, AUC: 0.66
Epoch [70/100] - [TRAIN] Loss: 0.6157, Accuracy: 68.47%, AUC: 0.68 - [VAL] Loss: 0.6294, Accuracy: 66.78%, AUC: 0.67
Epoch [80/100] - [TRAIN] Loss: 0.6144, Accuracy: 68.60%, AUC: 0.69 - [VAL] Loss: 0.6312, Accuracy: 66.65%, AUC: 0.67
Epoch [90/100] - [TRAIN] Loss: 0.6173, Accuracy: 68.66%, AUC: 0.69 - [VAL] Loss: 0.6334, Accuracy: 66.68%, AUC: 0.67
Epoch [100/100] - [TRAIN] Loss: 0.6128, Accuracy: 69.04%, AUC: 0.69 - [VAL] Loss: 0.6334, Accuracy: 66.68%, AUC: 0.67
Training finished!
Accuracy Score on test set: 69.29 %
AUC Score on test set: 0.69

Item: H3K9me3
Epoch [10/100] - [TRAIN] Loss: 0.6767, Accuracy: 58.44%, AUC: 0.58 - [VAL] Loss: 0.6784, Accuracy: 58.70%, AUC: 0.59
Epoch [20/100] - [TRAIN] Loss: 0.6750, Accuracy: 58.74%, AUC: 0.59 - [VAL] Loss: 0.6756, Accuracy: 58.56%, AUC: 0.59
Epoch [30/100] - [TRAIN] Loss: 0.6725, Accuracy: 58.73%, AUC: 0.59 - [VAL] Loss: 0.6739, Accuracy: 58.56%, AUC: 0.59
Epoch [40/100] - [TRAIN] Loss: 0.6707, Accuracy: 58.74%, AUC: 0.59 - [VAL] Loss: 0.6724, Accuracy: 58.61%, AUC: 0.59
Epoch [50/100] - [TRAIN] Loss: 0.6693, Accuracy: 58.80%, AUC: 0.59 - [VAL] Loss: 0.6713, Accuracy: 58.62%, AUC: 0.59
Epoch [60/100] - [TRAIN] Loss: 0.6677, Accuracy: 58.80%, AUC: 0.59 - [VAL] Loss: 0.6701, Accuracy: 58.62%, AUC: 0.59
Epoch [70/100] - [TRAIN] Loss: 0.6666, Accuracy: 58.77%, AUC: 0.59 - [VAL] Loss: 0.6696, Accuracy: 58.64%, AUC: 0.59
Epoch [80/100] - [TRAIN] Loss: 0.6636, Accuracy: 58.80%, AUC: 0.59 - [VAL] Loss: 0.6695, Accuracy: 58.56%, AUC: 0.59
Epoch [90/100] - [TRAIN] Loss: 0.6635, Accuracy: 58.86%, AUC: 0.59 - [VAL] Loss: 0.6695, Accuracy: 58.51%, AUC: 0.59
Epoch [100/100] - [TRAIN] Loss: 0.6637, Accuracy: 58.80%, AUC: 0.59 - [VAL] Loss: 0.6694, Accuracy: 58.48%, AUC: 0.58
Training finished!
Accuracy Score on test set: 59.46 %
AUC Score on test set: 0.59

Item: H3K27me3
Epoch [10/100] - [TRAIN] Loss: 0.6313, Accuracy: 65.29%, AUC: 0.65 - [VAL] Loss: 0.6307, Accuracy: 64.22%, AUC: 0.64
Epoch [20/100] - [TRAIN] Loss: 0.6262, Accuracy: 65.16%, AUC: 0.65 - [VAL] Loss: 0.6260, Accuracy: 64.15%, AUC: 0.64
Epoch [30/100] - [TRAIN] Loss: 0.6221, Accuracy: 65.20%, AUC: 0.65 - [VAL] Loss: 0.6258, Accuracy: 64.15%, AUC: 0.64
Epoch [40/100] - [TRAIN] Loss: 0.6208, Accuracy: 65.22%, AUC: 0.65 - [VAL] Loss: 0.6256, Accuracy: 64.09%, AUC: 0.64
Epoch [50/100] - [TRAIN] Loss: 0.6201, Accuracy: 65.28%, AUC: 0.65 - [VAL] Loss: 0.6260, Accuracy: 64.11%, AUC: 0.64
Epoch [60/100] - [TRAIN] Loss: 0.6174, Accuracy: 65.25%, AUC: 0.65 - [VAL] Loss: 0.6256, Accuracy: 64.14%, AUC: 0.64
Epoch [70/100] - [TRAIN] Loss: 0.6200, Accuracy: 65.33%, AUC: 0.65 - [VAL] Loss: 0.6259, Accuracy: 64.14%, AUC: 0.64
Epoch [80/100] - [TRAIN] Loss: 0.6194, Accuracy: 65.31%, AUC: 0.65 - [VAL] Loss: 0.6263, Accuracy: 64.15%, AUC: 0.64
Epoch [90/100] - [TRAIN] Loss: 0.6198, Accuracy: 65.40%, AUC: 0.65 - [VAL] Loss: 0.6269, Accuracy: 64.17%, AUC: 0.64
Epoch [100/100] - [TRAIN] Loss: 0.6188, Accuracy: 65.37%, AUC: 0.65 - [VAL] Loss: 0.6278, Accuracy: 64.19%, AUC: 0.64
Training finished!
Accuracy Score on test set: 64.87 %
AUC Score on test set: 0.65

Item: H3K4me3-H3K4me1
Epoch [10/100] - [TRAIN] Loss: 0.5199, Accuracy: 79.07%, AUC: 0.79 - [VAL] Loss: 0.5308, Accuracy: 78.22%, AUC: 0.78
Epoch [20/100] - [TRAIN] Loss: 0.5021, Accuracy: 79.38%, AUC: 0.79 - [VAL] Loss: 0.5042, Accuracy: 78.42%, AUC: 0.78
Epoch [30/100] - [TRAIN] Loss: 0.4832, Accuracy: 79.70%, AUC: 0.80 - [VAL] Loss: 0.4968, Accuracy: 78.39%, AUC: 0.78
Epoch [40/100] - [TRAIN] Loss: 0.4718, Accuracy: 79.58%, AUC: 0.80 - [VAL] Loss: 0.4921, Accuracy: 78.23%, AUC: 0.78
Epoch [50/100] - [TRAIN] Loss: 0.4700, Accuracy: 79.76%, AUC: 0.80 - [VAL] Loss: 0.4903, Accuracy: 78.43%, AUC: 0.78
Epoch [60/100] - [TRAIN] Loss: 0.4715, Accuracy: 79.73%, AUC: 0.80 - [VAL] Loss: 0.5006, Accuracy: 77.25%, AUC: 0.77
Epoch [70/100] - [TRAIN] Loss: 0.4657, Accuracy: 80.28%, AUC: 0.80 - [VAL] Loss: 0.4934, Accuracy: 78.31%, AUC: 0.78
Epoch [80/100] - [TRAIN] Loss: 0.4600, Accuracy: 80.32%, AUC: 0.80 - [VAL] Loss: 0.4864, Accuracy: 78.29%, AUC: 0.78
Epoch [90/100] - [TRAIN] Loss: 0.4575, Accuracy: 80.45%, AUC: 0.80 - [VAL] Loss: 0.4867, Accuracy: 78.37%, AUC: 0.78
Epoch [100/100] - [TRAIN] Loss: 0.4579, Accuracy: 80.80%, AUC: 0.81 - [VAL] Loss: 0.4860, Accuracy: 78.48%, AUC: 0.78
Training finished!
Accuracy Score on test set: 79.78 %
AUC Score on test set: 0.80

Item: H3K4me1-H3K4me3
Epoch [10/100] - [TRAIN] Loss: 0.5239, Accuracy: 78.28%, AUC: 0.78 - [VAL] Loss: 0.5389, Accuracy: 77.84%, AUC: 0.78
Epoch [20/100] - [TRAIN] Loss: 0.4958, Accuracy: 79.15%, AUC: 0.79 - [VAL] Loss: 0.5244, Accuracy: 77.87%, AUC: 0.78
Epoch [30/100] - [TRAIN] Loss: 0.4832, Accuracy: 79.58%, AUC: 0.80 - [VAL] Loss: 0.4974, Accuracy: 78.23%, AUC: 0.78
Epoch [40/100] - [TRAIN] Loss: 0.4762, Accuracy: 79.82%, AUC: 0.80 - [VAL] Loss: 0.4960, Accuracy: 78.13%, AUC: 0.78
Epoch [50/100] - [TRAIN] Loss: 0.4690, Accuracy: 79.71%, AUC: 0.80 - [VAL] Loss: 0.4913, Accuracy: 78.28%, AUC: 0.78
Epoch [60/100] - [TRAIN] Loss: 0.4650, Accuracy: 80.02%, AUC: 0.80 - [VAL] Loss: 0.4919, Accuracy: 78.08%, AUC: 0.78
Epoch [70/100] - [TRAIN] Loss: 0.4649, Accuracy: 80.09%, AUC: 0.80 - [VAL] Loss: 0.4859, Accuracy: 78.57%, AUC: 0.79
Epoch [80/100] - [TRAIN] Loss: 0.4599, Accuracy: 80.55%, AUC: 0.81 - [VAL] Loss: 0.4874, Accuracy: 78.49%, AUC: 0.78
Epoch [90/100] - [TRAIN] Loss: 0.4559, Accuracy: 80.41%, AUC: 0.80 - [VAL] Loss: 0.4855, Accuracy: 78.58%, AUC: 0.79
Epoch [100/100] - [TRAIN] Loss: 0.4566, Accuracy: 80.12%, AUC: 0.80 - [VAL] Loss: 0.4841, Accuracy: 78.63%, AUC: 0.79
Training finished!
Accuracy Score on test set: 79.70 %
AUC Score on test set: 0.80

Item: H3K4me3-H3K36me3
Epoch [10/100] - [TRAIN] Loss: 0.5291, Accuracy: 79.03%, AUC: 0.79 - [VAL] Loss: 0.5371, Accuracy: 78.13%, AUC: 0.78
Epoch [20/100] - [TRAIN] Loss: 0.5080, Accuracy: 78.89%, AUC: 0.79 - [VAL] Loss: 0.5182, Accuracy: 77.44%, AUC: 0.77
Epoch [30/100] - [TRAIN] Loss: 0.4953, Accuracy: 78.89%, AUC: 0.79 - [VAL] Loss: 0.5051, Accuracy: 78.05%, AUC: 0.78
Epoch [40/100] - [TRAIN] Loss: 0.4848, Accuracy: 79.15%, AUC: 0.79 - [VAL] Loss: 0.5017, Accuracy: 78.20%, AUC: 0.78
Epoch [50/100] - [TRAIN] Loss: 0.4826, Accuracy: 79.55%, AUC: 0.80 - [VAL] Loss: 0.4998, Accuracy: 78.14%, AUC: 0.78
Epoch [60/100] - [TRAIN] Loss: 0.4808, Accuracy: 79.61%, AUC: 0.80 - [VAL] Loss: 0.5003, Accuracy: 77.82%, AUC: 0.78
Epoch [70/100] - [TRAIN] Loss: 0.4745, Accuracy: 79.71%, AUC: 0.80 - [VAL] Loss: 0.4986, Accuracy: 77.88%, AUC: 0.78
Epoch [80/100] - [TRAIN] Loss: 0.4743, Accuracy: 80.11%, AUC: 0.80 - [VAL] Loss: 0.4965, Accuracy: 78.17%, AUC: 0.78
Epoch [90/100] - [TRAIN] Loss: 0.4736, Accuracy: 79.80%, AUC: 0.80 - [VAL] Loss: 0.4967, Accuracy: 78.16%, AUC: 0.78
Epoch [100/100] - [TRAIN] Loss: 0.4774, Accuracy: 79.62%, AUC: 0.80 - [VAL] Loss: 0.4957, Accuracy: 78.11%, AUC: 0.78
Training finished!
Accuracy Score on test set: 79.27 %
AUC Score on test set: 0.79

Item: H3K36me3-H3K4me3
Epoch [10/100] - [TRAIN] Loss: 0.5380, Accuracy: 78.62%, AUC: 0.79 - [VAL] Loss: 0.5437, Accuracy: 77.96%, AUC: 0.78
Epoch [20/100] - [TRAIN] Loss: 0.5089, Accuracy: 79.24%, AUC: 0.79 - [VAL] Loss: 0.5211, Accuracy: 77.56%, AUC: 0.78
Epoch [30/100] - [TRAIN] Loss: 0.4977, Accuracy: 78.89%, AUC: 0.79 - [VAL] Loss: 0.5151, Accuracy: 78.43%, AUC: 0.78
Epoch [40/100] - [TRAIN] Loss: 0.4926, Accuracy: 79.23%, AUC: 0.79 - [VAL] Loss: 0.5089, Accuracy: 77.12%, AUC: 0.77
Epoch [50/100] - [TRAIN] Loss: 0.4862, Accuracy: 78.91%, AUC: 0.79 - [VAL] Loss: 0.5028, Accuracy: 77.91%, AUC: 0.78
Epoch [60/100] - [TRAIN] Loss: 0.4815, Accuracy: 79.12%, AUC: 0.79 - [VAL] Loss: 0.5028, Accuracy: 77.41%, AUC: 0.77
Epoch [70/100] - [TRAIN] Loss: 0.4805, Accuracy: 79.39%, AUC: 0.79 - [VAL] Loss: 0.5020, Accuracy: 77.38%, AUC: 0.77
Epoch [80/100] - [TRAIN] Loss: 0.4756, Accuracy: 79.18%, AUC: 0.79 - [VAL] Loss: 0.5000, Accuracy: 77.65%, AUC: 0.78
Epoch [90/100] - [TRAIN] Loss: 0.4833, Accuracy: 79.67%, AUC: 0.80 - [VAL] Loss: 0.5006, Accuracy: 77.38%, AUC: 0.77
Epoch [100/100] - [TRAIN] Loss: 0.4729, Accuracy: 79.70%, AUC: 0.80 - [VAL] Loss: 0.4978, Accuracy: 78.00%, AUC: 0.78
Training finished!
Accuracy Score on test set: 79.39 %
AUC Score on test set: 0.79

Item: H3K4me3-H3K9me3
Epoch [10/100] - [TRAIN] Loss: 0.5367, Accuracy: 78.84%, AUC: 0.79 - [VAL] Loss: 0.5425, Accuracy: 77.97%, AUC: 0.78
Epoch [20/100] - [TRAIN] Loss: 0.5050, Accuracy: 79.01%, AUC: 0.79 - [VAL] Loss: 0.5192, Accuracy: 78.16%, AUC: 0.78
Epoch [30/100] - [TRAIN] Loss: 0.5009, Accuracy: 79.36%, AUC: 0.79 - [VAL] Loss: 0.5128, Accuracy: 77.27%, AUC: 0.77
Epoch [40/100] - [TRAIN] Loss: 0.4879, Accuracy: 79.47%, AUC: 0.79 - [VAL] Loss: 0.5071, Accuracy: 77.97%, AUC: 0.78
Epoch [50/100] - [TRAIN] Loss: 0.4871, Accuracy: 79.56%, AUC: 0.80 - [VAL] Loss: 0.5066, Accuracy: 77.80%, AUC: 0.78
Epoch [60/100] - [TRAIN] Loss: 0.4867, Accuracy: 79.38%, AUC: 0.79 - [VAL] Loss: 0.5042, Accuracy: 77.87%, AUC: 0.78
Epoch [70/100] - [TRAIN] Loss: 0.4922, Accuracy: 79.23%, AUC: 0.79 - [VAL] Loss: 0.5200, Accuracy: 76.17%, AUC: 0.76
Epoch [80/100] - [TRAIN] Loss: 0.4811, Accuracy: 79.30%, AUC: 0.79 - [VAL] Loss: 0.5052, Accuracy: 77.65%, AUC: 0.78
Epoch [90/100] - [TRAIN] Loss: 0.4797, Accuracy: 79.76%, AUC: 0.80 - [VAL] Loss: 0.5093, Accuracy: 77.32%, AUC: 0.77
Epoch [100/100] - [TRAIN] Loss: 0.4813, Accuracy: 79.76%, AUC: 0.80 - [VAL] Loss: 0.5064, Accuracy: 77.33%, AUC: 0.77
Training finished!
Accuracy Score on test set: 79.20 %
AUC Score on test set: 0.79

Saving the final results
Batch FINISHED!!!

Real-time duration: 1111.297219201 seconds
