Using cuda device
Loading the data ...
Item: H3K4me3-H3K27me3-H3K36me3
Epoch [10/100] - [TRAIN] Loss: 0.5170, Accuracy: 79.07%, AUC: 0.79 - [VAL] Loss: 0.5331, Accuracy: 78.22%, AUC: 0.78
Epoch [20/100] - [TRAIN] Loss: 0.4945, Accuracy: 79.48%, AUC: 0.79 - [VAL] Loss: 0.5131, Accuracy: 78.66%, AUC: 0.79
Epoch [30/100] - [TRAIN] Loss: 0.4804, Accuracy: 79.58%, AUC: 0.80 - [VAL] Loss: 0.4984, Accuracy: 78.71%, AUC: 0.79
Epoch [40/100] - [TRAIN] Loss: 0.4736, Accuracy: 79.82%, AUC: 0.80 - [VAL] Loss: 0.4949, Accuracy: 78.75%, AUC: 0.79
Epoch [50/100] - [TRAIN] Loss: 0.4741, Accuracy: 80.16%, AUC: 0.80 - [VAL] Loss: 0.4899, Accuracy: 78.66%, AUC: 0.79
Epoch [60/100] - [TRAIN] Loss: 0.4726, Accuracy: 79.94%, AUC: 0.80 - [VAL] Loss: 0.4921, Accuracy: 78.80%, AUC: 0.79
Epoch [70/100] - [TRAIN] Loss: 0.4664, Accuracy: 80.12%, AUC: 0.80 - [VAL] Loss: 0.4876, Accuracy: 78.72%, AUC: 0.79
Epoch [80/100] - [TRAIN] Loss: 0.4662, Accuracy: 79.96%, AUC: 0.80 - [VAL] Loss: 0.4882, Accuracy: 78.75%, AUC: 0.79
Epoch [90/100] - [TRAIN] Loss: 0.4741, Accuracy: 80.31%, AUC: 0.80 - [VAL] Loss: 0.5043, Accuracy: 76.14%, AUC: 0.76
Epoch [100/100] - [TRAIN] Loss: 0.4620, Accuracy: 80.14%, AUC: 0.80 - [VAL] Loss: 0.4847, Accuracy: 78.84%, AUC: 0.79
Training finished!
Accuracy Score on test set: 79.49 %
AUC Score on test set: 0.79

Item: H3K36me3-H3K4me3-H3K27me3
Epoch [10/100] - [TRAIN] Loss: 0.5107, Accuracy: 79.18%, AUC: 0.79 - [VAL] Loss: 0.5317, Accuracy: 78.26%, AUC: 0.78
Epoch [20/100] - [TRAIN] Loss: 0.4878, Accuracy: 79.62%, AUC: 0.80 - [VAL] Loss: 0.4959, Accuracy: 78.66%, AUC: 0.79
Epoch [30/100] - [TRAIN] Loss: 0.4781, Accuracy: 79.73%, AUC: 0.80 - [VAL] Loss: 0.4904, Accuracy: 78.71%, AUC: 0.79
Epoch [40/100] - [TRAIN] Loss: 0.4704, Accuracy: 79.91%, AUC: 0.80 - [VAL] Loss: 0.4876, Accuracy: 78.65%, AUC: 0.79
Epoch [50/100] - [TRAIN] Loss: 0.4670, Accuracy: 79.87%, AUC: 0.80 - [VAL] Loss: 0.4873, Accuracy: 78.72%, AUC: 0.79
Epoch [60/100] - [TRAIN] Loss: 0.4714, Accuracy: 79.80%, AUC: 0.80 - [VAL] Loss: 0.4849, Accuracy: 78.65%, AUC: 0.79
Epoch [70/100] - [TRAIN] Loss: 0.4666, Accuracy: 80.25%, AUC: 0.80 - [VAL] Loss: 0.4845, Accuracy: 78.39%, AUC: 0.78
Epoch [80/100] - [TRAIN] Loss: 0.4696, Accuracy: 79.94%, AUC: 0.80 - [VAL] Loss: 0.4856, Accuracy: 78.63%, AUC: 0.79
Epoch [90/100] - [TRAIN] Loss: 0.4683, Accuracy: 80.06%, AUC: 0.80 - [VAL] Loss: 0.4858, Accuracy: 78.72%, AUC: 0.79
Epoch [100/100] - [TRAIN] Loss: 0.4622, Accuracy: 80.28%, AUC: 0.80 - [VAL] Loss: 0.4837, Accuracy: 78.55%, AUC: 0.79
Training finished!
Accuracy Score on test set: 79.29 %
AUC Score on test set: 0.79

Item: H3K36me3-H3K27me3-H3K4me3
Epoch [10/100] - [TRAIN] Loss: 0.5221, Accuracy: 79.03%, AUC: 0.79 - [VAL] Loss: 0.5302, Accuracy: 78.54%, AUC: 0.79
Epoch [20/100] - [TRAIN] Loss: 0.4986, Accuracy: 79.21%, AUC: 0.79 - [VAL] Loss: 0.5048, Accuracy: 78.48%, AUC: 0.78
Epoch [30/100] - [TRAIN] Loss: 0.4869, Accuracy: 79.33%, AUC: 0.79 - [VAL] Loss: 0.4963, Accuracy: 77.94%, AUC: 0.78
Epoch [40/100] - [TRAIN] Loss: 0.4764, Accuracy: 79.56%, AUC: 0.80 - [VAL] Loss: 0.4905, Accuracy: 78.39%, AUC: 0.78
Epoch [50/100] - [TRAIN] Loss: 0.4727, Accuracy: 79.77%, AUC: 0.80 - [VAL] Loss: 0.4887, Accuracy: 78.40%, AUC: 0.78
Epoch [60/100] - [TRAIN] Loss: 0.4776, Accuracy: 80.06%, AUC: 0.80 - [VAL] Loss: 0.5004, Accuracy: 76.63%, AUC: 0.77
Epoch [70/100] - [TRAIN] Loss: 0.4694, Accuracy: 79.99%, AUC: 0.80 - [VAL] Loss: 0.4868, Accuracy: 78.34%, AUC: 0.78
Epoch [80/100] - [TRAIN] Loss: 0.4690, Accuracy: 79.77%, AUC: 0.80 - [VAL] Loss: 0.4858, Accuracy: 78.49%, AUC: 0.78
Epoch [90/100] - [TRAIN] Loss: 0.4690, Accuracy: 79.77%, AUC: 0.80 - [VAL] Loss: 0.4895, Accuracy: 77.73%, AUC: 0.78
Epoch [100/100] - [TRAIN] Loss: 0.4654, Accuracy: 80.20%, AUC: 0.80 - [VAL] Loss: 0.4854, Accuracy: 78.36%, AUC: 0.78
Training finished!
Accuracy Score on test set: 79.46 %
AUC Score on test set: 0.79

Item: H3K27me3-H3K4me3-H3K36me3
Epoch [10/100] - [TRAIN] Loss: 0.5224, Accuracy: 79.12%, AUC: 0.79 - [VAL] Loss: 0.5373, Accuracy: 78.28%, AUC: 0.78
Epoch [20/100] - [TRAIN] Loss: 0.4920, Accuracy: 79.45%, AUC: 0.79 - [VAL] Loss: 0.5102, Accuracy: 78.55%, AUC: 0.79
Epoch [30/100] - [TRAIN] Loss: 0.4770, Accuracy: 79.27%, AUC: 0.79 - [VAL] Loss: 0.5026, Accuracy: 78.60%, AUC: 0.79
Epoch [40/100] - [TRAIN] Loss: 0.4769, Accuracy: 79.48%, AUC: 0.79 - [VAL] Loss: 0.4897, Accuracy: 78.65%, AUC: 0.79
Epoch [50/100] - [TRAIN] Loss: 0.4726, Accuracy: 80.20%, AUC: 0.80 - [VAL] Loss: 0.4871, Accuracy: 78.54%, AUC: 0.79
Epoch [60/100] - [TRAIN] Loss: 0.4689, Accuracy: 79.96%, AUC: 0.80 - [VAL] Loss: 0.4864, Accuracy: 78.75%, AUC: 0.79
Epoch [70/100] - [TRAIN] Loss: 0.4686, Accuracy: 79.74%, AUC: 0.80 - [VAL] Loss: 0.4848, Accuracy: 78.84%, AUC: 0.79
Epoch [80/100] - [TRAIN] Loss: 0.4686, Accuracy: 79.79%, AUC: 0.80 - [VAL] Loss: 0.4850, Accuracy: 78.74%, AUC: 0.79
Epoch [90/100] - [TRAIN] Loss: 0.4645, Accuracy: 79.93%, AUC: 0.80 - [VAL] Loss: 0.4840, Accuracy: 78.52%, AUC: 0.79
Epoch [100/100] - [TRAIN] Loss: 0.4615, Accuracy: 80.45%, AUC: 0.80 - [VAL] Loss: 0.4836, Accuracy: 78.72%, AUC: 0.79
Training finished!
Accuracy Score on test set: 79.32 %
AUC Score on test set: 0.79

Item: H3K27me3-H3K36me3-H3K4me3
Epoch [10/100] - [TRAIN] Loss: 0.5169, Accuracy: 79.07%, AUC: 0.79 - [VAL] Loss: 0.5209, Accuracy: 78.65%, AUC: 0.79
Epoch [20/100] - [TRAIN] Loss: 0.4960, Accuracy: 79.24%, AUC: 0.79 - [VAL] Loss: 0.5058, Accuracy: 78.75%, AUC: 0.79
Epoch [30/100] - [TRAIN] Loss: 0.4791, Accuracy: 79.55%, AUC: 0.80 - [VAL] Loss: 0.4951, Accuracy: 78.78%, AUC: 0.79
Epoch [40/100] - [TRAIN] Loss: 0.4763, Accuracy: 79.85%, AUC: 0.80 - [VAL] Loss: 0.4895, Accuracy: 78.63%, AUC: 0.79
Epoch [50/100] - [TRAIN] Loss: 0.4728, Accuracy: 79.64%, AUC: 0.80 - [VAL] Loss: 0.4867, Accuracy: 78.58%, AUC: 0.79
Epoch [60/100] - [TRAIN] Loss: 0.4760, Accuracy: 79.68%, AUC: 0.80 - [VAL] Loss: 0.4858, Accuracy: 78.66%, AUC: 0.79
Epoch [70/100] - [TRAIN] Loss: 0.4755, Accuracy: 79.84%, AUC: 0.80 - [VAL] Loss: 0.4853, Accuracy: 78.46%, AUC: 0.78
Epoch [80/100] - [TRAIN] Loss: 0.4670, Accuracy: 80.14%, AUC: 0.80 - [VAL] Loss: 0.4847, Accuracy: 78.80%, AUC: 0.79
Epoch [90/100] - [TRAIN] Loss: 0.4688, Accuracy: 80.12%, AUC: 0.80 - [VAL] Loss: 0.4843, Accuracy: 78.40%, AUC: 0.78
Epoch [100/100] - [TRAIN] Loss: 0.4638, Accuracy: 80.20%, AUC: 0.80 - [VAL] Loss: 0.4858, Accuracy: 78.11%, AUC: 0.78
Training finished!
Accuracy Score on test set: 79.50 %
AUC Score on test set: 0.80

Item: H3K4me3-H3K9me3-H3K27me3
Epoch [10/100] - [TRAIN] Loss: 0.5264, Accuracy: 78.24%, AUC: 0.78 - [VAL] Loss: 0.5301, Accuracy: 78.31%, AUC: 0.78
Epoch [20/100] - [TRAIN] Loss: 0.4948, Accuracy: 79.04%, AUC: 0.79 - [VAL] Loss: 0.5057, Accuracy: 78.66%, AUC: 0.79
Epoch [30/100] - [TRAIN] Loss: 0.4863, Accuracy: 79.79%, AUC: 0.80 - [VAL] Loss: 0.5056, Accuracy: 78.52%, AUC: 0.79
Epoch [40/100] - [TRAIN] Loss: 0.4836, Accuracy: 79.45%, AUC: 0.79 - [VAL] Loss: 0.5001, Accuracy: 78.52%, AUC: 0.79
Epoch [50/100] - [TRAIN] Loss: 0.4810, Accuracy: 79.84%, AUC: 0.80 - [VAL] Loss: 0.4959, Accuracy: 77.88%, AUC: 0.78
Epoch [60/100] - [TRAIN] Loss: 0.4765, Accuracy: 79.77%, AUC: 0.80 - [VAL] Loss: 0.4937, Accuracy: 78.16%, AUC: 0.78
Epoch [70/100] - [TRAIN] Loss: 0.4754, Accuracy: 79.65%, AUC: 0.80 - [VAL] Loss: 0.4927, Accuracy: 78.45%, AUC: 0.78
Epoch [80/100] - [TRAIN] Loss: 0.4754, Accuracy: 79.70%, AUC: 0.80 - [VAL] Loss: 0.4920, Accuracy: 78.42%, AUC: 0.78
Epoch [90/100] - [TRAIN] Loss: 0.4719, Accuracy: 80.37%, AUC: 0.80 - [VAL] Loss: 0.4911, Accuracy: 78.10%, AUC: 0.78
Epoch [100/100] - [TRAIN] Loss: 0.4704, Accuracy: 80.05%, AUC: 0.80 - [VAL] Loss: 0.4944, Accuracy: 77.70%, AUC: 0.78
Training finished!
Accuracy Score on test set: 79.65 %
AUC Score on test set: 0.80

Item: H3K4me3-H3K27me3-H3K9me3
Epoch [10/100] - [TRAIN] Loss: 0.5304, Accuracy: 78.78%, AUC: 0.79 - [VAL] Loss: 0.5313, Accuracy: 78.39%, AUC: 0.78
Epoch [20/100] - [TRAIN] Loss: 0.4931, Accuracy: 79.48%, AUC: 0.79 - [VAL] Loss: 0.5043, Accuracy: 78.43%, AUC: 0.78
Epoch [30/100] - [TRAIN] Loss: 0.4858, Accuracy: 79.96%, AUC: 0.80 - [VAL] Loss: 0.5010, Accuracy: 78.45%, AUC: 0.78
Epoch [40/100] - [TRAIN] Loss: 0.4800, Accuracy: 79.79%, AUC: 0.80 - [VAL] Loss: 0.4941, Accuracy: 78.10%, AUC: 0.78
Epoch [50/100] - [TRAIN] Loss: 0.4782, Accuracy: 79.87%, AUC: 0.80 - [VAL] Loss: 0.4938, Accuracy: 77.85%, AUC: 0.78
Epoch [60/100] - [TRAIN] Loss: 0.4769, Accuracy: 79.96%, AUC: 0.80 - [VAL] Loss: 0.4916, Accuracy: 78.14%, AUC: 0.78
Epoch [70/100] - [TRAIN] Loss: 0.4706, Accuracy: 80.09%, AUC: 0.80 - [VAL] Loss: 0.4931, Accuracy: 77.82%, AUC: 0.78
Epoch [80/100] - [TRAIN] Loss: 0.4700, Accuracy: 80.14%, AUC: 0.80 - [VAL] Loss: 0.4904, Accuracy: 78.17%, AUC: 0.78
Epoch [90/100] - [TRAIN] Loss: 0.4778, Accuracy: 80.11%, AUC: 0.80 - [VAL] Loss: 0.5296, Accuracy: 74.81%, AUC: 0.75
Epoch [100/100] - [TRAIN] Loss: 0.4693, Accuracy: 80.02%, AUC: 0.80 - [VAL] Loss: 0.4914, Accuracy: 77.90%, AUC: 0.78
Training finished!
Accuracy Score on test set: 79.62 %
AUC Score on test set: 0.80

Item: H3K9me3-H3K4me3-H3K27me3
Epoch [10/100] - [TRAIN] Loss: 0.5228, Accuracy: 79.01%, AUC: 0.79 - [VAL] Loss: 0.5302, Accuracy: 78.20%, AUC: 0.78
Epoch [20/100] - [TRAIN] Loss: 0.4942, Accuracy: 79.50%, AUC: 0.80 - [VAL] Loss: 0.5068, Accuracy: 78.78%, AUC: 0.79
Epoch [30/100] - [TRAIN] Loss: 0.4996, Accuracy: 79.33%, AUC: 0.79 - [VAL] Loss: 0.5194, Accuracy: 75.41%, AUC: 0.75
Epoch [40/100] - [TRAIN] Loss: 0.4903, Accuracy: 79.61%, AUC: 0.80 - [VAL] Loss: 0.5093, Accuracy: 76.61%, AUC: 0.77
Epoch [50/100] - [TRAIN] Loss: 0.4783, Accuracy: 79.80%, AUC: 0.80 - [VAL] Loss: 0.4951, Accuracy: 78.03%, AUC: 0.78
Epoch [60/100] - [TRAIN] Loss: 0.4786, Accuracy: 79.88%, AUC: 0.80 - [VAL] Loss: 0.4930, Accuracy: 78.42%, AUC: 0.78
Epoch [70/100] - [TRAIN] Loss: 0.4728, Accuracy: 80.23%, AUC: 0.80 - [VAL] Loss: 0.4925, Accuracy: 78.26%, AUC: 0.78
Epoch [80/100] - [TRAIN] Loss: 0.4739, Accuracy: 79.61%, AUC: 0.80 - [VAL] Loss: 0.4912, Accuracy: 77.96%, AUC: 0.78
Epoch [90/100] - [TRAIN] Loss: 0.4713, Accuracy: 80.19%, AUC: 0.80 - [VAL] Loss: 0.4907, Accuracy: 77.99%, AUC: 0.78
Epoch [100/100] - [TRAIN] Loss: 0.4724, Accuracy: 80.16%, AUC: 0.80 - [VAL] Loss: 0.4932, Accuracy: 77.74%, AUC: 0.78
Training finished!
Accuracy Score on test set: 79.56 %
AUC Score on test set: 0.80

Item: H3K9me3-H3K27me3-H3K4me3
Epoch [10/100] - [TRAIN] Loss: 0.5194, Accuracy: 78.84%, AUC: 0.79 - [VAL] Loss: 0.5278, Accuracy: 78.45%, AUC: 0.78
Epoch [20/100] - [TRAIN] Loss: 0.5000, Accuracy: 79.41%, AUC: 0.79 - [VAL] Loss: 0.5000, Accuracy: 78.78%, AUC: 0.79
Epoch [30/100] - [TRAIN] Loss: 0.4832, Accuracy: 79.45%, AUC: 0.79 - [VAL] Loss: 0.4931, Accuracy: 78.60%, AUC: 0.79
Epoch [40/100] - [TRAIN] Loss: 0.4781, Accuracy: 80.02%, AUC: 0.80 - [VAL] Loss: 0.4911, Accuracy: 78.39%, AUC: 0.78
Epoch [50/100] - [TRAIN] Loss: 0.4733, Accuracy: 80.03%, AUC: 0.80 - [VAL] Loss: 0.4902, Accuracy: 78.26%, AUC: 0.78
Epoch [60/100] - [TRAIN] Loss: 0.4726, Accuracy: 80.05%, AUC: 0.80 - [VAL] Loss: 0.4879, Accuracy: 78.49%, AUC: 0.78
Epoch [70/100] - [TRAIN] Loss: 0.4722, Accuracy: 80.00%, AUC: 0.80 - [VAL] Loss: 0.4900, Accuracy: 78.03%, AUC: 0.78
Epoch [80/100] - [TRAIN] Loss: 0.4692, Accuracy: 80.19%, AUC: 0.80 - [VAL] Loss: 0.4894, Accuracy: 78.11%, AUC: 0.78
Epoch [90/100] - [TRAIN] Loss: 0.4696, Accuracy: 80.12%, AUC: 0.80 - [VAL] Loss: 0.4867, Accuracy: 78.32%, AUC: 0.78
Epoch [100/100] - [TRAIN] Loss: 0.4662, Accuracy: 80.31%, AUC: 0.80 - [VAL] Loss: 0.4872, Accuracy: 78.16%, AUC: 0.78
Training finished!
Accuracy Score on test set: 79.59 %
AUC Score on test set: 0.80

Item: H3K27me3-H3K4me3-H3K9me3
Epoch [10/100] - [TRAIN] Loss: 0.5121, Accuracy: 79.23%, AUC: 0.79 - [VAL] Loss: 0.5221, Accuracy: 78.17%, AUC: 0.78
Epoch [20/100] - [TRAIN] Loss: 0.4961, Accuracy: 79.52%, AUC: 0.80 - [VAL] Loss: 0.4973, Accuracy: 78.78%, AUC: 0.79
Epoch [30/100] - [TRAIN] Loss: 0.4820, Accuracy: 79.99%, AUC: 0.80 - [VAL] Loss: 0.4934, Accuracy: 78.55%, AUC: 0.79
Epoch [40/100] - [TRAIN] Loss: 0.4737, Accuracy: 80.25%, AUC: 0.80 - [VAL] Loss: 0.4896, Accuracy: 78.62%, AUC: 0.79
Epoch [50/100] - [TRAIN] Loss: 0.4733, Accuracy: 79.93%, AUC: 0.80 - [VAL] Loss: 0.4887, Accuracy: 78.51%, AUC: 0.79
Epoch [60/100] - [TRAIN] Loss: 0.4730, Accuracy: 79.94%, AUC: 0.80 - [VAL] Loss: 0.4877, Accuracy: 78.40%, AUC: 0.78
Epoch [70/100] - [TRAIN] Loss: 0.4696, Accuracy: 80.11%, AUC: 0.80 - [VAL] Loss: 0.4871, Accuracy: 78.37%, AUC: 0.78
Epoch [80/100] - [TRAIN] Loss: 0.4686, Accuracy: 79.90%, AUC: 0.80 - [VAL] Loss: 0.4867, Accuracy: 78.31%, AUC: 0.78
Epoch [90/100] - [TRAIN] Loss: 0.4643, Accuracy: 80.20%, AUC: 0.80 - [VAL] Loss: 0.4902, Accuracy: 77.94%, AUC: 0.78
Epoch [100/100] - [TRAIN] Loss: 0.4660, Accuracy: 80.37%, AUC: 0.80 - [VAL] Loss: 0.4864, Accuracy: 78.36%, AUC: 0.78
Training finished!
Accuracy Score on test set: 80.05 %
AUC Score on test set: 0.80

Item: H3K27me3-H3K9me3-H3K4me3
Epoch [10/100] - [TRAIN] Loss: 0.5043, Accuracy: 79.30%, AUC: 0.79 - [VAL] Loss: 0.5165, Accuracy: 78.52%, AUC: 0.79
Epoch [20/100] - [TRAIN] Loss: 0.4909, Accuracy: 79.33%, AUC: 0.79 - [VAL] Loss: 0.4967, Accuracy: 78.58%, AUC: 0.79
Epoch [30/100] - [TRAIN] Loss: 0.4847, Accuracy: 79.67%, AUC: 0.80 - [VAL] Loss: 0.4932, Accuracy: 78.42%, AUC: 0.78
Epoch [40/100] - [TRAIN] Loss: 0.4780, Accuracy: 80.12%, AUC: 0.80 - [VAL] Loss: 0.4941, Accuracy: 77.74%, AUC: 0.78
Epoch [50/100] - [TRAIN] Loss: 0.4723, Accuracy: 80.02%, AUC: 0.80 - [VAL] Loss: 0.4903, Accuracy: 78.20%, AUC: 0.78
Epoch [60/100] - [TRAIN] Loss: 0.4727, Accuracy: 80.00%, AUC: 0.80 - [VAL] Loss: 0.4961, Accuracy: 77.55%, AUC: 0.78
Epoch [70/100] - [TRAIN] Loss: 0.4701, Accuracy: 80.23%, AUC: 0.80 - [VAL] Loss: 0.4890, Accuracy: 78.36%, AUC: 0.78
Epoch [80/100] - [TRAIN] Loss: 0.4688, Accuracy: 80.17%, AUC: 0.80 - [VAL] Loss: 0.4912, Accuracy: 78.17%, AUC: 0.78
Epoch [90/100] - [TRAIN] Loss: 0.4676, Accuracy: 79.80%, AUC: 0.80 - [VAL] Loss: 0.4967, Accuracy: 77.65%, AUC: 0.78
Epoch [100/100] - [TRAIN] Loss: 0.4667, Accuracy: 80.09%, AUC: 0.80 - [VAL] Loss: 0.4939, Accuracy: 77.80%, AUC: 0.78
Training finished!
Accuracy Score on test set: 79.70 %
AUC Score on test set: 0.80

Item: H3K4me1-H3K36me3-H3K9me3
Epoch [10/100] - [TRAIN] Loss: 0.5676, Accuracy: 74.85%, AUC: 0.75 - [VAL] Loss: 0.5792, Accuracy: 73.91%, AUC: 0.74
Epoch [20/100] - [TRAIN] Loss: 0.5414, Accuracy: 75.58%, AUC: 0.76 - [VAL] Loss: 0.5658, Accuracy: 74.72%, AUC: 0.75
Epoch [30/100] - [TRAIN] Loss: 0.5296, Accuracy: 75.89%, AUC: 0.76 - [VAL] Loss: 0.5615, Accuracy: 75.01%, AUC: 0.75
Epoch [40/100] - [TRAIN] Loss: 0.5213, Accuracy: 76.48%, AUC: 0.76 - [VAL] Loss: 0.5498, Accuracy: 75.11%, AUC: 0.75
Epoch [50/100] - [TRAIN] Loss: 0.5128, Accuracy: 77.17%, AUC: 0.77 - [VAL] Loss: 0.5451, Accuracy: 75.44%, AUC: 0.75
Epoch [60/100] - [TRAIN] Loss: 0.5078, Accuracy: 77.02%, AUC: 0.77 - [VAL] Loss: 0.5511, Accuracy: 75.33%, AUC: 0.75
Epoch [70/100] - [TRAIN] Loss: 0.5039, Accuracy: 77.20%, AUC: 0.77 - [VAL] Loss: 0.5324, Accuracy: 75.70%, AUC: 0.76
Epoch [80/100] - [TRAIN] Loss: 0.5041, Accuracy: 77.38%, AUC: 0.77 - [VAL] Loss: 0.5322, Accuracy: 75.74%, AUC: 0.76
Epoch [90/100] - [TRAIN] Loss: 0.4965, Accuracy: 77.82%, AUC: 0.78 - [VAL] Loss: 0.5377, Accuracy: 75.65%, AUC: 0.76
Epoch [100/100] - [TRAIN] Loss: 0.4928, Accuracy: 78.25%, AUC: 0.78 - [VAL] Loss: 0.5399, Accuracy: 75.47%, AUC: 0.75
Training finished!
Accuracy Score on test set: 77.77 %
AUC Score on test set: 0.78

Item: H3K4me1-H3K9me3-H3K36me3
Epoch [10/100] - [TRAIN] Loss: 0.5746, Accuracy: 75.19%, AUC: 0.75 - [VAL] Loss: 0.5874, Accuracy: 73.80%, AUC: 0.74
Epoch [20/100] - [TRAIN] Loss: 0.5443, Accuracy: 75.77%, AUC: 0.76 - [VAL] Loss: 0.5754, Accuracy: 74.66%, AUC: 0.75
Epoch [30/100] - [TRAIN] Loss: 0.5307, Accuracy: 76.44%, AUC: 0.76 - [VAL] Loss: 0.5657, Accuracy: 74.78%, AUC: 0.75
Epoch [40/100] - [TRAIN] Loss: 0.5220, Accuracy: 76.02%, AUC: 0.76 - [VAL] Loss: 0.5592, Accuracy: 74.95%, AUC: 0.75
Epoch [50/100] - [TRAIN] Loss: 0.5121, Accuracy: 77.00%, AUC: 0.77 - [VAL] Loss: 0.5441, Accuracy: 75.44%, AUC: 0.75
Epoch [60/100] - [TRAIN] Loss: 0.5045, Accuracy: 76.85%, AUC: 0.77 - [VAL] Loss: 0.5333, Accuracy: 75.54%, AUC: 0.76
Epoch [70/100] - [TRAIN] Loss: 0.5006, Accuracy: 77.47%, AUC: 0.77 - [VAL] Loss: 0.5369, Accuracy: 75.54%, AUC: 0.76
Epoch [80/100] - [TRAIN] Loss: 0.4940, Accuracy: 77.64%, AUC: 0.78 - [VAL] Loss: 0.5364, Accuracy: 75.63%, AUC: 0.76
Epoch [90/100] - [TRAIN] Loss: 0.4990, Accuracy: 77.78%, AUC: 0.78 - [VAL] Loss: 0.5343, Accuracy: 75.47%, AUC: 0.75
Epoch [100/100] - [TRAIN] Loss: 0.4917, Accuracy: 77.98%, AUC: 0.78 - [VAL] Loss: 0.5369, Accuracy: 75.42%, AUC: 0.75
Training finished!
Accuracy Score on test set: 77.59 %
AUC Score on test set: 0.78

Item: H3K36me3-H3K4me1-H3K9me3
Epoch [10/100] - [TRAIN] Loss: 0.5637, Accuracy: 74.88%, AUC: 0.75 - [VAL] Loss: 0.5788, Accuracy: 74.14%, AUC: 0.74
Epoch [20/100] - [TRAIN] Loss: 0.5375, Accuracy: 75.29%, AUC: 0.75 - [VAL] Loss: 0.5728, Accuracy: 74.61%, AUC: 0.75
Epoch [30/100] - [TRAIN] Loss: 0.5251, Accuracy: 76.07%, AUC: 0.76 - [VAL] Loss: 0.5520, Accuracy: 75.10%, AUC: 0.75
Epoch [40/100] - [TRAIN] Loss: 0.5187, Accuracy: 76.59%, AUC: 0.77 - [VAL] Loss: 0.5400, Accuracy: 75.44%, AUC: 0.75
Epoch [50/100] - [TRAIN] Loss: 0.5096, Accuracy: 77.49%, AUC: 0.77 - [VAL] Loss: 0.5344, Accuracy: 75.53%, AUC: 0.76
Epoch [60/100] - [TRAIN] Loss: 0.5049, Accuracy: 77.08%, AUC: 0.77 - [VAL] Loss: 0.5351, Accuracy: 75.53%, AUC: 0.76
Epoch [70/100] - [TRAIN] Loss: 0.5064, Accuracy: 77.69%, AUC: 0.78 - [VAL] Loss: 0.5379, Accuracy: 75.05%, AUC: 0.75
Epoch [80/100] - [TRAIN] Loss: 0.5013, Accuracy: 77.47%, AUC: 0.77 - [VAL] Loss: 0.5221, Accuracy: 76.05%, AUC: 0.76
Epoch [90/100] - [TRAIN] Loss: 0.4938, Accuracy: 77.88%, AUC: 0.78 - [VAL] Loss: 0.5329, Accuracy: 75.45%, AUC: 0.75
Epoch [100/100] - [TRAIN] Loss: 0.4941, Accuracy: 77.49%, AUC: 0.77 - [VAL] Loss: 0.5299, Accuracy: 75.60%, AUC: 0.76
Training finished!
Accuracy Score on test set: 77.65 %
AUC Score on test set: 0.78

Item: H3K36me3-H3K9me3-H3K4me1
Epoch [10/100] - [TRAIN] Loss: 0.5662, Accuracy: 75.10%, AUC: 0.75 - [VAL] Loss: 0.5793, Accuracy: 74.12%, AUC: 0.74
Epoch [20/100] - [TRAIN] Loss: 0.5469, Accuracy: 75.45%, AUC: 0.75 - [VAL] Loss: 0.5779, Accuracy: 74.82%, AUC: 0.75
Epoch [30/100] - [TRAIN] Loss: 0.5320, Accuracy: 76.07%, AUC: 0.76 - [VAL] Loss: 0.5636, Accuracy: 75.22%, AUC: 0.75
Epoch [40/100] - [TRAIN] Loss: 0.5272, Accuracy: 76.59%, AUC: 0.77 - [VAL] Loss: 0.5538, Accuracy: 75.50%, AUC: 0.75
Epoch [50/100] - [TRAIN] Loss: 0.5163, Accuracy: 76.44%, AUC: 0.76 - [VAL] Loss: 0.5497, Accuracy: 75.51%, AUC: 0.76
Epoch [60/100] - [TRAIN] Loss: 0.5114, Accuracy: 76.82%, AUC: 0.77 - [VAL] Loss: 0.5376, Accuracy: 75.59%, AUC: 0.76
Epoch [70/100] - [TRAIN] Loss: 0.5063, Accuracy: 77.37%, AUC: 0.77 - [VAL] Loss: 0.5403, Accuracy: 75.73%, AUC: 0.76
Epoch [80/100] - [TRAIN] Loss: 0.5021, Accuracy: 77.56%, AUC: 0.78 - [VAL] Loss: 0.5366, Accuracy: 75.97%, AUC: 0.76
Epoch [90/100] - [TRAIN] Loss: 0.5007, Accuracy: 77.70%, AUC: 0.78 - [VAL] Loss: 0.5420, Accuracy: 75.79%, AUC: 0.76
Epoch [100/100] - [TRAIN] Loss: 0.4992, Accuracy: 77.82%, AUC: 0.78 - [VAL] Loss: 0.5254, Accuracy: 75.89%, AUC: 0.76
Training finished!
Accuracy Score on test set: 77.62 %
AUC Score on test set: 0.78

Item: H3K9me3-H3K4me1-H3K36me3
Epoch [10/100] - [TRAIN] Loss: 0.5655, Accuracy: 75.40%, AUC: 0.75 - [VAL] Loss: 0.5889, Accuracy: 74.11%, AUC: 0.74
Epoch [20/100] - [TRAIN] Loss: 0.5405, Accuracy: 75.95%, AUC: 0.76 - [VAL] Loss: 0.5669, Accuracy: 74.93%, AUC: 0.75
Epoch [30/100] - [TRAIN] Loss: 0.5242, Accuracy: 76.12%, AUC: 0.76 - [VAL] Loss: 0.5529, Accuracy: 75.21%, AUC: 0.75
Epoch [40/100] - [TRAIN] Loss: 0.5157, Accuracy: 76.56%, AUC: 0.77 - [VAL] Loss: 0.5452, Accuracy: 75.34%, AUC: 0.75
Epoch [50/100] - [TRAIN] Loss: 0.5101, Accuracy: 77.26%, AUC: 0.77 - [VAL] Loss: 0.5319, Accuracy: 75.57%, AUC: 0.76
Epoch [60/100] - [TRAIN] Loss: 0.5018, Accuracy: 77.49%, AUC: 0.77 - [VAL] Loss: 0.5386, Accuracy: 75.31%, AUC: 0.75
Epoch [70/100] - [TRAIN] Loss: 0.4970, Accuracy: 77.88%, AUC: 0.78 - [VAL] Loss: 0.5417, Accuracy: 75.25%, AUC: 0.75
Epoch [80/100] - [TRAIN] Loss: 0.4989, Accuracy: 77.38%, AUC: 0.77 - [VAL] Loss: 0.5300, Accuracy: 75.68%, AUC: 0.76
Epoch [90/100] - [TRAIN] Loss: 0.4973, Accuracy: 77.81%, AUC: 0.78 - [VAL] Loss: 0.5232, Accuracy: 76.06%, AUC: 0.76
Epoch [100/100] - [TRAIN] Loss: 0.4989, Accuracy: 77.50%, AUC: 0.78 - [VAL] Loss: 0.5352, Accuracy: 75.42%, AUC: 0.75
Training finished!
Accuracy Score on test set: 77.32 %
AUC Score on test set: 0.77

Item: H3K9me3-H3K36me3-H3K4me1
Epoch [10/100] - [TRAIN] Loss: 0.5652, Accuracy: 74.97%, AUC: 0.75 - [VAL] Loss: 0.5763, Accuracy: 74.38%, AUC: 0.74
Epoch [20/100] - [TRAIN] Loss: 0.5450, Accuracy: 75.90%, AUC: 0.76 - [VAL] Loss: 0.5706, Accuracy: 74.41%, AUC: 0.74
Epoch [30/100] - [TRAIN] Loss: 0.5340, Accuracy: 76.13%, AUC: 0.76 - [VAL] Loss: 0.5521, Accuracy: 74.87%, AUC: 0.75
Epoch [40/100] - [TRAIN] Loss: 0.5281, Accuracy: 76.45%, AUC: 0.76 - [VAL] Loss: 0.5570, Accuracy: 75.08%, AUC: 0.75
Epoch [50/100] - [TRAIN] Loss: 0.5195, Accuracy: 76.31%, AUC: 0.76 - [VAL] Loss: 0.5409, Accuracy: 75.39%, AUC: 0.75
Epoch [60/100] - [TRAIN] Loss: 0.5093, Accuracy: 77.18%, AUC: 0.77 - [VAL] Loss: 0.5434, Accuracy: 75.56%, AUC: 0.76
Epoch [70/100] - [TRAIN] Loss: 0.5058, Accuracy: 77.09%, AUC: 0.77 - [VAL] Loss: 0.5336, Accuracy: 75.76%, AUC: 0.76
Epoch [80/100] - [TRAIN] Loss: 0.4998, Accuracy: 77.41%, AUC: 0.77 - [VAL] Loss: 0.5352, Accuracy: 75.94%, AUC: 0.76
Epoch [90/100] - [TRAIN] Loss: 0.4927, Accuracy: 77.85%, AUC: 0.78 - [VAL] Loss: 0.5353, Accuracy: 75.97%, AUC: 0.76
Epoch [100/100] - [TRAIN] Loss: 0.5011, Accuracy: 77.21%, AUC: 0.77 - [VAL] Loss: 0.5398, Accuracy: 75.33%, AUC: 0.75
Training finished!
Accuracy Score on test set: 77.91 %
AUC Score on test set: 0.78

Item: H3K4me1-H3K36me3-H3K27me3
Epoch [10/100] - [TRAIN] Loss: 0.5466, Accuracy: 76.24%, AUC: 0.76 - [VAL] Loss: 0.5610, Accuracy: 75.80%, AUC: 0.76
Epoch [20/100] - [TRAIN] Loss: 0.5185, Accuracy: 77.61%, AUC: 0.78 - [VAL] Loss: 0.5461, Accuracy: 76.34%, AUC: 0.76
Epoch [30/100] - [TRAIN] Loss: 0.5160, Accuracy: 77.41%, AUC: 0.77 - [VAL] Loss: 0.5235, Accuracy: 76.52%, AUC: 0.77
Epoch [40/100] - [TRAIN] Loss: 0.4987, Accuracy: 78.37%, AUC: 0.78 - [VAL] Loss: 0.5259, Accuracy: 76.54%, AUC: 0.77
Epoch [50/100] - [TRAIN] Loss: 0.4930, Accuracy: 78.52%, AUC: 0.79 - [VAL] Loss: 0.5195, Accuracy: 76.57%, AUC: 0.77
Epoch [60/100] - [TRAIN] Loss: 0.4917, Accuracy: 78.34%, AUC: 0.78 - [VAL] Loss: 0.5179, Accuracy: 76.54%, AUC: 0.77
Epoch [70/100] - [TRAIN] Loss: 0.4865, Accuracy: 78.69%, AUC: 0.79 - [VAL] Loss: 0.5050, Accuracy: 76.96%, AUC: 0.77
Epoch [80/100] - [TRAIN] Loss: 0.4876, Accuracy: 79.09%, AUC: 0.79 - [VAL] Loss: 0.5125, Accuracy: 76.81%, AUC: 0.77
Epoch [90/100] - [TRAIN] Loss: 0.4765, Accuracy: 79.32%, AUC: 0.79 - [VAL] Loss: 0.5077, Accuracy: 77.04%, AUC: 0.77
Epoch [100/100] - [TRAIN] Loss: 0.4762, Accuracy: 79.52%, AUC: 0.80 - [VAL] Loss: 0.5039, Accuracy: 77.13%, AUC: 0.77
Training finished!
Accuracy Score on test set: 78.68 %
AUC Score on test set: 0.79

Item: H3K4me1-H3K27me3-H3K36me3
Epoch [10/100] - [TRAIN] Loss: 0.5502, Accuracy: 76.09%, AUC: 0.76 - [VAL] Loss: 0.5660, Accuracy: 75.34%, AUC: 0.75
Epoch [20/100] - [TRAIN] Loss: 0.5204, Accuracy: 77.27%, AUC: 0.77 - [VAL] Loss: 0.5368, Accuracy: 76.38%, AUC: 0.76
Epoch [30/100] - [TRAIN] Loss: 0.5056, Accuracy: 77.53%, AUC: 0.78 - [VAL] Loss: 0.5295, Accuracy: 76.67%, AUC: 0.77
Epoch [40/100] - [TRAIN] Loss: 0.4983, Accuracy: 78.30%, AUC: 0.78 - [VAL] Loss: 0.5167, Accuracy: 76.87%, AUC: 0.77
Epoch [50/100] - [TRAIN] Loss: 0.5007, Accuracy: 78.34%, AUC: 0.78 - [VAL] Loss: 0.5181, Accuracy: 76.78%, AUC: 0.77
Epoch [60/100] - [TRAIN] Loss: 0.4886, Accuracy: 78.49%, AUC: 0.78 - [VAL] Loss: 0.5202, Accuracy: 76.72%, AUC: 0.77
Epoch [70/100] - [TRAIN] Loss: 0.4865, Accuracy: 78.80%, AUC: 0.79 - [VAL] Loss: 0.5141, Accuracy: 76.77%, AUC: 0.77
Epoch [80/100] - [TRAIN] Loss: 0.4801, Accuracy: 78.80%, AUC: 0.79 - [VAL] Loss: 0.5079, Accuracy: 77.16%, AUC: 0.77
Epoch [90/100] - [TRAIN] Loss: 0.4795, Accuracy: 79.04%, AUC: 0.79 - [VAL] Loss: 0.5064, Accuracy: 77.10%, AUC: 0.77
Epoch [100/100] - [TRAIN] Loss: 0.4743, Accuracy: 79.36%, AUC: 0.79 - [VAL] Loss: 0.5057, Accuracy: 77.21%, AUC: 0.77
Training finished!
Accuracy Score on test set: 78.14 %
AUC Score on test set: 0.78

Item: H3K36me3-H3K4me1-H3K27me3
Epoch [10/100] - [TRAIN] Loss: 0.5581, Accuracy: 76.15%, AUC: 0.76 - [VAL] Loss: 0.5652, Accuracy: 75.39%, AUC: 0.75
Epoch [20/100] - [TRAIN] Loss: 0.5291, Accuracy: 76.85%, AUC: 0.77 - [VAL] Loss: 0.5400, Accuracy: 76.29%, AUC: 0.76
Epoch [30/100] - [TRAIN] Loss: 0.5100, Accuracy: 77.59%, AUC: 0.78 - [VAL] Loss: 0.5365, Accuracy: 76.57%, AUC: 0.77
Epoch [40/100] - [TRAIN] Loss: 0.5013, Accuracy: 78.01%, AUC: 0.78 - [VAL] Loss: 0.5256, Accuracy: 76.70%, AUC: 0.77
Epoch [50/100] - [TRAIN] Loss: 0.4965, Accuracy: 78.16%, AUC: 0.78 - [VAL] Loss: 0.5247, Accuracy: 76.60%, AUC: 0.77
Epoch [60/100] - [TRAIN] Loss: 0.4925, Accuracy: 78.69%, AUC: 0.79 - [VAL] Loss: 0.5169, Accuracy: 76.81%, AUC: 0.77
Epoch [70/100] - [TRAIN] Loss: 0.4938, Accuracy: 78.75%, AUC: 0.79 - [VAL] Loss: 0.5378, Accuracy: 76.70%, AUC: 0.77
Epoch [80/100] - [TRAIN] Loss: 0.4869, Accuracy: 78.89%, AUC: 0.79 - [VAL] Loss: 0.5075, Accuracy: 77.18%, AUC: 0.77
Epoch [90/100] - [TRAIN] Loss: 0.4795, Accuracy: 79.33%, AUC: 0.79 - [VAL] Loss: 0.5088, Accuracy: 76.92%, AUC: 0.77
Epoch [100/100] - [TRAIN] Loss: 0.4790, Accuracy: 79.21%, AUC: 0.79 - [VAL] Loss: 0.5096, Accuracy: 77.03%, AUC: 0.77
Training finished!
Accuracy Score on test set: 78.54 %
AUC Score on test set: 0.79

Item: H3K36me3-H3K27me3-H3K4me1
Epoch [10/100] - [TRAIN] Loss: 0.5518, Accuracy: 76.45%, AUC: 0.76 - [VAL] Loss: 0.5685, Accuracy: 75.31%, AUC: 0.75
Epoch [20/100] - [TRAIN] Loss: 0.5194, Accuracy: 77.52%, AUC: 0.78 - [VAL] Loss: 0.5398, Accuracy: 76.43%, AUC: 0.76
Epoch [30/100] - [TRAIN] Loss: 0.5059, Accuracy: 77.69%, AUC: 0.78 - [VAL] Loss: 0.5366, Accuracy: 76.58%, AUC: 0.77
Epoch [40/100] - [TRAIN] Loss: 0.5007, Accuracy: 78.13%, AUC: 0.78 - [VAL] Loss: 0.5358, Accuracy: 76.57%, AUC: 0.77
Epoch [50/100] - [TRAIN] Loss: 0.4955, Accuracy: 78.46%, AUC: 0.78 - [VAL] Loss: 0.5274, Accuracy: 76.70%, AUC: 0.77
Epoch [60/100] - [TRAIN] Loss: 0.4892, Accuracy: 78.39%, AUC: 0.78 - [VAL] Loss: 0.5207, Accuracy: 76.89%, AUC: 0.77
Epoch [70/100] - [TRAIN] Loss: 0.4883, Accuracy: 78.63%, AUC: 0.79 - [VAL] Loss: 0.5153, Accuracy: 76.93%, AUC: 0.77
Epoch [80/100] - [TRAIN] Loss: 0.4818, Accuracy: 78.92%, AUC: 0.79 - [VAL] Loss: 0.5154, Accuracy: 76.87%, AUC: 0.77
Epoch [90/100] - [TRAIN] Loss: 0.4790, Accuracy: 79.01%, AUC: 0.79 - [VAL] Loss: 0.5159, Accuracy: 76.89%, AUC: 0.77
Epoch [100/100] - [TRAIN] Loss: 0.4766, Accuracy: 79.06%, AUC: 0.79 - [VAL] Loss: 0.5124, Accuracy: 76.99%, AUC: 0.77
Training finished!
Accuracy Score on test set: 79.10 %
AUC Score on test set: 0.79

Item: H3K27me3-H3K4me1-H3K36me3
Epoch [10/100] - [TRAIN] Loss: 0.5468, Accuracy: 75.90%, AUC: 0.76 - [VAL] Loss: 0.5550, Accuracy: 75.44%, AUC: 0.75
Epoch [20/100] - [TRAIN] Loss: 0.5195, Accuracy: 77.32%, AUC: 0.77 - [VAL] Loss: 0.5400, Accuracy: 76.22%, AUC: 0.76
Epoch [30/100] - [TRAIN] Loss: 0.5118, Accuracy: 77.46%, AUC: 0.77 - [VAL] Loss: 0.5286, Accuracy: 76.35%, AUC: 0.76
Epoch [40/100] - [TRAIN] Loss: 0.5050, Accuracy: 77.91%, AUC: 0.78 - [VAL] Loss: 0.5285, Accuracy: 76.51%, AUC: 0.77
Epoch [50/100] - [TRAIN] Loss: 0.4980, Accuracy: 78.24%, AUC: 0.78 - [VAL] Loss: 0.5272, Accuracy: 76.54%, AUC: 0.77
Epoch [60/100] - [TRAIN] Loss: 0.4987, Accuracy: 78.45%, AUC: 0.78 - [VAL] Loss: 0.5129, Accuracy: 76.66%, AUC: 0.77
Epoch [70/100] - [TRAIN] Loss: 0.4861, Accuracy: 78.80%, AUC: 0.79 - [VAL] Loss: 0.5133, Accuracy: 76.89%, AUC: 0.77
Epoch [80/100] - [TRAIN] Loss: 0.4842, Accuracy: 78.71%, AUC: 0.79 - [VAL] Loss: 0.5099, Accuracy: 77.01%, AUC: 0.77
Epoch [90/100] - [TRAIN] Loss: 0.4818, Accuracy: 78.57%, AUC: 0.79 - [VAL] Loss: 0.5082, Accuracy: 77.21%, AUC: 0.77
Epoch [100/100] - [TRAIN] Loss: 0.4806, Accuracy: 79.23%, AUC: 0.79 - [VAL] Loss: 0.5094, Accuracy: 77.21%, AUC: 0.77
Training finished!
Accuracy Score on test set: 78.57 %
AUC Score on test set: 0.79

Item: H3K27me3-H3K36me3-H3K4me1
Epoch [10/100] - [TRAIN] Loss: 0.5511, Accuracy: 76.02%, AUC: 0.76 - [VAL] Loss: 0.5641, Accuracy: 75.22%, AUC: 0.75
Epoch [20/100] - [TRAIN] Loss: 0.5247, Accuracy: 77.03%, AUC: 0.77 - [VAL] Loss: 0.5513, Accuracy: 76.08%, AUC: 0.76
Epoch [30/100] - [TRAIN] Loss: 0.5116, Accuracy: 77.06%, AUC: 0.77 - [VAL] Loss: 0.5383, Accuracy: 76.38%, AUC: 0.76
Epoch [40/100] - [TRAIN] Loss: 0.5043, Accuracy: 77.49%, AUC: 0.77 - [VAL] Loss: 0.5266, Accuracy: 76.69%, AUC: 0.77
Epoch [50/100] - [TRAIN] Loss: 0.5004, Accuracy: 78.25%, AUC: 0.78 - [VAL] Loss: 0.5161, Accuracy: 76.72%, AUC: 0.77
Epoch [60/100] - [TRAIN] Loss: 0.4887, Accuracy: 78.62%, AUC: 0.79 - [VAL] Loss: 0.5175, Accuracy: 76.95%, AUC: 0.77
Epoch [70/100] - [TRAIN] Loss: 0.4886, Accuracy: 78.57%, AUC: 0.79 - [VAL] Loss: 0.5143, Accuracy: 76.84%, AUC: 0.77
Epoch [80/100] - [TRAIN] Loss: 0.4867, Accuracy: 79.38%, AUC: 0.79 - [VAL] Loss: 0.5077, Accuracy: 77.09%, AUC: 0.77
Epoch [90/100] - [TRAIN] Loss: 0.4825, Accuracy: 79.33%, AUC: 0.79 - [VAL] Loss: 0.5145, Accuracy: 76.84%, AUC: 0.77
Epoch [100/100] - [TRAIN] Loss: 0.4819, Accuracy: 78.56%, AUC: 0.79 - [VAL] Loss: 0.5091, Accuracy: 76.89%, AUC: 0.77
Training finished!
Accuracy Score on test set: 78.49 %
AUC Score on test set: 0.78

Item: H3K4me1-H3K9me3-H3K27me3
Epoch [10/100] - [TRAIN] Loss: 0.5494, Accuracy: 76.47%, AUC: 0.76 - [VAL] Loss: 0.5592, Accuracy: 75.89%, AUC: 0.76
Epoch [20/100] - [TRAIN] Loss: 0.5210, Accuracy: 77.47%, AUC: 0.77 - [VAL] Loss: 0.5478, Accuracy: 76.37%, AUC: 0.76
Epoch [30/100] - [TRAIN] Loss: 0.5166, Accuracy: 77.72%, AUC: 0.78 - [VAL] Loss: 0.5386, Accuracy: 76.34%, AUC: 0.76
Epoch [40/100] - [TRAIN] Loss: 0.5066, Accuracy: 77.76%, AUC: 0.78 - [VAL] Loss: 0.5312, Accuracy: 76.43%, AUC: 0.76
Epoch [50/100] - [TRAIN] Loss: 0.4993, Accuracy: 78.25%, AUC: 0.78 - [VAL] Loss: 0.5242, Accuracy: 76.48%, AUC: 0.76
Epoch [60/100] - [TRAIN] Loss: 0.4965, Accuracy: 78.10%, AUC: 0.78 - [VAL] Loss: 0.5205, Accuracy: 76.48%, AUC: 0.76
Epoch [70/100] - [TRAIN] Loss: 0.4919, Accuracy: 78.36%, AUC: 0.78 - [VAL] Loss: 0.5184, Accuracy: 76.52%, AUC: 0.77
Epoch [80/100] - [TRAIN] Loss: 0.4901, Accuracy: 78.60%, AUC: 0.79 - [VAL] Loss: 0.5209, Accuracy: 76.55%, AUC: 0.77
Epoch [90/100] - [TRAIN] Loss: 0.4853, Accuracy: 78.81%, AUC: 0.79 - [VAL] Loss: 0.5141, Accuracy: 76.90%, AUC: 0.77
Epoch [100/100] - [TRAIN] Loss: 0.4829, Accuracy: 79.06%, AUC: 0.79 - [VAL] Loss: 0.5131, Accuracy: 76.80%, AUC: 0.77
Training finished!
Accuracy Score on test set: 78.02 %
AUC Score on test set: 0.78

Item: H3K4me1-H3K27me3-H3K9me3
Epoch [10/100] - [TRAIN] Loss: 0.5520, Accuracy: 75.98%, AUC: 0.76 - [VAL] Loss: 0.5662, Accuracy: 75.33%, AUC: 0.75
Epoch [20/100] - [TRAIN] Loss: 0.5304, Accuracy: 77.18%, AUC: 0.77 - [VAL] Loss: 0.5618, Accuracy: 76.18%, AUC: 0.76
Epoch [30/100] - [TRAIN] Loss: 0.5205, Accuracy: 77.78%, AUC: 0.78 - [VAL] Loss: 0.5438, Accuracy: 76.60%, AUC: 0.77
Epoch [40/100] - [TRAIN] Loss: 0.5055, Accuracy: 77.88%, AUC: 0.78 - [VAL] Loss: 0.5260, Accuracy: 76.87%, AUC: 0.77
Epoch [50/100] - [TRAIN] Loss: 0.5018, Accuracy: 78.57%, AUC: 0.79 - [VAL] Loss: 0.5296, Accuracy: 76.60%, AUC: 0.77
Epoch [60/100] - [TRAIN] Loss: 0.5033, Accuracy: 78.63%, AUC: 0.79 - [VAL] Loss: 0.5181, Accuracy: 76.58%, AUC: 0.77
Epoch [70/100] - [TRAIN] Loss: 0.4935, Accuracy: 78.36%, AUC: 0.78 - [VAL] Loss: 0.5194, Accuracy: 76.80%, AUC: 0.77
Epoch [80/100] - [TRAIN] Loss: 0.4922, Accuracy: 78.74%, AUC: 0.79 - [VAL] Loss: 0.5125, Accuracy: 76.92%, AUC: 0.77
Epoch [90/100] - [TRAIN] Loss: 0.4909, Accuracy: 78.46%, AUC: 0.78 - [VAL] Loss: 0.5133, Accuracy: 76.70%, AUC: 0.77
Epoch [100/100] - [TRAIN] Loss: 0.4868, Accuracy: 79.20%, AUC: 0.79 - [VAL] Loss: 0.5121, Accuracy: 76.72%, AUC: 0.77
Training finished!
Accuracy Score on test set: 78.20 %
AUC Score on test set: 0.78

Item: H3K9me3-H3K4me1-H3K27me3
Epoch [10/100] - [TRAIN] Loss: 0.5541, Accuracy: 76.27%, AUC: 0.76 - [VAL] Loss: 0.5710, Accuracy: 75.15%, AUC: 0.75
Epoch [20/100] - [TRAIN] Loss: 0.5300, Accuracy: 76.95%, AUC: 0.77 - [VAL] Loss: 0.5461, Accuracy: 76.02%, AUC: 0.76
Epoch [30/100] - [TRAIN] Loss: 0.5182, Accuracy: 77.00%, AUC: 0.77 - [VAL] Loss: 0.5350, Accuracy: 76.44%, AUC: 0.76
Epoch [40/100] - [TRAIN] Loss: 0.5082, Accuracy: 77.88%, AUC: 0.78 - [VAL] Loss: 0.5260, Accuracy: 76.48%, AUC: 0.76
Epoch [50/100] - [TRAIN] Loss: 0.5026, Accuracy: 78.07%, AUC: 0.78 - [VAL] Loss: 0.5226, Accuracy: 76.73%, AUC: 0.77
Epoch [60/100] - [TRAIN] Loss: 0.5010, Accuracy: 78.63%, AUC: 0.79 - [VAL] Loss: 0.5167, Accuracy: 76.72%, AUC: 0.77
Epoch [70/100] - [TRAIN] Loss: 0.4944, Accuracy: 78.88%, AUC: 0.79 - [VAL] Loss: 0.5152, Accuracy: 76.72%, AUC: 0.77
Epoch [80/100] - [TRAIN] Loss: 0.4933, Accuracy: 78.77%, AUC: 0.79 - [VAL] Loss: 0.5171, Accuracy: 76.77%, AUC: 0.77
Epoch [90/100] - [TRAIN] Loss: 0.4867, Accuracy: 78.94%, AUC: 0.79 - [VAL] Loss: 0.5116, Accuracy: 76.77%, AUC: 0.77
Epoch [100/100] - [TRAIN] Loss: 0.4848, Accuracy: 79.06%, AUC: 0.79 - [VAL] Loss: 0.5104, Accuracy: 76.70%, AUC: 0.77
Training finished!
Accuracy Score on test set: 77.97 %
AUC Score on test set: 0.78

Item: H3K9me3-H3K27me3-H3K4me1
Epoch [10/100] - [TRAIN] Loss: 0.5535, Accuracy: 76.13%, AUC: 0.76 - [VAL] Loss: 0.5656, Accuracy: 75.21%, AUC: 0.75
Epoch [20/100] - [TRAIN] Loss: 0.5305, Accuracy: 76.35%, AUC: 0.76 - [VAL] Loss: 0.5551, Accuracy: 76.11%, AUC: 0.76
Epoch [30/100] - [TRAIN] Loss: 0.5167, Accuracy: 77.46%, AUC: 0.77 - [VAL] Loss: 0.5469, Accuracy: 76.29%, AUC: 0.76
Epoch [40/100] - [TRAIN] Loss: 0.5112, Accuracy: 77.81%, AUC: 0.78 - [VAL] Loss: 0.5331, Accuracy: 76.40%, AUC: 0.76
Epoch [50/100] - [TRAIN] Loss: 0.5060, Accuracy: 78.43%, AUC: 0.78 - [VAL] Loss: 0.5241, Accuracy: 76.54%, AUC: 0.77
Epoch [60/100] - [TRAIN] Loss: 0.5064, Accuracy: 78.01%, AUC: 0.78 - [VAL] Loss: 0.5181, Accuracy: 76.63%, AUC: 0.77
Epoch [70/100] - [TRAIN] Loss: 0.4994, Accuracy: 78.49%, AUC: 0.78 - [VAL] Loss: 0.5153, Accuracy: 76.69%, AUC: 0.77
Epoch [80/100] - [TRAIN] Loss: 0.4900, Accuracy: 78.57%, AUC: 0.79 - [VAL] Loss: 0.5197, Accuracy: 76.61%, AUC: 0.77
Epoch [90/100] - [TRAIN] Loss: 0.4866, Accuracy: 78.78%, AUC: 0.79 - [VAL] Loss: 0.5129, Accuracy: 76.87%, AUC: 0.77
Epoch [100/100] - [TRAIN] Loss: 0.4873, Accuracy: 79.06%, AUC: 0.79 - [VAL] Loss: 0.5121, Accuracy: 76.75%, AUC: 0.77
Training finished!
Accuracy Score on test set: 77.94 %
AUC Score on test set: 0.78

Item: H3K27me3-H3K4me1-H3K9me3
Epoch [10/100] - [TRAIN] Loss: 0.5560, Accuracy: 76.01%, AUC: 0.76 - [VAL] Loss: 0.5589, Accuracy: 75.27%, AUC: 0.75
Epoch [20/100] - [TRAIN] Loss: 0.5284, Accuracy: 76.79%, AUC: 0.77 - [VAL] Loss: 0.5503, Accuracy: 76.20%, AUC: 0.76
Epoch [30/100] - [TRAIN] Loss: 0.5163, Accuracy: 77.44%, AUC: 0.77 - [VAL] Loss: 0.5363, Accuracy: 76.41%, AUC: 0.76
Epoch [40/100] - [TRAIN] Loss: 0.5091, Accuracy: 77.98%, AUC: 0.78 - [VAL] Loss: 0.5270, Accuracy: 76.55%, AUC: 0.77
Epoch [50/100] - [TRAIN] Loss: 0.5087, Accuracy: 78.33%, AUC: 0.78 - [VAL] Loss: 0.5263, Accuracy: 76.63%, AUC: 0.77
Epoch [60/100] - [TRAIN] Loss: 0.4983, Accuracy: 78.37%, AUC: 0.78 - [VAL] Loss: 0.5220, Accuracy: 76.66%, AUC: 0.77
Epoch [70/100] - [TRAIN] Loss: 0.4991, Accuracy: 78.77%, AUC: 0.79 - [VAL] Loss: 0.5211, Accuracy: 76.69%, AUC: 0.77
Epoch [80/100] - [TRAIN] Loss: 0.4929, Accuracy: 78.97%, AUC: 0.79 - [VAL] Loss: 0.5177, Accuracy: 76.75%, AUC: 0.77
Epoch [90/100] - [TRAIN] Loss: 0.4887, Accuracy: 78.24%, AUC: 0.78 - [VAL] Loss: 0.5194, Accuracy: 76.66%, AUC: 0.77
Epoch [100/100] - [TRAIN] Loss: 0.4861, Accuracy: 78.94%, AUC: 0.79 - [VAL] Loss: 0.5128, Accuracy: 76.98%, AUC: 0.77
Training finished!
Accuracy Score on test set: 78.29 %
AUC Score on test set: 0.78

Item: H3K27me3-H3K9me3-H3K4me1
Epoch [10/100] - [TRAIN] Loss: 0.5483, Accuracy: 76.30%, AUC: 0.76 - [VAL] Loss: 0.5606, Accuracy: 75.99%, AUC: 0.76
Epoch [20/100] - [TRAIN] Loss: 0.5224, Accuracy: 77.41%, AUC: 0.77 - [VAL] Loss: 0.5427, Accuracy: 76.66%, AUC: 0.77
Epoch [30/100] - [TRAIN] Loss: 0.5138, Accuracy: 77.96%, AUC: 0.78 - [VAL] Loss: 0.5359, Accuracy: 76.54%, AUC: 0.77
Epoch [40/100] - [TRAIN] Loss: 0.5018, Accuracy: 78.24%, AUC: 0.78 - [VAL] Loss: 0.5249, Accuracy: 76.64%, AUC: 0.77
Epoch [50/100] - [TRAIN] Loss: 0.4983, Accuracy: 78.49%, AUC: 0.78 - [VAL] Loss: 0.5207, Accuracy: 76.60%, AUC: 0.77
Epoch [60/100] - [TRAIN] Loss: 0.4929, Accuracy: 78.78%, AUC: 0.79 - [VAL] Loss: 0.5165, Accuracy: 76.72%, AUC: 0.77
Epoch [70/100] - [TRAIN] Loss: 0.4894, Accuracy: 78.66%, AUC: 0.79 - [VAL] Loss: 0.5151, Accuracy: 76.60%, AUC: 0.77
Epoch [80/100] - [TRAIN] Loss: 0.4894, Accuracy: 78.60%, AUC: 0.79 - [VAL] Loss: 0.5185, Accuracy: 76.43%, AUC: 0.76
Epoch [90/100] - [TRAIN] Loss: 0.4856, Accuracy: 78.78%, AUC: 0.79 - [VAL] Loss: 0.5126, Accuracy: 76.66%, AUC: 0.77
Epoch [100/100] - [TRAIN] Loss: 0.4835, Accuracy: 78.88%, AUC: 0.79 - [VAL] Loss: 0.5120, Accuracy: 76.61%, AUC: 0.77
Training finished!
Accuracy Score on test set: 78.06 %
AUC Score on test set: 0.78

Item: H3K36me3-H3K9me3-H3K27me3
Epoch [10/100] - [TRAIN] Loss: 0.6078, Accuracy: 67.55%, AUC: 0.68 - [VAL] Loss: 0.6056, Accuracy: 66.78%, AUC: 0.67
Epoch [20/100] - [TRAIN] Loss: 0.5915, Accuracy: 68.39%, AUC: 0.68 - [VAL] Loss: 0.5920, Accuracy: 67.92%, AUC: 0.68
Epoch [30/100] - [TRAIN] Loss: 0.5856, Accuracy: 68.83%, AUC: 0.69 - [VAL] Loss: 0.5872, Accuracy: 68.62%, AUC: 0.69
Epoch [40/100] - [TRAIN] Loss: 0.5808, Accuracy: 69.43%, AUC: 0.69 - [VAL] Loss: 0.5840, Accuracy: 68.85%, AUC: 0.69
Epoch [50/100] - [TRAIN] Loss: 0.5793, Accuracy: 69.96%, AUC: 0.70 - [VAL] Loss: 0.5811, Accuracy: 68.94%, AUC: 0.69
Epoch [60/100] - [TRAIN] Loss: 0.5768, Accuracy: 69.14%, AUC: 0.69 - [VAL] Loss: 0.5787, Accuracy: 69.05%, AUC: 0.69
Epoch [70/100] - [TRAIN] Loss: 0.5717, Accuracy: 69.62%, AUC: 0.70 - [VAL] Loss: 0.5765, Accuracy: 69.24%, AUC: 0.69
Epoch [80/100] - [TRAIN] Loss: 0.5724, Accuracy: 69.90%, AUC: 0.70 - [VAL] Loss: 0.5748, Accuracy: 69.20%, AUC: 0.69
Epoch [90/100] - [TRAIN] Loss: 0.5693, Accuracy: 69.88%, AUC: 0.70 - [VAL] Loss: 0.5732, Accuracy: 69.29%, AUC: 0.69
Epoch [100/100] - [TRAIN] Loss: 0.5680, Accuracy: 69.39%, AUC: 0.69 - [VAL] Loss: 0.5718, Accuracy: 69.18%, AUC: 0.69
Training finished!
Accuracy Score on test set: 70.02 %
AUC Score on test set: 0.70

Item: H3K36me3-H3K27me3-H3K9me3
Epoch [10/100] - [TRAIN] Loss: 0.5994, Accuracy: 68.08%, AUC: 0.68 - [VAL] Loss: 0.5960, Accuracy: 68.53%, AUC: 0.69
Epoch [20/100] - [TRAIN] Loss: 0.5884, Accuracy: 68.98%, AUC: 0.69 - [VAL] Loss: 0.5870, Accuracy: 68.51%, AUC: 0.69
Epoch [30/100] - [TRAIN] Loss: 0.5840, Accuracy: 68.25%, AUC: 0.68 - [VAL] Loss: 0.5838, Accuracy: 68.66%, AUC: 0.69
Epoch [40/100] - [TRAIN] Loss: 0.5813, Accuracy: 69.39%, AUC: 0.69 - [VAL] Loss: 0.5813, Accuracy: 67.44%, AUC: 0.67
Epoch [50/100] - [TRAIN] Loss: 0.5763, Accuracy: 68.65%, AUC: 0.69 - [VAL] Loss: 0.5786, Accuracy: 68.77%, AUC: 0.69
Epoch [60/100] - [TRAIN] Loss: 0.5762, Accuracy: 68.71%, AUC: 0.69 - [VAL] Loss: 0.5767, Accuracy: 68.79%, AUC: 0.69
Epoch [70/100] - [TRAIN] Loss: 0.5720, Accuracy: 69.24%, AUC: 0.69 - [VAL] Loss: 0.5748, Accuracy: 68.85%, AUC: 0.69
Epoch [80/100] - [TRAIN] Loss: 0.5688, Accuracy: 69.41%, AUC: 0.69 - [VAL] Loss: 0.5731, Accuracy: 68.92%, AUC: 0.69
Epoch [90/100] - [TRAIN] Loss: 0.5658, Accuracy: 69.23%, AUC: 0.69 - [VAL] Loss: 0.5714, Accuracy: 69.15%, AUC: 0.69
Epoch [100/100] - [TRAIN] Loss: 0.5624, Accuracy: 69.41%, AUC: 0.69 - [VAL] Loss: 0.5704, Accuracy: 69.15%, AUC: 0.69
Training finished!
Accuracy Score on test set: 69.96 %
AUC Score on test set: 0.70

Item: H3K9me3-H3K36me3-H3K27me3
Epoch [10/100] - [TRAIN] Loss: 0.6025, Accuracy: 67.32%, AUC: 0.67 - [VAL] Loss: 0.5986, Accuracy: 66.74%, AUC: 0.67
Epoch [20/100] - [TRAIN] Loss: 0.5900, Accuracy: 68.18%, AUC: 0.68 - [VAL] Loss: 0.5909, Accuracy: 68.11%, AUC: 0.68
Epoch [30/100] - [TRAIN] Loss: 0.5852, Accuracy: 68.51%, AUC: 0.69 - [VAL] Loss: 0.5872, Accuracy: 68.60%, AUC: 0.69
Epoch [40/100] - [TRAIN] Loss: 0.5836, Accuracy: 69.21%, AUC: 0.69 - [VAL] Loss: 0.5836, Accuracy: 68.69%, AUC: 0.69
Epoch [50/100] - [TRAIN] Loss: 0.5792, Accuracy: 69.35%, AUC: 0.69 - [VAL] Loss: 0.5810, Accuracy: 68.82%, AUC: 0.69
Epoch [60/100] - [TRAIN] Loss: 0.5781, Accuracy: 68.18%, AUC: 0.68 - [VAL] Loss: 0.5790, Accuracy: 68.79%, AUC: 0.69
Epoch [70/100] - [TRAIN] Loss: 0.5744, Accuracy: 69.23%, AUC: 0.69 - [VAL] Loss: 0.5765, Accuracy: 68.94%, AUC: 0.69
Epoch [80/100] - [TRAIN] Loss: 0.5722, Accuracy: 69.88%, AUC: 0.70 - [VAL] Loss: 0.5745, Accuracy: 69.11%, AUC: 0.69
Epoch [90/100] - [TRAIN] Loss: 0.5681, Accuracy: 69.09%, AUC: 0.69 - [VAL] Loss: 0.5726, Accuracy: 69.29%, AUC: 0.69
Epoch [100/100] - [TRAIN] Loss: 0.5654, Accuracy: 69.44%, AUC: 0.69 - [VAL] Loss: 0.5710, Accuracy: 69.34%, AUC: 0.69
Training finished!
Accuracy Score on test set: 69.99 %
AUC Score on test set: 0.70

Item: H3K9me3-H3K27me3-H3K36me3
Epoch [10/100] - [TRAIN] Loss: 0.6074, Accuracy: 67.75%, AUC: 0.68 - [VAL] Loss: 0.6034, Accuracy: 67.47%, AUC: 0.67
Epoch [20/100] - [TRAIN] Loss: 0.5886, Accuracy: 68.16%, AUC: 0.68 - [VAL] Loss: 0.5887, Accuracy: 68.10%, AUC: 0.68
Epoch [30/100] - [TRAIN] Loss: 0.5847, Accuracy: 68.79%, AUC: 0.69 - [VAL] Loss: 0.5854, Accuracy: 68.48%, AUC: 0.68
Epoch [40/100] - [TRAIN] Loss: 0.5801, Accuracy: 69.17%, AUC: 0.69 - [VAL] Loss: 0.5821, Accuracy: 68.79%, AUC: 0.69
Epoch [50/100] - [TRAIN] Loss: 0.5811, Accuracy: 69.21%, AUC: 0.69 - [VAL] Loss: 0.5796, Accuracy: 69.03%, AUC: 0.69
Epoch [60/100] - [TRAIN] Loss: 0.5742, Accuracy: 69.55%, AUC: 0.70 - [VAL] Loss: 0.5777, Accuracy: 69.06%, AUC: 0.69
Epoch [70/100] - [TRAIN] Loss: 0.5736, Accuracy: 69.24%, AUC: 0.69 - [VAL] Loss: 0.5755, Accuracy: 69.24%, AUC: 0.69
Epoch [80/100] - [TRAIN] Loss: 0.5713, Accuracy: 70.11%, AUC: 0.70 - [VAL] Loss: 0.5738, Accuracy: 69.31%, AUC: 0.69
Epoch [90/100] - [TRAIN] Loss: 0.5686, Accuracy: 69.41%, AUC: 0.69 - [VAL] Loss: 0.5723, Accuracy: 69.31%, AUC: 0.69
Epoch [100/100] - [TRAIN] Loss: 0.5677, Accuracy: 70.13%, AUC: 0.70 - [VAL] Loss: 0.5708, Accuracy: 69.31%, AUC: 0.69
Training finished!
Accuracy Score on test set: 70.04 %
AUC Score on test set: 0.70

Item: H3K27me3-H3K36me3-H3K9me3
Epoch [10/100] - [TRAIN] Loss: 0.6020, Accuracy: 67.44%, AUC: 0.67 - [VAL] Loss: 0.5974, Accuracy: 67.12%, AUC: 0.67
Epoch [20/100] - [TRAIN] Loss: 0.5882, Accuracy: 68.42%, AUC: 0.68 - [VAL] Loss: 0.5878, Accuracy: 68.22%, AUC: 0.68
Epoch [30/100] - [TRAIN] Loss: 0.5858, Accuracy: 68.95%, AUC: 0.69 - [VAL] Loss: 0.5836, Accuracy: 68.76%, AUC: 0.69
Epoch [40/100] - [TRAIN] Loss: 0.5814, Accuracy: 68.30%, AUC: 0.68 - [VAL] Loss: 0.5804, Accuracy: 68.97%, AUC: 0.69
Epoch [50/100] - [TRAIN] Loss: 0.5789, Accuracy: 68.88%, AUC: 0.69 - [VAL] Loss: 0.5777, Accuracy: 69.08%, AUC: 0.69
Epoch [60/100] - [TRAIN] Loss: 0.5735, Accuracy: 68.79%, AUC: 0.69 - [VAL] Loss: 0.5757, Accuracy: 69.09%, AUC: 0.69
Epoch [70/100] - [TRAIN] Loss: 0.5706, Accuracy: 69.56%, AUC: 0.70 - [VAL] Loss: 0.5737, Accuracy: 69.18%, AUC: 0.69
Epoch [80/100] - [TRAIN] Loss: 0.5691, Accuracy: 69.76%, AUC: 0.70 - [VAL] Loss: 0.5722, Accuracy: 69.21%, AUC: 0.69
Epoch [90/100] - [TRAIN] Loss: 0.5649, Accuracy: 69.97%, AUC: 0.70 - [VAL] Loss: 0.5706, Accuracy: 69.24%, AUC: 0.69
Epoch [100/100] - [TRAIN] Loss: 0.5637, Accuracy: 69.53%, AUC: 0.70 - [VAL] Loss: 0.5695, Accuracy: 69.32%, AUC: 0.69
Training finished!
Accuracy Score on test set: 70.12 %
AUC Score on test set: 0.70

Item: H3K27me3-H3K9me3-H3K36me3
Epoch [10/100] - [TRAIN] Loss: 0.6000, Accuracy: 67.47%, AUC: 0.67 - [VAL] Loss: 0.5973, Accuracy: 67.44%, AUC: 0.67
Epoch [20/100] - [TRAIN] Loss: 0.5888, Accuracy: 68.36%, AUC: 0.68 - [VAL] Loss: 0.5903, Accuracy: 68.08%, AUC: 0.68
Epoch [30/100] - [TRAIN] Loss: 0.5855, Accuracy: 69.43%, AUC: 0.69 - [VAL] Loss: 0.5872, Accuracy: 68.68%, AUC: 0.69
Epoch [40/100] - [TRAIN] Loss: 0.5823, Accuracy: 68.36%, AUC: 0.68 - [VAL] Loss: 0.5849, Accuracy: 68.95%, AUC: 0.69
Epoch [50/100] - [TRAIN] Loss: 0.5792, Accuracy: 69.94%, AUC: 0.70 - [VAL] Loss: 0.5826, Accuracy: 68.95%, AUC: 0.69
Epoch [60/100] - [TRAIN] Loss: 0.5779, Accuracy: 69.38%, AUC: 0.69 - [VAL] Loss: 0.5805, Accuracy: 68.97%, AUC: 0.69
Epoch [70/100] - [TRAIN] Loss: 0.5775, Accuracy: 68.91%, AUC: 0.69 - [VAL] Loss: 0.5789, Accuracy: 69.08%, AUC: 0.69
Epoch [80/100] - [TRAIN] Loss: 0.5727, Accuracy: 69.79%, AUC: 0.70 - [VAL] Loss: 0.5766, Accuracy: 69.15%, AUC: 0.69
Epoch [90/100] - [TRAIN] Loss: 0.5700, Accuracy: 69.17%, AUC: 0.69 - [VAL] Loss: 0.5751, Accuracy: 69.23%, AUC: 0.69
Epoch [100/100] - [TRAIN] Loss: 0.5691, Accuracy: 69.06%, AUC: 0.69 - [VAL] Loss: 0.5734, Accuracy: 69.35%, AUC: 0.69
Training finished!
Accuracy Score on test set: 70.12 %
AUC Score on test set: 0.70

Item: H3K4me3-H3K4me1-H3K36me3-H3K9me3
Epoch [10/100] - [TRAIN] Loss: 0.5120, Accuracy: 79.18%, AUC: 0.79 - [VAL] Loss: 0.5316, Accuracy: 78.57%, AUC: 0.79
Epoch [20/100] - [TRAIN] Loss: 0.4875, Accuracy: 79.58%, AUC: 0.80 - [VAL] Loss: 0.5266, Accuracy: 78.40%, AUC: 0.78
Epoch [30/100] - [TRAIN] Loss: 0.4711, Accuracy: 80.17%, AUC: 0.80 - [VAL] Loss: 0.5017, Accuracy: 78.63%, AUC: 0.79
Epoch [40/100] - [TRAIN] Loss: 0.4644, Accuracy: 80.19%, AUC: 0.80 - [VAL] Loss: 0.4949, Accuracy: 78.86%, AUC: 0.79
Epoch [50/100] - [TRAIN] Loss: 0.4584, Accuracy: 80.61%, AUC: 0.81 - [VAL] Loss: 0.4885, Accuracy: 78.78%, AUC: 0.79
Epoch [60/100] - [TRAIN] Loss: 0.4538, Accuracy: 80.54%, AUC: 0.81 - [VAL] Loss: 0.4850, Accuracy: 78.87%, AUC: 0.79
Epoch [70/100] - [TRAIN] Loss: 0.4532, Accuracy: 80.75%, AUC: 0.81 - [VAL] Loss: 0.4807, Accuracy: 78.98%, AUC: 0.79
Epoch [80/100] - [TRAIN] Loss: 0.4524, Accuracy: 80.57%, AUC: 0.81 - [VAL] Loss: 0.4790, Accuracy: 79.29%, AUC: 0.79
Epoch [90/100] - [TRAIN] Loss: 0.4446, Accuracy: 80.80%, AUC: 0.81 - [VAL] Loss: 0.4815, Accuracy: 79.07%, AUC: 0.79
Epoch [100/100] - [TRAIN] Loss: 0.4458, Accuracy: 80.96%, AUC: 0.81 - [VAL] Loss: 0.4780, Accuracy: 79.27%, AUC: 0.79
Training finished!
Accuracy Score on test set: 80.72 %
AUC Score on test set: 0.81

Item: H3K4me3-H3K4me1-H3K9me3-H3K36me3
Epoch [10/100] - [TRAIN] Loss: 0.5245, Accuracy: 79.18%, AUC: 0.79 - [VAL] Loss: 0.5382, Accuracy: 78.45%, AUC: 0.78
Epoch [20/100] - [TRAIN] Loss: 0.4887, Accuracy: 79.93%, AUC: 0.80 - [VAL] Loss: 0.5330, Accuracy: 78.54%, AUC: 0.79
Epoch [30/100] - [TRAIN] Loss: 0.4745, Accuracy: 80.48%, AUC: 0.80 - [VAL] Loss: 0.5030, Accuracy: 78.78%, AUC: 0.79
Epoch [40/100] - [TRAIN] Loss: 0.4697, Accuracy: 80.08%, AUC: 0.80 - [VAL] Loss: 0.4877, Accuracy: 78.23%, AUC: 0.78
Epoch [50/100] - [TRAIN] Loss: 0.4609, Accuracy: 79.91%, AUC: 0.80 - [VAL] Loss: 0.4923, Accuracy: 78.86%, AUC: 0.79
Epoch [60/100] - [TRAIN] Loss: 0.4550, Accuracy: 80.26%, AUC: 0.80 - [VAL] Loss: 0.4866, Accuracy: 78.74%, AUC: 0.79
Epoch [70/100] - [TRAIN] Loss: 0.4564, Accuracy: 80.67%, AUC: 0.81 - [VAL] Loss: 0.4824, Accuracy: 78.25%, AUC: 0.78
Epoch [80/100] - [TRAIN] Loss: 0.4558, Accuracy: 80.54%, AUC: 0.81 - [VAL] Loss: 0.4819, Accuracy: 78.77%, AUC: 0.79
Epoch [90/100] - [TRAIN] Loss: 0.4469, Accuracy: 80.99%, AUC: 0.81 - [VAL] Loss: 0.4825, Accuracy: 78.89%, AUC: 0.79
Epoch [100/100] - [TRAIN] Loss: 0.4429, Accuracy: 81.10%, AUC: 0.81 - [VAL] Loss: 0.4819, Accuracy: 78.86%, AUC: 0.79
Training finished!
Accuracy Score on test set: 80.39 %
AUC Score on test set: 0.80

Item: H3K4me3-H3K36me3-H3K4me1-H3K9me3
Epoch [10/100] - [TRAIN] Loss: 0.5197, Accuracy: 78.95%, AUC: 0.79 - [VAL] Loss: 0.5457, Accuracy: 78.23%, AUC: 0.78
Epoch [20/100] - [TRAIN] Loss: 0.4817, Accuracy: 80.06%, AUC: 0.80 - [VAL] Loss: 0.5213, Accuracy: 78.48%, AUC: 0.78
Epoch [30/100] - [TRAIN] Loss: 0.4735, Accuracy: 80.03%, AUC: 0.80 - [VAL] Loss: 0.5085, Accuracy: 78.57%, AUC: 0.79
Epoch [40/100] - [TRAIN] Loss: 0.4640, Accuracy: 80.31%, AUC: 0.80 - [VAL] Loss: 0.4928, Accuracy: 78.66%, AUC: 0.79
Epoch [50/100] - [TRAIN] Loss: 0.4593, Accuracy: 80.34%, AUC: 0.80 - [VAL] Loss: 0.4874, Accuracy: 78.72%, AUC: 0.79
Epoch [60/100] - [TRAIN] Loss: 0.4628, Accuracy: 80.51%, AUC: 0.81 - [VAL] Loss: 0.4859, Accuracy: 78.74%, AUC: 0.79
Epoch [70/100] - [TRAIN] Loss: 0.4584, Accuracy: 80.81%, AUC: 0.81 - [VAL] Loss: 0.4907, Accuracy: 78.63%, AUC: 0.79
Epoch [80/100] - [TRAIN] Loss: 0.4487, Accuracy: 80.95%, AUC: 0.81 - [VAL] Loss: 0.4886, Accuracy: 78.60%, AUC: 0.79
Epoch [90/100] - [TRAIN] Loss: 0.4455, Accuracy: 81.13%, AUC: 0.81 - [VAL] Loss: 0.4832, Accuracy: 78.98%, AUC: 0.79
Epoch [100/100] - [TRAIN] Loss: 0.4460, Accuracy: 80.89%, AUC: 0.81 - [VAL] Loss: 0.4773, Accuracy: 79.01%, AUC: 0.79
Training finished!
Accuracy Score on test set: 80.45 %
AUC Score on test set: 0.80

Item: H3K4me3-H3K36me3-H3K9me3-H3K4me1
Epoch [10/100] - [TRAIN] Loss: 0.5186, Accuracy: 79.59%, AUC: 0.80 - [VAL] Loss: 0.5329, Accuracy: 78.60%, AUC: 0.79
Epoch [20/100] - [TRAIN] Loss: 0.4882, Accuracy: 79.56%, AUC: 0.80 - [VAL] Loss: 0.5155, Accuracy: 78.71%, AUC: 0.79
Epoch [30/100] - [TRAIN] Loss: 0.4737, Accuracy: 80.34%, AUC: 0.80 - [VAL] Loss: 0.5150, Accuracy: 78.37%, AUC: 0.78
Epoch [40/100] - [TRAIN] Loss: 0.4675, Accuracy: 80.86%, AUC: 0.81 - [VAL] Loss: 0.5092, Accuracy: 78.45%, AUC: 0.78
Epoch [50/100] - [TRAIN] Loss: 0.4626, Accuracy: 80.34%, AUC: 0.80 - [VAL] Loss: 0.4853, Accuracy: 78.78%, AUC: 0.79
Epoch [60/100] - [TRAIN] Loss: 0.4562, Accuracy: 80.84%, AUC: 0.81 - [VAL] Loss: 0.4850, Accuracy: 79.00%, AUC: 0.79
Epoch [70/100] - [TRAIN] Loss: 0.4508, Accuracy: 80.40%, AUC: 0.80 - [VAL] Loss: 0.4978, Accuracy: 78.62%, AUC: 0.79
Epoch [80/100] - [TRAIN] Loss: 0.4603, Accuracy: 80.51%, AUC: 0.81 - [VAL] Loss: 0.4802, Accuracy: 79.07%, AUC: 0.79
Epoch [90/100] - [TRAIN] Loss: 0.4457, Accuracy: 80.96%, AUC: 0.81 - [VAL] Loss: 0.4799, Accuracy: 79.00%, AUC: 0.79
Epoch [100/100] - [TRAIN] Loss: 0.4434, Accuracy: 81.07%, AUC: 0.81 - [VAL] Loss: 0.4810, Accuracy: 79.04%, AUC: 0.79
Training finished!
Accuracy Score on test set: 80.45 %
AUC Score on test set: 0.80

Item: H3K4me3-H3K9me3-H3K4me1-H3K36me3
Epoch [10/100] - [TRAIN] Loss: 0.5155, Accuracy: 79.27%, AUC: 0.79 - [VAL] Loss: 0.5263, Accuracy: 78.60%, AUC: 0.79
Epoch [20/100] - [TRAIN] Loss: 0.4820, Accuracy: 79.44%, AUC: 0.79 - [VAL] Loss: 0.5199, Accuracy: 78.54%, AUC: 0.79
Epoch [30/100] - [TRAIN] Loss: 0.4662, Accuracy: 79.97%, AUC: 0.80 - [VAL] Loss: 0.4998, Accuracy: 78.72%, AUC: 0.79
Epoch [40/100] - [TRAIN] Loss: 0.4651, Accuracy: 80.16%, AUC: 0.80 - [VAL] Loss: 0.5020, Accuracy: 78.49%, AUC: 0.78
Epoch [50/100] - [TRAIN] Loss: 0.4621, Accuracy: 80.58%, AUC: 0.81 - [VAL] Loss: 0.4805, Accuracy: 78.83%, AUC: 0.79
Epoch [60/100] - [TRAIN] Loss: 0.4516, Accuracy: 80.73%, AUC: 0.81 - [VAL] Loss: 0.4850, Accuracy: 78.78%, AUC: 0.79
Epoch [70/100] - [TRAIN] Loss: 0.4443, Accuracy: 80.99%, AUC: 0.81 - [VAL] Loss: 0.4778, Accuracy: 78.83%, AUC: 0.79
Epoch [80/100] - [TRAIN] Loss: 0.4462, Accuracy: 80.84%, AUC: 0.81 - [VAL] Loss: 0.4737, Accuracy: 79.29%, AUC: 0.79
Epoch [90/100] - [TRAIN] Loss: 0.4479, Accuracy: 80.86%, AUC: 0.81 - [VAL] Loss: 0.4802, Accuracy: 78.83%, AUC: 0.79
Epoch [100/100] - [TRAIN] Loss: 0.4450, Accuracy: 81.25%, AUC: 0.81 - [VAL] Loss: 0.4741, Accuracy: 79.18%, AUC: 0.79
Training finished!
Accuracy Score on test set: 80.30 %
AUC Score on test set: 0.80

Item: H3K4me3-H3K9me3-H3K36me3-H3K4me1
Epoch [10/100] - [TRAIN] Loss: 0.5145, Accuracy: 79.35%, AUC: 0.79 - [VAL] Loss: 0.5341, Accuracy: 78.48%, AUC: 0.78
Epoch [20/100] - [TRAIN] Loss: 0.4877, Accuracy: 79.82%, AUC: 0.80 - [VAL] Loss: 0.5210, Accuracy: 78.62%, AUC: 0.79
Epoch [30/100] - [TRAIN] Loss: 0.4762, Accuracy: 79.96%, AUC: 0.80 - [VAL] Loss: 0.5190, Accuracy: 78.48%, AUC: 0.78
Epoch [40/100] - [TRAIN] Loss: 0.4660, Accuracy: 80.22%, AUC: 0.80 - [VAL] Loss: 0.4946, Accuracy: 78.92%, AUC: 0.79
Epoch [50/100] - [TRAIN] Loss: 0.4604, Accuracy: 80.57%, AUC: 0.81 - [VAL] Loss: 0.4913, Accuracy: 78.86%, AUC: 0.79
Epoch [60/100] - [TRAIN] Loss: 0.4606, Accuracy: 80.20%, AUC: 0.80 - [VAL] Loss: 0.4839, Accuracy: 78.51%, AUC: 0.79
Epoch [70/100] - [TRAIN] Loss: 0.4538, Accuracy: 80.66%, AUC: 0.81 - [VAL] Loss: 0.4813, Accuracy: 78.89%, AUC: 0.79
Epoch [80/100] - [TRAIN] Loss: 0.4535, Accuracy: 80.70%, AUC: 0.81 - [VAL] Loss: 0.4807, Accuracy: 78.80%, AUC: 0.79
Epoch [90/100] - [TRAIN] Loss: 0.4494, Accuracy: 81.33%, AUC: 0.81 - [VAL] Loss: 0.4905, Accuracy: 78.86%, AUC: 0.79
Epoch [100/100] - [TRAIN] Loss: 0.4539, Accuracy: 81.13%, AUC: 0.81 - [VAL] Loss: 0.4783, Accuracy: 79.00%, AUC: 0.79
Training finished!
Accuracy Score on test set: 80.48 %
AUC Score on test set: 0.80

Item: H3K4me1-H3K4me3-H3K36me3-H3K9me3
Epoch [10/100] - [TRAIN] Loss: 0.5195, Accuracy: 79.12%, AUC: 0.79 - [VAL] Loss: 0.5214, Accuracy: 78.74%, AUC: 0.79
Epoch [20/100] - [TRAIN] Loss: 0.4871, Accuracy: 79.59%, AUC: 0.80 - [VAL] Loss: 0.5139, Accuracy: 78.60%, AUC: 0.79
Epoch [30/100] - [TRAIN] Loss: 0.4690, Accuracy: 80.63%, AUC: 0.81 - [VAL] Loss: 0.5012, Accuracy: 78.80%, AUC: 0.79
Epoch [40/100] - [TRAIN] Loss: 0.4633, Accuracy: 80.26%, AUC: 0.80 - [VAL] Loss: 0.4942, Accuracy: 78.77%, AUC: 0.79
Epoch [50/100] - [TRAIN] Loss: 0.4681, Accuracy: 80.48%, AUC: 0.80 - [VAL] Loss: 0.5211, Accuracy: 74.79%, AUC: 0.75
Epoch [60/100] - [TRAIN] Loss: 0.4541, Accuracy: 80.57%, AUC: 0.81 - [VAL] Loss: 0.4782, Accuracy: 79.26%, AUC: 0.79
Epoch [70/100] - [TRAIN] Loss: 0.4522, Accuracy: 80.95%, AUC: 0.81 - [VAL] Loss: 0.4815, Accuracy: 78.80%, AUC: 0.79
Epoch [80/100] - [TRAIN] Loss: 0.4460, Accuracy: 80.87%, AUC: 0.81 - [VAL] Loss: 0.4782, Accuracy: 79.00%, AUC: 0.79
Epoch [90/100] - [TRAIN] Loss: 0.4455, Accuracy: 80.81%, AUC: 0.81 - [VAL] Loss: 0.4813, Accuracy: 78.55%, AUC: 0.79
Epoch [100/100] - [TRAIN] Loss: 0.4401, Accuracy: 81.16%, AUC: 0.81 - [VAL] Loss: 0.4793, Accuracy: 79.03%, AUC: 0.79
Training finished!
Accuracy Score on test set: 80.69 %
AUC Score on test set: 0.81

Item: H3K4me1-H3K4me3-H3K9me3-H3K36me3
Epoch [10/100] - [TRAIN] Loss: 0.5245, Accuracy: 79.35%, AUC: 0.79 - [VAL] Loss: 0.5380, Accuracy: 78.02%, AUC: 0.78
Epoch [20/100] - [TRAIN] Loss: 0.4912, Accuracy: 79.50%, AUC: 0.80 - [VAL] Loss: 0.5043, Accuracy: 78.89%, AUC: 0.79
Epoch [30/100] - [TRAIN] Loss: 0.4771, Accuracy: 79.96%, AUC: 0.80 - [VAL] Loss: 0.4920, Accuracy: 78.95%, AUC: 0.79
Epoch [40/100] - [TRAIN] Loss: 0.4674, Accuracy: 80.17%, AUC: 0.80 - [VAL] Loss: 0.5017, Accuracy: 78.55%, AUC: 0.79
Epoch [50/100] - [TRAIN] Loss: 0.4580, Accuracy: 80.14%, AUC: 0.80 - [VAL] Loss: 0.4847, Accuracy: 78.66%, AUC: 0.79
Epoch [60/100] - [TRAIN] Loss: 0.4555, Accuracy: 80.46%, AUC: 0.80 - [VAL] Loss: 0.4895, Accuracy: 78.83%, AUC: 0.79
Epoch [70/100] - [TRAIN] Loss: 0.4528, Accuracy: 80.57%, AUC: 0.81 - [VAL] Loss: 0.4828, Accuracy: 78.94%, AUC: 0.79
Epoch [80/100] - [TRAIN] Loss: 0.4549, Accuracy: 80.60%, AUC: 0.81 - [VAL] Loss: 0.4885, Accuracy: 77.87%, AUC: 0.78
Epoch [90/100] - [TRAIN] Loss: 0.4527, Accuracy: 80.99%, AUC: 0.81 - [VAL] Loss: 0.4905, Accuracy: 78.74%, AUC: 0.79
Epoch [100/100] - [TRAIN] Loss: 0.4481, Accuracy: 80.78%, AUC: 0.81 - [VAL] Loss: 0.4803, Accuracy: 79.00%, AUC: 0.79
Training finished!
Accuracy Score on test set: 80.48 %
AUC Score on test set: 0.80

Item: H3K4me1-H3K36me3-H3K4me3-H3K9me3
Epoch [10/100] - [TRAIN] Loss: 0.5292, Accuracy: 79.09%, AUC: 0.79 - [VAL] Loss: 0.5271, Accuracy: 78.39%, AUC: 0.78
Epoch [20/100] - [TRAIN] Loss: 0.4961, Accuracy: 79.39%, AUC: 0.79 - [VAL] Loss: 0.5123, Accuracy: 78.57%, AUC: 0.79
Epoch [30/100] - [TRAIN] Loss: 0.4773, Accuracy: 79.59%, AUC: 0.80 - [VAL] Loss: 0.5106, Accuracy: 78.71%, AUC: 0.79
Epoch [40/100] - [TRAIN] Loss: 0.4669, Accuracy: 80.08%, AUC: 0.80 - [VAL] Loss: 0.4975, Accuracy: 78.75%, AUC: 0.79
Epoch [50/100] - [TRAIN] Loss: 0.4640, Accuracy: 80.45%, AUC: 0.80 - [VAL] Loss: 0.4888, Accuracy: 78.89%, AUC: 0.79
Epoch [60/100] - [TRAIN] Loss: 0.4601, Accuracy: 80.35%, AUC: 0.80 - [VAL] Loss: 0.4868, Accuracy: 78.92%, AUC: 0.79
Epoch [70/100] - [TRAIN] Loss: 0.4567, Accuracy: 80.19%, AUC: 0.80 - [VAL] Loss: 0.4827, Accuracy: 79.10%, AUC: 0.79
Epoch [80/100] - [TRAIN] Loss: 0.4544, Accuracy: 80.57%, AUC: 0.81 - [VAL] Loss: 0.4817, Accuracy: 79.17%, AUC: 0.79
Epoch [90/100] - [TRAIN] Loss: 0.4481, Accuracy: 80.80%, AUC: 0.81 - [VAL] Loss: 0.4816, Accuracy: 79.18%, AUC: 0.79
Epoch [100/100] - [TRAIN] Loss: 0.4468, Accuracy: 81.04%, AUC: 0.81 - [VAL] Loss: 0.4779, Accuracy: 79.13%, AUC: 0.79
Training finished!
Accuracy Score on test set: 80.42 %
AUC Score on test set: 0.80

Item: H3K4me1-H3K36me3-H3K9me3-H3K4me3
Epoch [10/100] - [TRAIN] Loss: 0.5202, Accuracy: 79.27%, AUC: 0.79 - [VAL] Loss: 0.5503, Accuracy: 77.90%, AUC: 0.78
Epoch [20/100] - [TRAIN] Loss: 0.4839, Accuracy: 80.03%, AUC: 0.80 - [VAL] Loss: 0.5143, Accuracy: 78.71%, AUC: 0.79
Epoch [30/100] - [TRAIN] Loss: 0.4703, Accuracy: 80.12%, AUC: 0.80 - [VAL] Loss: 0.5100, Accuracy: 78.71%, AUC: 0.79
Epoch [40/100] - [TRAIN] Loss: 0.4646, Accuracy: 80.37%, AUC: 0.80 - [VAL] Loss: 0.4907, Accuracy: 78.65%, AUC: 0.79
Epoch [50/100] - [TRAIN] Loss: 0.4616, Accuracy: 80.63%, AUC: 0.81 - [VAL] Loss: 0.4889, Accuracy: 78.57%, AUC: 0.79
Epoch [60/100] - [TRAIN] Loss: 0.4538, Accuracy: 80.61%, AUC: 0.81 - [VAL] Loss: 0.4910, Accuracy: 78.58%, AUC: 0.79
Epoch [70/100] - [TRAIN] Loss: 0.4501, Accuracy: 80.84%, AUC: 0.81 - [VAL] Loss: 0.4841, Accuracy: 78.68%, AUC: 0.79
Epoch [80/100] - [TRAIN] Loss: 0.4515, Accuracy: 80.54%, AUC: 0.81 - [VAL] Loss: 0.4768, Accuracy: 78.83%, AUC: 0.79
Epoch [90/100] - [TRAIN] Loss: 0.4524, Accuracy: 80.72%, AUC: 0.81 - [VAL] Loss: 0.4894, Accuracy: 78.48%, AUC: 0.78
Epoch [100/100] - [TRAIN] Loss: 0.4451, Accuracy: 81.25%, AUC: 0.81 - [VAL] Loss: 0.4815, Accuracy: 78.72%, AUC: 0.79
Training finished!
Accuracy Score on test set: 80.30 %
AUC Score on test set: 0.80

Item: H3K4me1-H3K9me3-H3K4me3-H3K36me3
Epoch [10/100] - [TRAIN] Loss: 0.5217, Accuracy: 79.52%, AUC: 0.80 - [VAL] Loss: 0.5498, Accuracy: 78.08%, AUC: 0.78
Epoch [20/100] - [TRAIN] Loss: 0.4896, Accuracy: 79.50%, AUC: 0.80 - [VAL] Loss: 0.5173, Accuracy: 78.77%, AUC: 0.79
Epoch [30/100] - [TRAIN] Loss: 0.4763, Accuracy: 79.90%, AUC: 0.80 - [VAL] Loss: 0.5038, Accuracy: 78.87%, AUC: 0.79
Epoch [40/100] - [TRAIN] Loss: 0.4677, Accuracy: 80.31%, AUC: 0.80 - [VAL] Loss: 0.4983, Accuracy: 78.83%, AUC: 0.79
Epoch [50/100] - [TRAIN] Loss: 0.4659, Accuracy: 80.20%, AUC: 0.80 - [VAL] Loss: 0.4907, Accuracy: 78.72%, AUC: 0.79
Epoch [60/100] - [TRAIN] Loss: 0.4724, Accuracy: 80.58%, AUC: 0.81 - [VAL] Loss: 0.5098, Accuracy: 75.89%, AUC: 0.76
Epoch [70/100] - [TRAIN] Loss: 0.4552, Accuracy: 80.67%, AUC: 0.81 - [VAL] Loss: 0.4843, Accuracy: 79.06%, AUC: 0.79
Epoch [80/100] - [TRAIN] Loss: 0.4508, Accuracy: 80.84%, AUC: 0.81 - [VAL] Loss: 0.4830, Accuracy: 79.17%, AUC: 0.79
Epoch [90/100] - [TRAIN] Loss: 0.4516, Accuracy: 80.99%, AUC: 0.81 - [VAL] Loss: 0.4847, Accuracy: 79.01%, AUC: 0.79
Epoch [100/100] - [TRAIN] Loss: 0.4450, Accuracy: 80.84%, AUC: 0.81 - [VAL] Loss: 0.4890, Accuracy: 78.97%, AUC: 0.79
Training finished!
Accuracy Score on test set: 80.36 %
AUC Score on test set: 0.80

Item: H3K4me1-H3K9me3-H3K36me3-H3K4me3
Epoch [10/100] - [TRAIN] Loss: 0.5202, Accuracy: 79.64%, AUC: 0.80 - [VAL] Loss: 0.5398, Accuracy: 78.20%, AUC: 0.78
Epoch [20/100] - [TRAIN] Loss: 0.4918, Accuracy: 79.61%, AUC: 0.80 - [VAL] Loss: 0.5303, Accuracy: 78.40%, AUC: 0.78
Epoch [30/100] - [TRAIN] Loss: 0.4781, Accuracy: 79.67%, AUC: 0.80 - [VAL] Loss: 0.5270, Accuracy: 78.39%, AUC: 0.78
Epoch [40/100] - [TRAIN] Loss: 0.4688, Accuracy: 80.20%, AUC: 0.80 - [VAL] Loss: 0.5010, Accuracy: 78.95%, AUC: 0.79
Epoch [50/100] - [TRAIN] Loss: 0.4632, Accuracy: 80.46%, AUC: 0.80 - [VAL] Loss: 0.4923, Accuracy: 79.12%, AUC: 0.79
Epoch [60/100] - [TRAIN] Loss: 0.4613, Accuracy: 80.46%, AUC: 0.80 - [VAL] Loss: 0.4925, Accuracy: 78.98%, AUC: 0.79
Epoch [70/100] - [TRAIN] Loss: 0.4502, Accuracy: 80.77%, AUC: 0.81 - [VAL] Loss: 0.4879, Accuracy: 79.06%, AUC: 0.79
Epoch [80/100] - [TRAIN] Loss: 0.4622, Accuracy: 80.60%, AUC: 0.81 - [VAL] Loss: 0.4925, Accuracy: 78.81%, AUC: 0.79
Epoch [90/100] - [TRAIN] Loss: 0.4487, Accuracy: 80.60%, AUC: 0.81 - [VAL] Loss: 0.4778, Accuracy: 79.01%, AUC: 0.79
Epoch [100/100] - [TRAIN] Loss: 0.4439, Accuracy: 81.12%, AUC: 0.81 - [VAL] Loss: 0.4836, Accuracy: 79.13%, AUC: 0.79
Training finished!
Accuracy Score on test set: 80.48 %
AUC Score on test set: 0.80

Item: H3K36me3-H3K4me3-H3K4me1-H3K9me3
Epoch [10/100] - [TRAIN] Loss: 0.5219, Accuracy: 79.44%, AUC: 0.79 - [VAL] Loss: 0.5321, Accuracy: 78.42%, AUC: 0.78
Epoch [20/100] - [TRAIN] Loss: 0.4914, Accuracy: 79.41%, AUC: 0.79 - [VAL] Loss: 0.5088, Accuracy: 78.75%, AUC: 0.79
Epoch [30/100] - [TRAIN] Loss: 0.4726, Accuracy: 79.91%, AUC: 0.80 - [VAL] Loss: 0.5089, Accuracy: 78.52%, AUC: 0.79
Epoch [40/100] - [TRAIN] Loss: 0.4677, Accuracy: 79.94%, AUC: 0.80 - [VAL] Loss: 0.4946, Accuracy: 79.04%, AUC: 0.79
Epoch [50/100] - [TRAIN] Loss: 0.4609, Accuracy: 80.55%, AUC: 0.81 - [VAL] Loss: 0.4925, Accuracy: 78.87%, AUC: 0.79
Epoch [60/100] - [TRAIN] Loss: 0.4550, Accuracy: 80.46%, AUC: 0.80 - [VAL] Loss: 0.4836, Accuracy: 79.03%, AUC: 0.79
Epoch [70/100] - [TRAIN] Loss: 0.4527, Accuracy: 80.46%, AUC: 0.80 - [VAL] Loss: 0.4811, Accuracy: 79.15%, AUC: 0.79
Epoch [80/100] - [TRAIN] Loss: 0.4526, Accuracy: 80.81%, AUC: 0.81 - [VAL] Loss: 0.4801, Accuracy: 79.09%, AUC: 0.79
Epoch [90/100] - [TRAIN] Loss: 0.4578, Accuracy: 80.61%, AUC: 0.81 - [VAL] Loss: 0.4826, Accuracy: 78.58%, AUC: 0.79
Epoch [100/100] - [TRAIN] Loss: 0.4508, Accuracy: 81.36%, AUC: 0.81 - [VAL] Loss: 0.4890, Accuracy: 77.93%, AUC: 0.78
Training finished!
Accuracy Score on test set: 80.54 %
AUC Score on test set: 0.81

Item: H3K36me3-H3K4me3-H3K9me3-H3K4me1
Epoch [10/100] - [TRAIN] Loss: 0.5308, Accuracy: 78.95%, AUC: 0.79 - [VAL] Loss: 0.5303, Accuracy: 78.66%, AUC: 0.79
Epoch [20/100] - [TRAIN] Loss: 0.4919, Accuracy: 79.65%, AUC: 0.80 - [VAL] Loss: 0.5107, Accuracy: 78.37%, AUC: 0.78
Epoch [30/100] - [TRAIN] Loss: 0.4784, Accuracy: 79.65%, AUC: 0.80 - [VAL] Loss: 0.5079, Accuracy: 78.29%, AUC: 0.78
Epoch [40/100] - [TRAIN] Loss: 0.4653, Accuracy: 80.61%, AUC: 0.81 - [VAL] Loss: 0.4888, Accuracy: 78.66%, AUC: 0.79
Epoch [50/100] - [TRAIN] Loss: 0.4643, Accuracy: 79.82%, AUC: 0.80 - [VAL] Loss: 0.4858, Accuracy: 78.71%, AUC: 0.79
Epoch [60/100] - [TRAIN] Loss: 0.4597, Accuracy: 80.37%, AUC: 0.80 - [VAL] Loss: 0.4828, Accuracy: 78.80%, AUC: 0.79
Epoch [70/100] - [TRAIN] Loss: 0.4550, Accuracy: 80.63%, AUC: 0.81 - [VAL] Loss: 0.4802, Accuracy: 78.74%, AUC: 0.79
Epoch [80/100] - [TRAIN] Loss: 0.4501, Accuracy: 80.72%, AUC: 0.81 - [VAL] Loss: 0.4856, Accuracy: 78.63%, AUC: 0.79
Epoch [90/100] - [TRAIN] Loss: 0.4489, Accuracy: 80.60%, AUC: 0.81 - [VAL] Loss: 0.4795, Accuracy: 78.83%, AUC: 0.79
Epoch [100/100] - [TRAIN] Loss: 0.4467, Accuracy: 80.48%, AUC: 0.80 - [VAL] Loss: 0.4768, Accuracy: 78.87%, AUC: 0.79
Training finished!
Accuracy Score on test set: 80.31 %
AUC Score on test set: 0.80

Item: H3K36me3-H3K4me1-H3K4me3-H3K9me3
Epoch [10/100] - [TRAIN] Loss: 0.5202, Accuracy: 79.13%, AUC: 0.79 - [VAL] Loss: 0.5507, Accuracy: 78.13%, AUC: 0.78
Epoch [20/100] - [TRAIN] Loss: 0.4916, Accuracy: 79.64%, AUC: 0.80 - [VAL] Loss: 0.5067, Accuracy: 78.68%, AUC: 0.79
Epoch [30/100] - [TRAIN] Loss: 0.4767, Accuracy: 80.00%, AUC: 0.80 - [VAL] Loss: 0.5003, Accuracy: 78.77%, AUC: 0.79
Epoch [40/100] - [TRAIN] Loss: 0.4598, Accuracy: 80.08%, AUC: 0.80 - [VAL] Loss: 0.4906, Accuracy: 78.84%, AUC: 0.79
Epoch [50/100] - [TRAIN] Loss: 0.4602, Accuracy: 80.32%, AUC: 0.80 - [VAL] Loss: 0.4863, Accuracy: 78.92%, AUC: 0.79
Epoch [60/100] - [TRAIN] Loss: 0.4507, Accuracy: 80.54%, AUC: 0.81 - [VAL] Loss: 0.4966, Accuracy: 78.63%, AUC: 0.79
Epoch [70/100] - [TRAIN] Loss: 0.4531, Accuracy: 80.77%, AUC: 0.81 - [VAL] Loss: 0.4819, Accuracy: 79.00%, AUC: 0.79
Epoch [80/100] - [TRAIN] Loss: 0.4490, Accuracy: 80.99%, AUC: 0.81 - [VAL] Loss: 0.4892, Accuracy: 78.75%, AUC: 0.79
Epoch [90/100] - [TRAIN] Loss: 0.4475, Accuracy: 80.83%, AUC: 0.81 - [VAL] Loss: 0.4829, Accuracy: 78.94%, AUC: 0.79
Epoch [100/100] - [TRAIN] Loss: 0.4434, Accuracy: 80.87%, AUC: 0.81 - [VAL] Loss: 0.4782, Accuracy: 79.30%, AUC: 0.79
Training finished!
Accuracy Score on test set: 80.65 %
AUC Score on test set: 0.81

Saving the final results
Batch FINISHED!!!

Real-time duration: 3533.163683644 seconds
