Using cpu device
Loading the data ...
Item: H3K9me3-H3K4me3
Epoch [10/100] - [TRAIN] Loss: 0.5444, Accuracy: 78.74%, AUC: 0.79 - [VAL] Loss: 0.5503, Accuracy: 77.73%, AUC: 0.78
Epoch [20/100] - [TRAIN] Loss: 0.5139, Accuracy: 78.65%, AUC: 0.79 - [VAL] Loss: 0.5251, Accuracy: 78.25%, AUC: 0.78
Epoch [30/100] - [TRAIN] Loss: 0.4986, Accuracy: 79.10%, AUC: 0.79 - [VAL] Loss: 0.5173, Accuracy: 78.17%, AUC: 0.78
Epoch [40/100] - [TRAIN] Loss: 0.4938, Accuracy: 79.18%, AUC: 0.79 - [VAL] Loss: 0.5110, Accuracy: 78.03%, AUC: 0.78
Epoch [50/100] - [TRAIN] Loss: 0.4926, Accuracy: 79.30%, AUC: 0.79 - [VAL] Loss: 0.5083, Accuracy: 78.02%, AUC: 0.78
Epoch [60/100] - [TRAIN] Loss: 0.4891, Accuracy: 79.13%, AUC: 0.79 - [VAL] Loss: 0.5099, Accuracy: 77.24%, AUC: 0.77
Epoch [70/100] - [TRAIN] Loss: 0.4845, Accuracy: 79.33%, AUC: 0.79 - [VAL] Loss: 0.5069, Accuracy: 77.58%, AUC: 0.78
Epoch [80/100] - [TRAIN] Loss: 0.4842, Accuracy: 79.29%, AUC: 0.79 - [VAL] Loss: 0.5075, Accuracy: 77.39%, AUC: 0.77
Epoch [90/100] - [TRAIN] Loss: 0.4825, Accuracy: 79.41%, AUC: 0.79 - [VAL] Loss: 0.5058, Accuracy: 77.70%, AUC: 0.78
Epoch [100/100] - [TRAIN] Loss: 0.4784, Accuracy: 79.67%, AUC: 0.80 - [VAL] Loss: 0.5043, Accuracy: 77.82%, AUC: 0.78
Training finished!
Accuracy Score on test set: 79.23 %
AUC Score on test set: 0.79

Item: H3K4me3-H3K27me3
Epoch [10/100] - [TRAIN] Loss: 0.5213, Accuracy: 78.81%, AUC: 0.79 - [VAL] Loss: 0.5238, Accuracy: 78.28%, AUC: 0.78
Epoch [20/100] - [TRAIN] Loss: 0.4935, Accuracy: 79.00%, AUC: 0.79 - [VAL] Loss: 0.5048, Accuracy: 78.43%, AUC: 0.78
Epoch [30/100] - [TRAIN] Loss: 0.4903, Accuracy: 79.21%, AUC: 0.79 - [VAL] Loss: 0.4955, Accuracy: 78.13%, AUC: 0.78
Epoch [40/100] - [TRAIN] Loss: 0.4840, Accuracy: 79.36%, AUC: 0.79 - [VAL] Loss: 0.4943, Accuracy: 78.10%, AUC: 0.78
Epoch [50/100] - [TRAIN] Loss: 0.4830, Accuracy: 79.74%, AUC: 0.80 - [VAL] Loss: 0.4936, Accuracy: 78.13%, AUC: 0.78
Epoch [60/100] - [TRAIN] Loss: 0.4811, Accuracy: 79.26%, AUC: 0.79 - [VAL] Loss: 0.4951, Accuracy: 77.97%, AUC: 0.78
Epoch [70/100] - [TRAIN] Loss: 0.4835, Accuracy: 79.80%, AUC: 0.80 - [VAL] Loss: 0.4958, Accuracy: 77.87%, AUC: 0.78
Epoch [80/100] - [TRAIN] Loss: 0.4799, Accuracy: 79.74%, AUC: 0.80 - [VAL] Loss: 0.5040, Accuracy: 77.32%, AUC: 0.77
Epoch [90/100] - [TRAIN] Loss: 0.4726, Accuracy: 79.71%, AUC: 0.80 - [VAL] Loss: 0.4986, Accuracy: 77.33%, AUC: 0.77
Epoch [100/100] - [TRAIN] Loss: 0.4724, Accuracy: 79.79%, AUC: 0.80 - [VAL] Loss: 0.4933, Accuracy: 77.96%, AUC: 0.78
Training finished!
Accuracy Score on test set: 79.47 %
AUC Score on test set: 0.79

Item: H3K27me3-H3K4me3
Epoch [10/100] - [TRAIN] Loss: 0.5180, Accuracy: 78.77%, AUC: 0.79 - [VAL] Loss: 0.5341, Accuracy: 78.16%, AUC: 0.78
Epoch [20/100] - [TRAIN] Loss: 0.4996, Accuracy: 78.84%, AUC: 0.79 - [VAL] Loss: 0.5074, Accuracy: 77.18%, AUC: 0.77
Epoch [30/100] - [TRAIN] Loss: 0.5039, Accuracy: 79.30%, AUC: 0.79 - [VAL] Loss: 0.5778, Accuracy: 66.28%, AUC: 0.66
Epoch [40/100] - [TRAIN] Loss: 0.4837, Accuracy: 79.48%, AUC: 0.79 - [VAL] Loss: 0.4951, Accuracy: 78.16%, AUC: 0.78
Epoch [50/100] - [TRAIN] Loss: 0.4825, Accuracy: 79.52%, AUC: 0.80 - [VAL] Loss: 0.4943, Accuracy: 77.96%, AUC: 0.78
Epoch [60/100] - [TRAIN] Loss: 0.4800, Accuracy: 79.20%, AUC: 0.79 - [VAL] Loss: 0.4977, Accuracy: 77.67%, AUC: 0.78
Epoch [70/100] - [TRAIN] Loss: 0.4782, Accuracy: 79.74%, AUC: 0.80 - [VAL] Loss: 0.4924, Accuracy: 77.97%, AUC: 0.78
Epoch [80/100] - [TRAIN] Loss: 0.4776, Accuracy: 79.48%, AUC: 0.79 - [VAL] Loss: 0.4939, Accuracy: 77.80%, AUC: 0.78
Epoch [90/100] - [TRAIN] Loss: 0.4765, Accuracy: 79.68%, AUC: 0.80 - [VAL] Loss: 0.4923, Accuracy: 78.05%, AUC: 0.78
Epoch [100/100] - [TRAIN] Loss: 0.4774, Accuracy: 79.39%, AUC: 0.79 - [VAL] Loss: 0.4959, Accuracy: 77.59%, AUC: 0.78
Training finished!
Accuracy Score on test set: 79.21 %
AUC Score on test set: 0.79

Item: H3K4me1-H3K36me3
Epoch [10/100] - [TRAIN] Loss: 0.5751, Accuracy: 74.52%, AUC: 0.75 - [VAL] Loss: 0.5808, Accuracy: 73.77%, AUC: 0.74
Epoch [20/100] - [TRAIN] Loss: 0.5461, Accuracy: 75.69%, AUC: 0.76 - [VAL] Loss: 0.5672, Accuracy: 74.81%, AUC: 0.75
Epoch [30/100] - [TRAIN] Loss: 0.5291, Accuracy: 76.16%, AUC: 0.76 - [VAL] Loss: 0.5546, Accuracy: 75.19%, AUC: 0.75
Epoch [40/100] - [TRAIN] Loss: 0.5203, Accuracy: 76.82%, AUC: 0.77 - [VAL] Loss: 0.5458, Accuracy: 75.19%, AUC: 0.75
Epoch [50/100] - [TRAIN] Loss: 0.5116, Accuracy: 77.05%, AUC: 0.77 - [VAL] Loss: 0.5478, Accuracy: 75.30%, AUC: 0.75
Epoch [60/100] - [TRAIN] Loss: 0.5080, Accuracy: 77.21%, AUC: 0.77 - [VAL] Loss: 0.5314, Accuracy: 75.65%, AUC: 0.76
Epoch [70/100] - [TRAIN] Loss: 0.5034, Accuracy: 77.69%, AUC: 0.78 - [VAL] Loss: 0.5348, Accuracy: 75.74%, AUC: 0.76
Epoch [80/100] - [TRAIN] Loss: 0.5051, Accuracy: 77.72%, AUC: 0.78 - [VAL] Loss: 0.5412, Accuracy: 75.60%, AUC: 0.76
Epoch [90/100] - [TRAIN] Loss: 0.5003, Accuracy: 77.63%, AUC: 0.78 - [VAL] Loss: 0.5267, Accuracy: 75.63%, AUC: 0.76
Epoch [100/100] - [TRAIN] Loss: 0.4928, Accuracy: 77.76%, AUC: 0.78 - [VAL] Loss: 0.5355, Accuracy: 75.73%, AUC: 0.76
Training finished!
Accuracy Score on test set: 76.92 %
AUC Score on test set: 0.77

Item: H3K36me3-H3K4me1
Epoch [10/100] - [TRAIN] Loss: 0.5714, Accuracy: 74.64%, AUC: 0.75 - [VAL] Loss: 0.5842, Accuracy: 73.83%, AUC: 0.74
Epoch [20/100] - [TRAIN] Loss: 0.5445, Accuracy: 76.07%, AUC: 0.76 - [VAL] Loss: 0.5619, Accuracy: 74.69%, AUC: 0.75
Epoch [30/100] - [TRAIN] Loss: 0.5273, Accuracy: 76.41%, AUC: 0.76 - [VAL] Loss: 0.5597, Accuracy: 75.10%, AUC: 0.75
Epoch [40/100] - [TRAIN] Loss: 0.5185, Accuracy: 76.59%, AUC: 0.77 - [VAL] Loss: 0.5473, Accuracy: 75.31%, AUC: 0.75
Epoch [50/100] - [TRAIN] Loss: 0.5146, Accuracy: 77.06%, AUC: 0.77 - [VAL] Loss: 0.5508, Accuracy: 75.33%, AUC: 0.75
Epoch [60/100] - [TRAIN] Loss: 0.5073, Accuracy: 76.73%, AUC: 0.77 - [VAL] Loss: 0.5401, Accuracy: 75.45%, AUC: 0.75
Epoch [70/100] - [TRAIN] Loss: 0.5052, Accuracy: 77.26%, AUC: 0.77 - [VAL] Loss: 0.5348, Accuracy: 75.70%, AUC: 0.76
Epoch [80/100] - [TRAIN] Loss: 0.4966, Accuracy: 77.52%, AUC: 0.78 - [VAL] Loss: 0.5334, Accuracy: 75.48%, AUC: 0.75
Epoch [90/100] - [TRAIN] Loss: 0.4976, Accuracy: 77.61%, AUC: 0.78 - [VAL] Loss: 0.5348, Accuracy: 75.53%, AUC: 0.76
Epoch [100/100] - [TRAIN] Loss: 0.4964, Accuracy: 77.79%, AUC: 0.78 - [VAL] Loss: 0.5485, Accuracy: 75.21%, AUC: 0.75
Training finished!
Accuracy Score on test set: 77.19 %
AUC Score on test set: 0.77

Item: H3K4me1-H3K9me3
Epoch [10/100] - [TRAIN] Loss: 0.5741, Accuracy: 74.59%, AUC: 0.75 - [VAL] Loss: 0.5926, Accuracy: 73.78%, AUC: 0.74
Epoch [20/100] - [TRAIN] Loss: 0.5567, Accuracy: 75.32%, AUC: 0.75 - [VAL] Loss: 0.5707, Accuracy: 74.41%, AUC: 0.74
Epoch [30/100] - [TRAIN] Loss: 0.5406, Accuracy: 75.61%, AUC: 0.76 - [VAL] Loss: 0.5648, Accuracy: 74.55%, AUC: 0.75
Epoch [40/100] - [TRAIN] Loss: 0.5374, Accuracy: 76.02%, AUC: 0.76 - [VAL] Loss: 0.5612, Accuracy: 74.58%, AUC: 0.75
Epoch [50/100] - [TRAIN] Loss: 0.5321, Accuracy: 76.13%, AUC: 0.76 - [VAL] Loss: 0.5445, Accuracy: 74.90%, AUC: 0.75
Epoch [60/100] - [TRAIN] Loss: 0.5198, Accuracy: 76.57%, AUC: 0.77 - [VAL] Loss: 0.5488, Accuracy: 74.87%, AUC: 0.75
Epoch [70/100] - [TRAIN] Loss: 0.5166, Accuracy: 76.24%, AUC: 0.76 - [VAL] Loss: 0.5466, Accuracy: 74.76%, AUC: 0.75
Epoch [80/100] - [TRAIN] Loss: 0.5145, Accuracy: 76.59%, AUC: 0.77 - [VAL] Loss: 0.5434, Accuracy: 74.82%, AUC: 0.75
Epoch [90/100] - [TRAIN] Loss: 0.5129, Accuracy: 76.44%, AUC: 0.76 - [VAL] Loss: 0.5442, Accuracy: 74.75%, AUC: 0.75
Epoch [100/100] - [TRAIN] Loss: 0.5133, Accuracy: 77.11%, AUC: 0.77 - [VAL] Loss: 0.5366, Accuracy: 74.95%, AUC: 0.75
Training finished!
Accuracy Score on test set: 76.15 %
AUC Score on test set: 0.76

Item: H3K9me3-H3K4me1
Epoch [10/100] - [TRAIN] Loss: 0.5836, Accuracy: 74.53%, AUC: 0.75 - [VAL] Loss: 0.5924, Accuracy: 73.30%, AUC: 0.73
Epoch [20/100] - [TRAIN] Loss: 0.5568, Accuracy: 74.90%, AUC: 0.75 - [VAL] Loss: 0.5817, Accuracy: 73.97%, AUC: 0.74
Epoch [30/100] - [TRAIN] Loss: 0.5458, Accuracy: 75.32%, AUC: 0.75 - [VAL] Loss: 0.5662, Accuracy: 74.27%, AUC: 0.74
Epoch [40/100] - [TRAIN] Loss: 0.5398, Accuracy: 75.96%, AUC: 0.76 - [VAL] Loss: 0.5577, Accuracy: 74.53%, AUC: 0.75
Epoch [50/100] - [TRAIN] Loss: 0.5270, Accuracy: 76.13%, AUC: 0.76 - [VAL] Loss: 0.5583, Accuracy: 74.47%, AUC: 0.74
Epoch [60/100] - [TRAIN] Loss: 0.5293, Accuracy: 76.12%, AUC: 0.76 - [VAL] Loss: 0.5509, Accuracy: 74.43%, AUC: 0.74
Epoch [70/100] - [TRAIN] Loss: 0.5195, Accuracy: 76.18%, AUC: 0.76 - [VAL] Loss: 0.5421, Accuracy: 75.02%, AUC: 0.75
Epoch [80/100] - [TRAIN] Loss: 0.5191, Accuracy: 76.51%, AUC: 0.77 - [VAL] Loss: 0.5515, Accuracy: 74.08%, AUC: 0.74
Epoch [90/100] - [TRAIN] Loss: 0.5191, Accuracy: 76.70%, AUC: 0.77 - [VAL] Loss: 0.5422, Accuracy: 74.69%, AUC: 0.75
Epoch [100/100] - [TRAIN] Loss: 0.5084, Accuracy: 77.05%, AUC: 0.77 - [VAL] Loss: 0.5421, Accuracy: 74.70%, AUC: 0.75
Training finished!
Accuracy Score on test set: 75.80 %
AUC Score on test set: 0.76

Item: H3K4me1-H3K27me3
Epoch [10/100] - [TRAIN] Loss: 0.5432, Accuracy: 76.79%, AUC: 0.77 - [VAL] Loss: 0.5558, Accuracy: 76.06%, AUC: 0.76
Epoch [20/100] - [TRAIN] Loss: 0.5173, Accuracy: 77.93%, AUC: 0.78 - [VAL] Loss: 0.5438, Accuracy: 76.44%, AUC: 0.76
Epoch [30/100] - [TRAIN] Loss: 0.5083, Accuracy: 77.79%, AUC: 0.78 - [VAL] Loss: 0.5322, Accuracy: 76.52%, AUC: 0.77
Epoch [40/100] - [TRAIN] Loss: 0.5003, Accuracy: 78.05%, AUC: 0.78 - [VAL] Loss: 0.5279, Accuracy: 76.77%, AUC: 0.77
Epoch [50/100] - [TRAIN] Loss: 0.4958, Accuracy: 78.54%, AUC: 0.79 - [VAL] Loss: 0.5211, Accuracy: 76.60%, AUC: 0.77
Epoch [60/100] - [TRAIN] Loss: 0.4935, Accuracy: 78.36%, AUC: 0.78 - [VAL] Loss: 0.5192, Accuracy: 76.69%, AUC: 0.77
Epoch [70/100] - [TRAIN] Loss: 0.4915, Accuracy: 78.81%, AUC: 0.79 - [VAL] Loss: 0.5192, Accuracy: 76.60%, AUC: 0.77
Epoch [80/100] - [TRAIN] Loss: 0.4914, Accuracy: 78.56%, AUC: 0.79 - [VAL] Loss: 0.5156, Accuracy: 76.64%, AUC: 0.77
Epoch [90/100] - [TRAIN] Loss: 0.4866, Accuracy: 78.66%, AUC: 0.79 - [VAL] Loss: 0.5149, Accuracy: 76.67%, AUC: 0.77
Epoch [100/100] - [TRAIN] Loss: 0.4816, Accuracy: 78.97%, AUC: 0.79 - [VAL] Loss: 0.5151, Accuracy: 76.83%, AUC: 0.77
Training finished!
Accuracy Score on test set: 77.73 %
AUC Score on test set: 0.78

Item: H3K27me3-H3K4me1
Epoch [10/100] - [TRAIN] Loss: 0.5499, Accuracy: 76.06%, AUC: 0.76 - [VAL] Loss: 0.5665, Accuracy: 75.27%, AUC: 0.75
Epoch [20/100] - [TRAIN] Loss: 0.5324, Accuracy: 76.79%, AUC: 0.77 - [VAL] Loss: 0.5496, Accuracy: 75.89%, AUC: 0.76
Epoch [30/100] - [TRAIN] Loss: 0.5265, Accuracy: 77.03%, AUC: 0.77 - [VAL] Loss: 0.5449, Accuracy: 76.08%, AUC: 0.76
Epoch [40/100] - [TRAIN] Loss: 0.5148, Accuracy: 77.49%, AUC: 0.77 - [VAL] Loss: 0.5360, Accuracy: 76.20%, AUC: 0.76
Epoch [50/100] - [TRAIN] Loss: 0.5084, Accuracy: 77.95%, AUC: 0.78 - [VAL] Loss: 0.5257, Accuracy: 76.31%, AUC: 0.76
Epoch [60/100] - [TRAIN] Loss: 0.5037, Accuracy: 78.10%, AUC: 0.78 - [VAL] Loss: 0.5218, Accuracy: 76.34%, AUC: 0.76
Epoch [70/100] - [TRAIN] Loss: 0.5047, Accuracy: 77.91%, AUC: 0.78 - [VAL] Loss: 0.5193, Accuracy: 76.54%, AUC: 0.77
Epoch [80/100] - [TRAIN] Loss: 0.4985, Accuracy: 78.39%, AUC: 0.78 - [VAL] Loss: 0.5167, Accuracy: 76.55%, AUC: 0.77
Epoch [90/100] - [TRAIN] Loss: 0.4961, Accuracy: 78.01%, AUC: 0.78 - [VAL] Loss: 0.5158, Accuracy: 76.57%, AUC: 0.77
Epoch [100/100] - [TRAIN] Loss: 0.4883, Accuracy: 78.68%, AUC: 0.79 - [VAL] Loss: 0.5160, Accuracy: 76.54%, AUC: 0.77
Training finished!
Accuracy Score on test set: 77.51 %
AUC Score on test set: 0.78

Item: H3K36me3-H3K9me3
Epoch [10/100] - [TRAIN] Loss: 0.6344, Accuracy: 66.58%, AUC: 0.67 - [VAL] Loss: 0.6344, Accuracy: 66.26%, AUC: 0.66
Epoch [20/100] - [TRAIN] Loss: 0.6263, Accuracy: 67.17%, AUC: 0.67 - [VAL] Loss: 0.6257, Accuracy: 66.55%, AUC: 0.67
Epoch [30/100] - [TRAIN] Loss: 0.6184, Accuracy: 67.38%, AUC: 0.67 - [VAL] Loss: 0.6218, Accuracy: 66.77%, AUC: 0.67
Epoch [40/100] - [TRAIN] Loss: 0.6195, Accuracy: 67.54%, AUC: 0.68 - [VAL] Loss: 0.6186, Accuracy: 66.95%, AUC: 0.67
Epoch [50/100] - [TRAIN] Loss: 0.6149, Accuracy: 68.04%, AUC: 0.68 - [VAL] Loss: 0.6158, Accuracy: 67.24%, AUC: 0.67
Epoch [60/100] - [TRAIN] Loss: 0.6099, Accuracy: 68.45%, AUC: 0.68 - [VAL] Loss: 0.6134, Accuracy: 67.46%, AUC: 0.67
Epoch [70/100] - [TRAIN] Loss: 0.6089, Accuracy: 68.40%, AUC: 0.68 - [VAL] Loss: 0.6111, Accuracy: 67.70%, AUC: 0.68
Epoch [80/100] - [TRAIN] Loss: 0.6048, Accuracy: 68.89%, AUC: 0.69 - [VAL] Loss: 0.6092, Accuracy: 67.95%, AUC: 0.68
Epoch [90/100] - [TRAIN] Loss: 0.6017, Accuracy: 68.95%, AUC: 0.69 - [VAL] Loss: 0.6071, Accuracy: 68.11%, AUC: 0.68
Epoch [100/100] - [TRAIN] Loss: 0.6007, Accuracy: 69.15%, AUC: 0.69 - [VAL] Loss: 0.6055, Accuracy: 68.42%, AUC: 0.68
Training finished!
Accuracy Score on test set: 69.55 %
AUC Score on test set: 0.70

Saving the final results
Batch FINISHED!!!

Real-time duration: 1139.828826862 seconds
