Using device: cuda
Current CUDA device: 0
CUDA device name: Tesla V100-PCIE-16GB
000-H3K4me3
Epoch [1/100] - [TRAIN] Loss: 0.6593, Accuracy: 67.13%, AUC: 0.66 [VAL] Loss: 0.6365, Accuracy: 69.28%, Precision: 0.72, Recall: 0.57, F1-Score: 0.64, AUC: 0.69
Epoch [2/100] - [TRAIN] Loss: 0.6399, Accuracy: 68.79%, AUC: 0.68 [VAL] Loss: 0.6304, Accuracy: 68.81%, Precision: 0.71, Recall: 0.56, F1-Score: 0.63, AUC: 0.68
Epoch [3/100] - [TRAIN] Loss: 0.6321, Accuracy: 68.90%, AUC: 0.68 [VAL] Loss: 0.6252, Accuracy: 69.31%, Precision: 0.71, Recall: 0.58, F1-Score: 0.64, AUC: 0.69
Epoch [4/100] - [TRAIN] Loss: 0.6301, Accuracy: 69.02%, AUC: 0.68 [VAL] Loss: 0.6341, Accuracy: 68.53%, Precision: 0.70, Recall: 0.57, F1-Score: 0.63, AUC: 0.68
Epoch [5/100] - [TRAIN] Loss: 0.6240, Accuracy: 69.10%, AUC: 0.69 [VAL] Loss: 0.6275, Accuracy: 68.89%, Precision: 0.70, Recall: 0.57, F1-Score: 0.63, AUC: 0.68
Epoch [6/100] - [TRAIN] Loss: 0.6213, Accuracy: 69.41%, AUC: 0.69 [VAL] Loss: 0.6260, Accuracy: 68.41%, Precision: 0.70, Recall: 0.58, F1-Score: 0.63, AUC: 0.68
Epoch [7/100] - [TRAIN] Loss: 0.6216, Accuracy: 69.15%, AUC: 0.69 [VAL] Loss: 0.6230, Accuracy: 69.33%, Precision: 0.73, Recall: 0.58, F1-Score: 0.64, AUC: 0.69
Epoch [8/100] - [TRAIN] Loss: 0.6182, Accuracy: 69.31%, AUC: 0.69 [VAL] Loss: 0.6276, Accuracy: 68.22%, Precision: 0.71, Recall: 0.56, F1-Score: 0.62, AUC: 0.68
Epoch [9/100] - [TRAIN] Loss: 0.6195, Accuracy: 69.37%, AUC: 0.69 [VAL] Loss: 0.6186, Accuracy: 68.06%, Precision: 0.70, Recall: 0.57, F1-Score: 0.63, AUC: 0.67
Epoch [10/100] - [TRAIN] Loss: 0.6189, Accuracy: 69.31%, AUC: 0.69 [VAL] Loss: 0.6185, Accuracy: 68.42%, Precision: 0.71, Recall: 0.55, F1-Score: 0.62, AUC: 0.68
Epoch [11/100] - [TRAIN] Loss: 0.6156, Accuracy: 69.16%, AUC: 0.69 [VAL] Loss: 0.6094, Accuracy: 69.70%, Precision: 0.72, Recall: 0.58, F1-Score: 0.65, AUC: 0.69
Epoch [12/100] - [TRAIN] Loss: 0.6123, Accuracy: 69.68%, AUC: 0.69 [VAL] Loss: 0.6151, Accuracy: 69.62%, Precision: 0.72, Recall: 0.59, F1-Score: 0.65, AUC: 0.69
Epoch [13/100] - [TRAIN] Loss: 0.6122, Accuracy: 69.35%, AUC: 0.69 [VAL] Loss: 0.6161, Accuracy: 69.00%, Precision: 0.71, Recall: 0.58, F1-Score: 0.64, AUC: 0.68
Epoch [14/100] - [TRAIN] Loss: 0.6133, Accuracy: 69.52%, AUC: 0.69 [VAL] Loss: 0.6189, Accuracy: 68.78%, Precision: 0.71, Recall: 0.57, F1-Score: 0.63, AUC: 0.68
Epoch [15/100] - [TRAIN] Loss: 0.6138, Accuracy: 69.06%, AUC: 0.69 [VAL] Loss: 0.6153, Accuracy: 69.38%, Precision: 0.73, Recall: 0.58, F1-Score: 0.64, AUC: 0.69
Epoch [16/100] - [TRAIN] Loss: 0.6151, Accuracy: 69.34%, AUC: 0.69 [VAL] Loss: 0.6152, Accuracy: 68.97%, Precision: 0.72, Recall: 0.57, F1-Score: 0.64, AUC: 0.68
Epoch [17/100] - [TRAIN] Loss: 0.6131, Accuracy: 69.52%, AUC: 0.69 [VAL] Loss: 0.6165, Accuracy: 69.21%, Precision: 0.70, Recall: 0.59, F1-Score: 0.64, AUC: 0.69
Epoch [18/100] - [TRAIN] Loss: 0.6116, Accuracy: 69.53%, AUC: 0.69 [VAL] Loss: 0.6169, Accuracy: 68.85%, Precision: 0.70, Recall: 0.59, F1-Score: 0.64, AUC: 0.68
Epoch [19/100] - [TRAIN] Loss: 0.6096, Accuracy: 69.78%, AUC: 0.69 [VAL] Loss: 0.6048, Accuracy: 69.38%, Precision: 0.72, Recall: 0.58, F1-Score: 0.64, AUC: 0.69
Epoch [20/100] - [TRAIN] Loss: 0.6108, Accuracy: 69.32%, AUC: 0.69 [VAL] Loss: 0.6131, Accuracy: 69.44%, Precision: 0.71, Recall: 0.60, F1-Score: 0.65, AUC: 0.69
Epoch [21/100] - [TRAIN] Loss: 0.6107, Accuracy: 69.54%, AUC: 0.69 [VAL] Loss: 0.6178, Accuracy: 67.98%, Precision: 0.72, Recall: 0.56, F1-Score: 0.63, AUC: 0.68
Epoch [22/100] - [TRAIN] Loss: 0.6145, Accuracy: 69.14%, AUC: 0.69 [VAL] Loss: 0.6119, Accuracy: 69.04%, Precision: 0.72, Recall: 0.57, F1-Score: 0.64, AUC: 0.68
Epoch [23/100] - [TRAIN] Loss: 0.6124, Accuracy: 69.23%, AUC: 0.69 [VAL] Loss: 0.6050, Accuracy: 69.66%, Precision: 0.73, Recall: 0.58, F1-Score: 0.64, AUC: 0.69
Epoch [24/100] - [TRAIN] Loss: 0.6096, Accuracy: 69.77%, AUC: 0.69 [VAL] Loss: 0.6076, Accuracy: 69.50%, Precision: 0.72, Recall: 0.58, F1-Score: 0.64, AUC: 0.69
Epoch [25/100] - [TRAIN] Loss: 0.6100, Accuracy: 69.61%, AUC: 0.69 [VAL] Loss: 0.6123, Accuracy: 68.80%, Precision: 0.71, Recall: 0.58, F1-Score: 0.64, AUC: 0.68
Epoch [26/100] - [TRAIN] Loss: 0.6115, Accuracy: 69.47%, AUC: 0.69 [VAL] Loss: 0.6174, Accuracy: 68.84%, Precision: 0.71, Recall: 0.58, F1-Score: 0.64, AUC: 0.68
Epoch [27/100] - [TRAIN] Loss: 0.6098, Accuracy: 69.55%, AUC: 0.69 [VAL] Loss: 0.6084, Accuracy: 69.56%, Precision: 0.73, Recall: 0.57, F1-Score: 0.64, AUC: 0.69
Epoch [28/100] - [TRAIN] Loss: 0.6093, Accuracy: 69.80%, AUC: 0.69 [VAL] Loss: 0.6165, Accuracy: 68.43%, Precision: 0.71, Recall: 0.57, F1-Score: 0.63, AUC: 0.68
Epoch [29/100] - [TRAIN] Loss: 0.6151, Accuracy: 69.17%, AUC: 0.69 [VAL] Loss: 0.6065, Accuracy: 69.08%, Precision: 0.71, Recall: 0.58, F1-Score: 0.64, AUC: 0.68
Epoch [30/100] - [TRAIN] Loss: 0.6107, Accuracy: 69.61%, AUC: 0.69 [VAL] Loss: 0.6142, Accuracy: 69.54%, Precision: 0.73, Recall: 0.58, F1-Score: 0.64, AUC: 0.69
Epoch [31/100] - [TRAIN] Loss: 0.6118, Accuracy: 69.31%, AUC: 0.69 [VAL] Loss: 0.6134, Accuracy: 69.38%, Precision: 0.71, Recall: 0.59, F1-Score: 0.64, AUC: 0.69
Epoch [32/100] - [TRAIN] Loss: 0.6117, Accuracy: 69.21%, AUC: 0.69 [VAL] Loss: 0.6192, Accuracy: 68.49%, Precision: 0.70, Recall: 0.57, F1-Score: 0.63, AUC: 0.68
Epoch [33/100] - [TRAIN] Loss: 0.6089, Accuracy: 69.74%, AUC: 0.69 [VAL] Loss: 0.6227, Accuracy: 68.34%, Precision: 0.71, Recall: 0.57, F1-Score: 0.63, AUC: 0.68
Epoch [34/100] - [TRAIN] Loss: 0.6120, Accuracy: 69.37%, AUC: 0.69 [VAL] Loss: 0.6177, Accuracy: 68.76%, Precision: 0.71, Recall: 0.58, F1-Score: 0.64, AUC: 0.68
Epoch [35/100] - [TRAIN] Loss: 0.6125, Accuracy: 69.63%, AUC: 0.69 [VAL] Loss: 0.6202, Accuracy: 68.83%, Precision: 0.71, Recall: 0.57, F1-Score: 0.63, AUC: 0.68
Epoch [36/100] - [TRAIN] Loss: 0.6121, Accuracy: 69.44%, AUC: 0.69 [VAL] Loss: 0.6147, Accuracy: 69.36%, Precision: 0.71, Recall: 0.57, F1-Score: 0.63, AUC: 0.69
Epoch [37/100] - [TRAIN] Loss: 0.6134, Accuracy: 69.22%, AUC: 0.69 [VAL] Loss: 0.6117, Accuracy: 69.24%, Precision: 0.72, Recall: 0.57, F1-Score: 0.63, AUC: 0.69
Epoch [38/100] - [TRAIN] Loss: 0.6122, Accuracy: 69.43%, AUC: 0.69 [VAL] Loss: 0.6104, Accuracy: 69.84%, Precision: 0.72, Recall: 0.58, F1-Score: 0.64, AUC: 0.69
Epoch [39/100] - [TRAIN] Loss: 0.6111, Accuracy: 69.51%, AUC: 0.69 [VAL] Loss: 0.6112, Accuracy: 68.95%, Precision: 0.71, Recall: 0.57, F1-Score: 0.63, AUC: 0.68
Epoch [40/100] - [TRAIN] Loss: 0.6121, Accuracy: 69.58%, AUC: 0.69 [VAL] Loss: 0.6190, Accuracy: 68.73%, Precision: 0.71, Recall: 0.57, F1-Score: 0.64, AUC: 0.68
Epoch [41/100] - [TRAIN] Loss: 0.6096, Accuracy: 69.56%, AUC: 0.69 [VAL] Loss: 0.6147, Accuracy: 68.84%, Precision: 0.72, Recall: 0.57, F1-Score: 0.64, AUC: 0.68
Epoch [42/100] - [TRAIN] Loss: 0.6103, Accuracy: 69.53%, AUC: 0.69 [VAL] Loss: 0.6111, Accuracy: 68.83%, Precision: 0.71, Recall: 0.57, F1-Score: 0.63, AUC: 0.68
Epoch [43/100] - [TRAIN] Loss: 0.6102, Accuracy: 69.68%, AUC: 0.69 [VAL] Loss: 0.6131, Accuracy: 69.06%, Precision: 0.71, Recall: 0.58, F1-Score: 0.64, AUC: 0.69
Epoch [44/100] - [TRAIN] Loss: 0.6114, Accuracy: 69.48%, AUC: 0.69 [VAL] Loss: 0.6145, Accuracy: 69.07%, Precision: 0.73, Recall: 0.57, F1-Score: 0.64, AUC: 0.69
Epoch [45/100] - [TRAIN] Loss: 0.6095, Accuracy: 69.78%, AUC: 0.69 [VAL] Loss: 0.6132, Accuracy: 69.27%, Precision: 0.72, Recall: 0.59, F1-Score: 0.65, AUC: 0.69
Epoch [46/100] - [TRAIN] Loss: 0.6096, Accuracy: 69.63%, AUC: 0.69 [VAL] Loss: 0.6089, Accuracy: 69.98%, Precision: 0.73, Recall: 0.58, F1-Score: 0.65, AUC: 0.69
Epoch [47/100] - [TRAIN] Loss: 0.6109, Accuracy: 69.56%, AUC: 0.69 [VAL] Loss: 0.6109, Accuracy: 68.92%, Precision: 0.71, Recall: 0.58, F1-Score: 0.64, AUC: 0.68
Epoch [48/100] - [TRAIN] Loss: 0.6116, Accuracy: 69.54%, AUC: 0.69 [VAL] Loss: 0.6062, Accuracy: 70.02%, Precision: 0.72, Recall: 0.59, F1-Score: 0.65, AUC: 0.69
Epoch [49/100] - [TRAIN] Loss: 0.6129, Accuracy: 69.37%, AUC: 0.69 [VAL] Loss: 0.6178, Accuracy: 68.83%, Precision: 0.72, Recall: 0.58, F1-Score: 0.64, AUC: 0.68
Epoch [50/100] - [TRAIN] Loss: 0.6106, Accuracy: 69.53%, AUC: 0.69 [VAL] Loss: 0.6147, Accuracy: 69.19%, Precision: 0.73, Recall: 0.58, F1-Score: 0.65, AUC: 0.69
Epoch [51/100] - [TRAIN] Loss: 0.6131, Accuracy: 69.49%, AUC: 0.69 [VAL] Loss: 0.6181, Accuracy: 68.75%, Precision: 0.70, Recall: 0.58, F1-Score: 0.64, AUC: 0.68
Epoch [52/100] - [TRAIN] Loss: 0.6124, Accuracy: 69.31%, AUC: 0.69 [VAL] Loss: 0.6122, Accuracy: 68.77%, Precision: 0.71, Recall: 0.57, F1-Score: 0.63, AUC: 0.68
Epoch [53/100] - [TRAIN] Loss: 0.6112, Accuracy: 69.52%, AUC: 0.69 [VAL] Loss: 0.6170, Accuracy: 68.95%, Precision: 0.71, Recall: 0.57, F1-Score: 0.63, AUC: 0.68
Epoch [54/100] - [TRAIN] Loss: 0.6125, Accuracy: 69.56%, AUC: 0.69 [VAL] Loss: 0.6200, Accuracy: 69.13%, Precision: 0.71, Recall: 0.58, F1-Score: 0.64, AUC: 0.69
Epoch [55/100] - [TRAIN] Loss: 0.6109, Accuracy: 69.39%, AUC: 0.69 [VAL] Loss: 0.6124, Accuracy: 68.69%, Precision: 0.71, Recall: 0.57, F1-Score: 0.63, AUC: 0.68
Epoch [56/100] - [TRAIN] Loss: 0.6084, Accuracy: 69.64%, AUC: 0.69 [VAL] Loss: 0.6158, Accuracy: 69.42%, Precision: 0.71, Recall: 0.57, F1-Score: 0.64, AUC: 0.69
Epoch [57/100] - [TRAIN] Loss: 0.6131, Accuracy: 69.42%, AUC: 0.69 [VAL] Loss: 0.6124, Accuracy: 69.41%, Precision: 0.72, Recall: 0.59, F1-Score: 0.64, AUC: 0.69
Epoch [58/100] - [TRAIN] Loss: 0.6102, Accuracy: 69.67%, AUC: 0.69 [VAL] Loss: 0.6093, Accuracy: 69.52%, Precision: 0.73, Recall: 0.58, F1-Score: 0.64, AUC: 0.69
Epoch [59/100] - [TRAIN] Loss: 0.6126, Accuracy: 69.55%, AUC: 0.69 [VAL] Loss: 0.6232, Accuracy: 68.24%, Precision: 0.70, Recall: 0.57, F1-Score: 0.63, AUC: 0.68
Epoch [60/100] - [TRAIN] Loss: 0.6110, Accuracy: 69.41%, AUC: 0.69 [VAL] Loss: 0.6108, Accuracy: 69.44%, Precision: 0.71, Recall: 0.58, F1-Score: 0.64, AUC: 0.69
Epoch [61/100] - [TRAIN] Loss: 0.6142, Accuracy: 69.12%, AUC: 0.69 [VAL] Loss: 0.6136, Accuracy: 68.66%, Precision: 0.70, Recall: 0.58, F1-Score: 0.63, AUC: 0.68
Epoch [62/100] - [TRAIN] Loss: 0.6108, Accuracy: 69.60%, AUC: 0.69 [VAL] Loss: 0.6238, Accuracy: 68.42%, Precision: 0.71, Recall: 0.57, F1-Score: 0.63, AUC: 0.68
Epoch [63/100] - [TRAIN] Loss: 0.6120, Accuracy: 69.45%, AUC: 0.69 [VAL] Loss: 0.6167, Accuracy: 68.99%, Precision: 0.71, Recall: 0.58, F1-Score: 0.64, AUC: 0.68
Epoch [64/100] - [TRAIN] Loss: 0.6123, Accuracy: 69.56%, AUC: 0.69 [VAL] Loss: 0.6139, Accuracy: 69.39%, Precision: 0.71, Recall: 0.58, F1-Score: 0.64, AUC: 0.69
Epoch [65/100] - [TRAIN] Loss: 0.6119, Accuracy: 69.15%, AUC: 0.69 [VAL] Loss: 0.6102, Accuracy: 69.09%, Precision: 0.72, Recall: 0.57, F1-Score: 0.63, AUC: 0.68
Epoch [66/100] - [TRAIN] Loss: 0.6123, Accuracy: 69.46%, AUC: 0.69 [VAL] Loss: 0.6129, Accuracy: 69.24%, Precision: 0.71, Recall: 0.58, F1-Score: 0.64, AUC: 0.69
Epoch [67/100] - [TRAIN] Loss: 0.6119, Accuracy: 69.27%, AUC: 0.69 [VAL] Loss: 0.6134, Accuracy: 69.04%, Precision: 0.72, Recall: 0.58, F1-Score: 0.64, AUC: 0.68
Epoch [68/100] - [TRAIN] Loss: 0.6097, Accuracy: 69.55%, AUC: 0.69 [VAL] Loss: 0.6189, Accuracy: 68.08%, Precision: 0.71, Recall: 0.56, F1-Score: 0.63, AUC: 0.68
Epoch [69/100] - [TRAIN] Loss: 0.6107, Accuracy: 69.53%, AUC: 0.69 [VAL] Loss: 0.6122, Accuracy: 69.39%, Precision: 0.73, Recall: 0.57, F1-Score: 0.64, AUC: 0.69
Epoch [70/100] - [TRAIN] Loss: 0.6111, Accuracy: 69.59%, AUC: 0.69 [VAL] Loss: 0.6166, Accuracy: 69.43%, Precision: 0.71, Recall: 0.58, F1-Score: 0.64, AUC: 0.69
Epoch [71/100] - [TRAIN] Loss: 0.6128, Accuracy: 69.27%, AUC: 0.69 [VAL] Loss: 0.6171, Accuracy: 68.86%, Precision: 0.72, Recall: 0.57, F1-Score: 0.63, AUC: 0.68
Epoch [72/100] - [TRAIN] Loss: 0.6122, Accuracy: 69.50%, AUC: 0.69 [VAL] Loss: 0.6123, Accuracy: 69.09%, Precision: 0.71, Recall: 0.58, F1-Score: 0.64, AUC: 0.69
Epoch [73/100] - [TRAIN] Loss: 0.6159, Accuracy: 69.10%, AUC: 0.69 [VAL] Loss: 0.6108, Accuracy: 69.11%, Precision: 0.71, Recall: 0.58, F1-Score: 0.64, AUC: 0.69
Epoch [74/100] - [TRAIN] Loss: 0.6123, Accuracy: 69.30%, AUC: 0.69 [VAL] Loss: 0.6080, Accuracy: 69.22%, Precision: 0.72, Recall: 0.58, F1-Score: 0.64, AUC: 0.69
Epoch [75/100] - [TRAIN] Loss: 0.6084, Accuracy: 69.71%, AUC: 0.69 [VAL] Loss: 0.6106, Accuracy: 69.57%, Precision: 0.71, Recall: 0.59, F1-Score: 0.64, AUC: 0.69
Epoch [76/100] - [TRAIN] Loss: 0.6119, Accuracy: 69.55%, AUC: 0.69 [VAL] Loss: 0.6178, Accuracy: 69.06%, Precision: 0.72, Recall: 0.58, F1-Score: 0.64, AUC: 0.69
Epoch [77/100] - [TRAIN] Loss: 0.6098, Accuracy: 69.90%, AUC: 0.69 [VAL] Loss: 0.6161, Accuracy: 69.10%, Precision: 0.73, Recall: 0.57, F1-Score: 0.64, AUC: 0.69
Epoch [78/100] - [TRAIN] Loss: 0.6106, Accuracy: 69.69%, AUC: 0.69 [VAL] Loss: 0.6141, Accuracy: 69.21%, Precision: 0.71, Recall: 0.59, F1-Score: 0.64, AUC: 0.69
Epoch [79/100] - [TRAIN] Loss: 0.6125, Accuracy: 69.44%, AUC: 0.69 [VAL] Loss: 0.6154, Accuracy: 69.66%, Precision: 0.72, Recall: 0.58, F1-Score: 0.64, AUC: 0.69
Epoch [80/100] - [TRAIN] Loss: 0.6118, Accuracy: 69.41%, AUC: 0.69 [VAL] Loss: 0.6171, Accuracy: 68.62%, Precision: 0.71, Recall: 0.56, F1-Score: 0.63, AUC: 0.68
Epoch [81/100] - [TRAIN] Loss: 0.6098, Accuracy: 69.54%, AUC: 0.69 [VAL] Loss: 0.6090, Accuracy: 69.40%, Precision: 0.72, Recall: 0.58, F1-Score: 0.64, AUC: 0.69
Epoch [82/100] - [TRAIN] Loss: 0.6140, Accuracy: 69.25%, AUC: 0.69 [VAL] Loss: 0.6133, Accuracy: 69.24%, Precision: 0.72, Recall: 0.57, F1-Score: 0.64, AUC: 0.69
Epoch [83/100] - [TRAIN] Loss: 0.6120, Accuracy: 69.42%, AUC: 0.69 [VAL] Loss: 0.6158, Accuracy: 68.82%, Precision: 0.71, Recall: 0.58, F1-Score: 0.64, AUC: 0.68
Epoch [84/100] - [TRAIN] Loss: 0.6107, Accuracy: 69.53%, AUC: 0.69 [VAL] Loss: 0.6069, Accuracy: 69.47%, Precision: 0.73, Recall: 0.58, F1-Score: 0.65, AUC: 0.69
Epoch [85/100] - [TRAIN] Loss: 0.6101, Accuracy: 69.48%, AUC: 0.69 [VAL] Loss: 0.6187, Accuracy: 69.18%, Precision: 0.71, Recall: 0.58, F1-Score: 0.64, AUC: 0.69
Epoch [86/100] - [TRAIN] Loss: 0.6120, Accuracy: 69.48%, AUC: 0.69 [VAL] Loss: 0.6145, Accuracy: 68.91%, Precision: 0.71, Recall: 0.57, F1-Score: 0.63, AUC: 0.68
Epoch [87/100] - [TRAIN] Loss: 0.6102, Accuracy: 69.60%, AUC: 0.69 [VAL] Loss: 0.6093, Accuracy: 69.48%, Precision: 0.71, Recall: 0.58, F1-Score: 0.64, AUC: 0.69
Epoch [88/100] - [TRAIN] Loss: 0.6113, Accuracy: 69.58%, AUC: 0.69 [VAL] Loss: 0.6175, Accuracy: 68.54%, Precision: 0.71, Recall: 0.56, F1-Score: 0.63, AUC: 0.68
Epoch [89/100] - [TRAIN] Loss: 0.6092, Accuracy: 69.58%, AUC: 0.69 [VAL] Loss: 0.6230, Accuracy: 67.64%, Precision: 0.70, Recall: 0.56, F1-Score: 0.62, AUC: 0.67
Epoch [90/100] - [TRAIN] Loss: 0.6110, Accuracy: 69.47%, AUC: 0.69 [VAL] Loss: 0.6168, Accuracy: 69.12%, Precision: 0.71, Recall: 0.58, F1-Score: 0.64, AUC: 0.68
Epoch [91/100] - [TRAIN] Loss: 0.6134, Accuracy: 69.27%, AUC: 0.69 [VAL] Loss: 0.6240, Accuracy: 68.55%, Precision: 0.71, Recall: 0.57, F1-Score: 0.63, AUC: 0.68
Epoch [92/100] - [TRAIN] Loss: 0.6138, Accuracy: 69.21%, AUC: 0.69 [VAL] Loss: 0.6062, Accuracy: 69.56%, Precision: 0.72, Recall: 0.59, F1-Score: 0.65, AUC: 0.69
Epoch [93/100] - [TRAIN] Loss: 0.6090, Accuracy: 69.79%, AUC: 0.69 [VAL] Loss: 0.6182, Accuracy: 68.97%, Precision: 0.72, Recall: 0.57, F1-Score: 0.64, AUC: 0.68
Epoch [94/100] - [TRAIN] Loss: 0.6132, Accuracy: 69.52%, AUC: 0.69 [VAL] Loss: 0.6182, Accuracy: 69.01%, Precision: 0.71, Recall: 0.57, F1-Score: 0.63, AUC: 0.68
Epoch [95/100] - [TRAIN] Loss: 0.6106, Accuracy: 69.40%, AUC: 0.69 [VAL] Loss: 0.6134, Accuracy: 69.01%, Precision: 0.71, Recall: 0.58, F1-Score: 0.64, AUC: 0.68
Epoch [96/100] - [TRAIN] Loss: 0.6112, Accuracy: 69.57%, AUC: 0.69 [VAL] Loss: 0.6100, Accuracy: 69.80%, Precision: 0.71, Recall: 0.59, F1-Score: 0.65, AUC: 0.69
Epoch [97/100] - [TRAIN] Loss: 0.6130, Accuracy: 69.42%, AUC: 0.69 [VAL] Loss: 0.6070, Accuracy: 69.77%, Precision: 0.73, Recall: 0.59, F1-Score: 0.65, AUC: 0.69
Epoch [98/100] - [TRAIN] Loss: 0.6100, Accuracy: 69.58%, AUC: 0.69 [VAL] Loss: 0.6121, Accuracy: 69.16%, Precision: 0.73, Recall: 0.57, F1-Score: 0.64, AUC: 0.69
Epoch [99/100] - [TRAIN] Loss: 0.6099, Accuracy: 69.44%, AUC: 0.69 [VAL] Loss: 0.6114, Accuracy: 69.37%, Precision: 0.72, Recall: 0.58, F1-Score: 0.64, AUC: 0.69
Epoch [100/100] - [TRAIN] Loss: 0.6120, Accuracy: 69.56%, AUC: 0.69 [VAL] Loss: 0.6157, Accuracy: 69.00%, Precision: 0.72, Recall: 0.57, F1-Score: 0.64, AUC: 0.68
Accuracy Score on test set: 68.68 %
    AUC Score on test set: 0.68
    Precision: 0.7045
    Recall: 0.5679
    F1-Score: 0.6289

    Detailed Classification Report:
                  precision    recall  f1-score   support

           0       0.68      0.79      0.73      5327
           1       0.70      0.57      0.63      4673

    accuracy                           0.69     10000
   macro avg       0.69      0.68      0.68     10000
weighted avg       0.69      0.69      0.68     10000


    Confusion Matrix:
    [[4214 1113]
 [2019 2654]]
    
Batch FINISHED!!!

Real-time duration: 1823.441384530 seconds
