Using device: cuda
Current CUDA device: 0
CUDA device name: Tesla V100-PCIE-16GB
010-H3K9ac-H3K27ac
Epoch [1/100] - [TRAIN] Loss: 0.6670, Accuracy: 66.58%, AUC: 0.66 [VAL] Loss: 0.6530, Accuracy: 69.09%, Precision: 0.72, Recall: 0.55, F1-Score: 0.62, AUC: 0.68
Epoch [2/100] - [TRAIN] Loss: 0.6470, Accuracy: 68.86%, AUC: 0.68 [VAL] Loss: 0.6438, Accuracy: 69.26%, Precision: 0.72, Recall: 0.56, F1-Score: 0.63, AUC: 0.69
Epoch [3/100] - [TRAIN] Loss: 0.6407, Accuracy: 68.90%, AUC: 0.68 [VAL] Loss: 0.6371, Accuracy: 68.79%, Precision: 0.73, Recall: 0.54, F1-Score: 0.62, AUC: 0.68
Epoch [4/100] - [TRAIN] Loss: 0.6347, Accuracy: 69.24%, AUC: 0.68 [VAL] Loss: 0.6273, Accuracy: 69.78%, Precision: 0.74, Recall: 0.56, F1-Score: 0.64, AUC: 0.69
Epoch [5/100] - [TRAIN] Loss: 0.6294, Accuracy: 69.34%, AUC: 0.69 [VAL] Loss: 0.6296, Accuracy: 69.62%, Precision: 0.73, Recall: 0.56, F1-Score: 0.63, AUC: 0.69
Epoch [6/100] - [TRAIN] Loss: 0.6305, Accuracy: 68.99%, AUC: 0.68 [VAL] Loss: 0.6235, Accuracy: 68.70%, Precision: 0.73, Recall: 0.54, F1-Score: 0.62, AUC: 0.68
Epoch [7/100] - [TRAIN] Loss: 0.6243, Accuracy: 69.12%, AUC: 0.68 [VAL] Loss: 0.6195, Accuracy: 69.63%, Precision: 0.73, Recall: 0.56, F1-Score: 0.64, AUC: 0.69
Epoch [8/100] - [TRAIN] Loss: 0.6204, Accuracy: 69.53%, AUC: 0.69 [VAL] Loss: 0.6231, Accuracy: 68.97%, Precision: 0.72, Recall: 0.56, F1-Score: 0.63, AUC: 0.68
Epoch [9/100] - [TRAIN] Loss: 0.6211, Accuracy: 69.26%, AUC: 0.69 [VAL] Loss: 0.6192, Accuracy: 69.49%, Precision: 0.74, Recall: 0.57, F1-Score: 0.64, AUC: 0.69
Epoch [10/100] - [TRAIN] Loss: 0.6188, Accuracy: 69.36%, AUC: 0.69 [VAL] Loss: 0.6197, Accuracy: 69.18%, Precision: 0.73, Recall: 0.55, F1-Score: 0.62, AUC: 0.68
Epoch [11/100] - [TRAIN] Loss: 0.6172, Accuracy: 69.38%, AUC: 0.69 [VAL] Loss: 0.6184, Accuracy: 68.99%, Precision: 0.73, Recall: 0.55, F1-Score: 0.63, AUC: 0.68
Epoch [12/100] - [TRAIN] Loss: 0.6179, Accuracy: 69.48%, AUC: 0.69 [VAL] Loss: 0.6185, Accuracy: 68.79%, Precision: 0.74, Recall: 0.54, F1-Score: 0.62, AUC: 0.68
Epoch [13/100] - [TRAIN] Loss: 0.6141, Accuracy: 69.54%, AUC: 0.69 [VAL] Loss: 0.6189, Accuracy: 69.14%, Precision: 0.73, Recall: 0.55, F1-Score: 0.63, AUC: 0.68
Epoch [14/100] - [TRAIN] Loss: 0.6126, Accuracy: 69.52%, AUC: 0.69 [VAL] Loss: 0.6148, Accuracy: 68.78%, Precision: 0.73, Recall: 0.54, F1-Score: 0.62, AUC: 0.68
Epoch [15/100] - [TRAIN] Loss: 0.6152, Accuracy: 69.24%, AUC: 0.69 [VAL] Loss: 0.6061, Accuracy: 69.91%, Precision: 0.75, Recall: 0.55, F1-Score: 0.63, AUC: 0.69
Epoch [16/100] - [TRAIN] Loss: 0.6110, Accuracy: 69.62%, AUC: 0.69 [VAL] Loss: 0.6200, Accuracy: 68.40%, Precision: 0.73, Recall: 0.54, F1-Score: 0.62, AUC: 0.68
Epoch [17/100] - [TRAIN] Loss: 0.6116, Accuracy: 69.60%, AUC: 0.69 [VAL] Loss: 0.6136, Accuracy: 68.74%, Precision: 0.73, Recall: 0.53, F1-Score: 0.62, AUC: 0.68
Epoch [18/100] - [TRAIN] Loss: 0.6112, Accuracy: 69.48%, AUC: 0.69 [VAL] Loss: 0.6097, Accuracy: 69.58%, Precision: 0.74, Recall: 0.54, F1-Score: 0.63, AUC: 0.69
Epoch [19/100] - [TRAIN] Loss: 0.6086, Accuracy: 69.75%, AUC: 0.69 [VAL] Loss: 0.6083, Accuracy: 69.48%, Precision: 0.74, Recall: 0.56, F1-Score: 0.63, AUC: 0.69
Epoch [20/100] - [TRAIN] Loss: 0.6120, Accuracy: 69.36%, AUC: 0.69 [VAL] Loss: 0.6094, Accuracy: 69.64%, Precision: 0.73, Recall: 0.56, F1-Score: 0.63, AUC: 0.69
Epoch [21/100] - [TRAIN] Loss: 0.6110, Accuracy: 69.54%, AUC: 0.69 [VAL] Loss: 0.6083, Accuracy: 69.35%, Precision: 0.73, Recall: 0.56, F1-Score: 0.64, AUC: 0.69
Epoch [22/100] - [TRAIN] Loss: 0.6062, Accuracy: 69.86%, AUC: 0.69 [VAL] Loss: 0.6196, Accuracy: 68.88%, Precision: 0.73, Recall: 0.54, F1-Score: 0.62, AUC: 0.68
Epoch [23/100] - [TRAIN] Loss: 0.6056, Accuracy: 69.72%, AUC: 0.69 [VAL] Loss: 0.6110, Accuracy: 68.81%, Precision: 0.73, Recall: 0.53, F1-Score: 0.62, AUC: 0.68
Epoch [24/100] - [TRAIN] Loss: 0.6089, Accuracy: 69.72%, AUC: 0.69 [VAL] Loss: 0.6083, Accuracy: 69.78%, Precision: 0.73, Recall: 0.55, F1-Score: 0.63, AUC: 0.69
Epoch [25/100] - [TRAIN] Loss: 0.6092, Accuracy: 69.58%, AUC: 0.69 [VAL] Loss: 0.6011, Accuracy: 70.03%, Precision: 0.74, Recall: 0.56, F1-Score: 0.64, AUC: 0.69
Epoch [26/100] - [TRAIN] Loss: 0.6071, Accuracy: 69.71%, AUC: 0.69 [VAL] Loss: 0.5966, Accuracy: 70.13%, Precision: 0.74, Recall: 0.55, F1-Score: 0.63, AUC: 0.69
Epoch [27/100] - [TRAIN] Loss: 0.6087, Accuracy: 69.42%, AUC: 0.69 [VAL] Loss: 0.6072, Accuracy: 69.35%, Precision: 0.73, Recall: 0.55, F1-Score: 0.63, AUC: 0.68
Epoch [28/100] - [TRAIN] Loss: 0.6089, Accuracy: 69.66%, AUC: 0.69 [VAL] Loss: 0.6043, Accuracy: 69.74%, Precision: 0.74, Recall: 0.56, F1-Score: 0.64, AUC: 0.69
Epoch [29/100] - [TRAIN] Loss: 0.6077, Accuracy: 69.52%, AUC: 0.69 [VAL] Loss: 0.6018, Accuracy: 69.98%, Precision: 0.74, Recall: 0.56, F1-Score: 0.64, AUC: 0.69
Epoch [30/100] - [TRAIN] Loss: 0.6059, Accuracy: 69.84%, AUC: 0.69 [VAL] Loss: 0.6060, Accuracy: 69.36%, Precision: 0.72, Recall: 0.55, F1-Score: 0.62, AUC: 0.68
Epoch [31/100] - [TRAIN] Loss: 0.6071, Accuracy: 69.74%, AUC: 0.69 [VAL] Loss: 0.6098, Accuracy: 69.00%, Precision: 0.73, Recall: 0.54, F1-Score: 0.62, AUC: 0.68
Epoch [32/100] - [TRAIN] Loss: 0.6081, Accuracy: 69.90%, AUC: 0.69 [VAL] Loss: 0.6061, Accuracy: 69.45%, Precision: 0.74, Recall: 0.55, F1-Score: 0.63, AUC: 0.69
Epoch [33/100] - [TRAIN] Loss: 0.6069, Accuracy: 69.86%, AUC: 0.69 [VAL] Loss: 0.6106, Accuracy: 69.03%, Precision: 0.73, Recall: 0.54, F1-Score: 0.62, AUC: 0.68
Epoch [34/100] - [TRAIN] Loss: 0.6063, Accuracy: 69.86%, AUC: 0.69 [VAL] Loss: 0.6089, Accuracy: 69.12%, Precision: 0.74, Recall: 0.55, F1-Score: 0.63, AUC: 0.68
Epoch [35/100] - [TRAIN] Loss: 0.6065, Accuracy: 70.09%, AUC: 0.69 [VAL] Loss: 0.6043, Accuracy: 69.94%, Precision: 0.74, Recall: 0.55, F1-Score: 0.63, AUC: 0.69
Epoch [36/100] - [TRAIN] Loss: 0.6059, Accuracy: 69.92%, AUC: 0.69 [VAL] Loss: 0.6097, Accuracy: 69.33%, Precision: 0.74, Recall: 0.55, F1-Score: 0.63, AUC: 0.69
Epoch [37/100] - [TRAIN] Loss: 0.6071, Accuracy: 69.78%, AUC: 0.69 [VAL] Loss: 0.6100, Accuracy: 69.03%, Precision: 0.72, Recall: 0.55, F1-Score: 0.62, AUC: 0.68
Epoch [38/100] - [TRAIN] Loss: 0.6079, Accuracy: 69.73%, AUC: 0.69 [VAL] Loss: 0.6049, Accuracy: 69.18%, Precision: 0.73, Recall: 0.56, F1-Score: 0.64, AUC: 0.69
Epoch [39/100] - [TRAIN] Loss: 0.6062, Accuracy: 69.64%, AUC: 0.69 [VAL] Loss: 0.6049, Accuracy: 69.37%, Precision: 0.73, Recall: 0.55, F1-Score: 0.63, AUC: 0.69
Epoch [40/100] - [TRAIN] Loss: 0.6063, Accuracy: 69.77%, AUC: 0.69 [VAL] Loss: 0.6066, Accuracy: 69.12%, Precision: 0.74, Recall: 0.55, F1-Score: 0.63, AUC: 0.69
Epoch [41/100] - [TRAIN] Loss: 0.6093, Accuracy: 69.58%, AUC: 0.69 [VAL] Loss: 0.6105, Accuracy: 69.09%, Precision: 0.73, Recall: 0.55, F1-Score: 0.63, AUC: 0.68
Epoch [42/100] - [TRAIN] Loss: 0.6089, Accuracy: 69.66%, AUC: 0.69 [VAL] Loss: 0.6099, Accuracy: 68.85%, Precision: 0.72, Recall: 0.54, F1-Score: 0.62, AUC: 0.68
Epoch [43/100] - [TRAIN] Loss: 0.6070, Accuracy: 69.80%, AUC: 0.69 [VAL] Loss: 0.6086, Accuracy: 69.38%, Precision: 0.73, Recall: 0.55, F1-Score: 0.63, AUC: 0.69
Epoch [44/100] - [TRAIN] Loss: 0.6072, Accuracy: 69.70%, AUC: 0.69 [VAL] Loss: 0.6100, Accuracy: 69.33%, Precision: 0.73, Recall: 0.56, F1-Score: 0.63, AUC: 0.69
Epoch [45/100] - [TRAIN] Loss: 0.6051, Accuracy: 69.83%, AUC: 0.69 [VAL] Loss: 0.6038, Accuracy: 70.11%, Precision: 0.74, Recall: 0.56, F1-Score: 0.64, AUC: 0.69
Epoch [46/100] - [TRAIN] Loss: 0.6053, Accuracy: 69.88%, AUC: 0.69 [VAL] Loss: 0.6119, Accuracy: 69.10%, Precision: 0.72, Recall: 0.55, F1-Score: 0.62, AUC: 0.68
Epoch [47/100] - [TRAIN] Loss: 0.6087, Accuracy: 69.58%, AUC: 0.69 [VAL] Loss: 0.6127, Accuracy: 69.02%, Precision: 0.72, Recall: 0.55, F1-Score: 0.62, AUC: 0.68
Epoch [48/100] - [TRAIN] Loss: 0.6063, Accuracy: 70.09%, AUC: 0.69 [VAL] Loss: 0.6048, Accuracy: 69.39%, Precision: 0.74, Recall: 0.55, F1-Score: 0.63, AUC: 0.69
Epoch [49/100] - [TRAIN] Loss: 0.6069, Accuracy: 69.92%, AUC: 0.69 [VAL] Loss: 0.6047, Accuracy: 69.62%, Precision: 0.72, Recall: 0.55, F1-Score: 0.63, AUC: 0.69
Epoch [50/100] - [TRAIN] Loss: 0.6028, Accuracy: 70.10%, AUC: 0.69 [VAL] Loss: 0.6079, Accuracy: 69.04%, Precision: 0.73, Recall: 0.56, F1-Score: 0.63, AUC: 0.68
Epoch [51/100] - [TRAIN] Loss: 0.6073, Accuracy: 69.81%, AUC: 0.69 [VAL] Loss: 0.6090, Accuracy: 69.21%, Precision: 0.74, Recall: 0.55, F1-Score: 0.63, AUC: 0.69
Epoch [52/100] - [TRAIN] Loss: 0.6049, Accuracy: 69.84%, AUC: 0.69 [VAL] Loss: 0.6106, Accuracy: 68.92%, Precision: 0.73, Recall: 0.55, F1-Score: 0.63, AUC: 0.68
Epoch [53/100] - [TRAIN] Loss: 0.6038, Accuracy: 69.96%, AUC: 0.69 [VAL] Loss: 0.6070, Accuracy: 69.65%, Precision: 0.74, Recall: 0.55, F1-Score: 0.63, AUC: 0.69
Epoch [54/100] - [TRAIN] Loss: 0.6054, Accuracy: 69.77%, AUC: 0.69 [VAL] Loss: 0.6132, Accuracy: 69.00%, Precision: 0.73, Recall: 0.54, F1-Score: 0.62, AUC: 0.68
Epoch [55/100] - [TRAIN] Loss: 0.6080, Accuracy: 69.68%, AUC: 0.69 [VAL] Loss: 0.6087, Accuracy: 69.56%, Precision: 0.73, Recall: 0.56, F1-Score: 0.63, AUC: 0.69
Epoch [56/100] - [TRAIN] Loss: 0.6064, Accuracy: 69.94%, AUC: 0.69 [VAL] Loss: 0.6056, Accuracy: 69.16%, Precision: 0.74, Recall: 0.55, F1-Score: 0.63, AUC: 0.69
Epoch [57/100] - [TRAIN] Loss: 0.6089, Accuracy: 69.75%, AUC: 0.69 [VAL] Loss: 0.6042, Accuracy: 69.81%, Precision: 0.74, Recall: 0.57, F1-Score: 0.64, AUC: 0.69
Epoch [58/100] - [TRAIN] Loss: 0.6091, Accuracy: 69.64%, AUC: 0.69 [VAL] Loss: 0.6116, Accuracy: 69.75%, Precision: 0.72, Recall: 0.55, F1-Score: 0.63, AUC: 0.69
Epoch [59/100] - [TRAIN] Loss: 0.6044, Accuracy: 69.96%, AUC: 0.69 [VAL] Loss: 0.6058, Accuracy: 70.29%, Precision: 0.75, Recall: 0.56, F1-Score: 0.64, AUC: 0.70
Epoch [60/100] - [TRAIN] Loss: 0.6059, Accuracy: 69.78%, AUC: 0.69 [VAL] Loss: 0.6081, Accuracy: 69.54%, Precision: 0.74, Recall: 0.56, F1-Score: 0.64, AUC: 0.69
Epoch [61/100] - [TRAIN] Loss: 0.6081, Accuracy: 69.80%, AUC: 0.69 [VAL] Loss: 0.6185, Accuracy: 68.32%, Precision: 0.72, Recall: 0.54, F1-Score: 0.62, AUC: 0.68
Epoch [62/100] - [TRAIN] Loss: 0.6060, Accuracy: 69.70%, AUC: 0.69 [VAL] Loss: 0.6036, Accuracy: 69.56%, Precision: 0.75, Recall: 0.55, F1-Score: 0.64, AUC: 0.69
Epoch [63/100] - [TRAIN] Loss: 0.6066, Accuracy: 69.75%, AUC: 0.69 [VAL] Loss: 0.6093, Accuracy: 69.41%, Precision: 0.73, Recall: 0.55, F1-Score: 0.63, AUC: 0.69
Epoch [64/100] - [TRAIN] Loss: 0.6055, Accuracy: 69.79%, AUC: 0.69 [VAL] Loss: 0.6120, Accuracy: 68.94%, Precision: 0.73, Recall: 0.55, F1-Score: 0.62, AUC: 0.68
Epoch [65/100] - [TRAIN] Loss: 0.6085, Accuracy: 69.66%, AUC: 0.69 [VAL] Loss: 0.6061, Accuracy: 69.18%, Precision: 0.73, Recall: 0.54, F1-Score: 0.62, AUC: 0.68
Epoch [66/100] - [TRAIN] Loss: 0.6068, Accuracy: 69.86%, AUC: 0.69 [VAL] Loss: 0.6068, Accuracy: 69.46%, Precision: 0.74, Recall: 0.55, F1-Score: 0.63, AUC: 0.69
Epoch [67/100] - [TRAIN] Loss: 0.6054, Accuracy: 70.03%, AUC: 0.69 [VAL] Loss: 0.5996, Accuracy: 70.03%, Precision: 0.73, Recall: 0.55, F1-Score: 0.63, AUC: 0.69
Epoch [68/100] - [TRAIN] Loss: 0.6066, Accuracy: 69.80%, AUC: 0.69 [VAL] Loss: 0.6080, Accuracy: 69.23%, Precision: 0.74, Recall: 0.55, F1-Score: 0.63, AUC: 0.68
Epoch [69/100] - [TRAIN] Loss: 0.6063, Accuracy: 69.87%, AUC: 0.69 [VAL] Loss: 0.6077, Accuracy: 69.82%, Precision: 0.74, Recall: 0.56, F1-Score: 0.64, AUC: 0.69
Epoch [70/100] - [TRAIN] Loss: 0.6074, Accuracy: 69.80%, AUC: 0.69 [VAL] Loss: 0.6066, Accuracy: 69.39%, Precision: 0.72, Recall: 0.55, F1-Score: 0.62, AUC: 0.68
Epoch [71/100] - [TRAIN] Loss: 0.6068, Accuracy: 69.72%, AUC: 0.69 [VAL] Loss: 0.6013, Accuracy: 69.39%, Precision: 0.73, Recall: 0.56, F1-Score: 0.63, AUC: 0.69
Epoch [72/100] - [TRAIN] Loss: 0.6056, Accuracy: 69.74%, AUC: 0.69 [VAL] Loss: 0.6024, Accuracy: 70.05%, Precision: 0.74, Recall: 0.56, F1-Score: 0.64, AUC: 0.69
Epoch [73/100] - [TRAIN] Loss: 0.6077, Accuracy: 69.57%, AUC: 0.69 [VAL] Loss: 0.6053, Accuracy: 70.15%, Precision: 0.74, Recall: 0.56, F1-Score: 0.63, AUC: 0.69
Epoch [74/100] - [TRAIN] Loss: 0.6077, Accuracy: 69.75%, AUC: 0.69 [VAL] Loss: 0.6098, Accuracy: 68.99%, Precision: 0.73, Recall: 0.56, F1-Score: 0.63, AUC: 0.68
Epoch [75/100] - [TRAIN] Loss: 0.6071, Accuracy: 69.74%, AUC: 0.69 [VAL] Loss: 0.6039, Accuracy: 69.36%, Precision: 0.74, Recall: 0.56, F1-Score: 0.64, AUC: 0.69
Epoch [76/100] - [TRAIN] Loss: 0.6076, Accuracy: 69.46%, AUC: 0.69 [VAL] Loss: 0.6083, Accuracy: 68.93%, Precision: 0.73, Recall: 0.54, F1-Score: 0.62, AUC: 0.68
Epoch [77/100] - [TRAIN] Loss: 0.6075, Accuracy: 69.74%, AUC: 0.69 [VAL] Loss: 0.6069, Accuracy: 69.45%, Precision: 0.74, Recall: 0.55, F1-Score: 0.63, AUC: 0.69
Epoch [78/100] - [TRAIN] Loss: 0.6078, Accuracy: 69.48%, AUC: 0.69 [VAL] Loss: 0.6034, Accuracy: 69.84%, Precision: 0.75, Recall: 0.55, F1-Score: 0.64, AUC: 0.69
Epoch [79/100] - [TRAIN] Loss: 0.6092, Accuracy: 69.61%, AUC: 0.69 [VAL] Loss: 0.6065, Accuracy: 69.51%, Precision: 0.74, Recall: 0.55, F1-Score: 0.63, AUC: 0.69
Epoch [80/100] - [TRAIN] Loss: 0.6057, Accuracy: 69.76%, AUC: 0.69 [VAL] Loss: 0.6141, Accuracy: 68.45%, Precision: 0.72, Recall: 0.55, F1-Score: 0.63, AUC: 0.68
Epoch [81/100] - [TRAIN] Loss: 0.6061, Accuracy: 69.66%, AUC: 0.69 [VAL] Loss: 0.6051, Accuracy: 69.42%, Precision: 0.74, Recall: 0.55, F1-Score: 0.63, AUC: 0.69
Epoch [82/100] - [TRAIN] Loss: 0.6059, Accuracy: 69.78%, AUC: 0.69 [VAL] Loss: 0.6084, Accuracy: 69.69%, Precision: 0.73, Recall: 0.57, F1-Score: 0.64, AUC: 0.69
Epoch [83/100] - [TRAIN] Loss: 0.6056, Accuracy: 69.66%, AUC: 0.69 [VAL] Loss: 0.6115, Accuracy: 68.41%, Precision: 0.73, Recall: 0.55, F1-Score: 0.63, AUC: 0.68
Epoch [84/100] - [TRAIN] Loss: 0.6055, Accuracy: 69.83%, AUC: 0.69 [VAL] Loss: 0.6153, Accuracy: 68.38%, Precision: 0.73, Recall: 0.55, F1-Score: 0.63, AUC: 0.68
Epoch [85/100] - [TRAIN] Loss: 0.6074, Accuracy: 69.74%, AUC: 0.69 [VAL] Loss: 0.6130, Accuracy: 69.03%, Precision: 0.73, Recall: 0.55, F1-Score: 0.63, AUC: 0.68
Epoch [86/100] - [TRAIN] Loss: 0.6082, Accuracy: 69.78%, AUC: 0.69 [VAL] Loss: 0.6004, Accuracy: 69.96%, Precision: 0.74, Recall: 0.56, F1-Score: 0.64, AUC: 0.69
Epoch [87/100] - [TRAIN] Loss: 0.6069, Accuracy: 69.48%, AUC: 0.69 [VAL] Loss: 0.6078, Accuracy: 69.23%, Precision: 0.75, Recall: 0.55, F1-Score: 0.63, AUC: 0.69
Epoch [88/100] - [TRAIN] Loss: 0.6061, Accuracy: 69.67%, AUC: 0.69 [VAL] Loss: 0.6038, Accuracy: 69.48%, Precision: 0.74, Recall: 0.56, F1-Score: 0.64, AUC: 0.69
Epoch [89/100] - [TRAIN] Loss: 0.6074, Accuracy: 69.81%, AUC: 0.69 [VAL] Loss: 0.6027, Accuracy: 69.33%, Precision: 0.73, Recall: 0.55, F1-Score: 0.63, AUC: 0.68
Epoch [90/100] - [TRAIN] Loss: 0.6076, Accuracy: 69.61%, AUC: 0.69 [VAL] Loss: 0.6050, Accuracy: 69.64%, Precision: 0.72, Recall: 0.56, F1-Score: 0.63, AUC: 0.69
Epoch [91/100] - [TRAIN] Loss: 0.6062, Accuracy: 69.91%, AUC: 0.69 [VAL] Loss: 0.6124, Accuracy: 68.77%, Precision: 0.72, Recall: 0.54, F1-Score: 0.62, AUC: 0.68
Epoch [92/100] - [TRAIN] Loss: 0.6043, Accuracy: 69.87%, AUC: 0.69 [VAL] Loss: 0.5995, Accuracy: 69.29%, Precision: 0.74, Recall: 0.56, F1-Score: 0.64, AUC: 0.69
Epoch [93/100] - [TRAIN] Loss: 0.6059, Accuracy: 69.90%, AUC: 0.69 [VAL] Loss: 0.6094, Accuracy: 68.89%, Precision: 0.72, Recall: 0.54, F1-Score: 0.62, AUC: 0.68
Epoch [94/100] - [TRAIN] Loss: 0.6075, Accuracy: 69.59%, AUC: 0.69 [VAL] Loss: 0.6120, Accuracy: 69.18%, Precision: 0.74, Recall: 0.55, F1-Score: 0.63, AUC: 0.69
Epoch [95/100] - [TRAIN] Loss: 0.6074, Accuracy: 69.76%, AUC: 0.69 [VAL] Loss: 0.6081, Accuracy: 69.63%, Precision: 0.74, Recall: 0.55, F1-Score: 0.63, AUC: 0.69
Epoch [96/100] - [TRAIN] Loss: 0.6061, Accuracy: 70.05%, AUC: 0.69 [VAL] Loss: 0.6030, Accuracy: 69.50%, Precision: 0.73, Recall: 0.56, F1-Score: 0.63, AUC: 0.69
Epoch [97/100] - [TRAIN] Loss: 0.6068, Accuracy: 69.75%, AUC: 0.69 [VAL] Loss: 0.6103, Accuracy: 69.38%, Precision: 0.73, Recall: 0.55, F1-Score: 0.63, AUC: 0.69
Epoch [98/100] - [TRAIN] Loss: 0.6071, Accuracy: 69.70%, AUC: 0.69 [VAL] Loss: 0.6087, Accuracy: 69.47%, Precision: 0.73, Recall: 0.56, F1-Score: 0.63, AUC: 0.69
Epoch [99/100] - [TRAIN] Loss: 0.6075, Accuracy: 69.80%, AUC: 0.69 [VAL] Loss: 0.6099, Accuracy: 69.10%, Precision: 0.74, Recall: 0.55, F1-Score: 0.63, AUC: 0.69
Epoch [100/100] - [TRAIN] Loss: 0.6093, Accuracy: 69.72%, AUC: 0.69 [VAL] Loss: 0.6111, Accuracy: 69.57%, Precision: 0.73, Recall: 0.56, F1-Score: 0.63, AUC: 0.69
Accuracy Score on test set: 69.06 %
    AUC Score on test set: 0.69
    Precision: 0.7418
    Recall: 0.5582
    F1-Score: 0.6370

    Detailed Classification Report:
                  precision    recall  f1-score   support

           0       0.66      0.82      0.73      5136
           1       0.74      0.56      0.64      4864

    accuracy                           0.69     10000
   macro avg       0.70      0.69      0.68     10000
weighted avg       0.70      0.69      0.68     10000


    Confusion Matrix:
    [[4191  945]
 [2149 2715]]
    
011-H3K9ac-H3K27me3
Epoch [1/100] - [TRAIN] Loss: 0.6789, Accuracy: 63.55%, AUC: 0.63 [VAL] Loss: 0.6584, Accuracy: 68.52%, Precision: 0.71, Recall: 0.59, F1-Score: 0.64, AUC: 0.68
Epoch [2/100] - [TRAIN] Loss: 0.6505, Accuracy: 68.89%, AUC: 0.68 [VAL] Loss: 0.6449, Accuracy: 69.00%, Precision: 0.70, Recall: 0.60, F1-Score: 0.65, AUC: 0.69
Epoch [3/100] - [TRAIN] Loss: 0.6447, Accuracy: 69.16%, AUC: 0.69 [VAL] Loss: 0.6451, Accuracy: 68.64%, Precision: 0.70, Recall: 0.59, F1-Score: 0.64, AUC: 0.68
Epoch [4/100] - [TRAIN] Loss: 0.6386, Accuracy: 69.17%, AUC: 0.69 [VAL] Loss: 0.6362, Accuracy: 69.28%, Precision: 0.70, Recall: 0.61, F1-Score: 0.65, AUC: 0.69
Epoch [5/100] - [TRAIN] Loss: 0.6354, Accuracy: 69.05%, AUC: 0.69 [VAL] Loss: 0.6297, Accuracy: 68.89%, Precision: 0.70, Recall: 0.60, F1-Score: 0.65, AUC: 0.68
Epoch [6/100] - [TRAIN] Loss: 0.6315, Accuracy: 68.89%, AUC: 0.68 [VAL] Loss: 0.6245, Accuracy: 69.68%, Precision: 0.70, Recall: 0.62, F1-Score: 0.66, AUC: 0.69
Epoch [7/100] - [TRAIN] Loss: 0.6301, Accuracy: 68.83%, AUC: 0.68 [VAL] Loss: 0.6305, Accuracy: 68.18%, Precision: 0.68, Recall: 0.61, F1-Score: 0.65, AUC: 0.68
Epoch [8/100] - [TRAIN] Loss: 0.6259, Accuracy: 69.18%, AUC: 0.69 [VAL] Loss: 0.6204, Accuracy: 69.53%, Precision: 0.70, Recall: 0.61, F1-Score: 0.66, AUC: 0.69
Epoch [9/100] - [TRAIN] Loss: 0.6227, Accuracy: 69.31%, AUC: 0.69 [VAL] Loss: 0.6133, Accuracy: 68.84%, Precision: 0.70, Recall: 0.60, F1-Score: 0.65, AUC: 0.68
Epoch [10/100] - [TRAIN] Loss: 0.6216, Accuracy: 69.23%, AUC: 0.69 [VAL] Loss: 0.6246, Accuracy: 68.42%, Precision: 0.70, Recall: 0.60, F1-Score: 0.65, AUC: 0.68
Epoch [11/100] - [TRAIN] Loss: 0.6187, Accuracy: 69.23%, AUC: 0.69 [VAL] Loss: 0.6109, Accuracy: 69.48%, Precision: 0.70, Recall: 0.62, F1-Score: 0.66, AUC: 0.69
Epoch [12/100] - [TRAIN] Loss: 0.6187, Accuracy: 69.13%, AUC: 0.69 [VAL] Loss: 0.6129, Accuracy: 69.43%, Precision: 0.70, Recall: 0.62, F1-Score: 0.66, AUC: 0.69
Epoch [13/100] - [TRAIN] Loss: 0.6183, Accuracy: 69.17%, AUC: 0.69 [VAL] Loss: 0.6134, Accuracy: 69.86%, Precision: 0.70, Recall: 0.62, F1-Score: 0.66, AUC: 0.69
Epoch [14/100] - [TRAIN] Loss: 0.6182, Accuracy: 68.97%, AUC: 0.69 [VAL] Loss: 0.6181, Accuracy: 68.32%, Precision: 0.68, Recall: 0.61, F1-Score: 0.64, AUC: 0.68
Epoch [15/100] - [TRAIN] Loss: 0.6148, Accuracy: 69.12%, AUC: 0.69 [VAL] Loss: 0.6101, Accuracy: 69.58%, Precision: 0.70, Recall: 0.63, F1-Score: 0.66, AUC: 0.69
Epoch [16/100] - [TRAIN] Loss: 0.6123, Accuracy: 69.55%, AUC: 0.69 [VAL] Loss: 0.6191, Accuracy: 68.52%, Precision: 0.68, Recall: 0.62, F1-Score: 0.65, AUC: 0.68
Epoch [17/100] - [TRAIN] Loss: 0.6120, Accuracy: 69.39%, AUC: 0.69 [VAL] Loss: 0.6118, Accuracy: 69.43%, Precision: 0.69, Recall: 0.63, F1-Score: 0.66, AUC: 0.69
Epoch [18/100] - [TRAIN] Loss: 0.6093, Accuracy: 69.50%, AUC: 0.69 [VAL] Loss: 0.6087, Accuracy: 68.84%, Precision: 0.69, Recall: 0.61, F1-Score: 0.65, AUC: 0.68
Epoch [19/100] - [TRAIN] Loss: 0.6135, Accuracy: 69.10%, AUC: 0.69 [VAL] Loss: 0.6030, Accuracy: 70.40%, Precision: 0.71, Recall: 0.64, F1-Score: 0.67, AUC: 0.70
Epoch [20/100] - [TRAIN] Loss: 0.6082, Accuracy: 69.39%, AUC: 0.69 [VAL] Loss: 0.6142, Accuracy: 68.78%, Precision: 0.68, Recall: 0.62, F1-Score: 0.65, AUC: 0.68
Epoch [21/100] - [TRAIN] Loss: 0.6100, Accuracy: 69.42%, AUC: 0.69 [VAL] Loss: 0.6060, Accuracy: 69.59%, Precision: 0.69, Recall: 0.63, F1-Score: 0.66, AUC: 0.69
Epoch [22/100] - [TRAIN] Loss: 0.6103, Accuracy: 69.18%, AUC: 0.69 [VAL] Loss: 0.6100, Accuracy: 68.95%, Precision: 0.68, Recall: 0.63, F1-Score: 0.66, AUC: 0.69
Epoch [23/100] - [TRAIN] Loss: 0.6110, Accuracy: 69.18%, AUC: 0.69 [VAL] Loss: 0.6087, Accuracy: 69.11%, Precision: 0.69, Recall: 0.63, F1-Score: 0.66, AUC: 0.69
Epoch [24/100] - [TRAIN] Loss: 0.6093, Accuracy: 69.22%, AUC: 0.69 [VAL] Loss: 0.6044, Accuracy: 69.79%, Precision: 0.70, Recall: 0.63, F1-Score: 0.66, AUC: 0.69
Epoch [25/100] - [TRAIN] Loss: 0.6084, Accuracy: 69.26%, AUC: 0.69 [VAL] Loss: 0.6055, Accuracy: 69.31%, Precision: 0.69, Recall: 0.64, F1-Score: 0.66, AUC: 0.69
Epoch [26/100] - [TRAIN] Loss: 0.6082, Accuracy: 69.40%, AUC: 0.69 [VAL] Loss: 0.6091, Accuracy: 68.71%, Precision: 0.69, Recall: 0.62, F1-Score: 0.66, AUC: 0.68
Epoch [27/100] - [TRAIN] Loss: 0.6070, Accuracy: 69.14%, AUC: 0.69 [VAL] Loss: 0.6080, Accuracy: 68.47%, Precision: 0.68, Recall: 0.62, F1-Score: 0.65, AUC: 0.68
Epoch [28/100] - [TRAIN] Loss: 0.6058, Accuracy: 69.60%, AUC: 0.69 [VAL] Loss: 0.6055, Accuracy: 69.07%, Precision: 0.69, Recall: 0.64, F1-Score: 0.66, AUC: 0.69
Epoch [29/100] - [TRAIN] Loss: 0.6098, Accuracy: 69.12%, AUC: 0.69 [VAL] Loss: 0.6031, Accuracy: 69.34%, Precision: 0.69, Recall: 0.63, F1-Score: 0.66, AUC: 0.69
Epoch [30/100] - [TRAIN] Loss: 0.6078, Accuracy: 69.32%, AUC: 0.69 [VAL] Loss: 0.6138, Accuracy: 68.75%, Precision: 0.70, Recall: 0.63, F1-Score: 0.66, AUC: 0.69
Epoch [31/100] - [TRAIN] Loss: 0.6045, Accuracy: 69.33%, AUC: 0.69 [VAL] Loss: 0.6093, Accuracy: 69.12%, Precision: 0.69, Recall: 0.63, F1-Score: 0.66, AUC: 0.69
Epoch [32/100] - [TRAIN] Loss: 0.6088, Accuracy: 69.16%, AUC: 0.69 [VAL] Loss: 0.6035, Accuracy: 69.37%, Precision: 0.69, Recall: 0.63, F1-Score: 0.66, AUC: 0.69
Epoch [33/100] - [TRAIN] Loss: 0.6053, Accuracy: 69.25%, AUC: 0.69 [VAL] Loss: 0.6095, Accuracy: 68.58%, Precision: 0.69, Recall: 0.61, F1-Score: 0.65, AUC: 0.68
Epoch [34/100] - [TRAIN] Loss: 0.6099, Accuracy: 68.97%, AUC: 0.69 [VAL] Loss: 0.6050, Accuracy: 69.07%, Precision: 0.69, Recall: 0.63, F1-Score: 0.66, AUC: 0.69
Epoch [35/100] - [TRAIN] Loss: 0.6067, Accuracy: 69.47%, AUC: 0.69 [VAL] Loss: 0.6092, Accuracy: 69.29%, Precision: 0.68, Recall: 0.64, F1-Score: 0.66, AUC: 0.69
Epoch [36/100] - [TRAIN] Loss: 0.6056, Accuracy: 69.36%, AUC: 0.69 [VAL] Loss: 0.6125, Accuracy: 68.52%, Precision: 0.69, Recall: 0.62, F1-Score: 0.66, AUC: 0.68
Epoch [37/100] - [TRAIN] Loss: 0.6069, Accuracy: 69.22%, AUC: 0.69 [VAL] Loss: 0.6010, Accuracy: 69.11%, Precision: 0.69, Recall: 0.63, F1-Score: 0.66, AUC: 0.69
Epoch [38/100] - [TRAIN] Loss: 0.6075, Accuracy: 69.29%, AUC: 0.69 [VAL] Loss: 0.6079, Accuracy: 69.03%, Precision: 0.68, Recall: 0.63, F1-Score: 0.66, AUC: 0.69
Epoch [39/100] - [TRAIN] Loss: 0.6083, Accuracy: 69.12%, AUC: 0.69 [VAL] Loss: 0.6123, Accuracy: 68.75%, Precision: 0.68, Recall: 0.62, F1-Score: 0.65, AUC: 0.68
Epoch [40/100] - [TRAIN] Loss: 0.6074, Accuracy: 69.31%, AUC: 0.69 [VAL] Loss: 0.6039, Accuracy: 69.33%, Precision: 0.69, Recall: 0.63, F1-Score: 0.66, AUC: 0.69
Epoch [41/100] - [TRAIN] Loss: 0.6053, Accuracy: 69.59%, AUC: 0.69 [VAL] Loss: 0.6059, Accuracy: 69.12%, Precision: 0.68, Recall: 0.63, F1-Score: 0.66, AUC: 0.69
Epoch [42/100] - [TRAIN] Loss: 0.6065, Accuracy: 69.55%, AUC: 0.69 [VAL] Loss: 0.6059, Accuracy: 68.60%, Precision: 0.69, Recall: 0.62, F1-Score: 0.66, AUC: 0.68
Epoch [43/100] - [TRAIN] Loss: 0.6054, Accuracy: 69.53%, AUC: 0.69 [VAL] Loss: 0.6100, Accuracy: 68.90%, Precision: 0.69, Recall: 0.62, F1-Score: 0.65, AUC: 0.69
Epoch [44/100] - [TRAIN] Loss: 0.6071, Accuracy: 69.25%, AUC: 0.69 [VAL] Loss: 0.6115, Accuracy: 68.47%, Precision: 0.67, Recall: 0.62, F1-Score: 0.65, AUC: 0.68
Epoch [45/100] - [TRAIN] Loss: 0.6061, Accuracy: 69.39%, AUC: 0.69 [VAL] Loss: 0.6057, Accuracy: 68.99%, Precision: 0.68, Recall: 0.63, F1-Score: 0.65, AUC: 0.69
Epoch [46/100] - [TRAIN] Loss: 0.6071, Accuracy: 69.42%, AUC: 0.69 [VAL] Loss: 0.6060, Accuracy: 69.47%, Precision: 0.70, Recall: 0.63, F1-Score: 0.66, AUC: 0.69
Epoch [47/100] - [TRAIN] Loss: 0.6064, Accuracy: 69.46%, AUC: 0.69 [VAL] Loss: 0.6202, Accuracy: 67.73%, Precision: 0.68, Recall: 0.61, F1-Score: 0.64, AUC: 0.67
Epoch [48/100] - [TRAIN] Loss: 0.6075, Accuracy: 69.24%, AUC: 0.69 [VAL] Loss: 0.6123, Accuracy: 68.52%, Precision: 0.69, Recall: 0.62, F1-Score: 0.65, AUC: 0.68
Epoch [49/100] - [TRAIN] Loss: 0.6066, Accuracy: 69.26%, AUC: 0.69 [VAL] Loss: 0.6112, Accuracy: 68.08%, Precision: 0.68, Recall: 0.62, F1-Score: 0.65, AUC: 0.68
Epoch [50/100] - [TRAIN] Loss: 0.6049, Accuracy: 69.43%, AUC: 0.69 [VAL] Loss: 0.6099, Accuracy: 68.92%, Precision: 0.69, Recall: 0.63, F1-Score: 0.65, AUC: 0.69
Epoch [51/100] - [TRAIN] Loss: 0.6062, Accuracy: 69.31%, AUC: 0.69 [VAL] Loss: 0.6013, Accuracy: 69.02%, Precision: 0.70, Recall: 0.63, F1-Score: 0.66, AUC: 0.69
Epoch [52/100] - [TRAIN] Loss: 0.6070, Accuracy: 69.39%, AUC: 0.69 [VAL] Loss: 0.6017, Accuracy: 69.27%, Precision: 0.69, Recall: 0.63, F1-Score: 0.66, AUC: 0.69
Epoch [53/100] - [TRAIN] Loss: 0.6086, Accuracy: 69.23%, AUC: 0.69 [VAL] Loss: 0.6061, Accuracy: 69.01%, Precision: 0.69, Recall: 0.62, F1-Score: 0.66, AUC: 0.69
Epoch [54/100] - [TRAIN] Loss: 0.6095, Accuracy: 68.97%, AUC: 0.69 [VAL] Loss: 0.5986, Accuracy: 69.52%, Precision: 0.69, Recall: 0.64, F1-Score: 0.66, AUC: 0.69
Epoch [55/100] - [TRAIN] Loss: 0.6079, Accuracy: 69.39%, AUC: 0.69 [VAL] Loss: 0.6142, Accuracy: 68.53%, Precision: 0.69, Recall: 0.62, F1-Score: 0.65, AUC: 0.68
Epoch [56/100] - [TRAIN] Loss: 0.6055, Accuracy: 69.64%, AUC: 0.69 [VAL] Loss: 0.6102, Accuracy: 69.30%, Precision: 0.70, Recall: 0.63, F1-Score: 0.66, AUC: 0.69
Epoch [57/100] - [TRAIN] Loss: 0.6075, Accuracy: 69.46%, AUC: 0.69 [VAL] Loss: 0.5998, Accuracy: 68.41%, Precision: 0.68, Recall: 0.63, F1-Score: 0.65, AUC: 0.68
Epoch [58/100] - [TRAIN] Loss: 0.6068, Accuracy: 69.18%, AUC: 0.69 [VAL] Loss: 0.6097, Accuracy: 69.04%, Precision: 0.68, Recall: 0.63, F1-Score: 0.66, AUC: 0.69
Epoch [59/100] - [TRAIN] Loss: 0.6058, Accuracy: 69.60%, AUC: 0.69 [VAL] Loss: 0.6030, Accuracy: 69.46%, Precision: 0.70, Recall: 0.62, F1-Score: 0.66, AUC: 0.69
Epoch [60/100] - [TRAIN] Loss: 0.6071, Accuracy: 69.20%, AUC: 0.69 [VAL] Loss: 0.6079, Accuracy: 69.09%, Precision: 0.69, Recall: 0.63, F1-Score: 0.65, AUC: 0.69
Epoch [61/100] - [TRAIN] Loss: 0.6061, Accuracy: 69.37%, AUC: 0.69 [VAL] Loss: 0.6134, Accuracy: 68.73%, Precision: 0.68, Recall: 0.62, F1-Score: 0.65, AUC: 0.68
Epoch [62/100] - [TRAIN] Loss: 0.6057, Accuracy: 69.41%, AUC: 0.69 [VAL] Loss: 0.6063, Accuracy: 68.72%, Precision: 0.69, Recall: 0.63, F1-Score: 0.66, AUC: 0.68
Epoch [63/100] - [TRAIN] Loss: 0.6034, Accuracy: 69.63%, AUC: 0.69 [VAL] Loss: 0.6064, Accuracy: 69.27%, Precision: 0.69, Recall: 0.63, F1-Score: 0.66, AUC: 0.69
Epoch [64/100] - [TRAIN] Loss: 0.6053, Accuracy: 69.38%, AUC: 0.69 [VAL] Loss: 0.6090, Accuracy: 68.51%, Precision: 0.68, Recall: 0.62, F1-Score: 0.65, AUC: 0.68
Epoch [65/100] - [TRAIN] Loss: 0.6070, Accuracy: 69.51%, AUC: 0.69 [VAL] Loss: 0.6047, Accuracy: 69.31%, Precision: 0.69, Recall: 0.63, F1-Score: 0.66, AUC: 0.69
Epoch [66/100] - [TRAIN] Loss: 0.6084, Accuracy: 69.25%, AUC: 0.69 [VAL] Loss: 0.6029, Accuracy: 68.85%, Precision: 0.69, Recall: 0.64, F1-Score: 0.66, AUC: 0.69
Epoch [67/100] - [TRAIN] Loss: 0.6062, Accuracy: 69.45%, AUC: 0.69 [VAL] Loss: 0.6094, Accuracy: 68.60%, Precision: 0.68, Recall: 0.62, F1-Score: 0.65, AUC: 0.68
Epoch [68/100] - [TRAIN] Loss: 0.6061, Accuracy: 69.25%, AUC: 0.69 [VAL] Loss: 0.6008, Accuracy: 69.52%, Precision: 0.69, Recall: 0.63, F1-Score: 0.66, AUC: 0.69
Epoch [69/100] - [TRAIN] Loss: 0.6075, Accuracy: 69.22%, AUC: 0.69 [VAL] Loss: 0.6085, Accuracy: 68.81%, Precision: 0.69, Recall: 0.62, F1-Score: 0.65, AUC: 0.68
Epoch [70/100] - [TRAIN] Loss: 0.6079, Accuracy: 69.24%, AUC: 0.69 [VAL] Loss: 0.6083, Accuracy: 68.95%, Precision: 0.69, Recall: 0.63, F1-Score: 0.66, AUC: 0.69
Epoch [71/100] - [TRAIN] Loss: 0.6071, Accuracy: 69.34%, AUC: 0.69 [VAL] Loss: 0.6110, Accuracy: 68.71%, Precision: 0.69, Recall: 0.63, F1-Score: 0.66, AUC: 0.68
Epoch [72/100] - [TRAIN] Loss: 0.6071, Accuracy: 69.30%, AUC: 0.69 [VAL] Loss: 0.6111, Accuracy: 69.20%, Precision: 0.69, Recall: 0.63, F1-Score: 0.66, AUC: 0.69
Epoch [73/100] - [TRAIN] Loss: 0.6057, Accuracy: 69.40%, AUC: 0.69 [VAL] Loss: 0.6081, Accuracy: 69.28%, Precision: 0.69, Recall: 0.63, F1-Score: 0.66, AUC: 0.69
Epoch [74/100] - [TRAIN] Loss: 0.6068, Accuracy: 69.32%, AUC: 0.69 [VAL] Loss: 0.6195, Accuracy: 67.70%, Precision: 0.68, Recall: 0.61, F1-Score: 0.64, AUC: 0.67
Epoch [75/100] - [TRAIN] Loss: 0.6098, Accuracy: 69.07%, AUC: 0.69 [VAL] Loss: 0.6053, Accuracy: 69.26%, Precision: 0.69, Recall: 0.63, F1-Score: 0.66, AUC: 0.69
Epoch [76/100] - [TRAIN] Loss: 0.6103, Accuracy: 68.97%, AUC: 0.69 [VAL] Loss: 0.6134, Accuracy: 68.12%, Precision: 0.68, Recall: 0.62, F1-Score: 0.65, AUC: 0.68
Epoch [77/100] - [TRAIN] Loss: 0.6076, Accuracy: 69.02%, AUC: 0.69 [VAL] Loss: 0.6001, Accuracy: 69.67%, Precision: 0.69, Recall: 0.64, F1-Score: 0.66, AUC: 0.69
Epoch [78/100] - [TRAIN] Loss: 0.6050, Accuracy: 69.30%, AUC: 0.69 [VAL] Loss: 0.6111, Accuracy: 68.48%, Precision: 0.69, Recall: 0.62, F1-Score: 0.65, AUC: 0.68
Epoch [79/100] - [TRAIN] Loss: 0.6075, Accuracy: 69.30%, AUC: 0.69 [VAL] Loss: 0.6060, Accuracy: 69.18%, Precision: 0.69, Recall: 0.63, F1-Score: 0.66, AUC: 0.69
Epoch [80/100] - [TRAIN] Loss: 0.6095, Accuracy: 69.40%, AUC: 0.69 [VAL] Loss: 0.6052, Accuracy: 69.58%, Precision: 0.69, Recall: 0.64, F1-Score: 0.67, AUC: 0.69
Epoch [81/100] - [TRAIN] Loss: 0.6066, Accuracy: 69.40%, AUC: 0.69 [VAL] Loss: 0.6049, Accuracy: 68.94%, Precision: 0.69, Recall: 0.63, F1-Score: 0.66, AUC: 0.69
Epoch [82/100] - [TRAIN] Loss: 0.6084, Accuracy: 69.27%, AUC: 0.69 [VAL] Loss: 0.6045, Accuracy: 69.73%, Precision: 0.69, Recall: 0.64, F1-Score: 0.66, AUC: 0.69
Epoch [83/100] - [TRAIN] Loss: 0.6091, Accuracy: 69.08%, AUC: 0.69 [VAL] Loss: 0.6051, Accuracy: 69.45%, Precision: 0.69, Recall: 0.63, F1-Score: 0.66, AUC: 0.69
Epoch [84/100] - [TRAIN] Loss: 0.6088, Accuracy: 69.29%, AUC: 0.69 [VAL] Loss: 0.6132, Accuracy: 68.64%, Precision: 0.69, Recall: 0.63, F1-Score: 0.66, AUC: 0.68
Epoch [85/100] - [TRAIN] Loss: 0.6090, Accuracy: 68.92%, AUC: 0.69 [VAL] Loss: 0.6060, Accuracy: 69.08%, Precision: 0.70, Recall: 0.63, F1-Score: 0.66, AUC: 0.69
Epoch [86/100] - [TRAIN] Loss: 0.6062, Accuracy: 69.52%, AUC: 0.69 [VAL] Loss: 0.6018, Accuracy: 69.26%, Precision: 0.68, Recall: 0.63, F1-Score: 0.65, AUC: 0.69
Epoch [87/100] - [TRAIN] Loss: 0.6088, Accuracy: 69.03%, AUC: 0.69 [VAL] Loss: 0.6123, Accuracy: 68.22%, Precision: 0.67, Recall: 0.62, F1-Score: 0.64, AUC: 0.68
Epoch [88/100] - [TRAIN] Loss: 0.6064, Accuracy: 69.38%, AUC: 0.69 [VAL] Loss: 0.6093, Accuracy: 68.28%, Precision: 0.67, Recall: 0.62, F1-Score: 0.64, AUC: 0.68
Epoch [89/100] - [TRAIN] Loss: 0.6084, Accuracy: 69.05%, AUC: 0.69 [VAL] Loss: 0.6056, Accuracy: 69.34%, Precision: 0.69, Recall: 0.63, F1-Score: 0.66, AUC: 0.69
Epoch [90/100] - [TRAIN] Loss: 0.6046, Accuracy: 69.66%, AUC: 0.69 [VAL] Loss: 0.6073, Accuracy: 69.43%, Precision: 0.68, Recall: 0.63, F1-Score: 0.66, AUC: 0.69
Epoch [91/100] - [TRAIN] Loss: 0.6050, Accuracy: 69.45%, AUC: 0.69 [VAL] Loss: 0.6108, Accuracy: 68.98%, Precision: 0.69, Recall: 0.63, F1-Score: 0.66, AUC: 0.69
Epoch [92/100] - [TRAIN] Loss: 0.6040, Accuracy: 69.36%, AUC: 0.69 [VAL] Loss: 0.6050, Accuracy: 68.76%, Precision: 0.68, Recall: 0.63, F1-Score: 0.66, AUC: 0.68
Epoch [93/100] - [TRAIN] Loss: 0.6071, Accuracy: 69.18%, AUC: 0.69 [VAL] Loss: 0.5994, Accuracy: 69.68%, Precision: 0.70, Recall: 0.64, F1-Score: 0.67, AUC: 0.69
Epoch [94/100] - [TRAIN] Loss: 0.6078, Accuracy: 69.14%, AUC: 0.69 [VAL] Loss: 0.6103, Accuracy: 69.15%, Precision: 0.70, Recall: 0.62, F1-Score: 0.66, AUC: 0.69
Epoch [95/100] - [TRAIN] Loss: 0.6044, Accuracy: 69.42%, AUC: 0.69 [VAL] Loss: 0.6037, Accuracy: 69.12%, Precision: 0.69, Recall: 0.62, F1-Score: 0.66, AUC: 0.69
Epoch [96/100] - [TRAIN] Loss: 0.6052, Accuracy: 69.56%, AUC: 0.69 [VAL] Loss: 0.6053, Accuracy: 69.26%, Precision: 0.68, Recall: 0.63, F1-Score: 0.66, AUC: 0.69
Epoch [97/100] - [TRAIN] Loss: 0.6072, Accuracy: 69.06%, AUC: 0.69 [VAL] Loss: 0.6017, Accuracy: 69.69%, Precision: 0.69, Recall: 0.64, F1-Score: 0.66, AUC: 0.69
Epoch [98/100] - [TRAIN] Loss: 0.6070, Accuracy: 69.29%, AUC: 0.69 [VAL] Loss: 0.6037, Accuracy: 69.49%, Precision: 0.69, Recall: 0.64, F1-Score: 0.66, AUC: 0.69
Epoch [99/100] - [TRAIN] Loss: 0.6063, Accuracy: 69.27%, AUC: 0.69 [VAL] Loss: 0.6099, Accuracy: 69.07%, Precision: 0.69, Recall: 0.63, F1-Score: 0.66, AUC: 0.69
Epoch [100/100] - [TRAIN] Loss: 0.6067, Accuracy: 69.21%, AUC: 0.69 [VAL] Loss: 0.6079, Accuracy: 68.92%, Precision: 0.68, Recall: 0.64, F1-Score: 0.66, AUC: 0.69
Accuracy Score on test set: 69.20 %
    AUC Score on test set: 0.69
    Precision: 0.6843
    Recall: 0.6364
    F1-Score: 0.6595

    Detailed Classification Report:
                  precision    recall  f1-score   support

           0       0.70      0.74      0.72      5313
           1       0.68      0.64      0.66      4687

    accuracy                           0.69     10000
   macro avg       0.69      0.69      0.69     10000
weighted avg       0.69      0.69      0.69     10000


    Confusion Matrix:
    [[3937 1376]
 [1704 2983]]
    
012-H3K9me3-H3K27ac
Epoch [1/100] - [TRAIN] Loss: 0.6846, Accuracy: 60.29%, AUC: 0.61 [VAL] Loss: 0.6602, Accuracy: 64.91%, Precision: 0.59, Recall: 0.79, F1-Score: 0.68, AUC: 0.66
Epoch [2/100] - [TRAIN] Loss: 0.6625, Accuracy: 65.27%, AUC: 0.66 [VAL] Loss: 0.6535, Accuracy: 68.69%, Precision: 0.69, Recall: 0.58, F1-Score: 0.63, AUC: 0.68
Epoch [3/100] - [TRAIN] Loss: 0.6521, Accuracy: 68.77%, AUC: 0.68 [VAL] Loss: 0.6535, Accuracy: 68.66%, Precision: 0.70, Recall: 0.58, F1-Score: 0.64, AUC: 0.68
Epoch [4/100] - [TRAIN] Loss: 0.6499, Accuracy: 68.76%, AUC: 0.68 [VAL] Loss: 0.6365, Accuracy: 69.08%, Precision: 0.71, Recall: 0.58, F1-Score: 0.63, AUC: 0.68
Epoch [5/100] - [TRAIN] Loss: 0.6421, Accuracy: 68.89%, AUC: 0.68 [VAL] Loss: 0.6342, Accuracy: 69.03%, Precision: 0.72, Recall: 0.58, F1-Score: 0.64, AUC: 0.69
Epoch [6/100] - [TRAIN] Loss: 0.6407, Accuracy: 68.70%, AUC: 0.68 [VAL] Loss: 0.6326, Accuracy: 68.73%, Precision: 0.71, Recall: 0.56, F1-Score: 0.63, AUC: 0.68
Epoch [7/100] - [TRAIN] Loss: 0.6367, Accuracy: 68.64%, AUC: 0.68 [VAL] Loss: 0.6337, Accuracy: 68.57%, Precision: 0.72, Recall: 0.55, F1-Score: 0.62, AUC: 0.68
Epoch [8/100] - [TRAIN] Loss: 0.6333, Accuracy: 69.01%, AUC: 0.68 [VAL] Loss: 0.6293, Accuracy: 68.38%, Precision: 0.72, Recall: 0.55, F1-Score: 0.62, AUC: 0.68
Epoch [9/100] - [TRAIN] Loss: 0.6299, Accuracy: 69.00%, AUC: 0.68 [VAL] Loss: 0.6316, Accuracy: 68.57%, Precision: 0.70, Recall: 0.56, F1-Score: 0.63, AUC: 0.68
Epoch [10/100] - [TRAIN] Loss: 0.6296, Accuracy: 69.10%, AUC: 0.69 [VAL] Loss: 0.6261, Accuracy: 69.15%, Precision: 0.73, Recall: 0.56, F1-Score: 0.64, AUC: 0.69
Epoch [11/100] - [TRAIN] Loss: 0.6294, Accuracy: 69.12%, AUC: 0.69 [VAL] Loss: 0.6275, Accuracy: 68.27%, Precision: 0.73, Recall: 0.54, F1-Score: 0.62, AUC: 0.68
Epoch [12/100] - [TRAIN] Loss: 0.6263, Accuracy: 68.86%, AUC: 0.68 [VAL] Loss: 0.6199, Accuracy: 69.23%, Precision: 0.73, Recall: 0.56, F1-Score: 0.63, AUC: 0.69
Epoch [13/100] - [TRAIN] Loss: 0.6240, Accuracy: 69.06%, AUC: 0.68 [VAL] Loss: 0.6230, Accuracy: 68.55%, Precision: 0.72, Recall: 0.55, F1-Score: 0.62, AUC: 0.68
Epoch [14/100] - [TRAIN] Loss: 0.6216, Accuracy: 69.29%, AUC: 0.69 [VAL] Loss: 0.6236, Accuracy: 68.41%, Precision: 0.72, Recall: 0.56, F1-Score: 0.63, AUC: 0.68
Epoch [15/100] - [TRAIN] Loss: 0.6203, Accuracy: 69.16%, AUC: 0.69 [VAL] Loss: 0.6245, Accuracy: 68.17%, Precision: 0.72, Recall: 0.54, F1-Score: 0.62, AUC: 0.68
Epoch [16/100] - [TRAIN] Loss: 0.6216, Accuracy: 69.00%, AUC: 0.68 [VAL] Loss: 0.6218, Accuracy: 67.70%, Precision: 0.71, Recall: 0.55, F1-Score: 0.62, AUC: 0.67
Epoch [17/100] - [TRAIN] Loss: 0.6188, Accuracy: 69.12%, AUC: 0.68 [VAL] Loss: 0.6168, Accuracy: 69.05%, Precision: 0.72, Recall: 0.57, F1-Score: 0.64, AUC: 0.69
Epoch [18/100] - [TRAIN] Loss: 0.6169, Accuracy: 69.25%, AUC: 0.69 [VAL] Loss: 0.6098, Accuracy: 69.34%, Precision: 0.73, Recall: 0.57, F1-Score: 0.64, AUC: 0.69
Epoch [19/100] - [TRAIN] Loss: 0.6151, Accuracy: 69.21%, AUC: 0.69 [VAL] Loss: 0.6097, Accuracy: 69.61%, Precision: 0.73, Recall: 0.57, F1-Score: 0.64, AUC: 0.69
Epoch [20/100] - [TRAIN] Loss: 0.6157, Accuracy: 69.29%, AUC: 0.69 [VAL] Loss: 0.6108, Accuracy: 69.10%, Precision: 0.71, Recall: 0.56, F1-Score: 0.63, AUC: 0.68
Epoch [21/100] - [TRAIN] Loss: 0.6131, Accuracy: 69.34%, AUC: 0.69 [VAL] Loss: 0.6058, Accuracy: 69.51%, Precision: 0.73, Recall: 0.56, F1-Score: 0.64, AUC: 0.69
Epoch [22/100] - [TRAIN] Loss: 0.6154, Accuracy: 69.19%, AUC: 0.69 [VAL] Loss: 0.6116, Accuracy: 68.88%, Precision: 0.72, Recall: 0.56, F1-Score: 0.63, AUC: 0.68
Epoch [23/100] - [TRAIN] Loss: 0.6152, Accuracy: 68.94%, AUC: 0.68 [VAL] Loss: 0.6115, Accuracy: 69.07%, Precision: 0.72, Recall: 0.56, F1-Score: 0.63, AUC: 0.68
Epoch [24/100] - [TRAIN] Loss: 0.6128, Accuracy: 69.07%, AUC: 0.69 [VAL] Loss: 0.6034, Accuracy: 69.89%, Precision: 0.73, Recall: 0.58, F1-Score: 0.65, AUC: 0.69
Epoch [25/100] - [TRAIN] Loss: 0.6093, Accuracy: 69.41%, AUC: 0.69 [VAL] Loss: 0.6051, Accuracy: 68.88%, Precision: 0.71, Recall: 0.57, F1-Score: 0.64, AUC: 0.68
Epoch [26/100] - [TRAIN] Loss: 0.6112, Accuracy: 69.12%, AUC: 0.69 [VAL] Loss: 0.6104, Accuracy: 69.71%, Precision: 0.73, Recall: 0.59, F1-Score: 0.65, AUC: 0.69
Epoch [27/100] - [TRAIN] Loss: 0.6111, Accuracy: 69.16%, AUC: 0.69 [VAL] Loss: 0.6066, Accuracy: 69.17%, Precision: 0.71, Recall: 0.56, F1-Score: 0.63, AUC: 0.68
Epoch [28/100] - [TRAIN] Loss: 0.6115, Accuracy: 68.96%, AUC: 0.68 [VAL] Loss: 0.6069, Accuracy: 69.41%, Precision: 0.71, Recall: 0.58, F1-Score: 0.64, AUC: 0.69
Epoch [29/100] - [TRAIN] Loss: 0.6100, Accuracy: 69.09%, AUC: 0.69 [VAL] Loss: 0.6115, Accuracy: 68.13%, Precision: 0.71, Recall: 0.56, F1-Score: 0.63, AUC: 0.68
Epoch [30/100] - [TRAIN] Loss: 0.6099, Accuracy: 69.04%, AUC: 0.69 [VAL] Loss: 0.6091, Accuracy: 69.27%, Precision: 0.72, Recall: 0.58, F1-Score: 0.64, AUC: 0.69
Epoch [31/100] - [TRAIN] Loss: 0.6109, Accuracy: 69.01%, AUC: 0.69 [VAL] Loss: 0.6105, Accuracy: 68.72%, Precision: 0.71, Recall: 0.58, F1-Score: 0.64, AUC: 0.68
Epoch [32/100] - [TRAIN] Loss: 0.6087, Accuracy: 69.23%, AUC: 0.69 [VAL] Loss: 0.6017, Accuracy: 69.94%, Precision: 0.74, Recall: 0.58, F1-Score: 0.65, AUC: 0.69
Epoch [33/100] - [TRAIN] Loss: 0.6078, Accuracy: 69.19%, AUC: 0.69 [VAL] Loss: 0.6101, Accuracy: 69.05%, Precision: 0.72, Recall: 0.56, F1-Score: 0.63, AUC: 0.68
Epoch [34/100] - [TRAIN] Loss: 0.6090, Accuracy: 68.90%, AUC: 0.68 [VAL] Loss: 0.6025, Accuracy: 69.85%, Precision: 0.73, Recall: 0.58, F1-Score: 0.65, AUC: 0.69
Epoch [35/100] - [TRAIN] Loss: 0.6093, Accuracy: 68.97%, AUC: 0.68 [VAL] Loss: 0.6016, Accuracy: 69.09%, Precision: 0.73, Recall: 0.58, F1-Score: 0.64, AUC: 0.69
Epoch [36/100] - [TRAIN] Loss: 0.6069, Accuracy: 69.24%, AUC: 0.69 [VAL] Loss: 0.6081, Accuracy: 68.61%, Precision: 0.71, Recall: 0.58, F1-Score: 0.63, AUC: 0.68
Epoch [37/100] - [TRAIN] Loss: 0.6087, Accuracy: 69.27%, AUC: 0.69 [VAL] Loss: 0.6054, Accuracy: 69.43%, Precision: 0.72, Recall: 0.58, F1-Score: 0.64, AUC: 0.69
Epoch [38/100] - [TRAIN] Loss: 0.6105, Accuracy: 69.21%, AUC: 0.69 [VAL] Loss: 0.6056, Accuracy: 69.76%, Precision: 0.72, Recall: 0.58, F1-Score: 0.65, AUC: 0.69
Epoch [39/100] - [TRAIN] Loss: 0.6115, Accuracy: 68.98%, AUC: 0.69 [VAL] Loss: 0.6028, Accuracy: 69.38%, Precision: 0.71, Recall: 0.58, F1-Score: 0.64, AUC: 0.69
Epoch [40/100] - [TRAIN] Loss: 0.6103, Accuracy: 68.85%, AUC: 0.68 [VAL] Loss: 0.6036, Accuracy: 69.47%, Precision: 0.71, Recall: 0.58, F1-Score: 0.64, AUC: 0.69
Epoch [41/100] - [TRAIN] Loss: 0.6105, Accuracy: 68.91%, AUC: 0.68 [VAL] Loss: 0.6056, Accuracy: 69.57%, Precision: 0.72, Recall: 0.59, F1-Score: 0.65, AUC: 0.69
Epoch [42/100] - [TRAIN] Loss: 0.6120, Accuracy: 68.65%, AUC: 0.68 [VAL] Loss: 0.6076, Accuracy: 68.53%, Precision: 0.71, Recall: 0.56, F1-Score: 0.63, AUC: 0.68
Epoch [43/100] - [TRAIN] Loss: 0.6103, Accuracy: 68.96%, AUC: 0.68 [VAL] Loss: 0.6107, Accuracy: 68.69%, Precision: 0.71, Recall: 0.57, F1-Score: 0.63, AUC: 0.68
Epoch [44/100] - [TRAIN] Loss: 0.6096, Accuracy: 69.11%, AUC: 0.69 [VAL] Loss: 0.6093, Accuracy: 68.28%, Precision: 0.71, Recall: 0.57, F1-Score: 0.63, AUC: 0.68
Epoch [45/100] - [TRAIN] Loss: 0.6102, Accuracy: 68.78%, AUC: 0.68 [VAL] Loss: 0.6026, Accuracy: 69.71%, Precision: 0.72, Recall: 0.58, F1-Score: 0.64, AUC: 0.69
Epoch [46/100] - [TRAIN] Loss: 0.6087, Accuracy: 69.03%, AUC: 0.69 [VAL] Loss: 0.6104, Accuracy: 69.07%, Precision: 0.71, Recall: 0.58, F1-Score: 0.64, AUC: 0.68
Epoch [47/100] - [TRAIN] Loss: 0.6070, Accuracy: 69.22%, AUC: 0.69 [VAL] Loss: 0.6112, Accuracy: 68.68%, Precision: 0.71, Recall: 0.57, F1-Score: 0.64, AUC: 0.68
Epoch [48/100] - [TRAIN] Loss: 0.6092, Accuracy: 68.82%, AUC: 0.68 [VAL] Loss: 0.6045, Accuracy: 69.40%, Precision: 0.72, Recall: 0.58, F1-Score: 0.64, AUC: 0.69
Epoch [49/100] - [TRAIN] Loss: 0.6109, Accuracy: 68.94%, AUC: 0.68 [VAL] Loss: 0.6080, Accuracy: 68.78%, Precision: 0.71, Recall: 0.58, F1-Score: 0.64, AUC: 0.68
Epoch [50/100] - [TRAIN] Loss: 0.6078, Accuracy: 69.36%, AUC: 0.69 [VAL] Loss: 0.6075, Accuracy: 68.77%, Precision: 0.72, Recall: 0.57, F1-Score: 0.63, AUC: 0.68
Epoch [51/100] - [TRAIN] Loss: 0.6107, Accuracy: 69.12%, AUC: 0.69 [VAL] Loss: 0.6033, Accuracy: 69.77%, Precision: 0.71, Recall: 0.58, F1-Score: 0.64, AUC: 0.69
Epoch [52/100] - [TRAIN] Loss: 0.6099, Accuracy: 69.19%, AUC: 0.69 [VAL] Loss: 0.6050, Accuracy: 69.17%, Precision: 0.71, Recall: 0.58, F1-Score: 0.64, AUC: 0.69
Epoch [53/100] - [TRAIN] Loss: 0.6080, Accuracy: 69.27%, AUC: 0.69 [VAL] Loss: 0.6074, Accuracy: 69.17%, Precision: 0.72, Recall: 0.57, F1-Score: 0.64, AUC: 0.69
Epoch [54/100] - [TRAIN] Loss: 0.6099, Accuracy: 69.09%, AUC: 0.69 [VAL] Loss: 0.6079, Accuracy: 69.27%, Precision: 0.71, Recall: 0.59, F1-Score: 0.64, AUC: 0.69
Epoch [55/100] - [TRAIN] Loss: 0.6082, Accuracy: 69.09%, AUC: 0.69 [VAL] Loss: 0.6034, Accuracy: 69.35%, Precision: 0.71, Recall: 0.59, F1-Score: 0.64, AUC: 0.69
Epoch [56/100] - [TRAIN] Loss: 0.6099, Accuracy: 69.03%, AUC: 0.69 [VAL] Loss: 0.6041, Accuracy: 69.33%, Precision: 0.72, Recall: 0.59, F1-Score: 0.65, AUC: 0.69
Epoch [57/100] - [TRAIN] Loss: 0.6093, Accuracy: 68.90%, AUC: 0.68 [VAL] Loss: 0.6044, Accuracy: 69.32%, Precision: 0.72, Recall: 0.58, F1-Score: 0.64, AUC: 0.69
Epoch [58/100] - [TRAIN] Loss: 0.6089, Accuracy: 69.03%, AUC: 0.68 [VAL] Loss: 0.6023, Accuracy: 69.07%, Precision: 0.71, Recall: 0.58, F1-Score: 0.64, AUC: 0.68
Epoch [59/100] - [TRAIN] Loss: 0.6083, Accuracy: 69.31%, AUC: 0.69 [VAL] Loss: 0.5979, Accuracy: 69.44%, Precision: 0.72, Recall: 0.58, F1-Score: 0.64, AUC: 0.69
Epoch [60/100] - [TRAIN] Loss: 0.6101, Accuracy: 68.98%, AUC: 0.68 [VAL] Loss: 0.6102, Accuracy: 68.94%, Precision: 0.71, Recall: 0.57, F1-Score: 0.63, AUC: 0.68
Epoch [61/100] - [TRAIN] Loss: 0.6081, Accuracy: 69.18%, AUC: 0.69 [VAL] Loss: 0.6059, Accuracy: 69.33%, Precision: 0.72, Recall: 0.58, F1-Score: 0.64, AUC: 0.69
Epoch [62/100] - [TRAIN] Loss: 0.6087, Accuracy: 69.12%, AUC: 0.69 [VAL] Loss: 0.6082, Accuracy: 68.84%, Precision: 0.71, Recall: 0.57, F1-Score: 0.63, AUC: 0.68
Epoch [63/100] - [TRAIN] Loss: 0.6090, Accuracy: 69.04%, AUC: 0.69 [VAL] Loss: 0.6121, Accuracy: 68.12%, Precision: 0.71, Recall: 0.57, F1-Score: 0.63, AUC: 0.68
Epoch [64/100] - [TRAIN] Loss: 0.6083, Accuracy: 69.20%, AUC: 0.69 [VAL] Loss: 0.6014, Accuracy: 69.38%, Precision: 0.71, Recall: 0.58, F1-Score: 0.64, AUC: 0.69
Epoch [65/100] - [TRAIN] Loss: 0.6079, Accuracy: 69.18%, AUC: 0.69 [VAL] Loss: 0.5997, Accuracy: 69.62%, Precision: 0.71, Recall: 0.59, F1-Score: 0.64, AUC: 0.69
Epoch [66/100] - [TRAIN] Loss: 0.6089, Accuracy: 69.19%, AUC: 0.69 [VAL] Loss: 0.5992, Accuracy: 70.13%, Precision: 0.72, Recall: 0.58, F1-Score: 0.65, AUC: 0.69
Epoch [67/100] - [TRAIN] Loss: 0.6090, Accuracy: 68.90%, AUC: 0.68 [VAL] Loss: 0.6067, Accuracy: 69.40%, Precision: 0.72, Recall: 0.57, F1-Score: 0.64, AUC: 0.69
Epoch [68/100] - [TRAIN] Loss: 0.6084, Accuracy: 68.95%, AUC: 0.68 [VAL] Loss: 0.6110, Accuracy: 68.72%, Precision: 0.70, Recall: 0.58, F1-Score: 0.63, AUC: 0.68
Epoch [69/100] - [TRAIN] Loss: 0.6075, Accuracy: 68.96%, AUC: 0.68 [VAL] Loss: 0.6016, Accuracy: 70.11%, Precision: 0.72, Recall: 0.59, F1-Score: 0.65, AUC: 0.70
Epoch [70/100] - [TRAIN] Loss: 0.6106, Accuracy: 68.82%, AUC: 0.68 [VAL] Loss: 0.6054, Accuracy: 69.43%, Precision: 0.71, Recall: 0.58, F1-Score: 0.64, AUC: 0.69
Epoch [71/100] - [TRAIN] Loss: 0.6084, Accuracy: 69.02%, AUC: 0.68 [VAL] Loss: 0.5994, Accuracy: 69.25%, Precision: 0.72, Recall: 0.58, F1-Score: 0.64, AUC: 0.69
Epoch [72/100] - [TRAIN] Loss: 0.6080, Accuracy: 69.19%, AUC: 0.69 [VAL] Loss: 0.6140, Accuracy: 68.45%, Precision: 0.71, Recall: 0.58, F1-Score: 0.63, AUC: 0.68
Epoch [73/100] - [TRAIN] Loss: 0.6066, Accuracy: 69.38%, AUC: 0.69 [VAL] Loss: 0.6108, Accuracy: 68.71%, Precision: 0.71, Recall: 0.58, F1-Score: 0.64, AUC: 0.68
Epoch [74/100] - [TRAIN] Loss: 0.6124, Accuracy: 68.82%, AUC: 0.68 [VAL] Loss: 0.6097, Accuracy: 68.53%, Precision: 0.70, Recall: 0.57, F1-Score: 0.63, AUC: 0.68
Epoch [75/100] - [TRAIN] Loss: 0.6080, Accuracy: 69.09%, AUC: 0.69 [VAL] Loss: 0.6081, Accuracy: 68.03%, Precision: 0.70, Recall: 0.57, F1-Score: 0.63, AUC: 0.68
Epoch [76/100] - [TRAIN] Loss: 0.6094, Accuracy: 69.04%, AUC: 0.69 [VAL] Loss: 0.6121, Accuracy: 68.48%, Precision: 0.71, Recall: 0.57, F1-Score: 0.63, AUC: 0.68
Epoch [77/100] - [TRAIN] Loss: 0.6096, Accuracy: 69.24%, AUC: 0.69 [VAL] Loss: 0.6034, Accuracy: 69.16%, Precision: 0.71, Recall: 0.58, F1-Score: 0.64, AUC: 0.69
Epoch [78/100] - [TRAIN] Loss: 0.6101, Accuracy: 68.94%, AUC: 0.68 [VAL] Loss: 0.6021, Accuracy: 69.90%, Precision: 0.72, Recall: 0.58, F1-Score: 0.64, AUC: 0.69
Epoch [79/100] - [TRAIN] Loss: 0.6095, Accuracy: 69.12%, AUC: 0.69 [VAL] Loss: 0.6057, Accuracy: 69.43%, Precision: 0.72, Recall: 0.58, F1-Score: 0.64, AUC: 0.69
Epoch [80/100] - [TRAIN] Loss: 0.6093, Accuracy: 68.97%, AUC: 0.68 [VAL] Loss: 0.6066, Accuracy: 69.34%, Precision: 0.71, Recall: 0.58, F1-Score: 0.64, AUC: 0.69
Epoch [81/100] - [TRAIN] Loss: 0.6132, Accuracy: 68.59%, AUC: 0.68 [VAL] Loss: 0.6065, Accuracy: 68.86%, Precision: 0.72, Recall: 0.57, F1-Score: 0.63, AUC: 0.68
Epoch [82/100] - [TRAIN] Loss: 0.6105, Accuracy: 68.97%, AUC: 0.68 [VAL] Loss: 0.6082, Accuracy: 68.68%, Precision: 0.72, Recall: 0.57, F1-Score: 0.64, AUC: 0.68
Epoch [83/100] - [TRAIN] Loss: 0.6104, Accuracy: 68.98%, AUC: 0.69 [VAL] Loss: 0.6051, Accuracy: 68.87%, Precision: 0.72, Recall: 0.57, F1-Score: 0.63, AUC: 0.68
Epoch [84/100] - [TRAIN] Loss: 0.6109, Accuracy: 68.99%, AUC: 0.69 [VAL] Loss: 0.6052, Accuracy: 69.54%, Precision: 0.72, Recall: 0.58, F1-Score: 0.64, AUC: 0.69
Epoch [85/100] - [TRAIN] Loss: 0.6109, Accuracy: 68.84%, AUC: 0.68 [VAL] Loss: 0.6062, Accuracy: 68.92%, Precision: 0.71, Recall: 0.57, F1-Score: 0.63, AUC: 0.68
Epoch [86/100] - [TRAIN] Loss: 0.6086, Accuracy: 69.15%, AUC: 0.69 [VAL] Loss: 0.6090, Accuracy: 69.27%, Precision: 0.71, Recall: 0.58, F1-Score: 0.64, AUC: 0.69
Epoch [87/100] - [TRAIN] Loss: 0.6115, Accuracy: 68.78%, AUC: 0.68 [VAL] Loss: 0.6010, Accuracy: 70.07%, Precision: 0.72, Recall: 0.59, F1-Score: 0.65, AUC: 0.69
Epoch [88/100] - [TRAIN] Loss: 0.6108, Accuracy: 68.78%, AUC: 0.68 [VAL] Loss: 0.6082, Accuracy: 68.91%, Precision: 0.71, Recall: 0.58, F1-Score: 0.64, AUC: 0.68
Epoch [89/100] - [TRAIN] Loss: 0.6094, Accuracy: 68.84%, AUC: 0.68 [VAL] Loss: 0.6049, Accuracy: 69.34%, Precision: 0.70, Recall: 0.59, F1-Score: 0.64, AUC: 0.69
Epoch [90/100] - [TRAIN] Loss: 0.6086, Accuracy: 69.15%, AUC: 0.69 [VAL] Loss: 0.6014, Accuracy: 69.85%, Precision: 0.71, Recall: 0.58, F1-Score: 0.64, AUC: 0.69
Epoch [91/100] - [TRAIN] Loss: 0.6099, Accuracy: 68.99%, AUC: 0.69 [VAL] Loss: 0.5986, Accuracy: 69.39%, Precision: 0.72, Recall: 0.58, F1-Score: 0.64, AUC: 0.69
Epoch [92/100] - [TRAIN] Loss: 0.6105, Accuracy: 68.99%, AUC: 0.69 [VAL] Loss: 0.6067, Accuracy: 69.04%, Precision: 0.70, Recall: 0.58, F1-Score: 0.64, AUC: 0.68
Epoch [93/100] - [TRAIN] Loss: 0.6083, Accuracy: 68.84%, AUC: 0.68 [VAL] Loss: 0.6002, Accuracy: 70.39%, Precision: 0.72, Recall: 0.58, F1-Score: 0.65, AUC: 0.70
Epoch [94/100] - [TRAIN] Loss: 0.6096, Accuracy: 69.05%, AUC: 0.69 [VAL] Loss: 0.6054, Accuracy: 69.73%, Precision: 0.72, Recall: 0.59, F1-Score: 0.65, AUC: 0.69
Epoch [95/100] - [TRAIN] Loss: 0.6106, Accuracy: 69.02%, AUC: 0.69 [VAL] Loss: 0.6036, Accuracy: 69.35%, Precision: 0.72, Recall: 0.57, F1-Score: 0.64, AUC: 0.69
Epoch [96/100] - [TRAIN] Loss: 0.6118, Accuracy: 68.76%, AUC: 0.68 [VAL] Loss: 0.6076, Accuracy: 69.40%, Precision: 0.71, Recall: 0.59, F1-Score: 0.64, AUC: 0.69
Epoch [97/100] - [TRAIN] Loss: 0.6113, Accuracy: 68.92%, AUC: 0.68 [VAL] Loss: 0.6008, Accuracy: 69.49%, Precision: 0.72, Recall: 0.58, F1-Score: 0.64, AUC: 0.69
Epoch [98/100] - [TRAIN] Loss: 0.6106, Accuracy: 68.96%, AUC: 0.69 [VAL] Loss: 0.6073, Accuracy: 68.86%, Precision: 0.71, Recall: 0.58, F1-Score: 0.64, AUC: 0.68
Epoch [99/100] - [TRAIN] Loss: 0.6066, Accuracy: 69.35%, AUC: 0.69 [VAL] Loss: 0.6056, Accuracy: 69.23%, Precision: 0.71, Recall: 0.58, F1-Score: 0.64, AUC: 0.69
Epoch [100/100] - [TRAIN] Loss: 0.6077, Accuracy: 69.08%, AUC: 0.69 [VAL] Loss: 0.6016, Accuracy: 69.63%, Precision: 0.72, Recall: 0.59, F1-Score: 0.65, AUC: 0.69
Accuracy Score on test set: 69.79 %
    AUC Score on test set: 0.69
    Precision: 0.7245
    Recall: 0.5825
    F1-Score: 0.6458

    Detailed Classification Report:
                  precision    recall  f1-score   support

           0       0.68      0.80      0.74      5272
           1       0.72      0.58      0.65      4728

    accuracy                           0.70     10000
   macro avg       0.70      0.69      0.69     10000
weighted avg       0.70      0.70      0.69     10000


    Confusion Matrix:
    [[4225 1047]
 [1974 2754]]
    
013-H3K9me3-H3K27me3
Epoch [1/100] - [TRAIN] Loss: 0.7149, Accuracy: 52.74%, AUC: 0.50 [VAL] Loss: 0.7144, Accuracy: 52.57%, Precision: 0.00, Recall: 0.00, F1-Score: 0.00, AUC: 0.50
Epoch [2/100] - [TRAIN] Loss: 0.7143, Accuracy: 52.64%, AUC: 0.50 [VAL] Loss: 0.7139, Accuracy: 52.56%, Precision: 0.00, Recall: 0.00, F1-Score: 0.00, AUC: 0.50
Epoch [3/100] - [TRAIN] Loss: 0.7138, Accuracy: 52.52%, AUC: 0.50 [VAL] Loss: 0.7125, Accuracy: 53.27%, Precision: 0.00, Recall: 0.00, F1-Score: 0.00, AUC: 0.50
Epoch [4/100] - [TRAIN] Loss: 0.7131, Accuracy: 52.74%, AUC: 0.50 [VAL] Loss: 0.7125, Accuracy: 53.01%, Precision: 0.00, Recall: 0.00, F1-Score: 0.00, AUC: 0.50
Epoch [5/100] - [TRAIN] Loss: 0.7128, Accuracy: 52.65%, AUC: 0.50 [VAL] Loss: 0.7120, Accuracy: 53.12%, Precision: 0.00, Recall: 0.00, F1-Score: 0.00, AUC: 0.50
Epoch [6/100] - [TRAIN] Loss: 0.7127, Accuracy: 52.44%, AUC: 0.50 [VAL] Loss: 0.7131, Accuracy: 51.69%, Precision: 0.00, Recall: 0.00, F1-Score: 0.00, AUC: 0.50
Epoch [7/100] - [TRAIN] Loss: 0.7122, Accuracy: 52.57%, AUC: 0.50 [VAL] Loss: 0.7106, Accuracy: 53.71%, Precision: 0.00, Recall: 0.00, F1-Score: 0.00, AUC: 0.50
Epoch [8/100] - [TRAIN] Loss: 0.7115, Accuracy: 52.95%, AUC: 0.50 [VAL] Loss: 0.7112, Accuracy: 52.80%, Precision: 0.00, Recall: 0.00, F1-Score: 0.00, AUC: 0.50
Epoch [9/100] - [TRAIN] Loss: 0.7109, Accuracy: 53.12%, AUC: 0.50 [VAL] Loss: 0.7100, Accuracy: 53.68%, Precision: 0.00, Recall: 0.00, F1-Score: 0.00, AUC: 0.50
Epoch [10/100] - [TRAIN] Loss: 0.7110, Accuracy: 52.74%, AUC: 0.50 [VAL] Loss: 0.7104, Accuracy: 53.02%, Precision: 0.86, Recall: 0.00, F1-Score: 0.00, AUC: 0.50
Epoch [11/100] - [TRAIN] Loss: 0.7109, Accuracy: 52.71%, AUC: 0.50 [VAL] Loss: 0.7108, Accuracy: 52.50%, Precision: 1.00, Recall: 0.00, F1-Score: 0.00, AUC: 0.50
Epoch [12/100] - [TRAIN] Loss: 0.7104, Accuracy: 52.72%, AUC: 0.50 [VAL] Loss: 0.7090, Accuracy: 53.81%, Precision: 0.68, Recall: 0.00, F1-Score: 0.01, AUC: 0.50
Epoch [13/100] - [TRAIN] Loss: 0.7102, Accuracy: 52.56%, AUC: 0.50 [VAL] Loss: 0.7097, Accuracy: 52.76%, Precision: 0.77, Recall: 0.01, F1-Score: 0.01, AUC: 0.50
Epoch [14/100] - [TRAIN] Loss: 0.7096, Accuracy: 52.88%, AUC: 0.50 [VAL] Loss: 0.7095, Accuracy: 52.96%, Precision: 0.82, Recall: 0.01, F1-Score: 0.01, AUC: 0.50
Epoch [15/100] - [TRAIN] Loss: 0.7093, Accuracy: 52.93%, AUC: 0.50 [VAL] Loss: 0.7089, Accuracy: 53.26%, Precision: 0.69, Recall: 0.01, F1-Score: 0.01, AUC: 0.50
Epoch [16/100] - [TRAIN] Loss: 0.7090, Accuracy: 53.05%, AUC: 0.50 [VAL] Loss: 0.7090, Accuracy: 53.10%, Precision: 0.72, Recall: 0.01, F1-Score: 0.02, AUC: 0.50
Epoch [17/100] - [TRAIN] Loss: 0.7089, Accuracy: 52.77%, AUC: 0.50 [VAL] Loss: 0.7095, Accuracy: 53.21%, Precision: 0.68, Recall: 0.02, F1-Score: 0.03, AUC: 0.50
Epoch [18/100] - [TRAIN] Loss: 0.7085, Accuracy: 52.94%, AUC: 0.50 [VAL] Loss: 0.7073, Accuracy: 53.67%, Precision: 0.59, Recall: 0.01, F1-Score: 0.03, AUC: 0.50
Epoch [19/100] - [TRAIN] Loss: 0.7081, Accuracy: 52.93%, AUC: 0.51 [VAL] Loss: 0.7074, Accuracy: 53.79%, Precision: 0.64, Recall: 0.02, F1-Score: 0.04, AUC: 0.51
Epoch [20/100] - [TRAIN] Loss: 0.7074, Accuracy: 53.22%, AUC: 0.51 [VAL] Loss: 0.7089, Accuracy: 52.67%, Precision: 0.69, Recall: 0.02, F1-Score: 0.04, AUC: 0.51
Epoch [21/100] - [TRAIN] Loss: 0.7074, Accuracy: 53.27%, AUC: 0.51 [VAL] Loss: 0.7078, Accuracy: 53.20%, Precision: 0.71, Recall: 0.03, F1-Score: 0.05, AUC: 0.51
Epoch [22/100] - [TRAIN] Loss: 0.7071, Accuracy: 53.32%, AUC: 0.51 [VAL] Loss: 0.7090, Accuracy: 53.20%, Precision: 0.72, Recall: 0.04, F1-Score: 0.07, AUC: 0.51
Epoch [23/100] - [TRAIN] Loss: 0.7060, Accuracy: 53.81%, AUC: 0.51 [VAL] Loss: 0.7073, Accuracy: 53.16%, Precision: 0.69, Recall: 0.03, F1-Score: 0.06, AUC: 0.51
Epoch [24/100] - [TRAIN] Loss: 0.7067, Accuracy: 53.68%, AUC: 0.51 [VAL] Loss: 0.7064, Accuracy: 53.43%, Precision: 0.72, Recall: 0.04, F1-Score: 0.08, AUC: 0.51
Epoch [25/100] - [TRAIN] Loss: 0.7060, Accuracy: 53.73%, AUC: 0.51 [VAL] Loss: 0.7057, Accuracy: 54.22%, Precision: 0.71, Recall: 0.05, F1-Score: 0.09, AUC: 0.52
Epoch [26/100] - [TRAIN] Loss: 0.7057, Accuracy: 53.81%, AUC: 0.51 [VAL] Loss: 0.7062, Accuracy: 53.91%, Precision: 0.71, Recall: 0.05, F1-Score: 0.09, AUC: 0.52
Epoch [27/100] - [TRAIN] Loss: 0.7046, Accuracy: 54.10%, AUC: 0.51 [VAL] Loss: 0.7049, Accuracy: 54.57%, Precision: 0.67, Recall: 0.06, F1-Score: 0.11, AUC: 0.52
Epoch [28/100] - [TRAIN] Loss: 0.7054, Accuracy: 53.84%, AUC: 0.52 [VAL] Loss: 0.7058, Accuracy: 53.81%, Precision: 0.67, Recall: 0.07, F1-Score: 0.12, AUC: 0.52
Epoch [29/100] - [TRAIN] Loss: 0.7047, Accuracy: 54.30%, AUC: 0.52 [VAL] Loss: 0.7062, Accuracy: 53.71%, Precision: 0.63, Recall: 0.07, F1-Score: 0.12, AUC: 0.52
Epoch [30/100] - [TRAIN] Loss: 0.7047, Accuracy: 54.25%, AUC: 0.52 [VAL] Loss: 0.7050, Accuracy: 53.74%, Precision: 0.69, Recall: 0.07, F1-Score: 0.13, AUC: 0.52
Epoch [31/100] - [TRAIN] Loss: 0.7047, Accuracy: 54.44%, AUC: 0.52 [VAL] Loss: 0.7046, Accuracy: 55.26%, Precision: 0.66, Recall: 0.07, F1-Score: 0.12, AUC: 0.52
Epoch [32/100] - [TRAIN] Loss: 0.7035, Accuracy: 54.56%, AUC: 0.52 [VAL] Loss: 0.7053, Accuracy: 53.71%, Precision: 0.65, Recall: 0.08, F1-Score: 0.14, AUC: 0.52
Epoch [33/100] - [TRAIN] Loss: 0.7036, Accuracy: 54.27%, AUC: 0.52 [VAL] Loss: 0.7050, Accuracy: 54.61%, Precision: 0.70, Recall: 0.08, F1-Score: 0.14, AUC: 0.52
Epoch [34/100] - [TRAIN] Loss: 0.7040, Accuracy: 54.32%, AUC: 0.52 [VAL] Loss: 0.7027, Accuracy: 55.20%, Precision: 0.69, Recall: 0.08, F1-Score: 0.15, AUC: 0.53
Epoch [35/100] - [TRAIN] Loss: 0.7034, Accuracy: 54.62%, AUC: 0.52 [VAL] Loss: 0.7050, Accuracy: 54.85%, Precision: 0.69, Recall: 0.08, F1-Score: 0.15, AUC: 0.52
Epoch [36/100] - [TRAIN] Loss: 0.7040, Accuracy: 54.34%, AUC: 0.52 [VAL] Loss: 0.7022, Accuracy: 55.16%, Precision: 0.68, Recall: 0.09, F1-Score: 0.15, AUC: 0.52
Epoch [37/100] - [TRAIN] Loss: 0.7032, Accuracy: 54.78%, AUC: 0.52 [VAL] Loss: 0.7032, Accuracy: 54.68%, Precision: 0.70, Recall: 0.09, F1-Score: 0.17, AUC: 0.53
Epoch [38/100] - [TRAIN] Loss: 0.7029, Accuracy: 54.59%, AUC: 0.52 [VAL] Loss: 0.7056, Accuracy: 54.66%, Precision: 0.67, Recall: 0.08, F1-Score: 0.15, AUC: 0.52
Epoch [39/100] - [TRAIN] Loss: 0.7020, Accuracy: 54.85%, AUC: 0.52 [VAL] Loss: 0.7038, Accuracy: 55.12%, Precision: 0.67, Recall: 0.09, F1-Score: 0.15, AUC: 0.52
Epoch [40/100] - [TRAIN] Loss: 0.7021, Accuracy: 54.67%, AUC: 0.52 [VAL] Loss: 0.7022, Accuracy: 55.30%, Precision: 0.68, Recall: 0.09, F1-Score: 0.15, AUC: 0.53
Epoch [41/100] - [TRAIN] Loss: 0.7026, Accuracy: 54.36%, AUC: 0.52 [VAL] Loss: 0.7050, Accuracy: 54.77%, Precision: 0.67, Recall: 0.09, F1-Score: 0.16, AUC: 0.52
Epoch [42/100] - [TRAIN] Loss: 0.7018, Accuracy: 54.58%, AUC: 0.52 [VAL] Loss: 0.7015, Accuracy: 54.98%, Precision: 0.65, Recall: 0.09, F1-Score: 0.16, AUC: 0.52
Epoch [43/100] - [TRAIN] Loss: 0.7021, Accuracy: 54.69%, AUC: 0.53 [VAL] Loss: 0.7033, Accuracy: 54.76%, Precision: 0.64, Recall: 0.09, F1-Score: 0.16, AUC: 0.52
Epoch [44/100] - [TRAIN] Loss: 0.7026, Accuracy: 54.55%, AUC: 0.53 [VAL] Loss: 0.7016, Accuracy: 55.01%, Precision: 0.67, Recall: 0.09, F1-Score: 0.16, AUC: 0.53
Epoch [45/100] - [TRAIN] Loss: 0.7023, Accuracy: 54.57%, AUC: 0.53 [VAL] Loss: 0.7046, Accuracy: 54.83%, Precision: 0.63, Recall: 0.08, F1-Score: 0.15, AUC: 0.52
Epoch [46/100] - [TRAIN] Loss: 0.7017, Accuracy: 54.68%, AUC: 0.52 [VAL] Loss: 0.7005, Accuracy: 55.42%, Precision: 0.70, Recall: 0.09, F1-Score: 0.16, AUC: 0.53
Epoch [47/100] - [TRAIN] Loss: 0.7021, Accuracy: 54.64%, AUC: 0.53 [VAL] Loss: 0.7029, Accuracy: 54.94%, Precision: 0.65, Recall: 0.09, F1-Score: 0.16, AUC: 0.52
Epoch [48/100] - [TRAIN] Loss: 0.7018, Accuracy: 54.87%, AUC: 0.53 [VAL] Loss: 0.7027, Accuracy: 54.46%, Precision: 0.61, Recall: 0.08, F1-Score: 0.14, AUC: 0.52
Epoch [49/100] - [TRAIN] Loss: 0.7008, Accuracy: 54.83%, AUC: 0.53 [VAL] Loss: 0.7022, Accuracy: 54.97%, Precision: 0.63, Recall: 0.09, F1-Score: 0.15, AUC: 0.52
Epoch [50/100] - [TRAIN] Loss: 0.7021, Accuracy: 54.31%, AUC: 0.53 [VAL] Loss: 0.7021, Accuracy: 54.87%, Precision: 0.67, Recall: 0.09, F1-Score: 0.16, AUC: 0.52
Epoch [51/100] - [TRAIN] Loss: 0.7003, Accuracy: 54.89%, AUC: 0.53 [VAL] Loss: 0.7054, Accuracy: 54.27%, Precision: 0.68, Recall: 0.09, F1-Score: 0.16, AUC: 0.53
Epoch [52/100] - [TRAIN] Loss: 0.7010, Accuracy: 54.88%, AUC: 0.53 [VAL] Loss: 0.7035, Accuracy: 55.08%, Precision: 0.66, Recall: 0.09, F1-Score: 0.16, AUC: 0.52
Epoch [53/100] - [TRAIN] Loss: 0.7009, Accuracy: 54.93%, AUC: 0.53 [VAL] Loss: 0.7025, Accuracy: 54.65%, Precision: 0.64, Recall: 0.09, F1-Score: 0.16, AUC: 0.52
Epoch [54/100] - [TRAIN] Loss: 0.7010, Accuracy: 54.83%, AUC: 0.53 [VAL] Loss: 0.7014, Accuracy: 54.16%, Precision: 0.63, Recall: 0.08, F1-Score: 0.14, AUC: 0.52
Epoch [55/100] - [TRAIN] Loss: 0.7018, Accuracy: 54.65%, AUC: 0.53 [VAL] Loss: 0.7015, Accuracy: 54.68%, Precision: 0.64, Recall: 0.09, F1-Score: 0.15, AUC: 0.52
Epoch [56/100] - [TRAIN] Loss: 0.7012, Accuracy: 54.72%, AUC: 0.53 [VAL] Loss: 0.7020, Accuracy: 53.88%, Precision: 0.64, Recall: 0.09, F1-Score: 0.16, AUC: 0.52
Epoch [57/100] - [TRAIN] Loss: 0.7007, Accuracy: 54.69%, AUC: 0.53 [VAL] Loss: 0.7026, Accuracy: 55.06%, Precision: 0.67, Recall: 0.09, F1-Score: 0.16, AUC: 0.53
Epoch [58/100] - [TRAIN] Loss: 0.7013, Accuracy: 54.74%, AUC: 0.53 [VAL] Loss: 0.7062, Accuracy: 54.36%, Precision: 0.63, Recall: 0.09, F1-Score: 0.15, AUC: 0.52
Epoch [59/100] - [TRAIN] Loss: 0.7005, Accuracy: 54.92%, AUC: 0.53 [VAL] Loss: 0.7034, Accuracy: 54.57%, Precision: 0.65, Recall: 0.09, F1-Score: 0.16, AUC: 0.52
Epoch [60/100] - [TRAIN] Loss: 0.7007, Accuracy: 54.81%, AUC: 0.53 [VAL] Loss: 0.7022, Accuracy: 54.94%, Precision: 0.68, Recall: 0.10, F1-Score: 0.17, AUC: 0.53
Epoch [61/100] - [TRAIN] Loss: 0.7000, Accuracy: 55.01%, AUC: 0.53 [VAL] Loss: 0.7025, Accuracy: 55.22%, Precision: 0.69, Recall: 0.09, F1-Score: 0.17, AUC: 0.53
Epoch [62/100] - [TRAIN] Loss: 0.7019, Accuracy: 54.70%, AUC: 0.53 [VAL] Loss: 0.7042, Accuracy: 55.21%, Precision: 0.62, Recall: 0.09, F1-Score: 0.16, AUC: 0.52
Epoch [63/100] - [TRAIN] Loss: 0.7008, Accuracy: 54.99%, AUC: 0.53 [VAL] Loss: 0.7029, Accuracy: 55.07%, Precision: 0.65, Recall: 0.09, F1-Score: 0.15, AUC: 0.52
Epoch [64/100] - [TRAIN] Loss: 0.7014, Accuracy: 54.40%, AUC: 0.52 [VAL] Loss: 0.7016, Accuracy: 54.63%, Precision: 0.64, Recall: 0.08, F1-Score: 0.15, AUC: 0.52
Epoch [65/100] - [TRAIN] Loss: 0.7012, Accuracy: 54.60%, AUC: 0.53 [VAL] Loss: 0.7020, Accuracy: 54.88%, Precision: 0.62, Recall: 0.09, F1-Score: 0.15, AUC: 0.52
Epoch [66/100] - [TRAIN] Loss: 0.7011, Accuracy: 54.46%, AUC: 0.53 [VAL] Loss: 0.7032, Accuracy: 55.02%, Precision: 0.66, Recall: 0.09, F1-Score: 0.16, AUC: 0.52
Epoch [67/100] - [TRAIN] Loss: 0.7006, Accuracy: 54.81%, AUC: 0.53 [VAL] Loss: 0.7027, Accuracy: 53.95%, Precision: 0.65, Recall: 0.08, F1-Score: 0.15, AUC: 0.52
Epoch [68/100] - [TRAIN] Loss: 0.7013, Accuracy: 54.62%, AUC: 0.53 [VAL] Loss: 0.7009, Accuracy: 54.95%, Precision: 0.65, Recall: 0.08, F1-Score: 0.15, AUC: 0.52
Epoch [69/100] - [TRAIN] Loss: 0.7015, Accuracy: 54.64%, AUC: 0.53 [VAL] Loss: 0.7028, Accuracy: 55.57%, Precision: 0.68, Recall: 0.09, F1-Score: 0.17, AUC: 0.53
Epoch [70/100] - [TRAIN] Loss: 0.7002, Accuracy: 55.00%, AUC: 0.53 [VAL] Loss: 0.7019, Accuracy: 55.02%, Precision: 0.66, Recall: 0.10, F1-Score: 0.17, AUC: 0.53
Epoch [71/100] - [TRAIN] Loss: 0.7013, Accuracy: 54.75%, AUC: 0.53 [VAL] Loss: 0.7010, Accuracy: 54.46%, Precision: 0.68, Recall: 0.09, F1-Score: 0.16, AUC: 0.53
Epoch [72/100] - [TRAIN] Loss: 0.7005, Accuracy: 54.78%, AUC: 0.53 [VAL] Loss: 0.7023, Accuracy: 55.06%, Precision: 0.68, Recall: 0.09, F1-Score: 0.16, AUC: 0.53
Epoch [73/100] - [TRAIN] Loss: 0.7018, Accuracy: 54.42%, AUC: 0.52 [VAL] Loss: 0.7049, Accuracy: 54.28%, Precision: 0.64, Recall: 0.09, F1-Score: 0.15, AUC: 0.52
Epoch [74/100] - [TRAIN] Loss: 0.7012, Accuracy: 54.64%, AUC: 0.53 [VAL] Loss: 0.7031, Accuracy: 54.76%, Precision: 0.67, Recall: 0.09, F1-Score: 0.15, AUC: 0.52
Epoch [75/100] - [TRAIN] Loss: 0.7014, Accuracy: 54.83%, AUC: 0.53 [VAL] Loss: 0.7052, Accuracy: 54.12%, Precision: 0.66, Recall: 0.09, F1-Score: 0.16, AUC: 0.52
Epoch [76/100] - [TRAIN] Loss: 0.7010, Accuracy: 55.17%, AUC: 0.53 [VAL] Loss: 0.7012, Accuracy: 55.49%, Precision: 0.67, Recall: 0.09, F1-Score: 0.15, AUC: 0.52
Epoch [77/100] - [TRAIN] Loss: 0.7013, Accuracy: 54.84%, AUC: 0.53 [VAL] Loss: 0.7042, Accuracy: 55.17%, Precision: 0.67, Recall: 0.09, F1-Score: 0.15, AUC: 0.52
Epoch [78/100] - [TRAIN] Loss: 0.7013, Accuracy: 54.48%, AUC: 0.53 [VAL] Loss: 0.7030, Accuracy: 55.02%, Precision: 0.63, Recall: 0.09, F1-Score: 0.15, AUC: 0.52
Epoch [79/100] - [TRAIN] Loss: 0.7015, Accuracy: 54.74%, AUC: 0.52 [VAL] Loss: 0.7013, Accuracy: 54.95%, Precision: 0.67, Recall: 0.10, F1-Score: 0.17, AUC: 0.53
Epoch [80/100] - [TRAIN] Loss: 0.7010, Accuracy: 54.86%, AUC: 0.53 [VAL] Loss: 0.7042, Accuracy: 54.95%, Precision: 0.66, Recall: 0.09, F1-Score: 0.16, AUC: 0.52
Epoch [81/100] - [TRAIN] Loss: 0.7009, Accuracy: 55.05%, AUC: 0.53 [VAL] Loss: 0.7034, Accuracy: 54.29%, Precision: 0.65, Recall: 0.09, F1-Score: 0.16, AUC: 0.52
Epoch [82/100] - [TRAIN] Loss: 0.7010, Accuracy: 54.70%, AUC: 0.53 [VAL] Loss: 0.7042, Accuracy: 54.34%, Precision: 0.66, Recall: 0.09, F1-Score: 0.16, AUC: 0.52
Epoch [83/100] - [TRAIN] Loss: 0.7003, Accuracy: 54.83%, AUC: 0.53 [VAL] Loss: 0.7040, Accuracy: 55.14%, Precision: 0.69, Recall: 0.09, F1-Score: 0.16, AUC: 0.53
Epoch [84/100] - [TRAIN] Loss: 0.7001, Accuracy: 54.89%, AUC: 0.53 [VAL] Loss: 0.7041, Accuracy: 53.82%, Precision: 0.68, Recall: 0.09, F1-Score: 0.16, AUC: 0.52
Epoch [85/100] - [TRAIN] Loss: 0.7002, Accuracy: 55.01%, AUC: 0.53 [VAL] Loss: 0.7025, Accuracy: 54.63%, Precision: 0.66, Recall: 0.10, F1-Score: 0.17, AUC: 0.53
Epoch [86/100] - [TRAIN] Loss: 0.7008, Accuracy: 54.68%, AUC: 0.53 [VAL] Loss: 0.6995, Accuracy: 55.34%, Precision: 0.67, Recall: 0.09, F1-Score: 0.16, AUC: 0.53
Epoch [87/100] - [TRAIN] Loss: 0.7009, Accuracy: 54.95%, AUC: 0.53 [VAL] Loss: 0.7029, Accuracy: 55.23%, Precision: 0.66, Recall: 0.09, F1-Score: 0.16, AUC: 0.53
Epoch [88/100] - [TRAIN] Loss: 0.7012, Accuracy: 54.82%, AUC: 0.53 [VAL] Loss: 0.7030, Accuracy: 54.44%, Precision: 0.69, Recall: 0.09, F1-Score: 0.17, AUC: 0.53
Epoch [89/100] - [TRAIN] Loss: 0.7010, Accuracy: 54.58%, AUC: 0.53 [VAL] Loss: 0.7040, Accuracy: 54.64%, Precision: 0.64, Recall: 0.09, F1-Score: 0.16, AUC: 0.52
Epoch [90/100] - [TRAIN] Loss: 0.7013, Accuracy: 54.67%, AUC: 0.53 [VAL] Loss: 0.7034, Accuracy: 55.45%, Precision: 0.63, Recall: 0.08, F1-Score: 0.14, AUC: 0.52
Epoch [91/100] - [TRAIN] Loss: 0.7011, Accuracy: 55.12%, AUC: 0.53 [VAL] Loss: 0.7027, Accuracy: 54.87%, Precision: 0.64, Recall: 0.09, F1-Score: 0.15, AUC: 0.52
Epoch [92/100] - [TRAIN] Loss: 0.7017, Accuracy: 54.54%, AUC: 0.53 [VAL] Loss: 0.7040, Accuracy: 54.31%, Precision: 0.65, Recall: 0.08, F1-Score: 0.15, AUC: 0.52
Epoch [93/100] - [TRAIN] Loss: 0.7008, Accuracy: 55.07%, AUC: 0.53 [VAL] Loss: 0.7012, Accuracy: 55.33%, Precision: 0.63, Recall: 0.09, F1-Score: 0.15, AUC: 0.52
Epoch [94/100] - [TRAIN] Loss: 0.7009, Accuracy: 54.91%, AUC: 0.53 [VAL] Loss: 0.7028, Accuracy: 54.64%, Precision: 0.66, Recall: 0.09, F1-Score: 0.16, AUC: 0.52
Epoch [95/100] - [TRAIN] Loss: 0.7006, Accuracy: 55.06%, AUC: 0.53 [VAL] Loss: 0.7016, Accuracy: 55.17%, Precision: 0.65, Recall: 0.09, F1-Score: 0.16, AUC: 0.52
Epoch [96/100] - [TRAIN] Loss: 0.7013, Accuracy: 54.59%, AUC: 0.53 [VAL] Loss: 0.7043, Accuracy: 54.20%, Precision: 0.67, Recall: 0.08, F1-Score: 0.15, AUC: 0.52
Epoch [97/100] - [TRAIN] Loss: 0.7007, Accuracy: 54.84%, AUC: 0.53 [VAL] Loss: 0.7021, Accuracy: 55.12%, Precision: 0.68, Recall: 0.09, F1-Score: 0.16, AUC: 0.53
Epoch [98/100] - [TRAIN] Loss: 0.7014, Accuracy: 54.74%, AUC: 0.53 [VAL] Loss: 0.7010, Accuracy: 54.71%, Precision: 0.62, Recall: 0.09, F1-Score: 0.15, AUC: 0.52
Epoch [99/100] - [TRAIN] Loss: 0.7002, Accuracy: 54.98%, AUC: 0.53 [VAL] Loss: 0.7017, Accuracy: 55.13%, Precision: 0.65, Recall: 0.09, F1-Score: 0.16, AUC: 0.52
Epoch [100/100] - [TRAIN] Loss: 0.7009, Accuracy: 54.99%, AUC: 0.53 [VAL] Loss: 0.7039, Accuracy: 54.51%, Precision: 0.69, Recall: 0.10, F1-Score: 0.17, AUC: 0.53
Accuracy Score on test set: 55.07 %
    AUC Score on test set: 0.52
    Precision: 0.6342
    Recall: 0.0920
    F1-Score: 0.1607

    Detailed Classification Report:
                  precision    recall  f1-score   support

           0       0.54      0.95      0.69      5325
           1       0.63      0.09      0.16      4675

    accuracy                           0.55     10000
   macro avg       0.59      0.52      0.43     10000
weighted avg       0.59      0.55      0.44     10000


    Confusion Matrix:
    [[5077  248]
 [4245  430]]
    
014-H3K27ac-H3K27me3
Epoch [1/100] - [TRAIN] Loss: 0.6781, Accuracy: 64.30%, AUC: 0.63 [VAL] Loss: 0.6589, Accuracy: 67.84%, Precision: 0.72, Recall: 0.53, F1-Score: 0.61, AUC: 0.67
Epoch [2/100] - [TRAIN] Loss: 0.6605, Accuracy: 66.93%, AUC: 0.66 [VAL] Loss: 0.6463, Accuracy: 68.96%, Precision: 0.73, Recall: 0.55, F1-Score: 0.62, AUC: 0.68
Epoch [3/100] - [TRAIN] Loss: 0.6536, Accuracy: 67.53%, AUC: 0.67 [VAL] Loss: 0.6394, Accuracy: 69.87%, Precision: 0.73, Recall: 0.56, F1-Score: 0.63, AUC: 0.69
Epoch [4/100] - [TRAIN] Loss: 0.6472, Accuracy: 68.01%, AUC: 0.67 [VAL] Loss: 0.6398, Accuracy: 68.77%, Precision: 0.73, Recall: 0.54, F1-Score: 0.62, AUC: 0.68
Epoch [5/100] - [TRAIN] Loss: 0.6416, Accuracy: 68.40%, AUC: 0.68 [VAL] Loss: 0.6334, Accuracy: 68.75%, Precision: 0.73, Recall: 0.54, F1-Score: 0.62, AUC: 0.68
Epoch [6/100] - [TRAIN] Loss: 0.6416, Accuracy: 68.12%, AUC: 0.67 [VAL] Loss: 0.6303, Accuracy: 68.83%, Precision: 0.73, Recall: 0.53, F1-Score: 0.62, AUC: 0.68
Epoch [7/100] - [TRAIN] Loss: 0.6367, Accuracy: 68.51%, AUC: 0.68 [VAL] Loss: 0.6315, Accuracy: 68.65%, Precision: 0.73, Recall: 0.54, F1-Score: 0.62, AUC: 0.68
Epoch [8/100] - [TRAIN] Loss: 0.6362, Accuracy: 68.28%, AUC: 0.68 [VAL] Loss: 0.6337, Accuracy: 68.31%, Precision: 0.73, Recall: 0.53, F1-Score: 0.61, AUC: 0.68
Epoch [9/100] - [TRAIN] Loss: 0.6301, Accuracy: 68.74%, AUC: 0.68 [VAL] Loss: 0.6265, Accuracy: 69.02%, Precision: 0.74, Recall: 0.54, F1-Score: 0.62, AUC: 0.68
Epoch [10/100] - [TRAIN] Loss: 0.6264, Accuracy: 68.97%, AUC: 0.68 [VAL] Loss: 0.6317, Accuracy: 68.04%, Precision: 0.73, Recall: 0.54, F1-Score: 0.62, AUC: 0.68
Epoch [11/100] - [TRAIN] Loss: 0.6295, Accuracy: 68.51%, AUC: 0.68 [VAL] Loss: 0.6242, Accuracy: 68.93%, Precision: 0.73, Recall: 0.54, F1-Score: 0.62, AUC: 0.68
Epoch [12/100] - [TRAIN] Loss: 0.6248, Accuracy: 68.90%, AUC: 0.68 [VAL] Loss: 0.6167, Accuracy: 69.37%, Precision: 0.74, Recall: 0.54, F1-Score: 0.63, AUC: 0.69
Epoch [13/100] - [TRAIN] Loss: 0.6221, Accuracy: 68.97%, AUC: 0.68 [VAL] Loss: 0.6195, Accuracy: 68.76%, Precision: 0.73, Recall: 0.54, F1-Score: 0.62, AUC: 0.68
Epoch [14/100] - [TRAIN] Loss: 0.6254, Accuracy: 68.63%, AUC: 0.68 [VAL] Loss: 0.6221, Accuracy: 68.35%, Precision: 0.73, Recall: 0.53, F1-Score: 0.62, AUC: 0.68
Epoch [15/100] - [TRAIN] Loss: 0.6214, Accuracy: 69.00%, AUC: 0.68 [VAL] Loss: 0.6295, Accuracy: 68.23%, Precision: 0.73, Recall: 0.53, F1-Score: 0.61, AUC: 0.68
Epoch [16/100] - [TRAIN] Loss: 0.6210, Accuracy: 68.80%, AUC: 0.68 [VAL] Loss: 0.6126, Accuracy: 68.93%, Precision: 0.74, Recall: 0.54, F1-Score: 0.63, AUC: 0.68
Epoch [17/100] - [TRAIN] Loss: 0.6183, Accuracy: 69.03%, AUC: 0.68 [VAL] Loss: 0.6186, Accuracy: 68.36%, Precision: 0.72, Recall: 0.55, F1-Score: 0.62, AUC: 0.68
Epoch [18/100] - [TRAIN] Loss: 0.6156, Accuracy: 69.24%, AUC: 0.69 [VAL] Loss: 0.6155, Accuracy: 68.59%, Precision: 0.73, Recall: 0.55, F1-Score: 0.62, AUC: 0.68
Epoch [19/100] - [TRAIN] Loss: 0.6147, Accuracy: 69.36%, AUC: 0.69 [VAL] Loss: 0.6163, Accuracy: 69.08%, Precision: 0.72, Recall: 0.56, F1-Score: 0.63, AUC: 0.68
Epoch [20/100] - [TRAIN] Loss: 0.6144, Accuracy: 69.13%, AUC: 0.69 [VAL] Loss: 0.6142, Accuracy: 68.46%, Precision: 0.72, Recall: 0.54, F1-Score: 0.62, AUC: 0.68
Epoch [21/100] - [TRAIN] Loss: 0.6184, Accuracy: 68.85%, AUC: 0.68 [VAL] Loss: 0.6143, Accuracy: 68.54%, Precision: 0.72, Recall: 0.56, F1-Score: 0.63, AUC: 0.68
Epoch [22/100] - [TRAIN] Loss: 0.6137, Accuracy: 69.25%, AUC: 0.69 [VAL] Loss: 0.6110, Accuracy: 69.55%, Precision: 0.73, Recall: 0.57, F1-Score: 0.64, AUC: 0.69
Epoch [23/100] - [TRAIN] Loss: 0.6137, Accuracy: 68.91%, AUC: 0.68 [VAL] Loss: 0.6177, Accuracy: 69.07%, Precision: 0.71, Recall: 0.57, F1-Score: 0.63, AUC: 0.68
Epoch [24/100] - [TRAIN] Loss: 0.6132, Accuracy: 69.08%, AUC: 0.68 [VAL] Loss: 0.6103, Accuracy: 70.32%, Precision: 0.73, Recall: 0.57, F1-Score: 0.64, AUC: 0.69
Epoch [25/100] - [TRAIN] Loss: 0.6148, Accuracy: 68.89%, AUC: 0.68 [VAL] Loss: 0.6146, Accuracy: 68.84%, Precision: 0.71, Recall: 0.55, F1-Score: 0.62, AUC: 0.68
Epoch [26/100] - [TRAIN] Loss: 0.6132, Accuracy: 68.86%, AUC: 0.68 [VAL] Loss: 0.6000, Accuracy: 69.47%, Precision: 0.72, Recall: 0.56, F1-Score: 0.63, AUC: 0.69
Epoch [27/100] - [TRAIN] Loss: 0.6117, Accuracy: 69.10%, AUC: 0.69 [VAL] Loss: 0.6163, Accuracy: 68.60%, Precision: 0.73, Recall: 0.55, F1-Score: 0.63, AUC: 0.68
Epoch [28/100] - [TRAIN] Loss: 0.6138, Accuracy: 68.61%, AUC: 0.68 [VAL] Loss: 0.6069, Accuracy: 69.29%, Precision: 0.72, Recall: 0.56, F1-Score: 0.63, AUC: 0.69
Epoch [29/100] - [TRAIN] Loss: 0.6131, Accuracy: 68.79%, AUC: 0.68 [VAL] Loss: 0.6150, Accuracy: 68.49%, Precision: 0.71, Recall: 0.56, F1-Score: 0.62, AUC: 0.68
Epoch [30/100] - [TRAIN] Loss: 0.6089, Accuracy: 69.40%, AUC: 0.69 [VAL] Loss: 0.6036, Accuracy: 69.72%, Precision: 0.72, Recall: 0.57, F1-Score: 0.64, AUC: 0.69
Epoch [31/100] - [TRAIN] Loss: 0.6096, Accuracy: 69.17%, AUC: 0.69 [VAL] Loss: 0.6095, Accuracy: 68.90%, Precision: 0.71, Recall: 0.57, F1-Score: 0.63, AUC: 0.68
Epoch [32/100] - [TRAIN] Loss: 0.6095, Accuracy: 69.04%, AUC: 0.69 [VAL] Loss: 0.6040, Accuracy: 69.33%, Precision: 0.72, Recall: 0.58, F1-Score: 0.64, AUC: 0.69
Epoch [33/100] - [TRAIN] Loss: 0.6082, Accuracy: 69.30%, AUC: 0.69 [VAL] Loss: 0.6089, Accuracy: 69.26%, Precision: 0.72, Recall: 0.57, F1-Score: 0.63, AUC: 0.68
Epoch [34/100] - [TRAIN] Loss: 0.6089, Accuracy: 69.05%, AUC: 0.68 [VAL] Loss: 0.6086, Accuracy: 69.25%, Precision: 0.72, Recall: 0.57, F1-Score: 0.64, AUC: 0.69
Epoch [35/100] - [TRAIN] Loss: 0.6109, Accuracy: 68.79%, AUC: 0.68 [VAL] Loss: 0.6038, Accuracy: 69.13%, Precision: 0.72, Recall: 0.58, F1-Score: 0.64, AUC: 0.69
Epoch [36/100] - [TRAIN] Loss: 0.6103, Accuracy: 68.73%, AUC: 0.68 [VAL] Loss: 0.6088, Accuracy: 69.05%, Precision: 0.70, Recall: 0.57, F1-Score: 0.63, AUC: 0.68
Epoch [37/100] - [TRAIN] Loss: 0.6108, Accuracy: 68.93%, AUC: 0.68 [VAL] Loss: 0.6000, Accuracy: 69.43%, Precision: 0.72, Recall: 0.58, F1-Score: 0.64, AUC: 0.69
Epoch [38/100] - [TRAIN] Loss: 0.6089, Accuracy: 69.02%, AUC: 0.69 [VAL] Loss: 0.6113, Accuracy: 68.29%, Precision: 0.71, Recall: 0.56, F1-Score: 0.63, AUC: 0.68
Epoch [39/100] - [TRAIN] Loss: 0.6073, Accuracy: 69.21%, AUC: 0.69 [VAL] Loss: 0.6104, Accuracy: 69.07%, Precision: 0.72, Recall: 0.58, F1-Score: 0.64, AUC: 0.69
Epoch [40/100] - [TRAIN] Loss: 0.6074, Accuracy: 69.33%, AUC: 0.69 [VAL] Loss: 0.6123, Accuracy: 68.42%, Precision: 0.71, Recall: 0.56, F1-Score: 0.63, AUC: 0.68
Epoch [41/100] - [TRAIN] Loss: 0.6050, Accuracy: 69.03%, AUC: 0.68 [VAL] Loss: 0.6087, Accuracy: 68.85%, Precision: 0.71, Recall: 0.57, F1-Score: 0.64, AUC: 0.68
Epoch [42/100] - [TRAIN] Loss: 0.6075, Accuracy: 69.19%, AUC: 0.69 [VAL] Loss: 0.6039, Accuracy: 69.43%, Precision: 0.72, Recall: 0.58, F1-Score: 0.64, AUC: 0.69
Epoch [43/100] - [TRAIN] Loss: 0.6100, Accuracy: 68.88%, AUC: 0.68 [VAL] Loss: 0.6082, Accuracy: 68.94%, Precision: 0.71, Recall: 0.57, F1-Score: 0.63, AUC: 0.68
Epoch [44/100] - [TRAIN] Loss: 0.6082, Accuracy: 69.16%, AUC: 0.69 [VAL] Loss: 0.6155, Accuracy: 68.06%, Precision: 0.70, Recall: 0.56, F1-Score: 0.62, AUC: 0.67
Epoch [45/100] - [TRAIN] Loss: 0.6084, Accuracy: 69.24%, AUC: 0.69 [VAL] Loss: 0.6033, Accuracy: 68.93%, Precision: 0.73, Recall: 0.58, F1-Score: 0.64, AUC: 0.69
Epoch [46/100] - [TRAIN] Loss: 0.6100, Accuracy: 69.02%, AUC: 0.68 [VAL] Loss: 0.6104, Accuracy: 69.38%, Precision: 0.72, Recall: 0.59, F1-Score: 0.64, AUC: 0.69
Epoch [47/100] - [TRAIN] Loss: 0.6090, Accuracy: 69.09%, AUC: 0.69 [VAL] Loss: 0.6072, Accuracy: 68.97%, Precision: 0.72, Recall: 0.57, F1-Score: 0.63, AUC: 0.68
Epoch [48/100] - [TRAIN] Loss: 0.6081, Accuracy: 69.12%, AUC: 0.69 [VAL] Loss: 0.6115, Accuracy: 68.31%, Precision: 0.71, Recall: 0.57, F1-Score: 0.63, AUC: 0.68
Epoch [49/100] - [TRAIN] Loss: 0.6131, Accuracy: 68.48%, AUC: 0.68 [VAL] Loss: 0.6058, Accuracy: 69.60%, Precision: 0.73, Recall: 0.58, F1-Score: 0.65, AUC: 0.69
Epoch [50/100] - [TRAIN] Loss: 0.6046, Accuracy: 69.56%, AUC: 0.69 [VAL] Loss: 0.6053, Accuracy: 69.50%, Precision: 0.72, Recall: 0.58, F1-Score: 0.64, AUC: 0.69
Epoch [51/100] - [TRAIN] Loss: 0.6074, Accuracy: 69.19%, AUC: 0.69 [VAL] Loss: 0.6101, Accuracy: 69.50%, Precision: 0.72, Recall: 0.58, F1-Score: 0.64, AUC: 0.69
Epoch [52/100] - [TRAIN] Loss: 0.6063, Accuracy: 69.14%, AUC: 0.69 [VAL] Loss: 0.6031, Accuracy: 69.18%, Precision: 0.71, Recall: 0.57, F1-Score: 0.64, AUC: 0.68
Epoch [53/100] - [TRAIN] Loss: 0.6067, Accuracy: 69.43%, AUC: 0.69 [VAL] Loss: 0.6069, Accuracy: 69.25%, Precision: 0.71, Recall: 0.58, F1-Score: 0.64, AUC: 0.69
Epoch [54/100] - [TRAIN] Loss: 0.6085, Accuracy: 69.26%, AUC: 0.69 [VAL] Loss: 0.6052, Accuracy: 69.08%, Precision: 0.72, Recall: 0.57, F1-Score: 0.64, AUC: 0.68
Epoch [55/100] - [TRAIN] Loss: 0.6085, Accuracy: 69.09%, AUC: 0.69 [VAL] Loss: 0.6073, Accuracy: 68.93%, Precision: 0.71, Recall: 0.57, F1-Score: 0.63, AUC: 0.68
Epoch [56/100] - [TRAIN] Loss: 0.6093, Accuracy: 68.98%, AUC: 0.69 [VAL] Loss: 0.6092, Accuracy: 69.22%, Precision: 0.72, Recall: 0.58, F1-Score: 0.64, AUC: 0.69
Epoch [57/100] - [TRAIN] Loss: 0.6080, Accuracy: 69.06%, AUC: 0.69 [VAL] Loss: 0.6083, Accuracy: 68.57%, Precision: 0.71, Recall: 0.57, F1-Score: 0.63, AUC: 0.68
Epoch [58/100] - [TRAIN] Loss: 0.6103, Accuracy: 68.99%, AUC: 0.68 [VAL] Loss: 0.6075, Accuracy: 68.94%, Precision: 0.71, Recall: 0.57, F1-Score: 0.63, AUC: 0.68
Epoch [59/100] - [TRAIN] Loss: 0.6086, Accuracy: 69.01%, AUC: 0.69 [VAL] Loss: 0.6082, Accuracy: 69.60%, Precision: 0.72, Recall: 0.59, F1-Score: 0.65, AUC: 0.69
Epoch [60/100] - [TRAIN] Loss: 0.6060, Accuracy: 69.46%, AUC: 0.69 [VAL] Loss: 0.6026, Accuracy: 69.05%, Precision: 0.71, Recall: 0.57, F1-Score: 0.63, AUC: 0.68
Epoch [61/100] - [TRAIN] Loss: 0.6118, Accuracy: 68.80%, AUC: 0.68 [VAL] Loss: 0.6050, Accuracy: 69.75%, Precision: 0.73, Recall: 0.57, F1-Score: 0.64, AUC: 0.69
Epoch [62/100] - [TRAIN] Loss: 0.6072, Accuracy: 69.06%, AUC: 0.69 [VAL] Loss: 0.6119, Accuracy: 68.47%, Precision: 0.71, Recall: 0.58, F1-Score: 0.64, AUC: 0.68
Epoch [63/100] - [TRAIN] Loss: 0.6090, Accuracy: 68.98%, AUC: 0.68 [VAL] Loss: 0.6083, Accuracy: 68.75%, Precision: 0.72, Recall: 0.57, F1-Score: 0.63, AUC: 0.68
Epoch [64/100] - [TRAIN] Loss: 0.6079, Accuracy: 69.05%, AUC: 0.69 [VAL] Loss: 0.6123, Accuracy: 69.12%, Precision: 0.71, Recall: 0.58, F1-Score: 0.64, AUC: 0.68
Epoch [65/100] - [TRAIN] Loss: 0.6117, Accuracy: 68.77%, AUC: 0.68 [VAL] Loss: 0.6075, Accuracy: 68.85%, Precision: 0.71, Recall: 0.58, F1-Score: 0.64, AUC: 0.68
Epoch [66/100] - [TRAIN] Loss: 0.6090, Accuracy: 69.19%, AUC: 0.69 [VAL] Loss: 0.6054, Accuracy: 69.31%, Precision: 0.72, Recall: 0.57, F1-Score: 0.64, AUC: 0.69
Epoch [67/100] - [TRAIN] Loss: 0.6086, Accuracy: 69.24%, AUC: 0.69 [VAL] Loss: 0.6014, Accuracy: 69.36%, Precision: 0.72, Recall: 0.58, F1-Score: 0.64, AUC: 0.69
Epoch [68/100] - [TRAIN] Loss: 0.6099, Accuracy: 68.95%, AUC: 0.68 [VAL] Loss: 0.6009, Accuracy: 69.24%, Precision: 0.72, Recall: 0.57, F1-Score: 0.64, AUC: 0.69
Epoch [69/100] - [TRAIN] Loss: 0.6081, Accuracy: 69.20%, AUC: 0.69 [VAL] Loss: 0.6107, Accuracy: 69.15%, Precision: 0.71, Recall: 0.57, F1-Score: 0.63, AUC: 0.68
Epoch [70/100] - [TRAIN] Loss: 0.6083, Accuracy: 69.14%, AUC: 0.69 [VAL] Loss: 0.6038, Accuracy: 69.59%, Precision: 0.71, Recall: 0.58, F1-Score: 0.64, AUC: 0.69
Epoch [71/100] - [TRAIN] Loss: 0.6101, Accuracy: 68.95%, AUC: 0.68 [VAL] Loss: 0.6029, Accuracy: 69.44%, Precision: 0.72, Recall: 0.58, F1-Score: 0.64, AUC: 0.69
Epoch [72/100] - [TRAIN] Loss: 0.6086, Accuracy: 69.09%, AUC: 0.69 [VAL] Loss: 0.6008, Accuracy: 69.60%, Precision: 0.72, Recall: 0.58, F1-Score: 0.64, AUC: 0.69
Epoch [73/100] - [TRAIN] Loss: 0.6094, Accuracy: 69.14%, AUC: 0.69 [VAL] Loss: 0.6053, Accuracy: 69.17%, Precision: 0.71, Recall: 0.58, F1-Score: 0.64, AUC: 0.68
Epoch [74/100] - [TRAIN] Loss: 0.6083, Accuracy: 69.03%, AUC: 0.69 [VAL] Loss: 0.6126, Accuracy: 68.44%, Precision: 0.71, Recall: 0.57, F1-Score: 0.63, AUC: 0.68
Epoch [75/100] - [TRAIN] Loss: 0.6082, Accuracy: 69.29%, AUC: 0.69 [VAL] Loss: 0.6114, Accuracy: 68.63%, Precision: 0.71, Recall: 0.57, F1-Score: 0.63, AUC: 0.68
Epoch [76/100] - [TRAIN] Loss: 0.6080, Accuracy: 68.93%, AUC: 0.68 [VAL] Loss: 0.6013, Accuracy: 69.76%, Precision: 0.73, Recall: 0.58, F1-Score: 0.65, AUC: 0.69
Epoch [77/100] - [TRAIN] Loss: 0.6076, Accuracy: 69.15%, AUC: 0.69 [VAL] Loss: 0.6065, Accuracy: 68.48%, Precision: 0.71, Recall: 0.57, F1-Score: 0.64, AUC: 0.68
Epoch [78/100] - [TRAIN] Loss: 0.6119, Accuracy: 68.89%, AUC: 0.68 [VAL] Loss: 0.6078, Accuracy: 69.37%, Precision: 0.71, Recall: 0.57, F1-Score: 0.64, AUC: 0.69
Epoch [79/100] - [TRAIN] Loss: 0.6064, Accuracy: 69.25%, AUC: 0.69 [VAL] Loss: 0.6122, Accuracy: 68.95%, Precision: 0.71, Recall: 0.58, F1-Score: 0.64, AUC: 0.68
Epoch [80/100] - [TRAIN] Loss: 0.6081, Accuracy: 69.02%, AUC: 0.69 [VAL] Loss: 0.6018, Accuracy: 70.10%, Precision: 0.73, Recall: 0.59, F1-Score: 0.65, AUC: 0.69
Epoch [81/100] - [TRAIN] Loss: 0.6082, Accuracy: 69.02%, AUC: 0.69 [VAL] Loss: 0.6076, Accuracy: 69.45%, Precision: 0.72, Recall: 0.57, F1-Score: 0.64, AUC: 0.69
Epoch [82/100] - [TRAIN] Loss: 0.6108, Accuracy: 69.01%, AUC: 0.69 [VAL] Loss: 0.6150, Accuracy: 68.73%, Precision: 0.71, Recall: 0.56, F1-Score: 0.63, AUC: 0.68
Epoch [83/100] - [TRAIN] Loss: 0.6076, Accuracy: 69.13%, AUC: 0.69 [VAL] Loss: 0.6082, Accuracy: 68.86%, Precision: 0.72, Recall: 0.57, F1-Score: 0.64, AUC: 0.68
Epoch [84/100] - [TRAIN] Loss: 0.6081, Accuracy: 69.19%, AUC: 0.69 [VAL] Loss: 0.6054, Accuracy: 69.47%, Precision: 0.72, Recall: 0.58, F1-Score: 0.65, AUC: 0.69
Epoch [85/100] - [TRAIN] Loss: 0.6085, Accuracy: 69.12%, AUC: 0.69 [VAL] Loss: 0.6082, Accuracy: 69.09%, Precision: 0.72, Recall: 0.57, F1-Score: 0.63, AUC: 0.68
Epoch [86/100] - [TRAIN] Loss: 0.6089, Accuracy: 69.12%, AUC: 0.69 [VAL] Loss: 0.6105, Accuracy: 68.63%, Precision: 0.71, Recall: 0.57, F1-Score: 0.63, AUC: 0.68
Epoch [87/100] - [TRAIN] Loss: 0.6110, Accuracy: 68.74%, AUC: 0.68 [VAL] Loss: 0.6048, Accuracy: 69.24%, Precision: 0.72, Recall: 0.57, F1-Score: 0.64, AUC: 0.69
Epoch [88/100] - [TRAIN] Loss: 0.6117, Accuracy: 68.80%, AUC: 0.68 [VAL] Loss: 0.6056, Accuracy: 68.73%, Precision: 0.71, Recall: 0.58, F1-Score: 0.64, AUC: 0.68
Epoch [89/100] - [TRAIN] Loss: 0.6107, Accuracy: 69.13%, AUC: 0.69 [VAL] Loss: 0.6056, Accuracy: 69.23%, Precision: 0.71, Recall: 0.57, F1-Score: 0.63, AUC: 0.68
Epoch [90/100] - [TRAIN] Loss: 0.6075, Accuracy: 69.20%, AUC: 0.69 [VAL] Loss: 0.6103, Accuracy: 68.59%, Precision: 0.71, Recall: 0.57, F1-Score: 0.63, AUC: 0.68
Epoch [91/100] - [TRAIN] Loss: 0.6097, Accuracy: 68.99%, AUC: 0.68 [VAL] Loss: 0.6049, Accuracy: 69.83%, Precision: 0.72, Recall: 0.59, F1-Score: 0.65, AUC: 0.69
Epoch [92/100] - [TRAIN] Loss: 0.6078, Accuracy: 68.94%, AUC: 0.68 [VAL] Loss: 0.6138, Accuracy: 68.42%, Precision: 0.71, Recall: 0.56, F1-Score: 0.63, AUC: 0.68
Epoch [93/100] - [TRAIN] Loss: 0.6082, Accuracy: 68.94%, AUC: 0.68 [VAL] Loss: 0.6115, Accuracy: 68.20%, Precision: 0.72, Recall: 0.57, F1-Score: 0.63, AUC: 0.68
Epoch [94/100] - [TRAIN] Loss: 0.6081, Accuracy: 69.10%, AUC: 0.69 [VAL] Loss: 0.6104, Accuracy: 68.82%, Precision: 0.72, Recall: 0.57, F1-Score: 0.64, AUC: 0.68
Epoch [95/100] - [TRAIN] Loss: 0.6087, Accuracy: 69.04%, AUC: 0.69 [VAL] Loss: 0.6091, Accuracy: 68.78%, Precision: 0.71, Recall: 0.57, F1-Score: 0.64, AUC: 0.68
Epoch [96/100] - [TRAIN] Loss: 0.6113, Accuracy: 68.79%, AUC: 0.68 [VAL] Loss: 0.6103, Accuracy: 68.76%, Precision: 0.71, Recall: 0.56, F1-Score: 0.63, AUC: 0.68
Epoch [97/100] - [TRAIN] Loss: 0.6077, Accuracy: 69.17%, AUC: 0.69 [VAL] Loss: 0.6071, Accuracy: 69.36%, Precision: 0.72, Recall: 0.57, F1-Score: 0.64, AUC: 0.69
Epoch [98/100] - [TRAIN] Loss: 0.6082, Accuracy: 69.10%, AUC: 0.69 [VAL] Loss: 0.6091, Accuracy: 68.80%, Precision: 0.71, Recall: 0.57, F1-Score: 0.63, AUC: 0.68
Epoch [99/100] - [TRAIN] Loss: 0.6107, Accuracy: 69.08%, AUC: 0.69 [VAL] Loss: 0.6018, Accuracy: 69.32%, Precision: 0.71, Recall: 0.57, F1-Score: 0.63, AUC: 0.68
Epoch [100/100] - [TRAIN] Loss: 0.6111, Accuracy: 68.94%, AUC: 0.68 [VAL] Loss: 0.6052, Accuracy: 69.27%, Precision: 0.72, Recall: 0.56, F1-Score: 0.63, AUC: 0.69
Accuracy Score on test set: 69.85 %
    AUC Score on test set: 0.69
    Precision: 0.7281
    Recall: 0.5790
    F1-Score: 0.6451

    Detailed Classification Report:
                  precision    recall  f1-score   support

           0       0.68      0.81      0.74      5268
           1       0.73      0.58      0.65      4732

    accuracy                           0.70     10000
   macro avg       0.70      0.69      0.69     10000
weighted avg       0.70      0.70      0.69     10000


    Confusion Matrix:
    [[4245 1023]
 [1992 2740]]
    
Batch FINISHED!!!

Real-time duration: 9296.912368296 seconds
