Using device: cuda
Current CUDA device: 0
CUDA device name: Tesla V100-PCIE-16GB
030-H3K4me3-H3K9ac-H3K9me3-H3K27ac-H3K27me3
Epoch [1/100] - [TRAIN] Loss: 0.6460, Accuracy: 67.71%, AUC: 0.67 [VAL] Loss: 0.6316, Accuracy: 68.65%, Precision: 0.70, Recall: 0.58, F1-Score: 0.63, AUC: 0.68
Epoch [2/100] - [TRAIN] Loss: 0.6249, Accuracy: 69.07%, AUC: 0.68 [VAL] Loss: 0.6251, Accuracy: 68.54%, Precision: 0.70, Recall: 0.57, F1-Score: 0.63, AUC: 0.68
Epoch [3/100] - [TRAIN] Loss: 0.6172, Accuracy: 69.31%, AUC: 0.69 [VAL] Loss: 0.6089, Accuracy: 69.97%, Precision: 0.72, Recall: 0.58, F1-Score: 0.64, AUC: 0.69
Epoch [4/100] - [TRAIN] Loss: 0.6139, Accuracy: 69.38%, AUC: 0.69 [VAL] Loss: 0.6144, Accuracy: 68.94%, Precision: 0.73, Recall: 0.55, F1-Score: 0.63, AUC: 0.68
Epoch [5/100] - [TRAIN] Loss: 0.6135, Accuracy: 69.16%, AUC: 0.69 [VAL] Loss: 0.6193, Accuracy: 69.08%, Precision: 0.72, Recall: 0.55, F1-Score: 0.62, AUC: 0.68
Epoch [6/100] - [TRAIN] Loss: 0.6129, Accuracy: 69.19%, AUC: 0.69 [VAL] Loss: 0.6095, Accuracy: 68.96%, Precision: 0.72, Recall: 0.56, F1-Score: 0.63, AUC: 0.68
Epoch [7/100] - [TRAIN] Loss: 0.6111, Accuracy: 69.39%, AUC: 0.69 [VAL] Loss: 0.6158, Accuracy: 68.67%, Precision: 0.71, Recall: 0.56, F1-Score: 0.63, AUC: 0.68
Epoch [8/100] - [TRAIN] Loss: 0.6040, Accuracy: 70.08%, AUC: 0.70 [VAL] Loss: 0.6088, Accuracy: 69.12%, Precision: 0.72, Recall: 0.56, F1-Score: 0.63, AUC: 0.68
Epoch [9/100] - [TRAIN] Loss: 0.6034, Accuracy: 69.78%, AUC: 0.69 [VAL] Loss: 0.6047, Accuracy: 70.00%, Precision: 0.73, Recall: 0.59, F1-Score: 0.65, AUC: 0.69
Epoch [10/100] - [TRAIN] Loss: 0.6051, Accuracy: 69.58%, AUC: 0.69 [VAL] Loss: 0.6087, Accuracy: 68.94%, Precision: 0.72, Recall: 0.56, F1-Score: 0.63, AUC: 0.68
Epoch [11/100] - [TRAIN] Loss: 0.6031, Accuracy: 69.91%, AUC: 0.69 [VAL] Loss: 0.6129, Accuracy: 69.35%, Precision: 0.71, Recall: 0.56, F1-Score: 0.63, AUC: 0.68
Epoch [12/100] - [TRAIN] Loss: 0.6028, Accuracy: 69.72%, AUC: 0.69 [VAL] Loss: 0.6078, Accuracy: 69.02%, Precision: 0.72, Recall: 0.57, F1-Score: 0.64, AUC: 0.68
Epoch [13/100] - [TRAIN] Loss: 0.6005, Accuracy: 69.97%, AUC: 0.69 [VAL] Loss: 0.6047, Accuracy: 69.30%, Precision: 0.73, Recall: 0.56, F1-Score: 0.63, AUC: 0.69
Epoch [14/100] - [TRAIN] Loss: 0.5992, Accuracy: 70.05%, AUC: 0.69 [VAL] Loss: 0.6097, Accuracy: 69.04%, Precision: 0.72, Recall: 0.58, F1-Score: 0.64, AUC: 0.69
Epoch [15/100] - [TRAIN] Loss: 0.6015, Accuracy: 69.79%, AUC: 0.69 [VAL] Loss: 0.6073, Accuracy: 69.72%, Precision: 0.73, Recall: 0.56, F1-Score: 0.64, AUC: 0.69
Epoch [16/100] - [TRAIN] Loss: 0.5980, Accuracy: 70.03%, AUC: 0.69 [VAL] Loss: 0.5951, Accuracy: 69.86%, Precision: 0.72, Recall: 0.56, F1-Score: 0.63, AUC: 0.69
Epoch [17/100] - [TRAIN] Loss: 0.5991, Accuracy: 69.99%, AUC: 0.69 [VAL] Loss: 0.6088, Accuracy: 68.70%, Precision: 0.72, Recall: 0.56, F1-Score: 0.63, AUC: 0.68
Epoch [18/100] - [TRAIN] Loss: 0.6002, Accuracy: 69.92%, AUC: 0.69 [VAL] Loss: 0.6000, Accuracy: 70.13%, Precision: 0.73, Recall: 0.58, F1-Score: 0.65, AUC: 0.70
Epoch [19/100] - [TRAIN] Loss: 0.6006, Accuracy: 69.67%, AUC: 0.69 [VAL] Loss: 0.6016, Accuracy: 68.56%, Precision: 0.72, Recall: 0.56, F1-Score: 0.63, AUC: 0.68
Epoch [20/100] - [TRAIN] Loss: 0.5992, Accuracy: 69.79%, AUC: 0.69 [VAL] Loss: 0.6063, Accuracy: 69.05%, Precision: 0.73, Recall: 0.57, F1-Score: 0.64, AUC: 0.69
Epoch [21/100] - [TRAIN] Loss: 0.5993, Accuracy: 69.72%, AUC: 0.69 [VAL] Loss: 0.6137, Accuracy: 68.45%, Precision: 0.71, Recall: 0.56, F1-Score: 0.62, AUC: 0.68
Epoch [22/100] - [TRAIN] Loss: 0.6013, Accuracy: 69.81%, AUC: 0.69 [VAL] Loss: 0.6021, Accuracy: 69.66%, Precision: 0.72, Recall: 0.56, F1-Score: 0.63, AUC: 0.69
Epoch [23/100] - [TRAIN] Loss: 0.5985, Accuracy: 69.96%, AUC: 0.69 [VAL] Loss: 0.5983, Accuracy: 69.58%, Precision: 0.73, Recall: 0.57, F1-Score: 0.64, AUC: 0.69
Epoch [24/100] - [TRAIN] Loss: 0.6000, Accuracy: 69.73%, AUC: 0.69 [VAL] Loss: 0.5993, Accuracy: 69.62%, Precision: 0.72, Recall: 0.57, F1-Score: 0.64, AUC: 0.69
Epoch [25/100] - [TRAIN] Loss: 0.5996, Accuracy: 69.88%, AUC: 0.69 [VAL] Loss: 0.5987, Accuracy: 69.45%, Precision: 0.72, Recall: 0.57, F1-Score: 0.63, AUC: 0.69
Epoch [26/100] - [TRAIN] Loss: 0.5965, Accuracy: 69.90%, AUC: 0.69 [VAL] Loss: 0.6059, Accuracy: 69.50%, Precision: 0.72, Recall: 0.57, F1-Score: 0.64, AUC: 0.69
Epoch [27/100] - [TRAIN] Loss: 0.5984, Accuracy: 70.10%, AUC: 0.70 [VAL] Loss: 0.6085, Accuracy: 68.83%, Precision: 0.72, Recall: 0.55, F1-Score: 0.62, AUC: 0.68
Epoch [28/100] - [TRAIN] Loss: 0.5991, Accuracy: 70.15%, AUC: 0.70 [VAL] Loss: 0.6028, Accuracy: 69.52%, Precision: 0.72, Recall: 0.57, F1-Score: 0.64, AUC: 0.69
Epoch [29/100] - [TRAIN] Loss: 0.5966, Accuracy: 70.22%, AUC: 0.70 [VAL] Loss: 0.5968, Accuracy: 69.99%, Precision: 0.72, Recall: 0.58, F1-Score: 0.64, AUC: 0.69
Epoch [30/100] - [TRAIN] Loss: 0.5982, Accuracy: 69.91%, AUC: 0.69 [VAL] Loss: 0.6096, Accuracy: 68.49%, Precision: 0.73, Recall: 0.55, F1-Score: 0.63, AUC: 0.68
Epoch [31/100] - [TRAIN] Loss: 0.5984, Accuracy: 70.14%, AUC: 0.69 [VAL] Loss: 0.5951, Accuracy: 69.82%, Precision: 0.73, Recall: 0.57, F1-Score: 0.64, AUC: 0.69
Epoch [32/100] - [TRAIN] Loss: 0.5963, Accuracy: 70.01%, AUC: 0.69 [VAL] Loss: 0.6032, Accuracy: 69.38%, Precision: 0.72, Recall: 0.57, F1-Score: 0.63, AUC: 0.69
Epoch [33/100] - [TRAIN] Loss: 0.6018, Accuracy: 69.71%, AUC: 0.69 [VAL] Loss: 0.6054, Accuracy: 69.17%, Precision: 0.72, Recall: 0.57, F1-Score: 0.64, AUC: 0.69
Epoch [34/100] - [TRAIN] Loss: 0.6004, Accuracy: 69.84%, AUC: 0.69 [VAL] Loss: 0.6096, Accuracy: 69.13%, Precision: 0.72, Recall: 0.57, F1-Score: 0.63, AUC: 0.68
Epoch [35/100] - [TRAIN] Loss: 0.5997, Accuracy: 69.97%, AUC: 0.69 [VAL] Loss: 0.6042, Accuracy: 69.21%, Precision: 0.73, Recall: 0.55, F1-Score: 0.63, AUC: 0.69
Epoch [36/100] - [TRAIN] Loss: 0.6007, Accuracy: 69.73%, AUC: 0.69 [VAL] Loss: 0.6122, Accuracy: 69.41%, Precision: 0.73, Recall: 0.57, F1-Score: 0.64, AUC: 0.69
Epoch [37/100] - [TRAIN] Loss: 0.5971, Accuracy: 70.07%, AUC: 0.69 [VAL] Loss: 0.6087, Accuracy: 68.70%, Precision: 0.71, Recall: 0.56, F1-Score: 0.63, AUC: 0.68
Epoch [38/100] - [TRAIN] Loss: 0.5991, Accuracy: 70.01%, AUC: 0.69 [VAL] Loss: 0.5979, Accuracy: 69.02%, Precision: 0.73, Recall: 0.56, F1-Score: 0.63, AUC: 0.68
Epoch [39/100] - [TRAIN] Loss: 0.6001, Accuracy: 70.17%, AUC: 0.70 [VAL] Loss: 0.6067, Accuracy: 68.29%, Precision: 0.71, Recall: 0.55, F1-Score: 0.62, AUC: 0.68
Epoch [40/100] - [TRAIN] Loss: 0.5999, Accuracy: 69.86%, AUC: 0.69 [VAL] Loss: 0.6043, Accuracy: 68.52%, Precision: 0.72, Recall: 0.56, F1-Score: 0.63, AUC: 0.68
Epoch [41/100] - [TRAIN] Loss: 0.5985, Accuracy: 69.95%, AUC: 0.69 [VAL] Loss: 0.6013, Accuracy: 69.21%, Precision: 0.72, Recall: 0.56, F1-Score: 0.63, AUC: 0.68
Epoch [42/100] - [TRAIN] Loss: 0.6003, Accuracy: 69.84%, AUC: 0.69 [VAL] Loss: 0.6053, Accuracy: 69.50%, Precision: 0.73, Recall: 0.56, F1-Score: 0.63, AUC: 0.69
Epoch [43/100] - [TRAIN] Loss: 0.5948, Accuracy: 70.42%, AUC: 0.70 [VAL] Loss: 0.6024, Accuracy: 69.44%, Precision: 0.71, Recall: 0.57, F1-Score: 0.63, AUC: 0.69
Epoch [44/100] - [TRAIN] Loss: 0.5993, Accuracy: 69.79%, AUC: 0.69 [VAL] Loss: 0.6120, Accuracy: 68.94%, Precision: 0.73, Recall: 0.55, F1-Score: 0.63, AUC: 0.68
Epoch [45/100] - [TRAIN] Loss: 0.5999, Accuracy: 69.97%, AUC: 0.69 [VAL] Loss: 0.6035, Accuracy: 69.12%, Precision: 0.73, Recall: 0.56, F1-Score: 0.63, AUC: 0.69
Epoch [46/100] - [TRAIN] Loss: 0.6007, Accuracy: 69.86%, AUC: 0.69 [VAL] Loss: 0.6036, Accuracy: 69.84%, Precision: 0.72, Recall: 0.58, F1-Score: 0.64, AUC: 0.69
Epoch [47/100] - [TRAIN] Loss: 0.5993, Accuracy: 69.99%, AUC: 0.69 [VAL] Loss: 0.5955, Accuracy: 70.16%, Precision: 0.73, Recall: 0.58, F1-Score: 0.64, AUC: 0.69
Epoch [48/100] - [TRAIN] Loss: 0.6000, Accuracy: 69.83%, AUC: 0.69 [VAL] Loss: 0.6046, Accuracy: 69.05%, Precision: 0.72, Recall: 0.56, F1-Score: 0.63, AUC: 0.68
Epoch [49/100] - [TRAIN] Loss: 0.6003, Accuracy: 70.02%, AUC: 0.69 [VAL] Loss: 0.6088, Accuracy: 68.10%, Precision: 0.71, Recall: 0.55, F1-Score: 0.62, AUC: 0.67
Epoch [50/100] - [TRAIN] Loss: 0.5976, Accuracy: 69.91%, AUC: 0.69 [VAL] Loss: 0.6003, Accuracy: 69.42%, Precision: 0.72, Recall: 0.56, F1-Score: 0.63, AUC: 0.69
Epoch [51/100] - [TRAIN] Loss: 0.5975, Accuracy: 70.23%, AUC: 0.70 [VAL] Loss: 0.5947, Accuracy: 69.29%, Precision: 0.73, Recall: 0.57, F1-Score: 0.64, AUC: 0.69
Epoch [52/100] - [TRAIN] Loss: 0.5960, Accuracy: 70.17%, AUC: 0.70 [VAL] Loss: 0.6060, Accuracy: 69.58%, Precision: 0.72, Recall: 0.58, F1-Score: 0.64, AUC: 0.69
Epoch [53/100] - [TRAIN] Loss: 0.6016, Accuracy: 69.77%, AUC: 0.69 [VAL] Loss: 0.6061, Accuracy: 69.07%, Precision: 0.72, Recall: 0.57, F1-Score: 0.63, AUC: 0.68
Epoch [54/100] - [TRAIN] Loss: 0.6016, Accuracy: 69.54%, AUC: 0.69 [VAL] Loss: 0.6029, Accuracy: 69.14%, Precision: 0.73, Recall: 0.56, F1-Score: 0.63, AUC: 0.68
Epoch [55/100] - [TRAIN] Loss: 0.5993, Accuracy: 69.80%, AUC: 0.69 [VAL] Loss: 0.6015, Accuracy: 69.07%, Precision: 0.72, Recall: 0.56, F1-Score: 0.63, AUC: 0.68
Epoch [56/100] - [TRAIN] Loss: 0.5986, Accuracy: 69.83%, AUC: 0.69 [VAL] Loss: 0.6113, Accuracy: 68.55%, Precision: 0.71, Recall: 0.56, F1-Score: 0.63, AUC: 0.68
Epoch [57/100] - [TRAIN] Loss: 0.5976, Accuracy: 69.99%, AUC: 0.69 [VAL] Loss: 0.6027, Accuracy: 69.42%, Precision: 0.72, Recall: 0.57, F1-Score: 0.63, AUC: 0.69
Epoch [58/100] - [TRAIN] Loss: 0.5975, Accuracy: 70.16%, AUC: 0.69 [VAL] Loss: 0.6080, Accuracy: 68.77%, Precision: 0.72, Recall: 0.56, F1-Score: 0.63, AUC: 0.68
Epoch [59/100] - [TRAIN] Loss: 0.5974, Accuracy: 70.11%, AUC: 0.70 [VAL] Loss: 0.6028, Accuracy: 69.10%, Precision: 0.72, Recall: 0.56, F1-Score: 0.63, AUC: 0.68
Epoch [60/100] - [TRAIN] Loss: 0.6007, Accuracy: 69.70%, AUC: 0.69 [VAL] Loss: 0.6074, Accuracy: 69.29%, Precision: 0.73, Recall: 0.57, F1-Score: 0.64, AUC: 0.69
Epoch [61/100] - [TRAIN] Loss: 0.5992, Accuracy: 69.84%, AUC: 0.69 [VAL] Loss: 0.6015, Accuracy: 69.31%, Precision: 0.73, Recall: 0.57, F1-Score: 0.64, AUC: 0.69
Epoch [62/100] - [TRAIN] Loss: 0.5988, Accuracy: 70.04%, AUC: 0.69 [VAL] Loss: 0.6069, Accuracy: 68.99%, Precision: 0.73, Recall: 0.57, F1-Score: 0.64, AUC: 0.69
Epoch [63/100] - [TRAIN] Loss: 0.5998, Accuracy: 69.63%, AUC: 0.69 [VAL] Loss: 0.6040, Accuracy: 69.05%, Precision: 0.73, Recall: 0.56, F1-Score: 0.63, AUC: 0.68
Epoch [64/100] - [TRAIN] Loss: 0.5987, Accuracy: 70.02%, AUC: 0.69 [VAL] Loss: 0.6090, Accuracy: 68.85%, Precision: 0.73, Recall: 0.56, F1-Score: 0.64, AUC: 0.68
Epoch [65/100] - [TRAIN] Loss: 0.5984, Accuracy: 69.96%, AUC: 0.69 [VAL] Loss: 0.6127, Accuracy: 68.31%, Precision: 0.71, Recall: 0.56, F1-Score: 0.62, AUC: 0.68
Epoch [66/100] - [TRAIN] Loss: 0.5969, Accuracy: 69.98%, AUC: 0.69 [VAL] Loss: 0.6051, Accuracy: 69.12%, Precision: 0.71, Recall: 0.56, F1-Score: 0.63, AUC: 0.68
Epoch [67/100] - [TRAIN] Loss: 0.5982, Accuracy: 70.10%, AUC: 0.69 [VAL] Loss: 0.6101, Accuracy: 68.47%, Precision: 0.71, Recall: 0.56, F1-Score: 0.62, AUC: 0.68
Epoch [68/100] - [TRAIN] Loss: 0.6008, Accuracy: 69.70%, AUC: 0.69 [VAL] Loss: 0.6053, Accuracy: 68.80%, Precision: 0.70, Recall: 0.56, F1-Score: 0.62, AUC: 0.68
Epoch [69/100] - [TRAIN] Loss: 0.5984, Accuracy: 69.92%, AUC: 0.69 [VAL] Loss: 0.6014, Accuracy: 69.59%, Precision: 0.72, Recall: 0.57, F1-Score: 0.64, AUC: 0.69
Epoch [70/100] - [TRAIN] Loss: 0.5980, Accuracy: 69.98%, AUC: 0.69 [VAL] Loss: 0.6075, Accuracy: 68.81%, Precision: 0.72, Recall: 0.56, F1-Score: 0.63, AUC: 0.68
Epoch [71/100] - [TRAIN] Loss: 0.5990, Accuracy: 70.17%, AUC: 0.70 [VAL] Loss: 0.6056, Accuracy: 69.71%, Precision: 0.73, Recall: 0.57, F1-Score: 0.64, AUC: 0.69
Epoch [72/100] - [TRAIN] Loss: 0.6001, Accuracy: 69.87%, AUC: 0.69 [VAL] Loss: 0.6059, Accuracy: 69.42%, Precision: 0.73, Recall: 0.56, F1-Score: 0.63, AUC: 0.69
Epoch [73/100] - [TRAIN] Loss: 0.6012, Accuracy: 69.70%, AUC: 0.69 [VAL] Loss: 0.6037, Accuracy: 69.61%, Precision: 0.72, Recall: 0.57, F1-Score: 0.64, AUC: 0.69
Epoch [74/100] - [TRAIN] Loss: 0.5997, Accuracy: 69.97%, AUC: 0.69 [VAL] Loss: 0.6051, Accuracy: 69.28%, Precision: 0.72, Recall: 0.57, F1-Score: 0.63, AUC: 0.69
Epoch [75/100] - [TRAIN] Loss: 0.5984, Accuracy: 69.95%, AUC: 0.69 [VAL] Loss: 0.6058, Accuracy: 69.53%, Precision: 0.73, Recall: 0.56, F1-Score: 0.64, AUC: 0.69
Epoch [76/100] - [TRAIN] Loss: 0.5976, Accuracy: 70.00%, AUC: 0.69 [VAL] Loss: 0.6054, Accuracy: 69.42%, Precision: 0.72, Recall: 0.56, F1-Score: 0.63, AUC: 0.69
Epoch [77/100] - [TRAIN] Loss: 0.6008, Accuracy: 70.02%, AUC: 0.69 [VAL] Loss: 0.5982, Accuracy: 69.30%, Precision: 0.73, Recall: 0.56, F1-Score: 0.63, AUC: 0.69
Epoch [78/100] - [TRAIN] Loss: 0.5999, Accuracy: 69.83%, AUC: 0.69 [VAL] Loss: 0.5999, Accuracy: 69.99%, Precision: 0.72, Recall: 0.57, F1-Score: 0.64, AUC: 0.69
Epoch [79/100] - [TRAIN] Loss: 0.6021, Accuracy: 69.93%, AUC: 0.69 [VAL] Loss: 0.6096, Accuracy: 68.85%, Precision: 0.72, Recall: 0.56, F1-Score: 0.63, AUC: 0.68
Epoch [80/100] - [TRAIN] Loss: 0.5999, Accuracy: 69.93%, AUC: 0.69 [VAL] Loss: 0.5998, Accuracy: 69.67%, Precision: 0.72, Recall: 0.57, F1-Score: 0.64, AUC: 0.69
Epoch [81/100] - [TRAIN] Loss: 0.5986, Accuracy: 69.91%, AUC: 0.69 [VAL] Loss: 0.6079, Accuracy: 69.33%, Precision: 0.72, Recall: 0.57, F1-Score: 0.64, AUC: 0.69
Epoch [82/100] - [TRAIN] Loss: 0.5985, Accuracy: 69.97%, AUC: 0.69 [VAL] Loss: 0.5982, Accuracy: 69.42%, Precision: 0.72, Recall: 0.57, F1-Score: 0.64, AUC: 0.69
Epoch [83/100] - [TRAIN] Loss: 0.5994, Accuracy: 69.78%, AUC: 0.69 [VAL] Loss: 0.6071, Accuracy: 68.99%, Precision: 0.72, Recall: 0.56, F1-Score: 0.63, AUC: 0.68
Epoch [84/100] - [TRAIN] Loss: 0.5994, Accuracy: 70.10%, AUC: 0.70 [VAL] Loss: 0.6039, Accuracy: 68.93%, Precision: 0.71, Recall: 0.56, F1-Score: 0.63, AUC: 0.68
Epoch [85/100] - [TRAIN] Loss: 0.6003, Accuracy: 69.89%, AUC: 0.69 [VAL] Loss: 0.6096, Accuracy: 68.64%, Precision: 0.71, Recall: 0.56, F1-Score: 0.63, AUC: 0.68
Epoch [86/100] - [TRAIN] Loss: 0.6016, Accuracy: 69.80%, AUC: 0.69 [VAL] Loss: 0.6069, Accuracy: 68.89%, Precision: 0.73, Recall: 0.57, F1-Score: 0.64, AUC: 0.68
Epoch [87/100] - [TRAIN] Loss: 0.5994, Accuracy: 69.98%, AUC: 0.69 [VAL] Loss: 0.6018, Accuracy: 69.25%, Precision: 0.73, Recall: 0.56, F1-Score: 0.64, AUC: 0.69
Epoch [88/100] - [TRAIN] Loss: 0.6005, Accuracy: 69.76%, AUC: 0.69 [VAL] Loss: 0.6028, Accuracy: 69.49%, Precision: 0.72, Recall: 0.57, F1-Score: 0.64, AUC: 0.69
Epoch [89/100] - [TRAIN] Loss: 0.5998, Accuracy: 69.78%, AUC: 0.69 [VAL] Loss: 0.6093, Accuracy: 68.50%, Precision: 0.72, Recall: 0.56, F1-Score: 0.63, AUC: 0.68
Epoch [90/100] - [TRAIN] Loss: 0.5988, Accuracy: 69.83%, AUC: 0.69 [VAL] Loss: 0.6045, Accuracy: 69.34%, Precision: 0.71, Recall: 0.57, F1-Score: 0.63, AUC: 0.68
Epoch [91/100] - [TRAIN] Loss: 0.5996, Accuracy: 69.78%, AUC: 0.69 [VAL] Loss: 0.6086, Accuracy: 69.05%, Precision: 0.72, Recall: 0.56, F1-Score: 0.63, AUC: 0.68
Epoch [92/100] - [TRAIN] Loss: 0.5968, Accuracy: 69.91%, AUC: 0.69 [VAL] Loss: 0.6096, Accuracy: 68.96%, Precision: 0.72, Recall: 0.56, F1-Score: 0.63, AUC: 0.68
Epoch [93/100] - [TRAIN] Loss: 0.5996, Accuracy: 69.82%, AUC: 0.69 [VAL] Loss: 0.5938, Accuracy: 70.18%, Precision: 0.73, Recall: 0.58, F1-Score: 0.65, AUC: 0.70
Epoch [94/100] - [TRAIN] Loss: 0.6024, Accuracy: 69.57%, AUC: 0.69 [VAL] Loss: 0.6073, Accuracy: 69.09%, Precision: 0.73, Recall: 0.56, F1-Score: 0.63, AUC: 0.69
Epoch [95/100] - [TRAIN] Loss: 0.5982, Accuracy: 70.01%, AUC: 0.69 [VAL] Loss: 0.6013, Accuracy: 69.49%, Precision: 0.72, Recall: 0.56, F1-Score: 0.63, AUC: 0.69
Epoch [96/100] - [TRAIN] Loss: 0.5976, Accuracy: 70.29%, AUC: 0.70 [VAL] Loss: 0.6042, Accuracy: 69.46%, Precision: 0.73, Recall: 0.58, F1-Score: 0.65, AUC: 0.69
Epoch [97/100] - [TRAIN] Loss: 0.5994, Accuracy: 69.76%, AUC: 0.69 [VAL] Loss: 0.6043, Accuracy: 68.75%, Precision: 0.72, Recall: 0.55, F1-Score: 0.62, AUC: 0.68
Epoch [98/100] - [TRAIN] Loss: 0.5984, Accuracy: 70.12%, AUC: 0.70 [VAL] Loss: 0.6084, Accuracy: 69.26%, Precision: 0.73, Recall: 0.57, F1-Score: 0.64, AUC: 0.69
Epoch [99/100] - [TRAIN] Loss: 0.5987, Accuracy: 70.10%, AUC: 0.70 [VAL] Loss: 0.6138, Accuracy: 68.22%, Precision: 0.72, Recall: 0.56, F1-Score: 0.63, AUC: 0.68
Epoch [100/100] - [TRAIN] Loss: 0.5971, Accuracy: 70.16%, AUC: 0.70 [VAL] Loss: 0.5964, Accuracy: 69.92%, Precision: 0.73, Recall: 0.58, F1-Score: 0.64, AUC: 0.69
Accuracy Score on test set: 69.91 %
    AUC Score on test set: 0.69
    Precision: 0.7391
    Recall: 0.5807
    F1-Score: 0.6504

    Detailed Classification Report:
                  precision    recall  f1-score   support

           0       0.67      0.81      0.74      5180
           1       0.74      0.58      0.65      4820

    accuracy                           0.70     10000
   macro avg       0.71      0.69      0.69     10000
weighted avg       0.71      0.70      0.69     10000


    Confusion Matrix:
    [[4192  988]
 [2021 2799]]
    

Real-time duration: 2160.587106686 seconds
