Using device: cuda
Current CUDA device: 0
CUDA device name: Tesla V100-PCIE-16GB
005-H3K4me3-H3K9ac
Epoch [1/100] - [TRAIN] Loss: 0.6412, Accuracy: 68.39%, AUC: 0.68 [VAL] Loss: 0.6243, Accuracy: 70.16%, Precision: 0.71, Recall: 0.63, F1-Score: 0.67, AUC: 0.70
Epoch [2/100] - [TRAIN] Loss: 0.6190, Accuracy: 69.73%, AUC: 0.69 [VAL] Loss: 0.6146, Accuracy: 70.28%, Precision: 0.72, Recall: 0.61, F1-Score: 0.66, AUC: 0.70
Epoch [3/100] - [TRAIN] Loss: 0.6130, Accuracy: 69.97%, AUC: 0.70 [VAL] Loss: 0.6174, Accuracy: 68.99%, Precision: 0.71, Recall: 0.60, F1-Score: 0.65, AUC: 0.69
Epoch [4/100] - [TRAIN] Loss: 0.6112, Accuracy: 69.84%, AUC: 0.69 [VAL] Loss: 0.6102, Accuracy: 69.76%, Precision: 0.73, Recall: 0.59, F1-Score: 0.65, AUC: 0.69
Epoch [5/100] - [TRAIN] Loss: 0.6087, Accuracy: 69.80%, AUC: 0.69 [VAL] Loss: 0.6079, Accuracy: 69.95%, Precision: 0.73, Recall: 0.58, F1-Score: 0.65, AUC: 0.69
Epoch [6/100] - [TRAIN] Loss: 0.6084, Accuracy: 69.77%, AUC: 0.69 [VAL] Loss: 0.6052, Accuracy: 70.27%, Precision: 0.71, Recall: 0.61, F1-Score: 0.66, AUC: 0.70
Epoch [7/100] - [TRAIN] Loss: 0.6052, Accuracy: 70.03%, AUC: 0.70 [VAL] Loss: 0.6097, Accuracy: 69.57%, Precision: 0.72, Recall: 0.58, F1-Score: 0.64, AUC: 0.69
Epoch [8/100] - [TRAIN] Loss: 0.6034, Accuracy: 70.16%, AUC: 0.70 [VAL] Loss: 0.6118, Accuracy: 69.16%, Precision: 0.69, Recall: 0.60, F1-Score: 0.64, AUC: 0.68
Epoch [9/100] - [TRAIN] Loss: 0.6052, Accuracy: 69.81%, AUC: 0.69 [VAL] Loss: 0.6035, Accuracy: 69.97%, Precision: 0.72, Recall: 0.59, F1-Score: 0.65, AUC: 0.69
Epoch [10/100] - [TRAIN] Loss: 0.6027, Accuracy: 69.89%, AUC: 0.69 [VAL] Loss: 0.6107, Accuracy: 69.60%, Precision: 0.72, Recall: 0.59, F1-Score: 0.65, AUC: 0.69
Epoch [11/100] - [TRAIN] Loss: 0.6018, Accuracy: 69.76%, AUC: 0.69 [VAL] Loss: 0.5962, Accuracy: 69.85%, Precision: 0.72, Recall: 0.59, F1-Score: 0.65, AUC: 0.69
Epoch [12/100] - [TRAIN] Loss: 0.6001, Accuracy: 70.15%, AUC: 0.70 [VAL] Loss: 0.6100, Accuracy: 69.42%, Precision: 0.71, Recall: 0.59, F1-Score: 0.65, AUC: 0.69
Epoch [13/100] - [TRAIN] Loss: 0.6024, Accuracy: 69.90%, AUC: 0.69 [VAL] Loss: 0.6068, Accuracy: 69.14%, Precision: 0.73, Recall: 0.57, F1-Score: 0.64, AUC: 0.69
Epoch [14/100] - [TRAIN] Loss: 0.6016, Accuracy: 69.84%, AUC: 0.69 [VAL] Loss: 0.6050, Accuracy: 69.29%, Precision: 0.71, Recall: 0.59, F1-Score: 0.64, AUC: 0.69
Epoch [15/100] - [TRAIN] Loss: 0.6024, Accuracy: 70.00%, AUC: 0.70 [VAL] Loss: 0.6080, Accuracy: 69.60%, Precision: 0.72, Recall: 0.59, F1-Score: 0.64, AUC: 0.69
Epoch [16/100] - [TRAIN] Loss: 0.6005, Accuracy: 70.15%, AUC: 0.70 [VAL] Loss: 0.6075, Accuracy: 69.46%, Precision: 0.71, Recall: 0.59, F1-Score: 0.65, AUC: 0.69
Epoch [17/100] - [TRAIN] Loss: 0.6018, Accuracy: 69.82%, AUC: 0.69 [VAL] Loss: 0.6006, Accuracy: 69.84%, Precision: 0.72, Recall: 0.60, F1-Score: 0.65, AUC: 0.69
Epoch [18/100] - [TRAIN] Loss: 0.5988, Accuracy: 70.27%, AUC: 0.70 [VAL] Loss: 0.6045, Accuracy: 69.91%, Precision: 0.73, Recall: 0.60, F1-Score: 0.66, AUC: 0.69
Epoch [19/100] - [TRAIN] Loss: 0.5991, Accuracy: 70.15%, AUC: 0.70 [VAL] Loss: 0.6107, Accuracy: 69.36%, Precision: 0.71, Recall: 0.59, F1-Score: 0.64, AUC: 0.69
Epoch [20/100] - [TRAIN] Loss: 0.5997, Accuracy: 70.18%, AUC: 0.70 [VAL] Loss: 0.6030, Accuracy: 69.30%, Precision: 0.71, Recall: 0.58, F1-Score: 0.64, AUC: 0.69
Epoch [21/100] - [TRAIN] Loss: 0.6006, Accuracy: 69.91%, AUC: 0.69 [VAL] Loss: 0.6033, Accuracy: 70.12%, Precision: 0.72, Recall: 0.60, F1-Score: 0.65, AUC: 0.70
Epoch [22/100] - [TRAIN] Loss: 0.5991, Accuracy: 69.82%, AUC: 0.69 [VAL] Loss: 0.6073, Accuracy: 68.62%, Precision: 0.71, Recall: 0.57, F1-Score: 0.63, AUC: 0.68
Epoch [23/100] - [TRAIN] Loss: 0.5993, Accuracy: 70.15%, AUC: 0.70 [VAL] Loss: 0.6039, Accuracy: 69.67%, Precision: 0.72, Recall: 0.58, F1-Score: 0.65, AUC: 0.69
Epoch [24/100] - [TRAIN] Loss: 0.5996, Accuracy: 69.91%, AUC: 0.69 [VAL] Loss: 0.6060, Accuracy: 69.30%, Precision: 0.71, Recall: 0.59, F1-Score: 0.64, AUC: 0.69
Epoch [25/100] - [TRAIN] Loss: 0.6011, Accuracy: 69.93%, AUC: 0.69 [VAL] Loss: 0.6058, Accuracy: 69.99%, Precision: 0.71, Recall: 0.60, F1-Score: 0.65, AUC: 0.69
Epoch [26/100] - [TRAIN] Loss: 0.6003, Accuracy: 69.99%, AUC: 0.69 [VAL] Loss: 0.6004, Accuracy: 70.46%, Precision: 0.72, Recall: 0.60, F1-Score: 0.65, AUC: 0.70
Epoch [27/100] - [TRAIN] Loss: 0.5998, Accuracy: 69.89%, AUC: 0.69 [VAL] Loss: 0.6026, Accuracy: 69.15%, Precision: 0.72, Recall: 0.58, F1-Score: 0.64, AUC: 0.69
Epoch [28/100] - [TRAIN] Loss: 0.5974, Accuracy: 70.07%, AUC: 0.70 [VAL] Loss: 0.6060, Accuracy: 69.48%, Precision: 0.72, Recall: 0.58, F1-Score: 0.64, AUC: 0.69
Epoch [29/100] - [TRAIN] Loss: 0.6009, Accuracy: 69.87%, AUC: 0.69 [VAL] Loss: 0.6041, Accuracy: 70.27%, Precision: 0.72, Recall: 0.60, F1-Score: 0.65, AUC: 0.70
Epoch [30/100] - [TRAIN] Loss: 0.6017, Accuracy: 70.01%, AUC: 0.70 [VAL] Loss: 0.5997, Accuracy: 69.76%, Precision: 0.71, Recall: 0.59, F1-Score: 0.65, AUC: 0.69
Epoch [31/100] - [TRAIN] Loss: 0.5974, Accuracy: 70.33%, AUC: 0.70 [VAL] Loss: 0.6116, Accuracy: 68.69%, Precision: 0.71, Recall: 0.58, F1-Score: 0.64, AUC: 0.68
Epoch [32/100] - [TRAIN] Loss: 0.5999, Accuracy: 70.01%, AUC: 0.70 [VAL] Loss: 0.6054, Accuracy: 69.11%, Precision: 0.72, Recall: 0.58, F1-Score: 0.64, AUC: 0.69
Epoch [33/100] - [TRAIN] Loss: 0.5986, Accuracy: 69.96%, AUC: 0.70 [VAL] Loss: 0.6014, Accuracy: 69.58%, Precision: 0.71, Recall: 0.59, F1-Score: 0.64, AUC: 0.69
Epoch [34/100] - [TRAIN] Loss: 0.5976, Accuracy: 70.07%, AUC: 0.70 [VAL] Loss: 0.6102, Accuracy: 69.10%, Precision: 0.71, Recall: 0.57, F1-Score: 0.64, AUC: 0.68
Epoch [35/100] - [TRAIN] Loss: 0.5978, Accuracy: 70.28%, AUC: 0.70 [VAL] Loss: 0.6032, Accuracy: 69.82%, Precision: 0.72, Recall: 0.59, F1-Score: 0.65, AUC: 0.69
Epoch [36/100] - [TRAIN] Loss: 0.5977, Accuracy: 70.18%, AUC: 0.70 [VAL] Loss: 0.6045, Accuracy: 69.36%, Precision: 0.71, Recall: 0.58, F1-Score: 0.64, AUC: 0.69
Epoch [37/100] - [TRAIN] Loss: 0.5972, Accuracy: 70.40%, AUC: 0.70 [VAL] Loss: 0.6129, Accuracy: 69.04%, Precision: 0.71, Recall: 0.58, F1-Score: 0.64, AUC: 0.68
Epoch [38/100] - [TRAIN] Loss: 0.5997, Accuracy: 70.05%, AUC: 0.70 [VAL] Loss: 0.6025, Accuracy: 69.39%, Precision: 0.72, Recall: 0.59, F1-Score: 0.65, AUC: 0.69
Epoch [39/100] - [TRAIN] Loss: 0.6012, Accuracy: 69.82%, AUC: 0.69 [VAL] Loss: 0.5954, Accuracy: 70.67%, Precision: 0.72, Recall: 0.61, F1-Score: 0.66, AUC: 0.70
Epoch [40/100] - [TRAIN] Loss: 0.5971, Accuracy: 70.56%, AUC: 0.70 [VAL] Loss: 0.6056, Accuracy: 68.86%, Precision: 0.70, Recall: 0.58, F1-Score: 0.64, AUC: 0.68
Epoch [41/100] - [TRAIN] Loss: 0.5994, Accuracy: 70.08%, AUC: 0.70 [VAL] Loss: 0.5995, Accuracy: 69.79%, Precision: 0.73, Recall: 0.59, F1-Score: 0.65, AUC: 0.69
Epoch [42/100] - [TRAIN] Loss: 0.5989, Accuracy: 69.89%, AUC: 0.69 [VAL] Loss: 0.5981, Accuracy: 70.17%, Precision: 0.72, Recall: 0.59, F1-Score: 0.65, AUC: 0.70
Epoch [43/100] - [TRAIN] Loss: 0.5997, Accuracy: 70.02%, AUC: 0.70 [VAL] Loss: 0.5980, Accuracy: 70.34%, Precision: 0.72, Recall: 0.59, F1-Score: 0.65, AUC: 0.70
Epoch [44/100] - [TRAIN] Loss: 0.5964, Accuracy: 70.20%, AUC: 0.70 [VAL] Loss: 0.6019, Accuracy: 69.84%, Precision: 0.73, Recall: 0.58, F1-Score: 0.64, AUC: 0.69
Epoch [45/100] - [TRAIN] Loss: 0.5971, Accuracy: 70.10%, AUC: 0.70 [VAL] Loss: 0.6006, Accuracy: 69.62%, Precision: 0.72, Recall: 0.59, F1-Score: 0.65, AUC: 0.69
Epoch [46/100] - [TRAIN] Loss: 0.5994, Accuracy: 69.96%, AUC: 0.69 [VAL] Loss: 0.6095, Accuracy: 69.76%, Precision: 0.72, Recall: 0.59, F1-Score: 0.65, AUC: 0.69
Epoch [47/100] - [TRAIN] Loss: 0.5985, Accuracy: 69.97%, AUC: 0.69 [VAL] Loss: 0.6047, Accuracy: 69.13%, Precision: 0.71, Recall: 0.58, F1-Score: 0.64, AUC: 0.69
Epoch [48/100] - [TRAIN] Loss: 0.5990, Accuracy: 70.00%, AUC: 0.69 [VAL] Loss: 0.6011, Accuracy: 69.31%, Precision: 0.72, Recall: 0.57, F1-Score: 0.64, AUC: 0.69
Epoch [49/100] - [TRAIN] Loss: 0.6007, Accuracy: 69.83%, AUC: 0.69 [VAL] Loss: 0.6017, Accuracy: 69.68%, Precision: 0.72, Recall: 0.58, F1-Score: 0.64, AUC: 0.69
Epoch [50/100] - [TRAIN] Loss: 0.5995, Accuracy: 69.91%, AUC: 0.69 [VAL] Loss: 0.5961, Accuracy: 70.74%, Precision: 0.72, Recall: 0.60, F1-Score: 0.66, AUC: 0.70
Epoch [51/100] - [TRAIN] Loss: 0.5985, Accuracy: 70.23%, AUC: 0.70 [VAL] Loss: 0.6066, Accuracy: 69.78%, Precision: 0.72, Recall: 0.59, F1-Score: 0.65, AUC: 0.69
Epoch [52/100] - [TRAIN] Loss: 0.5993, Accuracy: 69.97%, AUC: 0.70 [VAL] Loss: 0.6053, Accuracy: 69.48%, Precision: 0.72, Recall: 0.59, F1-Score: 0.64, AUC: 0.69
Epoch [53/100] - [TRAIN] Loss: 0.6015, Accuracy: 69.98%, AUC: 0.69 [VAL] Loss: 0.6026, Accuracy: 69.44%, Precision: 0.71, Recall: 0.59, F1-Score: 0.64, AUC: 0.69
Epoch [54/100] - [TRAIN] Loss: 0.5984, Accuracy: 70.13%, AUC: 0.70 [VAL] Loss: 0.5996, Accuracy: 70.02%, Precision: 0.72, Recall: 0.59, F1-Score: 0.65, AUC: 0.69
Epoch [55/100] - [TRAIN] Loss: 0.5985, Accuracy: 70.16%, AUC: 0.70 [VAL] Loss: 0.6083, Accuracy: 68.96%, Precision: 0.71, Recall: 0.58, F1-Score: 0.64, AUC: 0.68
Epoch [56/100] - [TRAIN] Loss: 0.6002, Accuracy: 70.08%, AUC: 0.70 [VAL] Loss: 0.6042, Accuracy: 69.13%, Precision: 0.71, Recall: 0.57, F1-Score: 0.64, AUC: 0.68
Epoch [57/100] - [TRAIN] Loss: 0.5991, Accuracy: 69.87%, AUC: 0.69 [VAL] Loss: 0.6070, Accuracy: 69.17%, Precision: 0.72, Recall: 0.58, F1-Score: 0.64, AUC: 0.69
Epoch [58/100] - [TRAIN] Loss: 0.6008, Accuracy: 69.94%, AUC: 0.70 [VAL] Loss: 0.6111, Accuracy: 68.93%, Precision: 0.71, Recall: 0.57, F1-Score: 0.64, AUC: 0.68
Epoch [59/100] - [TRAIN] Loss: 0.6000, Accuracy: 70.07%, AUC: 0.70 [VAL] Loss: 0.6009, Accuracy: 70.25%, Precision: 0.72, Recall: 0.59, F1-Score: 0.65, AUC: 0.69
Epoch [60/100] - [TRAIN] Loss: 0.6013, Accuracy: 69.90%, AUC: 0.69 [VAL] Loss: 0.6132, Accuracy: 69.37%, Precision: 0.72, Recall: 0.58, F1-Score: 0.64, AUC: 0.69
Epoch [61/100] - [TRAIN] Loss: 0.6001, Accuracy: 70.05%, AUC: 0.70 [VAL] Loss: 0.5969, Accuracy: 70.05%, Precision: 0.73, Recall: 0.59, F1-Score: 0.65, AUC: 0.70
Epoch [62/100] - [TRAIN] Loss: 0.6015, Accuracy: 69.86%, AUC: 0.69 [VAL] Loss: 0.6024, Accuracy: 69.66%, Precision: 0.72, Recall: 0.59, F1-Score: 0.65, AUC: 0.69
Epoch [63/100] - [TRAIN] Loss: 0.5993, Accuracy: 70.24%, AUC: 0.70 [VAL] Loss: 0.5998, Accuracy: 69.44%, Precision: 0.72, Recall: 0.58, F1-Score: 0.64, AUC: 0.69
Epoch [64/100] - [TRAIN] Loss: 0.5995, Accuracy: 70.14%, AUC: 0.70 [VAL] Loss: 0.5929, Accuracy: 70.47%, Precision: 0.73, Recall: 0.60, F1-Score: 0.66, AUC: 0.70
Epoch [65/100] - [TRAIN] Loss: 0.6016, Accuracy: 69.88%, AUC: 0.69 [VAL] Loss: 0.6080, Accuracy: 69.36%, Precision: 0.72, Recall: 0.58, F1-Score: 0.64, AUC: 0.69
Epoch [66/100] - [TRAIN] Loss: 0.5988, Accuracy: 69.88%, AUC: 0.69 [VAL] Loss: 0.5942, Accuracy: 70.24%, Precision: 0.72, Recall: 0.60, F1-Score: 0.65, AUC: 0.70
Epoch [67/100] - [TRAIN] Loss: 0.5983, Accuracy: 70.12%, AUC: 0.70 [VAL] Loss: 0.6100, Accuracy: 69.56%, Precision: 0.72, Recall: 0.58, F1-Score: 0.64, AUC: 0.69
Epoch [68/100] - [TRAIN] Loss: 0.6004, Accuracy: 69.66%, AUC: 0.69 [VAL] Loss: 0.6005, Accuracy: 69.93%, Precision: 0.73, Recall: 0.58, F1-Score: 0.65, AUC: 0.69
Epoch [69/100] - [TRAIN] Loss: 0.5969, Accuracy: 70.37%, AUC: 0.70 [VAL] Loss: 0.6108, Accuracy: 69.00%, Precision: 0.72, Recall: 0.58, F1-Score: 0.64, AUC: 0.69
Epoch [70/100] - [TRAIN] Loss: 0.6017, Accuracy: 69.73%, AUC: 0.69 [VAL] Loss: 0.6022, Accuracy: 69.72%, Precision: 0.72, Recall: 0.59, F1-Score: 0.65, AUC: 0.69
Epoch [71/100] - [TRAIN] Loss: 0.6010, Accuracy: 69.94%, AUC: 0.69 [VAL] Loss: 0.5996, Accuracy: 69.70%, Precision: 0.72, Recall: 0.58, F1-Score: 0.64, AUC: 0.69
Epoch [72/100] - [TRAIN] Loss: 0.6013, Accuracy: 70.03%, AUC: 0.70 [VAL] Loss: 0.6011, Accuracy: 69.86%, Precision: 0.72, Recall: 0.58, F1-Score: 0.65, AUC: 0.69
Epoch [73/100] - [TRAIN] Loss: 0.6002, Accuracy: 69.99%, AUC: 0.70 [VAL] Loss: 0.5910, Accuracy: 70.80%, Precision: 0.74, Recall: 0.60, F1-Score: 0.66, AUC: 0.70
Epoch [74/100] - [TRAIN] Loss: 0.6005, Accuracy: 70.00%, AUC: 0.70 [VAL] Loss: 0.5999, Accuracy: 70.05%, Precision: 0.72, Recall: 0.59, F1-Score: 0.65, AUC: 0.69
Epoch [75/100] - [TRAIN] Loss: 0.5978, Accuracy: 70.01%, AUC: 0.70 [VAL] Loss: 0.6056, Accuracy: 69.95%, Precision: 0.72, Recall: 0.58, F1-Score: 0.65, AUC: 0.69
Epoch [76/100] - [TRAIN] Loss: 0.5976, Accuracy: 70.07%, AUC: 0.70 [VAL] Loss: 0.6079, Accuracy: 68.97%, Precision: 0.71, Recall: 0.57, F1-Score: 0.63, AUC: 0.68
Epoch [77/100] - [TRAIN] Loss: 0.6022, Accuracy: 69.90%, AUC: 0.69 [VAL] Loss: 0.6010, Accuracy: 69.43%, Precision: 0.72, Recall: 0.59, F1-Score: 0.65, AUC: 0.69
Epoch [78/100] - [TRAIN] Loss: 0.5991, Accuracy: 70.13%, AUC: 0.70 [VAL] Loss: 0.6017, Accuracy: 69.77%, Precision: 0.72, Recall: 0.59, F1-Score: 0.65, AUC: 0.69
Epoch [79/100] - [TRAIN] Loss: 0.5950, Accuracy: 70.33%, AUC: 0.70 [VAL] Loss: 0.6047, Accuracy: 69.01%, Precision: 0.72, Recall: 0.58, F1-Score: 0.64, AUC: 0.69
Epoch [80/100] - [TRAIN] Loss: 0.5995, Accuracy: 69.92%, AUC: 0.69 [VAL] Loss: 0.6004, Accuracy: 69.91%, Precision: 0.73, Recall: 0.59, F1-Score: 0.65, AUC: 0.69
Epoch [81/100] - [TRAIN] Loss: 0.5982, Accuracy: 70.06%, AUC: 0.70 [VAL] Loss: 0.6062, Accuracy: 69.49%, Precision: 0.72, Recall: 0.59, F1-Score: 0.65, AUC: 0.69
Epoch [82/100] - [TRAIN] Loss: 0.5993, Accuracy: 70.19%, AUC: 0.70 [VAL] Loss: 0.5975, Accuracy: 70.23%, Precision: 0.73, Recall: 0.60, F1-Score: 0.66, AUC: 0.70
Epoch [83/100] - [TRAIN] Loss: 0.6002, Accuracy: 69.99%, AUC: 0.69 [VAL] Loss: 0.6025, Accuracy: 69.98%, Precision: 0.72, Recall: 0.59, F1-Score: 0.65, AUC: 0.69
Epoch [84/100] - [TRAIN] Loss: 0.6007, Accuracy: 70.14%, AUC: 0.70 [VAL] Loss: 0.5967, Accuracy: 70.42%, Precision: 0.72, Recall: 0.60, F1-Score: 0.65, AUC: 0.70
Epoch [85/100] - [TRAIN] Loss: 0.6005, Accuracy: 69.78%, AUC: 0.69 [VAL] Loss: 0.6059, Accuracy: 69.13%, Precision: 0.71, Recall: 0.58, F1-Score: 0.64, AUC: 0.69
Epoch [86/100] - [TRAIN] Loss: 0.5988, Accuracy: 70.32%, AUC: 0.70 [VAL] Loss: 0.6030, Accuracy: 69.92%, Precision: 0.73, Recall: 0.58, F1-Score: 0.65, AUC: 0.69
Epoch [87/100] - [TRAIN] Loss: 0.5998, Accuracy: 70.09%, AUC: 0.70 [VAL] Loss: 0.5931, Accuracy: 70.44%, Precision: 0.73, Recall: 0.60, F1-Score: 0.66, AUC: 0.70
Epoch [88/100] - [TRAIN] Loss: 0.5977, Accuracy: 70.16%, AUC: 0.70 [VAL] Loss: 0.6025, Accuracy: 69.83%, Precision: 0.72, Recall: 0.58, F1-Score: 0.64, AUC: 0.69
Epoch [89/100] - [TRAIN] Loss: 0.6003, Accuracy: 70.02%, AUC: 0.70 [VAL] Loss: 0.6086, Accuracy: 69.74%, Precision: 0.72, Recall: 0.59, F1-Score: 0.65, AUC: 0.69
Epoch [90/100] - [TRAIN] Loss: 0.5998, Accuracy: 69.97%, AUC: 0.70 [VAL] Loss: 0.6029, Accuracy: 70.50%, Precision: 0.72, Recall: 0.60, F1-Score: 0.65, AUC: 0.70
Epoch [91/100] - [TRAIN] Loss: 0.6004, Accuracy: 69.80%, AUC: 0.69 [VAL] Loss: 0.5972, Accuracy: 70.17%, Precision: 0.71, Recall: 0.59, F1-Score: 0.65, AUC: 0.69
Epoch [92/100] - [TRAIN] Loss: 0.5970, Accuracy: 70.13%, AUC: 0.70 [VAL] Loss: 0.6049, Accuracy: 69.62%, Precision: 0.72, Recall: 0.59, F1-Score: 0.64, AUC: 0.69
Epoch [93/100] - [TRAIN] Loss: 0.5976, Accuracy: 70.14%, AUC: 0.70 [VAL] Loss: 0.6058, Accuracy: 69.80%, Precision: 0.72, Recall: 0.59, F1-Score: 0.65, AUC: 0.69
Epoch [94/100] - [TRAIN] Loss: 0.5992, Accuracy: 69.93%, AUC: 0.69 [VAL] Loss: 0.6010, Accuracy: 69.83%, Precision: 0.73, Recall: 0.59, F1-Score: 0.65, AUC: 0.69
Epoch [95/100] - [TRAIN] Loss: 0.5978, Accuracy: 70.16%, AUC: 0.70 [VAL] Loss: 0.6084, Accuracy: 69.35%, Precision: 0.71, Recall: 0.59, F1-Score: 0.65, AUC: 0.69
Epoch [96/100] - [TRAIN] Loss: 0.5982, Accuracy: 70.20%, AUC: 0.70 [VAL] Loss: 0.6152, Accuracy: 68.52%, Precision: 0.71, Recall: 0.57, F1-Score: 0.63, AUC: 0.68
Epoch [97/100] - [TRAIN] Loss: 0.5975, Accuracy: 69.98%, AUC: 0.69 [VAL] Loss: 0.6060, Accuracy: 69.77%, Precision: 0.73, Recall: 0.59, F1-Score: 0.65, AUC: 0.69
Epoch [98/100] - [TRAIN] Loss: 0.5993, Accuracy: 70.01%, AUC: 0.70 [VAL] Loss: 0.5978, Accuracy: 70.01%, Precision: 0.73, Recall: 0.59, F1-Score: 0.65, AUC: 0.69
Epoch [99/100] - [TRAIN] Loss: 0.5991, Accuracy: 70.22%, AUC: 0.70 [VAL] Loss: 0.5985, Accuracy: 69.25%, Precision: 0.71, Recall: 0.58, F1-Score: 0.64, AUC: 0.69
Epoch [100/100] - [TRAIN] Loss: 0.5984, Accuracy: 70.44%, AUC: 0.70 [VAL] Loss: 0.6036, Accuracy: 69.64%, Precision: 0.73, Recall: 0.58, F1-Score: 0.65, AUC: 0.69
Accuracy Score on test set: 69.93 %
    AUC Score on test set: 0.69
    Precision: 0.7225
    Recall: 0.5803
    F1-Score: 0.6436

    Detailed Classification Report:
                  precision    recall  f1-score   support

           0       0.69      0.80      0.74      5321
           1       0.72      0.58      0.64      4679

    accuracy                           0.70     10000
   macro avg       0.70      0.69      0.69     10000
weighted avg       0.70      0.70      0.69     10000


    Confusion Matrix:
    [[4278 1043]
 [1964 2715]]
    
006-H3K4me3-H3K9me3
Epoch [1/100] - [TRAIN] Loss: 0.6443, Accuracy: 65.40%, AUC: 0.66 [VAL] Loss: 0.6236, Accuracy: 66.62%, Precision: 0.61, Recall: 0.76, F1-Score: 0.68, AUC: 0.67
Epoch [2/100] - [TRAIN] Loss: 0.6191, Accuracy: 68.45%, AUC: 0.69 [VAL] Loss: 0.6191, Accuracy: 68.86%, Precision: 0.66, Recall: 0.70, F1-Score: 0.68, AUC: 0.69
Epoch [3/100] - [TRAIN] Loss: 0.6151, Accuracy: 69.47%, AUC: 0.69 [VAL] Loss: 0.6106, Accuracy: 69.47%, Precision: 0.69, Recall: 0.65, F1-Score: 0.67, AUC: 0.69
Epoch [4/100] - [TRAIN] Loss: 0.6087, Accuracy: 70.19%, AUC: 0.70 [VAL] Loss: 0.6081, Accuracy: 70.00%, Precision: 0.70, Recall: 0.63, F1-Score: 0.66, AUC: 0.70
Epoch [5/100] - [TRAIN] Loss: 0.6093, Accuracy: 70.13%, AUC: 0.70 [VAL] Loss: 0.6064, Accuracy: 70.27%, Precision: 0.71, Recall: 0.64, F1-Score: 0.67, AUC: 0.70
Epoch [6/100] - [TRAIN] Loss: 0.6049, Accuracy: 70.36%, AUC: 0.70 [VAL] Loss: 0.6126, Accuracy: 69.79%, Precision: 0.70, Recall: 0.61, F1-Score: 0.65, AUC: 0.69
Epoch [7/100] - [TRAIN] Loss: 0.6077, Accuracy: 69.95%, AUC: 0.70 [VAL] Loss: 0.5976, Accuracy: 70.83%, Precision: 0.71, Recall: 0.63, F1-Score: 0.67, AUC: 0.70
Epoch [8/100] - [TRAIN] Loss: 0.6044, Accuracy: 70.38%, AUC: 0.70 [VAL] Loss: 0.6052, Accuracy: 69.80%, Precision: 0.72, Recall: 0.61, F1-Score: 0.66, AUC: 0.69
Epoch [9/100] - [TRAIN] Loss: 0.6018, Accuracy: 70.13%, AUC: 0.70 [VAL] Loss: 0.6064, Accuracy: 70.06%, Precision: 0.72, Recall: 0.60, F1-Score: 0.65, AUC: 0.69
Epoch [10/100] - [TRAIN] Loss: 0.6020, Accuracy: 70.12%, AUC: 0.70 [VAL] Loss: 0.6014, Accuracy: 69.73%, Precision: 0.71, Recall: 0.61, F1-Score: 0.66, AUC: 0.69
Epoch [11/100] - [TRAIN] Loss: 0.6026, Accuracy: 70.08%, AUC: 0.70 [VAL] Loss: 0.6048, Accuracy: 69.55%, Precision: 0.71, Recall: 0.59, F1-Score: 0.65, AUC: 0.69
Epoch [12/100] - [TRAIN] Loss: 0.6013, Accuracy: 70.19%, AUC: 0.70 [VAL] Loss: 0.6040, Accuracy: 69.92%, Precision: 0.71, Recall: 0.60, F1-Score: 0.65, AUC: 0.69
Epoch [13/100] - [TRAIN] Loss: 0.5980, Accuracy: 70.25%, AUC: 0.70 [VAL] Loss: 0.6024, Accuracy: 70.54%, Precision: 0.73, Recall: 0.62, F1-Score: 0.67, AUC: 0.70
Epoch [14/100] - [TRAIN] Loss: 0.6013, Accuracy: 70.07%, AUC: 0.70 [VAL] Loss: 0.6088, Accuracy: 69.56%, Precision: 0.71, Recall: 0.61, F1-Score: 0.65, AUC: 0.69
Epoch [15/100] - [TRAIN] Loss: 0.5996, Accuracy: 69.97%, AUC: 0.70 [VAL] Loss: 0.5966, Accuracy: 69.95%, Precision: 0.72, Recall: 0.60, F1-Score: 0.65, AUC: 0.69
Epoch [16/100] - [TRAIN] Loss: 0.6021, Accuracy: 69.92%, AUC: 0.69 [VAL] Loss: 0.6025, Accuracy: 69.15%, Precision: 0.71, Recall: 0.59, F1-Score: 0.64, AUC: 0.69
Epoch [17/100] - [TRAIN] Loss: 0.6021, Accuracy: 69.90%, AUC: 0.69 [VAL] Loss: 0.6028, Accuracy: 69.83%, Precision: 0.72, Recall: 0.60, F1-Score: 0.65, AUC: 0.69
Epoch [18/100] - [TRAIN] Loss: 0.5994, Accuracy: 70.23%, AUC: 0.70 [VAL] Loss: 0.6040, Accuracy: 69.49%, Precision: 0.71, Recall: 0.60, F1-Score: 0.65, AUC: 0.69
Epoch [19/100] - [TRAIN] Loss: 0.5997, Accuracy: 69.95%, AUC: 0.70 [VAL] Loss: 0.6019, Accuracy: 69.86%, Precision: 0.71, Recall: 0.60, F1-Score: 0.65, AUC: 0.69
Epoch [20/100] - [TRAIN] Loss: 0.6002, Accuracy: 70.01%, AUC: 0.70 [VAL] Loss: 0.5905, Accuracy: 70.30%, Precision: 0.73, Recall: 0.61, F1-Score: 0.67, AUC: 0.70
Epoch [21/100] - [TRAIN] Loss: 0.5984, Accuracy: 70.14%, AUC: 0.70 [VAL] Loss: 0.6013, Accuracy: 69.94%, Precision: 0.72, Recall: 0.60, F1-Score: 0.66, AUC: 0.69
Epoch [22/100] - [TRAIN] Loss: 0.5993, Accuracy: 70.29%, AUC: 0.70 [VAL] Loss: 0.6024, Accuracy: 69.80%, Precision: 0.72, Recall: 0.60, F1-Score: 0.65, AUC: 0.69
Epoch [23/100] - [TRAIN] Loss: 0.5999, Accuracy: 70.09%, AUC: 0.70 [VAL] Loss: 0.5987, Accuracy: 69.82%, Precision: 0.71, Recall: 0.60, F1-Score: 0.65, AUC: 0.69
Epoch [24/100] - [TRAIN] Loss: 0.6000, Accuracy: 70.12%, AUC: 0.70 [VAL] Loss: 0.5958, Accuracy: 70.41%, Precision: 0.73, Recall: 0.61, F1-Score: 0.66, AUC: 0.70
Epoch [25/100] - [TRAIN] Loss: 0.6010, Accuracy: 69.99%, AUC: 0.70 [VAL] Loss: 0.6018, Accuracy: 70.11%, Precision: 0.72, Recall: 0.61, F1-Score: 0.66, AUC: 0.70
Epoch [26/100] - [TRAIN] Loss: 0.5972, Accuracy: 70.24%, AUC: 0.70 [VAL] Loss: 0.5975, Accuracy: 70.85%, Precision: 0.71, Recall: 0.62, F1-Score: 0.66, AUC: 0.70
Epoch [27/100] - [TRAIN] Loss: 0.5989, Accuracy: 70.15%, AUC: 0.70 [VAL] Loss: 0.6020, Accuracy: 69.59%, Precision: 0.71, Recall: 0.60, F1-Score: 0.65, AUC: 0.69
Epoch [28/100] - [TRAIN] Loss: 0.5978, Accuracy: 70.19%, AUC: 0.70 [VAL] Loss: 0.6034, Accuracy: 69.67%, Precision: 0.71, Recall: 0.61, F1-Score: 0.66, AUC: 0.69
Epoch [29/100] - [TRAIN] Loss: 0.5976, Accuracy: 70.24%, AUC: 0.70 [VAL] Loss: 0.6021, Accuracy: 69.86%, Precision: 0.71, Recall: 0.60, F1-Score: 0.65, AUC: 0.69
Epoch [30/100] - [TRAIN] Loss: 0.5961, Accuracy: 70.29%, AUC: 0.70 [VAL] Loss: 0.5992, Accuracy: 70.04%, Precision: 0.72, Recall: 0.60, F1-Score: 0.66, AUC: 0.70
Epoch [31/100] - [TRAIN] Loss: 0.5979, Accuracy: 70.19%, AUC: 0.70 [VAL] Loss: 0.5954, Accuracy: 69.98%, Precision: 0.71, Recall: 0.60, F1-Score: 0.65, AUC: 0.69
Epoch [32/100] - [TRAIN] Loss: 0.5979, Accuracy: 70.33%, AUC: 0.70 [VAL] Loss: 0.6065, Accuracy: 69.66%, Precision: 0.71, Recall: 0.60, F1-Score: 0.65, AUC: 0.69
Epoch [33/100] - [TRAIN] Loss: 0.5970, Accuracy: 70.36%, AUC: 0.70 [VAL] Loss: 0.6070, Accuracy: 68.90%, Precision: 0.71, Recall: 0.60, F1-Score: 0.65, AUC: 0.69
Epoch [34/100] - [TRAIN] Loss: 0.5991, Accuracy: 70.08%, AUC: 0.70 [VAL] Loss: 0.6041, Accuracy: 69.71%, Precision: 0.72, Recall: 0.60, F1-Score: 0.66, AUC: 0.69
Epoch [35/100] - [TRAIN] Loss: 0.5986, Accuracy: 70.15%, AUC: 0.70 [VAL] Loss: 0.6032, Accuracy: 69.74%, Precision: 0.71, Recall: 0.61, F1-Score: 0.66, AUC: 0.69
Epoch [36/100] - [TRAIN] Loss: 0.6024, Accuracy: 69.80%, AUC: 0.69 [VAL] Loss: 0.5969, Accuracy: 69.88%, Precision: 0.71, Recall: 0.61, F1-Score: 0.66, AUC: 0.69
Epoch [37/100] - [TRAIN] Loss: 0.5985, Accuracy: 70.35%, AUC: 0.70 [VAL] Loss: 0.6083, Accuracy: 69.61%, Precision: 0.71, Recall: 0.60, F1-Score: 0.65, AUC: 0.69
Epoch [38/100] - [TRAIN] Loss: 0.6002, Accuracy: 69.89%, AUC: 0.70 [VAL] Loss: 0.6075, Accuracy: 69.92%, Precision: 0.71, Recall: 0.61, F1-Score: 0.66, AUC: 0.69
Epoch [39/100] - [TRAIN] Loss: 0.5987, Accuracy: 70.32%, AUC: 0.70 [VAL] Loss: 0.6068, Accuracy: 69.22%, Precision: 0.70, Recall: 0.59, F1-Score: 0.64, AUC: 0.69
Epoch [40/100] - [TRAIN] Loss: 0.5998, Accuracy: 69.91%, AUC: 0.69 [VAL] Loss: 0.5972, Accuracy: 70.03%, Precision: 0.72, Recall: 0.61, F1-Score: 0.66, AUC: 0.70
Epoch [41/100] - [TRAIN] Loss: 0.6007, Accuracy: 70.21%, AUC: 0.70 [VAL] Loss: 0.6008, Accuracy: 69.81%, Precision: 0.72, Recall: 0.60, F1-Score: 0.65, AUC: 0.69
Epoch [42/100] - [TRAIN] Loss: 0.5981, Accuracy: 70.16%, AUC: 0.70 [VAL] Loss: 0.6114, Accuracy: 69.39%, Precision: 0.70, Recall: 0.59, F1-Score: 0.64, AUC: 0.69
Epoch [43/100] - [TRAIN] Loss: 0.5963, Accuracy: 70.48%, AUC: 0.70 [VAL] Loss: 0.5989, Accuracy: 69.81%, Precision: 0.71, Recall: 0.60, F1-Score: 0.65, AUC: 0.69
Epoch [44/100] - [TRAIN] Loss: 0.5969, Accuracy: 70.37%, AUC: 0.70 [VAL] Loss: 0.6034, Accuracy: 69.70%, Precision: 0.72, Recall: 0.60, F1-Score: 0.65, AUC: 0.69
Epoch [45/100] - [TRAIN] Loss: 0.5994, Accuracy: 70.31%, AUC: 0.70 [VAL] Loss: 0.6010, Accuracy: 70.09%, Precision: 0.71, Recall: 0.60, F1-Score: 0.65, AUC: 0.69
Epoch [46/100] - [TRAIN] Loss: 0.5996, Accuracy: 70.06%, AUC: 0.70 [VAL] Loss: 0.6018, Accuracy: 70.08%, Precision: 0.71, Recall: 0.60, F1-Score: 0.65, AUC: 0.70
Epoch [47/100] - [TRAIN] Loss: 0.5969, Accuracy: 70.35%, AUC: 0.70 [VAL] Loss: 0.6067, Accuracy: 69.74%, Precision: 0.71, Recall: 0.61, F1-Score: 0.66, AUC: 0.69
Epoch [48/100] - [TRAIN] Loss: 0.5978, Accuracy: 70.14%, AUC: 0.70 [VAL] Loss: 0.5900, Accuracy: 71.02%, Precision: 0.72, Recall: 0.62, F1-Score: 0.66, AUC: 0.70
Epoch [49/100] - [TRAIN] Loss: 0.5971, Accuracy: 70.53%, AUC: 0.70 [VAL] Loss: 0.5946, Accuracy: 70.61%, Precision: 0.72, Recall: 0.62, F1-Score: 0.66, AUC: 0.70
Epoch [50/100] - [TRAIN] Loss: 0.5970, Accuracy: 70.17%, AUC: 0.70 [VAL] Loss: 0.5995, Accuracy: 70.19%, Precision: 0.71, Recall: 0.60, F1-Score: 0.65, AUC: 0.70
Epoch [51/100] - [TRAIN] Loss: 0.5964, Accuracy: 70.34%, AUC: 0.70 [VAL] Loss: 0.6035, Accuracy: 69.62%, Precision: 0.72, Recall: 0.60, F1-Score: 0.65, AUC: 0.69
Epoch [52/100] - [TRAIN] Loss: 0.5979, Accuracy: 70.19%, AUC: 0.70 [VAL] Loss: 0.6030, Accuracy: 69.79%, Precision: 0.71, Recall: 0.61, F1-Score: 0.66, AUC: 0.69
Epoch [53/100] - [TRAIN] Loss: 0.6008, Accuracy: 70.05%, AUC: 0.70 [VAL] Loss: 0.6045, Accuracy: 69.73%, Precision: 0.71, Recall: 0.60, F1-Score: 0.65, AUC: 0.69
Epoch [54/100] - [TRAIN] Loss: 0.5976, Accuracy: 70.41%, AUC: 0.70 [VAL] Loss: 0.5988, Accuracy: 70.26%, Precision: 0.72, Recall: 0.61, F1-Score: 0.66, AUC: 0.70
Epoch [55/100] - [TRAIN] Loss: 0.5991, Accuracy: 70.21%, AUC: 0.70 [VAL] Loss: 0.6042, Accuracy: 69.65%, Precision: 0.71, Recall: 0.61, F1-Score: 0.66, AUC: 0.69
Epoch [56/100] - [TRAIN] Loss: 0.5995, Accuracy: 70.20%, AUC: 0.70 [VAL] Loss: 0.6078, Accuracy: 69.63%, Precision: 0.71, Recall: 0.61, F1-Score: 0.65, AUC: 0.69
Epoch [57/100] - [TRAIN] Loss: 0.5979, Accuracy: 70.31%, AUC: 0.70 [VAL] Loss: 0.6030, Accuracy: 70.06%, Precision: 0.71, Recall: 0.61, F1-Score: 0.66, AUC: 0.70
Epoch [58/100] - [TRAIN] Loss: 0.5978, Accuracy: 70.20%, AUC: 0.70 [VAL] Loss: 0.6001, Accuracy: 70.18%, Precision: 0.71, Recall: 0.61, F1-Score: 0.66, AUC: 0.70
Epoch [59/100] - [TRAIN] Loss: 0.6002, Accuracy: 70.10%, AUC: 0.70 [VAL] Loss: 0.6036, Accuracy: 69.98%, Precision: 0.71, Recall: 0.60, F1-Score: 0.65, AUC: 0.69
Epoch [60/100] - [TRAIN] Loss: 0.5993, Accuracy: 70.17%, AUC: 0.70 [VAL] Loss: 0.6049, Accuracy: 69.33%, Precision: 0.71, Recall: 0.60, F1-Score: 0.65, AUC: 0.69
Epoch [61/100] - [TRAIN] Loss: 0.5977, Accuracy: 70.19%, AUC: 0.70 [VAL] Loss: 0.6023, Accuracy: 69.80%, Precision: 0.70, Recall: 0.60, F1-Score: 0.65, AUC: 0.69
Epoch [62/100] - [TRAIN] Loss: 0.5977, Accuracy: 70.00%, AUC: 0.70 [VAL] Loss: 0.6038, Accuracy: 69.63%, Precision: 0.71, Recall: 0.59, F1-Score: 0.65, AUC: 0.69
Epoch [63/100] - [TRAIN] Loss: 0.5992, Accuracy: 70.22%, AUC: 0.70 [VAL] Loss: 0.5952, Accuracy: 69.74%, Precision: 0.70, Recall: 0.60, F1-Score: 0.65, AUC: 0.69
Epoch [64/100] - [TRAIN] Loss: 0.5966, Accuracy: 70.38%, AUC: 0.70 [VAL] Loss: 0.6064, Accuracy: 69.14%, Precision: 0.72, Recall: 0.59, F1-Score: 0.65, AUC: 0.69
Epoch [65/100] - [TRAIN] Loss: 0.5985, Accuracy: 70.11%, AUC: 0.70 [VAL] Loss: 0.6097, Accuracy: 69.42%, Precision: 0.71, Recall: 0.60, F1-Score: 0.65, AUC: 0.69
Epoch [66/100] - [TRAIN] Loss: 0.6000, Accuracy: 70.14%, AUC: 0.70 [VAL] Loss: 0.6000, Accuracy: 70.07%, Precision: 0.73, Recall: 0.61, F1-Score: 0.66, AUC: 0.70
Epoch [67/100] - [TRAIN] Loss: 0.5989, Accuracy: 70.07%, AUC: 0.70 [VAL] Loss: 0.5984, Accuracy: 70.13%, Precision: 0.71, Recall: 0.61, F1-Score: 0.66, AUC: 0.70
Epoch [68/100] - [TRAIN] Loss: 0.5983, Accuracy: 70.30%, AUC: 0.70 [VAL] Loss: 0.5969, Accuracy: 69.99%, Precision: 0.71, Recall: 0.61, F1-Score: 0.65, AUC: 0.69
Epoch [69/100] - [TRAIN] Loss: 0.5970, Accuracy: 70.10%, AUC: 0.70 [VAL] Loss: 0.6093, Accuracy: 68.92%, Precision: 0.71, Recall: 0.59, F1-Score: 0.65, AUC: 0.69
Epoch [70/100] - [TRAIN] Loss: 0.5984, Accuracy: 70.23%, AUC: 0.70 [VAL] Loss: 0.6024, Accuracy: 69.27%, Precision: 0.72, Recall: 0.59, F1-Score: 0.65, AUC: 0.69
Epoch [71/100] - [TRAIN] Loss: 0.5993, Accuracy: 70.13%, AUC: 0.70 [VAL] Loss: 0.5972, Accuracy: 69.93%, Precision: 0.72, Recall: 0.60, F1-Score: 0.65, AUC: 0.69
Epoch [72/100] - [TRAIN] Loss: 0.5986, Accuracy: 70.28%, AUC: 0.70 [VAL] Loss: 0.6085, Accuracy: 69.29%, Precision: 0.71, Recall: 0.59, F1-Score: 0.64, AUC: 0.69
Epoch [73/100] - [TRAIN] Loss: 0.5989, Accuracy: 69.94%, AUC: 0.70 [VAL] Loss: 0.5992, Accuracy: 69.57%, Precision: 0.72, Recall: 0.60, F1-Score: 0.65, AUC: 0.69
Epoch [74/100] - [TRAIN] Loss: 0.5990, Accuracy: 70.23%, AUC: 0.70 [VAL] Loss: 0.5988, Accuracy: 70.25%, Precision: 0.72, Recall: 0.61, F1-Score: 0.66, AUC: 0.70
Epoch [75/100] - [TRAIN] Loss: 0.5991, Accuracy: 70.17%, AUC: 0.70 [VAL] Loss: 0.6015, Accuracy: 70.11%, Precision: 0.71, Recall: 0.62, F1-Score: 0.66, AUC: 0.70
Epoch [76/100] - [TRAIN] Loss: 0.5993, Accuracy: 70.10%, AUC: 0.70 [VAL] Loss: 0.6066, Accuracy: 68.81%, Precision: 0.71, Recall: 0.59, F1-Score: 0.64, AUC: 0.68
Epoch [77/100] - [TRAIN] Loss: 0.5981, Accuracy: 70.25%, AUC: 0.70 [VAL] Loss: 0.6083, Accuracy: 69.44%, Precision: 0.70, Recall: 0.60, F1-Score: 0.64, AUC: 0.69
Epoch [78/100] - [TRAIN] Loss: 0.6001, Accuracy: 69.88%, AUC: 0.69 [VAL] Loss: 0.5972, Accuracy: 69.86%, Precision: 0.73, Recall: 0.59, F1-Score: 0.65, AUC: 0.69
Epoch [79/100] - [TRAIN] Loss: 0.5979, Accuracy: 70.06%, AUC: 0.70 [VAL] Loss: 0.6100, Accuracy: 69.52%, Precision: 0.70, Recall: 0.60, F1-Score: 0.65, AUC: 0.69
Epoch [80/100] - [TRAIN] Loss: 0.5997, Accuracy: 70.06%, AUC: 0.70 [VAL] Loss: 0.5950, Accuracy: 70.98%, Precision: 0.71, Recall: 0.62, F1-Score: 0.66, AUC: 0.70
Epoch [81/100] - [TRAIN] Loss: 0.5971, Accuracy: 70.29%, AUC: 0.70 [VAL] Loss: 0.5971, Accuracy: 70.17%, Precision: 0.71, Recall: 0.61, F1-Score: 0.66, AUC: 0.70
Epoch [82/100] - [TRAIN] Loss: 0.5994, Accuracy: 70.20%, AUC: 0.70 [VAL] Loss: 0.5978, Accuracy: 70.45%, Precision: 0.72, Recall: 0.61, F1-Score: 0.66, AUC: 0.70
Epoch [83/100] - [TRAIN] Loss: 0.5996, Accuracy: 69.95%, AUC: 0.70 [VAL] Loss: 0.6053, Accuracy: 70.01%, Precision: 0.72, Recall: 0.61, F1-Score: 0.66, AUC: 0.70
Epoch [84/100] - [TRAIN] Loss: 0.5958, Accuracy: 70.56%, AUC: 0.70 [VAL] Loss: 0.6029, Accuracy: 69.94%, Precision: 0.72, Recall: 0.61, F1-Score: 0.66, AUC: 0.70
Epoch [85/100] - [TRAIN] Loss: 0.5993, Accuracy: 70.14%, AUC: 0.70 [VAL] Loss: 0.6012, Accuracy: 70.26%, Precision: 0.72, Recall: 0.61, F1-Score: 0.66, AUC: 0.70
Epoch [86/100] - [TRAIN] Loss: 0.5979, Accuracy: 70.41%, AUC: 0.70 [VAL] Loss: 0.5990, Accuracy: 70.02%, Precision: 0.71, Recall: 0.61, F1-Score: 0.65, AUC: 0.69
Epoch [87/100] - [TRAIN] Loss: 0.5964, Accuracy: 70.16%, AUC: 0.70 [VAL] Loss: 0.6011, Accuracy: 70.30%, Precision: 0.71, Recall: 0.61, F1-Score: 0.66, AUC: 0.70
Epoch [88/100] - [TRAIN] Loss: 0.6019, Accuracy: 69.83%, AUC: 0.69 [VAL] Loss: 0.5982, Accuracy: 70.20%, Precision: 0.71, Recall: 0.61, F1-Score: 0.66, AUC: 0.70
Epoch [89/100] - [TRAIN] Loss: 0.5967, Accuracy: 70.25%, AUC: 0.70 [VAL] Loss: 0.5965, Accuracy: 70.29%, Precision: 0.71, Recall: 0.62, F1-Score: 0.66, AUC: 0.70
Epoch [90/100] - [TRAIN] Loss: 0.5967, Accuracy: 70.34%, AUC: 0.70 [VAL] Loss: 0.5976, Accuracy: 69.67%, Precision: 0.71, Recall: 0.61, F1-Score: 0.65, AUC: 0.69
Epoch [91/100] - [TRAIN] Loss: 0.5982, Accuracy: 70.17%, AUC: 0.70 [VAL] Loss: 0.6055, Accuracy: 69.46%, Precision: 0.71, Recall: 0.60, F1-Score: 0.65, AUC: 0.69
Epoch [92/100] - [TRAIN] Loss: 0.6016, Accuracy: 69.97%, AUC: 0.69 [VAL] Loss: 0.6013, Accuracy: 70.13%, Precision: 0.71, Recall: 0.61, F1-Score: 0.66, AUC: 0.70
Epoch [93/100] - [TRAIN] Loss: 0.5972, Accuracy: 70.31%, AUC: 0.70 [VAL] Loss: 0.6066, Accuracy: 69.16%, Precision: 0.70, Recall: 0.59, F1-Score: 0.64, AUC: 0.68
Epoch [94/100] - [TRAIN] Loss: 0.5984, Accuracy: 70.22%, AUC: 0.70 [VAL] Loss: 0.6004, Accuracy: 70.10%, Precision: 0.72, Recall: 0.61, F1-Score: 0.66, AUC: 0.70
Epoch [95/100] - [TRAIN] Loss: 0.5981, Accuracy: 70.20%, AUC: 0.70 [VAL] Loss: 0.5991, Accuracy: 70.00%, Precision: 0.72, Recall: 0.61, F1-Score: 0.66, AUC: 0.70
Epoch [96/100] - [TRAIN] Loss: 0.5976, Accuracy: 70.21%, AUC: 0.70 [VAL] Loss: 0.6058, Accuracy: 69.94%, Precision: 0.72, Recall: 0.60, F1-Score: 0.66, AUC: 0.69
Epoch [97/100] - [TRAIN] Loss: 0.5981, Accuracy: 70.33%, AUC: 0.70 [VAL] Loss: 0.6020, Accuracy: 69.60%, Precision: 0.71, Recall: 0.61, F1-Score: 0.66, AUC: 0.69
Epoch [98/100] - [TRAIN] Loss: 0.5970, Accuracy: 70.39%, AUC: 0.70 [VAL] Loss: 0.6012, Accuracy: 69.72%, Precision: 0.71, Recall: 0.60, F1-Score: 0.65, AUC: 0.69
Epoch [99/100] - [TRAIN] Loss: 0.6032, Accuracy: 69.81%, AUC: 0.69 [VAL] Loss: 0.5965, Accuracy: 69.77%, Precision: 0.72, Recall: 0.60, F1-Score: 0.66, AUC: 0.69
Epoch [100/100] - [TRAIN] Loss: 0.6008, Accuracy: 69.97%, AUC: 0.70 [VAL] Loss: 0.6057, Accuracy: 69.80%, Precision: 0.72, Recall: 0.60, F1-Score: 0.66, AUC: 0.69
Accuracy Score on test set: 70.08 %
    AUC Score on test set: 0.70
    Precision: 0.7251
    Recall: 0.6036
    F1-Score: 0.6588

    Detailed Classification Report:
                  precision    recall  f1-score   support

           0       0.68      0.79      0.73      5215
           1       0.73      0.60      0.66      4785

    accuracy                           0.70     10000
   macro avg       0.70      0.70      0.70     10000
weighted avg       0.70      0.70      0.70     10000


    Confusion Matrix:
    [[4120 1095]
 [1897 2888]]
    
007-H3K4me3-H3K27ac
Epoch [1/100] - [TRAIN] Loss: 0.6377, Accuracy: 68.53%, AUC: 0.68 [VAL] Loss: 0.6172, Accuracy: 69.13%, Precision: 0.69, Recall: 0.61, F1-Score: 0.65, AUC: 0.69
Epoch [2/100] - [TRAIN] Loss: 0.6168, Accuracy: 69.66%, AUC: 0.69 [VAL] Loss: 0.6138, Accuracy: 69.54%, Precision: 0.70, Recall: 0.63, F1-Score: 0.66, AUC: 0.69
Epoch [3/100] - [TRAIN] Loss: 0.6070, Accuracy: 70.33%, AUC: 0.70 [VAL] Loss: 0.6078, Accuracy: 69.35%, Precision: 0.71, Recall: 0.60, F1-Score: 0.65, AUC: 0.69
Epoch [4/100] - [TRAIN] Loss: 0.6061, Accuracy: 70.29%, AUC: 0.70 [VAL] Loss: 0.6069, Accuracy: 69.92%, Precision: 0.70, Recall: 0.64, F1-Score: 0.67, AUC: 0.70
Epoch [5/100] - [TRAIN] Loss: 0.6026, Accuracy: 70.41%, AUC: 0.70 [VAL] Loss: 0.6062, Accuracy: 69.59%, Precision: 0.70, Recall: 0.62, F1-Score: 0.66, AUC: 0.69
Epoch [6/100] - [TRAIN] Loss: 0.6037, Accuracy: 70.11%, AUC: 0.70 [VAL] Loss: 0.6039, Accuracy: 70.05%, Precision: 0.70, Recall: 0.62, F1-Score: 0.66, AUC: 0.70
Epoch [7/100] - [TRAIN] Loss: 0.6034, Accuracy: 70.14%, AUC: 0.70 [VAL] Loss: 0.6003, Accuracy: 70.02%, Precision: 0.70, Recall: 0.63, F1-Score: 0.67, AUC: 0.70
Epoch [8/100] - [TRAIN] Loss: 0.5981, Accuracy: 70.45%, AUC: 0.70 [VAL] Loss: 0.6085, Accuracy: 69.32%, Precision: 0.70, Recall: 0.61, F1-Score: 0.66, AUC: 0.69
Epoch [9/100] - [TRAIN] Loss: 0.5987, Accuracy: 70.42%, AUC: 0.70 [VAL] Loss: 0.5970, Accuracy: 71.01%, Precision: 0.72, Recall: 0.64, F1-Score: 0.68, AUC: 0.71
Epoch [10/100] - [TRAIN] Loss: 0.5967, Accuracy: 70.33%, AUC: 0.70 [VAL] Loss: 0.6000, Accuracy: 69.70%, Precision: 0.71, Recall: 0.61, F1-Score: 0.65, AUC: 0.69
Epoch [11/100] - [TRAIN] Loss: 0.5966, Accuracy: 70.37%, AUC: 0.70 [VAL] Loss: 0.5952, Accuracy: 70.99%, Precision: 0.72, Recall: 0.63, F1-Score: 0.67, AUC: 0.71
Epoch [12/100] - [TRAIN] Loss: 0.5965, Accuracy: 70.54%, AUC: 0.70 [VAL] Loss: 0.5936, Accuracy: 69.90%, Precision: 0.71, Recall: 0.61, F1-Score: 0.66, AUC: 0.69
Epoch [13/100] - [TRAIN] Loss: 0.5964, Accuracy: 70.57%, AUC: 0.70 [VAL] Loss: 0.5906, Accuracy: 70.34%, Precision: 0.71, Recall: 0.61, F1-Score: 0.66, AUC: 0.70
Epoch [14/100] - [TRAIN] Loss: 0.5973, Accuracy: 70.19%, AUC: 0.70 [VAL] Loss: 0.5986, Accuracy: 69.98%, Precision: 0.71, Recall: 0.60, F1-Score: 0.65, AUC: 0.69
Epoch [15/100] - [TRAIN] Loss: 0.5963, Accuracy: 70.60%, AUC: 0.70 [VAL] Loss: 0.5992, Accuracy: 70.11%, Precision: 0.72, Recall: 0.61, F1-Score: 0.66, AUC: 0.70
Epoch [16/100] - [TRAIN] Loss: 0.5921, Accuracy: 70.60%, AUC: 0.70 [VAL] Loss: 0.5899, Accuracy: 71.59%, Precision: 0.73, Recall: 0.62, F1-Score: 0.67, AUC: 0.71
Epoch [17/100] - [TRAIN] Loss: 0.5911, Accuracy: 70.75%, AUC: 0.70 [VAL] Loss: 0.5944, Accuracy: 70.15%, Precision: 0.72, Recall: 0.60, F1-Score: 0.66, AUC: 0.70
Epoch [18/100] - [TRAIN] Loss: 0.5956, Accuracy: 70.45%, AUC: 0.70 [VAL] Loss: 0.6018, Accuracy: 69.38%, Precision: 0.71, Recall: 0.61, F1-Score: 0.65, AUC: 0.69
Epoch [19/100] - [TRAIN] Loss: 0.5908, Accuracy: 70.65%, AUC: 0.70 [VAL] Loss: 0.5959, Accuracy: 70.30%, Precision: 0.71, Recall: 0.61, F1-Score: 0.66, AUC: 0.70
Epoch [20/100] - [TRAIN] Loss: 0.5938, Accuracy: 70.39%, AUC: 0.70 [VAL] Loss: 0.5921, Accuracy: 70.81%, Precision: 0.72, Recall: 0.63, F1-Score: 0.67, AUC: 0.70
Epoch [21/100] - [TRAIN] Loss: 0.5893, Accuracy: 70.74%, AUC: 0.70 [VAL] Loss: 0.5974, Accuracy: 70.12%, Precision: 0.72, Recall: 0.61, F1-Score: 0.66, AUC: 0.70
Epoch [22/100] - [TRAIN] Loss: 0.5905, Accuracy: 70.73%, AUC: 0.70 [VAL] Loss: 0.5957, Accuracy: 70.05%, Precision: 0.71, Recall: 0.63, F1-Score: 0.67, AUC: 0.70
Epoch [23/100] - [TRAIN] Loss: 0.5911, Accuracy: 70.83%, AUC: 0.70 [VAL] Loss: 0.5978, Accuracy: 70.38%, Precision: 0.71, Recall: 0.62, F1-Score: 0.66, AUC: 0.70
Epoch [24/100] - [TRAIN] Loss: 0.5918, Accuracy: 70.64%, AUC: 0.70 [VAL] Loss: 0.5920, Accuracy: 70.34%, Precision: 0.72, Recall: 0.62, F1-Score: 0.66, AUC: 0.70
Epoch [25/100] - [TRAIN] Loss: 0.5912, Accuracy: 70.50%, AUC: 0.70 [VAL] Loss: 0.5930, Accuracy: 70.39%, Precision: 0.72, Recall: 0.61, F1-Score: 0.66, AUC: 0.70
Epoch [26/100] - [TRAIN] Loss: 0.5949, Accuracy: 70.43%, AUC: 0.70 [VAL] Loss: 0.5880, Accuracy: 70.71%, Precision: 0.72, Recall: 0.61, F1-Score: 0.66, AUC: 0.70
Epoch [27/100] - [TRAIN] Loss: 0.5923, Accuracy: 70.50%, AUC: 0.70 [VAL] Loss: 0.5963, Accuracy: 69.71%, Precision: 0.71, Recall: 0.61, F1-Score: 0.66, AUC: 0.69
Epoch [28/100] - [TRAIN] Loss: 0.5908, Accuracy: 70.53%, AUC: 0.70 [VAL] Loss: 0.6011, Accuracy: 70.57%, Precision: 0.71, Recall: 0.63, F1-Score: 0.67, AUC: 0.70
Epoch [29/100] - [TRAIN] Loss: 0.5914, Accuracy: 70.47%, AUC: 0.70 [VAL] Loss: 0.5950, Accuracy: 70.11%, Precision: 0.71, Recall: 0.62, F1-Score: 0.66, AUC: 0.70
Epoch [30/100] - [TRAIN] Loss: 0.5899, Accuracy: 70.66%, AUC: 0.70 [VAL] Loss: 0.5906, Accuracy: 70.87%, Precision: 0.72, Recall: 0.63, F1-Score: 0.67, AUC: 0.70
Epoch [31/100] - [TRAIN] Loss: 0.5927, Accuracy: 70.46%, AUC: 0.70 [VAL] Loss: 0.5882, Accuracy: 70.34%, Precision: 0.73, Recall: 0.61, F1-Score: 0.66, AUC: 0.70
Epoch [32/100] - [TRAIN] Loss: 0.5895, Accuracy: 70.70%, AUC: 0.70 [VAL] Loss: 0.5923, Accuracy: 70.67%, Precision: 0.73, Recall: 0.61, F1-Score: 0.66, AUC: 0.70
Epoch [33/100] - [TRAIN] Loss: 0.5918, Accuracy: 70.58%, AUC: 0.70 [VAL] Loss: 0.5980, Accuracy: 69.83%, Precision: 0.72, Recall: 0.61, F1-Score: 0.66, AUC: 0.69
Epoch [34/100] - [TRAIN] Loss: 0.5913, Accuracy: 70.46%, AUC: 0.70 [VAL] Loss: 0.5831, Accuracy: 70.79%, Precision: 0.73, Recall: 0.62, F1-Score: 0.67, AUC: 0.70
Epoch [35/100] - [TRAIN] Loss: 0.5900, Accuracy: 70.65%, AUC: 0.70 [VAL] Loss: 0.6012, Accuracy: 69.73%, Precision: 0.71, Recall: 0.61, F1-Score: 0.66, AUC: 0.69
Epoch [36/100] - [TRAIN] Loss: 0.5921, Accuracy: 70.35%, AUC: 0.70 [VAL] Loss: 0.5914, Accuracy: 70.57%, Precision: 0.72, Recall: 0.62, F1-Score: 0.66, AUC: 0.70
Epoch [37/100] - [TRAIN] Loss: 0.5924, Accuracy: 70.56%, AUC: 0.70 [VAL] Loss: 0.5879, Accuracy: 71.12%, Precision: 0.73, Recall: 0.63, F1-Score: 0.67, AUC: 0.71
Epoch [38/100] - [TRAIN] Loss: 0.5912, Accuracy: 70.62%, AUC: 0.70 [VAL] Loss: 0.5982, Accuracy: 69.78%, Precision: 0.71, Recall: 0.61, F1-Score: 0.66, AUC: 0.69
Epoch [39/100] - [TRAIN] Loss: 0.5915, Accuracy: 70.35%, AUC: 0.70 [VAL] Loss: 0.5960, Accuracy: 70.11%, Precision: 0.71, Recall: 0.62, F1-Score: 0.66, AUC: 0.70
Epoch [40/100] - [TRAIN] Loss: 0.5896, Accuracy: 70.63%, AUC: 0.70 [VAL] Loss: 0.5947, Accuracy: 70.15%, Precision: 0.71, Recall: 0.62, F1-Score: 0.66, AUC: 0.70
Epoch [41/100] - [TRAIN] Loss: 0.5931, Accuracy: 70.47%, AUC: 0.70 [VAL] Loss: 0.5895, Accuracy: 70.35%, Precision: 0.73, Recall: 0.61, F1-Score: 0.67, AUC: 0.70
Epoch [42/100] - [TRAIN] Loss: 0.5913, Accuracy: 70.39%, AUC: 0.70 [VAL] Loss: 0.5923, Accuracy: 70.81%, Precision: 0.71, Recall: 0.62, F1-Score: 0.66, AUC: 0.70
Epoch [43/100] - [TRAIN] Loss: 0.5901, Accuracy: 70.56%, AUC: 0.70 [VAL] Loss: 0.6013, Accuracy: 70.14%, Precision: 0.71, Recall: 0.62, F1-Score: 0.66, AUC: 0.70
Epoch [44/100] - [TRAIN] Loss: 0.5911, Accuracy: 70.61%, AUC: 0.70 [VAL] Loss: 0.5975, Accuracy: 70.17%, Precision: 0.71, Recall: 0.61, F1-Score: 0.66, AUC: 0.70
Epoch [45/100] - [TRAIN] Loss: 0.5895, Accuracy: 70.52%, AUC: 0.70 [VAL] Loss: 0.5963, Accuracy: 69.60%, Precision: 0.71, Recall: 0.61, F1-Score: 0.66, AUC: 0.69
Epoch [46/100] - [TRAIN] Loss: 0.5878, Accuracy: 70.68%, AUC: 0.70 [VAL] Loss: 0.5935, Accuracy: 70.19%, Precision: 0.72, Recall: 0.60, F1-Score: 0.66, AUC: 0.70
Epoch [47/100] - [TRAIN] Loss: 0.5918, Accuracy: 70.53%, AUC: 0.70 [VAL] Loss: 0.5972, Accuracy: 69.90%, Precision: 0.72, Recall: 0.62, F1-Score: 0.66, AUC: 0.70
Epoch [48/100] - [TRAIN] Loss: 0.5900, Accuracy: 70.70%, AUC: 0.70 [VAL] Loss: 0.5970, Accuracy: 69.76%, Precision: 0.71, Recall: 0.61, F1-Score: 0.66, AUC: 0.69
Epoch [49/100] - [TRAIN] Loss: 0.5912, Accuracy: 70.56%, AUC: 0.70 [VAL] Loss: 0.5877, Accuracy: 70.20%, Precision: 0.71, Recall: 0.61, F1-Score: 0.66, AUC: 0.70
Epoch [50/100] - [TRAIN] Loss: 0.5910, Accuracy: 70.66%, AUC: 0.70 [VAL] Loss: 0.6049, Accuracy: 69.81%, Precision: 0.71, Recall: 0.61, F1-Score: 0.66, AUC: 0.69
Epoch [51/100] - [TRAIN] Loss: 0.5919, Accuracy: 70.54%, AUC: 0.70 [VAL] Loss: 0.5935, Accuracy: 70.21%, Precision: 0.71, Recall: 0.61, F1-Score: 0.66, AUC: 0.70
Epoch [52/100] - [TRAIN] Loss: 0.5884, Accuracy: 70.72%, AUC: 0.70 [VAL] Loss: 0.5975, Accuracy: 69.93%, Precision: 0.70, Recall: 0.62, F1-Score: 0.66, AUC: 0.69
Epoch [53/100] - [TRAIN] Loss: 0.5907, Accuracy: 70.48%, AUC: 0.70 [VAL] Loss: 0.5942, Accuracy: 70.29%, Precision: 0.72, Recall: 0.61, F1-Score: 0.66, AUC: 0.70
Epoch [54/100] - [TRAIN] Loss: 0.5895, Accuracy: 70.72%, AUC: 0.70 [VAL] Loss: 0.5918, Accuracy: 70.69%, Precision: 0.71, Recall: 0.62, F1-Score: 0.66, AUC: 0.70
Epoch [55/100] - [TRAIN] Loss: 0.5906, Accuracy: 70.64%, AUC: 0.70 [VAL] Loss: 0.5934, Accuracy: 70.23%, Precision: 0.72, Recall: 0.61, F1-Score: 0.66, AUC: 0.70
Epoch [56/100] - [TRAIN] Loss: 0.5916, Accuracy: 70.51%, AUC: 0.70 [VAL] Loss: 0.6043, Accuracy: 69.78%, Precision: 0.72, Recall: 0.61, F1-Score: 0.66, AUC: 0.69
Epoch [57/100] - [TRAIN] Loss: 0.5937, Accuracy: 70.61%, AUC: 0.70 [VAL] Loss: 0.6019, Accuracy: 69.09%, Precision: 0.71, Recall: 0.60, F1-Score: 0.65, AUC: 0.69
Epoch [58/100] - [TRAIN] Loss: 0.5906, Accuracy: 70.70%, AUC: 0.70 [VAL] Loss: 0.5880, Accuracy: 70.64%, Precision: 0.72, Recall: 0.61, F1-Score: 0.67, AUC: 0.70
Epoch [59/100] - [TRAIN] Loss: 0.5879, Accuracy: 70.58%, AUC: 0.70 [VAL] Loss: 0.5993, Accuracy: 69.79%, Precision: 0.71, Recall: 0.61, F1-Score: 0.65, AUC: 0.69
Epoch [60/100] - [TRAIN] Loss: 0.5901, Accuracy: 70.56%, AUC: 0.70 [VAL] Loss: 0.5864, Accuracy: 70.17%, Precision: 0.71, Recall: 0.62, F1-Score: 0.66, AUC: 0.70
Epoch [61/100] - [TRAIN] Loss: 0.5898, Accuracy: 70.77%, AUC: 0.70 [VAL] Loss: 0.5853, Accuracy: 71.35%, Precision: 0.72, Recall: 0.63, F1-Score: 0.67, AUC: 0.71
Epoch [62/100] - [TRAIN] Loss: 0.5926, Accuracy: 70.45%, AUC: 0.70 [VAL] Loss: 0.5941, Accuracy: 70.06%, Precision: 0.73, Recall: 0.61, F1-Score: 0.67, AUC: 0.70
Epoch [63/100] - [TRAIN] Loss: 0.5908, Accuracy: 70.62%, AUC: 0.70 [VAL] Loss: 0.5900, Accuracy: 69.87%, Precision: 0.72, Recall: 0.61, F1-Score: 0.66, AUC: 0.69
Epoch [64/100] - [TRAIN] Loss: 0.5903, Accuracy: 70.72%, AUC: 0.70 [VAL] Loss: 0.5949, Accuracy: 69.78%, Precision: 0.71, Recall: 0.61, F1-Score: 0.65, AUC: 0.69
Epoch [65/100] - [TRAIN] Loss: 0.5898, Accuracy: 70.54%, AUC: 0.70 [VAL] Loss: 0.5984, Accuracy: 69.73%, Precision: 0.70, Recall: 0.61, F1-Score: 0.65, AUC: 0.69
Epoch [66/100] - [TRAIN] Loss: 0.5898, Accuracy: 70.61%, AUC: 0.70 [VAL] Loss: 0.5866, Accuracy: 70.85%, Precision: 0.72, Recall: 0.62, F1-Score: 0.67, AUC: 0.70
Epoch [67/100] - [TRAIN] Loss: 0.5916, Accuracy: 70.62%, AUC: 0.70 [VAL] Loss: 0.5950, Accuracy: 70.03%, Precision: 0.71, Recall: 0.61, F1-Score: 0.66, AUC: 0.70
Epoch [68/100] - [TRAIN] Loss: 0.5926, Accuracy: 70.35%, AUC: 0.70 [VAL] Loss: 0.5949, Accuracy: 70.41%, Precision: 0.72, Recall: 0.61, F1-Score: 0.66, AUC: 0.70
Epoch [69/100] - [TRAIN] Loss: 0.5913, Accuracy: 70.57%, AUC: 0.70 [VAL] Loss: 0.5898, Accuracy: 69.83%, Precision: 0.71, Recall: 0.61, F1-Score: 0.66, AUC: 0.69
Epoch [70/100] - [TRAIN] Loss: 0.5894, Accuracy: 70.71%, AUC: 0.70 [VAL] Loss: 0.6018, Accuracy: 69.76%, Precision: 0.71, Recall: 0.61, F1-Score: 0.66, AUC: 0.69
Epoch [71/100] - [TRAIN] Loss: 0.5906, Accuracy: 70.73%, AUC: 0.70 [VAL] Loss: 0.6001, Accuracy: 70.11%, Precision: 0.72, Recall: 0.62, F1-Score: 0.66, AUC: 0.70
Epoch [72/100] - [TRAIN] Loss: 0.5944, Accuracy: 70.22%, AUC: 0.70 [VAL] Loss: 0.5960, Accuracy: 69.91%, Precision: 0.71, Recall: 0.62, F1-Score: 0.66, AUC: 0.70
Epoch [73/100] - [TRAIN] Loss: 0.5920, Accuracy: 70.59%, AUC: 0.70 [VAL] Loss: 0.5890, Accuracy: 70.67%, Precision: 0.73, Recall: 0.62, F1-Score: 0.67, AUC: 0.70
Epoch [74/100] - [TRAIN] Loss: 0.5868, Accuracy: 70.83%, AUC: 0.70 [VAL] Loss: 0.5923, Accuracy: 70.21%, Precision: 0.72, Recall: 0.61, F1-Score: 0.66, AUC: 0.70
Epoch [75/100] - [TRAIN] Loss: 0.5905, Accuracy: 70.63%, AUC: 0.70 [VAL] Loss: 0.5870, Accuracy: 70.92%, Precision: 0.72, Recall: 0.62, F1-Score: 0.67, AUC: 0.70
Epoch [76/100] - [TRAIN] Loss: 0.5906, Accuracy: 70.64%, AUC: 0.70 [VAL] Loss: 0.5928, Accuracy: 69.89%, Precision: 0.71, Recall: 0.61, F1-Score: 0.65, AUC: 0.69
Epoch [77/100] - [TRAIN] Loss: 0.5893, Accuracy: 70.37%, AUC: 0.70 [VAL] Loss: 0.5973, Accuracy: 69.52%, Precision: 0.71, Recall: 0.61, F1-Score: 0.66, AUC: 0.69
Epoch [78/100] - [TRAIN] Loss: 0.5917, Accuracy: 70.62%, AUC: 0.70 [VAL] Loss: 0.5946, Accuracy: 70.98%, Precision: 0.71, Recall: 0.62, F1-Score: 0.66, AUC: 0.70
Epoch [79/100] - [TRAIN] Loss: 0.5928, Accuracy: 70.42%, AUC: 0.70 [VAL] Loss: 0.5931, Accuracy: 70.21%, Precision: 0.72, Recall: 0.62, F1-Score: 0.67, AUC: 0.70
Epoch [80/100] - [TRAIN] Loss: 0.5881, Accuracy: 70.79%, AUC: 0.70 [VAL] Loss: 0.5955, Accuracy: 70.22%, Precision: 0.72, Recall: 0.61, F1-Score: 0.66, AUC: 0.70
Epoch [81/100] - [TRAIN] Loss: 0.5915, Accuracy: 70.51%, AUC: 0.70 [VAL] Loss: 0.5868, Accuracy: 70.71%, Precision: 0.72, Recall: 0.61, F1-Score: 0.66, AUC: 0.70
Epoch [82/100] - [TRAIN] Loss: 0.5901, Accuracy: 70.69%, AUC: 0.70 [VAL] Loss: 0.5927, Accuracy: 70.59%, Precision: 0.71, Recall: 0.62, F1-Score: 0.67, AUC: 0.70
Epoch [83/100] - [TRAIN] Loss: 0.5907, Accuracy: 70.55%, AUC: 0.70 [VAL] Loss: 0.5937, Accuracy: 70.15%, Precision: 0.71, Recall: 0.61, F1-Score: 0.66, AUC: 0.70
Epoch [84/100] - [TRAIN] Loss: 0.5871, Accuracy: 70.70%, AUC: 0.70 [VAL] Loss: 0.5866, Accuracy: 71.52%, Precision: 0.73, Recall: 0.63, F1-Score: 0.68, AUC: 0.71
Epoch [85/100] - [TRAIN] Loss: 0.5917, Accuracy: 70.54%, AUC: 0.70 [VAL] Loss: 0.5959, Accuracy: 69.53%, Precision: 0.72, Recall: 0.60, F1-Score: 0.66, AUC: 0.69
Epoch [86/100] - [TRAIN] Loss: 0.5879, Accuracy: 70.80%, AUC: 0.70 [VAL] Loss: 0.5945, Accuracy: 69.79%, Precision: 0.71, Recall: 0.61, F1-Score: 0.66, AUC: 0.69
Epoch [87/100] - [TRAIN] Loss: 0.5899, Accuracy: 70.61%, AUC: 0.70 [VAL] Loss: 0.5902, Accuracy: 70.52%, Precision: 0.72, Recall: 0.61, F1-Score: 0.66, AUC: 0.70
Epoch [88/100] - [TRAIN] Loss: 0.5921, Accuracy: 70.55%, AUC: 0.70 [VAL] Loss: 0.5960, Accuracy: 70.54%, Precision: 0.72, Recall: 0.62, F1-Score: 0.67, AUC: 0.70
Epoch [89/100] - [TRAIN] Loss: 0.5909, Accuracy: 70.70%, AUC: 0.70 [VAL] Loss: 0.5943, Accuracy: 70.21%, Precision: 0.71, Recall: 0.62, F1-Score: 0.66, AUC: 0.70
Epoch [90/100] - [TRAIN] Loss: 0.5917, Accuracy: 70.48%, AUC: 0.70 [VAL] Loss: 0.5922, Accuracy: 70.18%, Precision: 0.70, Recall: 0.62, F1-Score: 0.66, AUC: 0.70
Epoch [91/100] - [TRAIN] Loss: 0.5902, Accuracy: 70.70%, AUC: 0.70 [VAL] Loss: 0.5933, Accuracy: 70.68%, Precision: 0.72, Recall: 0.62, F1-Score: 0.66, AUC: 0.70
Epoch [92/100] - [TRAIN] Loss: 0.5938, Accuracy: 70.25%, AUC: 0.70 [VAL] Loss: 0.5956, Accuracy: 69.85%, Precision: 0.71, Recall: 0.61, F1-Score: 0.65, AUC: 0.69
Epoch [93/100] - [TRAIN] Loss: 0.5877, Accuracy: 70.91%, AUC: 0.70 [VAL] Loss: 0.5953, Accuracy: 70.18%, Precision: 0.72, Recall: 0.60, F1-Score: 0.66, AUC: 0.70
Epoch [94/100] - [TRAIN] Loss: 0.5914, Accuracy: 70.54%, AUC: 0.70 [VAL] Loss: 0.5925, Accuracy: 70.26%, Precision: 0.72, Recall: 0.62, F1-Score: 0.66, AUC: 0.70
Epoch [95/100] - [TRAIN] Loss: 0.5907, Accuracy: 70.73%, AUC: 0.70 [VAL] Loss: 0.5981, Accuracy: 70.03%, Precision: 0.71, Recall: 0.61, F1-Score: 0.66, AUC: 0.70
Epoch [96/100] - [TRAIN] Loss: 0.5926, Accuracy: 70.51%, AUC: 0.70 [VAL] Loss: 0.5905, Accuracy: 70.61%, Precision: 0.71, Recall: 0.62, F1-Score: 0.66, AUC: 0.70
Epoch [97/100] - [TRAIN] Loss: 0.5933, Accuracy: 70.50%, AUC: 0.70 [VAL] Loss: 0.5930, Accuracy: 70.15%, Precision: 0.72, Recall: 0.61, F1-Score: 0.66, AUC: 0.70
Epoch [98/100] - [TRAIN] Loss: 0.5918, Accuracy: 70.54%, AUC: 0.70 [VAL] Loss: 0.5929, Accuracy: 70.42%, Precision: 0.72, Recall: 0.62, F1-Score: 0.66, AUC: 0.70
Epoch [99/100] - [TRAIN] Loss: 0.5935, Accuracy: 70.53%, AUC: 0.70 [VAL] Loss: 0.5904, Accuracy: 70.75%, Precision: 0.72, Recall: 0.61, F1-Score: 0.66, AUC: 0.70
Epoch [100/100] - [TRAIN] Loss: 0.5891, Accuracy: 70.90%, AUC: 0.70 [VAL] Loss: 0.5946, Accuracy: 69.85%, Precision: 0.71, Recall: 0.61, F1-Score: 0.65, AUC: 0.69
Accuracy Score on test set: 69.81 %
    AUC Score on test set: 0.69
    Precision: 0.7205
    Recall: 0.6069
    F1-Score: 0.6588

    Detailed Classification Report:
                  precision    recall  f1-score   support

           0       0.68      0.78      0.73      5197
           1       0.72      0.61      0.66      4803

    accuracy                           0.70     10000
   macro avg       0.70      0.69      0.69     10000
weighted avg       0.70      0.70      0.70     10000


    Confusion Matrix:
    [[4066 1131]
 [1888 2915]]
    
008-H3K4me3-H3K27me3
Epoch [1/100] - [TRAIN] Loss: 0.6367, Accuracy: 66.39%, AUC: 0.67 [VAL] Loss: 0.6159, Accuracy: 67.66%, Precision: 0.64, Recall: 0.71, F1-Score: 0.67, AUC: 0.68
Epoch [2/100] - [TRAIN] Loss: 0.6109, Accuracy: 69.12%, AUC: 0.69 [VAL] Loss: 0.6031, Accuracy: 69.55%, Precision: 0.67, Recall: 0.68, F1-Score: 0.68, AUC: 0.69
Epoch [3/100] - [TRAIN] Loss: 0.6076, Accuracy: 69.51%, AUC: 0.69 [VAL] Loss: 0.6048, Accuracy: 68.94%, Precision: 0.68, Recall: 0.65, F1-Score: 0.66, AUC: 0.69
Epoch [4/100] - [TRAIN] Loss: 0.6025, Accuracy: 70.03%, AUC: 0.70 [VAL] Loss: 0.6006, Accuracy: 70.30%, Precision: 0.70, Recall: 0.65, F1-Score: 0.67, AUC: 0.70
Epoch [5/100] - [TRAIN] Loss: 0.6017, Accuracy: 70.00%, AUC: 0.70 [VAL] Loss: 0.6096, Accuracy: 69.24%, Precision: 0.69, Recall: 0.64, F1-Score: 0.66, AUC: 0.69
Epoch [6/100] - [TRAIN] Loss: 0.5988, Accuracy: 70.23%, AUC: 0.70 [VAL] Loss: 0.5973, Accuracy: 69.89%, Precision: 0.71, Recall: 0.62, F1-Score: 0.66, AUC: 0.70
Epoch [7/100] - [TRAIN] Loss: 0.5970, Accuracy: 70.40%, AUC: 0.70 [VAL] Loss: 0.5920, Accuracy: 70.86%, Precision: 0.72, Recall: 0.63, F1-Score: 0.67, AUC: 0.70
Epoch [8/100] - [TRAIN] Loss: 0.5970, Accuracy: 70.29%, AUC: 0.70 [VAL] Loss: 0.5975, Accuracy: 69.96%, Precision: 0.70, Recall: 0.61, F1-Score: 0.66, AUC: 0.69
Epoch [9/100] - [TRAIN] Loss: 0.5968, Accuracy: 70.15%, AUC: 0.70 [VAL] Loss: 0.6021, Accuracy: 69.07%, Precision: 0.70, Recall: 0.60, F1-Score: 0.65, AUC: 0.69
Epoch [10/100] - [TRAIN] Loss: 0.5957, Accuracy: 70.29%, AUC: 0.70 [VAL] Loss: 0.5977, Accuracy: 70.57%, Precision: 0.71, Recall: 0.63, F1-Score: 0.67, AUC: 0.70
Epoch [11/100] - [TRAIN] Loss: 0.5956, Accuracy: 70.17%, AUC: 0.70 [VAL] Loss: 0.5989, Accuracy: 70.04%, Precision: 0.73, Recall: 0.60, F1-Score: 0.66, AUC: 0.70
Epoch [12/100] - [TRAIN] Loss: 0.5944, Accuracy: 70.30%, AUC: 0.70 [VAL] Loss: 0.6020, Accuracy: 69.84%, Precision: 0.71, Recall: 0.61, F1-Score: 0.66, AUC: 0.69
Epoch [13/100] - [TRAIN] Loss: 0.5941, Accuracy: 69.97%, AUC: 0.70 [VAL] Loss: 0.5950, Accuracy: 69.83%, Precision: 0.71, Recall: 0.59, F1-Score: 0.65, AUC: 0.69
Epoch [14/100] - [TRAIN] Loss: 0.5968, Accuracy: 69.96%, AUC: 0.70 [VAL] Loss: 0.5998, Accuracy: 69.32%, Precision: 0.71, Recall: 0.60, F1-Score: 0.65, AUC: 0.69
Epoch [15/100] - [TRAIN] Loss: 0.5900, Accuracy: 70.27%, AUC: 0.70 [VAL] Loss: 0.5999, Accuracy: 69.43%, Precision: 0.71, Recall: 0.60, F1-Score: 0.65, AUC: 0.69
Epoch [16/100] - [TRAIN] Loss: 0.5902, Accuracy: 70.55%, AUC: 0.70 [VAL] Loss: 0.5923, Accuracy: 70.51%, Precision: 0.72, Recall: 0.61, F1-Score: 0.66, AUC: 0.70
Epoch [17/100] - [TRAIN] Loss: 0.5899, Accuracy: 70.55%, AUC: 0.70 [VAL] Loss: 0.5917, Accuracy: 70.46%, Precision: 0.71, Recall: 0.61, F1-Score: 0.66, AUC: 0.70
Epoch [18/100] - [TRAIN] Loss: 0.5930, Accuracy: 70.38%, AUC: 0.70 [VAL] Loss: 0.5985, Accuracy: 69.26%, Precision: 0.72, Recall: 0.59, F1-Score: 0.65, AUC: 0.69
Epoch [19/100] - [TRAIN] Loss: 0.5936, Accuracy: 70.06%, AUC: 0.70 [VAL] Loss: 0.6005, Accuracy: 69.30%, Precision: 0.71, Recall: 0.60, F1-Score: 0.65, AUC: 0.69
Epoch [20/100] - [TRAIN] Loss: 0.5952, Accuracy: 70.02%, AUC: 0.70 [VAL] Loss: 0.5916, Accuracy: 70.14%, Precision: 0.72, Recall: 0.60, F1-Score: 0.65, AUC: 0.70
Epoch [21/100] - [TRAIN] Loss: 0.5970, Accuracy: 69.92%, AUC: 0.70 [VAL] Loss: 0.5905, Accuracy: 70.27%, Precision: 0.72, Recall: 0.61, F1-Score: 0.66, AUC: 0.70
Epoch [22/100] - [TRAIN] Loss: 0.5925, Accuracy: 70.42%, AUC: 0.70 [VAL] Loss: 0.6040, Accuracy: 69.30%, Precision: 0.71, Recall: 0.60, F1-Score: 0.65, AUC: 0.69
Epoch [23/100] - [TRAIN] Loss: 0.5936, Accuracy: 70.33%, AUC: 0.70 [VAL] Loss: 0.5965, Accuracy: 70.41%, Precision: 0.72, Recall: 0.62, F1-Score: 0.67, AUC: 0.70
Epoch [24/100] - [TRAIN] Loss: 0.5941, Accuracy: 70.19%, AUC: 0.70 [VAL] Loss: 0.5977, Accuracy: 69.46%, Precision: 0.71, Recall: 0.60, F1-Score: 0.65, AUC: 0.69
Epoch [25/100] - [TRAIN] Loss: 0.5957, Accuracy: 70.15%, AUC: 0.70 [VAL] Loss: 0.5901, Accuracy: 70.86%, Precision: 0.71, Recall: 0.62, F1-Score: 0.66, AUC: 0.70
Epoch [26/100] - [TRAIN] Loss: 0.5936, Accuracy: 70.22%, AUC: 0.70 [VAL] Loss: 0.6031, Accuracy: 69.19%, Precision: 0.72, Recall: 0.60, F1-Score: 0.65, AUC: 0.69
Epoch [27/100] - [TRAIN] Loss: 0.5926, Accuracy: 70.38%, AUC: 0.70 [VAL] Loss: 0.5898, Accuracy: 70.24%, Precision: 0.71, Recall: 0.61, F1-Score: 0.66, AUC: 0.70
Epoch [28/100] - [TRAIN] Loss: 0.5915, Accuracy: 70.41%, AUC: 0.70 [VAL] Loss: 0.5945, Accuracy: 70.27%, Precision: 0.72, Recall: 0.61, F1-Score: 0.66, AUC: 0.70
Epoch [29/100] - [TRAIN] Loss: 0.5919, Accuracy: 70.28%, AUC: 0.70 [VAL] Loss: 0.5953, Accuracy: 69.88%, Precision: 0.72, Recall: 0.60, F1-Score: 0.66, AUC: 0.69
Epoch [30/100] - [TRAIN] Loss: 0.5954, Accuracy: 70.27%, AUC: 0.70 [VAL] Loss: 0.5943, Accuracy: 70.28%, Precision: 0.72, Recall: 0.60, F1-Score: 0.65, AUC: 0.70
Epoch [31/100] - [TRAIN] Loss: 0.5942, Accuracy: 70.22%, AUC: 0.70 [VAL] Loss: 0.5966, Accuracy: 69.82%, Precision: 0.71, Recall: 0.60, F1-Score: 0.65, AUC: 0.69
Epoch [32/100] - [TRAIN] Loss: 0.5947, Accuracy: 70.16%, AUC: 0.70 [VAL] Loss: 0.5949, Accuracy: 69.55%, Precision: 0.71, Recall: 0.60, F1-Score: 0.65, AUC: 0.69
Epoch [33/100] - [TRAIN] Loss: 0.5905, Accuracy: 70.22%, AUC: 0.70 [VAL] Loss: 0.5996, Accuracy: 69.42%, Precision: 0.71, Recall: 0.60, F1-Score: 0.65, AUC: 0.69
Epoch [34/100] - [TRAIN] Loss: 0.5949, Accuracy: 69.86%, AUC: 0.69 [VAL] Loss: 0.5968, Accuracy: 70.35%, Precision: 0.71, Recall: 0.60, F1-Score: 0.65, AUC: 0.70
Epoch [35/100] - [TRAIN] Loss: 0.5954, Accuracy: 70.09%, AUC: 0.70 [VAL] Loss: 0.5965, Accuracy: 70.60%, Precision: 0.71, Recall: 0.62, F1-Score: 0.66, AUC: 0.70
Epoch [36/100] - [TRAIN] Loss: 0.5937, Accuracy: 69.95%, AUC: 0.70 [VAL] Loss: 0.5942, Accuracy: 70.32%, Precision: 0.72, Recall: 0.61, F1-Score: 0.66, AUC: 0.70
Epoch [37/100] - [TRAIN] Loss: 0.5922, Accuracy: 70.19%, AUC: 0.70 [VAL] Loss: 0.5930, Accuracy: 69.98%, Precision: 0.72, Recall: 0.60, F1-Score: 0.66, AUC: 0.70
Epoch [38/100] - [TRAIN] Loss: 0.5914, Accuracy: 70.49%, AUC: 0.70 [VAL] Loss: 0.5903, Accuracy: 70.19%, Precision: 0.71, Recall: 0.61, F1-Score: 0.66, AUC: 0.70
Epoch [39/100] - [TRAIN] Loss: 0.5902, Accuracy: 70.58%, AUC: 0.70 [VAL] Loss: 0.5930, Accuracy: 70.09%, Precision: 0.72, Recall: 0.60, F1-Score: 0.66, AUC: 0.70
Epoch [40/100] - [TRAIN] Loss: 0.5949, Accuracy: 70.11%, AUC: 0.70 [VAL] Loss: 0.5980, Accuracy: 70.17%, Precision: 0.72, Recall: 0.60, F1-Score: 0.66, AUC: 0.70
Epoch [41/100] - [TRAIN] Loss: 0.5922, Accuracy: 70.41%, AUC: 0.70 [VAL] Loss: 0.5932, Accuracy: 70.81%, Precision: 0.72, Recall: 0.62, F1-Score: 0.67, AUC: 0.70
Epoch [42/100] - [TRAIN] Loss: 0.5948, Accuracy: 70.08%, AUC: 0.70 [VAL] Loss: 0.5953, Accuracy: 69.94%, Precision: 0.71, Recall: 0.61, F1-Score: 0.66, AUC: 0.69
Epoch [43/100] - [TRAIN] Loss: 0.5908, Accuracy: 70.38%, AUC: 0.70 [VAL] Loss: 0.5916, Accuracy: 70.76%, Precision: 0.73, Recall: 0.61, F1-Score: 0.66, AUC: 0.70
Epoch [44/100] - [TRAIN] Loss: 0.5936, Accuracy: 70.41%, AUC: 0.70 [VAL] Loss: 0.5999, Accuracy: 69.72%, Precision: 0.70, Recall: 0.59, F1-Score: 0.64, AUC: 0.69
Epoch [45/100] - [TRAIN] Loss: 0.5911, Accuracy: 70.47%, AUC: 0.70 [VAL] Loss: 0.5991, Accuracy: 70.20%, Precision: 0.72, Recall: 0.61, F1-Score: 0.66, AUC: 0.70
Epoch [46/100] - [TRAIN] Loss: 0.5918, Accuracy: 70.39%, AUC: 0.70 [VAL] Loss: 0.5956, Accuracy: 69.56%, Precision: 0.71, Recall: 0.60, F1-Score: 0.65, AUC: 0.69
Epoch [47/100] - [TRAIN] Loss: 0.5906, Accuracy: 70.63%, AUC: 0.70 [VAL] Loss: 0.5980, Accuracy: 69.93%, Precision: 0.72, Recall: 0.61, F1-Score: 0.66, AUC: 0.70
Epoch [48/100] - [TRAIN] Loss: 0.5904, Accuracy: 70.57%, AUC: 0.70 [VAL] Loss: 0.5903, Accuracy: 70.01%, Precision: 0.71, Recall: 0.61, F1-Score: 0.66, AUC: 0.70
Epoch [49/100] - [TRAIN] Loss: 0.5913, Accuracy: 70.51%, AUC: 0.70 [VAL] Loss: 0.5970, Accuracy: 69.63%, Precision: 0.72, Recall: 0.60, F1-Score: 0.65, AUC: 0.69
Epoch [50/100] - [TRAIN] Loss: 0.5944, Accuracy: 70.06%, AUC: 0.70 [VAL] Loss: 0.6041, Accuracy: 69.53%, Precision: 0.70, Recall: 0.61, F1-Score: 0.65, AUC: 0.69
Epoch [51/100] - [TRAIN] Loss: 0.5943, Accuracy: 70.20%, AUC: 0.70 [VAL] Loss: 0.5937, Accuracy: 69.65%, Precision: 0.71, Recall: 0.60, F1-Score: 0.65, AUC: 0.69
Epoch [52/100] - [TRAIN] Loss: 0.5926, Accuracy: 70.26%, AUC: 0.70 [VAL] Loss: 0.6035, Accuracy: 69.35%, Precision: 0.71, Recall: 0.60, F1-Score: 0.65, AUC: 0.69
Epoch [53/100] - [TRAIN] Loss: 0.5928, Accuracy: 70.29%, AUC: 0.70 [VAL] Loss: 0.5982, Accuracy: 69.47%, Precision: 0.71, Recall: 0.60, F1-Score: 0.65, AUC: 0.69
Epoch [54/100] - [TRAIN] Loss: 0.5884, Accuracy: 70.67%, AUC: 0.70 [VAL] Loss: 0.5875, Accuracy: 71.08%, Precision: 0.73, Recall: 0.61, F1-Score: 0.67, AUC: 0.71
Epoch [55/100] - [TRAIN] Loss: 0.5908, Accuracy: 70.52%, AUC: 0.70 [VAL] Loss: 0.5988, Accuracy: 69.82%, Precision: 0.72, Recall: 0.60, F1-Score: 0.65, AUC: 0.69
Epoch [56/100] - [TRAIN] Loss: 0.5953, Accuracy: 69.98%, AUC: 0.70 [VAL] Loss: 0.5863, Accuracy: 70.91%, Precision: 0.73, Recall: 0.62, F1-Score: 0.67, AUC: 0.70
Epoch [57/100] - [TRAIN] Loss: 0.5910, Accuracy: 70.36%, AUC: 0.70 [VAL] Loss: 0.5950, Accuracy: 70.03%, Precision: 0.71, Recall: 0.61, F1-Score: 0.66, AUC: 0.70
Epoch [58/100] - [TRAIN] Loss: 0.5920, Accuracy: 70.42%, AUC: 0.70 [VAL] Loss: 0.5926, Accuracy: 69.99%, Precision: 0.72, Recall: 0.61, F1-Score: 0.66, AUC: 0.70
Epoch [59/100] - [TRAIN] Loss: 0.5950, Accuracy: 70.22%, AUC: 0.70 [VAL] Loss: 0.6000, Accuracy: 69.25%, Precision: 0.70, Recall: 0.60, F1-Score: 0.65, AUC: 0.69
Epoch [60/100] - [TRAIN] Loss: 0.5909, Accuracy: 70.52%, AUC: 0.70 [VAL] Loss: 0.6017, Accuracy: 69.52%, Precision: 0.71, Recall: 0.61, F1-Score: 0.66, AUC: 0.69
Epoch [61/100] - [TRAIN] Loss: 0.5898, Accuracy: 70.41%, AUC: 0.70 [VAL] Loss: 0.5926, Accuracy: 70.21%, Precision: 0.73, Recall: 0.61, F1-Score: 0.66, AUC: 0.70
Epoch [62/100] - [TRAIN] Loss: 0.5928, Accuracy: 70.18%, AUC: 0.70 [VAL] Loss: 0.5935, Accuracy: 70.01%, Precision: 0.71, Recall: 0.61, F1-Score: 0.66, AUC: 0.69
Epoch [63/100] - [TRAIN] Loss: 0.5909, Accuracy: 70.27%, AUC: 0.70 [VAL] Loss: 0.5944, Accuracy: 69.87%, Precision: 0.71, Recall: 0.61, F1-Score: 0.66, AUC: 0.69
Epoch [64/100] - [TRAIN] Loss: 0.5925, Accuracy: 70.35%, AUC: 0.70 [VAL] Loss: 0.5966, Accuracy: 69.94%, Precision: 0.72, Recall: 0.60, F1-Score: 0.66, AUC: 0.69
Epoch [65/100] - [TRAIN] Loss: 0.5925, Accuracy: 70.35%, AUC: 0.70 [VAL] Loss: 0.5870, Accuracy: 70.81%, Precision: 0.72, Recall: 0.62, F1-Score: 0.66, AUC: 0.70
Epoch [66/100] - [TRAIN] Loss: 0.5970, Accuracy: 70.05%, AUC: 0.70 [VAL] Loss: 0.5882, Accuracy: 70.42%, Precision: 0.72, Recall: 0.62, F1-Score: 0.66, AUC: 0.70
Epoch [67/100] - [TRAIN] Loss: 0.5931, Accuracy: 70.54%, AUC: 0.70 [VAL] Loss: 0.5865, Accuracy: 70.42%, Precision: 0.72, Recall: 0.60, F1-Score: 0.66, AUC: 0.70
Epoch [68/100] - [TRAIN] Loss: 0.5943, Accuracy: 70.19%, AUC: 0.70 [VAL] Loss: 0.6006, Accuracy: 69.34%, Precision: 0.71, Recall: 0.60, F1-Score: 0.65, AUC: 0.69
Epoch [69/100] - [TRAIN] Loss: 0.5905, Accuracy: 70.23%, AUC: 0.70 [VAL] Loss: 0.5922, Accuracy: 70.39%, Precision: 0.71, Recall: 0.62, F1-Score: 0.66, AUC: 0.70
Epoch [70/100] - [TRAIN] Loss: 0.5942, Accuracy: 70.34%, AUC: 0.70 [VAL] Loss: 0.5950, Accuracy: 69.61%, Precision: 0.71, Recall: 0.61, F1-Score: 0.65, AUC: 0.69
Epoch [71/100] - [TRAIN] Loss: 0.5912, Accuracy: 70.50%, AUC: 0.70 [VAL] Loss: 0.5921, Accuracy: 69.72%, Precision: 0.71, Recall: 0.61, F1-Score: 0.66, AUC: 0.69
Epoch [72/100] - [TRAIN] Loss: 0.5901, Accuracy: 70.50%, AUC: 0.70 [VAL] Loss: 0.5905, Accuracy: 71.08%, Precision: 0.72, Recall: 0.62, F1-Score: 0.67, AUC: 0.71
Epoch [73/100] - [TRAIN] Loss: 0.5929, Accuracy: 70.18%, AUC: 0.70 [VAL] Loss: 0.5973, Accuracy: 69.70%, Precision: 0.71, Recall: 0.60, F1-Score: 0.65, AUC: 0.69
Epoch [74/100] - [TRAIN] Loss: 0.5929, Accuracy: 70.27%, AUC: 0.70 [VAL] Loss: 0.5910, Accuracy: 69.82%, Precision: 0.72, Recall: 0.60, F1-Score: 0.65, AUC: 0.69
Epoch [75/100] - [TRAIN] Loss: 0.5916, Accuracy: 70.29%, AUC: 0.70 [VAL] Loss: 0.5826, Accuracy: 71.02%, Precision: 0.74, Recall: 0.62, F1-Score: 0.67, AUC: 0.71
Epoch [76/100] - [TRAIN] Loss: 0.5916, Accuracy: 70.46%, AUC: 0.70 [VAL] Loss: 0.6007, Accuracy: 69.72%, Precision: 0.72, Recall: 0.61, F1-Score: 0.66, AUC: 0.69
Epoch [77/100] - [TRAIN] Loss: 0.5910, Accuracy: 70.29%, AUC: 0.70 [VAL] Loss: 0.5894, Accuracy: 70.30%, Precision: 0.72, Recall: 0.61, F1-Score: 0.66, AUC: 0.70
Epoch [78/100] - [TRAIN] Loss: 0.5904, Accuracy: 70.59%, AUC: 0.70 [VAL] Loss: 0.5919, Accuracy: 70.33%, Precision: 0.72, Recall: 0.62, F1-Score: 0.67, AUC: 0.70
Epoch [79/100] - [TRAIN] Loss: 0.5927, Accuracy: 70.29%, AUC: 0.70 [VAL] Loss: 0.5974, Accuracy: 69.35%, Precision: 0.71, Recall: 0.60, F1-Score: 0.65, AUC: 0.69
Epoch [80/100] - [TRAIN] Loss: 0.5924, Accuracy: 70.36%, AUC: 0.70 [VAL] Loss: 0.5997, Accuracy: 70.30%, Precision: 0.72, Recall: 0.61, F1-Score: 0.66, AUC: 0.70
Epoch [81/100] - [TRAIN] Loss: 0.5930, Accuracy: 70.36%, AUC: 0.70 [VAL] Loss: 0.6027, Accuracy: 69.25%, Precision: 0.71, Recall: 0.60, F1-Score: 0.65, AUC: 0.69
Epoch [82/100] - [TRAIN] Loss: 0.5917, Accuracy: 70.61%, AUC: 0.70 [VAL] Loss: 0.5962, Accuracy: 69.62%, Precision: 0.71, Recall: 0.61, F1-Score: 0.65, AUC: 0.69
Epoch [83/100] - [TRAIN] Loss: 0.5923, Accuracy: 70.50%, AUC: 0.70 [VAL] Loss: 0.5950, Accuracy: 69.89%, Precision: 0.72, Recall: 0.61, F1-Score: 0.66, AUC: 0.70
Epoch [84/100] - [TRAIN] Loss: 0.5909, Accuracy: 70.52%, AUC: 0.70 [VAL] Loss: 0.5926, Accuracy: 70.00%, Precision: 0.72, Recall: 0.61, F1-Score: 0.66, AUC: 0.70
Epoch [85/100] - [TRAIN] Loss: 0.5939, Accuracy: 70.14%, AUC: 0.70 [VAL] Loss: 0.5987, Accuracy: 70.24%, Precision: 0.71, Recall: 0.62, F1-Score: 0.66, AUC: 0.70
Epoch [86/100] - [TRAIN] Loss: 0.5903, Accuracy: 70.37%, AUC: 0.70 [VAL] Loss: 0.5885, Accuracy: 70.57%, Precision: 0.72, Recall: 0.61, F1-Score: 0.66, AUC: 0.70
Epoch [87/100] - [TRAIN] Loss: 0.5913, Accuracy: 70.42%, AUC: 0.70 [VAL] Loss: 0.5995, Accuracy: 69.05%, Precision: 0.71, Recall: 0.59, F1-Score: 0.64, AUC: 0.69
Epoch [88/100] - [TRAIN] Loss: 0.5915, Accuracy: 70.48%, AUC: 0.70 [VAL] Loss: 0.5974, Accuracy: 70.02%, Precision: 0.71, Recall: 0.61, F1-Score: 0.66, AUC: 0.69
Epoch [89/100] - [TRAIN] Loss: 0.5931, Accuracy: 70.57%, AUC: 0.70 [VAL] Loss: 0.5952, Accuracy: 70.00%, Precision: 0.72, Recall: 0.59, F1-Score: 0.65, AUC: 0.69
Epoch [90/100] - [TRAIN] Loss: 0.5952, Accuracy: 70.06%, AUC: 0.70 [VAL] Loss: 0.5924, Accuracy: 70.02%, Precision: 0.71, Recall: 0.61, F1-Score: 0.66, AUC: 0.70
Epoch [91/100] - [TRAIN] Loss: 0.5926, Accuracy: 70.29%, AUC: 0.70 [VAL] Loss: 0.5950, Accuracy: 69.46%, Precision: 0.70, Recall: 0.60, F1-Score: 0.65, AUC: 0.69
Epoch [92/100] - [TRAIN] Loss: 0.5910, Accuracy: 70.38%, AUC: 0.70 [VAL] Loss: 0.5979, Accuracy: 69.44%, Precision: 0.72, Recall: 0.59, F1-Score: 0.65, AUC: 0.69
Epoch [93/100] - [TRAIN] Loss: 0.5945, Accuracy: 70.07%, AUC: 0.70 [VAL] Loss: 0.5866, Accuracy: 70.93%, Precision: 0.72, Recall: 0.62, F1-Score: 0.67, AUC: 0.70
Epoch [94/100] - [TRAIN] Loss: 0.5918, Accuracy: 70.22%, AUC: 0.70 [VAL] Loss: 0.5958, Accuracy: 69.56%, Precision: 0.71, Recall: 0.60, F1-Score: 0.65, AUC: 0.69
Epoch [95/100] - [TRAIN] Loss: 0.5935, Accuracy: 70.10%, AUC: 0.70 [VAL] Loss: 0.5883, Accuracy: 71.13%, Precision: 0.73, Recall: 0.62, F1-Score: 0.67, AUC: 0.71
Epoch [96/100] - [TRAIN] Loss: 0.5931, Accuracy: 70.34%, AUC: 0.70 [VAL] Loss: 0.5899, Accuracy: 70.35%, Precision: 0.71, Recall: 0.61, F1-Score: 0.66, AUC: 0.70
Epoch [97/100] - [TRAIN] Loss: 0.5913, Accuracy: 70.49%, AUC: 0.70 [VAL] Loss: 0.5874, Accuracy: 70.49%, Precision: 0.72, Recall: 0.61, F1-Score: 0.66, AUC: 0.70
Epoch [98/100] - [TRAIN] Loss: 0.5933, Accuracy: 70.33%, AUC: 0.70 [VAL] Loss: 0.6032, Accuracy: 69.54%, Precision: 0.71, Recall: 0.60, F1-Score: 0.65, AUC: 0.69
Epoch [99/100] - [TRAIN] Loss: 0.5932, Accuracy: 70.19%, AUC: 0.70 [VAL] Loss: 0.5953, Accuracy: 69.74%, Precision: 0.72, Recall: 0.61, F1-Score: 0.66, AUC: 0.69
Epoch [100/100] - [TRAIN] Loss: 0.5922, Accuracy: 70.42%, AUC: 0.70 [VAL] Loss: 0.5955, Accuracy: 70.15%, Precision: 0.71, Recall: 0.61, F1-Score: 0.65, AUC: 0.70
Accuracy Score on test set: 69.56 %
    AUC Score on test set: 0.69
    Precision: 0.7122
    Recall: 0.6081
    F1-Score: 0.6560

    Detailed Classification Report:
                  precision    recall  f1-score   support

           0       0.68      0.78      0.73      5226
           1       0.71      0.61      0.66      4774

    accuracy                           0.70     10000
   macro avg       0.70      0.69      0.69     10000
weighted avg       0.70      0.70      0.69     10000


    Confusion Matrix:
    [[4053 1173]
 [1871 2903]]
    
009-H3K9ac-H3K9me3
Epoch [1/100] - [TRAIN] Loss: 0.6560, Accuracy: 66.85%, AUC: 0.66 [VAL] Loss: 0.6340, Accuracy: 69.04%, Precision: 0.69, Recall: 0.65, F1-Score: 0.67, AUC: 0.69
Epoch [2/100] - [TRAIN] Loss: 0.6325, Accuracy: 68.97%, AUC: 0.69 [VAL] Loss: 0.6246, Accuracy: 69.33%, Precision: 0.69, Recall: 0.63, F1-Score: 0.66, AUC: 0.69
Epoch [3/100] - [TRAIN] Loss: 0.6255, Accuracy: 69.30%, AUC: 0.69 [VAL] Loss: 0.6210, Accuracy: 69.51%, Precision: 0.70, Recall: 0.63, F1-Score: 0.66, AUC: 0.69
Epoch [4/100] - [TRAIN] Loss: 0.6215, Accuracy: 69.05%, AUC: 0.69 [VAL] Loss: 0.6184, Accuracy: 69.21%, Precision: 0.69, Recall: 0.63, F1-Score: 0.66, AUC: 0.69
Epoch [5/100] - [TRAIN] Loss: 0.6168, Accuracy: 69.26%, AUC: 0.69 [VAL] Loss: 0.6156, Accuracy: 69.04%, Precision: 0.70, Recall: 0.60, F1-Score: 0.65, AUC: 0.69
Epoch [6/100] - [TRAIN] Loss: 0.6153, Accuracy: 69.46%, AUC: 0.69 [VAL] Loss: 0.6152, Accuracy: 69.38%, Precision: 0.69, Recall: 0.61, F1-Score: 0.65, AUC: 0.69
Epoch [7/100] - [TRAIN] Loss: 0.6155, Accuracy: 69.41%, AUC: 0.69 [VAL] Loss: 0.6246, Accuracy: 68.67%, Precision: 0.70, Recall: 0.57, F1-Score: 0.63, AUC: 0.68
Epoch [8/100] - [TRAIN] Loss: 0.6109, Accuracy: 69.45%, AUC: 0.69 [VAL] Loss: 0.6081, Accuracy: 69.45%, Precision: 0.70, Recall: 0.61, F1-Score: 0.66, AUC: 0.69
Epoch [9/100] - [TRAIN] Loss: 0.6102, Accuracy: 69.54%, AUC: 0.69 [VAL] Loss: 0.6083, Accuracy: 69.24%, Precision: 0.70, Recall: 0.61, F1-Score: 0.65, AUC: 0.69
Epoch [10/100] - [TRAIN] Loss: 0.6092, Accuracy: 69.73%, AUC: 0.69 [VAL] Loss: 0.6126, Accuracy: 68.98%, Precision: 0.70, Recall: 0.59, F1-Score: 0.64, AUC: 0.68
Epoch [11/100] - [TRAIN] Loss: 0.6114, Accuracy: 69.57%, AUC: 0.69 [VAL] Loss: 0.6152, Accuracy: 68.70%, Precision: 0.69, Recall: 0.60, F1-Score: 0.64, AUC: 0.68
Epoch [12/100] - [TRAIN] Loss: 0.6077, Accuracy: 69.84%, AUC: 0.69 [VAL] Loss: 0.6178, Accuracy: 68.23%, Precision: 0.70, Recall: 0.58, F1-Score: 0.64, AUC: 0.68
Epoch [13/100] - [TRAIN] Loss: 0.6067, Accuracy: 69.86%, AUC: 0.69 [VAL] Loss: 0.6132, Accuracy: 69.07%, Precision: 0.70, Recall: 0.59, F1-Score: 0.64, AUC: 0.68
Epoch [14/100] - [TRAIN] Loss: 0.6070, Accuracy: 69.54%, AUC: 0.69 [VAL] Loss: 0.6049, Accuracy: 69.25%, Precision: 0.71, Recall: 0.58, F1-Score: 0.64, AUC: 0.69
Epoch [15/100] - [TRAIN] Loss: 0.6068, Accuracy: 69.62%, AUC: 0.69 [VAL] Loss: 0.5993, Accuracy: 70.18%, Precision: 0.72, Recall: 0.60, F1-Score: 0.66, AUC: 0.70
Epoch [16/100] - [TRAIN] Loss: 0.6026, Accuracy: 69.70%, AUC: 0.69 [VAL] Loss: 0.6034, Accuracy: 69.33%, Precision: 0.71, Recall: 0.61, F1-Score: 0.65, AUC: 0.69
Epoch [17/100] - [TRAIN] Loss: 0.6044, Accuracy: 69.78%, AUC: 0.69 [VAL] Loss: 0.6021, Accuracy: 69.89%, Precision: 0.72, Recall: 0.60, F1-Score: 0.65, AUC: 0.69
Epoch [18/100] - [TRAIN] Loss: 0.6011, Accuracy: 69.86%, AUC: 0.69 [VAL] Loss: 0.6034, Accuracy: 69.38%, Precision: 0.70, Recall: 0.61, F1-Score: 0.65, AUC: 0.69
Epoch [19/100] - [TRAIN] Loss: 0.6009, Accuracy: 69.87%, AUC: 0.69 [VAL] Loss: 0.6052, Accuracy: 69.45%, Precision: 0.71, Recall: 0.61, F1-Score: 0.65, AUC: 0.69
Epoch [20/100] - [TRAIN] Loss: 0.6033, Accuracy: 69.88%, AUC: 0.70 [VAL] Loss: 0.6090, Accuracy: 68.80%, Precision: 0.69, Recall: 0.60, F1-Score: 0.64, AUC: 0.68
Epoch [21/100] - [TRAIN] Loss: 0.6011, Accuracy: 69.84%, AUC: 0.69 [VAL] Loss: 0.6054, Accuracy: 69.05%, Precision: 0.70, Recall: 0.61, F1-Score: 0.65, AUC: 0.69
Epoch [22/100] - [TRAIN] Loss: 0.5989, Accuracy: 70.09%, AUC: 0.70 [VAL] Loss: 0.6110, Accuracy: 69.33%, Precision: 0.71, Recall: 0.60, F1-Score: 0.65, AUC: 0.69
Epoch [23/100] - [TRAIN] Loss: 0.6028, Accuracy: 69.57%, AUC: 0.69 [VAL] Loss: 0.6029, Accuracy: 70.26%, Precision: 0.71, Recall: 0.62, F1-Score: 0.66, AUC: 0.70
Epoch [24/100] - [TRAIN] Loss: 0.6024, Accuracy: 69.91%, AUC: 0.70 [VAL] Loss: 0.6125, Accuracy: 68.79%, Precision: 0.70, Recall: 0.60, F1-Score: 0.65, AUC: 0.68
Epoch [25/100] - [TRAIN] Loss: 0.6005, Accuracy: 69.89%, AUC: 0.70 [VAL] Loss: 0.6021, Accuracy: 69.50%, Precision: 0.70, Recall: 0.61, F1-Score: 0.65, AUC: 0.69
Epoch [26/100] - [TRAIN] Loss: 0.5995, Accuracy: 69.94%, AUC: 0.70 [VAL] Loss: 0.6020, Accuracy: 69.73%, Precision: 0.70, Recall: 0.61, F1-Score: 0.66, AUC: 0.69
Epoch [27/100] - [TRAIN] Loss: 0.6019, Accuracy: 69.91%, AUC: 0.70 [VAL] Loss: 0.5994, Accuracy: 69.91%, Precision: 0.70, Recall: 0.61, F1-Score: 0.66, AUC: 0.69
Epoch [28/100] - [TRAIN] Loss: 0.6032, Accuracy: 69.65%, AUC: 0.69 [VAL] Loss: 0.5999, Accuracy: 69.49%, Precision: 0.71, Recall: 0.61, F1-Score: 0.66, AUC: 0.69
Epoch [29/100] - [TRAIN] Loss: 0.6008, Accuracy: 69.95%, AUC: 0.70 [VAL] Loss: 0.6073, Accuracy: 69.15%, Precision: 0.70, Recall: 0.60, F1-Score: 0.65, AUC: 0.69
Epoch [30/100] - [TRAIN] Loss: 0.6000, Accuracy: 69.89%, AUC: 0.70 [VAL] Loss: 0.6025, Accuracy: 70.02%, Precision: 0.70, Recall: 0.61, F1-Score: 0.65, AUC: 0.69
Epoch [31/100] - [TRAIN] Loss: 0.6021, Accuracy: 69.84%, AUC: 0.69 [VAL] Loss: 0.6057, Accuracy: 69.65%, Precision: 0.70, Recall: 0.61, F1-Score: 0.65, AUC: 0.69
Epoch [32/100] - [TRAIN] Loss: 0.6002, Accuracy: 69.87%, AUC: 0.70 [VAL] Loss: 0.6002, Accuracy: 70.49%, Precision: 0.71, Recall: 0.62, F1-Score: 0.66, AUC: 0.70
Epoch [33/100] - [TRAIN] Loss: 0.6001, Accuracy: 69.97%, AUC: 0.70 [VAL] Loss: 0.5931, Accuracy: 70.24%, Precision: 0.72, Recall: 0.62, F1-Score: 0.66, AUC: 0.70
Epoch [34/100] - [TRAIN] Loss: 0.6006, Accuracy: 69.69%, AUC: 0.69 [VAL] Loss: 0.6050, Accuracy: 69.19%, Precision: 0.71, Recall: 0.61, F1-Score: 0.66, AUC: 0.69
Epoch [35/100] - [TRAIN] Loss: 0.5983, Accuracy: 69.92%, AUC: 0.70 [VAL] Loss: 0.6053, Accuracy: 69.59%, Precision: 0.70, Recall: 0.60, F1-Score: 0.65, AUC: 0.69
Epoch [36/100] - [TRAIN] Loss: 0.6008, Accuracy: 69.95%, AUC: 0.70 [VAL] Loss: 0.6057, Accuracy: 68.75%, Precision: 0.71, Recall: 0.60, F1-Score: 0.65, AUC: 0.68
Epoch [37/100] - [TRAIN] Loss: 0.5999, Accuracy: 70.11%, AUC: 0.70 [VAL] Loss: 0.6062, Accuracy: 69.66%, Precision: 0.69, Recall: 0.61, F1-Score: 0.65, AUC: 0.69
Epoch [38/100] - [TRAIN] Loss: 0.6004, Accuracy: 69.75%, AUC: 0.69 [VAL] Loss: 0.6020, Accuracy: 70.01%, Precision: 0.71, Recall: 0.61, F1-Score: 0.66, AUC: 0.69
Epoch [39/100] - [TRAIN] Loss: 0.6007, Accuracy: 69.88%, AUC: 0.70 [VAL] Loss: 0.6034, Accuracy: 69.69%, Precision: 0.71, Recall: 0.61, F1-Score: 0.66, AUC: 0.69
Epoch [40/100] - [TRAIN] Loss: 0.6025, Accuracy: 69.82%, AUC: 0.70 [VAL] Loss: 0.6008, Accuracy: 70.07%, Precision: 0.70, Recall: 0.61, F1-Score: 0.65, AUC: 0.69
Epoch [41/100] - [TRAIN] Loss: 0.6009, Accuracy: 69.98%, AUC: 0.70 [VAL] Loss: 0.5940, Accuracy: 70.33%, Precision: 0.72, Recall: 0.62, F1-Score: 0.66, AUC: 0.70
Epoch [42/100] - [TRAIN] Loss: 0.6032, Accuracy: 69.70%, AUC: 0.69 [VAL] Loss: 0.6049, Accuracy: 69.70%, Precision: 0.70, Recall: 0.61, F1-Score: 0.65, AUC: 0.69
Epoch [43/100] - [TRAIN] Loss: 0.5999, Accuracy: 70.01%, AUC: 0.70 [VAL] Loss: 0.6081, Accuracy: 69.40%, Precision: 0.70, Recall: 0.60, F1-Score: 0.65, AUC: 0.69
Epoch [44/100] - [TRAIN] Loss: 0.6013, Accuracy: 69.90%, AUC: 0.70 [VAL] Loss: 0.6059, Accuracy: 69.54%, Precision: 0.71, Recall: 0.61, F1-Score: 0.66, AUC: 0.69
Epoch [45/100] - [TRAIN] Loss: 0.6005, Accuracy: 70.05%, AUC: 0.70 [VAL] Loss: 0.6041, Accuracy: 69.55%, Precision: 0.70, Recall: 0.61, F1-Score: 0.65, AUC: 0.69
Epoch [46/100] - [TRAIN] Loss: 0.6021, Accuracy: 69.86%, AUC: 0.70 [VAL] Loss: 0.6081, Accuracy: 69.05%, Precision: 0.71, Recall: 0.60, F1-Score: 0.65, AUC: 0.69
Epoch [47/100] - [TRAIN] Loss: 0.6032, Accuracy: 69.47%, AUC: 0.69 [VAL] Loss: 0.6087, Accuracy: 69.05%, Precision: 0.70, Recall: 0.60, F1-Score: 0.65, AUC: 0.69
Epoch [48/100] - [TRAIN] Loss: 0.5993, Accuracy: 69.98%, AUC: 0.70 [VAL] Loss: 0.6003, Accuracy: 69.43%, Precision: 0.71, Recall: 0.61, F1-Score: 0.66, AUC: 0.69
Epoch [49/100] - [TRAIN] Loss: 0.6009, Accuracy: 69.72%, AUC: 0.69 [VAL] Loss: 0.6081, Accuracy: 69.21%, Precision: 0.70, Recall: 0.60, F1-Score: 0.65, AUC: 0.69
Epoch [50/100] - [TRAIN] Loss: 0.6012, Accuracy: 70.00%, AUC: 0.70 [VAL] Loss: 0.5900, Accuracy: 69.99%, Precision: 0.72, Recall: 0.61, F1-Score: 0.66, AUC: 0.70
Epoch [51/100] - [TRAIN] Loss: 0.6014, Accuracy: 69.77%, AUC: 0.69 [VAL] Loss: 0.6063, Accuracy: 69.26%, Precision: 0.71, Recall: 0.60, F1-Score: 0.65, AUC: 0.69
Epoch [52/100] - [TRAIN] Loss: 0.6000, Accuracy: 69.97%, AUC: 0.70 [VAL] Loss: 0.6014, Accuracy: 69.58%, Precision: 0.71, Recall: 0.60, F1-Score: 0.65, AUC: 0.69
Epoch [53/100] - [TRAIN] Loss: 0.6005, Accuracy: 69.90%, AUC: 0.70 [VAL] Loss: 0.6020, Accuracy: 69.39%, Precision: 0.70, Recall: 0.61, F1-Score: 0.65, AUC: 0.69
Epoch [54/100] - [TRAIN] Loss: 0.6004, Accuracy: 70.15%, AUC: 0.70 [VAL] Loss: 0.5981, Accuracy: 69.80%, Precision: 0.71, Recall: 0.61, F1-Score: 0.66, AUC: 0.69
Epoch [55/100] - [TRAIN] Loss: 0.6005, Accuracy: 70.02%, AUC: 0.70 [VAL] Loss: 0.6028, Accuracy: 69.64%, Precision: 0.70, Recall: 0.61, F1-Score: 0.65, AUC: 0.69
Epoch [56/100] - [TRAIN] Loss: 0.6010, Accuracy: 69.85%, AUC: 0.70 [VAL] Loss: 0.5999, Accuracy: 69.52%, Precision: 0.71, Recall: 0.61, F1-Score: 0.66, AUC: 0.69
Epoch [57/100] - [TRAIN] Loss: 0.6006, Accuracy: 69.90%, AUC: 0.70 [VAL] Loss: 0.6056, Accuracy: 69.12%, Precision: 0.71, Recall: 0.60, F1-Score: 0.65, AUC: 0.69
Epoch [58/100] - [TRAIN] Loss: 0.6030, Accuracy: 69.62%, AUC: 0.69 [VAL] Loss: 0.6058, Accuracy: 69.24%, Precision: 0.70, Recall: 0.61, F1-Score: 0.65, AUC: 0.69
Epoch [59/100] - [TRAIN] Loss: 0.6032, Accuracy: 69.77%, AUC: 0.69 [VAL] Loss: 0.6040, Accuracy: 69.73%, Precision: 0.70, Recall: 0.61, F1-Score: 0.65, AUC: 0.69
Epoch [60/100] - [TRAIN] Loss: 0.6024, Accuracy: 69.63%, AUC: 0.69 [VAL] Loss: 0.5989, Accuracy: 69.53%, Precision: 0.71, Recall: 0.61, F1-Score: 0.66, AUC: 0.69
Epoch [61/100] - [TRAIN] Loss: 0.6008, Accuracy: 69.69%, AUC: 0.69 [VAL] Loss: 0.6036, Accuracy: 69.39%, Precision: 0.71, Recall: 0.60, F1-Score: 0.65, AUC: 0.69
Epoch [62/100] - [TRAIN] Loss: 0.6015, Accuracy: 69.88%, AUC: 0.69 [VAL] Loss: 0.5994, Accuracy: 69.53%, Precision: 0.71, Recall: 0.61, F1-Score: 0.65, AUC: 0.69
Epoch [63/100] - [TRAIN] Loss: 0.6025, Accuracy: 69.52%, AUC: 0.69 [VAL] Loss: 0.6119, Accuracy: 69.02%, Precision: 0.70, Recall: 0.60, F1-Score: 0.65, AUC: 0.69
Epoch [64/100] - [TRAIN] Loss: 0.5995, Accuracy: 70.02%, AUC: 0.70 [VAL] Loss: 0.6057, Accuracy: 69.18%, Precision: 0.70, Recall: 0.61, F1-Score: 0.65, AUC: 0.69
Epoch [65/100] - [TRAIN] Loss: 0.6009, Accuracy: 69.97%, AUC: 0.70 [VAL] Loss: 0.6062, Accuracy: 69.36%, Precision: 0.71, Recall: 0.60, F1-Score: 0.65, AUC: 0.69
Epoch [66/100] - [TRAIN] Loss: 0.6016, Accuracy: 69.75%, AUC: 0.69 [VAL] Loss: 0.5978, Accuracy: 70.01%, Precision: 0.71, Recall: 0.62, F1-Score: 0.66, AUC: 0.70
Epoch [67/100] - [TRAIN] Loss: 0.6030, Accuracy: 69.63%, AUC: 0.69 [VAL] Loss: 0.5970, Accuracy: 69.88%, Precision: 0.70, Recall: 0.61, F1-Score: 0.66, AUC: 0.69
Epoch [68/100] - [TRAIN] Loss: 0.6000, Accuracy: 70.00%, AUC: 0.70 [VAL] Loss: 0.6114, Accuracy: 68.54%, Precision: 0.70, Recall: 0.60, F1-Score: 0.65, AUC: 0.68
Epoch [69/100] - [TRAIN] Loss: 0.6000, Accuracy: 70.23%, AUC: 0.70 [VAL] Loss: 0.6054, Accuracy: 69.84%, Precision: 0.71, Recall: 0.61, F1-Score: 0.66, AUC: 0.69
Epoch [70/100] - [TRAIN] Loss: 0.6026, Accuracy: 69.83%, AUC: 0.69 [VAL] Loss: 0.6099, Accuracy: 69.10%, Precision: 0.70, Recall: 0.60, F1-Score: 0.65, AUC: 0.69
Epoch [71/100] - [TRAIN] Loss: 0.6012, Accuracy: 69.72%, AUC: 0.69 [VAL] Loss: 0.6090, Accuracy: 69.03%, Precision: 0.71, Recall: 0.60, F1-Score: 0.65, AUC: 0.69
Epoch [72/100] - [TRAIN] Loss: 0.6020, Accuracy: 69.77%, AUC: 0.69 [VAL] Loss: 0.6010, Accuracy: 69.60%, Precision: 0.71, Recall: 0.61, F1-Score: 0.65, AUC: 0.69
Epoch [73/100] - [TRAIN] Loss: 0.5999, Accuracy: 69.72%, AUC: 0.69 [VAL] Loss: 0.6088, Accuracy: 68.83%, Precision: 0.70, Recall: 0.61, F1-Score: 0.65, AUC: 0.68
Epoch [74/100] - [TRAIN] Loss: 0.6036, Accuracy: 69.70%, AUC: 0.69 [VAL] Loss: 0.6056, Accuracy: 69.15%, Precision: 0.70, Recall: 0.61, F1-Score: 0.65, AUC: 0.69
Epoch [75/100] - [TRAIN] Loss: 0.6021, Accuracy: 69.78%, AUC: 0.69 [VAL] Loss: 0.6068, Accuracy: 69.20%, Precision: 0.70, Recall: 0.61, F1-Score: 0.65, AUC: 0.69
Epoch [76/100] - [TRAIN] Loss: 0.6007, Accuracy: 70.01%, AUC: 0.70 [VAL] Loss: 0.6019, Accuracy: 69.59%, Precision: 0.71, Recall: 0.60, F1-Score: 0.65, AUC: 0.69
Epoch [77/100] - [TRAIN] Loss: 0.6005, Accuracy: 70.09%, AUC: 0.70 [VAL] Loss: 0.5982, Accuracy: 69.89%, Precision: 0.71, Recall: 0.61, F1-Score: 0.66, AUC: 0.69
Epoch [78/100] - [TRAIN] Loss: 0.5991, Accuracy: 70.02%, AUC: 0.70 [VAL] Loss: 0.6116, Accuracy: 68.39%, Precision: 0.70, Recall: 0.59, F1-Score: 0.64, AUC: 0.68
Epoch [79/100] - [TRAIN] Loss: 0.6011, Accuracy: 69.92%, AUC: 0.70 [VAL] Loss: 0.5996, Accuracy: 69.97%, Precision: 0.72, Recall: 0.61, F1-Score: 0.66, AUC: 0.70
Epoch [80/100] - [TRAIN] Loss: 0.6008, Accuracy: 69.89%, AUC: 0.69 [VAL] Loss: 0.5975, Accuracy: 70.42%, Precision: 0.71, Recall: 0.61, F1-Score: 0.66, AUC: 0.70
Epoch [81/100] - [TRAIN] Loss: 0.6013, Accuracy: 69.70%, AUC: 0.69 [VAL] Loss: 0.6003, Accuracy: 69.56%, Precision: 0.71, Recall: 0.61, F1-Score: 0.66, AUC: 0.69
Epoch [82/100] - [TRAIN] Loss: 0.6009, Accuracy: 69.78%, AUC: 0.69 [VAL] Loss: 0.6080, Accuracy: 69.37%, Precision: 0.70, Recall: 0.60, F1-Score: 0.65, AUC: 0.69
Epoch [83/100] - [TRAIN] Loss: 0.6021, Accuracy: 69.95%, AUC: 0.70 [VAL] Loss: 0.5983, Accuracy: 69.66%, Precision: 0.70, Recall: 0.62, F1-Score: 0.66, AUC: 0.69
Epoch [84/100] - [TRAIN] Loss: 0.6019, Accuracy: 70.00%, AUC: 0.70 [VAL] Loss: 0.6048, Accuracy: 69.08%, Precision: 0.70, Recall: 0.60, F1-Score: 0.65, AUC: 0.69
Epoch [85/100] - [TRAIN] Loss: 0.5992, Accuracy: 69.97%, AUC: 0.70 [VAL] Loss: 0.6010, Accuracy: 69.75%, Precision: 0.71, Recall: 0.60, F1-Score: 0.65, AUC: 0.69
Epoch [86/100] - [TRAIN] Loss: 0.6015, Accuracy: 69.68%, AUC: 0.69 [VAL] Loss: 0.6017, Accuracy: 70.30%, Precision: 0.71, Recall: 0.62, F1-Score: 0.66, AUC: 0.70
Epoch [87/100] - [TRAIN] Loss: 0.6036, Accuracy: 69.59%, AUC: 0.69 [VAL] Loss: 0.6056, Accuracy: 69.64%, Precision: 0.70, Recall: 0.61, F1-Score: 0.65, AUC: 0.69
Epoch [88/100] - [TRAIN] Loss: 0.5951, Accuracy: 70.20%, AUC: 0.70 [VAL] Loss: 0.6120, Accuracy: 68.74%, Precision: 0.70, Recall: 0.59, F1-Score: 0.64, AUC: 0.68
Epoch [89/100] - [TRAIN] Loss: 0.5984, Accuracy: 70.16%, AUC: 0.70 [VAL] Loss: 0.6051, Accuracy: 69.06%, Precision: 0.70, Recall: 0.60, F1-Score: 0.64, AUC: 0.69
Epoch [90/100] - [TRAIN] Loss: 0.6031, Accuracy: 69.75%, AUC: 0.69 [VAL] Loss: 0.6037, Accuracy: 69.84%, Precision: 0.70, Recall: 0.61, F1-Score: 0.65, AUC: 0.69
Epoch [91/100] - [TRAIN] Loss: 0.5994, Accuracy: 70.09%, AUC: 0.70 [VAL] Loss: 0.6048, Accuracy: 69.17%, Precision: 0.70, Recall: 0.60, F1-Score: 0.65, AUC: 0.69
Epoch [92/100] - [TRAIN] Loss: 0.6011, Accuracy: 69.83%, AUC: 0.69 [VAL] Loss: 0.6041, Accuracy: 69.59%, Precision: 0.71, Recall: 0.61, F1-Score: 0.65, AUC: 0.69
Epoch [93/100] - [TRAIN] Loss: 0.5994, Accuracy: 69.90%, AUC: 0.70 [VAL] Loss: 0.6024, Accuracy: 69.87%, Precision: 0.70, Recall: 0.61, F1-Score: 0.65, AUC: 0.69
Epoch [94/100] - [TRAIN] Loss: 0.6033, Accuracy: 69.53%, AUC: 0.69 [VAL] Loss: 0.6091, Accuracy: 68.71%, Precision: 0.70, Recall: 0.59, F1-Score: 0.64, AUC: 0.68
Epoch [95/100] - [TRAIN] Loss: 0.5990, Accuracy: 70.09%, AUC: 0.70 [VAL] Loss: 0.5964, Accuracy: 70.55%, Precision: 0.71, Recall: 0.63, F1-Score: 0.67, AUC: 0.70
Epoch [96/100] - [TRAIN] Loss: 0.6011, Accuracy: 69.89%, AUC: 0.70 [VAL] Loss: 0.6074, Accuracy: 69.23%, Precision: 0.70, Recall: 0.61, F1-Score: 0.65, AUC: 0.69
Epoch [97/100] - [TRAIN] Loss: 0.5988, Accuracy: 70.06%, AUC: 0.70 [VAL] Loss: 0.6132, Accuracy: 68.60%, Precision: 0.70, Recall: 0.60, F1-Score: 0.65, AUC: 0.68
Epoch [98/100] - [TRAIN] Loss: 0.6005, Accuracy: 69.70%, AUC: 0.69 [VAL] Loss: 0.6042, Accuracy: 69.48%, Precision: 0.71, Recall: 0.61, F1-Score: 0.66, AUC: 0.69
Epoch [99/100] - [TRAIN] Loss: 0.5995, Accuracy: 69.89%, AUC: 0.70 [VAL] Loss: 0.6057, Accuracy: 69.36%, Precision: 0.70, Recall: 0.60, F1-Score: 0.65, AUC: 0.69
Epoch [100/100] - [TRAIN] Loss: 0.6019, Accuracy: 69.74%, AUC: 0.69 [VAL] Loss: 0.5966, Accuracy: 69.89%, Precision: 0.70, Recall: 0.61, F1-Score: 0.65, AUC: 0.69
Accuracy Score on test set: 69.23 %
    AUC Score on test set: 0.69
    Precision: 0.7070
    Recall: 0.6051
    F1-Score: 0.6521

    Detailed Classification Report:
                  precision    recall  f1-score   support

           0       0.68      0.77      0.72      5234
           1       0.71      0.61      0.65      4766

    accuracy                           0.69     10000
   macro avg       0.69      0.69      0.69     10000
weighted avg       0.69      0.69      0.69     10000


    Confusion Matrix:
    [[4039 1195]
 [1882 2884]]
    
Batch FINISHED!!!

Real-time duration: 8387.161278576 seconds
