Using device: cuda
Current CUDA device: 0
CUDA device name: Tesla V100-PCIE-16GB
020-H3K4me3-H3K27ac-H3K27me3
Epoch [1/100] - [TRAIN] Loss: 0.6356, Accuracy: 66.48%, AUC: 0.67 [VAL] Loss: 0.6123, Accuracy: 67.95%, Precision: 0.64, Recall: 0.73, F1-Score: 0.68, AUC: 0.68
Epoch [2/100] - [TRAIN] Loss: 0.6078, Accuracy: 69.10%, AUC: 0.69 [VAL] Loss: 0.6010, Accuracy: 70.32%, Precision: 0.69, Recall: 0.69, F1-Score: 0.69, AUC: 0.70
Epoch [3/100] - [TRAIN] Loss: 0.5999, Accuracy: 70.21%, AUC: 0.70 [VAL] Loss: 0.5955, Accuracy: 70.30%, Precision: 0.70, Recall: 0.67, F1-Score: 0.68, AUC: 0.70
Epoch [4/100] - [TRAIN] Loss: 0.5982, Accuracy: 70.28%, AUC: 0.70 [VAL] Loss: 0.6061, Accuracy: 69.57%, Precision: 0.67, Recall: 0.70, F1-Score: 0.68, AUC: 0.70
Epoch [5/100] - [TRAIN] Loss: 0.5949, Accuracy: 70.41%, AUC: 0.70 [VAL] Loss: 0.5950, Accuracy: 69.73%, Precision: 0.68, Recall: 0.68, F1-Score: 0.68, AUC: 0.70
Epoch [6/100] - [TRAIN] Loss: 0.5919, Accuracy: 70.53%, AUC: 0.70 [VAL] Loss: 0.5908, Accuracy: 70.23%, Precision: 0.69, Recall: 0.66, F1-Score: 0.67, AUC: 0.70
Epoch [7/100] - [TRAIN] Loss: 0.5912, Accuracy: 70.56%, AUC: 0.70 [VAL] Loss: 0.5945, Accuracy: 70.70%, Precision: 0.70, Recall: 0.66, F1-Score: 0.68, AUC: 0.70
Epoch [8/100] - [TRAIN] Loss: 0.5924, Accuracy: 70.47%, AUC: 0.70 [VAL] Loss: 0.5920, Accuracy: 70.58%, Precision: 0.70, Recall: 0.65, F1-Score: 0.68, AUC: 0.70
Epoch [9/100] - [TRAIN] Loss: 0.5892, Accuracy: 70.93%, AUC: 0.71 [VAL] Loss: 0.5973, Accuracy: 69.91%, Precision: 0.70, Recall: 0.66, F1-Score: 0.68, AUC: 0.70
Epoch [10/100] - [TRAIN] Loss: 0.5896, Accuracy: 70.62%, AUC: 0.70 [VAL] Loss: 0.6016, Accuracy: 69.18%, Precision: 0.69, Recall: 0.62, F1-Score: 0.66, AUC: 0.69
Epoch [11/100] - [TRAIN] Loss: 0.5870, Accuracy: 70.86%, AUC: 0.71 [VAL] Loss: 0.5943, Accuracy: 69.74%, Precision: 0.68, Recall: 0.66, F1-Score: 0.67, AUC: 0.70
Epoch [12/100] - [TRAIN] Loss: 0.5864, Accuracy: 70.86%, AUC: 0.71 [VAL] Loss: 0.5911, Accuracy: 70.33%, Precision: 0.71, Recall: 0.65, F1-Score: 0.68, AUC: 0.70
Epoch [13/100] - [TRAIN] Loss: 0.5853, Accuracy: 70.92%, AUC: 0.71 [VAL] Loss: 0.5856, Accuracy: 70.91%, Precision: 0.70, Recall: 0.66, F1-Score: 0.68, AUC: 0.71
Epoch [14/100] - [TRAIN] Loss: 0.5869, Accuracy: 70.73%, AUC: 0.70 [VAL] Loss: 0.5953, Accuracy: 70.18%, Precision: 0.70, Recall: 0.65, F1-Score: 0.67, AUC: 0.70
Epoch [15/100] - [TRAIN] Loss: 0.5868, Accuracy: 70.51%, AUC: 0.70 [VAL] Loss: 0.5929, Accuracy: 70.17%, Precision: 0.72, Recall: 0.65, F1-Score: 0.68, AUC: 0.70
Epoch [16/100] - [TRAIN] Loss: 0.5901, Accuracy: 70.53%, AUC: 0.70 [VAL] Loss: 0.5887, Accuracy: 70.73%, Precision: 0.71, Recall: 0.66, F1-Score: 0.68, AUC: 0.71
Epoch [17/100] - [TRAIN] Loss: 0.5899, Accuracy: 70.50%, AUC: 0.70 [VAL] Loss: 0.6050, Accuracy: 68.56%, Precision: 0.68, Recall: 0.62, F1-Score: 0.65, AUC: 0.68
Epoch [18/100] - [TRAIN] Loss: 0.5874, Accuracy: 70.62%, AUC: 0.70 [VAL] Loss: 0.5851, Accuracy: 70.35%, Precision: 0.71, Recall: 0.64, F1-Score: 0.67, AUC: 0.70
Epoch [19/100] - [TRAIN] Loss: 0.5875, Accuracy: 70.64%, AUC: 0.70 [VAL] Loss: 0.5995, Accuracy: 69.57%, Precision: 0.69, Recall: 0.64, F1-Score: 0.67, AUC: 0.69
Epoch [20/100] - [TRAIN] Loss: 0.5862, Accuracy: 70.77%, AUC: 0.70 [VAL] Loss: 0.5873, Accuracy: 70.30%, Precision: 0.71, Recall: 0.65, F1-Score: 0.68, AUC: 0.70
Epoch [21/100] - [TRAIN] Loss: 0.5865, Accuracy: 70.76%, AUC: 0.70 [VAL] Loss: 0.5912, Accuracy: 69.83%, Precision: 0.69, Recall: 0.65, F1-Score: 0.67, AUC: 0.70
Epoch [22/100] - [TRAIN] Loss: 0.5867, Accuracy: 70.47%, AUC: 0.70 [VAL] Loss: 0.5927, Accuracy: 70.18%, Precision: 0.70, Recall: 0.64, F1-Score: 0.67, AUC: 0.70
Epoch [23/100] - [TRAIN] Loss: 0.5846, Accuracy: 70.92%, AUC: 0.71 [VAL] Loss: 0.5874, Accuracy: 70.19%, Precision: 0.70, Recall: 0.65, F1-Score: 0.67, AUC: 0.70
Epoch [24/100] - [TRAIN] Loss: 0.5846, Accuracy: 70.84%, AUC: 0.71 [VAL] Loss: 0.5942, Accuracy: 69.62%, Precision: 0.69, Recall: 0.64, F1-Score: 0.67, AUC: 0.69
Epoch [25/100] - [TRAIN] Loss: 0.5865, Accuracy: 70.77%, AUC: 0.71 [VAL] Loss: 0.5905, Accuracy: 70.20%, Precision: 0.70, Recall: 0.65, F1-Score: 0.68, AUC: 0.70
Epoch [26/100] - [TRAIN] Loss: 0.5844, Accuracy: 70.84%, AUC: 0.71 [VAL] Loss: 0.5985, Accuracy: 69.66%, Precision: 0.70, Recall: 0.64, F1-Score: 0.67, AUC: 0.69
Epoch [27/100] - [TRAIN] Loss: 0.5880, Accuracy: 70.68%, AUC: 0.70 [VAL] Loss: 0.5900, Accuracy: 70.27%, Precision: 0.70, Recall: 0.65, F1-Score: 0.67, AUC: 0.70
Epoch [28/100] - [TRAIN] Loss: 0.5852, Accuracy: 70.81%, AUC: 0.71 [VAL] Loss: 0.5739, Accuracy: 71.30%, Precision: 0.71, Recall: 0.67, F1-Score: 0.69, AUC: 0.71
Epoch [29/100] - [TRAIN] Loss: 0.5876, Accuracy: 70.39%, AUC: 0.70 [VAL] Loss: 0.5920, Accuracy: 70.53%, Precision: 0.71, Recall: 0.66, F1-Score: 0.68, AUC: 0.70
Epoch [30/100] - [TRAIN] Loss: 0.5888, Accuracy: 70.43%, AUC: 0.70 [VAL] Loss: 0.5898, Accuracy: 69.98%, Precision: 0.70, Recall: 0.65, F1-Score: 0.67, AUC: 0.70
Epoch [31/100] - [TRAIN] Loss: 0.5860, Accuracy: 70.81%, AUC: 0.71 [VAL] Loss: 0.5910, Accuracy: 69.75%, Precision: 0.70, Recall: 0.65, F1-Score: 0.67, AUC: 0.70
Epoch [32/100] - [TRAIN] Loss: 0.5873, Accuracy: 70.48%, AUC: 0.70 [VAL] Loss: 0.5878, Accuracy: 70.68%, Precision: 0.70, Recall: 0.64, F1-Score: 0.67, AUC: 0.70
Epoch [33/100] - [TRAIN] Loss: 0.5871, Accuracy: 70.68%, AUC: 0.70 [VAL] Loss: 0.5942, Accuracy: 69.87%, Precision: 0.69, Recall: 0.64, F1-Score: 0.67, AUC: 0.70
Epoch [34/100] - [TRAIN] Loss: 0.5879, Accuracy: 70.55%, AUC: 0.70 [VAL] Loss: 0.5907, Accuracy: 69.45%, Precision: 0.70, Recall: 0.64, F1-Score: 0.67, AUC: 0.69
Epoch [35/100] - [TRAIN] Loss: 0.5870, Accuracy: 70.89%, AUC: 0.71 [VAL] Loss: 0.5937, Accuracy: 70.33%, Precision: 0.71, Recall: 0.65, F1-Score: 0.68, AUC: 0.70
Epoch [36/100] - [TRAIN] Loss: 0.5867, Accuracy: 70.55%, AUC: 0.70 [VAL] Loss: 0.5849, Accuracy: 70.50%, Precision: 0.70, Recall: 0.65, F1-Score: 0.67, AUC: 0.70
Epoch [37/100] - [TRAIN] Loss: 0.5856, Accuracy: 70.75%, AUC: 0.71 [VAL] Loss: 0.5870, Accuracy: 70.80%, Precision: 0.71, Recall: 0.67, F1-Score: 0.69, AUC: 0.71
Epoch [38/100] - [TRAIN] Loss: 0.5865, Accuracy: 70.70%, AUC: 0.70 [VAL] Loss: 0.5895, Accuracy: 70.19%, Precision: 0.70, Recall: 0.65, F1-Score: 0.68, AUC: 0.70
Epoch [39/100] - [TRAIN] Loss: 0.5857, Accuracy: 70.92%, AUC: 0.71 [VAL] Loss: 0.5858, Accuracy: 70.84%, Precision: 0.71, Recall: 0.66, F1-Score: 0.69, AUC: 0.71
Epoch [40/100] - [TRAIN] Loss: 0.5856, Accuracy: 70.56%, AUC: 0.70 [VAL] Loss: 0.5822, Accuracy: 70.84%, Precision: 0.70, Recall: 0.66, F1-Score: 0.68, AUC: 0.71
Epoch [41/100] - [TRAIN] Loss: 0.5878, Accuracy: 70.63%, AUC: 0.70 [VAL] Loss: 0.5951, Accuracy: 70.10%, Precision: 0.70, Recall: 0.65, F1-Score: 0.67, AUC: 0.70
Epoch [42/100] - [TRAIN] Loss: 0.5871, Accuracy: 70.75%, AUC: 0.70 [VAL] Loss: 0.5799, Accuracy: 70.86%, Precision: 0.71, Recall: 0.65, F1-Score: 0.68, AUC: 0.71
Epoch [43/100] - [TRAIN] Loss: 0.5884, Accuracy: 70.70%, AUC: 0.70 [VAL] Loss: 0.5880, Accuracy: 70.57%, Precision: 0.71, Recall: 0.65, F1-Score: 0.68, AUC: 0.70
Epoch [44/100] - [TRAIN] Loss: 0.5894, Accuracy: 70.71%, AUC: 0.70 [VAL] Loss: 0.5910, Accuracy: 70.67%, Precision: 0.70, Recall: 0.66, F1-Score: 0.68, AUC: 0.70
Epoch [45/100] - [TRAIN] Loss: 0.5848, Accuracy: 70.85%, AUC: 0.71 [VAL] Loss: 0.5872, Accuracy: 70.63%, Precision: 0.70, Recall: 0.65, F1-Score: 0.68, AUC: 0.70
Epoch [46/100] - [TRAIN] Loss: 0.5853, Accuracy: 70.77%, AUC: 0.70 [VAL] Loss: 0.5816, Accuracy: 70.88%, Precision: 0.71, Recall: 0.66, F1-Score: 0.68, AUC: 0.71
Epoch [47/100] - [TRAIN] Loss: 0.5865, Accuracy: 70.65%, AUC: 0.70 [VAL] Loss: 0.5888, Accuracy: 70.35%, Precision: 0.69, Recall: 0.65, F1-Score: 0.67, AUC: 0.70
Epoch [48/100] - [TRAIN] Loss: 0.5848, Accuracy: 70.87%, AUC: 0.71 [VAL] Loss: 0.5924, Accuracy: 70.50%, Precision: 0.70, Recall: 0.65, F1-Score: 0.67, AUC: 0.70
Epoch [49/100] - [TRAIN] Loss: 0.5874, Accuracy: 70.57%, AUC: 0.70 [VAL] Loss: 0.5900, Accuracy: 70.46%, Precision: 0.71, Recall: 0.66, F1-Score: 0.68, AUC: 0.70
Epoch [50/100] - [TRAIN] Loss: 0.5864, Accuracy: 70.69%, AUC: 0.70 [VAL] Loss: 0.5960, Accuracy: 69.84%, Precision: 0.69, Recall: 0.64, F1-Score: 0.67, AUC: 0.70
Epoch [51/100] - [TRAIN] Loss: 0.5841, Accuracy: 70.97%, AUC: 0.71 [VAL] Loss: 0.6028, Accuracy: 69.43%, Precision: 0.69, Recall: 0.63, F1-Score: 0.66, AUC: 0.69
Epoch [52/100] - [TRAIN] Loss: 0.5880, Accuracy: 70.84%, AUC: 0.71 [VAL] Loss: 0.5825, Accuracy: 71.01%, Precision: 0.70, Recall: 0.66, F1-Score: 0.68, AUC: 0.71
Epoch [53/100] - [TRAIN] Loss: 0.5887, Accuracy: 70.41%, AUC: 0.70 [VAL] Loss: 0.5973, Accuracy: 69.82%, Precision: 0.70, Recall: 0.64, F1-Score: 0.67, AUC: 0.70
Epoch [54/100] - [TRAIN] Loss: 0.5870, Accuracy: 70.58%, AUC: 0.70 [VAL] Loss: 0.5924, Accuracy: 70.78%, Precision: 0.70, Recall: 0.65, F1-Score: 0.68, AUC: 0.70
Epoch [55/100] - [TRAIN] Loss: 0.5870, Accuracy: 70.84%, AUC: 0.71 [VAL] Loss: 0.5921, Accuracy: 70.30%, Precision: 0.70, Recall: 0.65, F1-Score: 0.67, AUC: 0.70
Epoch [56/100] - [TRAIN] Loss: 0.5880, Accuracy: 70.58%, AUC: 0.70 [VAL] Loss: 0.5896, Accuracy: 70.56%, Precision: 0.70, Recall: 0.64, F1-Score: 0.67, AUC: 0.70
Epoch [57/100] - [TRAIN] Loss: 0.5867, Accuracy: 70.69%, AUC: 0.70 [VAL] Loss: 0.5846, Accuracy: 70.12%, Precision: 0.70, Recall: 0.64, F1-Score: 0.67, AUC: 0.70
Epoch [58/100] - [TRAIN] Loss: 0.5868, Accuracy: 70.72%, AUC: 0.70 [VAL] Loss: 0.5797, Accuracy: 70.60%, Precision: 0.70, Recall: 0.66, F1-Score: 0.68, AUC: 0.70
Epoch [59/100] - [TRAIN] Loss: 0.5871, Accuracy: 70.70%, AUC: 0.70 [VAL] Loss: 0.5993, Accuracy: 69.92%, Precision: 0.71, Recall: 0.64, F1-Score: 0.67, AUC: 0.70
Epoch [60/100] - [TRAIN] Loss: 0.5860, Accuracy: 70.65%, AUC: 0.70 [VAL] Loss: 0.5839, Accuracy: 70.70%, Precision: 0.71, Recall: 0.65, F1-Score: 0.68, AUC: 0.70
Epoch [61/100] - [TRAIN] Loss: 0.5858, Accuracy: 70.85%, AUC: 0.71 [VAL] Loss: 0.5890, Accuracy: 70.33%, Precision: 0.70, Recall: 0.65, F1-Score: 0.68, AUC: 0.70
Epoch [62/100] - [TRAIN] Loss: 0.5852, Accuracy: 70.79%, AUC: 0.71 [VAL] Loss: 0.5920, Accuracy: 69.91%, Precision: 0.69, Recall: 0.65, F1-Score: 0.67, AUC: 0.70
Epoch [63/100] - [TRAIN] Loss: 0.5849, Accuracy: 70.77%, AUC: 0.71 [VAL] Loss: 0.5856, Accuracy: 70.66%, Precision: 0.70, Recall: 0.65, F1-Score: 0.68, AUC: 0.70
Epoch [64/100] - [TRAIN] Loss: 0.5863, Accuracy: 70.79%, AUC: 0.71 [VAL] Loss: 0.5939, Accuracy: 70.33%, Precision: 0.71, Recall: 0.65, F1-Score: 0.68, AUC: 0.70
Epoch [65/100] - [TRAIN] Loss: 0.5872, Accuracy: 70.75%, AUC: 0.70 [VAL] Loss: 0.5841, Accuracy: 70.05%, Precision: 0.69, Recall: 0.65, F1-Score: 0.67, AUC: 0.70
Epoch [66/100] - [TRAIN] Loss: 0.5873, Accuracy: 70.67%, AUC: 0.70 [VAL] Loss: 0.5887, Accuracy: 70.88%, Precision: 0.70, Recall: 0.66, F1-Score: 0.68, AUC: 0.71
Epoch [67/100] - [TRAIN] Loss: 0.5853, Accuracy: 71.04%, AUC: 0.71 [VAL] Loss: 0.5915, Accuracy: 69.83%, Precision: 0.69, Recall: 0.65, F1-Score: 0.67, AUC: 0.70
Epoch [68/100] - [TRAIN] Loss: 0.5895, Accuracy: 70.56%, AUC: 0.70 [VAL] Loss: 0.5842, Accuracy: 70.69%, Precision: 0.70, Recall: 0.66, F1-Score: 0.68, AUC: 0.70
Epoch [69/100] - [TRAIN] Loss: 0.5891, Accuracy: 70.25%, AUC: 0.70 [VAL] Loss: 0.5914, Accuracy: 69.85%, Precision: 0.69, Recall: 0.65, F1-Score: 0.67, AUC: 0.70
Epoch [70/100] - [TRAIN] Loss: 0.5882, Accuracy: 70.74%, AUC: 0.70 [VAL] Loss: 0.5901, Accuracy: 69.92%, Precision: 0.69, Recall: 0.65, F1-Score: 0.67, AUC: 0.70
Epoch [71/100] - [TRAIN] Loss: 0.5878, Accuracy: 70.74%, AUC: 0.70 [VAL] Loss: 0.5873, Accuracy: 70.40%, Precision: 0.71, Recall: 0.65, F1-Score: 0.68, AUC: 0.70
Epoch [72/100] - [TRAIN] Loss: 0.5875, Accuracy: 70.64%, AUC: 0.70 [VAL] Loss: 0.5913, Accuracy: 69.79%, Precision: 0.70, Recall: 0.64, F1-Score: 0.67, AUC: 0.69
Epoch [73/100] - [TRAIN] Loss: 0.5894, Accuracy: 70.42%, AUC: 0.70 [VAL] Loss: 0.5827, Accuracy: 71.10%, Precision: 0.71, Recall: 0.66, F1-Score: 0.68, AUC: 0.71
Epoch [74/100] - [TRAIN] Loss: 0.5859, Accuracy: 70.70%, AUC: 0.70 [VAL] Loss: 0.5915, Accuracy: 70.43%, Precision: 0.71, Recall: 0.64, F1-Score: 0.68, AUC: 0.70
Epoch [75/100] - [TRAIN] Loss: 0.5890, Accuracy: 70.31%, AUC: 0.70 [VAL] Loss: 0.5816, Accuracy: 71.18%, Precision: 0.72, Recall: 0.66, F1-Score: 0.68, AUC: 0.71
Epoch [76/100] - [TRAIN] Loss: 0.5863, Accuracy: 70.60%, AUC: 0.70 [VAL] Loss: 0.5867, Accuracy: 70.46%, Precision: 0.70, Recall: 0.64, F1-Score: 0.67, AUC: 0.70
Epoch [77/100] - [TRAIN] Loss: 0.5864, Accuracy: 70.62%, AUC: 0.70 [VAL] Loss: 0.5934, Accuracy: 70.11%, Precision: 0.70, Recall: 0.64, F1-Score: 0.67, AUC: 0.70
Epoch [78/100] - [TRAIN] Loss: 0.5875, Accuracy: 70.55%, AUC: 0.70 [VAL] Loss: 0.5867, Accuracy: 70.52%, Precision: 0.70, Recall: 0.65, F1-Score: 0.67, AUC: 0.70
Epoch [79/100] - [TRAIN] Loss: 0.5836, Accuracy: 70.89%, AUC: 0.71 [VAL] Loss: 0.5833, Accuracy: 70.43%, Precision: 0.70, Recall: 0.65, F1-Score: 0.68, AUC: 0.70
Epoch [80/100] - [TRAIN] Loss: 0.5851, Accuracy: 70.74%, AUC: 0.70 [VAL] Loss: 0.5870, Accuracy: 70.20%, Precision: 0.70, Recall: 0.65, F1-Score: 0.67, AUC: 0.70
Epoch [81/100] - [TRAIN] Loss: 0.5882, Accuracy: 70.56%, AUC: 0.70 [VAL] Loss: 0.5873, Accuracy: 70.18%, Precision: 0.69, Recall: 0.65, F1-Score: 0.67, AUC: 0.70
Epoch [82/100] - [TRAIN] Loss: 0.5886, Accuracy: 70.67%, AUC: 0.70 [VAL] Loss: 0.5876, Accuracy: 70.04%, Precision: 0.70, Recall: 0.65, F1-Score: 0.67, AUC: 0.70
Epoch [83/100] - [TRAIN] Loss: 0.5868, Accuracy: 70.76%, AUC: 0.70 [VAL] Loss: 0.5920, Accuracy: 70.05%, Precision: 0.70, Recall: 0.65, F1-Score: 0.67, AUC: 0.70
Epoch [84/100] - [TRAIN] Loss: 0.5854, Accuracy: 70.71%, AUC: 0.70 [VAL] Loss: 0.5862, Accuracy: 70.24%, Precision: 0.71, Recall: 0.63, F1-Score: 0.67, AUC: 0.70
Epoch [85/100] - [TRAIN] Loss: 0.5870, Accuracy: 70.78%, AUC: 0.71 [VAL] Loss: 0.5942, Accuracy: 70.09%, Precision: 0.70, Recall: 0.64, F1-Score: 0.67, AUC: 0.70
Epoch [86/100] - [TRAIN] Loss: 0.5863, Accuracy: 70.61%, AUC: 0.70 [VAL] Loss: 0.5868, Accuracy: 70.94%, Precision: 0.71, Recall: 0.66, F1-Score: 0.68, AUC: 0.71
Epoch [87/100] - [TRAIN] Loss: 0.5872, Accuracy: 70.65%, AUC: 0.70 [VAL] Loss: 0.5874, Accuracy: 70.47%, Precision: 0.71, Recall: 0.65, F1-Score: 0.68, AUC: 0.70
Epoch [88/100] - [TRAIN] Loss: 0.5862, Accuracy: 70.63%, AUC: 0.70 [VAL] Loss: 0.5811, Accuracy: 70.99%, Precision: 0.71, Recall: 0.66, F1-Score: 0.68, AUC: 0.71
Epoch [89/100] - [TRAIN] Loss: 0.5834, Accuracy: 70.97%, AUC: 0.71 [VAL] Loss: 0.5795, Accuracy: 70.75%, Precision: 0.71, Recall: 0.65, F1-Score: 0.68, AUC: 0.71
Epoch [90/100] - [TRAIN] Loss: 0.5877, Accuracy: 70.67%, AUC: 0.70 [VAL] Loss: 0.5835, Accuracy: 70.78%, Precision: 0.70, Recall: 0.65, F1-Score: 0.68, AUC: 0.70
Epoch [91/100] - [TRAIN] Loss: 0.5877, Accuracy: 70.66%, AUC: 0.70 [VAL] Loss: 0.5876, Accuracy: 70.11%, Precision: 0.70, Recall: 0.64, F1-Score: 0.67, AUC: 0.70
Epoch [92/100] - [TRAIN] Loss: 0.5842, Accuracy: 70.77%, AUC: 0.70 [VAL] Loss: 0.5854, Accuracy: 71.12%, Precision: 0.71, Recall: 0.65, F1-Score: 0.68, AUC: 0.71
Epoch [93/100] - [TRAIN] Loss: 0.5869, Accuracy: 70.75%, AUC: 0.70 [VAL] Loss: 0.5880, Accuracy: 70.03%, Precision: 0.70, Recall: 0.64, F1-Score: 0.67, AUC: 0.70
Epoch [94/100] - [TRAIN] Loss: 0.5865, Accuracy: 70.48%, AUC: 0.70 [VAL] Loss: 0.5885, Accuracy: 70.07%, Precision: 0.71, Recall: 0.63, F1-Score: 0.67, AUC: 0.70
Epoch [95/100] - [TRAIN] Loss: 0.5873, Accuracy: 70.81%, AUC: 0.71 [VAL] Loss: 0.5872, Accuracy: 69.78%, Precision: 0.70, Recall: 0.65, F1-Score: 0.67, AUC: 0.70
Epoch [96/100] - [TRAIN] Loss: 0.5867, Accuracy: 70.60%, AUC: 0.70 [VAL] Loss: 0.5833, Accuracy: 71.45%, Precision: 0.71, Recall: 0.67, F1-Score: 0.69, AUC: 0.71
Epoch [97/100] - [TRAIN] Loss: 0.5856, Accuracy: 70.66%, AUC: 0.70 [VAL] Loss: 0.5878, Accuracy: 70.15%, Precision: 0.69, Recall: 0.65, F1-Score: 0.67, AUC: 0.70
Epoch [98/100] - [TRAIN] Loss: 0.5879, Accuracy: 70.84%, AUC: 0.71 [VAL] Loss: 0.5938, Accuracy: 70.04%, Precision: 0.70, Recall: 0.65, F1-Score: 0.67, AUC: 0.70
Epoch [99/100] - [TRAIN] Loss: 0.5868, Accuracy: 70.72%, AUC: 0.70 [VAL] Loss: 0.5839, Accuracy: 70.44%, Precision: 0.69, Recall: 0.64, F1-Score: 0.67, AUC: 0.70
Epoch [100/100] - [TRAIN] Loss: 0.5852, Accuracy: 70.77%, AUC: 0.71 [VAL] Loss: 0.5831, Accuracy: 71.17%, Precision: 0.70, Recall: 0.67, F1-Score: 0.68, AUC: 0.71
Accuracy Score on test set: 70.17 %
    AUC Score on test set: 0.70
    Precision: 0.6960
    Recall: 0.6472
    F1-Score: 0.6707

    Detailed Classification Report:
                  precision    recall  f1-score   support

           0       0.71      0.75      0.73      5306
           1       0.70      0.65      0.67      4694

    accuracy                           0.70     10000
   macro avg       0.70      0.70      0.70     10000
weighted avg       0.70      0.70      0.70     10000


    Confusion Matrix:
    [[3979 1327]
 [1656 3038]]
    
021-H3K9ac-H3K9me3-H3K27ac
Epoch [1/100] - [TRAIN] Loss: 0.6425, Accuracy: 67.73%, AUC: 0.68 [VAL] Loss: 0.6267, Accuracy: 69.18%, Precision: 0.67, Recall: 0.66, F1-Score: 0.67, AUC: 0.69
Epoch [2/100] - [TRAIN] Loss: 0.6200, Accuracy: 69.80%, AUC: 0.70 [VAL] Loss: 0.6111, Accuracy: 69.71%, Precision: 0.69, Recall: 0.66, F1-Score: 0.67, AUC: 0.69
Epoch [3/100] - [TRAIN] Loss: 0.6128, Accuracy: 69.98%, AUC: 0.70 [VAL] Loss: 0.6029, Accuracy: 70.13%, Precision: 0.71, Recall: 0.63, F1-Score: 0.67, AUC: 0.70
Epoch [4/100] - [TRAIN] Loss: 0.6063, Accuracy: 70.24%, AUC: 0.70 [VAL] Loss: 0.6034, Accuracy: 69.81%, Precision: 0.72, Recall: 0.62, F1-Score: 0.66, AUC: 0.69
Epoch [5/100] - [TRAIN] Loss: 0.6029, Accuracy: 70.34%, AUC: 0.70 [VAL] Loss: 0.5977, Accuracy: 70.37%, Precision: 0.72, Recall: 0.61, F1-Score: 0.66, AUC: 0.70
Epoch [6/100] - [TRAIN] Loss: 0.6003, Accuracy: 70.37%, AUC: 0.70 [VAL] Loss: 0.5939, Accuracy: 70.29%, Precision: 0.72, Recall: 0.62, F1-Score: 0.67, AUC: 0.70
Epoch [7/100] - [TRAIN] Loss: 0.6001, Accuracy: 70.16%, AUC: 0.70 [VAL] Loss: 0.5984, Accuracy: 70.25%, Precision: 0.72, Recall: 0.61, F1-Score: 0.66, AUC: 0.70
Epoch [8/100] - [TRAIN] Loss: 0.5979, Accuracy: 70.29%, AUC: 0.70 [VAL] Loss: 0.6025, Accuracy: 69.77%, Precision: 0.73, Recall: 0.59, F1-Score: 0.65, AUC: 0.69
Epoch [9/100] - [TRAIN] Loss: 0.5974, Accuracy: 70.36%, AUC: 0.70 [VAL] Loss: 0.6042, Accuracy: 70.32%, Precision: 0.71, Recall: 0.61, F1-Score: 0.65, AUC: 0.70
Epoch [10/100] - [TRAIN] Loss: 0.5965, Accuracy: 70.17%, AUC: 0.70 [VAL] Loss: 0.5855, Accuracy: 70.62%, Precision: 0.72, Recall: 0.60, F1-Score: 0.65, AUC: 0.70
Epoch [11/100] - [TRAIN] Loss: 0.5971, Accuracy: 70.41%, AUC: 0.70 [VAL] Loss: 0.5972, Accuracy: 70.23%, Precision: 0.71, Recall: 0.61, F1-Score: 0.66, AUC: 0.70
Epoch [12/100] - [TRAIN] Loss: 0.5954, Accuracy: 70.47%, AUC: 0.70 [VAL] Loss: 0.5863, Accuracy: 70.80%, Precision: 0.73, Recall: 0.60, F1-Score: 0.66, AUC: 0.70
Epoch [13/100] - [TRAIN] Loss: 0.5919, Accuracy: 70.36%, AUC: 0.70 [VAL] Loss: 0.5896, Accuracy: 70.55%, Precision: 0.73, Recall: 0.59, F1-Score: 0.65, AUC: 0.70
Epoch [14/100] - [TRAIN] Loss: 0.5923, Accuracy: 70.34%, AUC: 0.70 [VAL] Loss: 0.5998, Accuracy: 70.19%, Precision: 0.72, Recall: 0.59, F1-Score: 0.65, AUC: 0.69
Epoch [15/100] - [TRAIN] Loss: 0.5931, Accuracy: 70.23%, AUC: 0.70 [VAL] Loss: 0.5975, Accuracy: 69.63%, Precision: 0.72, Recall: 0.59, F1-Score: 0.65, AUC: 0.69
Epoch [16/100] - [TRAIN] Loss: 0.5901, Accuracy: 70.28%, AUC: 0.70 [VAL] Loss: 0.5980, Accuracy: 69.51%, Precision: 0.72, Recall: 0.60, F1-Score: 0.65, AUC: 0.69
Epoch [17/100] - [TRAIN] Loss: 0.5892, Accuracy: 70.68%, AUC: 0.70 [VAL] Loss: 0.5922, Accuracy: 70.04%, Precision: 0.72, Recall: 0.60, F1-Score: 0.65, AUC: 0.69
Epoch [18/100] - [TRAIN] Loss: 0.5920, Accuracy: 70.52%, AUC: 0.70 [VAL] Loss: 0.5927, Accuracy: 70.51%, Precision: 0.73, Recall: 0.60, F1-Score: 0.66, AUC: 0.70
Epoch [19/100] - [TRAIN] Loss: 0.5905, Accuracy: 70.29%, AUC: 0.70 [VAL] Loss: 0.6015, Accuracy: 69.62%, Precision: 0.72, Recall: 0.59, F1-Score: 0.65, AUC: 0.69
Epoch [20/100] - [TRAIN] Loss: 0.5912, Accuracy: 70.57%, AUC: 0.70 [VAL] Loss: 0.5970, Accuracy: 69.32%, Precision: 0.71, Recall: 0.58, F1-Score: 0.64, AUC: 0.69
Epoch [21/100] - [TRAIN] Loss: 0.5873, Accuracy: 70.59%, AUC: 0.70 [VAL] Loss: 0.5976, Accuracy: 69.77%, Precision: 0.72, Recall: 0.59, F1-Score: 0.65, AUC: 0.69
Epoch [22/100] - [TRAIN] Loss: 0.5890, Accuracy: 70.63%, AUC: 0.70 [VAL] Loss: 0.5936, Accuracy: 70.07%, Precision: 0.73, Recall: 0.59, F1-Score: 0.65, AUC: 0.70
Epoch [23/100] - [TRAIN] Loss: 0.5924, Accuracy: 70.40%, AUC: 0.70 [VAL] Loss: 0.5945, Accuracy: 69.58%, Precision: 0.72, Recall: 0.59, F1-Score: 0.65, AUC: 0.69
Epoch [24/100] - [TRAIN] Loss: 0.5902, Accuracy: 70.50%, AUC: 0.70 [VAL] Loss: 0.5939, Accuracy: 70.39%, Precision: 0.74, Recall: 0.59, F1-Score: 0.65, AUC: 0.70
Epoch [25/100] - [TRAIN] Loss: 0.5926, Accuracy: 70.38%, AUC: 0.70 [VAL] Loss: 0.5968, Accuracy: 69.61%, Precision: 0.72, Recall: 0.58, F1-Score: 0.64, AUC: 0.69
Epoch [26/100] - [TRAIN] Loss: 0.5859, Accuracy: 70.62%, AUC: 0.70 [VAL] Loss: 0.5940, Accuracy: 69.68%, Precision: 0.72, Recall: 0.59, F1-Score: 0.64, AUC: 0.69
Epoch [27/100] - [TRAIN] Loss: 0.5869, Accuracy: 70.59%, AUC: 0.70 [VAL] Loss: 0.5843, Accuracy: 70.90%, Precision: 0.74, Recall: 0.60, F1-Score: 0.66, AUC: 0.70
Epoch [28/100] - [TRAIN] Loss: 0.5905, Accuracy: 70.49%, AUC: 0.70 [VAL] Loss: 0.5910, Accuracy: 69.83%, Precision: 0.72, Recall: 0.59, F1-Score: 0.65, AUC: 0.69
Epoch [29/100] - [TRAIN] Loss: 0.5895, Accuracy: 70.56%, AUC: 0.70 [VAL] Loss: 0.5935, Accuracy: 70.06%, Precision: 0.73, Recall: 0.59, F1-Score: 0.65, AUC: 0.69
Epoch [30/100] - [TRAIN] Loss: 0.5896, Accuracy: 70.50%, AUC: 0.70 [VAL] Loss: 0.5923, Accuracy: 70.55%, Precision: 0.73, Recall: 0.59, F1-Score: 0.66, AUC: 0.70
Epoch [31/100] - [TRAIN] Loss: 0.5874, Accuracy: 70.70%, AUC: 0.70 [VAL] Loss: 0.5883, Accuracy: 70.53%, Precision: 0.73, Recall: 0.60, F1-Score: 0.66, AUC: 0.70
Epoch [32/100] - [TRAIN] Loss: 0.5889, Accuracy: 70.41%, AUC: 0.70 [VAL] Loss: 0.5949, Accuracy: 69.41%, Precision: 0.71, Recall: 0.59, F1-Score: 0.64, AUC: 0.69
Epoch [33/100] - [TRAIN] Loss: 0.5910, Accuracy: 70.28%, AUC: 0.70 [VAL] Loss: 0.5880, Accuracy: 70.13%, Precision: 0.73, Recall: 0.59, F1-Score: 0.65, AUC: 0.70
Epoch [34/100] - [TRAIN] Loss: 0.5909, Accuracy: 70.59%, AUC: 0.70 [VAL] Loss: 0.5850, Accuracy: 70.80%, Precision: 0.73, Recall: 0.60, F1-Score: 0.66, AUC: 0.70
Epoch [35/100] - [TRAIN] Loss: 0.5903, Accuracy: 70.35%, AUC: 0.70 [VAL] Loss: 0.6015, Accuracy: 69.20%, Precision: 0.72, Recall: 0.58, F1-Score: 0.64, AUC: 0.69
Epoch [36/100] - [TRAIN] Loss: 0.5898, Accuracy: 70.52%, AUC: 0.70 [VAL] Loss: 0.5943, Accuracy: 70.03%, Precision: 0.72, Recall: 0.59, F1-Score: 0.65, AUC: 0.69
Epoch [37/100] - [TRAIN] Loss: 0.5866, Accuracy: 70.66%, AUC: 0.70 [VAL] Loss: 0.6036, Accuracy: 68.97%, Precision: 0.72, Recall: 0.58, F1-Score: 0.64, AUC: 0.69
Epoch [38/100] - [TRAIN] Loss: 0.5952, Accuracy: 70.08%, AUC: 0.70 [VAL] Loss: 0.5982, Accuracy: 69.24%, Precision: 0.71, Recall: 0.58, F1-Score: 0.64, AUC: 0.69
Epoch [39/100] - [TRAIN] Loss: 0.5883, Accuracy: 70.64%, AUC: 0.70 [VAL] Loss: 0.5892, Accuracy: 70.22%, Precision: 0.73, Recall: 0.60, F1-Score: 0.66, AUC: 0.70
Epoch [40/100] - [TRAIN] Loss: 0.5886, Accuracy: 70.51%, AUC: 0.70 [VAL] Loss: 0.6008, Accuracy: 68.87%, Precision: 0.71, Recall: 0.58, F1-Score: 0.64, AUC: 0.68
Epoch [41/100] - [TRAIN] Loss: 0.5904, Accuracy: 70.42%, AUC: 0.70 [VAL] Loss: 0.5942, Accuracy: 69.65%, Precision: 0.71, Recall: 0.58, F1-Score: 0.64, AUC: 0.69
Epoch [42/100] - [TRAIN] Loss: 0.5892, Accuracy: 70.50%, AUC: 0.70 [VAL] Loss: 0.5911, Accuracy: 69.51%, Precision: 0.72, Recall: 0.59, F1-Score: 0.65, AUC: 0.69
Epoch [43/100] - [TRAIN] Loss: 0.5917, Accuracy: 70.23%, AUC: 0.70 [VAL] Loss: 0.5895, Accuracy: 70.52%, Precision: 0.73, Recall: 0.59, F1-Score: 0.65, AUC: 0.70
Epoch [44/100] - [TRAIN] Loss: 0.5902, Accuracy: 70.48%, AUC: 0.70 [VAL] Loss: 0.5899, Accuracy: 70.21%, Precision: 0.73, Recall: 0.59, F1-Score: 0.65, AUC: 0.70
Epoch [45/100] - [TRAIN] Loss: 0.5913, Accuracy: 70.29%, AUC: 0.70 [VAL] Loss: 0.5873, Accuracy: 70.29%, Precision: 0.72, Recall: 0.60, F1-Score: 0.65, AUC: 0.70
Epoch [46/100] - [TRAIN] Loss: 0.5911, Accuracy: 70.19%, AUC: 0.70 [VAL] Loss: 0.5972, Accuracy: 69.28%, Precision: 0.72, Recall: 0.58, F1-Score: 0.64, AUC: 0.69
Epoch [47/100] - [TRAIN] Loss: 0.5912, Accuracy: 70.31%, AUC: 0.70 [VAL] Loss: 0.5907, Accuracy: 70.08%, Precision: 0.72, Recall: 0.59, F1-Score: 0.65, AUC: 0.69
Epoch [48/100] - [TRAIN] Loss: 0.5909, Accuracy: 70.46%, AUC: 0.70 [VAL] Loss: 0.5902, Accuracy: 70.53%, Precision: 0.73, Recall: 0.59, F1-Score: 0.66, AUC: 0.70
Epoch [49/100] - [TRAIN] Loss: 0.5909, Accuracy: 70.42%, AUC: 0.70 [VAL] Loss: 0.5861, Accuracy: 70.75%, Precision: 0.73, Recall: 0.60, F1-Score: 0.66, AUC: 0.70
Epoch [50/100] - [TRAIN] Loss: 0.5889, Accuracy: 70.57%, AUC: 0.70 [VAL] Loss: 0.5972, Accuracy: 70.09%, Precision: 0.71, Recall: 0.60, F1-Score: 0.65, AUC: 0.69
Epoch [51/100] - [TRAIN] Loss: 0.5909, Accuracy: 70.32%, AUC: 0.70 [VAL] Loss: 0.5935, Accuracy: 69.96%, Precision: 0.74, Recall: 0.58, F1-Score: 0.65, AUC: 0.70
Epoch [52/100] - [TRAIN] Loss: 0.5919, Accuracy: 70.24%, AUC: 0.70 [VAL] Loss: 0.5932, Accuracy: 69.95%, Precision: 0.72, Recall: 0.60, F1-Score: 0.65, AUC: 0.69
Epoch [53/100] - [TRAIN] Loss: 0.5904, Accuracy: 70.35%, AUC: 0.70 [VAL] Loss: 0.5908, Accuracy: 70.14%, Precision: 0.73, Recall: 0.59, F1-Score: 0.65, AUC: 0.70
Epoch [54/100] - [TRAIN] Loss: 0.5876, Accuracy: 70.59%, AUC: 0.70 [VAL] Loss: 0.5905, Accuracy: 70.54%, Precision: 0.73, Recall: 0.60, F1-Score: 0.66, AUC: 0.70
Epoch [55/100] - [TRAIN] Loss: 0.5898, Accuracy: 70.52%, AUC: 0.70 [VAL] Loss: 0.5910, Accuracy: 70.52%, Precision: 0.72, Recall: 0.59, F1-Score: 0.65, AUC: 0.70
Epoch [56/100] - [TRAIN] Loss: 0.5909, Accuracy: 70.43%, AUC: 0.70 [VAL] Loss: 0.5991, Accuracy: 69.67%, Precision: 0.72, Recall: 0.59, F1-Score: 0.65, AUC: 0.69
Epoch [57/100] - [TRAIN] Loss: 0.5880, Accuracy: 70.81%, AUC: 0.70 [VAL] Loss: 0.6026, Accuracy: 69.43%, Precision: 0.72, Recall: 0.58, F1-Score: 0.64, AUC: 0.69
Epoch [58/100] - [TRAIN] Loss: 0.5918, Accuracy: 70.31%, AUC: 0.70 [VAL] Loss: 0.5910, Accuracy: 70.51%, Precision: 0.73, Recall: 0.59, F1-Score: 0.65, AUC: 0.70
Epoch [59/100] - [TRAIN] Loss: 0.5901, Accuracy: 70.41%, AUC: 0.70 [VAL] Loss: 0.5943, Accuracy: 69.53%, Precision: 0.72, Recall: 0.58, F1-Score: 0.64, AUC: 0.69
Epoch [60/100] - [TRAIN] Loss: 0.5881, Accuracy: 70.56%, AUC: 0.70 [VAL] Loss: 0.5878, Accuracy: 71.38%, Precision: 0.74, Recall: 0.61, F1-Score: 0.67, AUC: 0.71
Epoch [61/100] - [TRAIN] Loss: 0.5905, Accuracy: 70.58%, AUC: 0.70 [VAL] Loss: 0.5945, Accuracy: 70.13%, Precision: 0.72, Recall: 0.59, F1-Score: 0.65, AUC: 0.69
Epoch [62/100] - [TRAIN] Loss: 0.5909, Accuracy: 70.29%, AUC: 0.70 [VAL] Loss: 0.5939, Accuracy: 70.31%, Precision: 0.72, Recall: 0.59, F1-Score: 0.65, AUC: 0.70
Epoch [63/100] - [TRAIN] Loss: 0.5867, Accuracy: 70.66%, AUC: 0.70 [VAL] Loss: 0.5894, Accuracy: 70.15%, Precision: 0.73, Recall: 0.59, F1-Score: 0.65, AUC: 0.70
Epoch [64/100] - [TRAIN] Loss: 0.5912, Accuracy: 70.44%, AUC: 0.70 [VAL] Loss: 0.5958, Accuracy: 70.25%, Precision: 0.72, Recall: 0.59, F1-Score: 0.65, AUC: 0.70
Epoch [65/100] - [TRAIN] Loss: 0.5908, Accuracy: 70.44%, AUC: 0.70 [VAL] Loss: 0.5958, Accuracy: 69.76%, Precision: 0.73, Recall: 0.59, F1-Score: 0.65, AUC: 0.69
Epoch [66/100] - [TRAIN] Loss: 0.5879, Accuracy: 70.59%, AUC: 0.70 [VAL] Loss: 0.5927, Accuracy: 69.98%, Precision: 0.72, Recall: 0.60, F1-Score: 0.65, AUC: 0.70
Epoch [67/100] - [TRAIN] Loss: 0.5911, Accuracy: 70.54%, AUC: 0.70 [VAL] Loss: 0.5943, Accuracy: 70.73%, Precision: 0.73, Recall: 0.60, F1-Score: 0.66, AUC: 0.70
Epoch [68/100] - [TRAIN] Loss: 0.5896, Accuracy: 70.23%, AUC: 0.70 [VAL] Loss: 0.5908, Accuracy: 70.94%, Precision: 0.73, Recall: 0.60, F1-Score: 0.66, AUC: 0.70
Epoch [69/100] - [TRAIN] Loss: 0.5898, Accuracy: 70.46%, AUC: 0.70 [VAL] Loss: 0.5885, Accuracy: 70.41%, Precision: 0.73, Recall: 0.59, F1-Score: 0.65, AUC: 0.70
Epoch [70/100] - [TRAIN] Loss: 0.5911, Accuracy: 70.41%, AUC: 0.70 [VAL] Loss: 0.5915, Accuracy: 69.98%, Precision: 0.72, Recall: 0.59, F1-Score: 0.65, AUC: 0.69
Epoch [71/100] - [TRAIN] Loss: 0.5895, Accuracy: 70.19%, AUC: 0.70 [VAL] Loss: 0.5903, Accuracy: 70.26%, Precision: 0.72, Recall: 0.59, F1-Score: 0.65, AUC: 0.70
Epoch [72/100] - [TRAIN] Loss: 0.5895, Accuracy: 70.41%, AUC: 0.70 [VAL] Loss: 0.5964, Accuracy: 69.38%, Precision: 0.72, Recall: 0.58, F1-Score: 0.64, AUC: 0.69
Epoch [73/100] - [TRAIN] Loss: 0.5895, Accuracy: 70.33%, AUC: 0.70 [VAL] Loss: 0.5922, Accuracy: 70.14%, Precision: 0.73, Recall: 0.59, F1-Score: 0.65, AUC: 0.70
Epoch [74/100] - [TRAIN] Loss: 0.5910, Accuracy: 70.49%, AUC: 0.70 [VAL] Loss: 0.5992, Accuracy: 69.65%, Precision: 0.72, Recall: 0.58, F1-Score: 0.64, AUC: 0.69
Epoch [75/100] - [TRAIN] Loss: 0.5909, Accuracy: 70.44%, AUC: 0.70 [VAL] Loss: 0.6022, Accuracy: 69.19%, Precision: 0.71, Recall: 0.58, F1-Score: 0.64, AUC: 0.69
Epoch [76/100] - [TRAIN] Loss: 0.5907, Accuracy: 70.42%, AUC: 0.70 [VAL] Loss: 0.5867, Accuracy: 70.67%, Precision: 0.73, Recall: 0.59, F1-Score: 0.65, AUC: 0.70
Epoch [77/100] - [TRAIN] Loss: 0.5890, Accuracy: 70.55%, AUC: 0.70 [VAL] Loss: 0.5916, Accuracy: 69.90%, Precision: 0.72, Recall: 0.58, F1-Score: 0.65, AUC: 0.69
Epoch [78/100] - [TRAIN] Loss: 0.5907, Accuracy: 70.26%, AUC: 0.70 [VAL] Loss: 0.5941, Accuracy: 70.27%, Precision: 0.73, Recall: 0.59, F1-Score: 0.66, AUC: 0.70
Epoch [79/100] - [TRAIN] Loss: 0.5887, Accuracy: 70.70%, AUC: 0.70 [VAL] Loss: 0.6058, Accuracy: 68.73%, Precision: 0.70, Recall: 0.58, F1-Score: 0.63, AUC: 0.68
Epoch [80/100] - [TRAIN] Loss: 0.5894, Accuracy: 70.50%, AUC: 0.70 [VAL] Loss: 0.5932, Accuracy: 70.67%, Precision: 0.73, Recall: 0.60, F1-Score: 0.66, AUC: 0.70
Epoch [81/100] - [TRAIN] Loss: 0.5880, Accuracy: 70.62%, AUC: 0.70 [VAL] Loss: 0.5937, Accuracy: 69.99%, Precision: 0.72, Recall: 0.59, F1-Score: 0.65, AUC: 0.69
Epoch [82/100] - [TRAIN] Loss: 0.5898, Accuracy: 70.39%, AUC: 0.70 [VAL] Loss: 0.5930, Accuracy: 69.59%, Precision: 0.72, Recall: 0.59, F1-Score: 0.65, AUC: 0.69
Epoch [83/100] - [TRAIN] Loss: 0.5913, Accuracy: 70.41%, AUC: 0.70 [VAL] Loss: 0.5926, Accuracy: 70.59%, Precision: 0.72, Recall: 0.60, F1-Score: 0.65, AUC: 0.70
Epoch [84/100] - [TRAIN] Loss: 0.5877, Accuracy: 70.60%, AUC: 0.70 [VAL] Loss: 0.5952, Accuracy: 70.29%, Precision: 0.72, Recall: 0.59, F1-Score: 0.65, AUC: 0.70
Epoch [85/100] - [TRAIN] Loss: 0.5895, Accuracy: 70.42%, AUC: 0.70 [VAL] Loss: 0.5923, Accuracy: 70.66%, Precision: 0.73, Recall: 0.60, F1-Score: 0.66, AUC: 0.70
Epoch [86/100] - [TRAIN] Loss: 0.5935, Accuracy: 70.10%, AUC: 0.70 [VAL] Loss: 0.5966, Accuracy: 69.77%, Precision: 0.72, Recall: 0.58, F1-Score: 0.64, AUC: 0.69
Epoch [87/100] - [TRAIN] Loss: 0.5885, Accuracy: 70.73%, AUC: 0.70 [VAL] Loss: 0.5836, Accuracy: 70.93%, Precision: 0.73, Recall: 0.61, F1-Score: 0.66, AUC: 0.70
Epoch [88/100] - [TRAIN] Loss: 0.5878, Accuracy: 70.65%, AUC: 0.70 [VAL] Loss: 0.5887, Accuracy: 70.40%, Precision: 0.74, Recall: 0.60, F1-Score: 0.66, AUC: 0.70
Epoch [89/100] - [TRAIN] Loss: 0.5908, Accuracy: 70.34%, AUC: 0.70 [VAL] Loss: 0.5974, Accuracy: 70.02%, Precision: 0.72, Recall: 0.59, F1-Score: 0.65, AUC: 0.69
Epoch [90/100] - [TRAIN] Loss: 0.5892, Accuracy: 70.52%, AUC: 0.70 [VAL] Loss: 0.5982, Accuracy: 69.62%, Precision: 0.72, Recall: 0.59, F1-Score: 0.65, AUC: 0.69
Epoch [91/100] - [TRAIN] Loss: 0.5902, Accuracy: 70.55%, AUC: 0.70 [VAL] Loss: 0.5957, Accuracy: 69.54%, Precision: 0.72, Recall: 0.58, F1-Score: 0.64, AUC: 0.69
Epoch [92/100] - [TRAIN] Loss: 0.5913, Accuracy: 70.35%, AUC: 0.70 [VAL] Loss: 0.5956, Accuracy: 70.03%, Precision: 0.73, Recall: 0.59, F1-Score: 0.65, AUC: 0.69
Epoch [93/100] - [TRAIN] Loss: 0.5895, Accuracy: 70.54%, AUC: 0.70 [VAL] Loss: 0.5889, Accuracy: 70.60%, Precision: 0.72, Recall: 0.60, F1-Score: 0.66, AUC: 0.70
Epoch [94/100] - [TRAIN] Loss: 0.5876, Accuracy: 70.70%, AUC: 0.70 [VAL] Loss: 0.5970, Accuracy: 69.65%, Precision: 0.72, Recall: 0.59, F1-Score: 0.65, AUC: 0.69
Epoch [95/100] - [TRAIN] Loss: 0.5899, Accuracy: 70.41%, AUC: 0.70 [VAL] Loss: 0.5876, Accuracy: 69.96%, Precision: 0.73, Recall: 0.59, F1-Score: 0.65, AUC: 0.70
Epoch [96/100] - [TRAIN] Loss: 0.5902, Accuracy: 70.50%, AUC: 0.70 [VAL] Loss: 0.5904, Accuracy: 70.37%, Precision: 0.73, Recall: 0.60, F1-Score: 0.66, AUC: 0.70
Epoch [97/100] - [TRAIN] Loss: 0.5912, Accuracy: 70.44%, AUC: 0.70 [VAL] Loss: 0.5925, Accuracy: 69.88%, Precision: 0.73, Recall: 0.59, F1-Score: 0.65, AUC: 0.69
Epoch [98/100] - [TRAIN] Loss: 0.5922, Accuracy: 70.24%, AUC: 0.70 [VAL] Loss: 0.5966, Accuracy: 69.96%, Precision: 0.72, Recall: 0.59, F1-Score: 0.65, AUC: 0.69
Epoch [99/100] - [TRAIN] Loss: 0.5864, Accuracy: 70.85%, AUC: 0.70 [VAL] Loss: 0.5864, Accuracy: 70.00%, Precision: 0.72, Recall: 0.59, F1-Score: 0.65, AUC: 0.69
Epoch [100/100] - [TRAIN] Loss: 0.5906, Accuracy: 70.45%, AUC: 0.70 [VAL] Loss: 0.5901, Accuracy: 69.74%, Precision: 0.72, Recall: 0.58, F1-Score: 0.65, AUC: 0.69
Accuracy Score on test set: 70.07 %
    AUC Score on test set: 0.69
    Precision: 0.7210
    Recall: 0.5877
    F1-Score: 0.6476

    Detailed Classification Report:
                  precision    recall  f1-score   support

           0       0.69      0.80      0.74      5321
           1       0.72      0.59      0.65      4679

    accuracy                           0.70     10000
   macro avg       0.70      0.69      0.69     10000
weighted avg       0.70      0.70      0.70     10000


    Confusion Matrix:
    [[4257 1064]
 [1929 2750]]
    
022-H3K9ac-H3K9me3-H3K27me3
Epoch [1/100] - [TRAIN] Loss: 0.6457, Accuracy: 66.15%, AUC: 0.66 [VAL] Loss: 0.6177, Accuracy: 68.60%, Precision: 0.66, Recall: 0.71, F1-Score: 0.68, AUC: 0.69
Epoch [2/100] - [TRAIN] Loss: 0.6188, Accuracy: 68.72%, AUC: 0.69 [VAL] Loss: 0.6159, Accuracy: 69.24%, Precision: 0.68, Recall: 0.66, F1-Score: 0.67, AUC: 0.69
Epoch [3/100] - [TRAIN] Loss: 0.6078, Accuracy: 69.57%, AUC: 0.70 [VAL] Loss: 0.6017, Accuracy: 70.34%, Precision: 0.69, Recall: 0.68, F1-Score: 0.69, AUC: 0.70
Epoch [4/100] - [TRAIN] Loss: 0.6025, Accuracy: 69.82%, AUC: 0.70 [VAL] Loss: 0.6012, Accuracy: 69.33%, Precision: 0.68, Recall: 0.65, F1-Score: 0.66, AUC: 0.69
Epoch [5/100] - [TRAIN] Loss: 0.6026, Accuracy: 69.84%, AUC: 0.70 [VAL] Loss: 0.6020, Accuracy: 68.94%, Precision: 0.68, Recall: 0.63, F1-Score: 0.66, AUC: 0.69
Epoch [6/100] - [TRAIN] Loss: 0.6038, Accuracy: 69.88%, AUC: 0.70 [VAL] Loss: 0.6041, Accuracy: 69.64%, Precision: 0.69, Recall: 0.63, F1-Score: 0.66, AUC: 0.69
Epoch [7/100] - [TRAIN] Loss: 0.5967, Accuracy: 70.23%, AUC: 0.70 [VAL] Loss: 0.5991, Accuracy: 69.42%, Precision: 0.71, Recall: 0.62, F1-Score: 0.66, AUC: 0.69
Epoch [8/100] - [TRAIN] Loss: 0.5967, Accuracy: 70.13%, AUC: 0.70 [VAL] Loss: 0.5930, Accuracy: 70.12%, Precision: 0.69, Recall: 0.65, F1-Score: 0.67, AUC: 0.70
Epoch [9/100] - [TRAIN] Loss: 0.5972, Accuracy: 70.31%, AUC: 0.70 [VAL] Loss: 0.5986, Accuracy: 69.76%, Precision: 0.72, Recall: 0.61, F1-Score: 0.66, AUC: 0.69
Epoch [10/100] - [TRAIN] Loss: 0.5980, Accuracy: 70.13%, AUC: 0.70 [VAL] Loss: 0.5923, Accuracy: 70.20%, Precision: 0.71, Recall: 0.63, F1-Score: 0.67, AUC: 0.70
Epoch [11/100] - [TRAIN] Loss: 0.5952, Accuracy: 70.09%, AUC: 0.70 [VAL] Loss: 0.5914, Accuracy: 69.88%, Precision: 0.71, Recall: 0.62, F1-Score: 0.66, AUC: 0.69
Epoch [12/100] - [TRAIN] Loss: 0.5944, Accuracy: 70.35%, AUC: 0.70 [VAL] Loss: 0.5978, Accuracy: 69.67%, Precision: 0.70, Recall: 0.62, F1-Score: 0.66, AUC: 0.69
Epoch [13/100] - [TRAIN] Loss: 0.5942, Accuracy: 70.27%, AUC: 0.70 [VAL] Loss: 0.5867, Accuracy: 70.56%, Precision: 0.72, Recall: 0.62, F1-Score: 0.67, AUC: 0.70
Epoch [14/100] - [TRAIN] Loss: 0.5933, Accuracy: 70.27%, AUC: 0.70 [VAL] Loss: 0.5976, Accuracy: 70.03%, Precision: 0.72, Recall: 0.62, F1-Score: 0.66, AUC: 0.70
Epoch [15/100] - [TRAIN] Loss: 0.5912, Accuracy: 70.33%, AUC: 0.70 [VAL] Loss: 0.5875, Accuracy: 70.72%, Precision: 0.71, Recall: 0.63, F1-Score: 0.66, AUC: 0.70
Epoch [16/100] - [TRAIN] Loss: 0.5930, Accuracy: 70.19%, AUC: 0.70 [VAL] Loss: 0.5922, Accuracy: 70.05%, Precision: 0.71, Recall: 0.61, F1-Score: 0.66, AUC: 0.70
Epoch [17/100] - [TRAIN] Loss: 0.5915, Accuracy: 70.28%, AUC: 0.70 [VAL] Loss: 0.5924, Accuracy: 70.14%, Precision: 0.70, Recall: 0.62, F1-Score: 0.66, AUC: 0.70
Epoch [18/100] - [TRAIN] Loss: 0.5913, Accuracy: 70.33%, AUC: 0.70 [VAL] Loss: 0.5913, Accuracy: 70.35%, Precision: 0.72, Recall: 0.61, F1-Score: 0.66, AUC: 0.70
Epoch [19/100] - [TRAIN] Loss: 0.5890, Accuracy: 70.58%, AUC: 0.70 [VAL] Loss: 0.5933, Accuracy: 69.58%, Precision: 0.70, Recall: 0.63, F1-Score: 0.67, AUC: 0.69
Epoch [20/100] - [TRAIN] Loss: 0.5903, Accuracy: 70.27%, AUC: 0.70 [VAL] Loss: 0.5931, Accuracy: 70.47%, Precision: 0.70, Recall: 0.64, F1-Score: 0.67, AUC: 0.70
Epoch [21/100] - [TRAIN] Loss: 0.5891, Accuracy: 70.42%, AUC: 0.70 [VAL] Loss: 0.5894, Accuracy: 70.04%, Precision: 0.70, Recall: 0.62, F1-Score: 0.66, AUC: 0.69
Epoch [22/100] - [TRAIN] Loss: 0.5885, Accuracy: 70.49%, AUC: 0.70 [VAL] Loss: 0.5844, Accuracy: 71.22%, Precision: 0.72, Recall: 0.63, F1-Score: 0.68, AUC: 0.71
Epoch [23/100] - [TRAIN] Loss: 0.5901, Accuracy: 70.35%, AUC: 0.70 [VAL] Loss: 0.5833, Accuracy: 70.82%, Precision: 0.72, Recall: 0.63, F1-Score: 0.67, AUC: 0.70
Epoch [24/100] - [TRAIN] Loss: 0.5883, Accuracy: 70.70%, AUC: 0.70 [VAL] Loss: 0.5958, Accuracy: 69.88%, Precision: 0.71, Recall: 0.61, F1-Score: 0.66, AUC: 0.69
Epoch [25/100] - [TRAIN] Loss: 0.5893, Accuracy: 70.36%, AUC: 0.70 [VAL] Loss: 0.5813, Accuracy: 70.81%, Precision: 0.72, Recall: 0.61, F1-Score: 0.66, AUC: 0.70
Epoch [26/100] - [TRAIN] Loss: 0.5889, Accuracy: 70.55%, AUC: 0.70 [VAL] Loss: 0.5945, Accuracy: 69.20%, Precision: 0.71, Recall: 0.60, F1-Score: 0.65, AUC: 0.69
Epoch [27/100] - [TRAIN] Loss: 0.5885, Accuracy: 70.44%, AUC: 0.70 [VAL] Loss: 0.5891, Accuracy: 70.22%, Precision: 0.73, Recall: 0.61, F1-Score: 0.66, AUC: 0.70
Epoch [28/100] - [TRAIN] Loss: 0.5897, Accuracy: 70.45%, AUC: 0.70 [VAL] Loss: 0.5870, Accuracy: 70.16%, Precision: 0.71, Recall: 0.62, F1-Score: 0.66, AUC: 0.70
Epoch [29/100] - [TRAIN] Loss: 0.5887, Accuracy: 70.49%, AUC: 0.70 [VAL] Loss: 0.5927, Accuracy: 69.38%, Precision: 0.71, Recall: 0.60, F1-Score: 0.65, AUC: 0.69
Epoch [30/100] - [TRAIN] Loss: 0.5896, Accuracy: 70.68%, AUC: 0.70 [VAL] Loss: 0.5873, Accuracy: 70.43%, Precision: 0.71, Recall: 0.63, F1-Score: 0.67, AUC: 0.70
Epoch [31/100] - [TRAIN] Loss: 0.5901, Accuracy: 70.32%, AUC: 0.70 [VAL] Loss: 0.5900, Accuracy: 70.12%, Precision: 0.72, Recall: 0.61, F1-Score: 0.66, AUC: 0.70
Epoch [32/100] - [TRAIN] Loss: 0.5880, Accuracy: 70.61%, AUC: 0.70 [VAL] Loss: 0.5926, Accuracy: 70.41%, Precision: 0.71, Recall: 0.62, F1-Score: 0.66, AUC: 0.70
Epoch [33/100] - [TRAIN] Loss: 0.5872, Accuracy: 70.49%, AUC: 0.70 [VAL] Loss: 0.5956, Accuracy: 69.53%, Precision: 0.72, Recall: 0.61, F1-Score: 0.66, AUC: 0.69
Epoch [34/100] - [TRAIN] Loss: 0.5871, Accuracy: 70.56%, AUC: 0.70 [VAL] Loss: 0.5932, Accuracy: 70.20%, Precision: 0.70, Recall: 0.61, F1-Score: 0.65, AUC: 0.69
Epoch [35/100] - [TRAIN] Loss: 0.5873, Accuracy: 70.70%, AUC: 0.70 [VAL] Loss: 0.5878, Accuracy: 70.70%, Precision: 0.72, Recall: 0.62, F1-Score: 0.67, AUC: 0.70
Epoch [36/100] - [TRAIN] Loss: 0.5900, Accuracy: 70.48%, AUC: 0.70 [VAL] Loss: 0.5905, Accuracy: 69.98%, Precision: 0.71, Recall: 0.61, F1-Score: 0.65, AUC: 0.69
Epoch [37/100] - [TRAIN] Loss: 0.5893, Accuracy: 70.29%, AUC: 0.70 [VAL] Loss: 0.5970, Accuracy: 69.64%, Precision: 0.71, Recall: 0.61, F1-Score: 0.65, AUC: 0.69
Epoch [38/100] - [TRAIN] Loss: 0.5873, Accuracy: 70.69%, AUC: 0.70 [VAL] Loss: 0.5891, Accuracy: 70.39%, Precision: 0.73, Recall: 0.62, F1-Score: 0.67, AUC: 0.70
Epoch [39/100] - [TRAIN] Loss: 0.5892, Accuracy: 70.37%, AUC: 0.70 [VAL] Loss: 0.5932, Accuracy: 69.82%, Precision: 0.71, Recall: 0.61, F1-Score: 0.66, AUC: 0.69
Epoch [40/100] - [TRAIN] Loss: 0.5865, Accuracy: 70.64%, AUC: 0.70 [VAL] Loss: 0.5829, Accuracy: 70.48%, Precision: 0.73, Recall: 0.61, F1-Score: 0.66, AUC: 0.70
Epoch [41/100] - [TRAIN] Loss: 0.5874, Accuracy: 70.49%, AUC: 0.70 [VAL] Loss: 0.5862, Accuracy: 70.48%, Precision: 0.72, Recall: 0.62, F1-Score: 0.67, AUC: 0.70
Epoch [42/100] - [TRAIN] Loss: 0.5895, Accuracy: 70.47%, AUC: 0.70 [VAL] Loss: 0.5822, Accuracy: 70.65%, Precision: 0.72, Recall: 0.62, F1-Score: 0.66, AUC: 0.70
Epoch [43/100] - [TRAIN] Loss: 0.5886, Accuracy: 70.49%, AUC: 0.70 [VAL] Loss: 0.5857, Accuracy: 71.15%, Precision: 0.73, Recall: 0.63, F1-Score: 0.68, AUC: 0.71
Epoch [44/100] - [TRAIN] Loss: 0.5894, Accuracy: 70.47%, AUC: 0.70 [VAL] Loss: 0.5936, Accuracy: 69.75%, Precision: 0.71, Recall: 0.61, F1-Score: 0.65, AUC: 0.69
Epoch [45/100] - [TRAIN] Loss: 0.5898, Accuracy: 70.42%, AUC: 0.70 [VAL] Loss: 0.5912, Accuracy: 70.38%, Precision: 0.72, Recall: 0.61, F1-Score: 0.66, AUC: 0.70
Epoch [46/100] - [TRAIN] Loss: 0.5895, Accuracy: 70.36%, AUC: 0.70 [VAL] Loss: 0.5911, Accuracy: 69.86%, Precision: 0.72, Recall: 0.61, F1-Score: 0.66, AUC: 0.69
Epoch [47/100] - [TRAIN] Loss: 0.5871, Accuracy: 70.58%, AUC: 0.70 [VAL] Loss: 0.5890, Accuracy: 70.53%, Precision: 0.72, Recall: 0.62, F1-Score: 0.67, AUC: 0.70
Epoch [48/100] - [TRAIN] Loss: 0.5876, Accuracy: 70.31%, AUC: 0.70 [VAL] Loss: 0.5944, Accuracy: 70.10%, Precision: 0.72, Recall: 0.62, F1-Score: 0.66, AUC: 0.70
Epoch [49/100] - [TRAIN] Loss: 0.5871, Accuracy: 70.47%, AUC: 0.70 [VAL] Loss: 0.5852, Accuracy: 70.16%, Precision: 0.71, Recall: 0.62, F1-Score: 0.66, AUC: 0.70
Epoch [50/100] - [TRAIN] Loss: 0.5901, Accuracy: 70.22%, AUC: 0.70 [VAL] Loss: 0.5878, Accuracy: 70.43%, Precision: 0.72, Recall: 0.61, F1-Score: 0.66, AUC: 0.70
Epoch [51/100] - [TRAIN] Loss: 0.5868, Accuracy: 70.63%, AUC: 0.70 [VAL] Loss: 0.5925, Accuracy: 70.03%, Precision: 0.71, Recall: 0.60, F1-Score: 0.65, AUC: 0.69
Epoch [52/100] - [TRAIN] Loss: 0.5877, Accuracy: 70.44%, AUC: 0.70 [VAL] Loss: 0.5851, Accuracy: 70.97%, Precision: 0.73, Recall: 0.62, F1-Score: 0.67, AUC: 0.71
Epoch [53/100] - [TRAIN] Loss: 0.5867, Accuracy: 70.42%, AUC: 0.70 [VAL] Loss: 0.5903, Accuracy: 70.42%, Precision: 0.72, Recall: 0.61, F1-Score: 0.66, AUC: 0.70
Epoch [54/100] - [TRAIN] Loss: 0.5881, Accuracy: 70.53%, AUC: 0.70 [VAL] Loss: 0.5939, Accuracy: 69.81%, Precision: 0.72, Recall: 0.61, F1-Score: 0.66, AUC: 0.69
Epoch [55/100] - [TRAIN] Loss: 0.5893, Accuracy: 70.39%, AUC: 0.70 [VAL] Loss: 0.5868, Accuracy: 70.73%, Precision: 0.72, Recall: 0.62, F1-Score: 0.67, AUC: 0.70
Epoch [56/100] - [TRAIN] Loss: 0.5896, Accuracy: 70.36%, AUC: 0.70 [VAL] Loss: 0.5848, Accuracy: 70.94%, Precision: 0.72, Recall: 0.62, F1-Score: 0.66, AUC: 0.70
Epoch [57/100] - [TRAIN] Loss: 0.5872, Accuracy: 70.44%, AUC: 0.70 [VAL] Loss: 0.5787, Accuracy: 71.46%, Precision: 0.71, Recall: 0.63, F1-Score: 0.67, AUC: 0.71
Epoch [58/100] - [TRAIN] Loss: 0.5880, Accuracy: 70.43%, AUC: 0.70 [VAL] Loss: 0.5872, Accuracy: 70.62%, Precision: 0.72, Recall: 0.61, F1-Score: 0.66, AUC: 0.70
Epoch [59/100] - [TRAIN] Loss: 0.5876, Accuracy: 70.55%, AUC: 0.70 [VAL] Loss: 0.5831, Accuracy: 71.27%, Precision: 0.73, Recall: 0.63, F1-Score: 0.67, AUC: 0.71
Epoch [60/100] - [TRAIN] Loss: 0.5874, Accuracy: 70.62%, AUC: 0.70 [VAL] Loss: 0.5850, Accuracy: 70.82%, Precision: 0.72, Recall: 0.62, F1-Score: 0.67, AUC: 0.70
Epoch [61/100] - [TRAIN] Loss: 0.5885, Accuracy: 70.31%, AUC: 0.70 [VAL] Loss: 0.5911, Accuracy: 70.57%, Precision: 0.71, Recall: 0.62, F1-Score: 0.66, AUC: 0.70
Epoch [62/100] - [TRAIN] Loss: 0.5903, Accuracy: 70.25%, AUC: 0.70 [VAL] Loss: 0.5866, Accuracy: 70.50%, Precision: 0.70, Recall: 0.62, F1-Score: 0.66, AUC: 0.70
Epoch [63/100] - [TRAIN] Loss: 0.5863, Accuracy: 70.34%, AUC: 0.70 [VAL] Loss: 0.5872, Accuracy: 70.87%, Precision: 0.72, Recall: 0.62, F1-Score: 0.67, AUC: 0.70
Epoch [64/100] - [TRAIN] Loss: 0.5871, Accuracy: 70.56%, AUC: 0.70 [VAL] Loss: 0.5825, Accuracy: 70.61%, Precision: 0.72, Recall: 0.62, F1-Score: 0.67, AUC: 0.70
Epoch [65/100] - [TRAIN] Loss: 0.5881, Accuracy: 70.49%, AUC: 0.70 [VAL] Loss: 0.5799, Accuracy: 71.16%, Precision: 0.73, Recall: 0.62, F1-Score: 0.67, AUC: 0.71
Epoch [66/100] - [TRAIN] Loss: 0.5906, Accuracy: 70.45%, AUC: 0.70 [VAL] Loss: 0.5833, Accuracy: 70.28%, Precision: 0.72, Recall: 0.62, F1-Score: 0.67, AUC: 0.70
Epoch [67/100] - [TRAIN] Loss: 0.5884, Accuracy: 70.44%, AUC: 0.70 [VAL] Loss: 0.5922, Accuracy: 70.20%, Precision: 0.71, Recall: 0.61, F1-Score: 0.66, AUC: 0.70
Epoch [68/100] - [TRAIN] Loss: 0.5892, Accuracy: 70.39%, AUC: 0.70 [VAL] Loss: 0.5852, Accuracy: 70.34%, Precision: 0.72, Recall: 0.61, F1-Score: 0.66, AUC: 0.70
Epoch [69/100] - [TRAIN] Loss: 0.5867, Accuracy: 70.69%, AUC: 0.70 [VAL] Loss: 0.5929, Accuracy: 70.45%, Precision: 0.71, Recall: 0.62, F1-Score: 0.67, AUC: 0.70
Epoch [70/100] - [TRAIN] Loss: 0.5870, Accuracy: 70.64%, AUC: 0.70 [VAL] Loss: 0.5903, Accuracy: 69.65%, Precision: 0.71, Recall: 0.61, F1-Score: 0.66, AUC: 0.69
Epoch [71/100] - [TRAIN] Loss: 0.5904, Accuracy: 70.30%, AUC: 0.70 [VAL] Loss: 0.5858, Accuracy: 70.79%, Precision: 0.71, Recall: 0.62, F1-Score: 0.66, AUC: 0.70
Epoch [72/100] - [TRAIN] Loss: 0.5863, Accuracy: 70.48%, AUC: 0.70 [VAL] Loss: 0.5898, Accuracy: 70.19%, Precision: 0.72, Recall: 0.62, F1-Score: 0.66, AUC: 0.70
Epoch [73/100] - [TRAIN] Loss: 0.5874, Accuracy: 70.59%, AUC: 0.70 [VAL] Loss: 0.5823, Accuracy: 71.51%, Precision: 0.72, Recall: 0.63, F1-Score: 0.67, AUC: 0.71
Epoch [74/100] - [TRAIN] Loss: 0.5885, Accuracy: 70.39%, AUC: 0.70 [VAL] Loss: 0.5860, Accuracy: 70.44%, Precision: 0.72, Recall: 0.61, F1-Score: 0.66, AUC: 0.70
Epoch [75/100] - [TRAIN] Loss: 0.5913, Accuracy: 70.42%, AUC: 0.70 [VAL] Loss: 0.5830, Accuracy: 70.71%, Precision: 0.73, Recall: 0.61, F1-Score: 0.67, AUC: 0.70
Epoch [76/100] - [TRAIN] Loss: 0.5869, Accuracy: 70.59%, AUC: 0.70 [VAL] Loss: 0.5881, Accuracy: 70.81%, Precision: 0.72, Recall: 0.62, F1-Score: 0.67, AUC: 0.70
Epoch [77/100] - [TRAIN] Loss: 0.5896, Accuracy: 70.45%, AUC: 0.70 [VAL] Loss: 0.5857, Accuracy: 70.23%, Precision: 0.72, Recall: 0.62, F1-Score: 0.66, AUC: 0.70
Epoch [78/100] - [TRAIN] Loss: 0.5898, Accuracy: 70.35%, AUC: 0.70 [VAL] Loss: 0.5835, Accuracy: 71.03%, Precision: 0.71, Recall: 0.63, F1-Score: 0.67, AUC: 0.71
Epoch [79/100] - [TRAIN] Loss: 0.5871, Accuracy: 70.67%, AUC: 0.70 [VAL] Loss: 0.5809, Accuracy: 70.84%, Precision: 0.72, Recall: 0.62, F1-Score: 0.67, AUC: 0.70
Epoch [80/100] - [TRAIN] Loss: 0.5900, Accuracy: 70.26%, AUC: 0.70 [VAL] Loss: 0.5904, Accuracy: 69.90%, Precision: 0.72, Recall: 0.61, F1-Score: 0.66, AUC: 0.69
Epoch [81/100] - [TRAIN] Loss: 0.5878, Accuracy: 70.61%, AUC: 0.70 [VAL] Loss: 0.5882, Accuracy: 70.01%, Precision: 0.71, Recall: 0.62, F1-Score: 0.66, AUC: 0.70
Epoch [82/100] - [TRAIN] Loss: 0.5898, Accuracy: 70.44%, AUC: 0.70 [VAL] Loss: 0.5909, Accuracy: 69.96%, Precision: 0.71, Recall: 0.62, F1-Score: 0.66, AUC: 0.70
Epoch [83/100] - [TRAIN] Loss: 0.5891, Accuracy: 70.43%, AUC: 0.70 [VAL] Loss: 0.5903, Accuracy: 69.90%, Precision: 0.71, Recall: 0.61, F1-Score: 0.66, AUC: 0.69
Epoch [84/100] - [TRAIN] Loss: 0.5896, Accuracy: 70.23%, AUC: 0.70 [VAL] Loss: 0.5974, Accuracy: 69.37%, Precision: 0.71, Recall: 0.61, F1-Score: 0.66, AUC: 0.69
Epoch [85/100] - [TRAIN] Loss: 0.5900, Accuracy: 70.39%, AUC: 0.70 [VAL] Loss: 0.5838, Accuracy: 70.02%, Precision: 0.70, Recall: 0.62, F1-Score: 0.66, AUC: 0.70
Epoch [86/100] - [TRAIN] Loss: 0.5872, Accuracy: 70.58%, AUC: 0.70 [VAL] Loss: 0.5877, Accuracy: 70.06%, Precision: 0.71, Recall: 0.61, F1-Score: 0.66, AUC: 0.70
Epoch [87/100] - [TRAIN] Loss: 0.5884, Accuracy: 70.51%, AUC: 0.70 [VAL] Loss: 0.5920, Accuracy: 70.35%, Precision: 0.71, Recall: 0.61, F1-Score: 0.66, AUC: 0.70
Epoch [88/100] - [TRAIN] Loss: 0.5894, Accuracy: 70.47%, AUC: 0.70 [VAL] Loss: 0.5844, Accuracy: 70.49%, Precision: 0.71, Recall: 0.62, F1-Score: 0.66, AUC: 0.70
Epoch [89/100] - [TRAIN] Loss: 0.5860, Accuracy: 70.77%, AUC: 0.70 [VAL] Loss: 0.5892, Accuracy: 69.84%, Precision: 0.72, Recall: 0.61, F1-Score: 0.66, AUC: 0.70
Epoch [90/100] - [TRAIN] Loss: 0.5857, Accuracy: 70.60%, AUC: 0.70 [VAL] Loss: 0.5914, Accuracy: 70.19%, Precision: 0.72, Recall: 0.61, F1-Score: 0.66, AUC: 0.70
Epoch [91/100] - [TRAIN] Loss: 0.5876, Accuracy: 70.58%, AUC: 0.70 [VAL] Loss: 0.5889, Accuracy: 70.37%, Precision: 0.71, Recall: 0.62, F1-Score: 0.66, AUC: 0.70
Epoch [92/100] - [TRAIN] Loss: 0.5872, Accuracy: 70.66%, AUC: 0.70 [VAL] Loss: 0.5926, Accuracy: 70.03%, Precision: 0.71, Recall: 0.61, F1-Score: 0.66, AUC: 0.70
Epoch [93/100] - [TRAIN] Loss: 0.5883, Accuracy: 70.75%, AUC: 0.70 [VAL] Loss: 0.5948, Accuracy: 69.57%, Precision: 0.70, Recall: 0.62, F1-Score: 0.65, AUC: 0.69
Epoch [94/100] - [TRAIN] Loss: 0.5886, Accuracy: 70.58%, AUC: 0.70 [VAL] Loss: 0.5964, Accuracy: 69.69%, Precision: 0.70, Recall: 0.61, F1-Score: 0.65, AUC: 0.69
Epoch [95/100] - [TRAIN] Loss: 0.5884, Accuracy: 70.37%, AUC: 0.70 [VAL] Loss: 0.5836, Accuracy: 70.93%, Precision: 0.72, Recall: 0.62, F1-Score: 0.67, AUC: 0.70
Epoch [96/100] - [TRAIN] Loss: 0.5882, Accuracy: 70.55%, AUC: 0.70 [VAL] Loss: 0.5893, Accuracy: 70.33%, Precision: 0.72, Recall: 0.62, F1-Score: 0.67, AUC: 0.70
Epoch [97/100] - [TRAIN] Loss: 0.5888, Accuracy: 70.48%, AUC: 0.70 [VAL] Loss: 0.5879, Accuracy: 70.26%, Precision: 0.71, Recall: 0.61, F1-Score: 0.66, AUC: 0.70
Epoch [98/100] - [TRAIN] Loss: 0.5879, Accuracy: 70.45%, AUC: 0.70 [VAL] Loss: 0.5887, Accuracy: 70.62%, Precision: 0.71, Recall: 0.62, F1-Score: 0.67, AUC: 0.70
Epoch [99/100] - [TRAIN] Loss: 0.5880, Accuracy: 70.33%, AUC: 0.70 [VAL] Loss: 0.5892, Accuracy: 69.71%, Precision: 0.71, Recall: 0.61, F1-Score: 0.65, AUC: 0.69
Epoch [100/100] - [TRAIN] Loss: 0.5888, Accuracy: 70.47%, AUC: 0.70 [VAL] Loss: 0.5891, Accuracy: 70.16%, Precision: 0.71, Recall: 0.62, F1-Score: 0.66, AUC: 0.70
Accuracy Score on test set: 70.08 %
    AUC Score on test set: 0.70
    Precision: 0.7166
    Recall: 0.6109
    F1-Score: 0.6595

    Detailed Classification Report:
                  precision    recall  f1-score   support

           0       0.69      0.78      0.73      5256
           1       0.72      0.61      0.66      4744

    accuracy                           0.70     10000
   macro avg       0.70      0.70      0.70     10000
weighted avg       0.70      0.70      0.70     10000


    Confusion Matrix:
    [[4110 1146]
 [1846 2898]]
    
023-H3K9ac-H3K27ac-H3K27me3
Epoch [1/100] - [TRAIN] Loss: 0.6424, Accuracy: 67.87%, AUC: 0.68 [VAL] Loss: 0.6217, Accuracy: 69.15%, Precision: 0.68, Recall: 0.65, F1-Score: 0.67, AUC: 0.69
Epoch [2/100] - [TRAIN] Loss: 0.6132, Accuracy: 69.64%, AUC: 0.69 [VAL] Loss: 0.6042, Accuracy: 70.63%, Precision: 0.71, Recall: 0.65, F1-Score: 0.68, AUC: 0.70
Epoch [3/100] - [TRAIN] Loss: 0.6074, Accuracy: 69.87%, AUC: 0.70 [VAL] Loss: 0.6042, Accuracy: 69.12%, Precision: 0.69, Recall: 0.63, F1-Score: 0.66, AUC: 0.69
Epoch [4/100] - [TRAIN] Loss: 0.6025, Accuracy: 70.19%, AUC: 0.70 [VAL] Loss: 0.5916, Accuracy: 70.33%, Precision: 0.70, Recall: 0.64, F1-Score: 0.67, AUC: 0.70
Epoch [5/100] - [TRAIN] Loss: 0.5973, Accuracy: 70.36%, AUC: 0.70 [VAL] Loss: 0.5988, Accuracy: 70.26%, Precision: 0.71, Recall: 0.63, F1-Score: 0.67, AUC: 0.70
Epoch [6/100] - [TRAIN] Loss: 0.5977, Accuracy: 70.38%, AUC: 0.70 [VAL] Loss: 0.5971, Accuracy: 70.44%, Precision: 0.71, Recall: 0.61, F1-Score: 0.66, AUC: 0.70
Epoch [7/100] - [TRAIN] Loss: 0.5960, Accuracy: 70.34%, AUC: 0.70 [VAL] Loss: 0.5935, Accuracy: 70.59%, Precision: 0.70, Recall: 0.64, F1-Score: 0.67, AUC: 0.70
Epoch [8/100] - [TRAIN] Loss: 0.5962, Accuracy: 70.12%, AUC: 0.70 [VAL] Loss: 0.5931, Accuracy: 69.89%, Precision: 0.70, Recall: 0.62, F1-Score: 0.66, AUC: 0.69
Epoch [9/100] - [TRAIN] Loss: 0.5939, Accuracy: 70.28%, AUC: 0.70 [VAL] Loss: 0.5910, Accuracy: 69.77%, Precision: 0.71, Recall: 0.62, F1-Score: 0.66, AUC: 0.69
Epoch [10/100] - [TRAIN] Loss: 0.5910, Accuracy: 70.44%, AUC: 0.70 [VAL] Loss: 0.5904, Accuracy: 70.42%, Precision: 0.71, Recall: 0.63, F1-Score: 0.67, AUC: 0.70
Epoch [11/100] - [TRAIN] Loss: 0.5971, Accuracy: 70.04%, AUC: 0.70 [VAL] Loss: 0.5901, Accuracy: 70.35%, Precision: 0.71, Recall: 0.62, F1-Score: 0.67, AUC: 0.70
Epoch [12/100] - [TRAIN] Loss: 0.5881, Accuracy: 70.55%, AUC: 0.70 [VAL] Loss: 0.5826, Accuracy: 70.84%, Precision: 0.73, Recall: 0.60, F1-Score: 0.66, AUC: 0.70
Epoch [13/100] - [TRAIN] Loss: 0.5886, Accuracy: 70.51%, AUC: 0.70 [VAL] Loss: 0.5896, Accuracy: 70.65%, Precision: 0.72, Recall: 0.62, F1-Score: 0.67, AUC: 0.70
Epoch [14/100] - [TRAIN] Loss: 0.5895, Accuracy: 70.53%, AUC: 0.70 [VAL] Loss: 0.5951, Accuracy: 70.13%, Precision: 0.72, Recall: 0.63, F1-Score: 0.67, AUC: 0.70
Epoch [15/100] - [TRAIN] Loss: 0.5889, Accuracy: 70.56%, AUC: 0.70 [VAL] Loss: 0.5924, Accuracy: 70.09%, Precision: 0.70, Recall: 0.61, F1-Score: 0.65, AUC: 0.69
Epoch [16/100] - [TRAIN] Loss: 0.5865, Accuracy: 70.57%, AUC: 0.70 [VAL] Loss: 0.5915, Accuracy: 70.79%, Precision: 0.72, Recall: 0.62, F1-Score: 0.67, AUC: 0.70
Epoch [17/100] - [TRAIN] Loss: 0.5848, Accuracy: 71.00%, AUC: 0.71 [VAL] Loss: 0.5924, Accuracy: 70.85%, Precision: 0.71, Recall: 0.62, F1-Score: 0.66, AUC: 0.70
Epoch [18/100] - [TRAIN] Loss: 0.5854, Accuracy: 70.59%, AUC: 0.70 [VAL] Loss: 0.6013, Accuracy: 69.53%, Precision: 0.71, Recall: 0.61, F1-Score: 0.65, AUC: 0.69
Epoch [19/100] - [TRAIN] Loss: 0.5855, Accuracy: 70.49%, AUC: 0.70 [VAL] Loss: 0.5899, Accuracy: 70.47%, Precision: 0.72, Recall: 0.60, F1-Score: 0.66, AUC: 0.70
Epoch [20/100] - [TRAIN] Loss: 0.5824, Accuracy: 71.00%, AUC: 0.71 [VAL] Loss: 0.5860, Accuracy: 69.96%, Precision: 0.72, Recall: 0.62, F1-Score: 0.66, AUC: 0.70
Epoch [21/100] - [TRAIN] Loss: 0.5848, Accuracy: 70.61%, AUC: 0.70 [VAL] Loss: 0.5993, Accuracy: 70.04%, Precision: 0.71, Recall: 0.61, F1-Score: 0.66, AUC: 0.69
Epoch [22/100] - [TRAIN] Loss: 0.5873, Accuracy: 70.33%, AUC: 0.70 [VAL] Loss: 0.5859, Accuracy: 70.86%, Precision: 0.72, Recall: 0.62, F1-Score: 0.67, AUC: 0.70
Epoch [23/100] - [TRAIN] Loss: 0.5886, Accuracy: 70.60%, AUC: 0.70 [VAL] Loss: 0.5954, Accuracy: 69.46%, Precision: 0.70, Recall: 0.60, F1-Score: 0.65, AUC: 0.69
Epoch [24/100] - [TRAIN] Loss: 0.5870, Accuracy: 70.54%, AUC: 0.70 [VAL] Loss: 0.5871, Accuracy: 70.77%, Precision: 0.72, Recall: 0.61, F1-Score: 0.66, AUC: 0.70
Epoch [25/100] - [TRAIN] Loss: 0.5843, Accuracy: 70.89%, AUC: 0.71 [VAL] Loss: 0.5955, Accuracy: 69.64%, Precision: 0.71, Recall: 0.60, F1-Score: 0.65, AUC: 0.69
Epoch [26/100] - [TRAIN] Loss: 0.5854, Accuracy: 70.85%, AUC: 0.70 [VAL] Loss: 0.5887, Accuracy: 70.42%, Precision: 0.73, Recall: 0.62, F1-Score: 0.67, AUC: 0.70
Epoch [27/100] - [TRAIN] Loss: 0.5877, Accuracy: 70.48%, AUC: 0.70 [VAL] Loss: 0.5920, Accuracy: 70.43%, Precision: 0.72, Recall: 0.62, F1-Score: 0.66, AUC: 0.70
Epoch [28/100] - [TRAIN] Loss: 0.5878, Accuracy: 70.42%, AUC: 0.70 [VAL] Loss: 0.5835, Accuracy: 70.74%, Precision: 0.72, Recall: 0.62, F1-Score: 0.67, AUC: 0.70
Epoch [29/100] - [TRAIN] Loss: 0.5844, Accuracy: 70.69%, AUC: 0.70 [VAL] Loss: 0.5874, Accuracy: 70.18%, Precision: 0.71, Recall: 0.62, F1-Score: 0.66, AUC: 0.70
Epoch [30/100] - [TRAIN] Loss: 0.5898, Accuracy: 70.34%, AUC: 0.70 [VAL] Loss: 0.5889, Accuracy: 70.86%, Precision: 0.71, Recall: 0.63, F1-Score: 0.67, AUC: 0.70
Epoch [31/100] - [TRAIN] Loss: 0.5871, Accuracy: 70.42%, AUC: 0.70 [VAL] Loss: 0.5897, Accuracy: 70.11%, Precision: 0.72, Recall: 0.60, F1-Score: 0.66, AUC: 0.70
Epoch [32/100] - [TRAIN] Loss: 0.5859, Accuracy: 70.50%, AUC: 0.70 [VAL] Loss: 0.5798, Accuracy: 70.87%, Precision: 0.72, Recall: 0.62, F1-Score: 0.67, AUC: 0.70
Epoch [33/100] - [TRAIN] Loss: 0.5890, Accuracy: 70.17%, AUC: 0.70 [VAL] Loss: 0.5906, Accuracy: 70.45%, Precision: 0.72, Recall: 0.61, F1-Score: 0.66, AUC: 0.70
Epoch [34/100] - [TRAIN] Loss: 0.5866, Accuracy: 70.53%, AUC: 0.70 [VAL] Loss: 0.5866, Accuracy: 70.80%, Precision: 0.72, Recall: 0.61, F1-Score: 0.66, AUC: 0.70
Epoch [35/100] - [TRAIN] Loss: 0.5887, Accuracy: 70.44%, AUC: 0.70 [VAL] Loss: 0.5916, Accuracy: 70.40%, Precision: 0.72, Recall: 0.62, F1-Score: 0.66, AUC: 0.70
Epoch [36/100] - [TRAIN] Loss: 0.5866, Accuracy: 70.80%, AUC: 0.70 [VAL] Loss: 0.5845, Accuracy: 70.73%, Precision: 0.73, Recall: 0.62, F1-Score: 0.67, AUC: 0.70
Epoch [37/100] - [TRAIN] Loss: 0.5877, Accuracy: 70.41%, AUC: 0.70 [VAL] Loss: 0.5843, Accuracy: 71.03%, Precision: 0.72, Recall: 0.61, F1-Score: 0.66, AUC: 0.70
Epoch [38/100] - [TRAIN] Loss: 0.5853, Accuracy: 70.70%, AUC: 0.70 [VAL] Loss: 0.5976, Accuracy: 69.62%, Precision: 0.72, Recall: 0.60, F1-Score: 0.66, AUC: 0.69
Epoch [39/100] - [TRAIN] Loss: 0.5874, Accuracy: 70.65%, AUC: 0.70 [VAL] Loss: 0.5910, Accuracy: 70.47%, Precision: 0.72, Recall: 0.61, F1-Score: 0.66, AUC: 0.70
Epoch [40/100] - [TRAIN] Loss: 0.5854, Accuracy: 70.57%, AUC: 0.70 [VAL] Loss: 0.5861, Accuracy: 70.57%, Precision: 0.71, Recall: 0.61, F1-Score: 0.66, AUC: 0.70
Epoch [41/100] - [TRAIN] Loss: 0.5845, Accuracy: 70.61%, AUC: 0.70 [VAL] Loss: 0.5900, Accuracy: 70.65%, Precision: 0.72, Recall: 0.61, F1-Score: 0.66, AUC: 0.70
Epoch [42/100] - [TRAIN] Loss: 0.5882, Accuracy: 70.29%, AUC: 0.70 [VAL] Loss: 0.5883, Accuracy: 69.96%, Precision: 0.70, Recall: 0.61, F1-Score: 0.65, AUC: 0.69
Epoch [43/100] - [TRAIN] Loss: 0.5890, Accuracy: 70.51%, AUC: 0.70 [VAL] Loss: 0.5979, Accuracy: 69.79%, Precision: 0.71, Recall: 0.61, F1-Score: 0.66, AUC: 0.69
Epoch [44/100] - [TRAIN] Loss: 0.5867, Accuracy: 70.73%, AUC: 0.70 [VAL] Loss: 0.5866, Accuracy: 70.82%, Precision: 0.72, Recall: 0.62, F1-Score: 0.67, AUC: 0.70
Epoch [45/100] - [TRAIN] Loss: 0.5872, Accuracy: 70.63%, AUC: 0.70 [VAL] Loss: 0.5938, Accuracy: 70.19%, Precision: 0.72, Recall: 0.61, F1-Score: 0.66, AUC: 0.70
Epoch [46/100] - [TRAIN] Loss: 0.5871, Accuracy: 70.61%, AUC: 0.70 [VAL] Loss: 0.5925, Accuracy: 70.13%, Precision: 0.71, Recall: 0.61, F1-Score: 0.66, AUC: 0.70
Epoch [47/100] - [TRAIN] Loss: 0.5858, Accuracy: 70.47%, AUC: 0.70 [VAL] Loss: 0.5933, Accuracy: 69.99%, Precision: 0.71, Recall: 0.61, F1-Score: 0.65, AUC: 0.69
Epoch [48/100] - [TRAIN] Loss: 0.5850, Accuracy: 70.73%, AUC: 0.70 [VAL] Loss: 0.5834, Accuracy: 70.92%, Precision: 0.73, Recall: 0.62, F1-Score: 0.67, AUC: 0.71
Epoch [49/100] - [TRAIN] Loss: 0.5859, Accuracy: 70.80%, AUC: 0.70 [VAL] Loss: 0.5813, Accuracy: 70.77%, Precision: 0.72, Recall: 0.61, F1-Score: 0.66, AUC: 0.70
Epoch [50/100] - [TRAIN] Loss: 0.5829, Accuracy: 70.82%, AUC: 0.70 [VAL] Loss: 0.5914, Accuracy: 69.75%, Precision: 0.71, Recall: 0.61, F1-Score: 0.66, AUC: 0.69
Epoch [51/100] - [TRAIN] Loss: 0.5884, Accuracy: 70.34%, AUC: 0.70 [VAL] Loss: 0.5823, Accuracy: 70.89%, Precision: 0.73, Recall: 0.62, F1-Score: 0.67, AUC: 0.71
Epoch [52/100] - [TRAIN] Loss: 0.5884, Accuracy: 70.41%, AUC: 0.70 [VAL] Loss: 0.5858, Accuracy: 70.72%, Precision: 0.73, Recall: 0.62, F1-Score: 0.67, AUC: 0.70
Epoch [53/100] - [TRAIN] Loss: 0.5903, Accuracy: 70.29%, AUC: 0.70 [VAL] Loss: 0.5939, Accuracy: 69.81%, Precision: 0.72, Recall: 0.60, F1-Score: 0.65, AUC: 0.69
Epoch [54/100] - [TRAIN] Loss: 0.5869, Accuracy: 70.38%, AUC: 0.70 [VAL] Loss: 0.5835, Accuracy: 70.46%, Precision: 0.73, Recall: 0.62, F1-Score: 0.67, AUC: 0.70
Epoch [55/100] - [TRAIN] Loss: 0.5843, Accuracy: 70.77%, AUC: 0.70 [VAL] Loss: 0.5891, Accuracy: 70.59%, Precision: 0.73, Recall: 0.62, F1-Score: 0.67, AUC: 0.70
Epoch [56/100] - [TRAIN] Loss: 0.5860, Accuracy: 70.62%, AUC: 0.70 [VAL] Loss: 0.5925, Accuracy: 70.12%, Precision: 0.72, Recall: 0.61, F1-Score: 0.66, AUC: 0.70
Epoch [57/100] - [TRAIN] Loss: 0.5840, Accuracy: 70.80%, AUC: 0.70 [VAL] Loss: 0.5905, Accuracy: 70.12%, Precision: 0.72, Recall: 0.62, F1-Score: 0.66, AUC: 0.70
Epoch [58/100] - [TRAIN] Loss: 0.5860, Accuracy: 70.67%, AUC: 0.70 [VAL] Loss: 0.5893, Accuracy: 70.85%, Precision: 0.72, Recall: 0.61, F1-Score: 0.66, AUC: 0.70
Epoch [59/100] - [TRAIN] Loss: 0.5877, Accuracy: 70.42%, AUC: 0.70 [VAL] Loss: 0.5829, Accuracy: 71.12%, Precision: 0.73, Recall: 0.62, F1-Score: 0.67, AUC: 0.71
Epoch [60/100] - [TRAIN] Loss: 0.5852, Accuracy: 70.99%, AUC: 0.71 [VAL] Loss: 0.5875, Accuracy: 70.46%, Precision: 0.71, Recall: 0.61, F1-Score: 0.66, AUC: 0.70
Epoch [61/100] - [TRAIN] Loss: 0.5874, Accuracy: 70.82%, AUC: 0.70 [VAL] Loss: 0.5834, Accuracy: 71.10%, Precision: 0.72, Recall: 0.61, F1-Score: 0.66, AUC: 0.70
Epoch [62/100] - [TRAIN] Loss: 0.5889, Accuracy: 70.46%, AUC: 0.70 [VAL] Loss: 0.5938, Accuracy: 70.02%, Precision: 0.72, Recall: 0.61, F1-Score: 0.66, AUC: 0.70
Epoch [63/100] - [TRAIN] Loss: 0.5856, Accuracy: 70.83%, AUC: 0.70 [VAL] Loss: 0.5885, Accuracy: 69.83%, Precision: 0.71, Recall: 0.61, F1-Score: 0.66, AUC: 0.69
Epoch [64/100] - [TRAIN] Loss: 0.5859, Accuracy: 70.53%, AUC: 0.70 [VAL] Loss: 0.5883, Accuracy: 70.01%, Precision: 0.71, Recall: 0.60, F1-Score: 0.65, AUC: 0.69
Epoch [65/100] - [TRAIN] Loss: 0.5825, Accuracy: 70.72%, AUC: 0.70 [VAL] Loss: 0.5776, Accuracy: 71.36%, Precision: 0.72, Recall: 0.62, F1-Score: 0.67, AUC: 0.71
Epoch [66/100] - [TRAIN] Loss: 0.5854, Accuracy: 70.56%, AUC: 0.70 [VAL] Loss: 0.5899, Accuracy: 70.59%, Precision: 0.72, Recall: 0.61, F1-Score: 0.66, AUC: 0.70
Epoch [67/100] - [TRAIN] Loss: 0.5894, Accuracy: 70.41%, AUC: 0.70 [VAL] Loss: 0.5882, Accuracy: 71.06%, Precision: 0.73, Recall: 0.62, F1-Score: 0.67, AUC: 0.71
Epoch [68/100] - [TRAIN] Loss: 0.5869, Accuracy: 70.53%, AUC: 0.70 [VAL] Loss: 0.5885, Accuracy: 70.06%, Precision: 0.72, Recall: 0.60, F1-Score: 0.65, AUC: 0.70
Epoch [69/100] - [TRAIN] Loss: 0.5858, Accuracy: 70.52%, AUC: 0.70 [VAL] Loss: 0.5859, Accuracy: 70.83%, Precision: 0.72, Recall: 0.63, F1-Score: 0.67, AUC: 0.70
Epoch [70/100] - [TRAIN] Loss: 0.5852, Accuracy: 70.61%, AUC: 0.70 [VAL] Loss: 0.5892, Accuracy: 70.36%, Precision: 0.72, Recall: 0.60, F1-Score: 0.66, AUC: 0.70
Epoch [71/100] - [TRAIN] Loss: 0.5869, Accuracy: 70.51%, AUC: 0.70 [VAL] Loss: 0.5869, Accuracy: 70.47%, Precision: 0.72, Recall: 0.61, F1-Score: 0.66, AUC: 0.70
Epoch [72/100] - [TRAIN] Loss: 0.5856, Accuracy: 70.88%, AUC: 0.70 [VAL] Loss: 0.5885, Accuracy: 70.68%, Precision: 0.72, Recall: 0.61, F1-Score: 0.66, AUC: 0.70
Epoch [73/100] - [TRAIN] Loss: 0.5868, Accuracy: 70.68%, AUC: 0.70 [VAL] Loss: 0.5878, Accuracy: 70.54%, Precision: 0.73, Recall: 0.61, F1-Score: 0.66, AUC: 0.70
Epoch [74/100] - [TRAIN] Loss: 0.5859, Accuracy: 70.61%, AUC: 0.70 [VAL] Loss: 0.5860, Accuracy: 70.26%, Precision: 0.72, Recall: 0.61, F1-Score: 0.66, AUC: 0.70
Epoch [75/100] - [TRAIN] Loss: 0.5856, Accuracy: 70.70%, AUC: 0.70 [VAL] Loss: 0.5915, Accuracy: 70.29%, Precision: 0.72, Recall: 0.61, F1-Score: 0.66, AUC: 0.70
Epoch [76/100] - [TRAIN] Loss: 0.5846, Accuracy: 70.74%, AUC: 0.70 [VAL] Loss: 0.5859, Accuracy: 70.99%, Precision: 0.72, Recall: 0.62, F1-Score: 0.67, AUC: 0.70
Epoch [77/100] - [TRAIN] Loss: 0.5860, Accuracy: 70.75%, AUC: 0.70 [VAL] Loss: 0.5733, Accuracy: 71.21%, Precision: 0.73, Recall: 0.62, F1-Score: 0.67, AUC: 0.71
Epoch [78/100] - [TRAIN] Loss: 0.5863, Accuracy: 70.73%, AUC: 0.70 [VAL] Loss: 0.5868, Accuracy: 70.45%, Precision: 0.72, Recall: 0.61, F1-Score: 0.66, AUC: 0.70
Epoch [79/100] - [TRAIN] Loss: 0.5840, Accuracy: 70.69%, AUC: 0.70 [VAL] Loss: 0.5874, Accuracy: 70.29%, Precision: 0.72, Recall: 0.61, F1-Score: 0.66, AUC: 0.70
Epoch [80/100] - [TRAIN] Loss: 0.5859, Accuracy: 70.52%, AUC: 0.70 [VAL] Loss: 0.5864, Accuracy: 70.61%, Precision: 0.72, Recall: 0.61, F1-Score: 0.66, AUC: 0.70
Epoch [81/100] - [TRAIN] Loss: 0.5860, Accuracy: 70.70%, AUC: 0.70 [VAL] Loss: 0.5896, Accuracy: 69.95%, Precision: 0.71, Recall: 0.60, F1-Score: 0.65, AUC: 0.69
Epoch [82/100] - [TRAIN] Loss: 0.5881, Accuracy: 70.46%, AUC: 0.70 [VAL] Loss: 0.5885, Accuracy: 70.35%, Precision: 0.71, Recall: 0.61, F1-Score: 0.66, AUC: 0.70
Epoch [83/100] - [TRAIN] Loss: 0.5865, Accuracy: 70.62%, AUC: 0.70 [VAL] Loss: 0.5871, Accuracy: 70.39%, Precision: 0.71, Recall: 0.62, F1-Score: 0.66, AUC: 0.70
Epoch [84/100] - [TRAIN] Loss: 0.5888, Accuracy: 70.48%, AUC: 0.70 [VAL] Loss: 0.5882, Accuracy: 70.15%, Precision: 0.73, Recall: 0.61, F1-Score: 0.66, AUC: 0.70
Epoch [85/100] - [TRAIN] Loss: 0.5880, Accuracy: 70.45%, AUC: 0.70 [VAL] Loss: 0.5830, Accuracy: 70.51%, Precision: 0.72, Recall: 0.61, F1-Score: 0.66, AUC: 0.70
Epoch [86/100] - [TRAIN] Loss: 0.5872, Accuracy: 70.55%, AUC: 0.70 [VAL] Loss: 0.5845, Accuracy: 70.58%, Precision: 0.72, Recall: 0.62, F1-Score: 0.67, AUC: 0.70
Epoch [87/100] - [TRAIN] Loss: 0.5875, Accuracy: 70.47%, AUC: 0.70 [VAL] Loss: 0.5868, Accuracy: 70.21%, Precision: 0.72, Recall: 0.61, F1-Score: 0.66, AUC: 0.70
Epoch [88/100] - [TRAIN] Loss: 0.5855, Accuracy: 70.65%, AUC: 0.70 [VAL] Loss: 0.5921, Accuracy: 70.34%, Precision: 0.71, Recall: 0.61, F1-Score: 0.66, AUC: 0.70
Epoch [89/100] - [TRAIN] Loss: 0.5863, Accuracy: 70.59%, AUC: 0.70 [VAL] Loss: 0.5820, Accuracy: 71.13%, Precision: 0.73, Recall: 0.61, F1-Score: 0.67, AUC: 0.71
Epoch [90/100] - [TRAIN] Loss: 0.5843, Accuracy: 70.58%, AUC: 0.70 [VAL] Loss: 0.5882, Accuracy: 70.49%, Precision: 0.71, Recall: 0.61, F1-Score: 0.66, AUC: 0.70
Epoch [91/100] - [TRAIN] Loss: 0.5868, Accuracy: 70.73%, AUC: 0.70 [VAL] Loss: 0.5854, Accuracy: 70.63%, Precision: 0.72, Recall: 0.62, F1-Score: 0.67, AUC: 0.70
Epoch [92/100] - [TRAIN] Loss: 0.5850, Accuracy: 70.70%, AUC: 0.70 [VAL] Loss: 0.5837, Accuracy: 70.80%, Precision: 0.72, Recall: 0.61, F1-Score: 0.66, AUC: 0.70
Epoch [93/100] - [TRAIN] Loss: 0.5859, Accuracy: 70.69%, AUC: 0.70 [VAL] Loss: 0.5876, Accuracy: 70.48%, Precision: 0.73, Recall: 0.61, F1-Score: 0.66, AUC: 0.70
Epoch [94/100] - [TRAIN] Loss: 0.5864, Accuracy: 70.98%, AUC: 0.71 [VAL] Loss: 0.5886, Accuracy: 70.27%, Precision: 0.72, Recall: 0.61, F1-Score: 0.66, AUC: 0.70
Epoch [95/100] - [TRAIN] Loss: 0.5854, Accuracy: 70.79%, AUC: 0.70 [VAL] Loss: 0.5890, Accuracy: 69.95%, Precision: 0.72, Recall: 0.60, F1-Score: 0.66, AUC: 0.69
Epoch [96/100] - [TRAIN] Loss: 0.5875, Accuracy: 70.60%, AUC: 0.70 [VAL] Loss: 0.5901, Accuracy: 70.55%, Precision: 0.73, Recall: 0.61, F1-Score: 0.66, AUC: 0.70
Epoch [97/100] - [TRAIN] Loss: 0.5861, Accuracy: 70.67%, AUC: 0.70 [VAL] Loss: 0.5878, Accuracy: 70.33%, Precision: 0.72, Recall: 0.61, F1-Score: 0.66, AUC: 0.70
Epoch [98/100] - [TRAIN] Loss: 0.5833, Accuracy: 70.88%, AUC: 0.70 [VAL] Loss: 0.5907, Accuracy: 70.08%, Precision: 0.72, Recall: 0.61, F1-Score: 0.66, AUC: 0.70
Epoch [99/100] - [TRAIN] Loss: 0.5883, Accuracy: 70.24%, AUC: 0.70 [VAL] Loss: 0.5865, Accuracy: 70.49%, Precision: 0.73, Recall: 0.61, F1-Score: 0.67, AUC: 0.70
Epoch [100/100] - [TRAIN] Loss: 0.5864, Accuracy: 70.57%, AUC: 0.70 [VAL] Loss: 0.5856, Accuracy: 70.23%, Precision: 0.71, Recall: 0.61, F1-Score: 0.65, AUC: 0.70
Accuracy Score on test set: 70.21 %
    AUC Score on test set: 0.70
    Precision: 0.7206
    Recall: 0.6125
    F1-Score: 0.6621

    Detailed Classification Report:
                  precision    recall  f1-score   support

           0       0.69      0.78      0.73      5234
           1       0.72      0.61      0.66      4766

    accuracy                           0.70     10000
   macro avg       0.71      0.70      0.70     10000
weighted avg       0.70      0.70      0.70     10000


    Confusion Matrix:
    [[4102 1132]
 [1847 2919]]
    
024-H3K9me3-H3K27ac-H3K27me3
Epoch [1/100] - [TRAIN] Loss: 0.6471, Accuracy: 65.47%, AUC: 0.66 [VAL] Loss: 0.6212, Accuracy: 67.15%, Precision: 0.64, Recall: 0.72, F1-Score: 0.68, AUC: 0.67
Epoch [2/100] - [TRAIN] Loss: 0.6230, Accuracy: 68.31%, AUC: 0.68 [VAL] Loss: 0.6067, Accuracy: 69.48%, Precision: 0.67, Recall: 0.71, F1-Score: 0.69, AUC: 0.70
Epoch [3/100] - [TRAIN] Loss: 0.6139, Accuracy: 69.06%, AUC: 0.69 [VAL] Loss: 0.6116, Accuracy: 69.55%, Precision: 0.69, Recall: 0.65, F1-Score: 0.67, AUC: 0.69
Epoch [4/100] - [TRAIN] Loss: 0.6077, Accuracy: 69.67%, AUC: 0.69 [VAL] Loss: 0.6092, Accuracy: 69.58%, Precision: 0.69, Recall: 0.63, F1-Score: 0.66, AUC: 0.69
Epoch [5/100] - [TRAIN] Loss: 0.6045, Accuracy: 70.02%, AUC: 0.70 [VAL] Loss: 0.6066, Accuracy: 69.74%, Precision: 0.70, Recall: 0.61, F1-Score: 0.65, AUC: 0.69
Epoch [6/100] - [TRAIN] Loss: 0.6026, Accuracy: 70.04%, AUC: 0.70 [VAL] Loss: 0.5999, Accuracy: 69.61%, Precision: 0.72, Recall: 0.59, F1-Score: 0.65, AUC: 0.69
Epoch [7/100] - [TRAIN] Loss: 0.6013, Accuracy: 70.08%, AUC: 0.70 [VAL] Loss: 0.6100, Accuracy: 69.46%, Precision: 0.71, Recall: 0.59, F1-Score: 0.64, AUC: 0.69
Epoch [8/100] - [TRAIN] Loss: 0.5992, Accuracy: 70.20%, AUC: 0.70 [VAL] Loss: 0.5941, Accuracy: 70.47%, Precision: 0.73, Recall: 0.59, F1-Score: 0.65, AUC: 0.70
Epoch [9/100] - [TRAIN] Loss: 0.5972, Accuracy: 70.47%, AUC: 0.70 [VAL] Loss: 0.6023, Accuracy: 69.20%, Precision: 0.72, Recall: 0.59, F1-Score: 0.65, AUC: 0.69
Epoch [10/100] - [TRAIN] Loss: 0.5976, Accuracy: 70.26%, AUC: 0.70 [VAL] Loss: 0.6037, Accuracy: 69.92%, Precision: 0.72, Recall: 0.58, F1-Score: 0.64, AUC: 0.69
Epoch [11/100] - [TRAIN] Loss: 0.5979, Accuracy: 70.09%, AUC: 0.70 [VAL] Loss: 0.5930, Accuracy: 70.73%, Precision: 0.73, Recall: 0.60, F1-Score: 0.66, AUC: 0.70
Epoch [12/100] - [TRAIN] Loss: 0.5973, Accuracy: 70.26%, AUC: 0.70 [VAL] Loss: 0.5966, Accuracy: 70.23%, Precision: 0.72, Recall: 0.60, F1-Score: 0.66, AUC: 0.70
Epoch [13/100] - [TRAIN] Loss: 0.5966, Accuracy: 70.27%, AUC: 0.70 [VAL] Loss: 0.5914, Accuracy: 70.44%, Precision: 0.72, Recall: 0.60, F1-Score: 0.66, AUC: 0.70
Epoch [14/100] - [TRAIN] Loss: 0.5964, Accuracy: 70.04%, AUC: 0.70 [VAL] Loss: 0.6018, Accuracy: 70.02%, Precision: 0.74, Recall: 0.58, F1-Score: 0.65, AUC: 0.70
Epoch [15/100] - [TRAIN] Loss: 0.5966, Accuracy: 70.05%, AUC: 0.70 [VAL] Loss: 0.5964, Accuracy: 70.44%, Precision: 0.73, Recall: 0.57, F1-Score: 0.64, AUC: 0.70
Epoch [16/100] - [TRAIN] Loss: 0.5932, Accuracy: 70.25%, AUC: 0.70 [VAL] Loss: 0.5939, Accuracy: 69.96%, Precision: 0.72, Recall: 0.59, F1-Score: 0.65, AUC: 0.69
Epoch [17/100] - [TRAIN] Loss: 0.5939, Accuracy: 70.31%, AUC: 0.70 [VAL] Loss: 0.5921, Accuracy: 69.76%, Precision: 0.73, Recall: 0.58, F1-Score: 0.64, AUC: 0.69
Epoch [18/100] - [TRAIN] Loss: 0.5944, Accuracy: 70.21%, AUC: 0.70 [VAL] Loss: 0.5895, Accuracy: 70.21%, Precision: 0.72, Recall: 0.61, F1-Score: 0.66, AUC: 0.70
Epoch [19/100] - [TRAIN] Loss: 0.5940, Accuracy: 70.27%, AUC: 0.70 [VAL] Loss: 0.5906, Accuracy: 70.53%, Precision: 0.74, Recall: 0.58, F1-Score: 0.65, AUC: 0.70
Epoch [20/100] - [TRAIN] Loss: 0.5917, Accuracy: 70.28%, AUC: 0.70 [VAL] Loss: 0.5947, Accuracy: 70.14%, Precision: 0.72, Recall: 0.59, F1-Score: 0.65, AUC: 0.69
Epoch [21/100] - [TRAIN] Loss: 0.5915, Accuracy: 70.36%, AUC: 0.70 [VAL] Loss: 0.5897, Accuracy: 70.43%, Precision: 0.73, Recall: 0.60, F1-Score: 0.66, AUC: 0.70
Epoch [22/100] - [TRAIN] Loss: 0.5882, Accuracy: 70.66%, AUC: 0.70 [VAL] Loss: 0.5917, Accuracy: 70.55%, Precision: 0.72, Recall: 0.59, F1-Score: 0.65, AUC: 0.70
Epoch [23/100] - [TRAIN] Loss: 0.5921, Accuracy: 70.22%, AUC: 0.70 [VAL] Loss: 0.5818, Accuracy: 70.96%, Precision: 0.73, Recall: 0.60, F1-Score: 0.66, AUC: 0.70
Epoch [24/100] - [TRAIN] Loss: 0.5897, Accuracy: 70.45%, AUC: 0.70 [VAL] Loss: 0.5884, Accuracy: 70.83%, Precision: 0.74, Recall: 0.60, F1-Score: 0.66, AUC: 0.70
Epoch [25/100] - [TRAIN] Loss: 0.5886, Accuracy: 70.49%, AUC: 0.70 [VAL] Loss: 0.5872, Accuracy: 70.33%, Precision: 0.73, Recall: 0.60, F1-Score: 0.66, AUC: 0.70
Epoch [26/100] - [TRAIN] Loss: 0.5874, Accuracy: 70.61%, AUC: 0.70 [VAL] Loss: 0.5946, Accuracy: 70.52%, Precision: 0.73, Recall: 0.60, F1-Score: 0.66, AUC: 0.70
Epoch [27/100] - [TRAIN] Loss: 0.5860, Accuracy: 70.63%, AUC: 0.70 [VAL] Loss: 0.5867, Accuracy: 71.04%, Precision: 0.72, Recall: 0.60, F1-Score: 0.66, AUC: 0.70
Epoch [28/100] - [TRAIN] Loss: 0.5860, Accuracy: 70.59%, AUC: 0.70 [VAL] Loss: 0.5786, Accuracy: 71.18%, Precision: 0.73, Recall: 0.61, F1-Score: 0.66, AUC: 0.71
Epoch [29/100] - [TRAIN] Loss: 0.5862, Accuracy: 70.51%, AUC: 0.70 [VAL] Loss: 0.5885, Accuracy: 70.39%, Precision: 0.73, Recall: 0.60, F1-Score: 0.66, AUC: 0.70
Epoch [30/100] - [TRAIN] Loss: 0.5876, Accuracy: 70.28%, AUC: 0.70 [VAL] Loss: 0.5835, Accuracy: 70.89%, Precision: 0.73, Recall: 0.60, F1-Score: 0.66, AUC: 0.70
Epoch [31/100] - [TRAIN] Loss: 0.5873, Accuracy: 70.40%, AUC: 0.70 [VAL] Loss: 0.5935, Accuracy: 70.11%, Precision: 0.72, Recall: 0.60, F1-Score: 0.65, AUC: 0.70
Epoch [32/100] - [TRAIN] Loss: 0.5855, Accuracy: 70.55%, AUC: 0.70 [VAL] Loss: 0.5845, Accuracy: 70.78%, Precision: 0.73, Recall: 0.60, F1-Score: 0.66, AUC: 0.70
Epoch [33/100] - [TRAIN] Loss: 0.5858, Accuracy: 70.52%, AUC: 0.70 [VAL] Loss: 0.5917, Accuracy: 70.12%, Precision: 0.72, Recall: 0.59, F1-Score: 0.65, AUC: 0.69
Epoch [34/100] - [TRAIN] Loss: 0.5853, Accuracy: 70.44%, AUC: 0.70 [VAL] Loss: 0.5844, Accuracy: 70.63%, Precision: 0.73, Recall: 0.61, F1-Score: 0.66, AUC: 0.70
Epoch [35/100] - [TRAIN] Loss: 0.5828, Accuracy: 70.60%, AUC: 0.70 [VAL] Loss: 0.5872, Accuracy: 70.01%, Precision: 0.72, Recall: 0.59, F1-Score: 0.65, AUC: 0.69
Epoch [36/100] - [TRAIN] Loss: 0.5842, Accuracy: 70.32%, AUC: 0.70 [VAL] Loss: 0.5809, Accuracy: 70.77%, Precision: 0.72, Recall: 0.60, F1-Score: 0.65, AUC: 0.70
Epoch [37/100] - [TRAIN] Loss: 0.5860, Accuracy: 70.56%, AUC: 0.70 [VAL] Loss: 0.5869, Accuracy: 70.67%, Precision: 0.73, Recall: 0.59, F1-Score: 0.65, AUC: 0.70
Epoch [38/100] - [TRAIN] Loss: 0.5842, Accuracy: 70.54%, AUC: 0.70 [VAL] Loss: 0.5858, Accuracy: 69.95%, Precision: 0.73, Recall: 0.59, F1-Score: 0.65, AUC: 0.69
Epoch [39/100] - [TRAIN] Loss: 0.5862, Accuracy: 70.25%, AUC: 0.70 [VAL] Loss: 0.5898, Accuracy: 69.76%, Precision: 0.72, Recall: 0.58, F1-Score: 0.65, AUC: 0.69
Epoch [40/100] - [TRAIN] Loss: 0.5877, Accuracy: 70.28%, AUC: 0.70 [VAL] Loss: 0.5928, Accuracy: 69.96%, Precision: 0.72, Recall: 0.59, F1-Score: 0.65, AUC: 0.69
Epoch [41/100] - [TRAIN] Loss: 0.5860, Accuracy: 70.51%, AUC: 0.70 [VAL] Loss: 0.5867, Accuracy: 70.33%, Precision: 0.72, Recall: 0.60, F1-Score: 0.65, AUC: 0.70
Epoch [42/100] - [TRAIN] Loss: 0.5849, Accuracy: 70.52%, AUC: 0.70 [VAL] Loss: 0.5930, Accuracy: 69.97%, Precision: 0.73, Recall: 0.59, F1-Score: 0.65, AUC: 0.69
Epoch [43/100] - [TRAIN] Loss: 0.5867, Accuracy: 70.38%, AUC: 0.70 [VAL] Loss: 0.5902, Accuracy: 69.88%, Precision: 0.73, Recall: 0.59, F1-Score: 0.65, AUC: 0.69
Epoch [44/100] - [TRAIN] Loss: 0.5845, Accuracy: 70.56%, AUC: 0.70 [VAL] Loss: 0.5865, Accuracy: 70.42%, Precision: 0.73, Recall: 0.60, F1-Score: 0.65, AUC: 0.70
Epoch [45/100] - [TRAIN] Loss: 0.5823, Accuracy: 70.69%, AUC: 0.70 [VAL] Loss: 0.5858, Accuracy: 70.39%, Precision: 0.72, Recall: 0.59, F1-Score: 0.65, AUC: 0.70
Epoch [46/100] - [TRAIN] Loss: 0.5859, Accuracy: 70.27%, AUC: 0.70 [VAL] Loss: 0.5877, Accuracy: 70.84%, Precision: 0.73, Recall: 0.61, F1-Score: 0.66, AUC: 0.70
Epoch [47/100] - [TRAIN] Loss: 0.5881, Accuracy: 70.33%, AUC: 0.70 [VAL] Loss: 0.5875, Accuracy: 70.53%, Precision: 0.72, Recall: 0.59, F1-Score: 0.65, AUC: 0.70
Epoch [48/100] - [TRAIN] Loss: 0.5828, Accuracy: 70.39%, AUC: 0.70 [VAL] Loss: 0.5838, Accuracy: 71.27%, Precision: 0.73, Recall: 0.61, F1-Score: 0.67, AUC: 0.71
Epoch [49/100] - [TRAIN] Loss: 0.5862, Accuracy: 70.40%, AUC: 0.70 [VAL] Loss: 0.5860, Accuracy: 70.78%, Precision: 0.73, Recall: 0.60, F1-Score: 0.66, AUC: 0.70
Epoch [50/100] - [TRAIN] Loss: 0.5858, Accuracy: 70.53%, AUC: 0.70 [VAL] Loss: 0.5915, Accuracy: 70.05%, Precision: 0.73, Recall: 0.60, F1-Score: 0.66, AUC: 0.70
Epoch [51/100] - [TRAIN] Loss: 0.5838, Accuracy: 70.56%, AUC: 0.70 [VAL] Loss: 0.5794, Accuracy: 69.99%, Precision: 0.72, Recall: 0.59, F1-Score: 0.65, AUC: 0.69
Epoch [52/100] - [TRAIN] Loss: 0.5859, Accuracy: 70.49%, AUC: 0.70 [VAL] Loss: 0.5797, Accuracy: 70.68%, Precision: 0.73, Recall: 0.60, F1-Score: 0.66, AUC: 0.70
Epoch [53/100] - [TRAIN] Loss: 0.5838, Accuracy: 70.57%, AUC: 0.70 [VAL] Loss: 0.5876, Accuracy: 70.06%, Precision: 0.72, Recall: 0.59, F1-Score: 0.65, AUC: 0.69
Epoch [54/100] - [TRAIN] Loss: 0.5855, Accuracy: 70.55%, AUC: 0.70 [VAL] Loss: 0.5882, Accuracy: 70.09%, Precision: 0.74, Recall: 0.59, F1-Score: 0.66, AUC: 0.70
Epoch [55/100] - [TRAIN] Loss: 0.5850, Accuracy: 70.61%, AUC: 0.70 [VAL] Loss: 0.5905, Accuracy: 69.73%, Precision: 0.72, Recall: 0.60, F1-Score: 0.65, AUC: 0.69
Epoch [56/100] - [TRAIN] Loss: 0.5861, Accuracy: 70.41%, AUC: 0.70 [VAL] Loss: 0.5851, Accuracy: 70.38%, Precision: 0.73, Recall: 0.60, F1-Score: 0.66, AUC: 0.70
Epoch [57/100] - [TRAIN] Loss: 0.5849, Accuracy: 70.33%, AUC: 0.70 [VAL] Loss: 0.5852, Accuracy: 70.24%, Precision: 0.72, Recall: 0.60, F1-Score: 0.65, AUC: 0.70
Epoch [58/100] - [TRAIN] Loss: 0.5834, Accuracy: 70.74%, AUC: 0.70 [VAL] Loss: 0.5913, Accuracy: 69.72%, Precision: 0.72, Recall: 0.59, F1-Score: 0.65, AUC: 0.69
Epoch [59/100] - [TRAIN] Loss: 0.5835, Accuracy: 70.67%, AUC: 0.70 [VAL] Loss: 0.5920, Accuracy: 69.93%, Precision: 0.72, Recall: 0.59, F1-Score: 0.65, AUC: 0.69
Epoch [60/100] - [TRAIN] Loss: 0.5845, Accuracy: 70.49%, AUC: 0.70 [VAL] Loss: 0.5886, Accuracy: 70.28%, Precision: 0.73, Recall: 0.60, F1-Score: 0.66, AUC: 0.70
Epoch [61/100] - [TRAIN] Loss: 0.5843, Accuracy: 70.45%, AUC: 0.70 [VAL] Loss: 0.5840, Accuracy: 71.08%, Precision: 0.72, Recall: 0.61, F1-Score: 0.66, AUC: 0.70
Epoch [62/100] - [TRAIN] Loss: 0.5883, Accuracy: 70.19%, AUC: 0.70 [VAL] Loss: 0.5801, Accuracy: 70.34%, Precision: 0.72, Recall: 0.60, F1-Score: 0.66, AUC: 0.70
Epoch [63/100] - [TRAIN] Loss: 0.5843, Accuracy: 70.70%, AUC: 0.70 [VAL] Loss: 0.5882, Accuracy: 70.31%, Precision: 0.73, Recall: 0.60, F1-Score: 0.65, AUC: 0.70
Epoch [64/100] - [TRAIN] Loss: 0.5875, Accuracy: 70.45%, AUC: 0.70 [VAL] Loss: 0.5843, Accuracy: 70.83%, Precision: 0.73, Recall: 0.61, F1-Score: 0.67, AUC: 0.70
Epoch [65/100] - [TRAIN] Loss: 0.5873, Accuracy: 70.28%, AUC: 0.70 [VAL] Loss: 0.5896, Accuracy: 69.75%, Precision: 0.73, Recall: 0.58, F1-Score: 0.64, AUC: 0.69
Epoch [66/100] - [TRAIN] Loss: 0.5862, Accuracy: 70.60%, AUC: 0.70 [VAL] Loss: 0.5823, Accuracy: 70.42%, Precision: 0.73, Recall: 0.61, F1-Score: 0.66, AUC: 0.70
Epoch [67/100] - [TRAIN] Loss: 0.5857, Accuracy: 70.56%, AUC: 0.70 [VAL] Loss: 0.5864, Accuracy: 70.99%, Precision: 0.73, Recall: 0.60, F1-Score: 0.66, AUC: 0.70
Epoch [68/100] - [TRAIN] Loss: 0.5865, Accuracy: 70.65%, AUC: 0.70 [VAL] Loss: 0.5908, Accuracy: 70.04%, Precision: 0.71, Recall: 0.59, F1-Score: 0.65, AUC: 0.69
Epoch [69/100] - [TRAIN] Loss: 0.5842, Accuracy: 70.72%, AUC: 0.70 [VAL] Loss: 0.5874, Accuracy: 70.51%, Precision: 0.73, Recall: 0.60, F1-Score: 0.66, AUC: 0.70
Epoch [70/100] - [TRAIN] Loss: 0.5848, Accuracy: 70.72%, AUC: 0.70 [VAL] Loss: 0.5815, Accuracy: 70.41%, Precision: 0.72, Recall: 0.60, F1-Score: 0.66, AUC: 0.70
Epoch [71/100] - [TRAIN] Loss: 0.5853, Accuracy: 70.28%, AUC: 0.70 [VAL] Loss: 0.5851, Accuracy: 70.50%, Precision: 0.73, Recall: 0.60, F1-Score: 0.66, AUC: 0.70
Epoch [72/100] - [TRAIN] Loss: 0.5858, Accuracy: 70.30%, AUC: 0.70 [VAL] Loss: 0.5926, Accuracy: 70.32%, Precision: 0.73, Recall: 0.61, F1-Score: 0.66, AUC: 0.70
Epoch [73/100] - [TRAIN] Loss: 0.5886, Accuracy: 70.16%, AUC: 0.70 [VAL] Loss: 0.5933, Accuracy: 69.67%, Precision: 0.73, Recall: 0.58, F1-Score: 0.65, AUC: 0.69
Epoch [74/100] - [TRAIN] Loss: 0.5854, Accuracy: 70.62%, AUC: 0.70 [VAL] Loss: 0.5899, Accuracy: 69.93%, Precision: 0.71, Recall: 0.59, F1-Score: 0.65, AUC: 0.69
Epoch [75/100] - [TRAIN] Loss: 0.5868, Accuracy: 70.33%, AUC: 0.70 [VAL] Loss: 0.5877, Accuracy: 70.07%, Precision: 0.73, Recall: 0.58, F1-Score: 0.65, AUC: 0.69
Epoch [76/100] - [TRAIN] Loss: 0.5835, Accuracy: 70.71%, AUC: 0.70 [VAL] Loss: 0.5798, Accuracy: 70.92%, Precision: 0.74, Recall: 0.59, F1-Score: 0.66, AUC: 0.70
Epoch [77/100] - [TRAIN] Loss: 0.5851, Accuracy: 70.42%, AUC: 0.70 [VAL] Loss: 0.5881, Accuracy: 69.36%, Precision: 0.73, Recall: 0.58, F1-Score: 0.65, AUC: 0.69
Epoch [78/100] - [TRAIN] Loss: 0.5848, Accuracy: 70.54%, AUC: 0.70 [VAL] Loss: 0.5850, Accuracy: 69.89%, Precision: 0.71, Recall: 0.59, F1-Score: 0.65, AUC: 0.69
Epoch [79/100] - [TRAIN] Loss: 0.5820, Accuracy: 70.84%, AUC: 0.70 [VAL] Loss: 0.5850, Accuracy: 70.79%, Precision: 0.72, Recall: 0.60, F1-Score: 0.66, AUC: 0.70
Epoch [80/100] - [TRAIN] Loss: 0.5835, Accuracy: 70.71%, AUC: 0.70 [VAL] Loss: 0.5914, Accuracy: 70.35%, Precision: 0.73, Recall: 0.60, F1-Score: 0.66, AUC: 0.70
Epoch [81/100] - [TRAIN] Loss: 0.5852, Accuracy: 70.58%, AUC: 0.70 [VAL] Loss: 0.5818, Accuracy: 70.48%, Precision: 0.74, Recall: 0.60, F1-Score: 0.66, AUC: 0.70
Epoch [82/100] - [TRAIN] Loss: 0.5878, Accuracy: 70.36%, AUC: 0.70 [VAL] Loss: 0.5916, Accuracy: 70.12%, Precision: 0.72, Recall: 0.59, F1-Score: 0.65, AUC: 0.69
Epoch [83/100] - [TRAIN] Loss: 0.5868, Accuracy: 70.37%, AUC: 0.70 [VAL] Loss: 0.5888, Accuracy: 70.50%, Precision: 0.73, Recall: 0.60, F1-Score: 0.66, AUC: 0.70
Epoch [84/100] - [TRAIN] Loss: 0.5858, Accuracy: 70.69%, AUC: 0.70 [VAL] Loss: 0.5891, Accuracy: 70.09%, Precision: 0.72, Recall: 0.60, F1-Score: 0.65, AUC: 0.70
Epoch [85/100] - [TRAIN] Loss: 0.5844, Accuracy: 70.56%, AUC: 0.70 [VAL] Loss: 0.5931, Accuracy: 69.94%, Precision: 0.73, Recall: 0.60, F1-Score: 0.66, AUC: 0.70
Epoch [86/100] - [TRAIN] Loss: 0.5857, Accuracy: 70.50%, AUC: 0.70 [VAL] Loss: 0.5834, Accuracy: 70.59%, Precision: 0.73, Recall: 0.60, F1-Score: 0.66, AUC: 0.70
Epoch [87/100] - [TRAIN] Loss: 0.5862, Accuracy: 70.48%, AUC: 0.70 [VAL] Loss: 0.5788, Accuracy: 70.62%, Precision: 0.73, Recall: 0.60, F1-Score: 0.66, AUC: 0.70
Epoch [88/100] - [TRAIN] Loss: 0.5851, Accuracy: 70.48%, AUC: 0.70 [VAL] Loss: 0.5806, Accuracy: 70.98%, Precision: 0.73, Recall: 0.61, F1-Score: 0.66, AUC: 0.70
Epoch [89/100] - [TRAIN] Loss: 0.5824, Accuracy: 70.76%, AUC: 0.70 [VAL] Loss: 0.5826, Accuracy: 71.08%, Precision: 0.73, Recall: 0.60, F1-Score: 0.66, AUC: 0.70
Epoch [90/100] - [TRAIN] Loss: 0.5845, Accuracy: 70.59%, AUC: 0.70 [VAL] Loss: 0.5837, Accuracy: 70.83%, Precision: 0.73, Recall: 0.60, F1-Score: 0.66, AUC: 0.70
Epoch [91/100] - [TRAIN] Loss: 0.5857, Accuracy: 70.47%, AUC: 0.70 [VAL] Loss: 0.5781, Accuracy: 71.30%, Precision: 0.73, Recall: 0.60, F1-Score: 0.66, AUC: 0.71
Epoch [92/100] - [TRAIN] Loss: 0.5845, Accuracy: 70.55%, AUC: 0.70 [VAL] Loss: 0.5892, Accuracy: 70.09%, Precision: 0.72, Recall: 0.60, F1-Score: 0.65, AUC: 0.69
Epoch [93/100] - [TRAIN] Loss: 0.5856, Accuracy: 70.54%, AUC: 0.70 [VAL] Loss: 0.5885, Accuracy: 69.75%, Precision: 0.73, Recall: 0.58, F1-Score: 0.65, AUC: 0.69
Epoch [94/100] - [TRAIN] Loss: 0.5827, Accuracy: 70.57%, AUC: 0.70 [VAL] Loss: 0.5850, Accuracy: 70.58%, Precision: 0.73, Recall: 0.60, F1-Score: 0.66, AUC: 0.70
Epoch [95/100] - [TRAIN] Loss: 0.5840, Accuracy: 70.56%, AUC: 0.70 [VAL] Loss: 0.5859, Accuracy: 70.44%, Precision: 0.73, Recall: 0.60, F1-Score: 0.66, AUC: 0.70
Epoch [96/100] - [TRAIN] Loss: 0.5868, Accuracy: 70.51%, AUC: 0.70 [VAL] Loss: 0.5892, Accuracy: 70.58%, Precision: 0.73, Recall: 0.60, F1-Score: 0.66, AUC: 0.70
Epoch [97/100] - [TRAIN] Loss: 0.5876, Accuracy: 70.61%, AUC: 0.70 [VAL] Loss: 0.5787, Accuracy: 70.80%, Precision: 0.72, Recall: 0.60, F1-Score: 0.66, AUC: 0.70
Epoch [98/100] - [TRAIN] Loss: 0.5864, Accuracy: 70.47%, AUC: 0.70 [VAL] Loss: 0.5810, Accuracy: 70.75%, Precision: 0.73, Recall: 0.60, F1-Score: 0.66, AUC: 0.70
Epoch [99/100] - [TRAIN] Loss: 0.5837, Accuracy: 70.73%, AUC: 0.70 [VAL] Loss: 0.5880, Accuracy: 70.43%, Precision: 0.72, Recall: 0.60, F1-Score: 0.66, AUC: 0.70
Epoch [100/100] - [TRAIN] Loss: 0.5835, Accuracy: 70.72%, AUC: 0.70 [VAL] Loss: 0.5932, Accuracy: 69.72%, Precision: 0.73, Recall: 0.59, F1-Score: 0.65, AUC: 0.69
Accuracy Score on test set: 70.27 %
    AUC Score on test set: 0.70
    Precision: 0.7245
    Recall: 0.5947
    F1-Score: 0.6532

    Detailed Classification Report:
                  precision    recall  f1-score   support

           0       0.69      0.80      0.74      5292
           1       0.72      0.59      0.65      4708

    accuracy                           0.70     10000
   macro avg       0.71      0.70      0.70     10000
weighted avg       0.71      0.70      0.70     10000


    Confusion Matrix:
    [[4227 1065]
 [1908 2800]]
    
Batch FINISHED!!!

Real-time duration: 8975.527486698 seconds
