Using device: cuda
Current CUDA device: 0
CUDA device name: Tesla V100-PCIE-16GB
010-H3K9ac-H3K27ac
Epoch [1/100] - [TRAIN] Loss: 0.6482, Accuracy: 65.84%, AUC: 0.66 [VAL] Loss: 0.6287, Accuracy: 67.78%, Precision: 0.62, Recall: 0.76, F1-Score: 0.68, AUC: 0.68
Epoch [2/100] - [TRAIN] Loss: 0.6234, Accuracy: 68.99%, AUC: 0.69 [VAL] Loss: 0.6236, Accuracy: 69.65%, Precision: 0.68, Recall: 0.67, F1-Score: 0.67, AUC: 0.69
Epoch [3/100] - [TRAIN] Loss: 0.6159, Accuracy: 69.97%, AUC: 0.70 [VAL] Loss: 0.6129, Accuracy: 70.29%, Precision: 0.70, Recall: 0.66, F1-Score: 0.68, AUC: 0.70
Epoch [4/100] - [TRAIN] Loss: 0.6121, Accuracy: 70.17%, AUC: 0.70 [VAL] Loss: 0.6117, Accuracy: 69.82%, Precision: 0.69, Recall: 0.64, F1-Score: 0.66, AUC: 0.69
Epoch [5/100] - [TRAIN] Loss: 0.6093, Accuracy: 70.13%, AUC: 0.70 [VAL] Loss: 0.6101, Accuracy: 69.90%, Precision: 0.70, Recall: 0.62, F1-Score: 0.66, AUC: 0.69
Epoch [6/100] - [TRAIN] Loss: 0.6066, Accuracy: 70.16%, AUC: 0.70 [VAL] Loss: 0.6004, Accuracy: 70.94%, Precision: 0.71, Recall: 0.63, F1-Score: 0.67, AUC: 0.70
Epoch [7/100] - [TRAIN] Loss: 0.6048, Accuracy: 70.44%, AUC: 0.70 [VAL] Loss: 0.6045, Accuracy: 70.41%, Precision: 0.72, Recall: 0.62, F1-Score: 0.66, AUC: 0.70
Epoch [8/100] - [TRAIN] Loss: 0.6036, Accuracy: 70.08%, AUC: 0.70 [VAL] Loss: 0.6001, Accuracy: 70.31%, Precision: 0.71, Recall: 0.62, F1-Score: 0.66, AUC: 0.70
Epoch [9/100] - [TRAIN] Loss: 0.6024, Accuracy: 70.25%, AUC: 0.70 [VAL] Loss: 0.6022, Accuracy: 70.19%, Precision: 0.72, Recall: 0.61, F1-Score: 0.66, AUC: 0.70
Epoch [10/100] - [TRAIN] Loss: 0.6011, Accuracy: 70.43%, AUC: 0.70 [VAL] Loss: 0.5990, Accuracy: 70.19%, Precision: 0.70, Recall: 0.62, F1-Score: 0.65, AUC: 0.70
Epoch [11/100] - [TRAIN] Loss: 0.6014, Accuracy: 70.17%, AUC: 0.70 [VAL] Loss: 0.5990, Accuracy: 70.61%, Precision: 0.72, Recall: 0.61, F1-Score: 0.66, AUC: 0.70
Epoch [12/100] - [TRAIN] Loss: 0.5995, Accuracy: 70.32%, AUC: 0.70 [VAL] Loss: 0.6018, Accuracy: 70.66%, Precision: 0.72, Recall: 0.62, F1-Score: 0.67, AUC: 0.70
Epoch [13/100] - [TRAIN] Loss: 0.5983, Accuracy: 70.33%, AUC: 0.70 [VAL] Loss: 0.5962, Accuracy: 70.08%, Precision: 0.71, Recall: 0.62, F1-Score: 0.66, AUC: 0.70
Epoch [14/100] - [TRAIN] Loss: 0.5989, Accuracy: 70.44%, AUC: 0.70 [VAL] Loss: 0.6087, Accuracy: 68.93%, Precision: 0.71, Recall: 0.60, F1-Score: 0.65, AUC: 0.69
Epoch [15/100] - [TRAIN] Loss: 0.5979, Accuracy: 70.31%, AUC: 0.70 [VAL] Loss: 0.5966, Accuracy: 70.19%, Precision: 0.70, Recall: 0.61, F1-Score: 0.66, AUC: 0.70
Epoch [16/100] - [TRAIN] Loss: 0.5959, Accuracy: 70.40%, AUC: 0.70 [VAL] Loss: 0.6042, Accuracy: 69.66%, Precision: 0.71, Recall: 0.61, F1-Score: 0.65, AUC: 0.69
Epoch [17/100] - [TRAIN] Loss: 0.5949, Accuracy: 70.27%, AUC: 0.70 [VAL] Loss: 0.6030, Accuracy: 70.05%, Precision: 0.72, Recall: 0.60, F1-Score: 0.65, AUC: 0.70
Epoch [18/100] - [TRAIN] Loss: 0.5968, Accuracy: 70.21%, AUC: 0.70 [VAL] Loss: 0.5950, Accuracy: 70.54%, Precision: 0.73, Recall: 0.60, F1-Score: 0.66, AUC: 0.70
Epoch [19/100] - [TRAIN] Loss: 0.5936, Accuracy: 70.30%, AUC: 0.70 [VAL] Loss: 0.5942, Accuracy: 70.57%, Precision: 0.72, Recall: 0.62, F1-Score: 0.67, AUC: 0.70
Epoch [20/100] - [TRAIN] Loss: 0.5941, Accuracy: 70.50%, AUC: 0.70 [VAL] Loss: 0.5980, Accuracy: 70.55%, Precision: 0.70, Recall: 0.62, F1-Score: 0.66, AUC: 0.70
Epoch [21/100] - [TRAIN] Loss: 0.5964, Accuracy: 70.28%, AUC: 0.70 [VAL] Loss: 0.5968, Accuracy: 70.04%, Precision: 0.72, Recall: 0.61, F1-Score: 0.66, AUC: 0.70
Epoch [22/100] - [TRAIN] Loss: 0.5924, Accuracy: 70.57%, AUC: 0.70 [VAL] Loss: 0.6019, Accuracy: 69.32%, Precision: 0.70, Recall: 0.61, F1-Score: 0.65, AUC: 0.69
Epoch [23/100] - [TRAIN] Loss: 0.5916, Accuracy: 70.51%, AUC: 0.70 [VAL] Loss: 0.5917, Accuracy: 70.41%, Precision: 0.71, Recall: 0.61, F1-Score: 0.66, AUC: 0.70
Epoch [24/100] - [TRAIN] Loss: 0.5920, Accuracy: 70.49%, AUC: 0.70 [VAL] Loss: 0.5941, Accuracy: 70.23%, Precision: 0.72, Recall: 0.62, F1-Score: 0.67, AUC: 0.70
Epoch [25/100] - [TRAIN] Loss: 0.5910, Accuracy: 70.57%, AUC: 0.70 [VAL] Loss: 0.5898, Accuracy: 70.75%, Precision: 0.71, Recall: 0.63, F1-Score: 0.67, AUC: 0.70
Epoch [26/100] - [TRAIN] Loss: 0.5916, Accuracy: 70.64%, AUC: 0.70 [VAL] Loss: 0.5964, Accuracy: 70.29%, Precision: 0.72, Recall: 0.62, F1-Score: 0.67, AUC: 0.70
Epoch [27/100] - [TRAIN] Loss: 0.5900, Accuracy: 70.48%, AUC: 0.70 [VAL] Loss: 0.5965, Accuracy: 70.30%, Precision: 0.72, Recall: 0.61, F1-Score: 0.66, AUC: 0.70
Epoch [28/100] - [TRAIN] Loss: 0.5924, Accuracy: 70.47%, AUC: 0.70 [VAL] Loss: 0.5976, Accuracy: 69.99%, Precision: 0.71, Recall: 0.62, F1-Score: 0.66, AUC: 0.70
Epoch [29/100] - [TRAIN] Loss: 0.5897, Accuracy: 70.58%, AUC: 0.70 [VAL] Loss: 0.5899, Accuracy: 70.56%, Precision: 0.71, Recall: 0.65, F1-Score: 0.68, AUC: 0.70
Epoch [30/100] - [TRAIN] Loss: 0.5885, Accuracy: 70.72%, AUC: 0.70 [VAL] Loss: 0.5764, Accuracy: 71.84%, Precision: 0.74, Recall: 0.64, F1-Score: 0.69, AUC: 0.72
Epoch [31/100] - [TRAIN] Loss: 0.5885, Accuracy: 70.69%, AUC: 0.70 [VAL] Loss: 0.5960, Accuracy: 70.49%, Precision: 0.70, Recall: 0.63, F1-Score: 0.66, AUC: 0.70
Epoch [32/100] - [TRAIN] Loss: 0.5863, Accuracy: 71.05%, AUC: 0.71 [VAL] Loss: 0.5864, Accuracy: 70.66%, Precision: 0.72, Recall: 0.61, F1-Score: 0.66, AUC: 0.70
Epoch [33/100] - [TRAIN] Loss: 0.5886, Accuracy: 70.70%, AUC: 0.70 [VAL] Loss: 0.5852, Accuracy: 70.49%, Precision: 0.71, Recall: 0.63, F1-Score: 0.67, AUC: 0.70
Epoch [34/100] - [TRAIN] Loss: 0.5895, Accuracy: 70.53%, AUC: 0.70 [VAL] Loss: 0.5946, Accuracy: 70.45%, Precision: 0.71, Recall: 0.62, F1-Score: 0.66, AUC: 0.70
Epoch [35/100] - [TRAIN] Loss: 0.5876, Accuracy: 70.71%, AUC: 0.70 [VAL] Loss: 0.5956, Accuracy: 69.40%, Precision: 0.71, Recall: 0.61, F1-Score: 0.66, AUC: 0.69
Epoch [36/100] - [TRAIN] Loss: 0.5881, Accuracy: 70.65%, AUC: 0.70 [VAL] Loss: 0.5860, Accuracy: 70.93%, Precision: 0.73, Recall: 0.62, F1-Score: 0.67, AUC: 0.71
Epoch [37/100] - [TRAIN] Loss: 0.5855, Accuracy: 71.06%, AUC: 0.71 [VAL] Loss: 0.5923, Accuracy: 70.20%, Precision: 0.71, Recall: 0.62, F1-Score: 0.66, AUC: 0.70
Epoch [38/100] - [TRAIN] Loss: 0.5879, Accuracy: 70.69%, AUC: 0.70 [VAL] Loss: 0.5890, Accuracy: 70.76%, Precision: 0.72, Recall: 0.63, F1-Score: 0.67, AUC: 0.70
Epoch [39/100] - [TRAIN] Loss: 0.5864, Accuracy: 70.70%, AUC: 0.70 [VAL] Loss: 0.5881, Accuracy: 70.58%, Precision: 0.72, Recall: 0.63, F1-Score: 0.67, AUC: 0.70
Epoch [40/100] - [TRAIN] Loss: 0.5895, Accuracy: 70.38%, AUC: 0.70 [VAL] Loss: 0.5855, Accuracy: 71.04%, Precision: 0.72, Recall: 0.65, F1-Score: 0.68, AUC: 0.71
Epoch [41/100] - [TRAIN] Loss: 0.5856, Accuracy: 70.91%, AUC: 0.71 [VAL] Loss: 0.5949, Accuracy: 69.58%, Precision: 0.70, Recall: 0.62, F1-Score: 0.66, AUC: 0.69
Epoch [42/100] - [TRAIN] Loss: 0.5867, Accuracy: 70.75%, AUC: 0.70 [VAL] Loss: 0.5823, Accuracy: 70.64%, Precision: 0.72, Recall: 0.63, F1-Score: 0.67, AUC: 0.70
Epoch [43/100] - [TRAIN] Loss: 0.5883, Accuracy: 70.48%, AUC: 0.70 [VAL] Loss: 0.5860, Accuracy: 71.31%, Precision: 0.72, Recall: 0.63, F1-Score: 0.67, AUC: 0.71
Epoch [44/100] - [TRAIN] Loss: 0.5863, Accuracy: 70.58%, AUC: 0.70 [VAL] Loss: 0.5873, Accuracy: 71.18%, Precision: 0.73, Recall: 0.63, F1-Score: 0.68, AUC: 0.71
Epoch [45/100] - [TRAIN] Loss: 0.5864, Accuracy: 70.91%, AUC: 0.71 [VAL] Loss: 0.5892, Accuracy: 69.95%, Precision: 0.71, Recall: 0.62, F1-Score: 0.66, AUC: 0.70
Epoch [46/100] - [TRAIN] Loss: 0.5868, Accuracy: 70.55%, AUC: 0.70 [VAL] Loss: 0.5919, Accuracy: 70.87%, Precision: 0.71, Recall: 0.63, F1-Score: 0.67, AUC: 0.70
Epoch [47/100] - [TRAIN] Loss: 0.5857, Accuracy: 70.92%, AUC: 0.71 [VAL] Loss: 0.5884, Accuracy: 70.55%, Precision: 0.72, Recall: 0.62, F1-Score: 0.67, AUC: 0.70
Epoch [48/100] - [TRAIN] Loss: 0.5872, Accuracy: 70.61%, AUC: 0.70 [VAL] Loss: 0.5855, Accuracy: 71.15%, Precision: 0.72, Recall: 0.62, F1-Score: 0.67, AUC: 0.71
Epoch [49/100] - [TRAIN] Loss: 0.5870, Accuracy: 70.84%, AUC: 0.70 [VAL] Loss: 0.5903, Accuracy: 70.27%, Precision: 0.71, Recall: 0.63, F1-Score: 0.67, AUC: 0.70
Epoch [50/100] - [TRAIN] Loss: 0.5891, Accuracy: 70.47%, AUC: 0.70 [VAL] Loss: 0.5906, Accuracy: 70.11%, Precision: 0.70, Recall: 0.63, F1-Score: 0.66, AUC: 0.70
Epoch [51/100] - [TRAIN] Loss: 0.5857, Accuracy: 70.60%, AUC: 0.70 [VAL] Loss: 0.5904, Accuracy: 70.91%, Precision: 0.71, Recall: 0.63, F1-Score: 0.67, AUC: 0.70
Epoch [52/100] - [TRAIN] Loss: 0.5839, Accuracy: 70.91%, AUC: 0.71 [VAL] Loss: 0.5880, Accuracy: 70.89%, Precision: 0.72, Recall: 0.62, F1-Score: 0.67, AUC: 0.70
Epoch [53/100] - [TRAIN] Loss: 0.5884, Accuracy: 70.49%, AUC: 0.70 [VAL] Loss: 0.5840, Accuracy: 70.95%, Precision: 0.73, Recall: 0.63, F1-Score: 0.67, AUC: 0.71
Epoch [54/100] - [TRAIN] Loss: 0.5871, Accuracy: 70.67%, AUC: 0.70 [VAL] Loss: 0.5926, Accuracy: 69.92%, Precision: 0.71, Recall: 0.62, F1-Score: 0.66, AUC: 0.69
Epoch [55/100] - [TRAIN] Loss: 0.5855, Accuracy: 70.84%, AUC: 0.71 [VAL] Loss: 0.5974, Accuracy: 69.83%, Precision: 0.71, Recall: 0.61, F1-Score: 0.66, AUC: 0.69
Epoch [56/100] - [TRAIN] Loss: 0.5888, Accuracy: 70.42%, AUC: 0.70 [VAL] Loss: 0.5895, Accuracy: 70.10%, Precision: 0.71, Recall: 0.62, F1-Score: 0.67, AUC: 0.70
Epoch [57/100] - [TRAIN] Loss: 0.5843, Accuracy: 70.72%, AUC: 0.70 [VAL] Loss: 0.5811, Accuracy: 71.26%, Precision: 0.73, Recall: 0.63, F1-Score: 0.68, AUC: 0.71
Epoch [58/100] - [TRAIN] Loss: 0.5892, Accuracy: 70.47%, AUC: 0.70 [VAL] Loss: 0.5933, Accuracy: 70.59%, Precision: 0.72, Recall: 0.62, F1-Score: 0.67, AUC: 0.70
Epoch [59/100] - [TRAIN] Loss: 0.5844, Accuracy: 70.90%, AUC: 0.71 [VAL] Loss: 0.5976, Accuracy: 69.61%, Precision: 0.71, Recall: 0.62, F1-Score: 0.66, AUC: 0.69
Epoch [60/100] - [TRAIN] Loss: 0.5899, Accuracy: 70.52%, AUC: 0.70 [VAL] Loss: 0.5936, Accuracy: 70.01%, Precision: 0.70, Recall: 0.62, F1-Score: 0.66, AUC: 0.69
Epoch [61/100] - [TRAIN] Loss: 0.5883, Accuracy: 70.57%, AUC: 0.70 [VAL] Loss: 0.5901, Accuracy: 70.78%, Precision: 0.72, Recall: 0.63, F1-Score: 0.67, AUC: 0.70
Epoch [62/100] - [TRAIN] Loss: 0.5875, Accuracy: 70.64%, AUC: 0.70 [VAL] Loss: 0.5910, Accuracy: 70.35%, Precision: 0.71, Recall: 0.62, F1-Score: 0.66, AUC: 0.70
Epoch [63/100] - [TRAIN] Loss: 0.5832, Accuracy: 71.00%, AUC: 0.71 [VAL] Loss: 0.5928, Accuracy: 70.48%, Precision: 0.72, Recall: 0.62, F1-Score: 0.67, AUC: 0.70
Epoch [64/100] - [TRAIN] Loss: 0.5870, Accuracy: 70.61%, AUC: 0.70 [VAL] Loss: 0.5897, Accuracy: 69.96%, Precision: 0.71, Recall: 0.62, F1-Score: 0.66, AUC: 0.70
Epoch [65/100] - [TRAIN] Loss: 0.5873, Accuracy: 70.73%, AUC: 0.70 [VAL] Loss: 0.5887, Accuracy: 70.53%, Precision: 0.72, Recall: 0.63, F1-Score: 0.67, AUC: 0.70
Epoch [66/100] - [TRAIN] Loss: 0.5871, Accuracy: 70.80%, AUC: 0.70 [VAL] Loss: 0.5890, Accuracy: 70.76%, Precision: 0.71, Recall: 0.63, F1-Score: 0.67, AUC: 0.70
Epoch [67/100] - [TRAIN] Loss: 0.5853, Accuracy: 70.87%, AUC: 0.70 [VAL] Loss: 0.5930, Accuracy: 69.77%, Precision: 0.70, Recall: 0.62, F1-Score: 0.66, AUC: 0.69
Epoch [68/100] - [TRAIN] Loss: 0.5887, Accuracy: 70.67%, AUC: 0.70 [VAL] Loss: 0.5923, Accuracy: 70.37%, Precision: 0.71, Recall: 0.62, F1-Score: 0.67, AUC: 0.70
Epoch [69/100] - [TRAIN] Loss: 0.5865, Accuracy: 70.60%, AUC: 0.70 [VAL] Loss: 0.5878, Accuracy: 70.59%, Precision: 0.72, Recall: 0.63, F1-Score: 0.67, AUC: 0.70
Epoch [70/100] - [TRAIN] Loss: 0.5850, Accuracy: 70.61%, AUC: 0.70 [VAL] Loss: 0.5857, Accuracy: 70.63%, Precision: 0.72, Recall: 0.62, F1-Score: 0.67, AUC: 0.70
Epoch [71/100] - [TRAIN] Loss: 0.5875, Accuracy: 70.68%, AUC: 0.70 [VAL] Loss: 0.5948, Accuracy: 69.78%, Precision: 0.70, Recall: 0.62, F1-Score: 0.66, AUC: 0.69
Epoch [72/100] - [TRAIN] Loss: 0.5840, Accuracy: 70.86%, AUC: 0.71 [VAL] Loss: 0.5930, Accuracy: 69.82%, Precision: 0.71, Recall: 0.61, F1-Score: 0.66, AUC: 0.69
Epoch [73/100] - [TRAIN] Loss: 0.5847, Accuracy: 70.73%, AUC: 0.70 [VAL] Loss: 0.5914, Accuracy: 70.45%, Precision: 0.71, Recall: 0.63, F1-Score: 0.67, AUC: 0.70
Epoch [74/100] - [TRAIN] Loss: 0.5869, Accuracy: 70.80%, AUC: 0.70 [VAL] Loss: 0.5886, Accuracy: 70.33%, Precision: 0.71, Recall: 0.62, F1-Score: 0.66, AUC: 0.70
Epoch [75/100] - [TRAIN] Loss: 0.5877, Accuracy: 70.32%, AUC: 0.70 [VAL] Loss: 0.5855, Accuracy: 70.76%, Precision: 0.72, Recall: 0.62, F1-Score: 0.67, AUC: 0.70
Epoch [76/100] - [TRAIN] Loss: 0.5892, Accuracy: 70.29%, AUC: 0.70 [VAL] Loss: 0.5868, Accuracy: 70.08%, Precision: 0.71, Recall: 0.62, F1-Score: 0.66, AUC: 0.70
Epoch [77/100] - [TRAIN] Loss: 0.5854, Accuracy: 70.91%, AUC: 0.71 [VAL] Loss: 0.5938, Accuracy: 70.50%, Precision: 0.71, Recall: 0.62, F1-Score: 0.66, AUC: 0.70
Epoch [78/100] - [TRAIN] Loss: 0.5863, Accuracy: 70.71%, AUC: 0.70 [VAL] Loss: 0.5773, Accuracy: 71.57%, Precision: 0.72, Recall: 0.64, F1-Score: 0.68, AUC: 0.71
Epoch [79/100] - [TRAIN] Loss: 0.5887, Accuracy: 70.61%, AUC: 0.70 [VAL] Loss: 0.5859, Accuracy: 70.60%, Precision: 0.72, Recall: 0.63, F1-Score: 0.67, AUC: 0.70
Epoch [80/100] - [TRAIN] Loss: 0.5854, Accuracy: 70.96%, AUC: 0.71 [VAL] Loss: 0.5894, Accuracy: 70.52%, Precision: 0.71, Recall: 0.63, F1-Score: 0.67, AUC: 0.70
Epoch [81/100] - [TRAIN] Loss: 0.5853, Accuracy: 70.76%, AUC: 0.70 [VAL] Loss: 0.5902, Accuracy: 70.32%, Precision: 0.72, Recall: 0.61, F1-Score: 0.66, AUC: 0.70
Epoch [82/100] - [TRAIN] Loss: 0.5849, Accuracy: 70.89%, AUC: 0.71 [VAL] Loss: 0.5845, Accuracy: 70.78%, Precision: 0.71, Recall: 0.63, F1-Score: 0.67, AUC: 0.70
Epoch [83/100] - [TRAIN] Loss: 0.5859, Accuracy: 70.50%, AUC: 0.70 [VAL] Loss: 0.5960, Accuracy: 70.34%, Precision: 0.71, Recall: 0.63, F1-Score: 0.67, AUC: 0.70
Epoch [84/100] - [TRAIN] Loss: 0.5877, Accuracy: 70.48%, AUC: 0.70 [VAL] Loss: 0.5905, Accuracy: 70.61%, Precision: 0.72, Recall: 0.62, F1-Score: 0.67, AUC: 0.70
Epoch [85/100] - [TRAIN] Loss: 0.5883, Accuracy: 70.50%, AUC: 0.70 [VAL] Loss: 0.5839, Accuracy: 70.43%, Precision: 0.73, Recall: 0.63, F1-Score: 0.67, AUC: 0.70
Epoch [86/100] - [TRAIN] Loss: 0.5867, Accuracy: 70.52%, AUC: 0.70 [VAL] Loss: 0.5934, Accuracy: 70.30%, Precision: 0.72, Recall: 0.62, F1-Score: 0.67, AUC: 0.70
Epoch [87/100] - [TRAIN] Loss: 0.5850, Accuracy: 70.69%, AUC: 0.70 [VAL] Loss: 0.5892, Accuracy: 70.48%, Precision: 0.71, Recall: 0.63, F1-Score: 0.67, AUC: 0.70
Epoch [88/100] - [TRAIN] Loss: 0.5884, Accuracy: 70.43%, AUC: 0.70 [VAL] Loss: 0.5905, Accuracy: 70.31%, Precision: 0.71, Recall: 0.62, F1-Score: 0.66, AUC: 0.70
Epoch [89/100] - [TRAIN] Loss: 0.5893, Accuracy: 70.49%, AUC: 0.70 [VAL] Loss: 0.5944, Accuracy: 69.79%, Precision: 0.71, Recall: 0.62, F1-Score: 0.66, AUC: 0.69
Epoch [90/100] - [TRAIN] Loss: 0.5850, Accuracy: 70.87%, AUC: 0.71 [VAL] Loss: 0.5831, Accuracy: 70.92%, Precision: 0.72, Recall: 0.63, F1-Score: 0.67, AUC: 0.71
Epoch [91/100] - [TRAIN] Loss: 0.5875, Accuracy: 70.53%, AUC: 0.70 [VAL] Loss: 0.5971, Accuracy: 69.47%, Precision: 0.70, Recall: 0.61, F1-Score: 0.66, AUC: 0.69
Epoch [92/100] - [TRAIN] Loss: 0.5876, Accuracy: 70.52%, AUC: 0.70 [VAL] Loss: 0.5910, Accuracy: 70.57%, Precision: 0.72, Recall: 0.63, F1-Score: 0.67, AUC: 0.70
Epoch [93/100] - [TRAIN] Loss: 0.5867, Accuracy: 70.73%, AUC: 0.70 [VAL] Loss: 0.5886, Accuracy: 70.65%, Precision: 0.72, Recall: 0.64, F1-Score: 0.67, AUC: 0.70
Epoch [94/100] - [TRAIN] Loss: 0.5854, Accuracy: 70.80%, AUC: 0.70 [VAL] Loss: 0.5899, Accuracy: 69.91%, Precision: 0.72, Recall: 0.61, F1-Score: 0.66, AUC: 0.70
Epoch [95/100] - [TRAIN] Loss: 0.5857, Accuracy: 70.94%, AUC: 0.71 [VAL] Loss: 0.5907, Accuracy: 69.82%, Precision: 0.72, Recall: 0.61, F1-Score: 0.66, AUC: 0.69
Epoch [96/100] - [TRAIN] Loss: 0.5870, Accuracy: 70.48%, AUC: 0.70 [VAL] Loss: 0.5891, Accuracy: 70.65%, Precision: 0.72, Recall: 0.63, F1-Score: 0.67, AUC: 0.70
Epoch [97/100] - [TRAIN] Loss: 0.5849, Accuracy: 70.77%, AUC: 0.70 [VAL] Loss: 0.5927, Accuracy: 70.22%, Precision: 0.71, Recall: 0.62, F1-Score: 0.66, AUC: 0.70
Epoch [98/100] - [TRAIN] Loss: 0.5874, Accuracy: 70.58%, AUC: 0.70 [VAL] Loss: 0.5913, Accuracy: 70.10%, Precision: 0.71, Recall: 0.62, F1-Score: 0.66, AUC: 0.70
Epoch [99/100] - [TRAIN] Loss: 0.5871, Accuracy: 70.59%, AUC: 0.70 [VAL] Loss: 0.5907, Accuracy: 70.48%, Precision: 0.71, Recall: 0.62, F1-Score: 0.66, AUC: 0.70
Epoch [100/100] - [TRAIN] Loss: 0.5876, Accuracy: 70.51%, AUC: 0.70 [VAL] Loss: 0.5924, Accuracy: 70.20%, Precision: 0.70, Recall: 0.63, F1-Score: 0.66, AUC: 0.70
Accuracy Score on test set: 70.39 %
    AUC Score on test set: 0.70
    Precision: 0.7124
    Recall: 0.6187
    F1-Score: 0.6623

    Detailed Classification Report:
                  precision    recall  f1-score   support

           0       0.70      0.78      0.74      5308
           1       0.71      0.62      0.66      4692

    accuracy                           0.70     10000
   macro avg       0.71      0.70      0.70     10000
weighted avg       0.70      0.70      0.70     10000


    Confusion Matrix:
    [[4136 1172]
 [1789 2903]]
    
011-H3K9ac-H3K27me3
Epoch [1/100] - [TRAIN] Loss: 0.6476, Accuracy: 67.75%, AUC: 0.68 [VAL] Loss: 0.6220, Accuracy: 69.40%, Precision: 0.67, Recall: 0.66, F1-Score: 0.67, AUC: 0.69
Epoch [2/100] - [TRAIN] Loss: 0.6218, Accuracy: 69.52%, AUC: 0.69 [VAL] Loss: 0.6090, Accuracy: 70.23%, Precision: 0.70, Recall: 0.64, F1-Score: 0.67, AUC: 0.70
Epoch [3/100] - [TRAIN] Loss: 0.6147, Accuracy: 69.53%, AUC: 0.69 [VAL] Loss: 0.6171, Accuracy: 69.35%, Precision: 0.69, Recall: 0.64, F1-Score: 0.66, AUC: 0.69
Epoch [4/100] - [TRAIN] Loss: 0.6117, Accuracy: 69.59%, AUC: 0.69 [VAL] Loss: 0.6066, Accuracy: 70.13%, Precision: 0.70, Recall: 0.63, F1-Score: 0.66, AUC: 0.70
Epoch [5/100] - [TRAIN] Loss: 0.6056, Accuracy: 69.86%, AUC: 0.70 [VAL] Loss: 0.5989, Accuracy: 70.44%, Precision: 0.70, Recall: 0.64, F1-Score: 0.67, AUC: 0.70
Epoch [6/100] - [TRAIN] Loss: 0.6036, Accuracy: 69.96%, AUC: 0.70 [VAL] Loss: 0.5984, Accuracy: 70.26%, Precision: 0.69, Recall: 0.65, F1-Score: 0.67, AUC: 0.70
Epoch [7/100] - [TRAIN] Loss: 0.6031, Accuracy: 69.91%, AUC: 0.70 [VAL] Loss: 0.6112, Accuracy: 69.56%, Precision: 0.70, Recall: 0.61, F1-Score: 0.65, AUC: 0.69
Epoch [8/100] - [TRAIN] Loss: 0.6029, Accuracy: 69.84%, AUC: 0.70 [VAL] Loss: 0.5976, Accuracy: 69.83%, Precision: 0.71, Recall: 0.62, F1-Score: 0.66, AUC: 0.69
Epoch [9/100] - [TRAIN] Loss: 0.6010, Accuracy: 69.84%, AUC: 0.70 [VAL] Loss: 0.6018, Accuracy: 69.75%, Precision: 0.70, Recall: 0.62, F1-Score: 0.65, AUC: 0.69
Epoch [10/100] - [TRAIN] Loss: 0.5985, Accuracy: 69.88%, AUC: 0.70 [VAL] Loss: 0.5997, Accuracy: 70.09%, Precision: 0.70, Recall: 0.63, F1-Score: 0.67, AUC: 0.70
Epoch [11/100] - [TRAIN] Loss: 0.6011, Accuracy: 69.91%, AUC: 0.70 [VAL] Loss: 0.6026, Accuracy: 69.49%, Precision: 0.69, Recall: 0.62, F1-Score: 0.65, AUC: 0.69
Epoch [12/100] - [TRAIN] Loss: 0.5965, Accuracy: 70.17%, AUC: 0.70 [VAL] Loss: 0.5997, Accuracy: 70.19%, Precision: 0.71, Recall: 0.63, F1-Score: 0.67, AUC: 0.70
Epoch [13/100] - [TRAIN] Loss: 0.5999, Accuracy: 69.85%, AUC: 0.69 [VAL] Loss: 0.5974, Accuracy: 69.40%, Precision: 0.70, Recall: 0.61, F1-Score: 0.65, AUC: 0.69
Epoch [14/100] - [TRAIN] Loss: 0.5956, Accuracy: 70.11%, AUC: 0.70 [VAL] Loss: 0.5915, Accuracy: 70.62%, Precision: 0.71, Recall: 0.63, F1-Score: 0.67, AUC: 0.70
Epoch [15/100] - [TRAIN] Loss: 0.5949, Accuracy: 70.24%, AUC: 0.70 [VAL] Loss: 0.5949, Accuracy: 69.94%, Precision: 0.70, Recall: 0.62, F1-Score: 0.66, AUC: 0.69
Epoch [16/100] - [TRAIN] Loss: 0.5925, Accuracy: 70.30%, AUC: 0.70 [VAL] Loss: 0.5935, Accuracy: 69.87%, Precision: 0.71, Recall: 0.62, F1-Score: 0.66, AUC: 0.69
Epoch [17/100] - [TRAIN] Loss: 0.5927, Accuracy: 70.49%, AUC: 0.70 [VAL] Loss: 0.5949, Accuracy: 70.56%, Precision: 0.72, Recall: 0.63, F1-Score: 0.67, AUC: 0.70
Epoch [18/100] - [TRAIN] Loss: 0.5936, Accuracy: 70.33%, AUC: 0.70 [VAL] Loss: 0.5981, Accuracy: 69.83%, Precision: 0.70, Recall: 0.61, F1-Score: 0.65, AUC: 0.69
Epoch [19/100] - [TRAIN] Loss: 0.5905, Accuracy: 70.56%, AUC: 0.70 [VAL] Loss: 0.5892, Accuracy: 70.28%, Precision: 0.70, Recall: 0.63, F1-Score: 0.66, AUC: 0.70
Epoch [20/100] - [TRAIN] Loss: 0.5923, Accuracy: 70.21%, AUC: 0.70 [VAL] Loss: 0.6051, Accuracy: 69.36%, Precision: 0.69, Recall: 0.62, F1-Score: 0.66, AUC: 0.69
Epoch [21/100] - [TRAIN] Loss: 0.5930, Accuracy: 70.40%, AUC: 0.70 [VAL] Loss: 0.5871, Accuracy: 70.95%, Precision: 0.71, Recall: 0.64, F1-Score: 0.68, AUC: 0.71
Epoch [22/100] - [TRAIN] Loss: 0.5917, Accuracy: 70.49%, AUC: 0.70 [VAL] Loss: 0.5914, Accuracy: 70.20%, Precision: 0.71, Recall: 0.63, F1-Score: 0.67, AUC: 0.70
Epoch [23/100] - [TRAIN] Loss: 0.5925, Accuracy: 70.23%, AUC: 0.70 [VAL] Loss: 0.6001, Accuracy: 69.57%, Precision: 0.70, Recall: 0.64, F1-Score: 0.67, AUC: 0.69
Epoch [24/100] - [TRAIN] Loss: 0.5904, Accuracy: 70.64%, AUC: 0.70 [VAL] Loss: 0.5905, Accuracy: 70.39%, Precision: 0.69, Recall: 0.65, F1-Score: 0.67, AUC: 0.70
Epoch [25/100] - [TRAIN] Loss: 0.5903, Accuracy: 70.43%, AUC: 0.70 [VAL] Loss: 0.5954, Accuracy: 69.81%, Precision: 0.70, Recall: 0.63, F1-Score: 0.66, AUC: 0.69
Epoch [26/100] - [TRAIN] Loss: 0.5919, Accuracy: 70.42%, AUC: 0.70 [VAL] Loss: 0.5991, Accuracy: 69.90%, Precision: 0.70, Recall: 0.62, F1-Score: 0.66, AUC: 0.69
Epoch [27/100] - [TRAIN] Loss: 0.5888, Accuracy: 70.48%, AUC: 0.70 [VAL] Loss: 0.5943, Accuracy: 69.69%, Precision: 0.70, Recall: 0.63, F1-Score: 0.67, AUC: 0.69
Epoch [28/100] - [TRAIN] Loss: 0.5914, Accuracy: 70.25%, AUC: 0.70 [VAL] Loss: 0.5876, Accuracy: 70.32%, Precision: 0.71, Recall: 0.63, F1-Score: 0.67, AUC: 0.70
Epoch [29/100] - [TRAIN] Loss: 0.5892, Accuracy: 70.49%, AUC: 0.70 [VAL] Loss: 0.5919, Accuracy: 70.60%, Precision: 0.71, Recall: 0.63, F1-Score: 0.67, AUC: 0.70
Epoch [30/100] - [TRAIN] Loss: 0.5871, Accuracy: 70.47%, AUC: 0.70 [VAL] Loss: 0.5824, Accuracy: 70.42%, Precision: 0.71, Recall: 0.64, F1-Score: 0.67, AUC: 0.70
Epoch [31/100] - [TRAIN] Loss: 0.5900, Accuracy: 70.34%, AUC: 0.70 [VAL] Loss: 0.5990, Accuracy: 69.48%, Precision: 0.71, Recall: 0.62, F1-Score: 0.66, AUC: 0.69
Epoch [32/100] - [TRAIN] Loss: 0.5905, Accuracy: 70.63%, AUC: 0.70 [VAL] Loss: 0.5930, Accuracy: 69.67%, Precision: 0.70, Recall: 0.63, F1-Score: 0.66, AUC: 0.69
Epoch [33/100] - [TRAIN] Loss: 0.5926, Accuracy: 70.22%, AUC: 0.70 [VAL] Loss: 0.5883, Accuracy: 70.85%, Precision: 0.72, Recall: 0.63, F1-Score: 0.67, AUC: 0.70
Epoch [34/100] - [TRAIN] Loss: 0.5897, Accuracy: 70.06%, AUC: 0.70 [VAL] Loss: 0.5929, Accuracy: 70.17%, Precision: 0.71, Recall: 0.63, F1-Score: 0.67, AUC: 0.70
Epoch [35/100] - [TRAIN] Loss: 0.5883, Accuracy: 70.60%, AUC: 0.70 [VAL] Loss: 0.5882, Accuracy: 70.30%, Precision: 0.70, Recall: 0.63, F1-Score: 0.67, AUC: 0.70
Epoch [36/100] - [TRAIN] Loss: 0.5900, Accuracy: 70.24%, AUC: 0.70 [VAL] Loss: 0.5896, Accuracy: 70.37%, Precision: 0.71, Recall: 0.64, F1-Score: 0.67, AUC: 0.70
Epoch [37/100] - [TRAIN] Loss: 0.5870, Accuracy: 70.76%, AUC: 0.70 [VAL] Loss: 0.5952, Accuracy: 70.16%, Precision: 0.71, Recall: 0.62, F1-Score: 0.66, AUC: 0.70
Epoch [38/100] - [TRAIN] Loss: 0.5888, Accuracy: 70.46%, AUC: 0.70 [VAL] Loss: 0.5997, Accuracy: 69.73%, Precision: 0.70, Recall: 0.62, F1-Score: 0.66, AUC: 0.69
Epoch [39/100] - [TRAIN] Loss: 0.5902, Accuracy: 70.34%, AUC: 0.70 [VAL] Loss: 0.5929, Accuracy: 69.70%, Precision: 0.70, Recall: 0.62, F1-Score: 0.66, AUC: 0.69
Epoch [40/100] - [TRAIN] Loss: 0.5883, Accuracy: 70.56%, AUC: 0.70 [VAL] Loss: 0.5956, Accuracy: 70.35%, Precision: 0.70, Recall: 0.62, F1-Score: 0.66, AUC: 0.70
Epoch [41/100] - [TRAIN] Loss: 0.5871, Accuracy: 70.63%, AUC: 0.70 [VAL] Loss: 0.5899, Accuracy: 69.73%, Precision: 0.71, Recall: 0.63, F1-Score: 0.67, AUC: 0.69
Epoch [42/100] - [TRAIN] Loss: 0.5893, Accuracy: 70.58%, AUC: 0.70 [VAL] Loss: 0.5886, Accuracy: 70.67%, Precision: 0.72, Recall: 0.64, F1-Score: 0.68, AUC: 0.70
Epoch [43/100] - [TRAIN] Loss: 0.5893, Accuracy: 70.66%, AUC: 0.70 [VAL] Loss: 0.5896, Accuracy: 71.17%, Precision: 0.73, Recall: 0.64, F1-Score: 0.68, AUC: 0.71
Epoch [44/100] - [TRAIN] Loss: 0.5875, Accuracy: 70.72%, AUC: 0.70 [VAL] Loss: 0.5841, Accuracy: 71.06%, Precision: 0.72, Recall: 0.63, F1-Score: 0.67, AUC: 0.71
Epoch [45/100] - [TRAIN] Loss: 0.5869, Accuracy: 70.31%, AUC: 0.70 [VAL] Loss: 0.5887, Accuracy: 70.17%, Precision: 0.71, Recall: 0.63, F1-Score: 0.67, AUC: 0.70
Epoch [46/100] - [TRAIN] Loss: 0.5861, Accuracy: 70.78%, AUC: 0.70 [VAL] Loss: 0.5868, Accuracy: 70.12%, Precision: 0.70, Recall: 0.63, F1-Score: 0.66, AUC: 0.70
Epoch [47/100] - [TRAIN] Loss: 0.5854, Accuracy: 70.75%, AUC: 0.70 [VAL] Loss: 0.5890, Accuracy: 70.79%, Precision: 0.72, Recall: 0.64, F1-Score: 0.67, AUC: 0.70
Epoch [48/100] - [TRAIN] Loss: 0.5901, Accuracy: 70.38%, AUC: 0.70 [VAL] Loss: 0.5933, Accuracy: 70.16%, Precision: 0.71, Recall: 0.63, F1-Score: 0.67, AUC: 0.70
Epoch [49/100] - [TRAIN] Loss: 0.5887, Accuracy: 70.52%, AUC: 0.70 [VAL] Loss: 0.5865, Accuracy: 71.07%, Precision: 0.72, Recall: 0.63, F1-Score: 0.67, AUC: 0.71
Epoch [50/100] - [TRAIN] Loss: 0.5879, Accuracy: 70.45%, AUC: 0.70 [VAL] Loss: 0.6020, Accuracy: 69.32%, Precision: 0.69, Recall: 0.63, F1-Score: 0.66, AUC: 0.69
Epoch [51/100] - [TRAIN] Loss: 0.5896, Accuracy: 70.23%, AUC: 0.70 [VAL] Loss: 0.5839, Accuracy: 70.36%, Precision: 0.71, Recall: 0.63, F1-Score: 0.67, AUC: 0.70
Epoch [52/100] - [TRAIN] Loss: 0.5884, Accuracy: 70.36%, AUC: 0.70 [VAL] Loss: 0.5907, Accuracy: 69.97%, Precision: 0.69, Recall: 0.62, F1-Score: 0.66, AUC: 0.69
Epoch [53/100] - [TRAIN] Loss: 0.5905, Accuracy: 70.53%, AUC: 0.70 [VAL] Loss: 0.5905, Accuracy: 70.34%, Precision: 0.70, Recall: 0.63, F1-Score: 0.66, AUC: 0.70
Epoch [54/100] - [TRAIN] Loss: 0.5905, Accuracy: 70.41%, AUC: 0.70 [VAL] Loss: 0.5867, Accuracy: 70.49%, Precision: 0.71, Recall: 0.63, F1-Score: 0.66, AUC: 0.70
Epoch [55/100] - [TRAIN] Loss: 0.5882, Accuracy: 70.48%, AUC: 0.70 [VAL] Loss: 0.5811, Accuracy: 71.41%, Precision: 0.72, Recall: 0.64, F1-Score: 0.68, AUC: 0.71
Epoch [56/100] - [TRAIN] Loss: 0.5878, Accuracy: 70.31%, AUC: 0.70 [VAL] Loss: 0.5964, Accuracy: 69.99%, Precision: 0.70, Recall: 0.63, F1-Score: 0.66, AUC: 0.70
Epoch [57/100] - [TRAIN] Loss: 0.5889, Accuracy: 70.44%, AUC: 0.70 [VAL] Loss: 0.5931, Accuracy: 70.20%, Precision: 0.72, Recall: 0.63, F1-Score: 0.67, AUC: 0.70
Epoch [58/100] - [TRAIN] Loss: 0.5902, Accuracy: 70.28%, AUC: 0.70 [VAL] Loss: 0.5952, Accuracy: 69.75%, Precision: 0.70, Recall: 0.62, F1-Score: 0.66, AUC: 0.69
Epoch [59/100] - [TRAIN] Loss: 0.5913, Accuracy: 70.28%, AUC: 0.70 [VAL] Loss: 0.5930, Accuracy: 70.14%, Precision: 0.70, Recall: 0.63, F1-Score: 0.66, AUC: 0.70
Epoch [60/100] - [TRAIN] Loss: 0.5872, Accuracy: 70.64%, AUC: 0.70 [VAL] Loss: 0.5926, Accuracy: 69.98%, Precision: 0.71, Recall: 0.62, F1-Score: 0.66, AUC: 0.70
Epoch [61/100] - [TRAIN] Loss: 0.5906, Accuracy: 70.35%, AUC: 0.70 [VAL] Loss: 0.5884, Accuracy: 70.86%, Precision: 0.72, Recall: 0.64, F1-Score: 0.68, AUC: 0.71
Epoch [62/100] - [TRAIN] Loss: 0.5909, Accuracy: 70.42%, AUC: 0.70 [VAL] Loss: 0.5944, Accuracy: 69.61%, Precision: 0.69, Recall: 0.62, F1-Score: 0.65, AUC: 0.69
Epoch [63/100] - [TRAIN] Loss: 0.5881, Accuracy: 70.68%, AUC: 0.70 [VAL] Loss: 0.5906, Accuracy: 70.79%, Precision: 0.72, Recall: 0.64, F1-Score: 0.68, AUC: 0.71
Epoch [64/100] - [TRAIN] Loss: 0.5912, Accuracy: 70.39%, AUC: 0.70 [VAL] Loss: 0.5899, Accuracy: 70.68%, Precision: 0.70, Recall: 0.62, F1-Score: 0.66, AUC: 0.70
Epoch [65/100] - [TRAIN] Loss: 0.5895, Accuracy: 70.41%, AUC: 0.70 [VAL] Loss: 0.5933, Accuracy: 70.15%, Precision: 0.71, Recall: 0.62, F1-Score: 0.66, AUC: 0.70
Epoch [66/100] - [TRAIN] Loss: 0.5892, Accuracy: 70.48%, AUC: 0.70 [VAL] Loss: 0.5942, Accuracy: 69.81%, Precision: 0.70, Recall: 0.62, F1-Score: 0.66, AUC: 0.69
Epoch [67/100] - [TRAIN] Loss: 0.5903, Accuracy: 70.37%, AUC: 0.70 [VAL] Loss: 0.5871, Accuracy: 70.34%, Precision: 0.70, Recall: 0.62, F1-Score: 0.66, AUC: 0.70
Epoch [68/100] - [TRAIN] Loss: 0.5916, Accuracy: 70.42%, AUC: 0.70 [VAL] Loss: 0.5888, Accuracy: 70.50%, Precision: 0.71, Recall: 0.62, F1-Score: 0.67, AUC: 0.70
Epoch [69/100] - [TRAIN] Loss: 0.5886, Accuracy: 70.55%, AUC: 0.70 [VAL] Loss: 0.5919, Accuracy: 70.44%, Precision: 0.70, Recall: 0.63, F1-Score: 0.67, AUC: 0.70
Epoch [70/100] - [TRAIN] Loss: 0.5904, Accuracy: 70.25%, AUC: 0.70 [VAL] Loss: 0.5953, Accuracy: 70.06%, Precision: 0.70, Recall: 0.63, F1-Score: 0.66, AUC: 0.70
Epoch [71/100] - [TRAIN] Loss: 0.5902, Accuracy: 70.41%, AUC: 0.70 [VAL] Loss: 0.5806, Accuracy: 70.65%, Precision: 0.71, Recall: 0.63, F1-Score: 0.67, AUC: 0.70
Epoch [72/100] - [TRAIN] Loss: 0.5862, Accuracy: 70.57%, AUC: 0.70 [VAL] Loss: 0.5908, Accuracy: 70.38%, Precision: 0.70, Recall: 0.63, F1-Score: 0.66, AUC: 0.70
Epoch [73/100] - [TRAIN] Loss: 0.5899, Accuracy: 70.35%, AUC: 0.70 [VAL] Loss: 0.5907, Accuracy: 70.27%, Precision: 0.71, Recall: 0.63, F1-Score: 0.67, AUC: 0.70
Epoch [74/100] - [TRAIN] Loss: 0.5931, Accuracy: 70.04%, AUC: 0.70 [VAL] Loss: 0.5897, Accuracy: 70.32%, Precision: 0.72, Recall: 0.62, F1-Score: 0.66, AUC: 0.70
Epoch [75/100] - [TRAIN] Loss: 0.5888, Accuracy: 70.48%, AUC: 0.70 [VAL] Loss: 0.5887, Accuracy: 70.80%, Precision: 0.71, Recall: 0.63, F1-Score: 0.67, AUC: 0.70
Epoch [76/100] - [TRAIN] Loss: 0.5879, Accuracy: 70.75%, AUC: 0.70 [VAL] Loss: 0.5918, Accuracy: 70.54%, Precision: 0.72, Recall: 0.64, F1-Score: 0.67, AUC: 0.70
Epoch [77/100] - [TRAIN] Loss: 0.5863, Accuracy: 70.64%, AUC: 0.70 [VAL] Loss: 0.5882, Accuracy: 70.31%, Precision: 0.71, Recall: 0.62, F1-Score: 0.66, AUC: 0.70
Epoch [78/100] - [TRAIN] Loss: 0.5870, Accuracy: 70.66%, AUC: 0.70 [VAL] Loss: 0.5876, Accuracy: 70.44%, Precision: 0.71, Recall: 0.63, F1-Score: 0.67, AUC: 0.70
Epoch [79/100] - [TRAIN] Loss: 0.5932, Accuracy: 70.31%, AUC: 0.70 [VAL] Loss: 0.5951, Accuracy: 69.53%, Precision: 0.70, Recall: 0.62, F1-Score: 0.66, AUC: 0.69
Epoch [80/100] - [TRAIN] Loss: 0.5884, Accuracy: 70.72%, AUC: 0.70 [VAL] Loss: 0.5909, Accuracy: 70.25%, Precision: 0.71, Recall: 0.63, F1-Score: 0.66, AUC: 0.70
Epoch [81/100] - [TRAIN] Loss: 0.5884, Accuracy: 70.65%, AUC: 0.70 [VAL] Loss: 0.5902, Accuracy: 70.54%, Precision: 0.72, Recall: 0.63, F1-Score: 0.67, AUC: 0.70
Epoch [82/100] - [TRAIN] Loss: 0.5919, Accuracy: 70.34%, AUC: 0.70 [VAL] Loss: 0.5891, Accuracy: 70.28%, Precision: 0.71, Recall: 0.64, F1-Score: 0.67, AUC: 0.70
Epoch [83/100] - [TRAIN] Loss: 0.5871, Accuracy: 70.43%, AUC: 0.70 [VAL] Loss: 0.5917, Accuracy: 70.78%, Precision: 0.71, Recall: 0.64, F1-Score: 0.67, AUC: 0.70
Epoch [84/100] - [TRAIN] Loss: 0.5881, Accuracy: 70.33%, AUC: 0.70 [VAL] Loss: 0.5837, Accuracy: 70.64%, Precision: 0.71, Recall: 0.63, F1-Score: 0.67, AUC: 0.70
Epoch [85/100] - [TRAIN] Loss: 0.5888, Accuracy: 70.33%, AUC: 0.70 [VAL] Loss: 0.5917, Accuracy: 70.20%, Precision: 0.70, Recall: 0.62, F1-Score: 0.66, AUC: 0.70
Epoch [86/100] - [TRAIN] Loss: 0.5892, Accuracy: 70.36%, AUC: 0.70 [VAL] Loss: 0.5897, Accuracy: 70.19%, Precision: 0.71, Recall: 0.63, F1-Score: 0.67, AUC: 0.70
Epoch [87/100] - [TRAIN] Loss: 0.5855, Accuracy: 70.71%, AUC: 0.70 [VAL] Loss: 0.5813, Accuracy: 70.89%, Precision: 0.71, Recall: 0.64, F1-Score: 0.67, AUC: 0.70
Epoch [88/100] - [TRAIN] Loss: 0.5876, Accuracy: 70.30%, AUC: 0.70 [VAL] Loss: 0.5927, Accuracy: 70.54%, Precision: 0.70, Recall: 0.63, F1-Score: 0.66, AUC: 0.70
Epoch [89/100] - [TRAIN] Loss: 0.5874, Accuracy: 70.58%, AUC: 0.70 [VAL] Loss: 0.5828, Accuracy: 71.17%, Precision: 0.72, Recall: 0.65, F1-Score: 0.68, AUC: 0.71
Epoch [90/100] - [TRAIN] Loss: 0.5893, Accuracy: 70.63%, AUC: 0.70 [VAL] Loss: 0.5899, Accuracy: 69.88%, Precision: 0.70, Recall: 0.62, F1-Score: 0.66, AUC: 0.69
Epoch [91/100] - [TRAIN] Loss: 0.5915, Accuracy: 70.21%, AUC: 0.70 [VAL] Loss: 0.5904, Accuracy: 70.22%, Precision: 0.70, Recall: 0.63, F1-Score: 0.66, AUC: 0.70
Epoch [92/100] - [TRAIN] Loss: 0.5879, Accuracy: 70.69%, AUC: 0.70 [VAL] Loss: 0.5830, Accuracy: 70.79%, Precision: 0.72, Recall: 0.63, F1-Score: 0.67, AUC: 0.70
Epoch [93/100] - [TRAIN] Loss: 0.5892, Accuracy: 70.23%, AUC: 0.70 [VAL] Loss: 0.5890, Accuracy: 70.40%, Precision: 0.71, Recall: 0.63, F1-Score: 0.67, AUC: 0.70
Epoch [94/100] - [TRAIN] Loss: 0.5900, Accuracy: 70.21%, AUC: 0.70 [VAL] Loss: 0.5781, Accuracy: 71.11%, Precision: 0.72, Recall: 0.64, F1-Score: 0.67, AUC: 0.71
Epoch [95/100] - [TRAIN] Loss: 0.5878, Accuracy: 70.58%, AUC: 0.70 [VAL] Loss: 0.5899, Accuracy: 70.76%, Precision: 0.71, Recall: 0.64, F1-Score: 0.67, AUC: 0.70
Epoch [96/100] - [TRAIN] Loss: 0.5898, Accuracy: 70.49%, AUC: 0.70 [VAL] Loss: 0.5872, Accuracy: 70.49%, Precision: 0.71, Recall: 0.63, F1-Score: 0.67, AUC: 0.70
Epoch [97/100] - [TRAIN] Loss: 0.5861, Accuracy: 70.81%, AUC: 0.70 [VAL] Loss: 0.5865, Accuracy: 71.01%, Precision: 0.71, Recall: 0.63, F1-Score: 0.67, AUC: 0.71
Epoch [98/100] - [TRAIN] Loss: 0.5886, Accuracy: 70.49%, AUC: 0.70 [VAL] Loss: 0.5907, Accuracy: 70.61%, Precision: 0.72, Recall: 0.62, F1-Score: 0.67, AUC: 0.70
Epoch [99/100] - [TRAIN] Loss: 0.5905, Accuracy: 70.40%, AUC: 0.70 [VAL] Loss: 0.5916, Accuracy: 69.87%, Precision: 0.71, Recall: 0.62, F1-Score: 0.66, AUC: 0.69
Epoch [100/100] - [TRAIN] Loss: 0.5897, Accuracy: 70.71%, AUC: 0.70 [VAL] Loss: 0.5888, Accuracy: 70.49%, Precision: 0.71, Recall: 0.63, F1-Score: 0.67, AUC: 0.70
Accuracy Score on test set: 69.77 %
    AUC Score on test set: 0.69
    Precision: 0.7090
    Recall: 0.6253
    F1-Score: 0.6645

    Detailed Classification Report:
                  precision    recall  f1-score   support

           0       0.69      0.76      0.72      5212
           1       0.71      0.63      0.66      4788

    accuracy                           0.70     10000
   macro avg       0.70      0.69      0.69     10000
weighted avg       0.70      0.70      0.70     10000


    Confusion Matrix:
    [[3983 1229]
 [1794 2994]]
    
012-H3K9me3-H3K27ac
Epoch [1/100] - [TRAIN] Loss: 0.6630, Accuracy: 65.40%, AUC: 0.66 [VAL] Loss: 0.6399, Accuracy: 68.98%, Precision: 0.67, Recall: 0.68, F1-Score: 0.68, AUC: 0.69
Epoch [2/100] - [TRAIN] Loss: 0.6371, Accuracy: 69.19%, AUC: 0.69 [VAL] Loss: 0.6291, Accuracy: 69.41%, Precision: 0.69, Recall: 0.64, F1-Score: 0.66, AUC: 0.69
Epoch [3/100] - [TRAIN] Loss: 0.6226, Accuracy: 70.19%, AUC: 0.70 [VAL] Loss: 0.6243, Accuracy: 69.75%, Precision: 0.72, Recall: 0.60, F1-Score: 0.66, AUC: 0.69
Epoch [4/100] - [TRAIN] Loss: 0.6190, Accuracy: 70.00%, AUC: 0.70 [VAL] Loss: 0.6114, Accuracy: 70.62%, Precision: 0.72, Recall: 0.61, F1-Score: 0.66, AUC: 0.70
Epoch [5/100] - [TRAIN] Loss: 0.6146, Accuracy: 70.01%, AUC: 0.70 [VAL] Loss: 0.6097, Accuracy: 71.00%, Precision: 0.73, Recall: 0.61, F1-Score: 0.67, AUC: 0.71
Epoch [6/100] - [TRAIN] Loss: 0.6120, Accuracy: 70.16%, AUC: 0.70 [VAL] Loss: 0.6036, Accuracy: 70.53%, Precision: 0.73, Recall: 0.59, F1-Score: 0.65, AUC: 0.70
Epoch [7/100] - [TRAIN] Loss: 0.6100, Accuracy: 70.03%, AUC: 0.70 [VAL] Loss: 0.6081, Accuracy: 69.97%, Precision: 0.72, Recall: 0.59, F1-Score: 0.65, AUC: 0.69
Epoch [8/100] - [TRAIN] Loss: 0.6084, Accuracy: 70.13%, AUC: 0.70 [VAL] Loss: 0.6095, Accuracy: 70.13%, Precision: 0.72, Recall: 0.60, F1-Score: 0.65, AUC: 0.70
Epoch [9/100] - [TRAIN] Loss: 0.6060, Accuracy: 70.04%, AUC: 0.70 [VAL] Loss: 0.6062, Accuracy: 70.05%, Precision: 0.74, Recall: 0.59, F1-Score: 0.65, AUC: 0.70
Epoch [10/100] - [TRAIN] Loss: 0.6060, Accuracy: 69.99%, AUC: 0.70 [VAL] Loss: 0.5999, Accuracy: 70.52%, Precision: 0.73, Recall: 0.59, F1-Score: 0.65, AUC: 0.70
Epoch [11/100] - [TRAIN] Loss: 0.6037, Accuracy: 70.17%, AUC: 0.70 [VAL] Loss: 0.5977, Accuracy: 70.33%, Precision: 0.74, Recall: 0.59, F1-Score: 0.65, AUC: 0.70
Epoch [12/100] - [TRAIN] Loss: 0.6007, Accuracy: 70.35%, AUC: 0.70 [VAL] Loss: 0.5983, Accuracy: 70.10%, Precision: 0.73, Recall: 0.59, F1-Score: 0.65, AUC: 0.70
Epoch [13/100] - [TRAIN] Loss: 0.6010, Accuracy: 70.43%, AUC: 0.70 [VAL] Loss: 0.5931, Accuracy: 71.00%, Precision: 0.73, Recall: 0.59, F1-Score: 0.65, AUC: 0.70
Epoch [14/100] - [TRAIN] Loss: 0.6034, Accuracy: 69.70%, AUC: 0.69 [VAL] Loss: 0.5918, Accuracy: 70.91%, Precision: 0.74, Recall: 0.59, F1-Score: 0.66, AUC: 0.70
Epoch [15/100] - [TRAIN] Loss: 0.5982, Accuracy: 70.38%, AUC: 0.70 [VAL] Loss: 0.5990, Accuracy: 70.17%, Precision: 0.73, Recall: 0.60, F1-Score: 0.65, AUC: 0.70
Epoch [16/100] - [TRAIN] Loss: 0.5985, Accuracy: 70.60%, AUC: 0.70 [VAL] Loss: 0.5962, Accuracy: 70.03%, Precision: 0.71, Recall: 0.60, F1-Score: 0.65, AUC: 0.69
Epoch [17/100] - [TRAIN] Loss: 0.5972, Accuracy: 70.37%, AUC: 0.70 [VAL] Loss: 0.5966, Accuracy: 70.27%, Precision: 0.73, Recall: 0.60, F1-Score: 0.66, AUC: 0.70
Epoch [18/100] - [TRAIN] Loss: 0.5990, Accuracy: 70.06%, AUC: 0.70 [VAL] Loss: 0.5984, Accuracy: 70.12%, Precision: 0.71, Recall: 0.59, F1-Score: 0.65, AUC: 0.69
Epoch [19/100] - [TRAIN] Loss: 0.5957, Accuracy: 70.46%, AUC: 0.70 [VAL] Loss: 0.5989, Accuracy: 69.83%, Precision: 0.72, Recall: 0.60, F1-Score: 0.66, AUC: 0.69
Epoch [20/100] - [TRAIN] Loss: 0.5968, Accuracy: 70.34%, AUC: 0.70 [VAL] Loss: 0.5913, Accuracy: 70.86%, Precision: 0.74, Recall: 0.61, F1-Score: 0.67, AUC: 0.70
Epoch [21/100] - [TRAIN] Loss: 0.5982, Accuracy: 70.14%, AUC: 0.70 [VAL] Loss: 0.5906, Accuracy: 70.59%, Precision: 0.74, Recall: 0.60, F1-Score: 0.66, AUC: 0.70
Epoch [22/100] - [TRAIN] Loss: 0.5972, Accuracy: 70.31%, AUC: 0.70 [VAL] Loss: 0.5887, Accuracy: 70.98%, Precision: 0.74, Recall: 0.61, F1-Score: 0.67, AUC: 0.71
Epoch [23/100] - [TRAIN] Loss: 0.5941, Accuracy: 70.35%, AUC: 0.70 [VAL] Loss: 0.5908, Accuracy: 70.73%, Precision: 0.73, Recall: 0.62, F1-Score: 0.67, AUC: 0.70
Epoch [24/100] - [TRAIN] Loss: 0.5956, Accuracy: 70.25%, AUC: 0.70 [VAL] Loss: 0.5968, Accuracy: 70.79%, Precision: 0.73, Recall: 0.61, F1-Score: 0.66, AUC: 0.70
Epoch [25/100] - [TRAIN] Loss: 0.5934, Accuracy: 70.39%, AUC: 0.70 [VAL] Loss: 0.5946, Accuracy: 69.93%, Precision: 0.72, Recall: 0.60, F1-Score: 0.66, AUC: 0.70
Epoch [26/100] - [TRAIN] Loss: 0.5928, Accuracy: 70.32%, AUC: 0.70 [VAL] Loss: 0.5931, Accuracy: 70.86%, Precision: 0.74, Recall: 0.60, F1-Score: 0.67, AUC: 0.70
Epoch [27/100] - [TRAIN] Loss: 0.5936, Accuracy: 70.29%, AUC: 0.70 [VAL] Loss: 0.5917, Accuracy: 70.48%, Precision: 0.71, Recall: 0.61, F1-Score: 0.66, AUC: 0.70
Epoch [28/100] - [TRAIN] Loss: 0.5935, Accuracy: 70.39%, AUC: 0.70 [VAL] Loss: 0.5886, Accuracy: 70.24%, Precision: 0.73, Recall: 0.60, F1-Score: 0.66, AUC: 0.70
Epoch [29/100] - [TRAIN] Loss: 0.5947, Accuracy: 70.38%, AUC: 0.70 [VAL] Loss: 0.5979, Accuracy: 69.51%, Precision: 0.72, Recall: 0.59, F1-Score: 0.65, AUC: 0.69
Epoch [30/100] - [TRAIN] Loss: 0.5885, Accuracy: 70.81%, AUC: 0.70 [VAL] Loss: 0.5888, Accuracy: 70.88%, Precision: 0.73, Recall: 0.61, F1-Score: 0.67, AUC: 0.70
Epoch [31/100] - [TRAIN] Loss: 0.5944, Accuracy: 70.29%, AUC: 0.70 [VAL] Loss: 0.5954, Accuracy: 69.81%, Precision: 0.71, Recall: 0.59, F1-Score: 0.65, AUC: 0.69
Epoch [32/100] - [TRAIN] Loss: 0.5903, Accuracy: 70.39%, AUC: 0.70 [VAL] Loss: 0.5895, Accuracy: 70.92%, Precision: 0.73, Recall: 0.61, F1-Score: 0.67, AUC: 0.70
Epoch [33/100] - [TRAIN] Loss: 0.5909, Accuracy: 70.61%, AUC: 0.70 [VAL] Loss: 0.5992, Accuracy: 69.93%, Precision: 0.72, Recall: 0.60, F1-Score: 0.65, AUC: 0.69
Epoch [34/100] - [TRAIN] Loss: 0.5894, Accuracy: 70.39%, AUC: 0.70 [VAL] Loss: 0.5942, Accuracy: 69.90%, Precision: 0.72, Recall: 0.60, F1-Score: 0.66, AUC: 0.69
Epoch [35/100] - [TRAIN] Loss: 0.5882, Accuracy: 70.62%, AUC: 0.70 [VAL] Loss: 0.5887, Accuracy: 70.84%, Precision: 0.72, Recall: 0.61, F1-Score: 0.66, AUC: 0.70
Epoch [36/100] - [TRAIN] Loss: 0.5875, Accuracy: 70.62%, AUC: 0.70 [VAL] Loss: 0.5894, Accuracy: 70.57%, Precision: 0.73, Recall: 0.61, F1-Score: 0.66, AUC: 0.70
Epoch [37/100] - [TRAIN] Loss: 0.5882, Accuracy: 70.56%, AUC: 0.70 [VAL] Loss: 0.5960, Accuracy: 69.29%, Precision: 0.72, Recall: 0.60, F1-Score: 0.65, AUC: 0.69
Epoch [38/100] - [TRAIN] Loss: 0.5886, Accuracy: 70.78%, AUC: 0.70 [VAL] Loss: 0.5805, Accuracy: 70.91%, Precision: 0.73, Recall: 0.61, F1-Score: 0.66, AUC: 0.70
Epoch [39/100] - [TRAIN] Loss: 0.5875, Accuracy: 70.82%, AUC: 0.70 [VAL] Loss: 0.5910, Accuracy: 70.48%, Precision: 0.72, Recall: 0.61, F1-Score: 0.66, AUC: 0.70
Epoch [40/100] - [TRAIN] Loss: 0.5881, Accuracy: 70.74%, AUC: 0.70 [VAL] Loss: 0.5869, Accuracy: 70.83%, Precision: 0.72, Recall: 0.62, F1-Score: 0.67, AUC: 0.70
Epoch [41/100] - [TRAIN] Loss: 0.5899, Accuracy: 70.35%, AUC: 0.70 [VAL] Loss: 0.5862, Accuracy: 70.48%, Precision: 0.72, Recall: 0.61, F1-Score: 0.66, AUC: 0.70
Epoch [42/100] - [TRAIN] Loss: 0.5871, Accuracy: 70.80%, AUC: 0.70 [VAL] Loss: 0.5849, Accuracy: 70.58%, Precision: 0.72, Recall: 0.62, F1-Score: 0.67, AUC: 0.70
Epoch [43/100] - [TRAIN] Loss: 0.5883, Accuracy: 70.49%, AUC: 0.70 [VAL] Loss: 0.5935, Accuracy: 70.23%, Precision: 0.72, Recall: 0.61, F1-Score: 0.66, AUC: 0.70
Epoch [44/100] - [TRAIN] Loss: 0.5913, Accuracy: 70.22%, AUC: 0.70 [VAL] Loss: 0.5845, Accuracy: 70.56%, Precision: 0.71, Recall: 0.61, F1-Score: 0.66, AUC: 0.70
Epoch [45/100] - [TRAIN] Loss: 0.5878, Accuracy: 70.58%, AUC: 0.70 [VAL] Loss: 0.5847, Accuracy: 70.56%, Precision: 0.72, Recall: 0.61, F1-Score: 0.66, AUC: 0.70
Epoch [46/100] - [TRAIN] Loss: 0.5919, Accuracy: 70.36%, AUC: 0.70 [VAL] Loss: 0.5994, Accuracy: 69.71%, Precision: 0.70, Recall: 0.60, F1-Score: 0.65, AUC: 0.69
Epoch [47/100] - [TRAIN] Loss: 0.5898, Accuracy: 70.29%, AUC: 0.70 [VAL] Loss: 0.5875, Accuracy: 70.19%, Precision: 0.72, Recall: 0.60, F1-Score: 0.66, AUC: 0.70
Epoch [48/100] - [TRAIN] Loss: 0.5884, Accuracy: 70.70%, AUC: 0.70 [VAL] Loss: 0.5944, Accuracy: 70.81%, Precision: 0.72, Recall: 0.61, F1-Score: 0.66, AUC: 0.70
Epoch [49/100] - [TRAIN] Loss: 0.5883, Accuracy: 70.60%, AUC: 0.70 [VAL] Loss: 0.5869, Accuracy: 70.70%, Precision: 0.72, Recall: 0.61, F1-Score: 0.66, AUC: 0.70
Epoch [50/100] - [TRAIN] Loss: 0.5896, Accuracy: 70.41%, AUC: 0.70 [VAL] Loss: 0.5956, Accuracy: 69.64%, Precision: 0.71, Recall: 0.60, F1-Score: 0.65, AUC: 0.69
Epoch [51/100] - [TRAIN] Loss: 0.5887, Accuracy: 70.46%, AUC: 0.70 [VAL] Loss: 0.5927, Accuracy: 70.05%, Precision: 0.72, Recall: 0.60, F1-Score: 0.65, AUC: 0.70
Epoch [52/100] - [TRAIN] Loss: 0.5912, Accuracy: 70.35%, AUC: 0.70 [VAL] Loss: 0.5962, Accuracy: 70.04%, Precision: 0.71, Recall: 0.60, F1-Score: 0.65, AUC: 0.69
Epoch [53/100] - [TRAIN] Loss: 0.5879, Accuracy: 70.51%, AUC: 0.70 [VAL] Loss: 0.5952, Accuracy: 70.07%, Precision: 0.72, Recall: 0.61, F1-Score: 0.66, AUC: 0.70
Epoch [54/100] - [TRAIN] Loss: 0.5894, Accuracy: 70.48%, AUC: 0.70 [VAL] Loss: 0.5901, Accuracy: 70.03%, Precision: 0.72, Recall: 0.61, F1-Score: 0.66, AUC: 0.70
Epoch [55/100] - [TRAIN] Loss: 0.5884, Accuracy: 70.44%, AUC: 0.70 [VAL] Loss: 0.5885, Accuracy: 70.65%, Precision: 0.73, Recall: 0.61, F1-Score: 0.67, AUC: 0.70
Epoch [56/100] - [TRAIN] Loss: 0.5871, Accuracy: 70.55%, AUC: 0.70 [VAL] Loss: 0.5892, Accuracy: 70.17%, Precision: 0.72, Recall: 0.61, F1-Score: 0.66, AUC: 0.70
Epoch [57/100] - [TRAIN] Loss: 0.5886, Accuracy: 70.36%, AUC: 0.70 [VAL] Loss: 0.5827, Accuracy: 71.23%, Precision: 0.72, Recall: 0.62, F1-Score: 0.67, AUC: 0.71
Epoch [58/100] - [TRAIN] Loss: 0.5888, Accuracy: 70.60%, AUC: 0.70 [VAL] Loss: 0.5991, Accuracy: 69.72%, Precision: 0.71, Recall: 0.60, F1-Score: 0.65, AUC: 0.69
Epoch [59/100] - [TRAIN] Loss: 0.5909, Accuracy: 70.39%, AUC: 0.70 [VAL] Loss: 0.5889, Accuracy: 70.26%, Precision: 0.71, Recall: 0.60, F1-Score: 0.65, AUC: 0.70
Epoch [60/100] - [TRAIN] Loss: 0.5864, Accuracy: 70.67%, AUC: 0.70 [VAL] Loss: 0.5942, Accuracy: 69.52%, Precision: 0.71, Recall: 0.61, F1-Score: 0.65, AUC: 0.69
Epoch [61/100] - [TRAIN] Loss: 0.5883, Accuracy: 70.55%, AUC: 0.70 [VAL] Loss: 0.5823, Accuracy: 70.77%, Precision: 0.73, Recall: 0.61, F1-Score: 0.66, AUC: 0.70
Epoch [62/100] - [TRAIN] Loss: 0.5878, Accuracy: 70.50%, AUC: 0.70 [VAL] Loss: 0.5836, Accuracy: 70.56%, Precision: 0.72, Recall: 0.61, F1-Score: 0.66, AUC: 0.70
Epoch [63/100] - [TRAIN] Loss: 0.5884, Accuracy: 70.51%, AUC: 0.70 [VAL] Loss: 0.5827, Accuracy: 71.40%, Precision: 0.73, Recall: 0.62, F1-Score: 0.67, AUC: 0.71
Epoch [64/100] - [TRAIN] Loss: 0.5905, Accuracy: 70.52%, AUC: 0.70 [VAL] Loss: 0.5929, Accuracy: 70.14%, Precision: 0.72, Recall: 0.61, F1-Score: 0.66, AUC: 0.70
Epoch [65/100] - [TRAIN] Loss: 0.5901, Accuracy: 70.36%, AUC: 0.70 [VAL] Loss: 0.5933, Accuracy: 70.67%, Precision: 0.72, Recall: 0.62, F1-Score: 0.67, AUC: 0.70
Epoch [66/100] - [TRAIN] Loss: 0.5901, Accuracy: 70.44%, AUC: 0.70 [VAL] Loss: 0.5904, Accuracy: 70.28%, Precision: 0.72, Recall: 0.61, F1-Score: 0.66, AUC: 0.70
Epoch [67/100] - [TRAIN] Loss: 0.5913, Accuracy: 70.23%, AUC: 0.70 [VAL] Loss: 0.5942, Accuracy: 70.40%, Precision: 0.73, Recall: 0.62, F1-Score: 0.67, AUC: 0.70
Epoch [68/100] - [TRAIN] Loss: 0.5891, Accuracy: 70.75%, AUC: 0.70 [VAL] Loss: 0.5906, Accuracy: 70.54%, Precision: 0.72, Recall: 0.61, F1-Score: 0.66, AUC: 0.70
Epoch [69/100] - [TRAIN] Loss: 0.5931, Accuracy: 70.34%, AUC: 0.70 [VAL] Loss: 0.5837, Accuracy: 71.05%, Precision: 0.73, Recall: 0.62, F1-Score: 0.67, AUC: 0.71
Epoch [70/100] - [TRAIN] Loss: 0.5886, Accuracy: 70.55%, AUC: 0.70 [VAL] Loss: 0.5852, Accuracy: 71.01%, Precision: 0.73, Recall: 0.61, F1-Score: 0.67, AUC: 0.70
Epoch [71/100] - [TRAIN] Loss: 0.5881, Accuracy: 70.57%, AUC: 0.70 [VAL] Loss: 0.5867, Accuracy: 70.17%, Precision: 0.72, Recall: 0.60, F1-Score: 0.66, AUC: 0.70
Epoch [72/100] - [TRAIN] Loss: 0.5878, Accuracy: 70.47%, AUC: 0.70 [VAL] Loss: 0.5853, Accuracy: 70.90%, Precision: 0.73, Recall: 0.62, F1-Score: 0.67, AUC: 0.70
Epoch [73/100] - [TRAIN] Loss: 0.5905, Accuracy: 70.41%, AUC: 0.70 [VAL] Loss: 0.5885, Accuracy: 70.48%, Precision: 0.72, Recall: 0.61, F1-Score: 0.66, AUC: 0.70
Epoch [74/100] - [TRAIN] Loss: 0.5873, Accuracy: 70.66%, AUC: 0.70 [VAL] Loss: 0.5924, Accuracy: 70.09%, Precision: 0.71, Recall: 0.61, F1-Score: 0.66, AUC: 0.70
Epoch [75/100] - [TRAIN] Loss: 0.5875, Accuracy: 70.46%, AUC: 0.70 [VAL] Loss: 0.5927, Accuracy: 70.30%, Precision: 0.72, Recall: 0.61, F1-Score: 0.66, AUC: 0.70
Epoch [76/100] - [TRAIN] Loss: 0.5897, Accuracy: 70.25%, AUC: 0.70 [VAL] Loss: 0.5836, Accuracy: 70.60%, Precision: 0.73, Recall: 0.62, F1-Score: 0.67, AUC: 0.70
Epoch [77/100] - [TRAIN] Loss: 0.5916, Accuracy: 70.38%, AUC: 0.70 [VAL] Loss: 0.5916, Accuracy: 70.54%, Precision: 0.72, Recall: 0.61, F1-Score: 0.66, AUC: 0.70
Epoch [78/100] - [TRAIN] Loss: 0.5902, Accuracy: 70.37%, AUC: 0.70 [VAL] Loss: 0.5924, Accuracy: 70.23%, Precision: 0.71, Recall: 0.61, F1-Score: 0.66, AUC: 0.70
Epoch [79/100] - [TRAIN] Loss: 0.5913, Accuracy: 70.38%, AUC: 0.70 [VAL] Loss: 0.5835, Accuracy: 71.46%, Precision: 0.73, Recall: 0.63, F1-Score: 0.68, AUC: 0.71
Epoch [80/100] - [TRAIN] Loss: 0.5893, Accuracy: 70.44%, AUC: 0.70 [VAL] Loss: 0.5843, Accuracy: 70.57%, Precision: 0.72, Recall: 0.61, F1-Score: 0.66, AUC: 0.70
Epoch [81/100] - [TRAIN] Loss: 0.5881, Accuracy: 70.53%, AUC: 0.70 [VAL] Loss: 0.5870, Accuracy: 71.22%, Precision: 0.74, Recall: 0.62, F1-Score: 0.68, AUC: 0.71
Epoch [82/100] - [TRAIN] Loss: 0.5893, Accuracy: 70.44%, AUC: 0.70 [VAL] Loss: 0.5887, Accuracy: 70.47%, Precision: 0.72, Recall: 0.61, F1-Score: 0.66, AUC: 0.70
Epoch [83/100] - [TRAIN] Loss: 0.5891, Accuracy: 70.54%, AUC: 0.70 [VAL] Loss: 0.5888, Accuracy: 69.90%, Precision: 0.72, Recall: 0.60, F1-Score: 0.66, AUC: 0.69
Epoch [84/100] - [TRAIN] Loss: 0.5865, Accuracy: 70.87%, AUC: 0.71 [VAL] Loss: 0.5905, Accuracy: 70.38%, Precision: 0.72, Recall: 0.61, F1-Score: 0.66, AUC: 0.70
Epoch [85/100] - [TRAIN] Loss: 0.5918, Accuracy: 70.40%, AUC: 0.70 [VAL] Loss: 0.5913, Accuracy: 70.45%, Precision: 0.72, Recall: 0.61, F1-Score: 0.66, AUC: 0.70
Epoch [86/100] - [TRAIN] Loss: 0.5873, Accuracy: 70.83%, AUC: 0.70 [VAL] Loss: 0.5860, Accuracy: 70.54%, Precision: 0.72, Recall: 0.62, F1-Score: 0.67, AUC: 0.70
Epoch [87/100] - [TRAIN] Loss: 0.5892, Accuracy: 70.55%, AUC: 0.70 [VAL] Loss: 0.5899, Accuracy: 70.49%, Precision: 0.72, Recall: 0.62, F1-Score: 0.67, AUC: 0.70
Epoch [88/100] - [TRAIN] Loss: 0.5906, Accuracy: 70.41%, AUC: 0.70 [VAL] Loss: 0.5980, Accuracy: 69.34%, Precision: 0.71, Recall: 0.61, F1-Score: 0.65, AUC: 0.69
Epoch [89/100] - [TRAIN] Loss: 0.5886, Accuracy: 70.49%, AUC: 0.70 [VAL] Loss: 0.5819, Accuracy: 71.12%, Precision: 0.73, Recall: 0.62, F1-Score: 0.67, AUC: 0.71
Epoch [90/100] - [TRAIN] Loss: 0.5906, Accuracy: 70.37%, AUC: 0.70 [VAL] Loss: 0.5863, Accuracy: 70.83%, Precision: 0.72, Recall: 0.62, F1-Score: 0.67, AUC: 0.70
Epoch [91/100] - [TRAIN] Loss: 0.5858, Accuracy: 70.73%, AUC: 0.70 [VAL] Loss: 0.5907, Accuracy: 69.85%, Precision: 0.71, Recall: 0.61, F1-Score: 0.65, AUC: 0.69
Epoch [92/100] - [TRAIN] Loss: 0.5894, Accuracy: 70.63%, AUC: 0.70 [VAL] Loss: 0.5928, Accuracy: 70.66%, Precision: 0.71, Recall: 0.62, F1-Score: 0.66, AUC: 0.70
Epoch [93/100] - [TRAIN] Loss: 0.5911, Accuracy: 70.38%, AUC: 0.70 [VAL] Loss: 0.5811, Accuracy: 71.28%, Precision: 0.73, Recall: 0.61, F1-Score: 0.67, AUC: 0.71
Epoch [94/100] - [TRAIN] Loss: 0.5887, Accuracy: 70.66%, AUC: 0.70 [VAL] Loss: 0.5839, Accuracy: 70.59%, Precision: 0.73, Recall: 0.61, F1-Score: 0.66, AUC: 0.70
Epoch [95/100] - [TRAIN] Loss: 0.5877, Accuracy: 70.67%, AUC: 0.70 [VAL] Loss: 0.5941, Accuracy: 70.19%, Precision: 0.71, Recall: 0.61, F1-Score: 0.66, AUC: 0.70
Epoch [96/100] - [TRAIN] Loss: 0.5901, Accuracy: 70.29%, AUC: 0.70 [VAL] Loss: 0.5914, Accuracy: 70.10%, Precision: 0.72, Recall: 0.61, F1-Score: 0.66, AUC: 0.70
Epoch [97/100] - [TRAIN] Loss: 0.5892, Accuracy: 70.47%, AUC: 0.70 [VAL] Loss: 0.5849, Accuracy: 71.21%, Precision: 0.73, Recall: 0.63, F1-Score: 0.67, AUC: 0.71
Epoch [98/100] - [TRAIN] Loss: 0.5874, Accuracy: 70.66%, AUC: 0.70 [VAL] Loss: 0.5836, Accuracy: 70.81%, Precision: 0.72, Recall: 0.62, F1-Score: 0.66, AUC: 0.70
Epoch [99/100] - [TRAIN] Loss: 0.5882, Accuracy: 70.45%, AUC: 0.70 [VAL] Loss: 0.5863, Accuracy: 70.95%, Precision: 0.73, Recall: 0.61, F1-Score: 0.67, AUC: 0.70
Epoch [100/100] - [TRAIN] Loss: 0.5879, Accuracy: 70.46%, AUC: 0.70 [VAL] Loss: 0.5926, Accuracy: 70.49%, Precision: 0.72, Recall: 0.62, F1-Score: 0.66, AUC: 0.70
Accuracy Score on test set: 70.41 %
    AUC Score on test set: 0.70
    Precision: 0.7167
    Recall: 0.6099
    F1-Score: 0.6590

    Detailed Classification Report:
                  precision    recall  f1-score   support

           0       0.70      0.79      0.74      5312
           1       0.72      0.61      0.66      4688

    accuracy                           0.70     10000
   macro avg       0.71      0.70      0.70     10000
weighted avg       0.71      0.70      0.70     10000


    Confusion Matrix:
    [[4182 1130]
 [1829 2859]]
    
013-H3K9me3-H3K27me3
Epoch [1/100] - [TRAIN] Loss: 0.7085, Accuracy: 54.91%, AUC: 0.53 [VAL] Loss: 0.6946, Accuracy: 58.32%, Precision: 0.68, Recall: 0.23, F1-Score: 0.34, AUC: 0.57
Epoch [2/100] - [TRAIN] Loss: 0.6879, Accuracy: 59.57%, AUC: 0.58 [VAL] Loss: 0.6807, Accuracy: 61.73%, Precision: 0.67, Recall: 0.40, F1-Score: 0.50, AUC: 0.61
Epoch [3/100] - [TRAIN] Loss: 0.6779, Accuracy: 62.42%, AUC: 0.62 [VAL] Loss: 0.6693, Accuracy: 64.63%, Precision: 0.68, Recall: 0.50, F1-Score: 0.58, AUC: 0.64
Epoch [4/100] - [TRAIN] Loss: 0.6732, Accuracy: 63.40%, AUC: 0.63 [VAL] Loss: 0.6668, Accuracy: 64.80%, Precision: 0.66, Recall: 0.51, F1-Score: 0.58, AUC: 0.64
Epoch [5/100] - [TRAIN] Loss: 0.6698, Accuracy: 63.75%, AUC: 0.63 [VAL] Loss: 0.6646, Accuracy: 64.60%, Precision: 0.66, Recall: 0.53, F1-Score: 0.59, AUC: 0.64
Epoch [6/100] - [TRAIN] Loss: 0.6668, Accuracy: 63.90%, AUC: 0.63 [VAL] Loss: 0.6595, Accuracy: 65.20%, Precision: 0.65, Recall: 0.53, F1-Score: 0.59, AUC: 0.64
Epoch [7/100] - [TRAIN] Loss: 0.6655, Accuracy: 64.05%, AUC: 0.63 [VAL] Loss: 0.6637, Accuracy: 64.03%, Precision: 0.65, Recall: 0.54, F1-Score: 0.59, AUC: 0.64
Epoch [8/100] - [TRAIN] Loss: 0.6640, Accuracy: 63.79%, AUC: 0.63 [VAL] Loss: 0.6603, Accuracy: 64.56%, Precision: 0.66, Recall: 0.53, F1-Score: 0.58, AUC: 0.64
Epoch [9/100] - [TRAIN] Loss: 0.6658, Accuracy: 63.67%, AUC: 0.63 [VAL] Loss: 0.6539, Accuracy: 65.37%, Precision: 0.66, Recall: 0.55, F1-Score: 0.60, AUC: 0.65
Epoch [10/100] - [TRAIN] Loss: 0.6605, Accuracy: 64.45%, AUC: 0.64 [VAL] Loss: 0.6534, Accuracy: 65.78%, Precision: 0.66, Recall: 0.56, F1-Score: 0.61, AUC: 0.65
Epoch [11/100] - [TRAIN] Loss: 0.6604, Accuracy: 64.24%, AUC: 0.64 [VAL] Loss: 0.6543, Accuracy: 65.93%, Precision: 0.67, Recall: 0.54, F1-Score: 0.60, AUC: 0.65
Epoch [12/100] - [TRAIN] Loss: 0.6593, Accuracy: 64.40%, AUC: 0.64 [VAL] Loss: 0.6574, Accuracy: 64.95%, Precision: 0.66, Recall: 0.54, F1-Score: 0.59, AUC: 0.64
Epoch [13/100] - [TRAIN] Loss: 0.6587, Accuracy: 64.45%, AUC: 0.64 [VAL] Loss: 0.6501, Accuracy: 65.35%, Precision: 0.65, Recall: 0.54, F1-Score: 0.59, AUC: 0.64
Epoch [14/100] - [TRAIN] Loss: 0.6596, Accuracy: 64.07%, AUC: 0.64 [VAL] Loss: 0.6574, Accuracy: 65.13%, Precision: 0.67, Recall: 0.55, F1-Score: 0.60, AUC: 0.65
Epoch [15/100] - [TRAIN] Loss: 0.6595, Accuracy: 64.39%, AUC: 0.64 [VAL] Loss: 0.6508, Accuracy: 65.47%, Precision: 0.66, Recall: 0.56, F1-Score: 0.61, AUC: 0.65
Epoch [16/100] - [TRAIN] Loss: 0.6571, Accuracy: 64.71%, AUC: 0.64 [VAL] Loss: 0.6529, Accuracy: 64.83%, Precision: 0.65, Recall: 0.55, F1-Score: 0.59, AUC: 0.64
Epoch [17/100] - [TRAIN] Loss: 0.6572, Accuracy: 64.67%, AUC: 0.64 [VAL] Loss: 0.6516, Accuracy: 65.36%, Precision: 0.66, Recall: 0.56, F1-Score: 0.60, AUC: 0.65
Epoch [18/100] - [TRAIN] Loss: 0.6559, Accuracy: 64.68%, AUC: 0.64 [VAL] Loss: 0.6541, Accuracy: 65.06%, Precision: 0.66, Recall: 0.56, F1-Score: 0.60, AUC: 0.65
Epoch [19/100] - [TRAIN] Loss: 0.6563, Accuracy: 64.77%, AUC: 0.64 [VAL] Loss: 0.6491, Accuracy: 65.78%, Precision: 0.68, Recall: 0.55, F1-Score: 0.61, AUC: 0.65
Epoch [20/100] - [TRAIN] Loss: 0.6572, Accuracy: 64.52%, AUC: 0.64 [VAL] Loss: 0.6533, Accuracy: 65.22%, Precision: 0.66, Recall: 0.56, F1-Score: 0.60, AUC: 0.65
Epoch [21/100] - [TRAIN] Loss: 0.6538, Accuracy: 64.98%, AUC: 0.64 [VAL] Loss: 0.6516, Accuracy: 65.55%, Precision: 0.65, Recall: 0.58, F1-Score: 0.61, AUC: 0.65
Epoch [22/100] - [TRAIN] Loss: 0.6571, Accuracy: 64.37%, AUC: 0.64 [VAL] Loss: 0.6491, Accuracy: 65.57%, Precision: 0.65, Recall: 0.57, F1-Score: 0.61, AUC: 0.65
Epoch [23/100] - [TRAIN] Loss: 0.6567, Accuracy: 64.43%, AUC: 0.64 [VAL] Loss: 0.6543, Accuracy: 65.30%, Precision: 0.66, Recall: 0.56, F1-Score: 0.61, AUC: 0.65
Epoch [24/100] - [TRAIN] Loss: 0.6554, Accuracy: 64.72%, AUC: 0.64 [VAL] Loss: 0.6442, Accuracy: 66.69%, Precision: 0.66, Recall: 0.58, F1-Score: 0.62, AUC: 0.66
Epoch [25/100] - [TRAIN] Loss: 0.6532, Accuracy: 65.05%, AUC: 0.65 [VAL] Loss: 0.6477, Accuracy: 65.04%, Precision: 0.65, Recall: 0.56, F1-Score: 0.60, AUC: 0.65
Epoch [26/100] - [TRAIN] Loss: 0.6551, Accuracy: 64.70%, AUC: 0.64 [VAL] Loss: 0.6468, Accuracy: 65.57%, Precision: 0.66, Recall: 0.57, F1-Score: 0.61, AUC: 0.65
Epoch [27/100] - [TRAIN] Loss: 0.6549, Accuracy: 64.74%, AUC: 0.64 [VAL] Loss: 0.6474, Accuracy: 66.19%, Precision: 0.67, Recall: 0.57, F1-Score: 0.61, AUC: 0.66
Epoch [28/100] - [TRAIN] Loss: 0.6536, Accuracy: 64.70%, AUC: 0.64 [VAL] Loss: 0.6464, Accuracy: 65.94%, Precision: 0.65, Recall: 0.57, F1-Score: 0.61, AUC: 0.65
Epoch [29/100] - [TRAIN] Loss: 0.6531, Accuracy: 64.91%, AUC: 0.64 [VAL] Loss: 0.6470, Accuracy: 65.68%, Precision: 0.66, Recall: 0.57, F1-Score: 0.61, AUC: 0.65
Epoch [30/100] - [TRAIN] Loss: 0.6521, Accuracy: 64.81%, AUC: 0.64 [VAL] Loss: 0.6461, Accuracy: 65.92%, Precision: 0.65, Recall: 0.58, F1-Score: 0.61, AUC: 0.65
Epoch [31/100] - [TRAIN] Loss: 0.6526, Accuracy: 64.83%, AUC: 0.64 [VAL] Loss: 0.6528, Accuracy: 64.67%, Precision: 0.65, Recall: 0.55, F1-Score: 0.60, AUC: 0.64
Epoch [32/100] - [TRAIN] Loss: 0.6520, Accuracy: 64.79%, AUC: 0.64 [VAL] Loss: 0.6499, Accuracy: 65.57%, Precision: 0.66, Recall: 0.57, F1-Score: 0.61, AUC: 0.65
Epoch [33/100] - [TRAIN] Loss: 0.6527, Accuracy: 64.85%, AUC: 0.64 [VAL] Loss: 0.6502, Accuracy: 65.39%, Precision: 0.66, Recall: 0.57, F1-Score: 0.61, AUC: 0.65
Epoch [34/100] - [TRAIN] Loss: 0.6513, Accuracy: 65.11%, AUC: 0.65 [VAL] Loss: 0.6462, Accuracy: 66.11%, Precision: 0.66, Recall: 0.57, F1-Score: 0.61, AUC: 0.66
Epoch [35/100] - [TRAIN] Loss: 0.6498, Accuracy: 65.17%, AUC: 0.65 [VAL] Loss: 0.6479, Accuracy: 65.66%, Precision: 0.65, Recall: 0.58, F1-Score: 0.61, AUC: 0.65
Epoch [36/100] - [TRAIN] Loss: 0.6524, Accuracy: 64.83%, AUC: 0.64 [VAL] Loss: 0.6482, Accuracy: 66.67%, Precision: 0.66, Recall: 0.58, F1-Score: 0.62, AUC: 0.66
Epoch [37/100] - [TRAIN] Loss: 0.6512, Accuracy: 65.07%, AUC: 0.65 [VAL] Loss: 0.6485, Accuracy: 65.85%, Precision: 0.67, Recall: 0.57, F1-Score: 0.61, AUC: 0.66
Epoch [38/100] - [TRAIN] Loss: 0.6525, Accuracy: 64.75%, AUC: 0.64 [VAL] Loss: 0.6507, Accuracy: 65.33%, Precision: 0.65, Recall: 0.57, F1-Score: 0.61, AUC: 0.65
Epoch [39/100] - [TRAIN] Loss: 0.6518, Accuracy: 64.90%, AUC: 0.64 [VAL] Loss: 0.6473, Accuracy: 65.62%, Precision: 0.65, Recall: 0.57, F1-Score: 0.61, AUC: 0.65
Epoch [40/100] - [TRAIN] Loss: 0.6531, Accuracy: 64.82%, AUC: 0.64 [VAL] Loss: 0.6423, Accuracy: 66.30%, Precision: 0.65, Recall: 0.57, F1-Score: 0.61, AUC: 0.66
Epoch [41/100] - [TRAIN] Loss: 0.6517, Accuracy: 64.97%, AUC: 0.65 [VAL] Loss: 0.6500, Accuracy: 64.90%, Precision: 0.65, Recall: 0.56, F1-Score: 0.60, AUC: 0.64
Epoch [42/100] - [TRAIN] Loss: 0.6511, Accuracy: 65.05%, AUC: 0.65 [VAL] Loss: 0.6485, Accuracy: 65.75%, Precision: 0.66, Recall: 0.57, F1-Score: 0.61, AUC: 0.65
Epoch [43/100] - [TRAIN] Loss: 0.6520, Accuracy: 64.73%, AUC: 0.64 [VAL] Loss: 0.6486, Accuracy: 65.46%, Precision: 0.66, Recall: 0.57, F1-Score: 0.61, AUC: 0.65
Epoch [44/100] - [TRAIN] Loss: 0.6536, Accuracy: 64.48%, AUC: 0.64 [VAL] Loss: 0.6540, Accuracy: 65.10%, Precision: 0.65, Recall: 0.56, F1-Score: 0.60, AUC: 0.65
Epoch [45/100] - [TRAIN] Loss: 0.6523, Accuracy: 64.89%, AUC: 0.64 [VAL] Loss: 0.6504, Accuracy: 65.25%, Precision: 0.66, Recall: 0.56, F1-Score: 0.61, AUC: 0.65
Epoch [46/100] - [TRAIN] Loss: 0.6531, Accuracy: 64.67%, AUC: 0.64 [VAL] Loss: 0.6482, Accuracy: 65.75%, Precision: 0.65, Recall: 0.57, F1-Score: 0.61, AUC: 0.65
Epoch [47/100] - [TRAIN] Loss: 0.6503, Accuracy: 64.97%, AUC: 0.64 [VAL] Loss: 0.6424, Accuracy: 66.94%, Precision: 0.66, Recall: 0.58, F1-Score: 0.62, AUC: 0.66
Epoch [48/100] - [TRAIN] Loss: 0.6516, Accuracy: 65.06%, AUC: 0.65 [VAL] Loss: 0.6447, Accuracy: 66.28%, Precision: 0.66, Recall: 0.57, F1-Score: 0.61, AUC: 0.66
Epoch [49/100] - [TRAIN] Loss: 0.6545, Accuracy: 64.63%, AUC: 0.64 [VAL] Loss: 0.6482, Accuracy: 65.43%, Precision: 0.65, Recall: 0.57, F1-Score: 0.61, AUC: 0.65
Epoch [50/100] - [TRAIN] Loss: 0.6524, Accuracy: 64.73%, AUC: 0.64 [VAL] Loss: 0.6504, Accuracy: 64.81%, Precision: 0.65, Recall: 0.57, F1-Score: 0.61, AUC: 0.64
Epoch [51/100] - [TRAIN] Loss: 0.6509, Accuracy: 65.04%, AUC: 0.65 [VAL] Loss: 0.6525, Accuracy: 65.21%, Precision: 0.66, Recall: 0.57, F1-Score: 0.61, AUC: 0.65
Epoch [52/100] - [TRAIN] Loss: 0.6523, Accuracy: 64.80%, AUC: 0.64 [VAL] Loss: 0.6503, Accuracy: 65.23%, Precision: 0.66, Recall: 0.56, F1-Score: 0.61, AUC: 0.65
Epoch [53/100] - [TRAIN] Loss: 0.6553, Accuracy: 64.53%, AUC: 0.64 [VAL] Loss: 0.6490, Accuracy: 65.23%, Precision: 0.66, Recall: 0.57, F1-Score: 0.61, AUC: 0.65
Epoch [54/100] - [TRAIN] Loss: 0.6523, Accuracy: 64.84%, AUC: 0.64 [VAL] Loss: 0.6520, Accuracy: 65.17%, Precision: 0.65, Recall: 0.56, F1-Score: 0.60, AUC: 0.65
Epoch [55/100] - [TRAIN] Loss: 0.6522, Accuracy: 64.94%, AUC: 0.64 [VAL] Loss: 0.6439, Accuracy: 66.72%, Precision: 0.67, Recall: 0.58, F1-Score: 0.62, AUC: 0.66
Epoch [56/100] - [TRAIN] Loss: 0.6519, Accuracy: 64.85%, AUC: 0.64 [VAL] Loss: 0.6555, Accuracy: 64.66%, Precision: 0.65, Recall: 0.56, F1-Score: 0.60, AUC: 0.64
Epoch [57/100] - [TRAIN] Loss: 0.6524, Accuracy: 64.98%, AUC: 0.64 [VAL] Loss: 0.6513, Accuracy: 65.04%, Precision: 0.65, Recall: 0.56, F1-Score: 0.60, AUC: 0.65
Epoch [58/100] - [TRAIN] Loss: 0.6541, Accuracy: 64.80%, AUC: 0.64 [VAL] Loss: 0.6468, Accuracy: 65.40%, Precision: 0.64, Recall: 0.57, F1-Score: 0.60, AUC: 0.65
Epoch [59/100] - [TRAIN] Loss: 0.6508, Accuracy: 65.01%, AUC: 0.65 [VAL] Loss: 0.6521, Accuracy: 65.43%, Precision: 0.65, Recall: 0.57, F1-Score: 0.61, AUC: 0.65
Epoch [60/100] - [TRAIN] Loss: 0.6538, Accuracy: 64.52%, AUC: 0.64 [VAL] Loss: 0.6482, Accuracy: 65.28%, Precision: 0.65, Recall: 0.57, F1-Score: 0.61, AUC: 0.65
Epoch [61/100] - [TRAIN] Loss: 0.6527, Accuracy: 64.71%, AUC: 0.64 [VAL] Loss: 0.6475, Accuracy: 65.22%, Precision: 0.65, Recall: 0.56, F1-Score: 0.60, AUC: 0.65
Epoch [62/100] - [TRAIN] Loss: 0.6518, Accuracy: 64.91%, AUC: 0.64 [VAL] Loss: 0.6427, Accuracy: 66.22%, Precision: 0.66, Recall: 0.57, F1-Score: 0.61, AUC: 0.66
Epoch [63/100] - [TRAIN] Loss: 0.6523, Accuracy: 64.84%, AUC: 0.64 [VAL] Loss: 0.6439, Accuracy: 66.22%, Precision: 0.66, Recall: 0.57, F1-Score: 0.61, AUC: 0.66
Epoch [64/100] - [TRAIN] Loss: 0.6513, Accuracy: 64.86%, AUC: 0.64 [VAL] Loss: 0.6468, Accuracy: 65.05%, Precision: 0.66, Recall: 0.56, F1-Score: 0.61, AUC: 0.65
Epoch [65/100] - [TRAIN] Loss: 0.6530, Accuracy: 64.73%, AUC: 0.64 [VAL] Loss: 0.6420, Accuracy: 66.51%, Precision: 0.67, Recall: 0.57, F1-Score: 0.62, AUC: 0.66
Epoch [66/100] - [TRAIN] Loss: 0.6531, Accuracy: 64.84%, AUC: 0.64 [VAL] Loss: 0.6507, Accuracy: 65.78%, Precision: 0.66, Recall: 0.58, F1-Score: 0.61, AUC: 0.65
Epoch [67/100] - [TRAIN] Loss: 0.6543, Accuracy: 64.74%, AUC: 0.64 [VAL] Loss: 0.6502, Accuracy: 65.57%, Precision: 0.66, Recall: 0.56, F1-Score: 0.61, AUC: 0.65
Epoch [68/100] - [TRAIN] Loss: 0.6525, Accuracy: 64.67%, AUC: 0.64 [VAL] Loss: 0.6519, Accuracy: 65.44%, Precision: 0.66, Recall: 0.57, F1-Score: 0.61, AUC: 0.65
Epoch [69/100] - [TRAIN] Loss: 0.6533, Accuracy: 64.80%, AUC: 0.64 [VAL] Loss: 0.6464, Accuracy: 65.84%, Precision: 0.66, Recall: 0.57, F1-Score: 0.61, AUC: 0.65
Epoch [70/100] - [TRAIN] Loss: 0.6524, Accuracy: 64.97%, AUC: 0.65 [VAL] Loss: 0.6456, Accuracy: 66.06%, Precision: 0.67, Recall: 0.57, F1-Score: 0.62, AUC: 0.66
Epoch [71/100] - [TRAIN] Loss: 0.6531, Accuracy: 64.71%, AUC: 0.64 [VAL] Loss: 0.6507, Accuracy: 65.46%, Precision: 0.65, Recall: 0.57, F1-Score: 0.61, AUC: 0.65
Epoch [72/100] - [TRAIN] Loss: 0.6532, Accuracy: 64.74%, AUC: 0.64 [VAL] Loss: 0.6459, Accuracy: 66.09%, Precision: 0.66, Recall: 0.57, F1-Score: 0.61, AUC: 0.66
Epoch [73/100] - [TRAIN] Loss: 0.6521, Accuracy: 65.11%, AUC: 0.65 [VAL] Loss: 0.6492, Accuracy: 65.48%, Precision: 0.66, Recall: 0.57, F1-Score: 0.61, AUC: 0.65
Epoch [74/100] - [TRAIN] Loss: 0.6525, Accuracy: 64.64%, AUC: 0.64 [VAL] Loss: 0.6512, Accuracy: 65.63%, Precision: 0.66, Recall: 0.56, F1-Score: 0.61, AUC: 0.65
Epoch [75/100] - [TRAIN] Loss: 0.6516, Accuracy: 65.08%, AUC: 0.65 [VAL] Loss: 0.6498, Accuracy: 65.11%, Precision: 0.64, Recall: 0.57, F1-Score: 0.60, AUC: 0.65
Epoch [76/100] - [TRAIN] Loss: 0.6507, Accuracy: 65.18%, AUC: 0.65 [VAL] Loss: 0.6501, Accuracy: 65.70%, Precision: 0.66, Recall: 0.57, F1-Score: 0.61, AUC: 0.65
Epoch [77/100] - [TRAIN] Loss: 0.6535, Accuracy: 64.75%, AUC: 0.64 [VAL] Loss: 0.6471, Accuracy: 65.55%, Precision: 0.67, Recall: 0.57, F1-Score: 0.61, AUC: 0.65
Epoch [78/100] - [TRAIN] Loss: 0.6532, Accuracy: 64.87%, AUC: 0.64 [VAL] Loss: 0.6447, Accuracy: 65.88%, Precision: 0.65, Recall: 0.57, F1-Score: 0.61, AUC: 0.65
Epoch [79/100] - [TRAIN] Loss: 0.6534, Accuracy: 64.77%, AUC: 0.64 [VAL] Loss: 0.6475, Accuracy: 65.83%, Precision: 0.65, Recall: 0.58, F1-Score: 0.61, AUC: 0.65
Epoch [80/100] - [TRAIN] Loss: 0.6531, Accuracy: 64.73%, AUC: 0.64 [VAL] Loss: 0.6432, Accuracy: 66.22%, Precision: 0.66, Recall: 0.58, F1-Score: 0.62, AUC: 0.66
Epoch [81/100] - [TRAIN] Loss: 0.6543, Accuracy: 64.71%, AUC: 0.64 [VAL] Loss: 0.6493, Accuracy: 64.87%, Precision: 0.65, Recall: 0.56, F1-Score: 0.60, AUC: 0.64
Epoch [82/100] - [TRAIN] Loss: 0.6525, Accuracy: 64.91%, AUC: 0.64 [VAL] Loss: 0.6381, Accuracy: 66.91%, Precision: 0.67, Recall: 0.59, F1-Score: 0.63, AUC: 0.66
Epoch [83/100] - [TRAIN] Loss: 0.6527, Accuracy: 64.80%, AUC: 0.64 [VAL] Loss: 0.6512, Accuracy: 64.93%, Precision: 0.64, Recall: 0.57, F1-Score: 0.61, AUC: 0.65
Epoch [84/100] - [TRAIN] Loss: 0.6517, Accuracy: 64.93%, AUC: 0.64 [VAL] Loss: 0.6462, Accuracy: 65.97%, Precision: 0.66, Recall: 0.58, F1-Score: 0.62, AUC: 0.66
Epoch [85/100] - [TRAIN] Loss: 0.6507, Accuracy: 65.19%, AUC: 0.65 [VAL] Loss: 0.6466, Accuracy: 66.40%, Precision: 0.66, Recall: 0.58, F1-Score: 0.61, AUC: 0.66
Epoch [86/100] - [TRAIN] Loss: 0.6530, Accuracy: 64.94%, AUC: 0.65 [VAL] Loss: 0.6450, Accuracy: 65.77%, Precision: 0.65, Recall: 0.57, F1-Score: 0.61, AUC: 0.65
Epoch [87/100] - [TRAIN] Loss: 0.6510, Accuracy: 65.10%, AUC: 0.65 [VAL] Loss: 0.6455, Accuracy: 66.00%, Precision: 0.66, Recall: 0.56, F1-Score: 0.61, AUC: 0.65
Epoch [88/100] - [TRAIN] Loss: 0.6517, Accuracy: 65.02%, AUC: 0.65 [VAL] Loss: 0.6499, Accuracy: 65.32%, Precision: 0.66, Recall: 0.57, F1-Score: 0.61, AUC: 0.65
Epoch [89/100] - [TRAIN] Loss: 0.6519, Accuracy: 65.12%, AUC: 0.65 [VAL] Loss: 0.6454, Accuracy: 65.91%, Precision: 0.66, Recall: 0.57, F1-Score: 0.61, AUC: 0.65
Epoch [90/100] - [TRAIN] Loss: 0.6543, Accuracy: 64.54%, AUC: 0.64 [VAL] Loss: 0.6455, Accuracy: 65.85%, Precision: 0.66, Recall: 0.57, F1-Score: 0.61, AUC: 0.65
Epoch [91/100] - [TRAIN] Loss: 0.6518, Accuracy: 64.89%, AUC: 0.64 [VAL] Loss: 0.6476, Accuracy: 65.30%, Precision: 0.65, Recall: 0.56, F1-Score: 0.60, AUC: 0.65
Epoch [92/100] - [TRAIN] Loss: 0.6504, Accuracy: 65.19%, AUC: 0.65 [VAL] Loss: 0.6478, Accuracy: 65.43%, Precision: 0.65, Recall: 0.57, F1-Score: 0.61, AUC: 0.65
Epoch [93/100] - [TRAIN] Loss: 0.6528, Accuracy: 64.98%, AUC: 0.65 [VAL] Loss: 0.6451, Accuracy: 66.16%, Precision: 0.67, Recall: 0.57, F1-Score: 0.62, AUC: 0.66
Epoch [94/100] - [TRAIN] Loss: 0.6534, Accuracy: 64.87%, AUC: 0.64 [VAL] Loss: 0.6553, Accuracy: 64.56%, Precision: 0.64, Recall: 0.55, F1-Score: 0.59, AUC: 0.64
Epoch [95/100] - [TRAIN] Loss: 0.6502, Accuracy: 65.11%, AUC: 0.65 [VAL] Loss: 0.6443, Accuracy: 65.96%, Precision: 0.66, Recall: 0.57, F1-Score: 0.61, AUC: 0.65
Epoch [96/100] - [TRAIN] Loss: 0.6516, Accuracy: 64.85%, AUC: 0.64 [VAL] Loss: 0.6490, Accuracy: 65.45%, Precision: 0.65, Recall: 0.57, F1-Score: 0.61, AUC: 0.65
Epoch [97/100] - [TRAIN] Loss: 0.6556, Accuracy: 64.59%, AUC: 0.64 [VAL] Loss: 0.6449, Accuracy: 65.90%, Precision: 0.66, Recall: 0.57, F1-Score: 0.61, AUC: 0.65
Epoch [98/100] - [TRAIN] Loss: 0.6534, Accuracy: 64.65%, AUC: 0.64 [VAL] Loss: 0.6443, Accuracy: 66.28%, Precision: 0.67, Recall: 0.57, F1-Score: 0.62, AUC: 0.66
Epoch [99/100] - [TRAIN] Loss: 0.6515, Accuracy: 65.06%, AUC: 0.65 [VAL] Loss: 0.6481, Accuracy: 65.53%, Precision: 0.65, Recall: 0.57, F1-Score: 0.61, AUC: 0.65
Epoch [100/100] - [TRAIN] Loss: 0.6524, Accuracy: 64.99%, AUC: 0.65 [VAL] Loss: 0.6461, Accuracy: 65.06%, Precision: 0.67, Recall: 0.56, F1-Score: 0.61, AUC: 0.65
Accuracy Score on test set: 65.59 %
    AUC Score on test set: 0.65
    Precision: 0.6608
    Recall: 0.5597
    F1-Score: 0.6061

    Detailed Classification Report:
                  precision    recall  f1-score   support

           0       0.65      0.74      0.69      5271
           1       0.66      0.56      0.61      4729

    accuracy                           0.66     10000
   macro avg       0.66      0.65      0.65     10000
weighted avg       0.66      0.66      0.65     10000


    Confusion Matrix:
    [[3912 1359]
 [2082 2647]]
    
014-H3K27ac-H3K27me3
Epoch [1/100] - [TRAIN] Loss: 0.6507, Accuracy: 66.63%, AUC: 0.67 [VAL] Loss: 0.6273, Accuracy: 69.20%, Precision: 0.68, Recall: 0.67, F1-Score: 0.67, AUC: 0.69
Epoch [2/100] - [TRAIN] Loss: 0.6291, Accuracy: 69.30%, AUC: 0.69 [VAL] Loss: 0.6207, Accuracy: 69.21%, Precision: 0.67, Recall: 0.68, F1-Score: 0.67, AUC: 0.69
Epoch [3/100] - [TRAIN] Loss: 0.6189, Accuracy: 69.62%, AUC: 0.69 [VAL] Loss: 0.6135, Accuracy: 69.59%, Precision: 0.70, Recall: 0.64, F1-Score: 0.67, AUC: 0.69
Epoch [4/100] - [TRAIN] Loss: 0.6150, Accuracy: 69.40%, AUC: 0.69 [VAL] Loss: 0.6075, Accuracy: 69.86%, Precision: 0.71, Recall: 0.62, F1-Score: 0.66, AUC: 0.69
Epoch [5/100] - [TRAIN] Loss: 0.6123, Accuracy: 69.84%, AUC: 0.69 [VAL] Loss: 0.6085, Accuracy: 69.82%, Precision: 0.71, Recall: 0.60, F1-Score: 0.65, AUC: 0.69
Epoch [6/100] - [TRAIN] Loss: 0.6113, Accuracy: 69.36%, AUC: 0.69 [VAL] Loss: 0.6016, Accuracy: 69.87%, Precision: 0.71, Recall: 0.60, F1-Score: 0.65, AUC: 0.69
Epoch [7/100] - [TRAIN] Loss: 0.6062, Accuracy: 70.03%, AUC: 0.70 [VAL] Loss: 0.6059, Accuracy: 69.62%, Precision: 0.69, Recall: 0.61, F1-Score: 0.65, AUC: 0.69
Epoch [8/100] - [TRAIN] Loss: 0.6061, Accuracy: 69.79%, AUC: 0.69 [VAL] Loss: 0.5989, Accuracy: 70.43%, Precision: 0.72, Recall: 0.60, F1-Score: 0.66, AUC: 0.70
Epoch [9/100] - [TRAIN] Loss: 0.6026, Accuracy: 70.03%, AUC: 0.70 [VAL] Loss: 0.6077, Accuracy: 69.31%, Precision: 0.71, Recall: 0.60, F1-Score: 0.65, AUC: 0.69
Epoch [10/100] - [TRAIN] Loss: 0.6022, Accuracy: 70.04%, AUC: 0.70 [VAL] Loss: 0.5973, Accuracy: 70.13%, Precision: 0.72, Recall: 0.60, F1-Score: 0.66, AUC: 0.70
Epoch [11/100] - [TRAIN] Loss: 0.6018, Accuracy: 70.12%, AUC: 0.70 [VAL] Loss: 0.5973, Accuracy: 69.99%, Precision: 0.71, Recall: 0.59, F1-Score: 0.64, AUC: 0.69
Epoch [12/100] - [TRAIN] Loss: 0.5993, Accuracy: 70.19%, AUC: 0.70 [VAL] Loss: 0.6048, Accuracy: 70.02%, Precision: 0.72, Recall: 0.60, F1-Score: 0.66, AUC: 0.70
Epoch [13/100] - [TRAIN] Loss: 0.6003, Accuracy: 70.13%, AUC: 0.70 [VAL] Loss: 0.5951, Accuracy: 70.23%, Precision: 0.72, Recall: 0.59, F1-Score: 0.65, AUC: 0.69
Epoch [14/100] - [TRAIN] Loss: 0.5990, Accuracy: 70.00%, AUC: 0.70 [VAL] Loss: 0.6054, Accuracy: 69.47%, Precision: 0.71, Recall: 0.58, F1-Score: 0.64, AUC: 0.69
Epoch [15/100] - [TRAIN] Loss: 0.5971, Accuracy: 70.05%, AUC: 0.70 [VAL] Loss: 0.5969, Accuracy: 70.14%, Precision: 0.73, Recall: 0.60, F1-Score: 0.66, AUC: 0.70
Epoch [16/100] - [TRAIN] Loss: 0.5969, Accuracy: 70.09%, AUC: 0.70 [VAL] Loss: 0.5876, Accuracy: 70.25%, Precision: 0.73, Recall: 0.60, F1-Score: 0.66, AUC: 0.70
Epoch [17/100] - [TRAIN] Loss: 0.5963, Accuracy: 70.31%, AUC: 0.70 [VAL] Loss: 0.5943, Accuracy: 70.44%, Precision: 0.72, Recall: 0.60, F1-Score: 0.65, AUC: 0.70
Epoch [18/100] - [TRAIN] Loss: 0.5961, Accuracy: 70.53%, AUC: 0.70 [VAL] Loss: 0.5977, Accuracy: 70.31%, Precision: 0.73, Recall: 0.59, F1-Score: 0.65, AUC: 0.70
Epoch [19/100] - [TRAIN] Loss: 0.5955, Accuracy: 70.34%, AUC: 0.70 [VAL] Loss: 0.5945, Accuracy: 70.69%, Precision: 0.73, Recall: 0.60, F1-Score: 0.66, AUC: 0.70
Epoch [20/100] - [TRAIN] Loss: 0.5936, Accuracy: 70.31%, AUC: 0.70 [VAL] Loss: 0.5931, Accuracy: 70.03%, Precision: 0.73, Recall: 0.61, F1-Score: 0.66, AUC: 0.70
Epoch [21/100] - [TRAIN] Loss: 0.5953, Accuracy: 70.30%, AUC: 0.70 [VAL] Loss: 0.5921, Accuracy: 70.67%, Precision: 0.73, Recall: 0.61, F1-Score: 0.66, AUC: 0.70
Epoch [22/100] - [TRAIN] Loss: 0.5941, Accuracy: 70.28%, AUC: 0.70 [VAL] Loss: 0.6021, Accuracy: 69.56%, Precision: 0.71, Recall: 0.60, F1-Score: 0.65, AUC: 0.69
Epoch [23/100] - [TRAIN] Loss: 0.5939, Accuracy: 70.18%, AUC: 0.70 [VAL] Loss: 0.5971, Accuracy: 69.32%, Precision: 0.71, Recall: 0.60, F1-Score: 0.65, AUC: 0.69
Epoch [24/100] - [TRAIN] Loss: 0.5938, Accuracy: 70.03%, AUC: 0.70 [VAL] Loss: 0.5882, Accuracy: 70.15%, Precision: 0.72, Recall: 0.60, F1-Score: 0.65, AUC: 0.70
Epoch [25/100] - [TRAIN] Loss: 0.5937, Accuracy: 70.33%, AUC: 0.70 [VAL] Loss: 0.5883, Accuracy: 70.92%, Precision: 0.74, Recall: 0.61, F1-Score: 0.67, AUC: 0.71
Epoch [26/100] - [TRAIN] Loss: 0.5959, Accuracy: 70.07%, AUC: 0.70 [VAL] Loss: 0.5949, Accuracy: 70.09%, Precision: 0.71, Recall: 0.61, F1-Score: 0.66, AUC: 0.70
Epoch [27/100] - [TRAIN] Loss: 0.5927, Accuracy: 70.26%, AUC: 0.70 [VAL] Loss: 0.5938, Accuracy: 70.35%, Precision: 0.72, Recall: 0.61, F1-Score: 0.66, AUC: 0.70
Epoch [28/100] - [TRAIN] Loss: 0.5944, Accuracy: 70.25%, AUC: 0.70 [VAL] Loss: 0.5975, Accuracy: 70.33%, Precision: 0.72, Recall: 0.59, F1-Score: 0.65, AUC: 0.70
Epoch [29/100] - [TRAIN] Loss: 0.5940, Accuracy: 70.16%, AUC: 0.70 [VAL] Loss: 0.5838, Accuracy: 71.40%, Precision: 0.74, Recall: 0.62, F1-Score: 0.67, AUC: 0.71
Epoch [30/100] - [TRAIN] Loss: 0.5922, Accuracy: 70.16%, AUC: 0.70 [VAL] Loss: 0.5978, Accuracy: 70.34%, Precision: 0.72, Recall: 0.60, F1-Score: 0.66, AUC: 0.70
Epoch [31/100] - [TRAIN] Loss: 0.5922, Accuracy: 70.26%, AUC: 0.70 [VAL] Loss: 0.5875, Accuracy: 70.62%, Precision: 0.72, Recall: 0.61, F1-Score: 0.66, AUC: 0.70
Epoch [32/100] - [TRAIN] Loss: 0.5917, Accuracy: 70.57%, AUC: 0.70 [VAL] Loss: 0.5938, Accuracy: 70.21%, Precision: 0.72, Recall: 0.60, F1-Score: 0.65, AUC: 0.70
Epoch [33/100] - [TRAIN] Loss: 0.5905, Accuracy: 70.35%, AUC: 0.70 [VAL] Loss: 0.5876, Accuracy: 70.55%, Precision: 0.72, Recall: 0.60, F1-Score: 0.66, AUC: 0.70
Epoch [34/100] - [TRAIN] Loss: 0.5919, Accuracy: 70.35%, AUC: 0.70 [VAL] Loss: 0.5965, Accuracy: 70.08%, Precision: 0.72, Recall: 0.60, F1-Score: 0.65, AUC: 0.69
Epoch [35/100] - [TRAIN] Loss: 0.5946, Accuracy: 70.22%, AUC: 0.70 [VAL] Loss: 0.5909, Accuracy: 70.43%, Precision: 0.73, Recall: 0.60, F1-Score: 0.66, AUC: 0.70
Epoch [36/100] - [TRAIN] Loss: 0.5911, Accuracy: 70.65%, AUC: 0.70 [VAL] Loss: 0.5928, Accuracy: 70.75%, Precision: 0.73, Recall: 0.60, F1-Score: 0.66, AUC: 0.70
Epoch [37/100] - [TRAIN] Loss: 0.5933, Accuracy: 70.64%, AUC: 0.70 [VAL] Loss: 0.5976, Accuracy: 69.69%, Precision: 0.72, Recall: 0.60, F1-Score: 0.65, AUC: 0.69
Epoch [38/100] - [TRAIN] Loss: 0.5942, Accuracy: 70.03%, AUC: 0.70 [VAL] Loss: 0.5986, Accuracy: 69.67%, Precision: 0.72, Recall: 0.59, F1-Score: 0.65, AUC: 0.69
Epoch [39/100] - [TRAIN] Loss: 0.5907, Accuracy: 70.37%, AUC: 0.70 [VAL] Loss: 0.5921, Accuracy: 70.28%, Precision: 0.73, Recall: 0.60, F1-Score: 0.66, AUC: 0.70
Epoch [40/100] - [TRAIN] Loss: 0.5921, Accuracy: 70.40%, AUC: 0.70 [VAL] Loss: 0.5936, Accuracy: 70.49%, Precision: 0.72, Recall: 0.61, F1-Score: 0.66, AUC: 0.70
Epoch [41/100] - [TRAIN] Loss: 0.5909, Accuracy: 70.57%, AUC: 0.70 [VAL] Loss: 0.5878, Accuracy: 70.87%, Precision: 0.72, Recall: 0.60, F1-Score: 0.66, AUC: 0.70
Epoch [42/100] - [TRAIN] Loss: 0.5938, Accuracy: 70.30%, AUC: 0.70 [VAL] Loss: 0.5930, Accuracy: 69.91%, Precision: 0.71, Recall: 0.59, F1-Score: 0.65, AUC: 0.69
Epoch [43/100] - [TRAIN] Loss: 0.5946, Accuracy: 70.24%, AUC: 0.70 [VAL] Loss: 0.5931, Accuracy: 70.43%, Precision: 0.72, Recall: 0.61, F1-Score: 0.66, AUC: 0.70
Epoch [44/100] - [TRAIN] Loss: 0.5927, Accuracy: 70.23%, AUC: 0.70 [VAL] Loss: 0.5881, Accuracy: 70.84%, Precision: 0.73, Recall: 0.61, F1-Score: 0.66, AUC: 0.70
Epoch [45/100] - [TRAIN] Loss: 0.5931, Accuracy: 70.28%, AUC: 0.70 [VAL] Loss: 0.5868, Accuracy: 70.33%, Precision: 0.73, Recall: 0.60, F1-Score: 0.66, AUC: 0.70
Epoch [46/100] - [TRAIN] Loss: 0.5932, Accuracy: 70.28%, AUC: 0.70 [VAL] Loss: 0.5961, Accuracy: 70.57%, Precision: 0.73, Recall: 0.60, F1-Score: 0.66, AUC: 0.70
Epoch [47/100] - [TRAIN] Loss: 0.5910, Accuracy: 70.50%, AUC: 0.70 [VAL] Loss: 0.5925, Accuracy: 70.65%, Precision: 0.73, Recall: 0.61, F1-Score: 0.67, AUC: 0.70
Epoch [48/100] - [TRAIN] Loss: 0.5915, Accuracy: 70.32%, AUC: 0.70 [VAL] Loss: 0.5907, Accuracy: 70.36%, Precision: 0.72, Recall: 0.60, F1-Score: 0.66, AUC: 0.70
Epoch [49/100] - [TRAIN] Loss: 0.5965, Accuracy: 70.25%, AUC: 0.70 [VAL] Loss: 0.5973, Accuracy: 70.03%, Precision: 0.72, Recall: 0.59, F1-Score: 0.64, AUC: 0.69
Epoch [50/100] - [TRAIN] Loss: 0.5956, Accuracy: 70.19%, AUC: 0.70 [VAL] Loss: 0.5926, Accuracy: 70.11%, Precision: 0.72, Recall: 0.61, F1-Score: 0.66, AUC: 0.70
Epoch [51/100] - [TRAIN] Loss: 0.5939, Accuracy: 70.10%, AUC: 0.70 [VAL] Loss: 0.5865, Accuracy: 70.47%, Precision: 0.73, Recall: 0.60, F1-Score: 0.66, AUC: 0.70
Epoch [52/100] - [TRAIN] Loss: 0.5920, Accuracy: 70.38%, AUC: 0.70 [VAL] Loss: 0.5958, Accuracy: 70.55%, Precision: 0.73, Recall: 0.61, F1-Score: 0.66, AUC: 0.70
Epoch [53/100] - [TRAIN] Loss: 0.5927, Accuracy: 70.64%, AUC: 0.70 [VAL] Loss: 0.5908, Accuracy: 70.73%, Precision: 0.73, Recall: 0.60, F1-Score: 0.66, AUC: 0.70
Epoch [54/100] - [TRAIN] Loss: 0.5902, Accuracy: 70.42%, AUC: 0.70 [VAL] Loss: 0.5940, Accuracy: 70.34%, Precision: 0.72, Recall: 0.61, F1-Score: 0.66, AUC: 0.70
Epoch [55/100] - [TRAIN] Loss: 0.5910, Accuracy: 70.22%, AUC: 0.70 [VAL] Loss: 0.5976, Accuracy: 70.44%, Precision: 0.71, Recall: 0.61, F1-Score: 0.66, AUC: 0.70
Epoch [56/100] - [TRAIN] Loss: 0.5918, Accuracy: 70.74%, AUC: 0.70 [VAL] Loss: 0.5972, Accuracy: 69.60%, Precision: 0.71, Recall: 0.59, F1-Score: 0.65, AUC: 0.69
Epoch [57/100] - [TRAIN] Loss: 0.5926, Accuracy: 70.20%, AUC: 0.70 [VAL] Loss: 0.5944, Accuracy: 70.11%, Precision: 0.71, Recall: 0.61, F1-Score: 0.66, AUC: 0.70
Epoch [58/100] - [TRAIN] Loss: 0.5932, Accuracy: 70.30%, AUC: 0.70 [VAL] Loss: 0.5874, Accuracy: 70.76%, Precision: 0.72, Recall: 0.61, F1-Score: 0.66, AUC: 0.70
Epoch [59/100] - [TRAIN] Loss: 0.5916, Accuracy: 70.19%, AUC: 0.70 [VAL] Loss: 0.5899, Accuracy: 70.15%, Precision: 0.73, Recall: 0.60, F1-Score: 0.66, AUC: 0.70
Epoch [60/100] - [TRAIN] Loss: 0.5938, Accuracy: 70.05%, AUC: 0.70 [VAL] Loss: 0.5885, Accuracy: 70.72%, Precision: 0.72, Recall: 0.61, F1-Score: 0.66, AUC: 0.70
Epoch [61/100] - [TRAIN] Loss: 0.5934, Accuracy: 70.34%, AUC: 0.70 [VAL] Loss: 0.5900, Accuracy: 70.58%, Precision: 0.72, Recall: 0.60, F1-Score: 0.66, AUC: 0.70
Epoch [62/100] - [TRAIN] Loss: 0.5938, Accuracy: 70.38%, AUC: 0.70 [VAL] Loss: 0.5928, Accuracy: 70.32%, Precision: 0.73, Recall: 0.60, F1-Score: 0.66, AUC: 0.70
Epoch [63/100] - [TRAIN] Loss: 0.5940, Accuracy: 70.41%, AUC: 0.70 [VAL] Loss: 0.6004, Accuracy: 69.25%, Precision: 0.71, Recall: 0.60, F1-Score: 0.65, AUC: 0.69
Epoch [64/100] - [TRAIN] Loss: 0.5928, Accuracy: 70.53%, AUC: 0.70 [VAL] Loss: 0.5886, Accuracy: 71.07%, Precision: 0.73, Recall: 0.61, F1-Score: 0.67, AUC: 0.71
Epoch [65/100] - [TRAIN] Loss: 0.5879, Accuracy: 70.49%, AUC: 0.70 [VAL] Loss: 0.5922, Accuracy: 69.78%, Precision: 0.72, Recall: 0.60, F1-Score: 0.66, AUC: 0.69
Epoch [66/100] - [TRAIN] Loss: 0.5919, Accuracy: 70.40%, AUC: 0.70 [VAL] Loss: 0.5910, Accuracy: 70.51%, Precision: 0.72, Recall: 0.61, F1-Score: 0.66, AUC: 0.70
Epoch [67/100] - [TRAIN] Loss: 0.5929, Accuracy: 70.33%, AUC: 0.70 [VAL] Loss: 0.5896, Accuracy: 70.45%, Precision: 0.73, Recall: 0.60, F1-Score: 0.66, AUC: 0.70
Epoch [68/100] - [TRAIN] Loss: 0.5925, Accuracy: 70.26%, AUC: 0.70 [VAL] Loss: 0.5918, Accuracy: 70.48%, Precision: 0.72, Recall: 0.61, F1-Score: 0.66, AUC: 0.70
Epoch [69/100] - [TRAIN] Loss: 0.5926, Accuracy: 70.31%, AUC: 0.70 [VAL] Loss: 0.5909, Accuracy: 70.48%, Precision: 0.73, Recall: 0.62, F1-Score: 0.67, AUC: 0.70
Epoch [70/100] - [TRAIN] Loss: 0.5913, Accuracy: 70.36%, AUC: 0.70 [VAL] Loss: 0.5956, Accuracy: 69.47%, Precision: 0.71, Recall: 0.59, F1-Score: 0.65, AUC: 0.69
Epoch [71/100] - [TRAIN] Loss: 0.5947, Accuracy: 70.05%, AUC: 0.70 [VAL] Loss: 0.5948, Accuracy: 70.13%, Precision: 0.72, Recall: 0.61, F1-Score: 0.66, AUC: 0.70
Epoch [72/100] - [TRAIN] Loss: 0.5939, Accuracy: 70.25%, AUC: 0.70 [VAL] Loss: 0.5883, Accuracy: 70.03%, Precision: 0.72, Recall: 0.61, F1-Score: 0.66, AUC: 0.70
Epoch [73/100] - [TRAIN] Loss: 0.5953, Accuracy: 70.06%, AUC: 0.70 [VAL] Loss: 0.5920, Accuracy: 70.58%, Precision: 0.73, Recall: 0.60, F1-Score: 0.66, AUC: 0.70
Epoch [74/100] - [TRAIN] Loss: 0.5943, Accuracy: 70.32%, AUC: 0.70 [VAL] Loss: 0.5941, Accuracy: 70.59%, Precision: 0.72, Recall: 0.61, F1-Score: 0.66, AUC: 0.70
Epoch [75/100] - [TRAIN] Loss: 0.5922, Accuracy: 70.27%, AUC: 0.70 [VAL] Loss: 0.5913, Accuracy: 70.48%, Precision: 0.72, Recall: 0.60, F1-Score: 0.65, AUC: 0.70
Epoch [76/100] - [TRAIN] Loss: 0.5934, Accuracy: 70.19%, AUC: 0.70 [VAL] Loss: 0.5845, Accuracy: 71.29%, Precision: 0.73, Recall: 0.62, F1-Score: 0.67, AUC: 0.71
Epoch [77/100] - [TRAIN] Loss: 0.5929, Accuracy: 70.52%, AUC: 0.70 [VAL] Loss: 0.5893, Accuracy: 71.18%, Precision: 0.73, Recall: 0.61, F1-Score: 0.66, AUC: 0.71
Epoch [78/100] - [TRAIN] Loss: 0.5925, Accuracy: 70.49%, AUC: 0.70 [VAL] Loss: 0.5962, Accuracy: 69.90%, Precision: 0.72, Recall: 0.60, F1-Score: 0.65, AUC: 0.69
Epoch [79/100] - [TRAIN] Loss: 0.5906, Accuracy: 70.61%, AUC: 0.70 [VAL] Loss: 0.5923, Accuracy: 70.41%, Precision: 0.73, Recall: 0.60, F1-Score: 0.66, AUC: 0.70
Epoch [80/100] - [TRAIN] Loss: 0.5937, Accuracy: 70.42%, AUC: 0.70 [VAL] Loss: 0.5900, Accuracy: 70.97%, Precision: 0.73, Recall: 0.61, F1-Score: 0.67, AUC: 0.70
Epoch [81/100] - [TRAIN] Loss: 0.5911, Accuracy: 70.56%, AUC: 0.70 [VAL] Loss: 0.5946, Accuracy: 69.63%, Precision: 0.72, Recall: 0.59, F1-Score: 0.65, AUC: 0.69
Epoch [82/100] - [TRAIN] Loss: 0.5946, Accuracy: 70.17%, AUC: 0.70 [VAL] Loss: 0.5928, Accuracy: 70.68%, Precision: 0.72, Recall: 0.60, F1-Score: 0.66, AUC: 0.70
Epoch [83/100] - [TRAIN] Loss: 0.5938, Accuracy: 70.21%, AUC: 0.70 [VAL] Loss: 0.5939, Accuracy: 70.00%, Precision: 0.72, Recall: 0.59, F1-Score: 0.65, AUC: 0.69
Epoch [84/100] - [TRAIN] Loss: 0.5919, Accuracy: 70.64%, AUC: 0.70 [VAL] Loss: 0.5902, Accuracy: 70.40%, Precision: 0.72, Recall: 0.60, F1-Score: 0.65, AUC: 0.70
Epoch [85/100] - [TRAIN] Loss: 0.5888, Accuracy: 70.57%, AUC: 0.70 [VAL] Loss: 0.5891, Accuracy: 69.85%, Precision: 0.72, Recall: 0.59, F1-Score: 0.65, AUC: 0.69
Epoch [86/100] - [TRAIN] Loss: 0.5934, Accuracy: 70.31%, AUC: 0.70 [VAL] Loss: 0.5880, Accuracy: 70.11%, Precision: 0.73, Recall: 0.60, F1-Score: 0.66, AUC: 0.70
Epoch [87/100] - [TRAIN] Loss: 0.5919, Accuracy: 70.29%, AUC: 0.70 [VAL] Loss: 0.5935, Accuracy: 70.67%, Precision: 0.74, Recall: 0.61, F1-Score: 0.67, AUC: 0.70
Epoch [88/100] - [TRAIN] Loss: 0.5947, Accuracy: 70.18%, AUC: 0.70 [VAL] Loss: 0.5890, Accuracy: 71.08%, Precision: 0.74, Recall: 0.61, F1-Score: 0.67, AUC: 0.71
Epoch [89/100] - [TRAIN] Loss: 0.5912, Accuracy: 70.37%, AUC: 0.70 [VAL] Loss: 0.5898, Accuracy: 70.60%, Precision: 0.73, Recall: 0.60, F1-Score: 0.66, AUC: 0.70
Epoch [90/100] - [TRAIN] Loss: 0.5923, Accuracy: 70.26%, AUC: 0.70 [VAL] Loss: 0.5907, Accuracy: 69.67%, Precision: 0.71, Recall: 0.59, F1-Score: 0.65, AUC: 0.69
Epoch [91/100] - [TRAIN] Loss: 0.5935, Accuracy: 70.29%, AUC: 0.70 [VAL] Loss: 0.6004, Accuracy: 69.73%, Precision: 0.72, Recall: 0.59, F1-Score: 0.65, AUC: 0.69
Epoch [92/100] - [TRAIN] Loss: 0.5943, Accuracy: 70.22%, AUC: 0.70 [VAL] Loss: 0.5942, Accuracy: 70.19%, Precision: 0.73, Recall: 0.60, F1-Score: 0.66, AUC: 0.70
Epoch [93/100] - [TRAIN] Loss: 0.5948, Accuracy: 70.32%, AUC: 0.70 [VAL] Loss: 0.5917, Accuracy: 70.13%, Precision: 0.72, Recall: 0.59, F1-Score: 0.65, AUC: 0.70
Epoch [94/100] - [TRAIN] Loss: 0.5932, Accuracy: 70.39%, AUC: 0.70 [VAL] Loss: 0.5963, Accuracy: 69.82%, Precision: 0.72, Recall: 0.61, F1-Score: 0.66, AUC: 0.69
Epoch [95/100] - [TRAIN] Loss: 0.5917, Accuracy: 70.53%, AUC: 0.70 [VAL] Loss: 0.5979, Accuracy: 70.08%, Precision: 0.71, Recall: 0.61, F1-Score: 0.66, AUC: 0.70
Epoch [96/100] - [TRAIN] Loss: 0.5944, Accuracy: 70.06%, AUC: 0.70 [VAL] Loss: 0.5971, Accuracy: 69.87%, Precision: 0.72, Recall: 0.60, F1-Score: 0.65, AUC: 0.69
Epoch [97/100] - [TRAIN] Loss: 0.5918, Accuracy: 70.39%, AUC: 0.70 [VAL] Loss: 0.5906, Accuracy: 71.09%, Precision: 0.74, Recall: 0.62, F1-Score: 0.67, AUC: 0.71
Epoch [98/100] - [TRAIN] Loss: 0.5918, Accuracy: 70.44%, AUC: 0.70 [VAL] Loss: 0.5854, Accuracy: 71.11%, Precision: 0.74, Recall: 0.61, F1-Score: 0.67, AUC: 0.71
Epoch [99/100] - [TRAIN] Loss: 0.5912, Accuracy: 70.56%, AUC: 0.70 [VAL] Loss: 0.5881, Accuracy: 70.36%, Precision: 0.72, Recall: 0.60, F1-Score: 0.65, AUC: 0.70
Epoch [100/100] - [TRAIN] Loss: 0.5934, Accuracy: 70.38%, AUC: 0.70 [VAL] Loss: 0.5915, Accuracy: 69.98%, Precision: 0.72, Recall: 0.60, F1-Score: 0.65, AUC: 0.69
Accuracy Score on test set: 70.81 %
    AUC Score on test set: 0.70
    Precision: 0.7302
    Recall: 0.6086
    F1-Score: 0.6639

    Detailed Classification Report:
                  precision    recall  f1-score   support

           0       0.69      0.80      0.74      5263
           1       0.73      0.61      0.66      4737

    accuracy                           0.71     10000
   macro avg       0.71      0.70      0.70     10000
weighted avg       0.71      0.71      0.71     10000


    Confusion Matrix:
    [[4198 1065]
 [1854 2883]]
    
Batch FINISHED!!!

Real-time duration: 9151.628348270 seconds
