Using device: cuda
Current CUDA device: 0
CUDA device name: Tesla V100-PCIE-16GB
000-H3K4me3
Epoch [1/100] - [TRAIN] Loss: 0.6488, Accuracy: 67.94%, AUC: 0.68 [VAL] Loss: 0.6249, Accuracy: 69.02%, Precision: 0.68, Recall: 0.64, F1-Score: 0.66, AUC: 0.69
Epoch [2/100] - [TRAIN] Loss: 0.6230, Accuracy: 69.76%, AUC: 0.69 [VAL] Loss: 0.6235, Accuracy: 69.20%, Precision: 0.70, Recall: 0.61, F1-Score: 0.66, AUC: 0.69
Epoch [3/100] - [TRAIN] Loss: 0.6187, Accuracy: 69.49%, AUC: 0.69 [VAL] Loss: 0.6106, Accuracy: 69.88%, Precision: 0.70, Recall: 0.62, F1-Score: 0.66, AUC: 0.69
Epoch [4/100] - [TRAIN] Loss: 0.6158, Accuracy: 69.66%, AUC: 0.69 [VAL] Loss: 0.6108, Accuracy: 69.83%, Precision: 0.69, Recall: 0.63, F1-Score: 0.66, AUC: 0.69
Epoch [5/100] - [TRAIN] Loss: 0.6110, Accuracy: 69.98%, AUC: 0.70 [VAL] Loss: 0.6090, Accuracy: 69.50%, Precision: 0.71, Recall: 0.60, F1-Score: 0.65, AUC: 0.69
Epoch [6/100] - [TRAIN] Loss: 0.6106, Accuracy: 69.94%, AUC: 0.69 [VAL] Loss: 0.6131, Accuracy: 69.18%, Precision: 0.69, Recall: 0.62, F1-Score: 0.65, AUC: 0.69
Epoch [7/100] - [TRAIN] Loss: 0.6070, Accuracy: 70.15%, AUC: 0.70 [VAL] Loss: 0.6034, Accuracy: 69.84%, Precision: 0.71, Recall: 0.60, F1-Score: 0.65, AUC: 0.69
Epoch [8/100] - [TRAIN] Loss: 0.6107, Accuracy: 69.72%, AUC: 0.69 [VAL] Loss: 0.6105, Accuracy: 70.17%, Precision: 0.72, Recall: 0.61, F1-Score: 0.66, AUC: 0.70
Epoch [9/100] - [TRAIN] Loss: 0.6070, Accuracy: 69.96%, AUC: 0.70 [VAL] Loss: 0.6161, Accuracy: 69.15%, Precision: 0.70, Recall: 0.59, F1-Score: 0.64, AUC: 0.69
Epoch [10/100] - [TRAIN] Loss: 0.6048, Accuracy: 70.19%, AUC: 0.70 [VAL] Loss: 0.6137, Accuracy: 69.44%, Precision: 0.71, Recall: 0.60, F1-Score: 0.65, AUC: 0.69
Epoch [11/100] - [TRAIN] Loss: 0.6064, Accuracy: 69.95%, AUC: 0.70 [VAL] Loss: 0.6100, Accuracy: 69.63%, Precision: 0.71, Recall: 0.60, F1-Score: 0.65, AUC: 0.69
Epoch [12/100] - [TRAIN] Loss: 0.6042, Accuracy: 69.94%, AUC: 0.70 [VAL] Loss: 0.6101, Accuracy: 69.21%, Precision: 0.73, Recall: 0.58, F1-Score: 0.64, AUC: 0.69
Epoch [13/100] - [TRAIN] Loss: 0.6052, Accuracy: 69.91%, AUC: 0.69 [VAL] Loss: 0.6126, Accuracy: 69.11%, Precision: 0.72, Recall: 0.58, F1-Score: 0.64, AUC: 0.69
Epoch [14/100] - [TRAIN] Loss: 0.6020, Accuracy: 70.35%, AUC: 0.70 [VAL] Loss: 0.6082, Accuracy: 69.60%, Precision: 0.71, Recall: 0.59, F1-Score: 0.64, AUC: 0.69
Epoch [15/100] - [TRAIN] Loss: 0.6053, Accuracy: 69.74%, AUC: 0.69 [VAL] Loss: 0.6114, Accuracy: 68.96%, Precision: 0.71, Recall: 0.58, F1-Score: 0.64, AUC: 0.68
Epoch [16/100] - [TRAIN] Loss: 0.6051, Accuracy: 69.84%, AUC: 0.69 [VAL] Loss: 0.6052, Accuracy: 69.41%, Precision: 0.72, Recall: 0.59, F1-Score: 0.65, AUC: 0.69
Epoch [17/100] - [TRAIN] Loss: 0.6027, Accuracy: 70.15%, AUC: 0.70 [VAL] Loss: 0.6076, Accuracy: 69.19%, Precision: 0.71, Recall: 0.59, F1-Score: 0.64, AUC: 0.69
Epoch [18/100] - [TRAIN] Loss: 0.6043, Accuracy: 69.85%, AUC: 0.69 [VAL] Loss: 0.6117, Accuracy: 68.94%, Precision: 0.70, Recall: 0.58, F1-Score: 0.64, AUC: 0.68
Epoch [19/100] - [TRAIN] Loss: 0.6077, Accuracy: 69.74%, AUC: 0.69 [VAL] Loss: 0.6035, Accuracy: 69.84%, Precision: 0.71, Recall: 0.59, F1-Score: 0.65, AUC: 0.69
Epoch [20/100] - [TRAIN] Loss: 0.6041, Accuracy: 69.97%, AUC: 0.69 [VAL] Loss: 0.6085, Accuracy: 69.58%, Precision: 0.72, Recall: 0.59, F1-Score: 0.65, AUC: 0.69
Epoch [21/100] - [TRAIN] Loss: 0.6059, Accuracy: 70.01%, AUC: 0.70 [VAL] Loss: 0.6080, Accuracy: 69.45%, Precision: 0.71, Recall: 0.59, F1-Score: 0.65, AUC: 0.69
Epoch [22/100] - [TRAIN] Loss: 0.6024, Accuracy: 69.91%, AUC: 0.69 [VAL] Loss: 0.6018, Accuracy: 70.40%, Precision: 0.72, Recall: 0.59, F1-Score: 0.65, AUC: 0.70
Epoch [23/100] - [TRAIN] Loss: 0.6040, Accuracy: 69.86%, AUC: 0.69 [VAL] Loss: 0.6002, Accuracy: 69.82%, Precision: 0.72, Recall: 0.59, F1-Score: 0.65, AUC: 0.69
Epoch [24/100] - [TRAIN] Loss: 0.6056, Accuracy: 69.49%, AUC: 0.69 [VAL] Loss: 0.6063, Accuracy: 69.83%, Precision: 0.72, Recall: 0.60, F1-Score: 0.65, AUC: 0.69
Epoch [25/100] - [TRAIN] Loss: 0.6053, Accuracy: 70.02%, AUC: 0.70 [VAL] Loss: 0.6118, Accuracy: 69.20%, Precision: 0.71, Recall: 0.59, F1-Score: 0.64, AUC: 0.69
Epoch [26/100] - [TRAIN] Loss: 0.6061, Accuracy: 69.80%, AUC: 0.69 [VAL] Loss: 0.6180, Accuracy: 69.29%, Precision: 0.71, Recall: 0.60, F1-Score: 0.65, AUC: 0.69
Epoch [27/100] - [TRAIN] Loss: 0.6028, Accuracy: 70.09%, AUC: 0.70 [VAL] Loss: 0.6059, Accuracy: 69.61%, Precision: 0.72, Recall: 0.59, F1-Score: 0.65, AUC: 0.69
Epoch [28/100] - [TRAIN] Loss: 0.6038, Accuracy: 69.81%, AUC: 0.69 [VAL] Loss: 0.6056, Accuracy: 69.77%, Precision: 0.72, Recall: 0.59, F1-Score: 0.65, AUC: 0.69
Epoch [29/100] - [TRAIN] Loss: 0.6019, Accuracy: 70.19%, AUC: 0.70 [VAL] Loss: 0.6101, Accuracy: 69.35%, Precision: 0.71, Recall: 0.58, F1-Score: 0.64, AUC: 0.69
Epoch [30/100] - [TRAIN] Loss: 0.6041, Accuracy: 70.01%, AUC: 0.70 [VAL] Loss: 0.5983, Accuracy: 70.53%, Precision: 0.72, Recall: 0.60, F1-Score: 0.65, AUC: 0.70
Epoch [31/100] - [TRAIN] Loss: 0.6047, Accuracy: 69.83%, AUC: 0.69 [VAL] Loss: 0.6043, Accuracy: 70.07%, Precision: 0.72, Recall: 0.60, F1-Score: 0.65, AUC: 0.70
Epoch [32/100] - [TRAIN] Loss: 0.6053, Accuracy: 70.04%, AUC: 0.70 [VAL] Loss: 0.6079, Accuracy: 69.83%, Precision: 0.73, Recall: 0.59, F1-Score: 0.65, AUC: 0.69
Epoch [33/100] - [TRAIN] Loss: 0.6037, Accuracy: 69.91%, AUC: 0.69 [VAL] Loss: 0.6081, Accuracy: 69.35%, Precision: 0.71, Recall: 0.58, F1-Score: 0.64, AUC: 0.69
Epoch [34/100] - [TRAIN] Loss: 0.6033, Accuracy: 70.02%, AUC: 0.70 [VAL] Loss: 0.6070, Accuracy: 69.31%, Precision: 0.71, Recall: 0.58, F1-Score: 0.64, AUC: 0.69
Epoch [35/100] - [TRAIN] Loss: 0.6029, Accuracy: 70.06%, AUC: 0.70 [VAL] Loss: 0.6131, Accuracy: 69.25%, Precision: 0.71, Recall: 0.59, F1-Score: 0.64, AUC: 0.69
Epoch [36/100] - [TRAIN] Loss: 0.6062, Accuracy: 69.67%, AUC: 0.69 [VAL] Loss: 0.6125, Accuracy: 69.65%, Precision: 0.72, Recall: 0.59, F1-Score: 0.64, AUC: 0.69
Epoch [37/100] - [TRAIN] Loss: 0.6038, Accuracy: 69.97%, AUC: 0.70 [VAL] Loss: 0.6095, Accuracy: 69.60%, Precision: 0.70, Recall: 0.59, F1-Score: 0.64, AUC: 0.69
Epoch [38/100] - [TRAIN] Loss: 0.6067, Accuracy: 69.66%, AUC: 0.69 [VAL] Loss: 0.6074, Accuracy: 69.19%, Precision: 0.72, Recall: 0.59, F1-Score: 0.65, AUC: 0.69
Epoch [39/100] - [TRAIN] Loss: 0.6051, Accuracy: 69.60%, AUC: 0.69 [VAL] Loss: 0.6047, Accuracy: 70.08%, Precision: 0.73, Recall: 0.60, F1-Score: 0.66, AUC: 0.70
Epoch [40/100] - [TRAIN] Loss: 0.6057, Accuracy: 69.83%, AUC: 0.69 [VAL] Loss: 0.6088, Accuracy: 69.04%, Precision: 0.70, Recall: 0.59, F1-Score: 0.64, AUC: 0.68
Epoch [41/100] - [TRAIN] Loss: 0.6089, Accuracy: 69.41%, AUC: 0.69 [VAL] Loss: 0.6098, Accuracy: 69.60%, Precision: 0.71, Recall: 0.59, F1-Score: 0.65, AUC: 0.69
Epoch [42/100] - [TRAIN] Loss: 0.6061, Accuracy: 69.76%, AUC: 0.69 [VAL] Loss: 0.6154, Accuracy: 69.30%, Precision: 0.70, Recall: 0.59, F1-Score: 0.64, AUC: 0.69
Epoch [43/100] - [TRAIN] Loss: 0.6046, Accuracy: 70.07%, AUC: 0.70 [VAL] Loss: 0.6126, Accuracy: 69.54%, Precision: 0.70, Recall: 0.59, F1-Score: 0.64, AUC: 0.69
Epoch [44/100] - [TRAIN] Loss: 0.6037, Accuracy: 70.00%, AUC: 0.70 [VAL] Loss: 0.6147, Accuracy: 69.60%, Precision: 0.72, Recall: 0.58, F1-Score: 0.64, AUC: 0.69
Epoch [45/100] - [TRAIN] Loss: 0.6036, Accuracy: 70.06%, AUC: 0.70 [VAL] Loss: 0.6076, Accuracy: 69.43%, Precision: 0.71, Recall: 0.59, F1-Score: 0.65, AUC: 0.69
Epoch [46/100] - [TRAIN] Loss: 0.6049, Accuracy: 70.00%, AUC: 0.69 [VAL] Loss: 0.6098, Accuracy: 69.62%, Precision: 0.71, Recall: 0.60, F1-Score: 0.65, AUC: 0.69
Epoch [47/100] - [TRAIN] Loss: 0.6058, Accuracy: 69.85%, AUC: 0.69 [VAL] Loss: 0.6087, Accuracy: 69.29%, Precision: 0.72, Recall: 0.58, F1-Score: 0.64, AUC: 0.69
Epoch [48/100] - [TRAIN] Loss: 0.6022, Accuracy: 70.04%, AUC: 0.70 [VAL] Loss: 0.6174, Accuracy: 68.61%, Precision: 0.72, Recall: 0.58, F1-Score: 0.64, AUC: 0.68
Epoch [49/100] - [TRAIN] Loss: 0.6040, Accuracy: 70.17%, AUC: 0.70 [VAL] Loss: 0.6127, Accuracy: 69.07%, Precision: 0.71, Recall: 0.58, F1-Score: 0.64, AUC: 0.69
Epoch [50/100] - [TRAIN] Loss: 0.6050, Accuracy: 69.96%, AUC: 0.69 [VAL] Loss: 0.6069, Accuracy: 69.66%, Precision: 0.72, Recall: 0.60, F1-Score: 0.65, AUC: 0.69
Epoch [51/100] - [TRAIN] Loss: 0.6016, Accuracy: 70.12%, AUC: 0.70 [VAL] Loss: 0.6128, Accuracy: 68.82%, Precision: 0.70, Recall: 0.59, F1-Score: 0.64, AUC: 0.68
Epoch [52/100] - [TRAIN] Loss: 0.6029, Accuracy: 70.17%, AUC: 0.70 [VAL] Loss: 0.6083, Accuracy: 69.46%, Precision: 0.70, Recall: 0.60, F1-Score: 0.65, AUC: 0.69
Epoch [53/100] - [TRAIN] Loss: 0.6063, Accuracy: 70.01%, AUC: 0.70 [VAL] Loss: 0.6041, Accuracy: 70.40%, Precision: 0.71, Recall: 0.60, F1-Score: 0.65, AUC: 0.70
Epoch [54/100] - [TRAIN] Loss: 0.6039, Accuracy: 69.89%, AUC: 0.69 [VAL] Loss: 0.6057, Accuracy: 70.24%, Precision: 0.73, Recall: 0.61, F1-Score: 0.66, AUC: 0.70
Epoch [55/100] - [TRAIN] Loss: 0.6037, Accuracy: 69.88%, AUC: 0.69 [VAL] Loss: 0.6140, Accuracy: 69.45%, Precision: 0.72, Recall: 0.60, F1-Score: 0.65, AUC: 0.69
Epoch [56/100] - [TRAIN] Loss: 0.6043, Accuracy: 69.93%, AUC: 0.69 [VAL] Loss: 0.6058, Accuracy: 70.03%, Precision: 0.72, Recall: 0.60, F1-Score: 0.65, AUC: 0.70
Epoch [57/100] - [TRAIN] Loss: 0.6055, Accuracy: 69.67%, AUC: 0.69 [VAL] Loss: 0.6089, Accuracy: 69.37%, Precision: 0.71, Recall: 0.59, F1-Score: 0.64, AUC: 0.69
Epoch [58/100] - [TRAIN] Loss: 0.6052, Accuracy: 70.16%, AUC: 0.70 [VAL] Loss: 0.6071, Accuracy: 69.56%, Precision: 0.71, Recall: 0.59, F1-Score: 0.65, AUC: 0.69
Epoch [59/100] - [TRAIN] Loss: 0.6005, Accuracy: 70.27%, AUC: 0.70 [VAL] Loss: 0.6013, Accuracy: 70.09%, Precision: 0.73, Recall: 0.60, F1-Score: 0.65, AUC: 0.70
Epoch [60/100] - [TRAIN] Loss: 0.6072, Accuracy: 69.91%, AUC: 0.69 [VAL] Loss: 0.6112, Accuracy: 69.12%, Precision: 0.71, Recall: 0.58, F1-Score: 0.64, AUC: 0.68
Epoch [61/100] - [TRAIN] Loss: 0.6056, Accuracy: 69.89%, AUC: 0.69 [VAL] Loss: 0.6065, Accuracy: 69.77%, Precision: 0.71, Recall: 0.59, F1-Score: 0.65, AUC: 0.69
Epoch [62/100] - [TRAIN] Loss: 0.6036, Accuracy: 70.12%, AUC: 0.70 [VAL] Loss: 0.6058, Accuracy: 70.37%, Precision: 0.73, Recall: 0.60, F1-Score: 0.65, AUC: 0.70
Epoch [63/100] - [TRAIN] Loss: 0.6064, Accuracy: 69.80%, AUC: 0.69 [VAL] Loss: 0.6063, Accuracy: 69.64%, Precision: 0.72, Recall: 0.59, F1-Score: 0.65, AUC: 0.69
Epoch [64/100] - [TRAIN] Loss: 0.6026, Accuracy: 70.02%, AUC: 0.70 [VAL] Loss: 0.6093, Accuracy: 70.15%, Precision: 0.71, Recall: 0.60, F1-Score: 0.65, AUC: 0.69
Epoch [65/100] - [TRAIN] Loss: 0.6037, Accuracy: 70.00%, AUC: 0.69 [VAL] Loss: 0.6174, Accuracy: 69.01%, Precision: 0.71, Recall: 0.59, F1-Score: 0.64, AUC: 0.69
Epoch [66/100] - [TRAIN] Loss: 0.6062, Accuracy: 69.85%, AUC: 0.69 [VAL] Loss: 0.6051, Accuracy: 70.04%, Precision: 0.71, Recall: 0.59, F1-Score: 0.65, AUC: 0.69
Epoch [67/100] - [TRAIN] Loss: 0.6022, Accuracy: 69.97%, AUC: 0.69 [VAL] Loss: 0.6161, Accuracy: 68.87%, Precision: 0.69, Recall: 0.59, F1-Score: 0.63, AUC: 0.68
Epoch [68/100] - [TRAIN] Loss: 0.6053, Accuracy: 69.99%, AUC: 0.70 [VAL] Loss: 0.6071, Accuracy: 69.94%, Precision: 0.72, Recall: 0.59, F1-Score: 0.65, AUC: 0.69
Epoch [69/100] - [TRAIN] Loss: 0.6035, Accuracy: 70.08%, AUC: 0.70 [VAL] Loss: 0.6133, Accuracy: 68.88%, Precision: 0.70, Recall: 0.58, F1-Score: 0.64, AUC: 0.68
Epoch [70/100] - [TRAIN] Loss: 0.6046, Accuracy: 69.71%, AUC: 0.69 [VAL] Loss: 0.6009, Accuracy: 70.46%, Precision: 0.72, Recall: 0.60, F1-Score: 0.66, AUC: 0.70
Epoch [71/100] - [TRAIN] Loss: 0.6036, Accuracy: 69.90%, AUC: 0.69 [VAL] Loss: 0.6086, Accuracy: 69.80%, Precision: 0.71, Recall: 0.59, F1-Score: 0.64, AUC: 0.69
Epoch [72/100] - [TRAIN] Loss: 0.6050, Accuracy: 69.66%, AUC: 0.69 [VAL] Loss: 0.6075, Accuracy: 70.46%, Precision: 0.72, Recall: 0.60, F1-Score: 0.65, AUC: 0.70
Epoch [73/100] - [TRAIN] Loss: 0.6027, Accuracy: 69.94%, AUC: 0.70 [VAL] Loss: 0.6121, Accuracy: 69.11%, Precision: 0.71, Recall: 0.59, F1-Score: 0.65, AUC: 0.69
Epoch [74/100] - [TRAIN] Loss: 0.6045, Accuracy: 69.92%, AUC: 0.69 [VAL] Loss: 0.6063, Accuracy: 70.19%, Precision: 0.72, Recall: 0.60, F1-Score: 0.66, AUC: 0.70
Epoch [75/100] - [TRAIN] Loss: 0.6048, Accuracy: 69.87%, AUC: 0.69 [VAL] Loss: 0.6033, Accuracy: 70.02%, Precision: 0.72, Recall: 0.59, F1-Score: 0.65, AUC: 0.69
Epoch [76/100] - [TRAIN] Loss: 0.6065, Accuracy: 69.70%, AUC: 0.69 [VAL] Loss: 0.6048, Accuracy: 69.75%, Precision: 0.72, Recall: 0.58, F1-Score: 0.65, AUC: 0.69
Epoch [77/100] - [TRAIN] Loss: 0.6043, Accuracy: 69.94%, AUC: 0.69 [VAL] Loss: 0.6036, Accuracy: 70.30%, Precision: 0.72, Recall: 0.60, F1-Score: 0.65, AUC: 0.70
Epoch [78/100] - [TRAIN] Loss: 0.6023, Accuracy: 69.89%, AUC: 0.69 [VAL] Loss: 0.6060, Accuracy: 69.27%, Precision: 0.71, Recall: 0.59, F1-Score: 0.64, AUC: 0.69
Epoch [79/100] - [TRAIN] Loss: 0.6076, Accuracy: 69.75%, AUC: 0.69 [VAL] Loss: 0.6030, Accuracy: 70.12%, Precision: 0.72, Recall: 0.60, F1-Score: 0.65, AUC: 0.70
Epoch [80/100] - [TRAIN] Loss: 0.6058, Accuracy: 69.67%, AUC: 0.69 [VAL] Loss: 0.6057, Accuracy: 69.85%, Precision: 0.72, Recall: 0.59, F1-Score: 0.65, AUC: 0.69
Epoch [81/100] - [TRAIN] Loss: 0.6039, Accuracy: 70.20%, AUC: 0.70 [VAL] Loss: 0.6021, Accuracy: 69.84%, Precision: 0.72, Recall: 0.59, F1-Score: 0.65, AUC: 0.69
Epoch [82/100] - [TRAIN] Loss: 0.6051, Accuracy: 69.69%, AUC: 0.69 [VAL] Loss: 0.6133, Accuracy: 69.43%, Precision: 0.71, Recall: 0.59, F1-Score: 0.64, AUC: 0.69
Epoch [83/100] - [TRAIN] Loss: 0.6051, Accuracy: 69.92%, AUC: 0.69 [VAL] Loss: 0.6053, Accuracy: 69.96%, Precision: 0.72, Recall: 0.59, F1-Score: 0.65, AUC: 0.69
Epoch [84/100] - [TRAIN] Loss: 0.6052, Accuracy: 69.89%, AUC: 0.69 [VAL] Loss: 0.6104, Accuracy: 69.49%, Precision: 0.72, Recall: 0.58, F1-Score: 0.64, AUC: 0.69
Epoch [85/100] - [TRAIN] Loss: 0.6061, Accuracy: 69.89%, AUC: 0.69 [VAL] Loss: 0.6084, Accuracy: 69.79%, Precision: 0.72, Recall: 0.59, F1-Score: 0.65, AUC: 0.69
Epoch [86/100] - [TRAIN] Loss: 0.6032, Accuracy: 70.01%, AUC: 0.69 [VAL] Loss: 0.6155, Accuracy: 68.86%, Precision: 0.69, Recall: 0.58, F1-Score: 0.63, AUC: 0.68
Epoch [87/100] - [TRAIN] Loss: 0.6036, Accuracy: 69.86%, AUC: 0.69 [VAL] Loss: 0.6023, Accuracy: 70.53%, Precision: 0.73, Recall: 0.60, F1-Score: 0.66, AUC: 0.70
Epoch [88/100] - [TRAIN] Loss: 0.6030, Accuracy: 69.95%, AUC: 0.69 [VAL] Loss: 0.6213, Accuracy: 68.27%, Precision: 0.69, Recall: 0.58, F1-Score: 0.63, AUC: 0.68
Epoch [89/100] - [TRAIN] Loss: 0.6077, Accuracy: 69.90%, AUC: 0.69 [VAL] Loss: 0.6062, Accuracy: 69.13%, Precision: 0.71, Recall: 0.58, F1-Score: 0.64, AUC: 0.69
Epoch [90/100] - [TRAIN] Loss: 0.6041, Accuracy: 70.00%, AUC: 0.69 [VAL] Loss: 0.6048, Accuracy: 69.77%, Precision: 0.71, Recall: 0.59, F1-Score: 0.64, AUC: 0.69
Epoch [91/100] - [TRAIN] Loss: 0.6042, Accuracy: 69.96%, AUC: 0.69 [VAL] Loss: 0.5986, Accuracy: 70.50%, Precision: 0.73, Recall: 0.60, F1-Score: 0.66, AUC: 0.70
Epoch [92/100] - [TRAIN] Loss: 0.6055, Accuracy: 69.77%, AUC: 0.69 [VAL] Loss: 0.6086, Accuracy: 69.68%, Precision: 0.72, Recall: 0.58, F1-Score: 0.64, AUC: 0.69
Epoch [93/100] - [TRAIN] Loss: 0.6068, Accuracy: 69.75%, AUC: 0.69 [VAL] Loss: 0.6089, Accuracy: 69.48%, Precision: 0.71, Recall: 0.59, F1-Score: 0.64, AUC: 0.69
Epoch [94/100] - [TRAIN] Loss: 0.6053, Accuracy: 69.69%, AUC: 0.69 [VAL] Loss: 0.6091, Accuracy: 69.55%, Precision: 0.71, Recall: 0.59, F1-Score: 0.64, AUC: 0.69
Epoch [95/100] - [TRAIN] Loss: 0.6014, Accuracy: 70.02%, AUC: 0.70 [VAL] Loss: 0.6088, Accuracy: 69.88%, Precision: 0.72, Recall: 0.60, F1-Score: 0.65, AUC: 0.69
Epoch [96/100] - [TRAIN] Loss: 0.6044, Accuracy: 69.98%, AUC: 0.70 [VAL] Loss: 0.6094, Accuracy: 70.01%, Precision: 0.72, Recall: 0.60, F1-Score: 0.65, AUC: 0.70
Epoch [97/100] - [TRAIN] Loss: 0.6072, Accuracy: 69.69%, AUC: 0.69 [VAL] Loss: 0.6129, Accuracy: 69.15%, Precision: 0.71, Recall: 0.59, F1-Score: 0.64, AUC: 0.69
Epoch [98/100] - [TRAIN] Loss: 0.6071, Accuracy: 69.82%, AUC: 0.69 [VAL] Loss: 0.6080, Accuracy: 69.64%, Precision: 0.71, Recall: 0.60, F1-Score: 0.65, AUC: 0.69
Epoch [99/100] - [TRAIN] Loss: 0.6049, Accuracy: 69.86%, AUC: 0.69 [VAL] Loss: 0.6054, Accuracy: 70.40%, Precision: 0.72, Recall: 0.59, F1-Score: 0.65, AUC: 0.70
Epoch [100/100] - [TRAIN] Loss: 0.6060, Accuracy: 69.83%, AUC: 0.69 [VAL] Loss: 0.6114, Accuracy: 69.04%, Precision: 0.71, Recall: 0.59, F1-Score: 0.64, AUC: 0.69
Accuracy Score on test set: 69.49 %
    AUC Score on test set: 0.69
    Precision: 0.7168
    Recall: 0.5856
    F1-Score: 0.6446

    Detailed Classification Report:
                  precision    recall  f1-score   support

           0       0.68      0.79      0.73      5275
           1       0.72      0.59      0.64      4725

    accuracy                           0.69     10000
   macro avg       0.70      0.69      0.69     10000
weighted avg       0.70      0.69      0.69     10000


    Confusion Matrix:
    [[4182 1093]
 [1958 2767]]
    
001-H3K9ac
Epoch [1/100] - [TRAIN] Loss: 0.6619, Accuracy: 65.00%, AUC: 0.65 [VAL] Loss: 0.6467, Accuracy: 66.68%, Precision: 0.64, Recall: 0.71, F1-Score: 0.67, AUC: 0.67
Epoch [2/100] - [TRAIN] Loss: 0.6384, Accuracy: 68.71%, AUC: 0.69 [VAL] Loss: 0.6316, Accuracy: 69.16%, Precision: 0.69, Recall: 0.65, F1-Score: 0.67, AUC: 0.69
Epoch [3/100] - [TRAIN] Loss: 0.6313, Accuracy: 69.06%, AUC: 0.69 [VAL] Loss: 0.6297, Accuracy: 68.93%, Precision: 0.67, Recall: 0.64, F1-Score: 0.65, AUC: 0.69
Epoch [4/100] - [TRAIN] Loss: 0.6275, Accuracy: 69.20%, AUC: 0.69 [VAL] Loss: 0.6348, Accuracy: 68.22%, Precision: 0.68, Recall: 0.62, F1-Score: 0.65, AUC: 0.68
Epoch [5/100] - [TRAIN] Loss: 0.6254, Accuracy: 69.15%, AUC: 0.69 [VAL] Loss: 0.6349, Accuracy: 68.05%, Precision: 0.68, Recall: 0.61, F1-Score: 0.64, AUC: 0.68
Epoch [6/100] - [TRAIN] Loss: 0.6209, Accuracy: 69.31%, AUC: 0.69 [VAL] Loss: 0.6249, Accuracy: 68.66%, Precision: 0.69, Recall: 0.61, F1-Score: 0.65, AUC: 0.68
Epoch [7/100] - [TRAIN] Loss: 0.6236, Accuracy: 68.90%, AUC: 0.69 [VAL] Loss: 0.6248, Accuracy: 67.96%, Precision: 0.69, Recall: 0.59, F1-Score: 0.64, AUC: 0.68
Epoch [8/100] - [TRAIN] Loss: 0.6200, Accuracy: 69.13%, AUC: 0.69 [VAL] Loss: 0.6200, Accuracy: 68.71%, Precision: 0.70, Recall: 0.60, F1-Score: 0.64, AUC: 0.68
Epoch [9/100] - [TRAIN] Loss: 0.6175, Accuracy: 69.37%, AUC: 0.69 [VAL] Loss: 0.6169, Accuracy: 69.18%, Precision: 0.70, Recall: 0.61, F1-Score: 0.65, AUC: 0.69
Epoch [10/100] - [TRAIN] Loss: 0.6209, Accuracy: 68.89%, AUC: 0.68 [VAL] Loss: 0.6178, Accuracy: 69.12%, Precision: 0.71, Recall: 0.60, F1-Score: 0.65, AUC: 0.69
Epoch [11/100] - [TRAIN] Loss: 0.6176, Accuracy: 69.23%, AUC: 0.69 [VAL] Loss: 0.6225, Accuracy: 68.63%, Precision: 0.71, Recall: 0.58, F1-Score: 0.63, AUC: 0.68
Epoch [12/100] - [TRAIN] Loss: 0.6156, Accuracy: 69.14%, AUC: 0.69 [VAL] Loss: 0.6220, Accuracy: 68.18%, Precision: 0.70, Recall: 0.58, F1-Score: 0.63, AUC: 0.68
Epoch [13/100] - [TRAIN] Loss: 0.6160, Accuracy: 69.30%, AUC: 0.69 [VAL] Loss: 0.6161, Accuracy: 68.69%, Precision: 0.70, Recall: 0.58, F1-Score: 0.64, AUC: 0.68
Epoch [14/100] - [TRAIN] Loss: 0.6150, Accuracy: 69.22%, AUC: 0.69 [VAL] Loss: 0.6233, Accuracy: 68.40%, Precision: 0.70, Recall: 0.58, F1-Score: 0.63, AUC: 0.68
Epoch [15/100] - [TRAIN] Loss: 0.6130, Accuracy: 69.42%, AUC: 0.69 [VAL] Loss: 0.6194, Accuracy: 68.97%, Precision: 0.70, Recall: 0.59, F1-Score: 0.64, AUC: 0.68
Epoch [16/100] - [TRAIN] Loss: 0.6158, Accuracy: 69.30%, AUC: 0.69 [VAL] Loss: 0.6152, Accuracy: 69.01%, Precision: 0.71, Recall: 0.58, F1-Score: 0.64, AUC: 0.68
Epoch [17/100] - [TRAIN] Loss: 0.6153, Accuracy: 69.33%, AUC: 0.69 [VAL] Loss: 0.6185, Accuracy: 68.16%, Precision: 0.70, Recall: 0.58, F1-Score: 0.64, AUC: 0.68
Epoch [18/100] - [TRAIN] Loss: 0.6143, Accuracy: 69.26%, AUC: 0.69 [VAL] Loss: 0.6216, Accuracy: 68.30%, Precision: 0.70, Recall: 0.58, F1-Score: 0.63, AUC: 0.68
Epoch [19/100] - [TRAIN] Loss: 0.6138, Accuracy: 69.06%, AUC: 0.69 [VAL] Loss: 0.6129, Accuracy: 68.96%, Precision: 0.70, Recall: 0.59, F1-Score: 0.64, AUC: 0.68
Epoch [20/100] - [TRAIN] Loss: 0.6142, Accuracy: 69.05%, AUC: 0.69 [VAL] Loss: 0.6169, Accuracy: 68.95%, Precision: 0.71, Recall: 0.60, F1-Score: 0.65, AUC: 0.69
Epoch [21/100] - [TRAIN] Loss: 0.6125, Accuracy: 69.31%, AUC: 0.69 [VAL] Loss: 0.6147, Accuracy: 69.06%, Precision: 0.71, Recall: 0.60, F1-Score: 0.65, AUC: 0.69
Epoch [22/100] - [TRAIN] Loss: 0.6137, Accuracy: 68.90%, AUC: 0.68 [VAL] Loss: 0.6180, Accuracy: 68.78%, Precision: 0.70, Recall: 0.58, F1-Score: 0.64, AUC: 0.68
Epoch [23/100] - [TRAIN] Loss: 0.6118, Accuracy: 69.32%, AUC: 0.69 [VAL] Loss: 0.6141, Accuracy: 68.88%, Precision: 0.71, Recall: 0.59, F1-Score: 0.64, AUC: 0.68
Epoch [24/100] - [TRAIN] Loss: 0.6136, Accuracy: 69.30%, AUC: 0.69 [VAL] Loss: 0.6151, Accuracy: 68.67%, Precision: 0.70, Recall: 0.58, F1-Score: 0.64, AUC: 0.68
Epoch [25/100] - [TRAIN] Loss: 0.6136, Accuracy: 69.16%, AUC: 0.69 [VAL] Loss: 0.6214, Accuracy: 68.54%, Precision: 0.70, Recall: 0.59, F1-Score: 0.64, AUC: 0.68
Epoch [26/100] - [TRAIN] Loss: 0.6138, Accuracy: 69.10%, AUC: 0.69 [VAL] Loss: 0.6123, Accuracy: 69.35%, Precision: 0.71, Recall: 0.60, F1-Score: 0.65, AUC: 0.69
Epoch [27/100] - [TRAIN] Loss: 0.6108, Accuracy: 69.34%, AUC: 0.69 [VAL] Loss: 0.6133, Accuracy: 68.96%, Precision: 0.70, Recall: 0.60, F1-Score: 0.64, AUC: 0.68
Epoch [28/100] - [TRAIN] Loss: 0.6098, Accuracy: 69.30%, AUC: 0.69 [VAL] Loss: 0.6112, Accuracy: 69.23%, Precision: 0.71, Recall: 0.59, F1-Score: 0.65, AUC: 0.69
Epoch [29/100] - [TRAIN] Loss: 0.6111, Accuracy: 69.41%, AUC: 0.69 [VAL] Loss: 0.6116, Accuracy: 69.20%, Precision: 0.71, Recall: 0.60, F1-Score: 0.65, AUC: 0.69
Epoch [30/100] - [TRAIN] Loss: 0.6108, Accuracy: 69.57%, AUC: 0.69 [VAL] Loss: 0.6167, Accuracy: 68.71%, Precision: 0.70, Recall: 0.59, F1-Score: 0.64, AUC: 0.68
Epoch [31/100] - [TRAIN] Loss: 0.6123, Accuracy: 69.46%, AUC: 0.69 [VAL] Loss: 0.6104, Accuracy: 69.38%, Precision: 0.71, Recall: 0.60, F1-Score: 0.65, AUC: 0.69
Epoch [32/100] - [TRAIN] Loss: 0.6103, Accuracy: 69.40%, AUC: 0.69 [VAL] Loss: 0.6147, Accuracy: 68.81%, Precision: 0.70, Recall: 0.59, F1-Score: 0.64, AUC: 0.68
Epoch [33/100] - [TRAIN] Loss: 0.6120, Accuracy: 69.25%, AUC: 0.69 [VAL] Loss: 0.6097, Accuracy: 69.43%, Precision: 0.71, Recall: 0.60, F1-Score: 0.65, AUC: 0.69
Epoch [34/100] - [TRAIN] Loss: 0.6127, Accuracy: 69.44%, AUC: 0.69 [VAL] Loss: 0.6149, Accuracy: 69.10%, Precision: 0.70, Recall: 0.59, F1-Score: 0.64, AUC: 0.68
Epoch [35/100] - [TRAIN] Loss: 0.6093, Accuracy: 69.41%, AUC: 0.69 [VAL] Loss: 0.6175, Accuracy: 68.24%, Precision: 0.68, Recall: 0.59, F1-Score: 0.63, AUC: 0.68
Epoch [36/100] - [TRAIN] Loss: 0.6110, Accuracy: 69.24%, AUC: 0.69 [VAL] Loss: 0.6181, Accuracy: 68.98%, Precision: 0.69, Recall: 0.59, F1-Score: 0.64, AUC: 0.68
Epoch [37/100] - [TRAIN] Loss: 0.6101, Accuracy: 69.57%, AUC: 0.69 [VAL] Loss: 0.6117, Accuracy: 69.23%, Precision: 0.70, Recall: 0.59, F1-Score: 0.64, AUC: 0.69
Epoch [38/100] - [TRAIN] Loss: 0.6125, Accuracy: 69.17%, AUC: 0.69 [VAL] Loss: 0.6167, Accuracy: 68.37%, Precision: 0.71, Recall: 0.58, F1-Score: 0.64, AUC: 0.68
Epoch [39/100] - [TRAIN] Loss: 0.6125, Accuracy: 69.25%, AUC: 0.69 [VAL] Loss: 0.6208, Accuracy: 68.76%, Precision: 0.71, Recall: 0.59, F1-Score: 0.65, AUC: 0.68
Epoch [40/100] - [TRAIN] Loss: 0.6117, Accuracy: 69.22%, AUC: 0.69 [VAL] Loss: 0.6193, Accuracy: 68.70%, Precision: 0.70, Recall: 0.59, F1-Score: 0.64, AUC: 0.68
Epoch [41/100] - [TRAIN] Loss: 0.6113, Accuracy: 69.35%, AUC: 0.69 [VAL] Loss: 0.6166, Accuracy: 69.35%, Precision: 0.71, Recall: 0.59, F1-Score: 0.64, AUC: 0.69
Epoch [42/100] - [TRAIN] Loss: 0.6099, Accuracy: 69.43%, AUC: 0.69 [VAL] Loss: 0.6062, Accuracy: 69.52%, Precision: 0.72, Recall: 0.61, F1-Score: 0.66, AUC: 0.69
Epoch [43/100] - [TRAIN] Loss: 0.6105, Accuracy: 69.38%, AUC: 0.69 [VAL] Loss: 0.6171, Accuracy: 68.81%, Precision: 0.70, Recall: 0.59, F1-Score: 0.64, AUC: 0.68
Epoch [44/100] - [TRAIN] Loss: 0.6107, Accuracy: 69.27%, AUC: 0.69 [VAL] Loss: 0.6046, Accuracy: 70.30%, Precision: 0.72, Recall: 0.62, F1-Score: 0.66, AUC: 0.70
Epoch [45/100] - [TRAIN] Loss: 0.6097, Accuracy: 69.46%, AUC: 0.69 [VAL] Loss: 0.6168, Accuracy: 68.63%, Precision: 0.71, Recall: 0.59, F1-Score: 0.64, AUC: 0.68
Epoch [46/100] - [TRAIN] Loss: 0.6091, Accuracy: 69.46%, AUC: 0.69 [VAL] Loss: 0.6107, Accuracy: 69.29%, Precision: 0.71, Recall: 0.60, F1-Score: 0.65, AUC: 0.69
Epoch [47/100] - [TRAIN] Loss: 0.6083, Accuracy: 69.44%, AUC: 0.69 [VAL] Loss: 0.6152, Accuracy: 69.59%, Precision: 0.71, Recall: 0.60, F1-Score: 0.65, AUC: 0.69
Epoch [48/100] - [TRAIN] Loss: 0.6108, Accuracy: 69.41%, AUC: 0.69 [VAL] Loss: 0.6076, Accuracy: 69.24%, Precision: 0.69, Recall: 0.60, F1-Score: 0.64, AUC: 0.69
Epoch [49/100] - [TRAIN] Loss: 0.6102, Accuracy: 69.47%, AUC: 0.69 [VAL] Loss: 0.6091, Accuracy: 69.17%, Precision: 0.71, Recall: 0.60, F1-Score: 0.65, AUC: 0.69
Epoch [50/100] - [TRAIN] Loss: 0.6090, Accuracy: 69.72%, AUC: 0.69 [VAL] Loss: 0.6115, Accuracy: 69.11%, Precision: 0.71, Recall: 0.59, F1-Score: 0.65, AUC: 0.69
Epoch [51/100] - [TRAIN] Loss: 0.6100, Accuracy: 69.57%, AUC: 0.69 [VAL] Loss: 0.6286, Accuracy: 67.24%, Precision: 0.68, Recall: 0.58, F1-Score: 0.63, AUC: 0.67
Epoch [52/100] - [TRAIN] Loss: 0.6151, Accuracy: 69.15%, AUC: 0.69 [VAL] Loss: 0.6135, Accuracy: 69.47%, Precision: 0.71, Recall: 0.60, F1-Score: 0.65, AUC: 0.69
Epoch [53/100] - [TRAIN] Loss: 0.6103, Accuracy: 69.45%, AUC: 0.69 [VAL] Loss: 0.6173, Accuracy: 68.73%, Precision: 0.69, Recall: 0.59, F1-Score: 0.63, AUC: 0.68
Epoch [54/100] - [TRAIN] Loss: 0.6085, Accuracy: 69.53%, AUC: 0.69 [VAL] Loss: 0.6225, Accuracy: 69.27%, Precision: 0.71, Recall: 0.60, F1-Score: 0.65, AUC: 0.69
Epoch [55/100] - [TRAIN] Loss: 0.6140, Accuracy: 69.10%, AUC: 0.69 [VAL] Loss: 0.6166, Accuracy: 69.35%, Precision: 0.72, Recall: 0.59, F1-Score: 0.65, AUC: 0.69
Epoch [56/100] - [TRAIN] Loss: 0.6097, Accuracy: 69.35%, AUC: 0.69 [VAL] Loss: 0.6151, Accuracy: 68.67%, Precision: 0.70, Recall: 0.58, F1-Score: 0.64, AUC: 0.68
Epoch [57/100] - [TRAIN] Loss: 0.6078, Accuracy: 69.41%, AUC: 0.69 [VAL] Loss: 0.6193, Accuracy: 68.59%, Precision: 0.70, Recall: 0.59, F1-Score: 0.64, AUC: 0.68
Epoch [58/100] - [TRAIN] Loss: 0.6090, Accuracy: 69.38%, AUC: 0.69 [VAL] Loss: 0.6190, Accuracy: 69.35%, Precision: 0.70, Recall: 0.60, F1-Score: 0.65, AUC: 0.69
Epoch [59/100] - [TRAIN] Loss: 0.6091, Accuracy: 69.44%, AUC: 0.69 [VAL] Loss: 0.6177, Accuracy: 68.62%, Precision: 0.69, Recall: 0.59, F1-Score: 0.64, AUC: 0.68
Epoch [60/100] - [TRAIN] Loss: 0.6106, Accuracy: 69.27%, AUC: 0.69 [VAL] Loss: 0.6200, Accuracy: 68.63%, Precision: 0.71, Recall: 0.58, F1-Score: 0.64, AUC: 0.68
Epoch [61/100] - [TRAIN] Loss: 0.6109, Accuracy: 69.06%, AUC: 0.69 [VAL] Loss: 0.6219, Accuracy: 68.71%, Precision: 0.70, Recall: 0.59, F1-Score: 0.64, AUC: 0.68
Epoch [62/100] - [TRAIN] Loss: 0.6108, Accuracy: 69.26%, AUC: 0.69 [VAL] Loss: 0.6242, Accuracy: 68.44%, Precision: 0.70, Recall: 0.59, F1-Score: 0.64, AUC: 0.68
Epoch [63/100] - [TRAIN] Loss: 0.6115, Accuracy: 69.19%, AUC: 0.69 [VAL] Loss: 0.6111, Accuracy: 69.56%, Precision: 0.71, Recall: 0.60, F1-Score: 0.65, AUC: 0.69
Epoch [64/100] - [TRAIN] Loss: 0.6107, Accuracy: 69.53%, AUC: 0.69 [VAL] Loss: 0.6094, Accuracy: 69.30%, Precision: 0.71, Recall: 0.60, F1-Score: 0.65, AUC: 0.69
Epoch [65/100] - [TRAIN] Loss: 0.6075, Accuracy: 69.47%, AUC: 0.69 [VAL] Loss: 0.6184, Accuracy: 68.36%, Precision: 0.70, Recall: 0.59, F1-Score: 0.64, AUC: 0.68
Epoch [66/100] - [TRAIN] Loss: 0.6122, Accuracy: 69.19%, AUC: 0.69 [VAL] Loss: 0.6223, Accuracy: 68.45%, Precision: 0.70, Recall: 0.58, F1-Score: 0.63, AUC: 0.68
Epoch [67/100] - [TRAIN] Loss: 0.6117, Accuracy: 69.23%, AUC: 0.69 [VAL] Loss: 0.6145, Accuracy: 68.97%, Precision: 0.70, Recall: 0.58, F1-Score: 0.64, AUC: 0.68
Epoch [68/100] - [TRAIN] Loss: 0.6098, Accuracy: 69.40%, AUC: 0.69 [VAL] Loss: 0.6122, Accuracy: 69.11%, Precision: 0.70, Recall: 0.59, F1-Score: 0.64, AUC: 0.68
Epoch [69/100] - [TRAIN] Loss: 0.6112, Accuracy: 69.16%, AUC: 0.69 [VAL] Loss: 0.6137, Accuracy: 68.70%, Precision: 0.71, Recall: 0.58, F1-Score: 0.64, AUC: 0.68
Epoch [70/100] - [TRAIN] Loss: 0.6112, Accuracy: 69.24%, AUC: 0.69 [VAL] Loss: 0.6250, Accuracy: 68.59%, Precision: 0.71, Recall: 0.59, F1-Score: 0.64, AUC: 0.68
Epoch [71/100] - [TRAIN] Loss: 0.6128, Accuracy: 69.46%, AUC: 0.69 [VAL] Loss: 0.6120, Accuracy: 69.71%, Precision: 0.71, Recall: 0.60, F1-Score: 0.65, AUC: 0.69
Epoch [72/100] - [TRAIN] Loss: 0.6116, Accuracy: 69.34%, AUC: 0.69 [VAL] Loss: 0.6060, Accuracy: 69.49%, Precision: 0.72, Recall: 0.59, F1-Score: 0.65, AUC: 0.69
Epoch [73/100] - [TRAIN] Loss: 0.6099, Accuracy: 69.62%, AUC: 0.69 [VAL] Loss: 0.6109, Accuracy: 69.39%, Precision: 0.71, Recall: 0.59, F1-Score: 0.65, AUC: 0.69
Epoch [74/100] - [TRAIN] Loss: 0.6106, Accuracy: 69.41%, AUC: 0.69 [VAL] Loss: 0.6175, Accuracy: 68.64%, Precision: 0.69, Recall: 0.59, F1-Score: 0.63, AUC: 0.68
Epoch [75/100] - [TRAIN] Loss: 0.6108, Accuracy: 69.33%, AUC: 0.69 [VAL] Loss: 0.6234, Accuracy: 68.35%, Precision: 0.70, Recall: 0.58, F1-Score: 0.63, AUC: 0.68
Epoch [76/100] - [TRAIN] Loss: 0.6102, Accuracy: 69.25%, AUC: 0.69 [VAL] Loss: 0.6239, Accuracy: 68.22%, Precision: 0.71, Recall: 0.58, F1-Score: 0.64, AUC: 0.68
Epoch [77/100] - [TRAIN] Loss: 0.6113, Accuracy: 69.63%, AUC: 0.69 [VAL] Loss: 0.6162, Accuracy: 69.24%, Precision: 0.71, Recall: 0.59, F1-Score: 0.65, AUC: 0.69
Epoch [78/100] - [TRAIN] Loss: 0.6099, Accuracy: 69.67%, AUC: 0.69 [VAL] Loss: 0.6066, Accuracy: 69.60%, Precision: 0.70, Recall: 0.59, F1-Score: 0.64, AUC: 0.69
Epoch [79/100] - [TRAIN] Loss: 0.6101, Accuracy: 69.46%, AUC: 0.69 [VAL] Loss: 0.6128, Accuracy: 68.78%, Precision: 0.70, Recall: 0.59, F1-Score: 0.64, AUC: 0.68
Epoch [80/100] - [TRAIN] Loss: 0.6119, Accuracy: 68.94%, AUC: 0.69 [VAL] Loss: 0.6017, Accuracy: 70.19%, Precision: 0.73, Recall: 0.61, F1-Score: 0.66, AUC: 0.70
Epoch [81/100] - [TRAIN] Loss: 0.6094, Accuracy: 69.39%, AUC: 0.69 [VAL] Loss: 0.6211, Accuracy: 68.50%, Precision: 0.70, Recall: 0.59, F1-Score: 0.64, AUC: 0.68
Epoch [82/100] - [TRAIN] Loss: 0.6116, Accuracy: 69.11%, AUC: 0.69 [VAL] Loss: 0.6149, Accuracy: 69.16%, Precision: 0.71, Recall: 0.60, F1-Score: 0.65, AUC: 0.69
Epoch [83/100] - [TRAIN] Loss: 0.6134, Accuracy: 69.28%, AUC: 0.69 [VAL] Loss: 0.6187, Accuracy: 68.62%, Precision: 0.70, Recall: 0.57, F1-Score: 0.63, AUC: 0.68
Epoch [84/100] - [TRAIN] Loss: 0.6116, Accuracy: 69.37%, AUC: 0.69 [VAL] Loss: 0.6205, Accuracy: 68.41%, Precision: 0.69, Recall: 0.59, F1-Score: 0.64, AUC: 0.68
Epoch [85/100] - [TRAIN] Loss: 0.6118, Accuracy: 69.25%, AUC: 0.69 [VAL] Loss: 0.6154, Accuracy: 68.87%, Precision: 0.71, Recall: 0.58, F1-Score: 0.64, AUC: 0.68
Epoch [86/100] - [TRAIN] Loss: 0.6096, Accuracy: 69.47%, AUC: 0.69 [VAL] Loss: 0.6236, Accuracy: 68.34%, Precision: 0.70, Recall: 0.59, F1-Score: 0.64, AUC: 0.68
Epoch [87/100] - [TRAIN] Loss: 0.6114, Accuracy: 69.33%, AUC: 0.69 [VAL] Loss: 0.6148, Accuracy: 69.03%, Precision: 0.72, Recall: 0.59, F1-Score: 0.65, AUC: 0.69
Epoch [88/100] - [TRAIN] Loss: 0.6127, Accuracy: 69.16%, AUC: 0.69 [VAL] Loss: 0.6105, Accuracy: 68.85%, Precision: 0.71, Recall: 0.59, F1-Score: 0.64, AUC: 0.68
Epoch [89/100] - [TRAIN] Loss: 0.6121, Accuracy: 69.21%, AUC: 0.69 [VAL] Loss: 0.6155, Accuracy: 69.16%, Precision: 0.71, Recall: 0.59, F1-Score: 0.65, AUC: 0.69
Epoch [90/100] - [TRAIN] Loss: 0.6131, Accuracy: 69.26%, AUC: 0.69 [VAL] Loss: 0.6167, Accuracy: 68.50%, Precision: 0.71, Recall: 0.59, F1-Score: 0.64, AUC: 0.68
Epoch [91/100] - [TRAIN] Loss: 0.6100, Accuracy: 69.46%, AUC: 0.69 [VAL] Loss: 0.6194, Accuracy: 68.90%, Precision: 0.70, Recall: 0.59, F1-Score: 0.64, AUC: 0.68
Epoch [92/100] - [TRAIN] Loss: 0.6095, Accuracy: 69.49%, AUC: 0.69 [VAL] Loss: 0.6184, Accuracy: 68.96%, Precision: 0.71, Recall: 0.59, F1-Score: 0.64, AUC: 0.68
Epoch [93/100] - [TRAIN] Loss: 0.6101, Accuracy: 69.31%, AUC: 0.69 [VAL] Loss: 0.6147, Accuracy: 69.15%, Precision: 0.70, Recall: 0.60, F1-Score: 0.65, AUC: 0.69
Epoch [94/100] - [TRAIN] Loss: 0.6117, Accuracy: 69.38%, AUC: 0.69 [VAL] Loss: 0.6192, Accuracy: 68.36%, Precision: 0.70, Recall: 0.58, F1-Score: 0.64, AUC: 0.68
Epoch [95/100] - [TRAIN] Loss: 0.6111, Accuracy: 69.14%, AUC: 0.69 [VAL] Loss: 0.6155, Accuracy: 69.32%, Precision: 0.71, Recall: 0.58, F1-Score: 0.64, AUC: 0.69
Epoch [96/100] - [TRAIN] Loss: 0.6113, Accuracy: 69.28%, AUC: 0.69 [VAL] Loss: 0.6199, Accuracy: 68.29%, Precision: 0.70, Recall: 0.58, F1-Score: 0.64, AUC: 0.68
Epoch [97/100] - [TRAIN] Loss: 0.6104, Accuracy: 69.51%, AUC: 0.69 [VAL] Loss: 0.6166, Accuracy: 69.04%, Precision: 0.71, Recall: 0.59, F1-Score: 0.64, AUC: 0.69
Epoch [98/100] - [TRAIN] Loss: 0.6105, Accuracy: 69.28%, AUC: 0.69 [VAL] Loss: 0.6207, Accuracy: 68.59%, Precision: 0.71, Recall: 0.58, F1-Score: 0.64, AUC: 0.68
Epoch [99/100] - [TRAIN] Loss: 0.6099, Accuracy: 69.15%, AUC: 0.69 [VAL] Loss: 0.6246, Accuracy: 67.80%, Precision: 0.70, Recall: 0.57, F1-Score: 0.63, AUC: 0.67
Epoch [100/100] - [TRAIN] Loss: 0.6120, Accuracy: 69.42%, AUC: 0.69 [VAL] Loss: 0.6179, Accuracy: 68.75%, Precision: 0.70, Recall: 0.59, F1-Score: 0.64, AUC: 0.68
Accuracy Score on test set: 69.32 %
    AUC Score on test set: 0.69
    Precision: 0.7139
    Recall: 0.5954
    F1-Score: 0.6493

    Detailed Classification Report:
                  precision    recall  f1-score   support

           0       0.68      0.78      0.73      5230
           1       0.71      0.60      0.65      4770

    accuracy                           0.69     10000
   macro avg       0.70      0.69      0.69     10000
weighted avg       0.70      0.69      0.69     10000


    Confusion Matrix:
    [[4092 1138]
 [1930 2840]]
    
002-H3K9me3
Epoch [1/100] - [TRAIN] Loss: 0.7189, Accuracy: 52.85%, AUC: 0.50 [VAL] Loss: 0.7160, Accuracy: 53.37%, Precision: 0.53, Recall: 0.01, F1-Score: 0.03, AUC: 0.50
Epoch [2/100] - [TRAIN] Loss: 0.7156, Accuracy: 53.88%, AUC: 0.51 [VAL] Loss: 0.7136, Accuracy: 53.62%, Precision: 0.57, Recall: 0.05, F1-Score: 0.09, AUC: 0.51
Epoch [3/100] - [TRAIN] Loss: 0.7138, Accuracy: 54.59%, AUC: 0.52 [VAL] Loss: 0.7121, Accuracy: 54.99%, Precision: 0.60, Recall: 0.15, F1-Score: 0.23, AUC: 0.53
Epoch [4/100] - [TRAIN] Loss: 0.7117, Accuracy: 55.30%, AUC: 0.53 [VAL] Loss: 0.7100, Accuracy: 56.75%, Precision: 0.60, Recall: 0.22, F1-Score: 0.32, AUC: 0.54
Epoch [5/100] - [TRAIN] Loss: 0.7105, Accuracy: 56.07%, AUC: 0.55 [VAL] Loss: 0.7089, Accuracy: 56.98%, Precision: 0.61, Recall: 0.27, F1-Score: 0.38, AUC: 0.56
Epoch [6/100] - [TRAIN] Loss: 0.7086, Accuracy: 56.65%, AUC: 0.55 [VAL] Loss: 0.7081, Accuracy: 57.19%, Precision: 0.58, Recall: 0.31, F1-Score: 0.40, AUC: 0.56
Epoch [7/100] - [TRAIN] Loss: 0.7065, Accuracy: 56.92%, AUC: 0.55 [VAL] Loss: 0.7047, Accuracy: 58.37%, Precision: 0.63, Recall: 0.33, F1-Score: 0.43, AUC: 0.57
Epoch [8/100] - [TRAIN] Loss: 0.7063, Accuracy: 57.20%, AUC: 0.56 [VAL] Loss: 0.7037, Accuracy: 59.09%, Precision: 0.60, Recall: 0.35, F1-Score: 0.44, AUC: 0.58
Epoch [9/100] - [TRAIN] Loss: 0.7054, Accuracy: 57.33%, AUC: 0.56 [VAL] Loss: 0.7040, Accuracy: 58.15%, Precision: 0.61, Recall: 0.36, F1-Score: 0.45, AUC: 0.57
Epoch [10/100] - [TRAIN] Loss: 0.7049, Accuracy: 57.41%, AUC: 0.56 [VAL] Loss: 0.7024, Accuracy: 58.68%, Precision: 0.59, Recall: 0.36, F1-Score: 0.45, AUC: 0.57
Epoch [11/100] - [TRAIN] Loss: 0.7032, Accuracy: 57.98%, AUC: 0.57 [VAL] Loss: 0.7013, Accuracy: 58.60%, Precision: 0.61, Recall: 0.36, F1-Score: 0.46, AUC: 0.58
Epoch [12/100] - [TRAIN] Loss: 0.7023, Accuracy: 58.18%, AUC: 0.57 [VAL] Loss: 0.7031, Accuracy: 58.55%, Precision: 0.60, Recall: 0.36, F1-Score: 0.45, AUC: 0.57
Epoch [13/100] - [TRAIN] Loss: 0.7039, Accuracy: 57.71%, AUC: 0.56 [VAL] Loss: 0.7034, Accuracy: 58.16%, Precision: 0.60, Recall: 0.35, F1-Score: 0.44, AUC: 0.57
Epoch [14/100] - [TRAIN] Loss: 0.7024, Accuracy: 57.97%, AUC: 0.57 [VAL] Loss: 0.7037, Accuracy: 57.83%, Precision: 0.59, Recall: 0.37, F1-Score: 0.45, AUC: 0.57
Epoch [15/100] - [TRAIN] Loss: 0.7025, Accuracy: 58.03%, AUC: 0.57 [VAL] Loss: 0.6995, Accuracy: 59.11%, Precision: 0.60, Recall: 0.37, F1-Score: 0.46, AUC: 0.58
Epoch [16/100] - [TRAIN] Loss: 0.7024, Accuracy: 58.15%, AUC: 0.57 [VAL] Loss: 0.7022, Accuracy: 58.52%, Precision: 0.59, Recall: 0.37, F1-Score: 0.46, AUC: 0.57
Epoch [17/100] - [TRAIN] Loss: 0.7009, Accuracy: 58.17%, AUC: 0.57 [VAL] Loss: 0.7029, Accuracy: 58.24%, Precision: 0.60, Recall: 0.37, F1-Score: 0.46, AUC: 0.57
Epoch [18/100] - [TRAIN] Loss: 0.7027, Accuracy: 57.95%, AUC: 0.57 [VAL] Loss: 0.7004, Accuracy: 58.38%, Precision: 0.59, Recall: 0.38, F1-Score: 0.46, AUC: 0.57
Epoch [19/100] - [TRAIN] Loss: 0.7001, Accuracy: 58.34%, AUC: 0.57 [VAL] Loss: 0.7023, Accuracy: 58.14%, Precision: 0.60, Recall: 0.36, F1-Score: 0.45, AUC: 0.57
Epoch [20/100] - [TRAIN] Loss: 0.7012, Accuracy: 58.18%, AUC: 0.57 [VAL] Loss: 0.6993, Accuracy: 58.86%, Precision: 0.59, Recall: 0.37, F1-Score: 0.46, AUC: 0.57
Epoch [21/100] - [TRAIN] Loss: 0.7010, Accuracy: 58.23%, AUC: 0.57 [VAL] Loss: 0.7008, Accuracy: 58.22%, Precision: 0.59, Recall: 0.36, F1-Score: 0.45, AUC: 0.57
Epoch [22/100] - [TRAIN] Loss: 0.7009, Accuracy: 57.86%, AUC: 0.57 [VAL] Loss: 0.6994, Accuracy: 59.05%, Precision: 0.61, Recall: 0.37, F1-Score: 0.46, AUC: 0.58
Epoch [23/100] - [TRAIN] Loss: 0.7020, Accuracy: 57.89%, AUC: 0.57 [VAL] Loss: 0.6992, Accuracy: 58.51%, Precision: 0.59, Recall: 0.38, F1-Score: 0.46, AUC: 0.57
Epoch [24/100] - [TRAIN] Loss: 0.6993, Accuracy: 58.57%, AUC: 0.57 [VAL] Loss: 0.6970, Accuracy: 58.47%, Precision: 0.60, Recall: 0.38, F1-Score: 0.47, AUC: 0.58
Epoch [25/100] - [TRAIN] Loss: 0.7001, Accuracy: 58.19%, AUC: 0.57 [VAL] Loss: 0.6979, Accuracy: 58.98%, Precision: 0.59, Recall: 0.39, F1-Score: 0.47, AUC: 0.58
Epoch [26/100] - [TRAIN] Loss: 0.7005, Accuracy: 58.29%, AUC: 0.57 [VAL] Loss: 0.7012, Accuracy: 58.15%, Precision: 0.59, Recall: 0.38, F1-Score: 0.46, AUC: 0.57
Epoch [27/100] - [TRAIN] Loss: 0.7005, Accuracy: 58.26%, AUC: 0.57 [VAL] Loss: 0.6985, Accuracy: 58.82%, Precision: 0.61, Recall: 0.40, F1-Score: 0.48, AUC: 0.58
Epoch [28/100] - [TRAIN] Loss: 0.7004, Accuracy: 58.08%, AUC: 0.57 [VAL] Loss: 0.6983, Accuracy: 58.68%, Precision: 0.59, Recall: 0.38, F1-Score: 0.46, AUC: 0.57
Epoch [29/100] - [TRAIN] Loss: 0.6994, Accuracy: 58.48%, AUC: 0.57 [VAL] Loss: 0.6976, Accuracy: 59.42%, Precision: 0.60, Recall: 0.40, F1-Score: 0.48, AUC: 0.58
Epoch [30/100] - [TRAIN] Loss: 0.6983, Accuracy: 58.62%, AUC: 0.58 [VAL] Loss: 0.6987, Accuracy: 58.42%, Precision: 0.59, Recall: 0.38, F1-Score: 0.46, AUC: 0.57
Epoch [31/100] - [TRAIN] Loss: 0.6990, Accuracy: 58.43%, AUC: 0.57 [VAL] Loss: 0.6984, Accuracy: 58.28%, Precision: 0.60, Recall: 0.39, F1-Score: 0.47, AUC: 0.57
Epoch [32/100] - [TRAIN] Loss: 0.6986, Accuracy: 58.50%, AUC: 0.57 [VAL] Loss: 0.6981, Accuracy: 58.73%, Precision: 0.61, Recall: 0.38, F1-Score: 0.47, AUC: 0.58
Epoch [33/100] - [TRAIN] Loss: 0.6989, Accuracy: 58.57%, AUC: 0.58 [VAL] Loss: 0.7008, Accuracy: 58.14%, Precision: 0.59, Recall: 0.39, F1-Score: 0.47, AUC: 0.57
Epoch [34/100] - [TRAIN] Loss: 0.6993, Accuracy: 58.55%, AUC: 0.57 [VAL] Loss: 0.6980, Accuracy: 58.59%, Precision: 0.58, Recall: 0.37, F1-Score: 0.45, AUC: 0.57
Epoch [35/100] - [TRAIN] Loss: 0.6986, Accuracy: 58.36%, AUC: 0.57 [VAL] Loss: 0.6947, Accuracy: 58.94%, Precision: 0.58, Recall: 0.38, F1-Score: 0.46, AUC: 0.57
Epoch [36/100] - [TRAIN] Loss: 0.6998, Accuracy: 57.95%, AUC: 0.57 [VAL] Loss: 0.6962, Accuracy: 58.97%, Precision: 0.62, Recall: 0.39, F1-Score: 0.48, AUC: 0.58
Epoch [37/100] - [TRAIN] Loss: 0.6996, Accuracy: 58.23%, AUC: 0.57 [VAL] Loss: 0.6986, Accuracy: 58.54%, Precision: 0.59, Recall: 0.39, F1-Score: 0.47, AUC: 0.57
Epoch [38/100] - [TRAIN] Loss: 0.6994, Accuracy: 58.19%, AUC: 0.57 [VAL] Loss: 0.6997, Accuracy: 58.61%, Precision: 0.59, Recall: 0.39, F1-Score: 0.47, AUC: 0.58
Epoch [39/100] - [TRAIN] Loss: 0.6982, Accuracy: 58.60%, AUC: 0.58 [VAL] Loss: 0.6965, Accuracy: 58.91%, Precision: 0.60, Recall: 0.39, F1-Score: 0.47, AUC: 0.58
Epoch [40/100] - [TRAIN] Loss: 0.6984, Accuracy: 58.44%, AUC: 0.57 [VAL] Loss: 0.6944, Accuracy: 59.25%, Precision: 0.60, Recall: 0.39, F1-Score: 0.47, AUC: 0.58
Epoch [41/100] - [TRAIN] Loss: 0.6992, Accuracy: 58.46%, AUC: 0.57 [VAL] Loss: 0.6950, Accuracy: 60.15%, Precision: 0.60, Recall: 0.40, F1-Score: 0.48, AUC: 0.59
Epoch [42/100] - [TRAIN] Loss: 0.6989, Accuracy: 58.36%, AUC: 0.57 [VAL] Loss: 0.6979, Accuracy: 58.26%, Precision: 0.60, Recall: 0.39, F1-Score: 0.47, AUC: 0.58
Epoch [43/100] - [TRAIN] Loss: 0.6985, Accuracy: 58.67%, AUC: 0.58 [VAL] Loss: 0.6981, Accuracy: 59.53%, Precision: 0.61, Recall: 0.40, F1-Score: 0.48, AUC: 0.59
Epoch [44/100] - [TRAIN] Loss: 0.6989, Accuracy: 58.52%, AUC: 0.57 [VAL] Loss: 0.6981, Accuracy: 58.32%, Precision: 0.60, Recall: 0.38, F1-Score: 0.47, AUC: 0.57
Epoch [45/100] - [TRAIN] Loss: 0.6985, Accuracy: 58.65%, AUC: 0.58 [VAL] Loss: 0.6965, Accuracy: 58.87%, Precision: 0.60, Recall: 0.39, F1-Score: 0.47, AUC: 0.58
Epoch [46/100] - [TRAIN] Loss: 0.6977, Accuracy: 58.75%, AUC: 0.58 [VAL] Loss: 0.6994, Accuracy: 58.18%, Precision: 0.59, Recall: 0.38, F1-Score: 0.47, AUC: 0.57
Epoch [47/100] - [TRAIN] Loss: 0.6982, Accuracy: 58.23%, AUC: 0.57 [VAL] Loss: 0.6974, Accuracy: 58.94%, Precision: 0.59, Recall: 0.38, F1-Score: 0.46, AUC: 0.58
Epoch [48/100] - [TRAIN] Loss: 0.6997, Accuracy: 58.07%, AUC: 0.57 [VAL] Loss: 0.6975, Accuracy: 58.86%, Precision: 0.61, Recall: 0.39, F1-Score: 0.47, AUC: 0.58
Epoch [49/100] - [TRAIN] Loss: 0.6990, Accuracy: 58.49%, AUC: 0.57 [VAL] Loss: 0.6973, Accuracy: 58.76%, Precision: 0.60, Recall: 0.39, F1-Score: 0.47, AUC: 0.58
Epoch [50/100] - [TRAIN] Loss: 0.6981, Accuracy: 58.60%, AUC: 0.58 [VAL] Loss: 0.6972, Accuracy: 59.01%, Precision: 0.60, Recall: 0.39, F1-Score: 0.47, AUC: 0.58
Epoch [51/100] - [TRAIN] Loss: 0.6984, Accuracy: 58.48%, AUC: 0.57 [VAL] Loss: 0.6973, Accuracy: 59.37%, Precision: 0.61, Recall: 0.39, F1-Score: 0.48, AUC: 0.58
Epoch [52/100] - [TRAIN] Loss: 0.6999, Accuracy: 57.88%, AUC: 0.57 [VAL] Loss: 0.7022, Accuracy: 57.90%, Precision: 0.60, Recall: 0.38, F1-Score: 0.46, AUC: 0.57
Epoch [53/100] - [TRAIN] Loss: 0.6988, Accuracy: 58.48%, AUC: 0.57 [VAL] Loss: 0.7002, Accuracy: 58.20%, Precision: 0.58, Recall: 0.38, F1-Score: 0.46, AUC: 0.57
Epoch [54/100] - [TRAIN] Loss: 0.6981, Accuracy: 58.49%, AUC: 0.57 [VAL] Loss: 0.6939, Accuracy: 59.84%, Precision: 0.61, Recall: 0.39, F1-Score: 0.48, AUC: 0.59
Epoch [55/100] - [TRAIN] Loss: 0.6991, Accuracy: 58.39%, AUC: 0.57 [VAL] Loss: 0.6995, Accuracy: 58.23%, Precision: 0.60, Recall: 0.38, F1-Score: 0.46, AUC: 0.57
Epoch [56/100] - [TRAIN] Loss: 0.6988, Accuracy: 58.33%, AUC: 0.57 [VAL] Loss: 0.6968, Accuracy: 58.59%, Precision: 0.60, Recall: 0.39, F1-Score: 0.47, AUC: 0.58
Epoch [57/100] - [TRAIN] Loss: 0.6991, Accuracy: 58.51%, AUC: 0.58 [VAL] Loss: 0.6974, Accuracy: 58.79%, Precision: 0.60, Recall: 0.39, F1-Score: 0.47, AUC: 0.58
Epoch [58/100] - [TRAIN] Loss: 0.6986, Accuracy: 58.40%, AUC: 0.57 [VAL] Loss: 0.6975, Accuracy: 59.29%, Precision: 0.59, Recall: 0.39, F1-Score: 0.47, AUC: 0.58
Epoch [59/100] - [TRAIN] Loss: 0.6986, Accuracy: 58.42%, AUC: 0.57 [VAL] Loss: 0.6986, Accuracy: 58.49%, Precision: 0.59, Recall: 0.39, F1-Score: 0.47, AUC: 0.57
Epoch [60/100] - [TRAIN] Loss: 0.6975, Accuracy: 58.53%, AUC: 0.58 [VAL] Loss: 0.6978, Accuracy: 58.84%, Precision: 0.60, Recall: 0.40, F1-Score: 0.48, AUC: 0.58
Epoch [61/100] - [TRAIN] Loss: 0.6992, Accuracy: 58.43%, AUC: 0.58 [VAL] Loss: 0.6986, Accuracy: 58.29%, Precision: 0.59, Recall: 0.38, F1-Score: 0.46, AUC: 0.57
Epoch [62/100] - [TRAIN] Loss: 0.6989, Accuracy: 58.40%, AUC: 0.57 [VAL] Loss: 0.6956, Accuracy: 58.97%, Precision: 0.60, Recall: 0.39, F1-Score: 0.48, AUC: 0.58
Epoch [63/100] - [TRAIN] Loss: 0.7006, Accuracy: 58.11%, AUC: 0.57 [VAL] Loss: 0.6975, Accuracy: 58.65%, Precision: 0.60, Recall: 0.39, F1-Score: 0.47, AUC: 0.58
Epoch [64/100] - [TRAIN] Loss: 0.6996, Accuracy: 58.30%, AUC: 0.57 [VAL] Loss: 0.6979, Accuracy: 58.90%, Precision: 0.60, Recall: 0.39, F1-Score: 0.47, AUC: 0.58
Epoch [65/100] - [TRAIN] Loss: 0.6983, Accuracy: 58.48%, AUC: 0.57 [VAL] Loss: 0.6962, Accuracy: 59.21%, Precision: 0.59, Recall: 0.39, F1-Score: 0.47, AUC: 0.58
Epoch [66/100] - [TRAIN] Loss: 0.6991, Accuracy: 58.42%, AUC: 0.57 [VAL] Loss: 0.6965, Accuracy: 59.28%, Precision: 0.60, Recall: 0.39, F1-Score: 0.47, AUC: 0.58
Epoch [67/100] - [TRAIN] Loss: 0.6986, Accuracy: 58.63%, AUC: 0.57 [VAL] Loss: 0.6981, Accuracy: 58.70%, Precision: 0.59, Recall: 0.40, F1-Score: 0.48, AUC: 0.58
Epoch [68/100] - [TRAIN] Loss: 0.6988, Accuracy: 58.36%, AUC: 0.57 [VAL] Loss: 0.6955, Accuracy: 59.61%, Precision: 0.62, Recall: 0.40, F1-Score: 0.49, AUC: 0.59
Epoch [69/100] - [TRAIN] Loss: 0.6995, Accuracy: 58.18%, AUC: 0.57 [VAL] Loss: 0.6952, Accuracy: 59.15%, Precision: 0.60, Recall: 0.39, F1-Score: 0.48, AUC: 0.58
Epoch [70/100] - [TRAIN] Loss: 0.6994, Accuracy: 58.36%, AUC: 0.57 [VAL] Loss: 0.7005, Accuracy: 57.72%, Precision: 0.59, Recall: 0.37, F1-Score: 0.45, AUC: 0.57
Epoch [71/100] - [TRAIN] Loss: 0.6993, Accuracy: 58.14%, AUC: 0.57 [VAL] Loss: 0.6967, Accuracy: 59.09%, Precision: 0.61, Recall: 0.38, F1-Score: 0.47, AUC: 0.58
Epoch [72/100] - [TRAIN] Loss: 0.6972, Accuracy: 58.92%, AUC: 0.58 [VAL] Loss: 0.6988, Accuracy: 57.75%, Precision: 0.59, Recall: 0.37, F1-Score: 0.46, AUC: 0.57
Epoch [73/100] - [TRAIN] Loss: 0.6980, Accuracy: 58.67%, AUC: 0.58 [VAL] Loss: 0.6961, Accuracy: 59.64%, Precision: 0.60, Recall: 0.40, F1-Score: 0.48, AUC: 0.58
Epoch [74/100] - [TRAIN] Loss: 0.6980, Accuracy: 58.53%, AUC: 0.57 [VAL] Loss: 0.6996, Accuracy: 58.50%, Precision: 0.59, Recall: 0.40, F1-Score: 0.48, AUC: 0.58
Epoch [75/100] - [TRAIN] Loss: 0.6985, Accuracy: 58.32%, AUC: 0.57 [VAL] Loss: 0.6970, Accuracy: 59.11%, Precision: 0.60, Recall: 0.38, F1-Score: 0.47, AUC: 0.58
Epoch [76/100] - [TRAIN] Loss: 0.6978, Accuracy: 58.67%, AUC: 0.58 [VAL] Loss: 0.6978, Accuracy: 58.75%, Precision: 0.62, Recall: 0.39, F1-Score: 0.48, AUC: 0.58
Epoch [77/100] - [TRAIN] Loss: 0.6992, Accuracy: 58.23%, AUC: 0.57 [VAL] Loss: 0.6980, Accuracy: 58.88%, Precision: 0.60, Recall: 0.38, F1-Score: 0.47, AUC: 0.58
Epoch [78/100] - [TRAIN] Loss: 0.6986, Accuracy: 58.69%, AUC: 0.58 [VAL] Loss: 0.6993, Accuracy: 58.94%, Precision: 0.61, Recall: 0.40, F1-Score: 0.48, AUC: 0.58
Epoch [79/100] - [TRAIN] Loss: 0.6991, Accuracy: 58.27%, AUC: 0.57 [VAL] Loss: 0.6989, Accuracy: 58.52%, Precision: 0.61, Recall: 0.38, F1-Score: 0.47, AUC: 0.58
Epoch [80/100] - [TRAIN] Loss: 0.6988, Accuracy: 58.56%, AUC: 0.58 [VAL] Loss: 0.6969, Accuracy: 59.01%, Precision: 0.60, Recall: 0.39, F1-Score: 0.47, AUC: 0.58
Epoch [81/100] - [TRAIN] Loss: 0.6985, Accuracy: 58.49%, AUC: 0.57 [VAL] Loss: 0.6981, Accuracy: 58.86%, Precision: 0.58, Recall: 0.39, F1-Score: 0.47, AUC: 0.58
Epoch [82/100] - [TRAIN] Loss: 0.6996, Accuracy: 58.03%, AUC: 0.57 [VAL] Loss: 0.6932, Accuracy: 60.29%, Precision: 0.61, Recall: 0.40, F1-Score: 0.48, AUC: 0.59
Epoch [83/100] - [TRAIN] Loss: 0.6995, Accuracy: 58.52%, AUC: 0.57 [VAL] Loss: 0.7013, Accuracy: 57.94%, Precision: 0.59, Recall: 0.39, F1-Score: 0.47, AUC: 0.57
Epoch [84/100] - [TRAIN] Loss: 0.6990, Accuracy: 58.26%, AUC: 0.57 [VAL] Loss: 0.6943, Accuracy: 59.55%, Precision: 0.60, Recall: 0.40, F1-Score: 0.48, AUC: 0.58
Epoch [85/100] - [TRAIN] Loss: 0.6987, Accuracy: 58.42%, AUC: 0.58 [VAL] Loss: 0.6970, Accuracy: 59.52%, Precision: 0.62, Recall: 0.40, F1-Score: 0.48, AUC: 0.59
Epoch [86/100] - [TRAIN] Loss: 0.6988, Accuracy: 58.37%, AUC: 0.57 [VAL] Loss: 0.6977, Accuracy: 59.23%, Precision: 0.61, Recall: 0.40, F1-Score: 0.48, AUC: 0.58
Epoch [87/100] - [TRAIN] Loss: 0.6986, Accuracy: 58.53%, AUC: 0.58 [VAL] Loss: 0.6990, Accuracy: 58.23%, Precision: 0.59, Recall: 0.39, F1-Score: 0.47, AUC: 0.57
Epoch [88/100] - [TRAIN] Loss: 0.6992, Accuracy: 58.19%, AUC: 0.57 [VAL] Loss: 0.6973, Accuracy: 58.71%, Precision: 0.60, Recall: 0.39, F1-Score: 0.47, AUC: 0.58
Epoch [89/100] - [TRAIN] Loss: 0.6987, Accuracy: 58.50%, AUC: 0.57 [VAL] Loss: 0.6978, Accuracy: 58.57%, Precision: 0.59, Recall: 0.39, F1-Score: 0.47, AUC: 0.57
Epoch [90/100] - [TRAIN] Loss: 0.6993, Accuracy: 58.32%, AUC: 0.57 [VAL] Loss: 0.6954, Accuracy: 59.99%, Precision: 0.60, Recall: 0.39, F1-Score: 0.48, AUC: 0.58
Epoch [91/100] - [TRAIN] Loss: 0.6987, Accuracy: 58.52%, AUC: 0.57 [VAL] Loss: 0.6941, Accuracy: 60.03%, Precision: 0.61, Recall: 0.39, F1-Score: 0.48, AUC: 0.59
Epoch [92/100] - [TRAIN] Loss: 0.7001, Accuracy: 58.13%, AUC: 0.57 [VAL] Loss: 0.6979, Accuracy: 58.50%, Precision: 0.59, Recall: 0.38, F1-Score: 0.47, AUC: 0.57
Epoch [93/100] - [TRAIN] Loss: 0.6974, Accuracy: 58.80%, AUC: 0.58 [VAL] Loss: 0.6993, Accuracy: 58.42%, Precision: 0.60, Recall: 0.39, F1-Score: 0.47, AUC: 0.58
Epoch [94/100] - [TRAIN] Loss: 0.6991, Accuracy: 58.34%, AUC: 0.57 [VAL] Loss: 0.6982, Accuracy: 58.46%, Precision: 0.61, Recall: 0.39, F1-Score: 0.48, AUC: 0.58
Epoch [95/100] - [TRAIN] Loss: 0.6988, Accuracy: 58.41%, AUC: 0.57 [VAL] Loss: 0.6971, Accuracy: 58.81%, Precision: 0.60, Recall: 0.39, F1-Score: 0.47, AUC: 0.58
Epoch [96/100] - [TRAIN] Loss: 0.6983, Accuracy: 58.42%, AUC: 0.57 [VAL] Loss: 0.6981, Accuracy: 58.87%, Precision: 0.60, Recall: 0.39, F1-Score: 0.48, AUC: 0.58
Epoch [97/100] - [TRAIN] Loss: 0.6989, Accuracy: 58.25%, AUC: 0.57 [VAL] Loss: 0.6975, Accuracy: 58.48%, Precision: 0.59, Recall: 0.38, F1-Score: 0.46, AUC: 0.57
Epoch [98/100] - [TRAIN] Loss: 0.6977, Accuracy: 58.83%, AUC: 0.58 [VAL] Loss: 0.6976, Accuracy: 58.34%, Precision: 0.59, Recall: 0.39, F1-Score: 0.47, AUC: 0.57
Epoch [99/100] - [TRAIN] Loss: 0.6985, Accuracy: 58.30%, AUC: 0.57 [VAL] Loss: 0.6968, Accuracy: 58.96%, Precision: 0.61, Recall: 0.39, F1-Score: 0.48, AUC: 0.58
Epoch [100/100] - [TRAIN] Loss: 0.6991, Accuracy: 58.16%, AUC: 0.57 [VAL] Loss: 0.7009, Accuracy: 58.10%, Precision: 0.59, Recall: 0.38, F1-Score: 0.46, AUC: 0.57
Accuracy Score on test set: 59.54 %
    AUC Score on test set: 0.58
    Precision: 0.6076
    Recall: 0.3856
    F1-Score: 0.4718

    Detailed Classification Report:
                  precision    recall  f1-score   support

           0       0.59      0.78      0.67      5314
           1       0.61      0.39      0.47      4686

    accuracy                           0.60     10000
   macro avg       0.60      0.58      0.57     10000
weighted avg       0.60      0.60      0.58     10000


    Confusion Matrix:
    [[4147 1167]
 [2879 1807]]
    
003-H3K27ac
Epoch [1/100] - [TRAIN] Loss: 0.6687, Accuracy: 63.73%, AUC: 0.64 [VAL] Loss: 0.6495, Accuracy: 66.01%, Precision: 0.61, Recall: 0.75, F1-Score: 0.68, AUC: 0.67
Epoch [2/100] - [TRAIN] Loss: 0.6407, Accuracy: 67.17%, AUC: 0.68 [VAL] Loss: 0.6361, Accuracy: 67.33%, Precision: 0.64, Recall: 0.74, F1-Score: 0.69, AUC: 0.68
Epoch [3/100] - [TRAIN] Loss: 0.6330, Accuracy: 69.75%, AUC: 0.69 [VAL] Loss: 0.6189, Accuracy: 70.99%, Precision: 0.73, Recall: 0.61, F1-Score: 0.67, AUC: 0.71
Epoch [4/100] - [TRAIN] Loss: 0.6276, Accuracy: 70.05%, AUC: 0.70 [VAL] Loss: 0.6207, Accuracy: 70.49%, Precision: 0.73, Recall: 0.59, F1-Score: 0.66, AUC: 0.70
Epoch [5/100] - [TRAIN] Loss: 0.6262, Accuracy: 69.85%, AUC: 0.69 [VAL] Loss: 0.6141, Accuracy: 70.35%, Precision: 0.73, Recall: 0.59, F1-Score: 0.65, AUC: 0.70
Epoch [6/100] - [TRAIN] Loss: 0.6202, Accuracy: 70.22%, AUC: 0.70 [VAL] Loss: 0.6129, Accuracy: 70.19%, Precision: 0.74, Recall: 0.57, F1-Score: 0.64, AUC: 0.69
Epoch [7/100] - [TRAIN] Loss: 0.6173, Accuracy: 70.03%, AUC: 0.70 [VAL] Loss: 0.6123, Accuracy: 69.72%, Precision: 0.72, Recall: 0.58, F1-Score: 0.64, AUC: 0.69
Epoch [8/100] - [TRAIN] Loss: 0.6173, Accuracy: 70.24%, AUC: 0.70 [VAL] Loss: 0.6150, Accuracy: 70.00%, Precision: 0.73, Recall: 0.57, F1-Score: 0.64, AUC: 0.69
Epoch [9/100] - [TRAIN] Loss: 0.6127, Accuracy: 70.31%, AUC: 0.70 [VAL] Loss: 0.6087, Accuracy: 70.41%, Precision: 0.73, Recall: 0.57, F1-Score: 0.64, AUC: 0.70
Epoch [10/100] - [TRAIN] Loss: 0.6159, Accuracy: 69.73%, AUC: 0.69 [VAL] Loss: 0.6028, Accuracy: 70.32%, Precision: 0.73, Recall: 0.57, F1-Score: 0.64, AUC: 0.69
Epoch [11/100] - [TRAIN] Loss: 0.6121, Accuracy: 70.09%, AUC: 0.69 [VAL] Loss: 0.6051, Accuracy: 70.26%, Precision: 0.74, Recall: 0.58, F1-Score: 0.65, AUC: 0.70
Epoch [12/100] - [TRAIN] Loss: 0.6108, Accuracy: 70.09%, AUC: 0.70 [VAL] Loss: 0.6046, Accuracy: 69.75%, Precision: 0.74, Recall: 0.56, F1-Score: 0.64, AUC: 0.69
Epoch [13/100] - [TRAIN] Loss: 0.6122, Accuracy: 69.99%, AUC: 0.70 [VAL] Loss: 0.6042, Accuracy: 69.54%, Precision: 0.73, Recall: 0.56, F1-Score: 0.63, AUC: 0.69
Epoch [14/100] - [TRAIN] Loss: 0.6057, Accuracy: 70.51%, AUC: 0.70 [VAL] Loss: 0.6006, Accuracy: 70.38%, Precision: 0.73, Recall: 0.58, F1-Score: 0.65, AUC: 0.70
Epoch [15/100] - [TRAIN] Loss: 0.6101, Accuracy: 69.87%, AUC: 0.69 [VAL] Loss: 0.6090, Accuracy: 69.67%, Precision: 0.74, Recall: 0.56, F1-Score: 0.64, AUC: 0.69
Epoch [16/100] - [TRAIN] Loss: 0.6090, Accuracy: 69.79%, AUC: 0.69 [VAL] Loss: 0.5979, Accuracy: 70.40%, Precision: 0.74, Recall: 0.56, F1-Score: 0.64, AUC: 0.69
Epoch [17/100] - [TRAIN] Loss: 0.6089, Accuracy: 70.02%, AUC: 0.70 [VAL] Loss: 0.6080, Accuracy: 69.43%, Precision: 0.73, Recall: 0.56, F1-Score: 0.63, AUC: 0.69
Epoch [18/100] - [TRAIN] Loss: 0.6049, Accuracy: 70.25%, AUC: 0.70 [VAL] Loss: 0.5942, Accuracy: 70.83%, Precision: 0.74, Recall: 0.57, F1-Score: 0.65, AUC: 0.70
Epoch [19/100] - [TRAIN] Loss: 0.6055, Accuracy: 70.20%, AUC: 0.70 [VAL] Loss: 0.5998, Accuracy: 69.75%, Precision: 0.74, Recall: 0.55, F1-Score: 0.63, AUC: 0.69
Epoch [20/100] - [TRAIN] Loss: 0.6056, Accuracy: 70.14%, AUC: 0.70 [VAL] Loss: 0.6041, Accuracy: 70.23%, Precision: 0.74, Recall: 0.58, F1-Score: 0.65, AUC: 0.70
Epoch [21/100] - [TRAIN] Loss: 0.6013, Accuracy: 70.38%, AUC: 0.70 [VAL] Loss: 0.5940, Accuracy: 70.81%, Precision: 0.74, Recall: 0.58, F1-Score: 0.65, AUC: 0.70
Epoch [22/100] - [TRAIN] Loss: 0.6032, Accuracy: 70.26%, AUC: 0.70 [VAL] Loss: 0.5934, Accuracy: 70.36%, Precision: 0.73, Recall: 0.58, F1-Score: 0.65, AUC: 0.70
Epoch [23/100] - [TRAIN] Loss: 0.6008, Accuracy: 70.65%, AUC: 0.70 [VAL] Loss: 0.5958, Accuracy: 70.45%, Precision: 0.75, Recall: 0.58, F1-Score: 0.65, AUC: 0.70
Epoch [24/100] - [TRAIN] Loss: 0.6011, Accuracy: 70.33%, AUC: 0.70 [VAL] Loss: 0.6074, Accuracy: 70.00%, Precision: 0.73, Recall: 0.58, F1-Score: 0.65, AUC: 0.69
Epoch [25/100] - [TRAIN] Loss: 0.6032, Accuracy: 70.35%, AUC: 0.70 [VAL] Loss: 0.6021, Accuracy: 69.41%, Precision: 0.73, Recall: 0.57, F1-Score: 0.64, AUC: 0.69
Epoch [26/100] - [TRAIN] Loss: 0.5995, Accuracy: 70.47%, AUC: 0.70 [VAL] Loss: 0.6034, Accuracy: 69.64%, Precision: 0.73, Recall: 0.58, F1-Score: 0.65, AUC: 0.69
Epoch [27/100] - [TRAIN] Loss: 0.5981, Accuracy: 70.44%, AUC: 0.70 [VAL] Loss: 0.5962, Accuracy: 70.57%, Precision: 0.73, Recall: 0.60, F1-Score: 0.66, AUC: 0.70
Epoch [28/100] - [TRAIN] Loss: 0.6024, Accuracy: 70.39%, AUC: 0.70 [VAL] Loss: 0.6052, Accuracy: 69.63%, Precision: 0.73, Recall: 0.58, F1-Score: 0.65, AUC: 0.69
Epoch [29/100] - [TRAIN] Loss: 0.5988, Accuracy: 70.34%, AUC: 0.70 [VAL] Loss: 0.5953, Accuracy: 70.49%, Precision: 0.74, Recall: 0.57, F1-Score: 0.64, AUC: 0.70
Epoch [30/100] - [TRAIN] Loss: 0.5994, Accuracy: 70.33%, AUC: 0.70 [VAL] Loss: 0.6123, Accuracy: 69.33%, Precision: 0.72, Recall: 0.56, F1-Score: 0.63, AUC: 0.69
Epoch [31/100] - [TRAIN] Loss: 0.6003, Accuracy: 70.15%, AUC: 0.70 [VAL] Loss: 0.5984, Accuracy: 69.59%, Precision: 0.73, Recall: 0.58, F1-Score: 0.65, AUC: 0.69
Epoch [32/100] - [TRAIN] Loss: 0.6003, Accuracy: 70.28%, AUC: 0.70 [VAL] Loss: 0.6040, Accuracy: 69.78%, Precision: 0.72, Recall: 0.59, F1-Score: 0.65, AUC: 0.69
Epoch [33/100] - [TRAIN] Loss: 0.5990, Accuracy: 70.42%, AUC: 0.70 [VAL] Loss: 0.5930, Accuracy: 70.81%, Precision: 0.73, Recall: 0.59, F1-Score: 0.66, AUC: 0.70
Epoch [34/100] - [TRAIN] Loss: 0.6017, Accuracy: 70.21%, AUC: 0.70 [VAL] Loss: 0.6012, Accuracy: 70.50%, Precision: 0.73, Recall: 0.59, F1-Score: 0.65, AUC: 0.70
Epoch [35/100] - [TRAIN] Loss: 0.5974, Accuracy: 70.50%, AUC: 0.70 [VAL] Loss: 0.5977, Accuracy: 70.57%, Precision: 0.73, Recall: 0.59, F1-Score: 0.66, AUC: 0.70
Epoch [36/100] - [TRAIN] Loss: 0.5996, Accuracy: 70.28%, AUC: 0.70 [VAL] Loss: 0.5941, Accuracy: 70.62%, Precision: 0.74, Recall: 0.58, F1-Score: 0.65, AUC: 0.70
Epoch [37/100] - [TRAIN] Loss: 0.5998, Accuracy: 70.64%, AUC: 0.70 [VAL] Loss: 0.5995, Accuracy: 69.97%, Precision: 0.73, Recall: 0.58, F1-Score: 0.64, AUC: 0.69
Epoch [38/100] - [TRAIN] Loss: 0.5961, Accuracy: 70.60%, AUC: 0.70 [VAL] Loss: 0.6003, Accuracy: 69.72%, Precision: 0.73, Recall: 0.58, F1-Score: 0.64, AUC: 0.69
Epoch [39/100] - [TRAIN] Loss: 0.6003, Accuracy: 70.30%, AUC: 0.70 [VAL] Loss: 0.6028, Accuracy: 69.76%, Precision: 0.73, Recall: 0.57, F1-Score: 0.64, AUC: 0.69
Epoch [40/100] - [TRAIN] Loss: 0.6006, Accuracy: 70.42%, AUC: 0.70 [VAL] Loss: 0.6001, Accuracy: 69.71%, Precision: 0.73, Recall: 0.58, F1-Score: 0.64, AUC: 0.69
Epoch [41/100] - [TRAIN] Loss: 0.5998, Accuracy: 70.29%, AUC: 0.70 [VAL] Loss: 0.5982, Accuracy: 70.84%, Precision: 0.74, Recall: 0.58, F1-Score: 0.65, AUC: 0.70
Epoch [42/100] - [TRAIN] Loss: 0.5962, Accuracy: 70.54%, AUC: 0.70 [VAL] Loss: 0.5917, Accuracy: 70.74%, Precision: 0.74, Recall: 0.59, F1-Score: 0.65, AUC: 0.70
Epoch [43/100] - [TRAIN] Loss: 0.5966, Accuracy: 70.60%, AUC: 0.70 [VAL] Loss: 0.5971, Accuracy: 69.77%, Precision: 0.72, Recall: 0.58, F1-Score: 0.64, AUC: 0.69
Epoch [44/100] - [TRAIN] Loss: 0.5976, Accuracy: 70.49%, AUC: 0.70 [VAL] Loss: 0.5970, Accuracy: 70.23%, Precision: 0.74, Recall: 0.58, F1-Score: 0.65, AUC: 0.70
Epoch [45/100] - [TRAIN] Loss: 0.5986, Accuracy: 70.47%, AUC: 0.70 [VAL] Loss: 0.6004, Accuracy: 69.30%, Precision: 0.73, Recall: 0.57, F1-Score: 0.64, AUC: 0.69
Epoch [46/100] - [TRAIN] Loss: 0.5987, Accuracy: 70.45%, AUC: 0.70 [VAL] Loss: 0.5872, Accuracy: 70.74%, Precision: 0.74, Recall: 0.58, F1-Score: 0.65, AUC: 0.70
Epoch [47/100] - [TRAIN] Loss: 0.5978, Accuracy: 70.75%, AUC: 0.70 [VAL] Loss: 0.5984, Accuracy: 70.00%, Precision: 0.74, Recall: 0.58, F1-Score: 0.65, AUC: 0.70
Epoch [48/100] - [TRAIN] Loss: 0.5988, Accuracy: 70.34%, AUC: 0.70 [VAL] Loss: 0.5975, Accuracy: 69.89%, Precision: 0.73, Recall: 0.58, F1-Score: 0.64, AUC: 0.69
Epoch [49/100] - [TRAIN] Loss: 0.5967, Accuracy: 70.47%, AUC: 0.70 [VAL] Loss: 0.6074, Accuracy: 69.39%, Precision: 0.73, Recall: 0.58, F1-Score: 0.64, AUC: 0.69
Epoch [50/100] - [TRAIN] Loss: 0.5985, Accuracy: 70.46%, AUC: 0.70 [VAL] Loss: 0.6002, Accuracy: 70.40%, Precision: 0.73, Recall: 0.59, F1-Score: 0.65, AUC: 0.70
Epoch [51/100] - [TRAIN] Loss: 0.5991, Accuracy: 70.33%, AUC: 0.70 [VAL] Loss: 0.6062, Accuracy: 69.35%, Precision: 0.73, Recall: 0.58, F1-Score: 0.65, AUC: 0.69
Epoch [52/100] - [TRAIN] Loss: 0.5999, Accuracy: 70.19%, AUC: 0.70 [VAL] Loss: 0.5925, Accuracy: 70.94%, Precision: 0.75, Recall: 0.58, F1-Score: 0.65, AUC: 0.70
Epoch [53/100] - [TRAIN] Loss: 0.6007, Accuracy: 70.35%, AUC: 0.70 [VAL] Loss: 0.5956, Accuracy: 70.94%, Precision: 0.75, Recall: 0.59, F1-Score: 0.66, AUC: 0.70
Epoch [54/100] - [TRAIN] Loss: 0.5984, Accuracy: 70.34%, AUC: 0.70 [VAL] Loss: 0.5961, Accuracy: 70.53%, Precision: 0.74, Recall: 0.59, F1-Score: 0.65, AUC: 0.70
Epoch [55/100] - [TRAIN] Loss: 0.5979, Accuracy: 70.51%, AUC: 0.70 [VAL] Loss: 0.5987, Accuracy: 70.02%, Precision: 0.73, Recall: 0.58, F1-Score: 0.65, AUC: 0.70
Epoch [56/100] - [TRAIN] Loss: 0.5981, Accuracy: 70.48%, AUC: 0.70 [VAL] Loss: 0.5973, Accuracy: 70.14%, Precision: 0.74, Recall: 0.58, F1-Score: 0.65, AUC: 0.70
Epoch [57/100] - [TRAIN] Loss: 0.5985, Accuracy: 70.58%, AUC: 0.70 [VAL] Loss: 0.5967, Accuracy: 69.59%, Precision: 0.72, Recall: 0.57, F1-Score: 0.64, AUC: 0.69
Epoch [58/100] - [TRAIN] Loss: 0.5997, Accuracy: 70.32%, AUC: 0.70 [VAL] Loss: 0.5982, Accuracy: 69.85%, Precision: 0.72, Recall: 0.59, F1-Score: 0.65, AUC: 0.69
Epoch [59/100] - [TRAIN] Loss: 0.5982, Accuracy: 70.55%, AUC: 0.70 [VAL] Loss: 0.5970, Accuracy: 70.21%, Precision: 0.73, Recall: 0.58, F1-Score: 0.65, AUC: 0.70
Epoch [60/100] - [TRAIN] Loss: 0.5984, Accuracy: 70.48%, AUC: 0.70 [VAL] Loss: 0.5969, Accuracy: 70.12%, Precision: 0.72, Recall: 0.58, F1-Score: 0.64, AUC: 0.69
Epoch [61/100] - [TRAIN] Loss: 0.5984, Accuracy: 70.62%, AUC: 0.70 [VAL] Loss: 0.5980, Accuracy: 70.32%, Precision: 0.73, Recall: 0.59, F1-Score: 0.65, AUC: 0.70
Epoch [62/100] - [TRAIN] Loss: 0.5979, Accuracy: 70.40%, AUC: 0.70 [VAL] Loss: 0.5979, Accuracy: 69.68%, Precision: 0.72, Recall: 0.58, F1-Score: 0.64, AUC: 0.69
Epoch [63/100] - [TRAIN] Loss: 0.5944, Accuracy: 70.65%, AUC: 0.70 [VAL] Loss: 0.5928, Accuracy: 70.64%, Precision: 0.74, Recall: 0.59, F1-Score: 0.65, AUC: 0.70
Epoch [64/100] - [TRAIN] Loss: 0.5994, Accuracy: 70.45%, AUC: 0.70 [VAL] Loss: 0.5938, Accuracy: 70.69%, Precision: 0.74, Recall: 0.58, F1-Score: 0.65, AUC: 0.70
Epoch [65/100] - [TRAIN] Loss: 0.5972, Accuracy: 70.50%, AUC: 0.70 [VAL] Loss: 0.6002, Accuracy: 70.48%, Precision: 0.74, Recall: 0.58, F1-Score: 0.65, AUC: 0.70
Epoch [66/100] - [TRAIN] Loss: 0.5987, Accuracy: 70.38%, AUC: 0.70 [VAL] Loss: 0.5969, Accuracy: 70.28%, Precision: 0.73, Recall: 0.59, F1-Score: 0.65, AUC: 0.70
Epoch [67/100] - [TRAIN] Loss: 0.5999, Accuracy: 70.45%, AUC: 0.70 [VAL] Loss: 0.5913, Accuracy: 70.77%, Precision: 0.74, Recall: 0.59, F1-Score: 0.66, AUC: 0.70
Epoch [68/100] - [TRAIN] Loss: 0.6010, Accuracy: 70.30%, AUC: 0.70 [VAL] Loss: 0.5948, Accuracy: 70.23%, Precision: 0.73, Recall: 0.59, F1-Score: 0.65, AUC: 0.70
Epoch [69/100] - [TRAIN] Loss: 0.5972, Accuracy: 70.60%, AUC: 0.70 [VAL] Loss: 0.5917, Accuracy: 70.39%, Precision: 0.74, Recall: 0.58, F1-Score: 0.65, AUC: 0.70
Epoch [70/100] - [TRAIN] Loss: 0.5990, Accuracy: 70.60%, AUC: 0.70 [VAL] Loss: 0.5972, Accuracy: 70.10%, Precision: 0.74, Recall: 0.58, F1-Score: 0.65, AUC: 0.70
Epoch [71/100] - [TRAIN] Loss: 0.5992, Accuracy: 70.39%, AUC: 0.70 [VAL] Loss: 0.5960, Accuracy: 70.35%, Precision: 0.74, Recall: 0.58, F1-Score: 0.65, AUC: 0.70
Epoch [72/100] - [TRAIN] Loss: 0.5969, Accuracy: 70.25%, AUC: 0.70 [VAL] Loss: 0.5890, Accuracy: 70.85%, Precision: 0.73, Recall: 0.59, F1-Score: 0.65, AUC: 0.70
Epoch [73/100] - [TRAIN] Loss: 0.5966, Accuracy: 70.69%, AUC: 0.70 [VAL] Loss: 0.5920, Accuracy: 70.77%, Precision: 0.73, Recall: 0.59, F1-Score: 0.65, AUC: 0.70
Epoch [74/100] - [TRAIN] Loss: 0.5991, Accuracy: 70.56%, AUC: 0.70 [VAL] Loss: 0.5968, Accuracy: 70.78%, Precision: 0.73, Recall: 0.59, F1-Score: 0.65, AUC: 0.70
Epoch [75/100] - [TRAIN] Loss: 0.6002, Accuracy: 70.23%, AUC: 0.70 [VAL] Loss: 0.5988, Accuracy: 69.95%, Precision: 0.73, Recall: 0.57, F1-Score: 0.64, AUC: 0.69
Epoch [76/100] - [TRAIN] Loss: 0.6007, Accuracy: 70.15%, AUC: 0.70 [VAL] Loss: 0.6104, Accuracy: 69.20%, Precision: 0.72, Recall: 0.57, F1-Score: 0.64, AUC: 0.69
Epoch [77/100] - [TRAIN] Loss: 0.5982, Accuracy: 70.36%, AUC: 0.70 [VAL] Loss: 0.5988, Accuracy: 70.58%, Precision: 0.73, Recall: 0.59, F1-Score: 0.65, AUC: 0.70
Epoch [78/100] - [TRAIN] Loss: 0.6000, Accuracy: 70.33%, AUC: 0.70 [VAL] Loss: 0.5978, Accuracy: 70.14%, Precision: 0.73, Recall: 0.59, F1-Score: 0.65, AUC: 0.70
Epoch [79/100] - [TRAIN] Loss: 0.5991, Accuracy: 70.55%, AUC: 0.70 [VAL] Loss: 0.5980, Accuracy: 69.51%, Precision: 0.73, Recall: 0.57, F1-Score: 0.64, AUC: 0.69
Epoch [80/100] - [TRAIN] Loss: 0.5994, Accuracy: 70.35%, AUC: 0.70 [VAL] Loss: 0.5982, Accuracy: 70.24%, Precision: 0.73, Recall: 0.58, F1-Score: 0.65, AUC: 0.70
Epoch [81/100] - [TRAIN] Loss: 0.5995, Accuracy: 70.64%, AUC: 0.70 [VAL] Loss: 0.5930, Accuracy: 70.75%, Precision: 0.74, Recall: 0.58, F1-Score: 0.65, AUC: 0.70
Epoch [82/100] - [TRAIN] Loss: 0.5977, Accuracy: 70.27%, AUC: 0.70 [VAL] Loss: 0.5873, Accuracy: 70.89%, Precision: 0.73, Recall: 0.60, F1-Score: 0.66, AUC: 0.70
Epoch [83/100] - [TRAIN] Loss: 0.5986, Accuracy: 70.39%, AUC: 0.70 [VAL] Loss: 0.5980, Accuracy: 70.07%, Precision: 0.73, Recall: 0.58, F1-Score: 0.64, AUC: 0.69
Epoch [84/100] - [TRAIN] Loss: 0.5953, Accuracy: 70.56%, AUC: 0.70 [VAL] Loss: 0.5954, Accuracy: 70.26%, Precision: 0.74, Recall: 0.59, F1-Score: 0.66, AUC: 0.70
Epoch [85/100] - [TRAIN] Loss: 0.5986, Accuracy: 70.39%, AUC: 0.70 [VAL] Loss: 0.5959, Accuracy: 70.13%, Precision: 0.74, Recall: 0.59, F1-Score: 0.65, AUC: 0.70
Epoch [86/100] - [TRAIN] Loss: 0.6007, Accuracy: 70.27%, AUC: 0.70 [VAL] Loss: 0.6035, Accuracy: 69.71%, Precision: 0.73, Recall: 0.58, F1-Score: 0.64, AUC: 0.69
Epoch [87/100] - [TRAIN] Loss: 0.5975, Accuracy: 70.58%, AUC: 0.70 [VAL] Loss: 0.5925, Accuracy: 70.86%, Precision: 0.74, Recall: 0.59, F1-Score: 0.66, AUC: 0.70
Epoch [88/100] - [TRAIN] Loss: 0.5984, Accuracy: 70.48%, AUC: 0.70 [VAL] Loss: 0.6038, Accuracy: 69.51%, Precision: 0.73, Recall: 0.56, F1-Score: 0.63, AUC: 0.69
Epoch [89/100] - [TRAIN] Loss: 0.5984, Accuracy: 70.19%, AUC: 0.70 [VAL] Loss: 0.5976, Accuracy: 70.25%, Precision: 0.74, Recall: 0.58, F1-Score: 0.65, AUC: 0.70
Epoch [90/100] - [TRAIN] Loss: 0.5981, Accuracy: 70.28%, AUC: 0.70 [VAL] Loss: 0.5911, Accuracy: 70.97%, Precision: 0.74, Recall: 0.59, F1-Score: 0.65, AUC: 0.70
Epoch [91/100] - [TRAIN] Loss: 0.5957, Accuracy: 70.50%, AUC: 0.70 [VAL] Loss: 0.5970, Accuracy: 70.31%, Precision: 0.73, Recall: 0.59, F1-Score: 0.65, AUC: 0.70
Epoch [92/100] - [TRAIN] Loss: 0.6000, Accuracy: 70.31%, AUC: 0.70 [VAL] Loss: 0.6038, Accuracy: 69.66%, Precision: 0.73, Recall: 0.58, F1-Score: 0.64, AUC: 0.69
Epoch [93/100] - [TRAIN] Loss: 0.5987, Accuracy: 70.26%, AUC: 0.70 [VAL] Loss: 0.6036, Accuracy: 70.50%, Precision: 0.73, Recall: 0.59, F1-Score: 0.65, AUC: 0.70
Epoch [94/100] - [TRAIN] Loss: 0.5973, Accuracy: 70.61%, AUC: 0.70 [VAL] Loss: 0.5979, Accuracy: 70.02%, Precision: 0.74, Recall: 0.58, F1-Score: 0.65, AUC: 0.70
Epoch [95/100] - [TRAIN] Loss: 0.5983, Accuracy: 70.50%, AUC: 0.70 [VAL] Loss: 0.5996, Accuracy: 70.28%, Precision: 0.74, Recall: 0.58, F1-Score: 0.65, AUC: 0.70
Epoch [96/100] - [TRAIN] Loss: 0.5993, Accuracy: 70.59%, AUC: 0.70 [VAL] Loss: 0.6011, Accuracy: 69.07%, Precision: 0.72, Recall: 0.57, F1-Score: 0.63, AUC: 0.68
Epoch [97/100] - [TRAIN] Loss: 0.6002, Accuracy: 70.24%, AUC: 0.70 [VAL] Loss: 0.6024, Accuracy: 69.94%, Precision: 0.73, Recall: 0.58, F1-Score: 0.65, AUC: 0.69
Epoch [98/100] - [TRAIN] Loss: 0.6008, Accuracy: 70.30%, AUC: 0.70 [VAL] Loss: 0.5963, Accuracy: 69.98%, Precision: 0.74, Recall: 0.58, F1-Score: 0.65, AUC: 0.70
Epoch [99/100] - [TRAIN] Loss: 0.6000, Accuracy: 70.31%, AUC: 0.70 [VAL] Loss: 0.5954, Accuracy: 70.51%, Precision: 0.73, Recall: 0.60, F1-Score: 0.66, AUC: 0.70
Epoch [100/100] - [TRAIN] Loss: 0.5990, Accuracy: 70.31%, AUC: 0.70 [VAL] Loss: 0.5933, Accuracy: 70.45%, Precision: 0.74, Recall: 0.58, F1-Score: 0.65, AUC: 0.70
Accuracy Score on test set: 69.90 %
    AUC Score on test set: 0.69
    Precision: 0.7367
    Recall: 0.5754
    F1-Score: 0.6461

    Detailed Classification Report:
                  precision    recall  f1-score   support

           0       0.68      0.81      0.74      5224
           1       0.74      0.58      0.65      4776

    accuracy                           0.70     10000
   macro avg       0.71      0.69      0.69     10000
weighted avg       0.71      0.70      0.69     10000


    Confusion Matrix:
    [[4242  982]
 [2028 2748]]
    
004-H3K27me3
Epoch [1/100] - [TRAIN] Loss: 0.7104, Accuracy: 54.92%, AUC: 0.53 [VAL] Loss: 0.6975, Accuracy: 58.55%, Precision: 0.67, Recall: 0.20, F1-Score: 0.31, AUC: 0.56
Epoch [2/100] - [TRAIN] Loss: 0.6970, Accuracy: 57.87%, AUC: 0.56 [VAL] Loss: 0.6860, Accuracy: 60.29%, Precision: 0.67, Recall: 0.29, F1-Score: 0.41, AUC: 0.58
Epoch [3/100] - [TRAIN] Loss: 0.6949, Accuracy: 58.34%, AUC: 0.57 [VAL] Loss: 0.6904, Accuracy: 60.25%, Precision: 0.65, Recall: 0.30, F1-Score: 0.41, AUC: 0.58
Epoch [4/100] - [TRAIN] Loss: 0.6938, Accuracy: 58.65%, AUC: 0.57 [VAL] Loss: 0.6878, Accuracy: 59.87%, Precision: 0.66, Recall: 0.32, F1-Score: 0.43, AUC: 0.58
Epoch [5/100] - [TRAIN] Loss: 0.6910, Accuracy: 59.27%, AUC: 0.58 [VAL] Loss: 0.6880, Accuracy: 60.45%, Precision: 0.65, Recall: 0.32, F1-Score: 0.43, AUC: 0.59
Epoch [6/100] - [TRAIN] Loss: 0.6892, Accuracy: 59.40%, AUC: 0.58 [VAL] Loss: 0.6856, Accuracy: 59.48%, Precision: 0.64, Recall: 0.31, F1-Score: 0.42, AUC: 0.58
Epoch [7/100] - [TRAIN] Loss: 0.6888, Accuracy: 59.32%, AUC: 0.58 [VAL] Loss: 0.6864, Accuracy: 58.94%, Precision: 0.63, Recall: 0.31, F1-Score: 0.42, AUC: 0.58
Epoch [8/100] - [TRAIN] Loss: 0.6901, Accuracy: 59.09%, AUC: 0.58 [VAL] Loss: 0.6845, Accuracy: 59.26%, Precision: 0.63, Recall: 0.31, F1-Score: 0.42, AUC: 0.58
Epoch [9/100] - [TRAIN] Loss: 0.6891, Accuracy: 59.20%, AUC: 0.58 [VAL] Loss: 0.6855, Accuracy: 59.08%, Precision: 0.65, Recall: 0.32, F1-Score: 0.43, AUC: 0.58
Epoch [10/100] - [TRAIN] Loss: 0.6894, Accuracy: 59.10%, AUC: 0.58 [VAL] Loss: 0.6893, Accuracy: 58.88%, Precision: 0.66, Recall: 0.32, F1-Score: 0.43, AUC: 0.58
Epoch [11/100] - [TRAIN] Loss: 0.6872, Accuracy: 59.37%, AUC: 0.58 [VAL] Loss: 0.6835, Accuracy: 60.11%, Precision: 0.66, Recall: 0.32, F1-Score: 0.43, AUC: 0.59
Epoch [12/100] - [TRAIN] Loss: 0.6868, Accuracy: 59.67%, AUC: 0.58 [VAL] Loss: 0.6824, Accuracy: 60.28%, Precision: 0.66, Recall: 0.33, F1-Score: 0.44, AUC: 0.59
Epoch [13/100] - [TRAIN] Loss: 0.6853, Accuracy: 59.63%, AUC: 0.58 [VAL] Loss: 0.6829, Accuracy: 60.46%, Precision: 0.65, Recall: 0.33, F1-Score: 0.44, AUC: 0.59
Epoch [14/100] - [TRAIN] Loss: 0.6855, Accuracy: 59.67%, AUC: 0.58 [VAL] Loss: 0.6807, Accuracy: 60.25%, Precision: 0.66, Recall: 0.34, F1-Score: 0.44, AUC: 0.59
Epoch [15/100] - [TRAIN] Loss: 0.6858, Accuracy: 59.56%, AUC: 0.58 [VAL] Loss: 0.6836, Accuracy: 60.35%, Precision: 0.65, Recall: 0.34, F1-Score: 0.44, AUC: 0.59
Epoch [16/100] - [TRAIN] Loss: 0.6851, Accuracy: 59.65%, AUC: 0.58 [VAL] Loss: 0.6849, Accuracy: 59.75%, Precision: 0.65, Recall: 0.31, F1-Score: 0.42, AUC: 0.58
Epoch [17/100] - [TRAIN] Loss: 0.6854, Accuracy: 59.81%, AUC: 0.58 [VAL] Loss: 0.6783, Accuracy: 59.72%, Precision: 0.65, Recall: 0.33, F1-Score: 0.44, AUC: 0.59
Epoch [18/100] - [TRAIN] Loss: 0.6844, Accuracy: 59.70%, AUC: 0.58 [VAL] Loss: 0.6808, Accuracy: 60.07%, Precision: 0.65, Recall: 0.34, F1-Score: 0.45, AUC: 0.59
Epoch [19/100] - [TRAIN] Loss: 0.6845, Accuracy: 59.52%, AUC: 0.58 [VAL] Loss: 0.6804, Accuracy: 59.53%, Precision: 0.64, Recall: 0.34, F1-Score: 0.44, AUC: 0.58
Epoch [20/100] - [TRAIN] Loss: 0.6815, Accuracy: 59.79%, AUC: 0.58 [VAL] Loss: 0.6789, Accuracy: 60.43%, Precision: 0.64, Recall: 0.33, F1-Score: 0.44, AUC: 0.59
Epoch [21/100] - [TRAIN] Loss: 0.6823, Accuracy: 59.78%, AUC: 0.58 [VAL] Loss: 0.6796, Accuracy: 59.44%, Precision: 0.63, Recall: 0.34, F1-Score: 0.44, AUC: 0.58
Epoch [22/100] - [TRAIN] Loss: 0.6828, Accuracy: 59.91%, AUC: 0.59 [VAL] Loss: 0.6802, Accuracy: 60.61%, Precision: 0.64, Recall: 0.34, F1-Score: 0.44, AUC: 0.59
Epoch [23/100] - [TRAIN] Loss: 0.6828, Accuracy: 59.63%, AUC: 0.58 [VAL] Loss: 0.6813, Accuracy: 60.17%, Precision: 0.65, Recall: 0.36, F1-Score: 0.46, AUC: 0.59
Epoch [24/100] - [TRAIN] Loss: 0.6820, Accuracy: 59.84%, AUC: 0.59 [VAL] Loss: 0.6789, Accuracy: 60.17%, Precision: 0.64, Recall: 0.35, F1-Score: 0.46, AUC: 0.59
Epoch [25/100] - [TRAIN] Loss: 0.6817, Accuracy: 60.11%, AUC: 0.59 [VAL] Loss: 0.6837, Accuracy: 59.93%, Precision: 0.65, Recall: 0.35, F1-Score: 0.46, AUC: 0.59
Epoch [26/100] - [TRAIN] Loss: 0.6817, Accuracy: 59.63%, AUC: 0.58 [VAL] Loss: 0.6794, Accuracy: 60.52%, Precision: 0.64, Recall: 0.35, F1-Score: 0.46, AUC: 0.59
Epoch [27/100] - [TRAIN] Loss: 0.6822, Accuracy: 59.94%, AUC: 0.59 [VAL] Loss: 0.6753, Accuracy: 60.96%, Precision: 0.65, Recall: 0.37, F1-Score: 0.47, AUC: 0.60
Epoch [28/100] - [TRAIN] Loss: 0.6825, Accuracy: 59.79%, AUC: 0.59 [VAL] Loss: 0.6836, Accuracy: 60.25%, Precision: 0.65, Recall: 0.35, F1-Score: 0.45, AUC: 0.59
Epoch [29/100] - [TRAIN] Loss: 0.6825, Accuracy: 59.93%, AUC: 0.59 [VAL] Loss: 0.6857, Accuracy: 58.97%, Precision: 0.62, Recall: 0.35, F1-Score: 0.44, AUC: 0.58
Epoch [30/100] - [TRAIN] Loss: 0.6827, Accuracy: 59.67%, AUC: 0.58 [VAL] Loss: 0.6770, Accuracy: 60.34%, Precision: 0.65, Recall: 0.35, F1-Score: 0.46, AUC: 0.59
Epoch [31/100] - [TRAIN] Loss: 0.6814, Accuracy: 60.31%, AUC: 0.59 [VAL] Loss: 0.6810, Accuracy: 60.04%, Precision: 0.64, Recall: 0.35, F1-Score: 0.45, AUC: 0.59
Epoch [32/100] - [TRAIN] Loss: 0.6820, Accuracy: 59.80%, AUC: 0.59 [VAL] Loss: 0.6809, Accuracy: 60.20%, Precision: 0.63, Recall: 0.35, F1-Score: 0.45, AUC: 0.59
Epoch [33/100] - [TRAIN] Loss: 0.6836, Accuracy: 59.56%, AUC: 0.58 [VAL] Loss: 0.6789, Accuracy: 60.17%, Precision: 0.63, Recall: 0.34, F1-Score: 0.44, AUC: 0.58
Epoch [34/100] - [TRAIN] Loss: 0.6830, Accuracy: 59.47%, AUC: 0.58 [VAL] Loss: 0.6820, Accuracy: 59.35%, Precision: 0.63, Recall: 0.34, F1-Score: 0.44, AUC: 0.58
Epoch [35/100] - [TRAIN] Loss: 0.6816, Accuracy: 60.07%, AUC: 0.59 [VAL] Loss: 0.6840, Accuracy: 59.15%, Precision: 0.62, Recall: 0.34, F1-Score: 0.44, AUC: 0.58
Epoch [36/100] - [TRAIN] Loss: 0.6834, Accuracy: 59.59%, AUC: 0.58 [VAL] Loss: 0.6802, Accuracy: 59.73%, Precision: 0.63, Recall: 0.34, F1-Score: 0.44, AUC: 0.58
Epoch [37/100] - [TRAIN] Loss: 0.6840, Accuracy: 59.41%, AUC: 0.58 [VAL] Loss: 0.6829, Accuracy: 59.90%, Precision: 0.65, Recall: 0.35, F1-Score: 0.45, AUC: 0.59
Epoch [38/100] - [TRAIN] Loss: 0.6820, Accuracy: 59.65%, AUC: 0.58 [VAL] Loss: 0.6786, Accuracy: 60.52%, Precision: 0.64, Recall: 0.35, F1-Score: 0.45, AUC: 0.59
Epoch [39/100] - [TRAIN] Loss: 0.6824, Accuracy: 59.89%, AUC: 0.59 [VAL] Loss: 0.6813, Accuracy: 60.11%, Precision: 0.63, Recall: 0.35, F1-Score: 0.45, AUC: 0.58
Epoch [40/100] - [TRAIN] Loss: 0.6828, Accuracy: 59.92%, AUC: 0.58 [VAL] Loss: 0.6801, Accuracy: 60.38%, Precision: 0.64, Recall: 0.34, F1-Score: 0.44, AUC: 0.59
Epoch [41/100] - [TRAIN] Loss: 0.6828, Accuracy: 59.61%, AUC: 0.58 [VAL] Loss: 0.6848, Accuracy: 59.47%, Precision: 0.63, Recall: 0.34, F1-Score: 0.44, AUC: 0.58
Epoch [42/100] - [TRAIN] Loss: 0.6826, Accuracy: 59.68%, AUC: 0.59 [VAL] Loss: 0.6797, Accuracy: 60.56%, Precision: 0.64, Recall: 0.35, F1-Score: 0.45, AUC: 0.59
Epoch [43/100] - [TRAIN] Loss: 0.6825, Accuracy: 59.57%, AUC: 0.58 [VAL] Loss: 0.6823, Accuracy: 60.24%, Precision: 0.65, Recall: 0.35, F1-Score: 0.45, AUC: 0.59
Epoch [44/100] - [TRAIN] Loss: 0.6820, Accuracy: 59.83%, AUC: 0.59 [VAL] Loss: 0.6785, Accuracy: 60.35%, Precision: 0.63, Recall: 0.36, F1-Score: 0.46, AUC: 0.59
Epoch [45/100] - [TRAIN] Loss: 0.6832, Accuracy: 59.74%, AUC: 0.58 [VAL] Loss: 0.6791, Accuracy: 60.47%, Precision: 0.65, Recall: 0.35, F1-Score: 0.46, AUC: 0.59
Epoch [46/100] - [TRAIN] Loss: 0.6814, Accuracy: 60.03%, AUC: 0.59 [VAL] Loss: 0.6823, Accuracy: 60.28%, Precision: 0.65, Recall: 0.35, F1-Score: 0.45, AUC: 0.59
Epoch [47/100] - [TRAIN] Loss: 0.6825, Accuracy: 59.39%, AUC: 0.58 [VAL] Loss: 0.6771, Accuracy: 60.26%, Precision: 0.63, Recall: 0.35, F1-Score: 0.45, AUC: 0.59
Epoch [48/100] - [TRAIN] Loss: 0.6825, Accuracy: 59.65%, AUC: 0.58 [VAL] Loss: 0.6856, Accuracy: 59.11%, Precision: 0.63, Recall: 0.33, F1-Score: 0.44, AUC: 0.58
Epoch [49/100] - [TRAIN] Loss: 0.6836, Accuracy: 59.48%, AUC: 0.58 [VAL] Loss: 0.6786, Accuracy: 59.90%, Precision: 0.65, Recall: 0.35, F1-Score: 0.45, AUC: 0.59
Epoch [50/100] - [TRAIN] Loss: 0.6810, Accuracy: 59.92%, AUC: 0.59 [VAL] Loss: 0.6815, Accuracy: 60.03%, Precision: 0.64, Recall: 0.34, F1-Score: 0.45, AUC: 0.59
Epoch [51/100] - [TRAIN] Loss: 0.6845, Accuracy: 59.53%, AUC: 0.58 [VAL] Loss: 0.6844, Accuracy: 59.44%, Precision: 0.63, Recall: 0.35, F1-Score: 0.45, AUC: 0.58
Epoch [52/100] - [TRAIN] Loss: 0.6809, Accuracy: 60.12%, AUC: 0.59 [VAL] Loss: 0.6824, Accuracy: 60.01%, Precision: 0.65, Recall: 0.35, F1-Score: 0.46, AUC: 0.59
Epoch [53/100] - [TRAIN] Loss: 0.6824, Accuracy: 59.67%, AUC: 0.58 [VAL] Loss: 0.6819, Accuracy: 59.55%, Precision: 0.63, Recall: 0.35, F1-Score: 0.45, AUC: 0.58
Epoch [54/100] - [TRAIN] Loss: 0.6824, Accuracy: 59.77%, AUC: 0.58 [VAL] Loss: 0.6796, Accuracy: 59.91%, Precision: 0.65, Recall: 0.35, F1-Score: 0.46, AUC: 0.59
Epoch [55/100] - [TRAIN] Loss: 0.6847, Accuracy: 59.30%, AUC: 0.58 [VAL] Loss: 0.6779, Accuracy: 61.43%, Precision: 0.65, Recall: 0.36, F1-Score: 0.47, AUC: 0.60
Epoch [56/100] - [TRAIN] Loss: 0.6822, Accuracy: 59.80%, AUC: 0.59 [VAL] Loss: 0.6805, Accuracy: 60.53%, Precision: 0.64, Recall: 0.35, F1-Score: 0.46, AUC: 0.59
Epoch [57/100] - [TRAIN] Loss: 0.6817, Accuracy: 59.90%, AUC: 0.59 [VAL] Loss: 0.6842, Accuracy: 60.27%, Precision: 0.63, Recall: 0.36, F1-Score: 0.45, AUC: 0.59
Epoch [58/100] - [TRAIN] Loss: 0.6827, Accuracy: 59.86%, AUC: 0.59 [VAL] Loss: 0.6842, Accuracy: 59.26%, Precision: 0.64, Recall: 0.35, F1-Score: 0.45, AUC: 0.58
Epoch [59/100] - [TRAIN] Loss: 0.6829, Accuracy: 59.85%, AUC: 0.59 [VAL] Loss: 0.6806, Accuracy: 60.09%, Precision: 0.64, Recall: 0.34, F1-Score: 0.45, AUC: 0.59
Epoch [60/100] - [TRAIN] Loss: 0.6822, Accuracy: 59.88%, AUC: 0.59 [VAL] Loss: 0.6804, Accuracy: 60.37%, Precision: 0.65, Recall: 0.35, F1-Score: 0.46, AUC: 0.59
Epoch [61/100] - [TRAIN] Loss: 0.6834, Accuracy: 59.78%, AUC: 0.59 [VAL] Loss: 0.6840, Accuracy: 59.45%, Precision: 0.64, Recall: 0.34, F1-Score: 0.44, AUC: 0.58
Epoch [62/100] - [TRAIN] Loss: 0.6827, Accuracy: 59.95%, AUC: 0.59 [VAL] Loss: 0.6820, Accuracy: 59.55%, Precision: 0.64, Recall: 0.35, F1-Score: 0.45, AUC: 0.59
Epoch [63/100] - [TRAIN] Loss: 0.6831, Accuracy: 59.48%, AUC: 0.58 [VAL] Loss: 0.6813, Accuracy: 60.01%, Precision: 0.64, Recall: 0.35, F1-Score: 0.45, AUC: 0.59
Epoch [64/100] - [TRAIN] Loss: 0.6839, Accuracy: 59.72%, AUC: 0.58 [VAL] Loss: 0.6807, Accuracy: 59.98%, Precision: 0.64, Recall: 0.36, F1-Score: 0.46, AUC: 0.59
Epoch [65/100] - [TRAIN] Loss: 0.6813, Accuracy: 59.55%, AUC: 0.58 [VAL] Loss: 0.6800, Accuracy: 60.82%, Precision: 0.65, Recall: 0.36, F1-Score: 0.46, AUC: 0.59
Epoch [66/100] - [TRAIN] Loss: 0.6826, Accuracy: 59.52%, AUC: 0.58 [VAL] Loss: 0.6818, Accuracy: 59.70%, Precision: 0.64, Recall: 0.35, F1-Score: 0.45, AUC: 0.59
Epoch [67/100] - [TRAIN] Loss: 0.6833, Accuracy: 59.66%, AUC: 0.58 [VAL] Loss: 0.6804, Accuracy: 60.21%, Precision: 0.64, Recall: 0.35, F1-Score: 0.45, AUC: 0.59
Epoch [68/100] - [TRAIN] Loss: 0.6819, Accuracy: 59.63%, AUC: 0.58 [VAL] Loss: 0.6795, Accuracy: 60.89%, Precision: 0.65, Recall: 0.36, F1-Score: 0.46, AUC: 0.59
Epoch [69/100] - [TRAIN] Loss: 0.6824, Accuracy: 59.69%, AUC: 0.59 [VAL] Loss: 0.6822, Accuracy: 60.38%, Precision: 0.63, Recall: 0.35, F1-Score: 0.45, AUC: 0.59
Epoch [70/100] - [TRAIN] Loss: 0.6805, Accuracy: 59.93%, AUC: 0.59 [VAL] Loss: 0.6802, Accuracy: 60.13%, Precision: 0.64, Recall: 0.35, F1-Score: 0.45, AUC: 0.59
Epoch [71/100] - [TRAIN] Loss: 0.6839, Accuracy: 59.43%, AUC: 0.58 [VAL] Loss: 0.6784, Accuracy: 60.53%, Precision: 0.64, Recall: 0.35, F1-Score: 0.46, AUC: 0.59
Epoch [72/100] - [TRAIN] Loss: 0.6802, Accuracy: 59.98%, AUC: 0.59 [VAL] Loss: 0.6806, Accuracy: 60.03%, Precision: 0.65, Recall: 0.34, F1-Score: 0.45, AUC: 0.59
Epoch [73/100] - [TRAIN] Loss: 0.6811, Accuracy: 59.82%, AUC: 0.58 [VAL] Loss: 0.6818, Accuracy: 60.43%, Precision: 0.65, Recall: 0.35, F1-Score: 0.45, AUC: 0.59
Epoch [74/100] - [TRAIN] Loss: 0.6827, Accuracy: 59.81%, AUC: 0.59 [VAL] Loss: 0.6830, Accuracy: 59.59%, Precision: 0.62, Recall: 0.34, F1-Score: 0.44, AUC: 0.58
Epoch [75/100] - [TRAIN] Loss: 0.6840, Accuracy: 59.46%, AUC: 0.58 [VAL] Loss: 0.6754, Accuracy: 61.67%, Precision: 0.66, Recall: 0.37, F1-Score: 0.47, AUC: 0.60
Epoch [76/100] - [TRAIN] Loss: 0.6808, Accuracy: 59.82%, AUC: 0.59 [VAL] Loss: 0.6786, Accuracy: 60.25%, Precision: 0.64, Recall: 0.35, F1-Score: 0.46, AUC: 0.59
Epoch [77/100] - [TRAIN] Loss: 0.6840, Accuracy: 59.76%, AUC: 0.59 [VAL] Loss: 0.6788, Accuracy: 60.06%, Precision: 0.64, Recall: 0.35, F1-Score: 0.46, AUC: 0.59
Epoch [78/100] - [TRAIN] Loss: 0.6816, Accuracy: 59.90%, AUC: 0.59 [VAL] Loss: 0.6840, Accuracy: 59.69%, Precision: 0.63, Recall: 0.34, F1-Score: 0.44, AUC: 0.58
Epoch [79/100] - [TRAIN] Loss: 0.6812, Accuracy: 59.78%, AUC: 0.59 [VAL] Loss: 0.6809, Accuracy: 59.75%, Precision: 0.63, Recall: 0.35, F1-Score: 0.45, AUC: 0.58
Epoch [80/100] - [TRAIN] Loss: 0.6833, Accuracy: 59.67%, AUC: 0.58 [VAL] Loss: 0.6785, Accuracy: 60.69%, Precision: 0.66, Recall: 0.35, F1-Score: 0.46, AUC: 0.59
Epoch [81/100] - [TRAIN] Loss: 0.6823, Accuracy: 59.81%, AUC: 0.58 [VAL] Loss: 0.6825, Accuracy: 60.20%, Precision: 0.65, Recall: 0.36, F1-Score: 0.46, AUC: 0.59
Epoch [82/100] - [TRAIN] Loss: 0.6821, Accuracy: 59.74%, AUC: 0.58 [VAL] Loss: 0.6794, Accuracy: 60.45%, Precision: 0.65, Recall: 0.36, F1-Score: 0.46, AUC: 0.59
Epoch [83/100] - [TRAIN] Loss: 0.6818, Accuracy: 59.74%, AUC: 0.59 [VAL] Loss: 0.6786, Accuracy: 60.56%, Precision: 0.65, Recall: 0.35, F1-Score: 0.46, AUC: 0.59
Epoch [84/100] - [TRAIN] Loss: 0.6806, Accuracy: 60.17%, AUC: 0.59 [VAL] Loss: 0.6828, Accuracy: 59.39%, Precision: 0.65, Recall: 0.35, F1-Score: 0.46, AUC: 0.59
Epoch [85/100] - [TRAIN] Loss: 0.6824, Accuracy: 59.78%, AUC: 0.59 [VAL] Loss: 0.6844, Accuracy: 59.91%, Precision: 0.64, Recall: 0.35, F1-Score: 0.46, AUC: 0.59
Epoch [86/100] - [TRAIN] Loss: 0.6833, Accuracy: 59.78%, AUC: 0.59 [VAL] Loss: 0.6828, Accuracy: 60.20%, Precision: 0.63, Recall: 0.35, F1-Score: 0.45, AUC: 0.59
Epoch [87/100] - [TRAIN] Loss: 0.6807, Accuracy: 59.95%, AUC: 0.59 [VAL] Loss: 0.6839, Accuracy: 59.59%, Precision: 0.63, Recall: 0.35, F1-Score: 0.45, AUC: 0.58
Epoch [88/100] - [TRAIN] Loss: 0.6825, Accuracy: 59.55%, AUC: 0.58 [VAL] Loss: 0.6808, Accuracy: 60.69%, Precision: 0.65, Recall: 0.36, F1-Score: 0.46, AUC: 0.59
Epoch [89/100] - [TRAIN] Loss: 0.6834, Accuracy: 59.53%, AUC: 0.58 [VAL] Loss: 0.6797, Accuracy: 60.19%, Precision: 0.64, Recall: 0.36, F1-Score: 0.46, AUC: 0.59
Epoch [90/100] - [TRAIN] Loss: 0.6827, Accuracy: 59.97%, AUC: 0.59 [VAL] Loss: 0.6817, Accuracy: 59.46%, Precision: 0.64, Recall: 0.35, F1-Score: 0.45, AUC: 0.58
Epoch [91/100] - [TRAIN] Loss: 0.6835, Accuracy: 59.63%, AUC: 0.58 [VAL] Loss: 0.6765, Accuracy: 60.87%, Precision: 0.65, Recall: 0.36, F1-Score: 0.47, AUC: 0.59
Epoch [92/100] - [TRAIN] Loss: 0.6836, Accuracy: 59.77%, AUC: 0.59 [VAL] Loss: 0.6831, Accuracy: 59.57%, Precision: 0.64, Recall: 0.35, F1-Score: 0.45, AUC: 0.58
Epoch [93/100] - [TRAIN] Loss: 0.6835, Accuracy: 59.77%, AUC: 0.59 [VAL] Loss: 0.6772, Accuracy: 60.66%, Precision: 0.66, Recall: 0.35, F1-Score: 0.46, AUC: 0.59
Epoch [94/100] - [TRAIN] Loss: 0.6845, Accuracy: 59.42%, AUC: 0.58 [VAL] Loss: 0.6797, Accuracy: 60.29%, Precision: 0.65, Recall: 0.35, F1-Score: 0.45, AUC: 0.59
Epoch [95/100] - [TRAIN] Loss: 0.6845, Accuracy: 59.47%, AUC: 0.58 [VAL] Loss: 0.6813, Accuracy: 59.32%, Precision: 0.64, Recall: 0.34, F1-Score: 0.44, AUC: 0.58
Epoch [96/100] - [TRAIN] Loss: 0.6824, Accuracy: 59.60%, AUC: 0.58 [VAL] Loss: 0.6818, Accuracy: 59.86%, Precision: 0.64, Recall: 0.35, F1-Score: 0.45, AUC: 0.59
Epoch [97/100] - [TRAIN] Loss: 0.6829, Accuracy: 59.95%, AUC: 0.59 [VAL] Loss: 0.6829, Accuracy: 59.22%, Precision: 0.63, Recall: 0.34, F1-Score: 0.44, AUC: 0.58
Epoch [98/100] - [TRAIN] Loss: 0.6818, Accuracy: 59.93%, AUC: 0.59 [VAL] Loss: 0.6750, Accuracy: 61.46%, Precision: 0.68, Recall: 0.36, F1-Score: 0.47, AUC: 0.60
Epoch [99/100] - [TRAIN] Loss: 0.6820, Accuracy: 60.03%, AUC: 0.59 [VAL] Loss: 0.6823, Accuracy: 60.77%, Precision: 0.64, Recall: 0.35, F1-Score: 0.45, AUC: 0.59
Epoch [100/100] - [TRAIN] Loss: 0.6814, Accuracy: 59.89%, AUC: 0.59 [VAL] Loss: 0.6827, Accuracy: 59.70%, Precision: 0.62, Recall: 0.34, F1-Score: 0.44, AUC: 0.58
Accuracy Score on test set: 60.12 %
    AUC Score on test set: 0.58
    Precision: 0.6336
    Recall: 0.3402
    F1-Score: 0.4427

    Detailed Classification Report:
                  precision    recall  f1-score   support

           0       0.59      0.83      0.69      5344
           1       0.63      0.34      0.44      4656

    accuracy                           0.60     10000
   macro avg       0.61      0.58      0.57     10000
weighted avg       0.61      0.60      0.57     10000


    Confusion Matrix:
    [[4428  916]
 [3072 1584]]
    
Batch FINISHED!!!

Real-time duration: 8841.655707043 seconds
