Using device: cuda
Current CUDA device: 0
CUDA device name: Tesla V100-PCIE-16GB
025-H3K4me3-H3K9ac-H3K9me3-H3K27ac
Epoch [1/100] - [TRAIN] Loss: 0.6229, Accuracy: 69.40%, AUC: 0.69 [VAL] Loss: 0.6147, Accuracy: 69.11%, Precision: 0.69, Recall: 0.62, F1-Score: 0.66, AUC: 0.69
Epoch [2/100] - [TRAIN] Loss: 0.6070, Accuracy: 70.29%, AUC: 0.70 [VAL] Loss: 0.6119, Accuracy: 69.77%, Precision: 0.70, Recall: 0.62, F1-Score: 0.66, AUC: 0.69
Epoch [3/100] - [TRAIN] Loss: 0.6013, Accuracy: 70.17%, AUC: 0.70 [VAL] Loss: 0.6089, Accuracy: 69.60%, Precision: 0.72, Recall: 0.60, F1-Score: 0.65, AUC: 0.69
Epoch [4/100] - [TRAIN] Loss: 0.6013, Accuracy: 70.24%, AUC: 0.70 [VAL] Loss: 0.5971, Accuracy: 70.50%, Precision: 0.73, Recall: 0.60, F1-Score: 0.66, AUC: 0.70
Epoch [5/100] - [TRAIN] Loss: 0.5999, Accuracy: 70.16%, AUC: 0.70 [VAL] Loss: 0.6008, Accuracy: 70.72%, Precision: 0.73, Recall: 0.60, F1-Score: 0.66, AUC: 0.70
Epoch [6/100] - [TRAIN] Loss: 0.5991, Accuracy: 70.09%, AUC: 0.70 [VAL] Loss: 0.6042, Accuracy: 69.06%, Precision: 0.70, Recall: 0.58, F1-Score: 0.63, AUC: 0.68
Epoch [7/100] - [TRAIN] Loss: 0.5959, Accuracy: 70.31%, AUC: 0.70 [VAL] Loss: 0.6004, Accuracy: 70.27%, Precision: 0.71, Recall: 0.60, F1-Score: 0.65, AUC: 0.70
Epoch [8/100] - [TRAIN] Loss: 0.5953, Accuracy: 70.24%, AUC: 0.70 [VAL] Loss: 0.5994, Accuracy: 69.78%, Precision: 0.72, Recall: 0.60, F1-Score: 0.66, AUC: 0.69
Epoch [9/100] - [TRAIN] Loss: 0.5911, Accuracy: 70.59%, AUC: 0.70 [VAL] Loss: 0.5999, Accuracy: 69.80%, Precision: 0.71, Recall: 0.61, F1-Score: 0.66, AUC: 0.69
Epoch [10/100] - [TRAIN] Loss: 0.5932, Accuracy: 70.48%, AUC: 0.70 [VAL] Loss: 0.6009, Accuracy: 70.12%, Precision: 0.71, Recall: 0.60, F1-Score: 0.65, AUC: 0.69
Epoch [11/100] - [TRAIN] Loss: 0.5929, Accuracy: 70.62%, AUC: 0.70 [VAL] Loss: 0.6003, Accuracy: 69.69%, Precision: 0.72, Recall: 0.60, F1-Score: 0.65, AUC: 0.69
Epoch [12/100] - [TRAIN] Loss: 0.5912, Accuracy: 70.51%, AUC: 0.70 [VAL] Loss: 0.5883, Accuracy: 70.52%, Precision: 0.73, Recall: 0.61, F1-Score: 0.67, AUC: 0.70
Epoch [13/100] - [TRAIN] Loss: 0.5914, Accuracy: 70.64%, AUC: 0.70 [VAL] Loss: 0.5964, Accuracy: 70.34%, Precision: 0.72, Recall: 0.60, F1-Score: 0.65, AUC: 0.70
Epoch [14/100] - [TRAIN] Loss: 0.5906, Accuracy: 70.52%, AUC: 0.70 [VAL] Loss: 0.5954, Accuracy: 69.76%, Precision: 0.72, Recall: 0.59, F1-Score: 0.65, AUC: 0.69
Epoch [15/100] - [TRAIN] Loss: 0.5901, Accuracy: 70.68%, AUC: 0.70 [VAL] Loss: 0.5980, Accuracy: 70.41%, Precision: 0.73, Recall: 0.61, F1-Score: 0.66, AUC: 0.70
Epoch [16/100] - [TRAIN] Loss: 0.5928, Accuracy: 70.58%, AUC: 0.70 [VAL] Loss: 0.5908, Accuracy: 70.41%, Precision: 0.71, Recall: 0.60, F1-Score: 0.65, AUC: 0.70
Epoch [17/100] - [TRAIN] Loss: 0.5910, Accuracy: 70.57%, AUC: 0.70 [VAL] Loss: 0.5984, Accuracy: 69.72%, Precision: 0.71, Recall: 0.59, F1-Score: 0.65, AUC: 0.69
Epoch [18/100] - [TRAIN] Loss: 0.5912, Accuracy: 70.64%, AUC: 0.70 [VAL] Loss: 0.5865, Accuracy: 70.69%, Precision: 0.73, Recall: 0.60, F1-Score: 0.66, AUC: 0.70
Epoch [19/100] - [TRAIN] Loss: 0.5922, Accuracy: 70.45%, AUC: 0.70 [VAL] Loss: 0.5957, Accuracy: 70.44%, Precision: 0.72, Recall: 0.60, F1-Score: 0.65, AUC: 0.70
Epoch [20/100] - [TRAIN] Loss: 0.5914, Accuracy: 70.70%, AUC: 0.70 [VAL] Loss: 0.5944, Accuracy: 70.38%, Precision: 0.73, Recall: 0.60, F1-Score: 0.66, AUC: 0.70
Epoch [21/100] - [TRAIN] Loss: 0.5916, Accuracy: 70.28%, AUC: 0.70 [VAL] Loss: 0.5947, Accuracy: 69.86%, Precision: 0.72, Recall: 0.60, F1-Score: 0.65, AUC: 0.69
Epoch [22/100] - [TRAIN] Loss: 0.5886, Accuracy: 70.71%, AUC: 0.70 [VAL] Loss: 0.5964, Accuracy: 69.29%, Precision: 0.72, Recall: 0.58, F1-Score: 0.64, AUC: 0.69
Epoch [23/100] - [TRAIN] Loss: 0.5903, Accuracy: 70.59%, AUC: 0.70 [VAL] Loss: 0.5885, Accuracy: 70.73%, Precision: 0.73, Recall: 0.61, F1-Score: 0.66, AUC: 0.70
Epoch [24/100] - [TRAIN] Loss: 0.5887, Accuracy: 70.64%, AUC: 0.70 [VAL] Loss: 0.6045, Accuracy: 69.97%, Precision: 0.71, Recall: 0.60, F1-Score: 0.65, AUC: 0.69
Epoch [25/100] - [TRAIN] Loss: 0.5901, Accuracy: 70.66%, AUC: 0.70 [VAL] Loss: 0.5944, Accuracy: 69.83%, Precision: 0.71, Recall: 0.61, F1-Score: 0.66, AUC: 0.69
Epoch [26/100] - [TRAIN] Loss: 0.5905, Accuracy: 70.37%, AUC: 0.70 [VAL] Loss: 0.5943, Accuracy: 70.44%, Precision: 0.73, Recall: 0.61, F1-Score: 0.67, AUC: 0.70
Epoch [27/100] - [TRAIN] Loss: 0.5938, Accuracy: 70.27%, AUC: 0.70 [VAL] Loss: 0.5835, Accuracy: 71.21%, Precision: 0.74, Recall: 0.60, F1-Score: 0.66, AUC: 0.71
Epoch [28/100] - [TRAIN] Loss: 0.5885, Accuracy: 70.83%, AUC: 0.70 [VAL] Loss: 0.5890, Accuracy: 70.55%, Precision: 0.73, Recall: 0.60, F1-Score: 0.66, AUC: 0.70
Epoch [29/100] - [TRAIN] Loss: 0.5886, Accuracy: 70.86%, AUC: 0.70 [VAL] Loss: 0.5936, Accuracy: 70.26%, Precision: 0.72, Recall: 0.60, F1-Score: 0.66, AUC: 0.70
Epoch [30/100] - [TRAIN] Loss: 0.5877, Accuracy: 70.76%, AUC: 0.70 [VAL] Loss: 0.5858, Accuracy: 70.61%, Precision: 0.74, Recall: 0.60, F1-Score: 0.66, AUC: 0.70
Epoch [31/100] - [TRAIN] Loss: 0.5876, Accuracy: 70.69%, AUC: 0.70 [VAL] Loss: 0.5898, Accuracy: 70.97%, Precision: 0.73, Recall: 0.60, F1-Score: 0.66, AUC: 0.70
Epoch [32/100] - [TRAIN] Loss: 0.5888, Accuracy: 70.80%, AUC: 0.70 [VAL] Loss: 0.5969, Accuracy: 70.15%, Precision: 0.72, Recall: 0.60, F1-Score: 0.66, AUC: 0.70
Epoch [33/100] - [TRAIN] Loss: 0.5890, Accuracy: 70.57%, AUC: 0.70 [VAL] Loss: 0.5873, Accuracy: 70.64%, Precision: 0.72, Recall: 0.61, F1-Score: 0.66, AUC: 0.70
Epoch [34/100] - [TRAIN] Loss: 0.5917, Accuracy: 70.54%, AUC: 0.70 [VAL] Loss: 0.5955, Accuracy: 70.50%, Precision: 0.73, Recall: 0.61, F1-Score: 0.66, AUC: 0.70
Epoch [35/100] - [TRAIN] Loss: 0.5918, Accuracy: 70.37%, AUC: 0.70 [VAL] Loss: 0.5965, Accuracy: 70.00%, Precision: 0.72, Recall: 0.60, F1-Score: 0.65, AUC: 0.69
Epoch [36/100] - [TRAIN] Loss: 0.5896, Accuracy: 70.71%, AUC: 0.70 [VAL] Loss: 0.5968, Accuracy: 69.55%, Precision: 0.70, Recall: 0.59, F1-Score: 0.64, AUC: 0.69
Epoch [37/100] - [TRAIN] Loss: 0.5898, Accuracy: 70.70%, AUC: 0.70 [VAL] Loss: 0.5941, Accuracy: 70.56%, Precision: 0.72, Recall: 0.61, F1-Score: 0.66, AUC: 0.70
Epoch [38/100] - [TRAIN] Loss: 0.5913, Accuracy: 70.38%, AUC: 0.70 [VAL] Loss: 0.5930, Accuracy: 70.16%, Precision: 0.73, Recall: 0.60, F1-Score: 0.66, AUC: 0.70
Epoch [39/100] - [TRAIN] Loss: 0.5918, Accuracy: 70.42%, AUC: 0.70 [VAL] Loss: 0.5981, Accuracy: 70.34%, Precision: 0.73, Recall: 0.60, F1-Score: 0.66, AUC: 0.70
Epoch [40/100] - [TRAIN] Loss: 0.5907, Accuracy: 70.50%, AUC: 0.70 [VAL] Loss: 0.5920, Accuracy: 70.18%, Precision: 0.71, Recall: 0.60, F1-Score: 0.65, AUC: 0.69
Epoch [41/100] - [TRAIN] Loss: 0.5902, Accuracy: 70.56%, AUC: 0.70 [VAL] Loss: 0.6056, Accuracy: 69.64%, Precision: 0.71, Recall: 0.59, F1-Score: 0.65, AUC: 0.69
Epoch [42/100] - [TRAIN] Loss: 0.5894, Accuracy: 70.62%, AUC: 0.70 [VAL] Loss: 0.5898, Accuracy: 70.74%, Precision: 0.74, Recall: 0.60, F1-Score: 0.66, AUC: 0.70
Epoch [43/100] - [TRAIN] Loss: 0.5911, Accuracy: 70.70%, AUC: 0.70 [VAL] Loss: 0.6035, Accuracy: 69.97%, Precision: 0.72, Recall: 0.60, F1-Score: 0.65, AUC: 0.69
Epoch [44/100] - [TRAIN] Loss: 0.5892, Accuracy: 70.61%, AUC: 0.70 [VAL] Loss: 0.5979, Accuracy: 69.99%, Precision: 0.72, Recall: 0.60, F1-Score: 0.65, AUC: 0.69
Epoch [45/100] - [TRAIN] Loss: 0.5894, Accuracy: 70.53%, AUC: 0.70 [VAL] Loss: 0.5898, Accuracy: 70.94%, Precision: 0.73, Recall: 0.61, F1-Score: 0.66, AUC: 0.70
Epoch [46/100] - [TRAIN] Loss: 0.5901, Accuracy: 70.53%, AUC: 0.70 [VAL] Loss: 0.5986, Accuracy: 69.64%, Precision: 0.70, Recall: 0.60, F1-Score: 0.64, AUC: 0.69
Epoch [47/100] - [TRAIN] Loss: 0.5922, Accuracy: 70.50%, AUC: 0.70 [VAL] Loss: 0.5971, Accuracy: 69.53%, Precision: 0.71, Recall: 0.59, F1-Score: 0.65, AUC: 0.69
Epoch [48/100] - [TRAIN] Loss: 0.5911, Accuracy: 70.43%, AUC: 0.70 [VAL] Loss: 0.5938, Accuracy: 69.78%, Precision: 0.72, Recall: 0.60, F1-Score: 0.65, AUC: 0.69
Epoch [49/100] - [TRAIN] Loss: 0.5907, Accuracy: 70.45%, AUC: 0.70 [VAL] Loss: 0.6032, Accuracy: 69.73%, Precision: 0.71, Recall: 0.60, F1-Score: 0.65, AUC: 0.69
Epoch [50/100] - [TRAIN] Loss: 0.5876, Accuracy: 70.74%, AUC: 0.70 [VAL] Loss: 0.5915, Accuracy: 70.32%, Precision: 0.71, Recall: 0.60, F1-Score: 0.65, AUC: 0.70
Epoch [51/100] - [TRAIN] Loss: 0.5901, Accuracy: 70.54%, AUC: 0.70 [VAL] Loss: 0.5950, Accuracy: 69.87%, Precision: 0.72, Recall: 0.60, F1-Score: 0.65, AUC: 0.69
Epoch [52/100] - [TRAIN] Loss: 0.5911, Accuracy: 70.56%, AUC: 0.70 [VAL] Loss: 0.5986, Accuracy: 69.95%, Precision: 0.72, Recall: 0.59, F1-Score: 0.65, AUC: 0.69
Epoch [53/100] - [TRAIN] Loss: 0.5918, Accuracy: 70.53%, AUC: 0.70 [VAL] Loss: 0.5915, Accuracy: 70.32%, Precision: 0.73, Recall: 0.60, F1-Score: 0.66, AUC: 0.70
Epoch [54/100] - [TRAIN] Loss: 0.5907, Accuracy: 70.59%, AUC: 0.70 [VAL] Loss: 0.6033, Accuracy: 69.23%, Precision: 0.71, Recall: 0.59, F1-Score: 0.65, AUC: 0.69
Epoch [55/100] - [TRAIN] Loss: 0.5878, Accuracy: 70.65%, AUC: 0.70 [VAL] Loss: 0.5972, Accuracy: 70.36%, Precision: 0.73, Recall: 0.61, F1-Score: 0.66, AUC: 0.70
Epoch [56/100] - [TRAIN] Loss: 0.5927, Accuracy: 70.44%, AUC: 0.70 [VAL] Loss: 0.5861, Accuracy: 71.36%, Precision: 0.73, Recall: 0.62, F1-Score: 0.67, AUC: 0.71
Epoch [57/100] - [TRAIN] Loss: 0.5898, Accuracy: 70.70%, AUC: 0.70 [VAL] Loss: 0.5955, Accuracy: 70.12%, Precision: 0.73, Recall: 0.60, F1-Score: 0.66, AUC: 0.70
Epoch [58/100] - [TRAIN] Loss: 0.5874, Accuracy: 71.13%, AUC: 0.71 [VAL] Loss: 0.6003, Accuracy: 69.75%, Precision: 0.72, Recall: 0.59, F1-Score: 0.65, AUC: 0.69
Epoch [59/100] - [TRAIN] Loss: 0.5908, Accuracy: 70.52%, AUC: 0.70 [VAL] Loss: 0.5862, Accuracy: 70.72%, Precision: 0.73, Recall: 0.60, F1-Score: 0.66, AUC: 0.70
Epoch [60/100] - [TRAIN] Loss: 0.5914, Accuracy: 70.44%, AUC: 0.70 [VAL] Loss: 0.5884, Accuracy: 70.61%, Precision: 0.73, Recall: 0.61, F1-Score: 0.66, AUC: 0.70
Epoch [61/100] - [TRAIN] Loss: 0.5920, Accuracy: 70.19%, AUC: 0.70 [VAL] Loss: 0.5962, Accuracy: 70.15%, Precision: 0.73, Recall: 0.60, F1-Score: 0.66, AUC: 0.70
Epoch [62/100] - [TRAIN] Loss: 0.5902, Accuracy: 70.75%, AUC: 0.70 [VAL] Loss: 0.5930, Accuracy: 70.25%, Precision: 0.73, Recall: 0.60, F1-Score: 0.66, AUC: 0.70
Epoch [63/100] - [TRAIN] Loss: 0.5908, Accuracy: 70.45%, AUC: 0.70 [VAL] Loss: 0.5974, Accuracy: 70.17%, Precision: 0.72, Recall: 0.61, F1-Score: 0.66, AUC: 0.70
Epoch [64/100] - [TRAIN] Loss: 0.5925, Accuracy: 70.35%, AUC: 0.70 [VAL] Loss: 0.5942, Accuracy: 69.93%, Precision: 0.71, Recall: 0.60, F1-Score: 0.65, AUC: 0.69
Epoch [65/100] - [TRAIN] Loss: 0.5875, Accuracy: 70.56%, AUC: 0.70 [VAL] Loss: 0.5912, Accuracy: 70.39%, Precision: 0.71, Recall: 0.60, F1-Score: 0.65, AUC: 0.70
Epoch [66/100] - [TRAIN] Loss: 0.5906, Accuracy: 70.54%, AUC: 0.70 [VAL] Loss: 0.6003, Accuracy: 69.53%, Precision: 0.72, Recall: 0.60, F1-Score: 0.65, AUC: 0.69
Epoch [67/100] - [TRAIN] Loss: 0.5901, Accuracy: 70.75%, AUC: 0.70 [VAL] Loss: 0.5947, Accuracy: 70.40%, Precision: 0.71, Recall: 0.61, F1-Score: 0.65, AUC: 0.70
Epoch [68/100] - [TRAIN] Loss: 0.5928, Accuracy: 70.47%, AUC: 0.70 [VAL] Loss: 0.6005, Accuracy: 69.57%, Precision: 0.72, Recall: 0.60, F1-Score: 0.65, AUC: 0.69
Epoch [69/100] - [TRAIN] Loss: 0.5904, Accuracy: 70.58%, AUC: 0.70 [VAL] Loss: 0.5946, Accuracy: 70.19%, Precision: 0.73, Recall: 0.60, F1-Score: 0.66, AUC: 0.70
Epoch [70/100] - [TRAIN] Loss: 0.5935, Accuracy: 70.26%, AUC: 0.70 [VAL] Loss: 0.5949, Accuracy: 69.86%, Precision: 0.72, Recall: 0.60, F1-Score: 0.66, AUC: 0.69
Epoch [71/100] - [TRAIN] Loss: 0.5897, Accuracy: 70.81%, AUC: 0.70 [VAL] Loss: 0.5966, Accuracy: 70.23%, Precision: 0.72, Recall: 0.60, F1-Score: 0.66, AUC: 0.70
Epoch [72/100] - [TRAIN] Loss: 0.5911, Accuracy: 70.33%, AUC: 0.70 [VAL] Loss: 0.5907, Accuracy: 71.01%, Precision: 0.72, Recall: 0.62, F1-Score: 0.66, AUC: 0.70
Epoch [73/100] - [TRAIN] Loss: 0.5880, Accuracy: 70.96%, AUC: 0.71 [VAL] Loss: 0.6046, Accuracy: 69.17%, Precision: 0.71, Recall: 0.59, F1-Score: 0.65, AUC: 0.69
Epoch [74/100] - [TRAIN] Loss: 0.5911, Accuracy: 70.43%, AUC: 0.70 [VAL] Loss: 0.5909, Accuracy: 70.21%, Precision: 0.73, Recall: 0.60, F1-Score: 0.66, AUC: 0.70
Epoch [75/100] - [TRAIN] Loss: 0.5918, Accuracy: 70.44%, AUC: 0.70 [VAL] Loss: 0.5913, Accuracy: 71.41%, Precision: 0.72, Recall: 0.62, F1-Score: 0.67, AUC: 0.71
Epoch [76/100] - [TRAIN] Loss: 0.5927, Accuracy: 70.34%, AUC: 0.70 [VAL] Loss: 0.5910, Accuracy: 70.35%, Precision: 0.72, Recall: 0.60, F1-Score: 0.66, AUC: 0.70
Epoch [77/100] - [TRAIN] Loss: 0.5930, Accuracy: 70.60%, AUC: 0.70 [VAL] Loss: 0.5965, Accuracy: 69.68%, Precision: 0.71, Recall: 0.60, F1-Score: 0.65, AUC: 0.69
Epoch [78/100] - [TRAIN] Loss: 0.5879, Accuracy: 70.47%, AUC: 0.70 [VAL] Loss: 0.5892, Accuracy: 70.87%, Precision: 0.72, Recall: 0.61, F1-Score: 0.66, AUC: 0.70
Epoch [79/100] - [TRAIN] Loss: 0.5900, Accuracy: 70.53%, AUC: 0.70 [VAL] Loss: 0.5964, Accuracy: 70.17%, Precision: 0.72, Recall: 0.60, F1-Score: 0.66, AUC: 0.70
Epoch [80/100] - [TRAIN] Loss: 0.5893, Accuracy: 70.64%, AUC: 0.70 [VAL] Loss: 0.6000, Accuracy: 70.29%, Precision: 0.72, Recall: 0.60, F1-Score: 0.65, AUC: 0.70
Epoch [81/100] - [TRAIN] Loss: 0.5911, Accuracy: 70.46%, AUC: 0.70 [VAL] Loss: 0.5893, Accuracy: 69.79%, Precision: 0.72, Recall: 0.59, F1-Score: 0.65, AUC: 0.69
Epoch [82/100] - [TRAIN] Loss: 0.5917, Accuracy: 70.40%, AUC: 0.70 [VAL] Loss: 0.5983, Accuracy: 69.91%, Precision: 0.72, Recall: 0.59, F1-Score: 0.65, AUC: 0.69
Epoch [83/100] - [TRAIN] Loss: 0.5890, Accuracy: 70.78%, AUC: 0.70 [VAL] Loss: 0.5885, Accuracy: 70.42%, Precision: 0.73, Recall: 0.61, F1-Score: 0.66, AUC: 0.70
Epoch [84/100] - [TRAIN] Loss: 0.5928, Accuracy: 70.58%, AUC: 0.70 [VAL] Loss: 0.6039, Accuracy: 69.83%, Precision: 0.71, Recall: 0.60, F1-Score: 0.65, AUC: 0.69
Epoch [85/100] - [TRAIN] Loss: 0.5896, Accuracy: 70.64%, AUC: 0.70 [VAL] Loss: 0.5919, Accuracy: 70.47%, Precision: 0.73, Recall: 0.61, F1-Score: 0.66, AUC: 0.70
Epoch [86/100] - [TRAIN] Loss: 0.5907, Accuracy: 70.47%, AUC: 0.70 [VAL] Loss: 0.5940, Accuracy: 70.50%, Precision: 0.73, Recall: 0.60, F1-Score: 0.66, AUC: 0.70
Epoch [87/100] - [TRAIN] Loss: 0.5927, Accuracy: 70.45%, AUC: 0.70 [VAL] Loss: 0.5955, Accuracy: 70.25%, Precision: 0.72, Recall: 0.60, F1-Score: 0.65, AUC: 0.70
Epoch [88/100] - [TRAIN] Loss: 0.5922, Accuracy: 70.45%, AUC: 0.70 [VAL] Loss: 0.5934, Accuracy: 70.23%, Precision: 0.72, Recall: 0.59, F1-Score: 0.65, AUC: 0.70
Epoch [89/100] - [TRAIN] Loss: 0.5904, Accuracy: 70.57%, AUC: 0.70 [VAL] Loss: 0.6011, Accuracy: 69.43%, Precision: 0.71, Recall: 0.59, F1-Score: 0.65, AUC: 0.69
Epoch [90/100] - [TRAIN] Loss: 0.5907, Accuracy: 70.71%, AUC: 0.70 [VAL] Loss: 0.5999, Accuracy: 69.77%, Precision: 0.71, Recall: 0.59, F1-Score: 0.64, AUC: 0.69
Epoch [91/100] - [TRAIN] Loss: 0.5901, Accuracy: 70.53%, AUC: 0.70 [VAL] Loss: 0.5918, Accuracy: 69.94%, Precision: 0.72, Recall: 0.59, F1-Score: 0.65, AUC: 0.69
Epoch [92/100] - [TRAIN] Loss: 0.5901, Accuracy: 70.61%, AUC: 0.70 [VAL] Loss: 0.5967, Accuracy: 70.31%, Precision: 0.71, Recall: 0.61, F1-Score: 0.66, AUC: 0.70
Epoch [93/100] - [TRAIN] Loss: 0.5889, Accuracy: 70.75%, AUC: 0.70 [VAL] Loss: 0.5982, Accuracy: 69.58%, Precision: 0.71, Recall: 0.60, F1-Score: 0.65, AUC: 0.69
Epoch [94/100] - [TRAIN] Loss: 0.5925, Accuracy: 70.45%, AUC: 0.70 [VAL] Loss: 0.5988, Accuracy: 69.49%, Precision: 0.72, Recall: 0.60, F1-Score: 0.65, AUC: 0.69
Epoch [95/100] - [TRAIN] Loss: 0.5898, Accuracy: 70.54%, AUC: 0.70 [VAL] Loss: 0.5890, Accuracy: 70.51%, Precision: 0.72, Recall: 0.61, F1-Score: 0.66, AUC: 0.70
Epoch [96/100] - [TRAIN] Loss: 0.5903, Accuracy: 70.63%, AUC: 0.70 [VAL] Loss: 0.5901, Accuracy: 70.36%, Precision: 0.73, Recall: 0.60, F1-Score: 0.66, AUC: 0.70
Epoch [97/100] - [TRAIN] Loss: 0.5921, Accuracy: 70.47%, AUC: 0.70 [VAL] Loss: 0.6044, Accuracy: 69.70%, Precision: 0.71, Recall: 0.59, F1-Score: 0.65, AUC: 0.69
Epoch [98/100] - [TRAIN] Loss: 0.5911, Accuracy: 70.43%, AUC: 0.70 [VAL] Loss: 0.5911, Accuracy: 71.26%, Precision: 0.72, Recall: 0.61, F1-Score: 0.66, AUC: 0.71
Epoch [99/100] - [TRAIN] Loss: 0.5909, Accuracy: 70.60%, AUC: 0.70 [VAL] Loss: 0.5993, Accuracy: 70.27%, Precision: 0.73, Recall: 0.60, F1-Score: 0.66, AUC: 0.70
Epoch [100/100] - [TRAIN] Loss: 0.5888, Accuracy: 70.59%, AUC: 0.70 [VAL] Loss: 0.5887, Accuracy: 70.64%, Precision: 0.73, Recall: 0.60, F1-Score: 0.66, AUC: 0.70
Accuracy Score on test set: 70.14 %
    AUC Score on test set: 0.70
    Precision: 0.7257
    Recall: 0.6033
    F1-Score: 0.6589

    Detailed Classification Report:
                  precision    recall  f1-score   support

           0       0.69      0.79      0.73      5220
           1       0.73      0.60      0.66      4780

    accuracy                           0.70     10000
   macro avg       0.71      0.70      0.70     10000
weighted avg       0.70      0.70      0.70     10000


    Confusion Matrix:
    [[4130 1090]
 [1896 2884]]
    
026-H3K4me3-H3K9ac-H3K9me3-H3K27me3
Epoch [1/100] - [TRAIN] Loss: 0.6326, Accuracy: 68.46%, AUC: 0.68 [VAL] Loss: 0.6096, Accuracy: 69.80%, Precision: 0.73, Recall: 0.58, F1-Score: 0.65, AUC: 0.69
Epoch [2/100] - [TRAIN] Loss: 0.6046, Accuracy: 70.19%, AUC: 0.70 [VAL] Loss: 0.6154, Accuracy: 69.41%, Precision: 0.70, Recall: 0.61, F1-Score: 0.65, AUC: 0.69
Epoch [3/100] - [TRAIN] Loss: 0.6006, Accuracy: 70.06%, AUC: 0.70 [VAL] Loss: 0.5986, Accuracy: 70.14%, Precision: 0.71, Recall: 0.61, F1-Score: 0.66, AUC: 0.70
Epoch [4/100] - [TRAIN] Loss: 0.6000, Accuracy: 69.97%, AUC: 0.70 [VAL] Loss: 0.6009, Accuracy: 69.84%, Precision: 0.71, Recall: 0.60, F1-Score: 0.65, AUC: 0.69
Epoch [5/100] - [TRAIN] Loss: 0.5937, Accuracy: 70.37%, AUC: 0.70 [VAL] Loss: 0.5973, Accuracy: 70.39%, Precision: 0.71, Recall: 0.62, F1-Score: 0.66, AUC: 0.70
Epoch [6/100] - [TRAIN] Loss: 0.5939, Accuracy: 70.36%, AUC: 0.70 [VAL] Loss: 0.5972, Accuracy: 69.43%, Precision: 0.70, Recall: 0.60, F1-Score: 0.65, AUC: 0.69
Epoch [7/100] - [TRAIN] Loss: 0.5909, Accuracy: 70.48%, AUC: 0.70 [VAL] Loss: 0.5989, Accuracy: 69.56%, Precision: 0.71, Recall: 0.59, F1-Score: 0.64, AUC: 0.69
Epoch [8/100] - [TRAIN] Loss: 0.5912, Accuracy: 70.41%, AUC: 0.70 [VAL] Loss: 0.5955, Accuracy: 69.87%, Precision: 0.71, Recall: 0.61, F1-Score: 0.66, AUC: 0.69
Epoch [9/100] - [TRAIN] Loss: 0.5888, Accuracy: 70.66%, AUC: 0.70 [VAL] Loss: 0.5874, Accuracy: 70.12%, Precision: 0.71, Recall: 0.61, F1-Score: 0.66, AUC: 0.70
Epoch [10/100] - [TRAIN] Loss: 0.5911, Accuracy: 70.34%, AUC: 0.70 [VAL] Loss: 0.5924, Accuracy: 70.03%, Precision: 0.72, Recall: 0.58, F1-Score: 0.64, AUC: 0.69
Epoch [11/100] - [TRAIN] Loss: 0.5873, Accuracy: 70.67%, AUC: 0.70 [VAL] Loss: 0.6004, Accuracy: 69.17%, Precision: 0.72, Recall: 0.59, F1-Score: 0.65, AUC: 0.69
Epoch [12/100] - [TRAIN] Loss: 0.5885, Accuracy: 70.36%, AUC: 0.70 [VAL] Loss: 0.5867, Accuracy: 70.46%, Precision: 0.73, Recall: 0.58, F1-Score: 0.65, AUC: 0.70
Epoch [13/100] - [TRAIN] Loss: 0.5891, Accuracy: 70.48%, AUC: 0.70 [VAL] Loss: 0.5968, Accuracy: 69.29%, Precision: 0.73, Recall: 0.58, F1-Score: 0.65, AUC: 0.69
Epoch [14/100] - [TRAIN] Loss: 0.5868, Accuracy: 70.86%, AUC: 0.70 [VAL] Loss: 0.5907, Accuracy: 70.08%, Precision: 0.74, Recall: 0.58, F1-Score: 0.65, AUC: 0.70
Epoch [15/100] - [TRAIN] Loss: 0.5890, Accuracy: 70.26%, AUC: 0.70 [VAL] Loss: 0.5908, Accuracy: 69.81%, Precision: 0.71, Recall: 0.61, F1-Score: 0.66, AUC: 0.69
Epoch [16/100] - [TRAIN] Loss: 0.5877, Accuracy: 70.44%, AUC: 0.70 [VAL] Loss: 0.5930, Accuracy: 68.98%, Precision: 0.71, Recall: 0.57, F1-Score: 0.63, AUC: 0.68
Epoch [17/100] - [TRAIN] Loss: 0.5834, Accuracy: 70.73%, AUC: 0.70 [VAL] Loss: 0.5943, Accuracy: 70.04%, Precision: 0.72, Recall: 0.59, F1-Score: 0.65, AUC: 0.69
Epoch [18/100] - [TRAIN] Loss: 0.5850, Accuracy: 70.57%, AUC: 0.70 [VAL] Loss: 0.5932, Accuracy: 69.61%, Precision: 0.72, Recall: 0.58, F1-Score: 0.64, AUC: 0.69
Epoch [19/100] - [TRAIN] Loss: 0.5843, Accuracy: 70.86%, AUC: 0.70 [VAL] Loss: 0.5813, Accuracy: 70.66%, Precision: 0.73, Recall: 0.60, F1-Score: 0.66, AUC: 0.70
Epoch [20/100] - [TRAIN] Loss: 0.5869, Accuracy: 70.68%, AUC: 0.70 [VAL] Loss: 0.5897, Accuracy: 70.16%, Precision: 0.72, Recall: 0.60, F1-Score: 0.65, AUC: 0.70
Epoch [21/100] - [TRAIN] Loss: 0.5844, Accuracy: 70.78%, AUC: 0.70 [VAL] Loss: 0.5839, Accuracy: 70.87%, Precision: 0.73, Recall: 0.61, F1-Score: 0.67, AUC: 0.70
Epoch [22/100] - [TRAIN] Loss: 0.5866, Accuracy: 70.55%, AUC: 0.70 [VAL] Loss: 0.5799, Accuracy: 70.48%, Precision: 0.73, Recall: 0.60, F1-Score: 0.66, AUC: 0.70
Epoch [23/100] - [TRAIN] Loss: 0.5872, Accuracy: 70.43%, AUC: 0.70 [VAL] Loss: 0.5845, Accuracy: 70.33%, Precision: 0.71, Recall: 0.61, F1-Score: 0.65, AUC: 0.70
Epoch [24/100] - [TRAIN] Loss: 0.5855, Accuracy: 70.73%, AUC: 0.70 [VAL] Loss: 0.5855, Accuracy: 70.43%, Precision: 0.73, Recall: 0.59, F1-Score: 0.65, AUC: 0.70
Epoch [25/100] - [TRAIN] Loss: 0.5845, Accuracy: 70.75%, AUC: 0.70 [VAL] Loss: 0.5856, Accuracy: 70.20%, Precision: 0.72, Recall: 0.60, F1-Score: 0.65, AUC: 0.70
Epoch [26/100] - [TRAIN] Loss: 0.5854, Accuracy: 70.58%, AUC: 0.70 [VAL] Loss: 0.5879, Accuracy: 70.31%, Precision: 0.72, Recall: 0.60, F1-Score: 0.66, AUC: 0.70
Epoch [27/100] - [TRAIN] Loss: 0.5849, Accuracy: 70.57%, AUC: 0.70 [VAL] Loss: 0.5938, Accuracy: 70.12%, Precision: 0.71, Recall: 0.60, F1-Score: 0.65, AUC: 0.69
Epoch [28/100] - [TRAIN] Loss: 0.5839, Accuracy: 70.57%, AUC: 0.70 [VAL] Loss: 0.5839, Accuracy: 70.52%, Precision: 0.72, Recall: 0.62, F1-Score: 0.67, AUC: 0.70
Epoch [29/100] - [TRAIN] Loss: 0.5853, Accuracy: 70.68%, AUC: 0.70 [VAL] Loss: 0.5888, Accuracy: 70.45%, Precision: 0.73, Recall: 0.61, F1-Score: 0.66, AUC: 0.70
Epoch [30/100] - [TRAIN] Loss: 0.5811, Accuracy: 70.86%, AUC: 0.70 [VAL] Loss: 0.5872, Accuracy: 70.78%, Precision: 0.71, Recall: 0.62, F1-Score: 0.66, AUC: 0.70
Epoch [31/100] - [TRAIN] Loss: 0.5849, Accuracy: 70.72%, AUC: 0.70 [VAL] Loss: 0.5903, Accuracy: 69.82%, Precision: 0.71, Recall: 0.60, F1-Score: 0.65, AUC: 0.69
Epoch [32/100] - [TRAIN] Loss: 0.5823, Accuracy: 71.04%, AUC: 0.71 [VAL] Loss: 0.5840, Accuracy: 70.88%, Precision: 0.73, Recall: 0.61, F1-Score: 0.67, AUC: 0.70
Epoch [33/100] - [TRAIN] Loss: 0.5827, Accuracy: 70.98%, AUC: 0.71 [VAL] Loss: 0.5892, Accuracy: 69.99%, Precision: 0.71, Recall: 0.60, F1-Score: 0.65, AUC: 0.69
Epoch [34/100] - [TRAIN] Loss: 0.5835, Accuracy: 70.68%, AUC: 0.70 [VAL] Loss: 0.5846, Accuracy: 70.71%, Precision: 0.72, Recall: 0.61, F1-Score: 0.66, AUC: 0.70
Epoch [35/100] - [TRAIN] Loss: 0.5880, Accuracy: 70.52%, AUC: 0.70 [VAL] Loss: 0.5830, Accuracy: 70.77%, Precision: 0.72, Recall: 0.61, F1-Score: 0.66, AUC: 0.70
Epoch [36/100] - [TRAIN] Loss: 0.5824, Accuracy: 70.91%, AUC: 0.70 [VAL] Loss: 0.5916, Accuracy: 69.87%, Precision: 0.71, Recall: 0.60, F1-Score: 0.65, AUC: 0.69
Epoch [37/100] - [TRAIN] Loss: 0.5852, Accuracy: 70.70%, AUC: 0.70 [VAL] Loss: 0.5915, Accuracy: 69.84%, Precision: 0.72, Recall: 0.60, F1-Score: 0.65, AUC: 0.69
Epoch [38/100] - [TRAIN] Loss: 0.5847, Accuracy: 70.79%, AUC: 0.70 [VAL] Loss: 0.5848, Accuracy: 70.85%, Precision: 0.73, Recall: 0.61, F1-Score: 0.67, AUC: 0.70
Epoch [39/100] - [TRAIN] Loss: 0.5825, Accuracy: 71.02%, AUC: 0.71 [VAL] Loss: 0.5846, Accuracy: 70.58%, Precision: 0.72, Recall: 0.61, F1-Score: 0.66, AUC: 0.70
Epoch [40/100] - [TRAIN] Loss: 0.5828, Accuracy: 70.68%, AUC: 0.70 [VAL] Loss: 0.5772, Accuracy: 71.48%, Precision: 0.74, Recall: 0.61, F1-Score: 0.67, AUC: 0.71
Epoch [41/100] - [TRAIN] Loss: 0.5832, Accuracy: 70.50%, AUC: 0.70 [VAL] Loss: 0.5870, Accuracy: 70.13%, Precision: 0.73, Recall: 0.60, F1-Score: 0.66, AUC: 0.70
Epoch [42/100] - [TRAIN] Loss: 0.5828, Accuracy: 70.90%, AUC: 0.71 [VAL] Loss: 0.5812, Accuracy: 70.88%, Precision: 0.73, Recall: 0.61, F1-Score: 0.67, AUC: 0.70
Epoch [43/100] - [TRAIN] Loss: 0.5858, Accuracy: 70.51%, AUC: 0.70 [VAL] Loss: 0.5795, Accuracy: 70.57%, Precision: 0.72, Recall: 0.61, F1-Score: 0.66, AUC: 0.70
Epoch [44/100] - [TRAIN] Loss: 0.5847, Accuracy: 70.63%, AUC: 0.70 [VAL] Loss: 0.5945, Accuracy: 69.70%, Precision: 0.72, Recall: 0.60, F1-Score: 0.66, AUC: 0.69
Epoch [45/100] - [TRAIN] Loss: 0.5834, Accuracy: 70.88%, AUC: 0.70 [VAL] Loss: 0.5813, Accuracy: 70.56%, Precision: 0.72, Recall: 0.61, F1-Score: 0.66, AUC: 0.70
Epoch [46/100] - [TRAIN] Loss: 0.5836, Accuracy: 70.77%, AUC: 0.70 [VAL] Loss: 0.5803, Accuracy: 71.20%, Precision: 0.73, Recall: 0.62, F1-Score: 0.67, AUC: 0.71
Epoch [47/100] - [TRAIN] Loss: 0.5848, Accuracy: 70.70%, AUC: 0.70 [VAL] Loss: 0.5839, Accuracy: 70.52%, Precision: 0.72, Recall: 0.60, F1-Score: 0.65, AUC: 0.70
Epoch [48/100] - [TRAIN] Loss: 0.5858, Accuracy: 70.59%, AUC: 0.70 [VAL] Loss: 0.5892, Accuracy: 70.57%, Precision: 0.73, Recall: 0.60, F1-Score: 0.66, AUC: 0.70
Epoch [49/100] - [TRAIN] Loss: 0.5855, Accuracy: 70.78%, AUC: 0.70 [VAL] Loss: 0.5837, Accuracy: 71.02%, Precision: 0.74, Recall: 0.61, F1-Score: 0.67, AUC: 0.71
Epoch [50/100] - [TRAIN] Loss: 0.5852, Accuracy: 70.45%, AUC: 0.70 [VAL] Loss: 0.5918, Accuracy: 70.78%, Precision: 0.72, Recall: 0.61, F1-Score: 0.66, AUC: 0.70
Epoch [51/100] - [TRAIN] Loss: 0.5835, Accuracy: 70.82%, AUC: 0.70 [VAL] Loss: 0.5975, Accuracy: 69.49%, Precision: 0.71, Recall: 0.60, F1-Score: 0.65, AUC: 0.69
Epoch [52/100] - [TRAIN] Loss: 0.5844, Accuracy: 70.63%, AUC: 0.70 [VAL] Loss: 0.5976, Accuracy: 69.20%, Precision: 0.70, Recall: 0.58, F1-Score: 0.64, AUC: 0.68
Epoch [53/100] - [TRAIN] Loss: 0.5844, Accuracy: 70.52%, AUC: 0.70 [VAL] Loss: 0.5881, Accuracy: 70.15%, Precision: 0.71, Recall: 0.61, F1-Score: 0.66, AUC: 0.70
Epoch [54/100] - [TRAIN] Loss: 0.5839, Accuracy: 70.85%, AUC: 0.70 [VAL] Loss: 0.5898, Accuracy: 70.40%, Precision: 0.72, Recall: 0.60, F1-Score: 0.66, AUC: 0.70
Epoch [55/100] - [TRAIN] Loss: 0.5848, Accuracy: 70.63%, AUC: 0.70 [VAL] Loss: 0.5901, Accuracy: 70.02%, Precision: 0.71, Recall: 0.60, F1-Score: 0.65, AUC: 0.69
Epoch [56/100] - [TRAIN] Loss: 0.5861, Accuracy: 70.54%, AUC: 0.70 [VAL] Loss: 0.5923, Accuracy: 70.01%, Precision: 0.72, Recall: 0.60, F1-Score: 0.65, AUC: 0.69
Epoch [57/100] - [TRAIN] Loss: 0.5828, Accuracy: 70.93%, AUC: 0.71 [VAL] Loss: 0.5877, Accuracy: 70.12%, Precision: 0.72, Recall: 0.60, F1-Score: 0.66, AUC: 0.70
Epoch [58/100] - [TRAIN] Loss: 0.5864, Accuracy: 70.51%, AUC: 0.70 [VAL] Loss: 0.5906, Accuracy: 69.53%, Precision: 0.72, Recall: 0.59, F1-Score: 0.65, AUC: 0.69
Epoch [59/100] - [TRAIN] Loss: 0.5821, Accuracy: 70.92%, AUC: 0.71 [VAL] Loss: 0.5845, Accuracy: 70.83%, Precision: 0.73, Recall: 0.60, F1-Score: 0.66, AUC: 0.70
Epoch [60/100] - [TRAIN] Loss: 0.5852, Accuracy: 70.52%, AUC: 0.70 [VAL] Loss: 0.5886, Accuracy: 70.71%, Precision: 0.73, Recall: 0.60, F1-Score: 0.66, AUC: 0.70
Epoch [61/100] - [TRAIN] Loss: 0.5831, Accuracy: 71.06%, AUC: 0.71 [VAL] Loss: 0.5815, Accuracy: 70.97%, Precision: 0.73, Recall: 0.61, F1-Score: 0.67, AUC: 0.70
Epoch [62/100] - [TRAIN] Loss: 0.5865, Accuracy: 70.61%, AUC: 0.70 [VAL] Loss: 0.5855, Accuracy: 71.40%, Precision: 0.73, Recall: 0.62, F1-Score: 0.67, AUC: 0.71
Epoch [63/100] - [TRAIN] Loss: 0.5832, Accuracy: 70.62%, AUC: 0.70 [VAL] Loss: 0.5870, Accuracy: 70.52%, Precision: 0.71, Recall: 0.60, F1-Score: 0.65, AUC: 0.70
Epoch [64/100] - [TRAIN] Loss: 0.5858, Accuracy: 70.62%, AUC: 0.70 [VAL] Loss: 0.5834, Accuracy: 70.94%, Precision: 0.72, Recall: 0.61, F1-Score: 0.66, AUC: 0.70
Epoch [65/100] - [TRAIN] Loss: 0.5835, Accuracy: 70.83%, AUC: 0.70 [VAL] Loss: 0.5847, Accuracy: 71.14%, Precision: 0.73, Recall: 0.61, F1-Score: 0.66, AUC: 0.71
Epoch [66/100] - [TRAIN] Loss: 0.5859, Accuracy: 70.70%, AUC: 0.70 [VAL] Loss: 0.5929, Accuracy: 69.93%, Precision: 0.71, Recall: 0.59, F1-Score: 0.65, AUC: 0.69
Epoch [67/100] - [TRAIN] Loss: 0.5867, Accuracy: 70.64%, AUC: 0.70 [VAL] Loss: 0.5923, Accuracy: 70.11%, Precision: 0.72, Recall: 0.60, F1-Score: 0.65, AUC: 0.70
Epoch [68/100] - [TRAIN] Loss: 0.5818, Accuracy: 70.91%, AUC: 0.71 [VAL] Loss: 0.5873, Accuracy: 70.75%, Precision: 0.72, Recall: 0.61, F1-Score: 0.66, AUC: 0.70
Epoch [69/100] - [TRAIN] Loss: 0.5878, Accuracy: 70.57%, AUC: 0.70 [VAL] Loss: 0.5850, Accuracy: 70.21%, Precision: 0.72, Recall: 0.60, F1-Score: 0.66, AUC: 0.70
Epoch [70/100] - [TRAIN] Loss: 0.5833, Accuracy: 70.79%, AUC: 0.70 [VAL] Loss: 0.5935, Accuracy: 69.65%, Precision: 0.73, Recall: 0.59, F1-Score: 0.65, AUC: 0.69
Epoch [71/100] - [TRAIN] Loss: 0.5825, Accuracy: 70.85%, AUC: 0.70 [VAL] Loss: 0.5855, Accuracy: 70.27%, Precision: 0.73, Recall: 0.60, F1-Score: 0.66, AUC: 0.70
Epoch [72/100] - [TRAIN] Loss: 0.5878, Accuracy: 70.51%, AUC: 0.70 [VAL] Loss: 0.5896, Accuracy: 70.38%, Precision: 0.72, Recall: 0.61, F1-Score: 0.66, AUC: 0.70
Epoch [73/100] - [TRAIN] Loss: 0.5848, Accuracy: 70.64%, AUC: 0.70 [VAL] Loss: 0.5834, Accuracy: 70.39%, Precision: 0.73, Recall: 0.61, F1-Score: 0.66, AUC: 0.70
Epoch [74/100] - [TRAIN] Loss: 0.5855, Accuracy: 70.37%, AUC: 0.70 [VAL] Loss: 0.5877, Accuracy: 70.19%, Precision: 0.73, Recall: 0.60, F1-Score: 0.66, AUC: 0.70
Epoch [75/100] - [TRAIN] Loss: 0.5856, Accuracy: 70.63%, AUC: 0.70 [VAL] Loss: 0.5905, Accuracy: 70.73%, Precision: 0.73, Recall: 0.61, F1-Score: 0.67, AUC: 0.70
Epoch [76/100] - [TRAIN] Loss: 0.5820, Accuracy: 70.86%, AUC: 0.70 [VAL] Loss: 0.5871, Accuracy: 70.49%, Precision: 0.72, Recall: 0.61, F1-Score: 0.66, AUC: 0.70
Epoch [77/100] - [TRAIN] Loss: 0.5861, Accuracy: 70.70%, AUC: 0.70 [VAL] Loss: 0.5857, Accuracy: 70.73%, Precision: 0.72, Recall: 0.61, F1-Score: 0.66, AUC: 0.70
Epoch [78/100] - [TRAIN] Loss: 0.5852, Accuracy: 70.69%, AUC: 0.70 [VAL] Loss: 0.5925, Accuracy: 69.57%, Precision: 0.71, Recall: 0.60, F1-Score: 0.65, AUC: 0.69
Epoch [79/100] - [TRAIN] Loss: 0.5856, Accuracy: 70.81%, AUC: 0.70 [VAL] Loss: 0.5849, Accuracy: 70.42%, Precision: 0.72, Recall: 0.61, F1-Score: 0.66, AUC: 0.70
Epoch [80/100] - [TRAIN] Loss: 0.5836, Accuracy: 70.65%, AUC: 0.70 [VAL] Loss: 0.5871, Accuracy: 70.54%, Precision: 0.72, Recall: 0.61, F1-Score: 0.66, AUC: 0.70
Epoch [81/100] - [TRAIN] Loss: 0.5846, Accuracy: 70.76%, AUC: 0.70 [VAL] Loss: 0.5879, Accuracy: 70.00%, Precision: 0.72, Recall: 0.60, F1-Score: 0.65, AUC: 0.69
Epoch [82/100] - [TRAIN] Loss: 0.5806, Accuracy: 71.01%, AUC: 0.71 [VAL] Loss: 0.5880, Accuracy: 70.37%, Precision: 0.73, Recall: 0.60, F1-Score: 0.66, AUC: 0.70
Epoch [83/100] - [TRAIN] Loss: 0.5856, Accuracy: 70.48%, AUC: 0.70 [VAL] Loss: 0.5849, Accuracy: 70.13%, Precision: 0.72, Recall: 0.60, F1-Score: 0.66, AUC: 0.70
Epoch [84/100] - [TRAIN] Loss: 0.5846, Accuracy: 70.83%, AUC: 0.70 [VAL] Loss: 0.5910, Accuracy: 70.19%, Precision: 0.72, Recall: 0.60, F1-Score: 0.66, AUC: 0.70
Epoch [85/100] - [TRAIN] Loss: 0.5845, Accuracy: 70.57%, AUC: 0.70 [VAL] Loss: 0.5898, Accuracy: 70.30%, Precision: 0.72, Recall: 0.60, F1-Score: 0.66, AUC: 0.70
Epoch [86/100] - [TRAIN] Loss: 0.5852, Accuracy: 70.63%, AUC: 0.70 [VAL] Loss: 0.5895, Accuracy: 70.18%, Precision: 0.72, Recall: 0.60, F1-Score: 0.65, AUC: 0.70
Epoch [87/100] - [TRAIN] Loss: 0.5889, Accuracy: 70.47%, AUC: 0.70 [VAL] Loss: 0.5905, Accuracy: 70.23%, Precision: 0.71, Recall: 0.61, F1-Score: 0.65, AUC: 0.70
Epoch [88/100] - [TRAIN] Loss: 0.5845, Accuracy: 70.62%, AUC: 0.70 [VAL] Loss: 0.5881, Accuracy: 70.57%, Precision: 0.73, Recall: 0.61, F1-Score: 0.67, AUC: 0.70
Epoch [89/100] - [TRAIN] Loss: 0.5857, Accuracy: 70.83%, AUC: 0.70 [VAL] Loss: 0.5915, Accuracy: 70.07%, Precision: 0.71, Recall: 0.60, F1-Score: 0.65, AUC: 0.69
Epoch [90/100] - [TRAIN] Loss: 0.5849, Accuracy: 70.82%, AUC: 0.70 [VAL] Loss: 0.5959, Accuracy: 69.52%, Precision: 0.72, Recall: 0.60, F1-Score: 0.65, AUC: 0.69
Epoch [91/100] - [TRAIN] Loss: 0.5839, Accuracy: 70.66%, AUC: 0.70 [VAL] Loss: 0.5833, Accuracy: 70.79%, Precision: 0.73, Recall: 0.61, F1-Score: 0.67, AUC: 0.70
Epoch [92/100] - [TRAIN] Loss: 0.5853, Accuracy: 70.62%, AUC: 0.70 [VAL] Loss: 0.5872, Accuracy: 70.42%, Precision: 0.73, Recall: 0.60, F1-Score: 0.66, AUC: 0.70
Epoch [93/100] - [TRAIN] Loss: 0.5826, Accuracy: 70.80%, AUC: 0.70 [VAL] Loss: 0.5965, Accuracy: 69.69%, Precision: 0.72, Recall: 0.60, F1-Score: 0.66, AUC: 0.69
Epoch [94/100] - [TRAIN] Loss: 0.5835, Accuracy: 70.70%, AUC: 0.70 [VAL] Loss: 0.5948, Accuracy: 69.98%, Precision: 0.73, Recall: 0.59, F1-Score: 0.65, AUC: 0.69
Epoch [95/100] - [TRAIN] Loss: 0.5864, Accuracy: 70.53%, AUC: 0.70 [VAL] Loss: 0.5839, Accuracy: 71.08%, Precision: 0.73, Recall: 0.61, F1-Score: 0.67, AUC: 0.71
Epoch [96/100] - [TRAIN] Loss: 0.5847, Accuracy: 70.71%, AUC: 0.70 [VAL] Loss: 0.5919, Accuracy: 70.34%, Precision: 0.72, Recall: 0.62, F1-Score: 0.66, AUC: 0.70
Epoch [97/100] - [TRAIN] Loss: 0.5859, Accuracy: 70.72%, AUC: 0.70 [VAL] Loss: 0.5843, Accuracy: 70.54%, Precision: 0.72, Recall: 0.61, F1-Score: 0.66, AUC: 0.70
Epoch [98/100] - [TRAIN] Loss: 0.5858, Accuracy: 70.74%, AUC: 0.70 [VAL] Loss: 0.5945, Accuracy: 69.40%, Precision: 0.71, Recall: 0.60, F1-Score: 0.65, AUC: 0.69
Epoch [99/100] - [TRAIN] Loss: 0.5833, Accuracy: 70.92%, AUC: 0.71 [VAL] Loss: 0.5846, Accuracy: 70.46%, Precision: 0.73, Recall: 0.60, F1-Score: 0.66, AUC: 0.70
Epoch [100/100] - [TRAIN] Loss: 0.5841, Accuracy: 70.70%, AUC: 0.70 [VAL] Loss: 0.5985, Accuracy: 69.46%, Precision: 0.72, Recall: 0.60, F1-Score: 0.65, AUC: 0.69
Accuracy Score on test set: 70.94 %
    AUC Score on test set: 0.71
    Precision: 0.7311
    Recall: 0.6169
    F1-Score: 0.6692

    Detailed Classification Report:
                  precision    recall  f1-score   support

           0       0.69      0.79      0.74      5236
           1       0.73      0.62      0.67      4764

    accuracy                           0.71     10000
   macro avg       0.71      0.71      0.71     10000
weighted avg       0.71      0.71      0.71     10000


    Confusion Matrix:
    [[4155 1081]
 [1825 2939]]
    
027-H3K4me3-H3K9ac-H3K27ac-H3K27me3
Epoch [1/100] - [TRAIN] Loss: 0.6259, Accuracy: 69.04%, AUC: 0.69 [VAL] Loss: 0.6054, Accuracy: 69.92%, Precision: 0.68, Recall: 0.67, F1-Score: 0.67, AUC: 0.70
Epoch [2/100] - [TRAIN] Loss: 0.6025, Accuracy: 70.28%, AUC: 0.70 [VAL] Loss: 0.5990, Accuracy: 69.58%, Precision: 0.70, Recall: 0.64, F1-Score: 0.67, AUC: 0.69
Epoch [3/100] - [TRAIN] Loss: 0.5965, Accuracy: 70.26%, AUC: 0.70 [VAL] Loss: 0.5939, Accuracy: 70.51%, Precision: 0.70, Recall: 0.65, F1-Score: 0.67, AUC: 0.70
Epoch [4/100] - [TRAIN] Loss: 0.5964, Accuracy: 70.15%, AUC: 0.70 [VAL] Loss: 0.5904, Accuracy: 70.30%, Precision: 0.70, Recall: 0.65, F1-Score: 0.67, AUC: 0.70
Epoch [5/100] - [TRAIN] Loss: 0.5897, Accuracy: 70.65%, AUC: 0.70 [VAL] Loss: 0.5979, Accuracy: 69.79%, Precision: 0.70, Recall: 0.64, F1-Score: 0.67, AUC: 0.69
Epoch [6/100] - [TRAIN] Loss: 0.5950, Accuracy: 69.97%, AUC: 0.70 [VAL] Loss: 0.5923, Accuracy: 69.88%, Precision: 0.70, Recall: 0.63, F1-Score: 0.66, AUC: 0.70
Epoch [7/100] - [TRAIN] Loss: 0.5881, Accuracy: 70.64%, AUC: 0.70 [VAL] Loss: 0.5964, Accuracy: 70.64%, Precision: 0.71, Recall: 0.64, F1-Score: 0.68, AUC: 0.70
Epoch [8/100] - [TRAIN] Loss: 0.5902, Accuracy: 70.52%, AUC: 0.70 [VAL] Loss: 0.5913, Accuracy: 70.50%, Precision: 0.70, Recall: 0.64, F1-Score: 0.67, AUC: 0.70
Epoch [9/100] - [TRAIN] Loss: 0.5894, Accuracy: 70.40%, AUC: 0.70 [VAL] Loss: 0.5955, Accuracy: 69.72%, Precision: 0.71, Recall: 0.62, F1-Score: 0.66, AUC: 0.69
Epoch [10/100] - [TRAIN] Loss: 0.5875, Accuracy: 70.59%, AUC: 0.70 [VAL] Loss: 0.5956, Accuracy: 69.28%, Precision: 0.69, Recall: 0.64, F1-Score: 0.66, AUC: 0.69
Epoch [11/100] - [TRAIN] Loss: 0.5870, Accuracy: 70.55%, AUC: 0.70 [VAL] Loss: 0.5954, Accuracy: 70.13%, Precision: 0.70, Recall: 0.64, F1-Score: 0.67, AUC: 0.70
Epoch [12/100] - [TRAIN] Loss: 0.5880, Accuracy: 70.50%, AUC: 0.70 [VAL] Loss: 0.5881, Accuracy: 70.80%, Precision: 0.71, Recall: 0.65, F1-Score: 0.68, AUC: 0.71
Epoch [13/100] - [TRAIN] Loss: 0.5874, Accuracy: 70.29%, AUC: 0.70 [VAL] Loss: 0.5980, Accuracy: 69.83%, Precision: 0.69, Recall: 0.64, F1-Score: 0.66, AUC: 0.69
Epoch [14/100] - [TRAIN] Loss: 0.5857, Accuracy: 70.51%, AUC: 0.70 [VAL] Loss: 0.5909, Accuracy: 70.17%, Precision: 0.70, Recall: 0.63, F1-Score: 0.67, AUC: 0.70
Epoch [15/100] - [TRAIN] Loss: 0.5823, Accuracy: 70.94%, AUC: 0.71 [VAL] Loss: 0.5822, Accuracy: 70.13%, Precision: 0.71, Recall: 0.63, F1-Score: 0.66, AUC: 0.70
Epoch [16/100] - [TRAIN] Loss: 0.5844, Accuracy: 70.68%, AUC: 0.70 [VAL] Loss: 0.5945, Accuracy: 69.50%, Precision: 0.71, Recall: 0.62, F1-Score: 0.66, AUC: 0.69
Epoch [17/100] - [TRAIN] Loss: 0.5848, Accuracy: 70.93%, AUC: 0.71 [VAL] Loss: 0.5907, Accuracy: 70.40%, Precision: 0.71, Recall: 0.63, F1-Score: 0.67, AUC: 0.70
Epoch [18/100] - [TRAIN] Loss: 0.5867, Accuracy: 70.64%, AUC: 0.70 [VAL] Loss: 0.5938, Accuracy: 69.13%, Precision: 0.70, Recall: 0.61, F1-Score: 0.65, AUC: 0.69
Epoch [19/100] - [TRAIN] Loss: 0.5863, Accuracy: 70.56%, AUC: 0.70 [VAL] Loss: 0.5860, Accuracy: 70.53%, Precision: 0.71, Recall: 0.63, F1-Score: 0.67, AUC: 0.70
Epoch [20/100] - [TRAIN] Loss: 0.5877, Accuracy: 70.58%, AUC: 0.70 [VAL] Loss: 0.5890, Accuracy: 70.79%, Precision: 0.72, Recall: 0.64, F1-Score: 0.67, AUC: 0.70
Epoch [21/100] - [TRAIN] Loss: 0.5848, Accuracy: 70.69%, AUC: 0.70 [VAL] Loss: 0.5887, Accuracy: 70.01%, Precision: 0.70, Recall: 0.63, F1-Score: 0.66, AUC: 0.70
Epoch [22/100] - [TRAIN] Loss: 0.5880, Accuracy: 70.50%, AUC: 0.70 [VAL] Loss: 0.5878, Accuracy: 70.33%, Precision: 0.72, Recall: 0.64, F1-Score: 0.68, AUC: 0.70
Epoch [23/100] - [TRAIN] Loss: 0.5834, Accuracy: 70.98%, AUC: 0.71 [VAL] Loss: 0.5949, Accuracy: 69.51%, Precision: 0.70, Recall: 0.63, F1-Score: 0.66, AUC: 0.69
Epoch [24/100] - [TRAIN] Loss: 0.5862, Accuracy: 70.62%, AUC: 0.70 [VAL] Loss: 0.5909, Accuracy: 70.44%, Precision: 0.71, Recall: 0.63, F1-Score: 0.67, AUC: 0.70
Epoch [25/100] - [TRAIN] Loss: 0.5843, Accuracy: 70.75%, AUC: 0.70 [VAL] Loss: 0.5856, Accuracy: 70.50%, Precision: 0.71, Recall: 0.63, F1-Score: 0.67, AUC: 0.70
Epoch [26/100] - [TRAIN] Loss: 0.5853, Accuracy: 70.57%, AUC: 0.70 [VAL] Loss: 0.5845, Accuracy: 71.09%, Precision: 0.72, Recall: 0.64, F1-Score: 0.68, AUC: 0.71
Epoch [27/100] - [TRAIN] Loss: 0.5869, Accuracy: 70.44%, AUC: 0.70 [VAL] Loss: 0.5806, Accuracy: 70.51%, Precision: 0.71, Recall: 0.63, F1-Score: 0.67, AUC: 0.70
Epoch [28/100] - [TRAIN] Loss: 0.5832, Accuracy: 70.66%, AUC: 0.70 [VAL] Loss: 0.5957, Accuracy: 69.81%, Precision: 0.70, Recall: 0.63, F1-Score: 0.67, AUC: 0.69
Epoch [29/100] - [TRAIN] Loss: 0.5862, Accuracy: 70.69%, AUC: 0.70 [VAL] Loss: 0.5861, Accuracy: 71.04%, Precision: 0.71, Recall: 0.64, F1-Score: 0.68, AUC: 0.71
Epoch [30/100] - [TRAIN] Loss: 0.5863, Accuracy: 70.45%, AUC: 0.70 [VAL] Loss: 0.5892, Accuracy: 70.57%, Precision: 0.71, Recall: 0.63, F1-Score: 0.67, AUC: 0.70
Epoch [31/100] - [TRAIN] Loss: 0.5869, Accuracy: 70.52%, AUC: 0.70 [VAL] Loss: 0.5887, Accuracy: 70.04%, Precision: 0.70, Recall: 0.63, F1-Score: 0.66, AUC: 0.70
Epoch [32/100] - [TRAIN] Loss: 0.5850, Accuracy: 70.75%, AUC: 0.70 [VAL] Loss: 0.5889, Accuracy: 70.27%, Precision: 0.71, Recall: 0.63, F1-Score: 0.67, AUC: 0.70
Epoch [33/100] - [TRAIN] Loss: 0.5853, Accuracy: 70.59%, AUC: 0.70 [VAL] Loss: 0.6020, Accuracy: 69.40%, Precision: 0.69, Recall: 0.61, F1-Score: 0.65, AUC: 0.69
Epoch [34/100] - [TRAIN] Loss: 0.5835, Accuracy: 70.77%, AUC: 0.70 [VAL] Loss: 0.5995, Accuracy: 69.89%, Precision: 0.71, Recall: 0.63, F1-Score: 0.66, AUC: 0.70
Epoch [35/100] - [TRAIN] Loss: 0.5850, Accuracy: 70.67%, AUC: 0.70 [VAL] Loss: 0.5798, Accuracy: 71.54%, Precision: 0.72, Recall: 0.64, F1-Score: 0.68, AUC: 0.71
Epoch [36/100] - [TRAIN] Loss: 0.5901, Accuracy: 70.31%, AUC: 0.70 [VAL] Loss: 0.5900, Accuracy: 70.13%, Precision: 0.71, Recall: 0.63, F1-Score: 0.67, AUC: 0.70
Epoch [37/100] - [TRAIN] Loss: 0.5848, Accuracy: 70.70%, AUC: 0.70 [VAL] Loss: 0.5872, Accuracy: 70.40%, Precision: 0.71, Recall: 0.63, F1-Score: 0.67, AUC: 0.70
Epoch [38/100] - [TRAIN] Loss: 0.5863, Accuracy: 70.51%, AUC: 0.70 [VAL] Loss: 0.5861, Accuracy: 70.49%, Precision: 0.71, Recall: 0.64, F1-Score: 0.67, AUC: 0.70
Epoch [39/100] - [TRAIN] Loss: 0.5844, Accuracy: 70.72%, AUC: 0.70 [VAL] Loss: 0.5909, Accuracy: 69.72%, Precision: 0.69, Recall: 0.63, F1-Score: 0.66, AUC: 0.69
Epoch [40/100] - [TRAIN] Loss: 0.5883, Accuracy: 70.62%, AUC: 0.70 [VAL] Loss: 0.5914, Accuracy: 70.02%, Precision: 0.71, Recall: 0.62, F1-Score: 0.66, AUC: 0.70
Epoch [41/100] - [TRAIN] Loss: 0.5839, Accuracy: 70.69%, AUC: 0.70 [VAL] Loss: 0.5819, Accuracy: 71.06%, Precision: 0.72, Recall: 0.64, F1-Score: 0.68, AUC: 0.71
Epoch [42/100] - [TRAIN] Loss: 0.5859, Accuracy: 70.65%, AUC: 0.70 [VAL] Loss: 0.5842, Accuracy: 70.38%, Precision: 0.70, Recall: 0.62, F1-Score: 0.66, AUC: 0.70
Epoch [43/100] - [TRAIN] Loss: 0.5848, Accuracy: 70.65%, AUC: 0.70 [VAL] Loss: 0.5815, Accuracy: 70.76%, Precision: 0.71, Recall: 0.64, F1-Score: 0.68, AUC: 0.70
Epoch [44/100] - [TRAIN] Loss: 0.5867, Accuracy: 70.64%, AUC: 0.70 [VAL] Loss: 0.5904, Accuracy: 70.08%, Precision: 0.70, Recall: 0.62, F1-Score: 0.66, AUC: 0.70
Epoch [45/100] - [TRAIN] Loss: 0.5896, Accuracy: 70.37%, AUC: 0.70 [VAL] Loss: 0.5884, Accuracy: 70.12%, Precision: 0.70, Recall: 0.62, F1-Score: 0.66, AUC: 0.70
Epoch [46/100] - [TRAIN] Loss: 0.5848, Accuracy: 70.85%, AUC: 0.71 [VAL] Loss: 0.5790, Accuracy: 71.29%, Precision: 0.73, Recall: 0.64, F1-Score: 0.68, AUC: 0.71
Epoch [47/100] - [TRAIN] Loss: 0.5859, Accuracy: 70.54%, AUC: 0.70 [VAL] Loss: 0.5824, Accuracy: 70.59%, Precision: 0.70, Recall: 0.63, F1-Score: 0.67, AUC: 0.70
Epoch [48/100] - [TRAIN] Loss: 0.5867, Accuracy: 70.48%, AUC: 0.70 [VAL] Loss: 0.5891, Accuracy: 70.39%, Precision: 0.71, Recall: 0.64, F1-Score: 0.67, AUC: 0.70
Epoch [49/100] - [TRAIN] Loss: 0.5860, Accuracy: 70.57%, AUC: 0.70 [VAL] Loss: 0.5876, Accuracy: 69.69%, Precision: 0.70, Recall: 0.62, F1-Score: 0.66, AUC: 0.69
Epoch [50/100] - [TRAIN] Loss: 0.5867, Accuracy: 70.38%, AUC: 0.70 [VAL] Loss: 0.5835, Accuracy: 70.22%, Precision: 0.71, Recall: 0.63, F1-Score: 0.67, AUC: 0.70
Epoch [51/100] - [TRAIN] Loss: 0.5855, Accuracy: 70.59%, AUC: 0.70 [VAL] Loss: 0.5914, Accuracy: 70.09%, Precision: 0.71, Recall: 0.63, F1-Score: 0.66, AUC: 0.70
Epoch [52/100] - [TRAIN] Loss: 0.5859, Accuracy: 70.95%, AUC: 0.71 [VAL] Loss: 0.5860, Accuracy: 70.67%, Precision: 0.73, Recall: 0.63, F1-Score: 0.68, AUC: 0.70
Epoch [53/100] - [TRAIN] Loss: 0.5841, Accuracy: 70.83%, AUC: 0.70 [VAL] Loss: 0.5895, Accuracy: 70.55%, Precision: 0.71, Recall: 0.63, F1-Score: 0.67, AUC: 0.70
Epoch [54/100] - [TRAIN] Loss: 0.5868, Accuracy: 70.87%, AUC: 0.70 [VAL] Loss: 0.5891, Accuracy: 70.58%, Precision: 0.71, Recall: 0.64, F1-Score: 0.67, AUC: 0.70
Epoch [55/100] - [TRAIN] Loss: 0.5866, Accuracy: 70.72%, AUC: 0.70 [VAL] Loss: 0.5849, Accuracy: 70.50%, Precision: 0.72, Recall: 0.63, F1-Score: 0.67, AUC: 0.70
Epoch [56/100] - [TRAIN] Loss: 0.5841, Accuracy: 70.72%, AUC: 0.70 [VAL] Loss: 0.5931, Accuracy: 70.17%, Precision: 0.71, Recall: 0.63, F1-Score: 0.67, AUC: 0.70
Epoch [57/100] - [TRAIN] Loss: 0.5848, Accuracy: 70.59%, AUC: 0.70 [VAL] Loss: 0.5885, Accuracy: 70.26%, Precision: 0.72, Recall: 0.63, F1-Score: 0.67, AUC: 0.70
Epoch [58/100] - [TRAIN] Loss: 0.5878, Accuracy: 70.57%, AUC: 0.70 [VAL] Loss: 0.5822, Accuracy: 70.96%, Precision: 0.70, Recall: 0.64, F1-Score: 0.67, AUC: 0.70
Epoch [59/100] - [TRAIN] Loss: 0.5871, Accuracy: 70.62%, AUC: 0.70 [VAL] Loss: 0.5882, Accuracy: 70.36%, Precision: 0.71, Recall: 0.64, F1-Score: 0.67, AUC: 0.70
Epoch [60/100] - [TRAIN] Loss: 0.5873, Accuracy: 70.38%, AUC: 0.70 [VAL] Loss: 0.5871, Accuracy: 70.80%, Precision: 0.71, Recall: 0.64, F1-Score: 0.67, AUC: 0.70
Epoch [61/100] - [TRAIN] Loss: 0.5811, Accuracy: 70.83%, AUC: 0.70 [VAL] Loss: 0.5938, Accuracy: 69.47%, Precision: 0.70, Recall: 0.62, F1-Score: 0.66, AUC: 0.69
Epoch [62/100] - [TRAIN] Loss: 0.5830, Accuracy: 70.64%, AUC: 0.70 [VAL] Loss: 0.5972, Accuracy: 70.16%, Precision: 0.71, Recall: 0.62, F1-Score: 0.66, AUC: 0.70
Epoch [63/100] - [TRAIN] Loss: 0.5865, Accuracy: 70.44%, AUC: 0.70 [VAL] Loss: 0.5861, Accuracy: 69.99%, Precision: 0.69, Recall: 0.64, F1-Score: 0.66, AUC: 0.70
Epoch [64/100] - [TRAIN] Loss: 0.5882, Accuracy: 70.42%, AUC: 0.70 [VAL] Loss: 0.5926, Accuracy: 69.91%, Precision: 0.71, Recall: 0.63, F1-Score: 0.67, AUC: 0.70
Epoch [65/100] - [TRAIN] Loss: 0.5868, Accuracy: 70.33%, AUC: 0.70 [VAL] Loss: 0.5913, Accuracy: 70.24%, Precision: 0.72, Recall: 0.63, F1-Score: 0.67, AUC: 0.70
Epoch [66/100] - [TRAIN] Loss: 0.5854, Accuracy: 70.67%, AUC: 0.70 [VAL] Loss: 0.5913, Accuracy: 69.74%, Precision: 0.71, Recall: 0.62, F1-Score: 0.66, AUC: 0.69
Epoch [67/100] - [TRAIN] Loss: 0.5871, Accuracy: 70.43%, AUC: 0.70 [VAL] Loss: 0.5845, Accuracy: 70.66%, Precision: 0.71, Recall: 0.63, F1-Score: 0.67, AUC: 0.70
Epoch [68/100] - [TRAIN] Loss: 0.5846, Accuracy: 70.62%, AUC: 0.70 [VAL] Loss: 0.5916, Accuracy: 69.85%, Precision: 0.70, Recall: 0.63, F1-Score: 0.66, AUC: 0.69
Epoch [69/100] - [TRAIN] Loss: 0.5878, Accuracy: 70.51%, AUC: 0.70 [VAL] Loss: 0.5916, Accuracy: 69.85%, Precision: 0.71, Recall: 0.62, F1-Score: 0.66, AUC: 0.70
Epoch [70/100] - [TRAIN] Loss: 0.5860, Accuracy: 70.77%, AUC: 0.70 [VAL] Loss: 0.5837, Accuracy: 70.82%, Precision: 0.71, Recall: 0.63, F1-Score: 0.67, AUC: 0.70
Epoch [71/100] - [TRAIN] Loss: 0.5840, Accuracy: 70.75%, AUC: 0.70 [VAL] Loss: 0.5826, Accuracy: 70.27%, Precision: 0.71, Recall: 0.63, F1-Score: 0.67, AUC: 0.70
Epoch [72/100] - [TRAIN] Loss: 0.5867, Accuracy: 70.34%, AUC: 0.70 [VAL] Loss: 0.5810, Accuracy: 70.79%, Precision: 0.71, Recall: 0.63, F1-Score: 0.67, AUC: 0.70
Epoch [73/100] - [TRAIN] Loss: 0.5834, Accuracy: 70.62%, AUC: 0.70 [VAL] Loss: 0.5877, Accuracy: 70.56%, Precision: 0.70, Recall: 0.64, F1-Score: 0.67, AUC: 0.70
Epoch [74/100] - [TRAIN] Loss: 0.5880, Accuracy: 70.53%, AUC: 0.70 [VAL] Loss: 0.5885, Accuracy: 70.54%, Precision: 0.71, Recall: 0.64, F1-Score: 0.68, AUC: 0.70
Epoch [75/100] - [TRAIN] Loss: 0.5864, Accuracy: 70.66%, AUC: 0.70 [VAL] Loss: 0.5845, Accuracy: 70.65%, Precision: 0.71, Recall: 0.63, F1-Score: 0.66, AUC: 0.70
Epoch [76/100] - [TRAIN] Loss: 0.5851, Accuracy: 70.89%, AUC: 0.71 [VAL] Loss: 0.5901, Accuracy: 70.48%, Precision: 0.71, Recall: 0.63, F1-Score: 0.67, AUC: 0.70
Epoch [77/100] - [TRAIN] Loss: 0.5879, Accuracy: 70.48%, AUC: 0.70 [VAL] Loss: 0.5911, Accuracy: 70.52%, Precision: 0.71, Recall: 0.63, F1-Score: 0.67, AUC: 0.70
Epoch [78/100] - [TRAIN] Loss: 0.5867, Accuracy: 70.57%, AUC: 0.70 [VAL] Loss: 0.5939, Accuracy: 70.14%, Precision: 0.71, Recall: 0.63, F1-Score: 0.67, AUC: 0.70
Epoch [79/100] - [TRAIN] Loss: 0.5863, Accuracy: 70.97%, AUC: 0.71 [VAL] Loss: 0.5890, Accuracy: 69.77%, Precision: 0.70, Recall: 0.63, F1-Score: 0.66, AUC: 0.69
Epoch [80/100] - [TRAIN] Loss: 0.5869, Accuracy: 70.57%, AUC: 0.70 [VAL] Loss: 0.5855, Accuracy: 70.56%, Precision: 0.71, Recall: 0.64, F1-Score: 0.67, AUC: 0.70
Epoch [81/100] - [TRAIN] Loss: 0.5868, Accuracy: 70.47%, AUC: 0.70 [VAL] Loss: 0.5867, Accuracy: 70.42%, Precision: 0.71, Recall: 0.63, F1-Score: 0.67, AUC: 0.70
Epoch [82/100] - [TRAIN] Loss: 0.5867, Accuracy: 70.56%, AUC: 0.70 [VAL] Loss: 0.5889, Accuracy: 70.20%, Precision: 0.71, Recall: 0.64, F1-Score: 0.67, AUC: 0.70
Epoch [83/100] - [TRAIN] Loss: 0.5862, Accuracy: 70.65%, AUC: 0.70 [VAL] Loss: 0.5883, Accuracy: 70.24%, Precision: 0.70, Recall: 0.63, F1-Score: 0.67, AUC: 0.70
Epoch [84/100] - [TRAIN] Loss: 0.5874, Accuracy: 70.66%, AUC: 0.70 [VAL] Loss: 0.5794, Accuracy: 70.77%, Precision: 0.72, Recall: 0.63, F1-Score: 0.67, AUC: 0.70
Epoch [85/100] - [TRAIN] Loss: 0.5870, Accuracy: 70.54%, AUC: 0.70 [VAL] Loss: 0.5904, Accuracy: 70.42%, Precision: 0.70, Recall: 0.64, F1-Score: 0.67, AUC: 0.70
Epoch [86/100] - [TRAIN] Loss: 0.5860, Accuracy: 70.45%, AUC: 0.70 [VAL] Loss: 0.5881, Accuracy: 70.64%, Precision: 0.72, Recall: 0.63, F1-Score: 0.67, AUC: 0.70
Epoch [87/100] - [TRAIN] Loss: 0.5848, Accuracy: 70.71%, AUC: 0.70 [VAL] Loss: 0.5925, Accuracy: 70.32%, Precision: 0.70, Recall: 0.63, F1-Score: 0.66, AUC: 0.70
Epoch [88/100] - [TRAIN] Loss: 0.5850, Accuracy: 70.61%, AUC: 0.70 [VAL] Loss: 0.5901, Accuracy: 70.48%, Precision: 0.71, Recall: 0.63, F1-Score: 0.67, AUC: 0.70
Epoch [89/100] - [TRAIN] Loss: 0.5878, Accuracy: 70.29%, AUC: 0.70 [VAL] Loss: 0.5866, Accuracy: 70.52%, Precision: 0.70, Recall: 0.64, F1-Score: 0.67, AUC: 0.70
Epoch [90/100] - [TRAIN] Loss: 0.5870, Accuracy: 70.51%, AUC: 0.70 [VAL] Loss: 0.5978, Accuracy: 69.51%, Precision: 0.70, Recall: 0.62, F1-Score: 0.66, AUC: 0.69
Epoch [91/100] - [TRAIN] Loss: 0.5825, Accuracy: 70.83%, AUC: 0.70 [VAL] Loss: 0.5867, Accuracy: 70.78%, Precision: 0.71, Recall: 0.63, F1-Score: 0.67, AUC: 0.70
Epoch [92/100] - [TRAIN] Loss: 0.5812, Accuracy: 71.03%, AUC: 0.71 [VAL] Loss: 0.5846, Accuracy: 70.63%, Precision: 0.71, Recall: 0.63, F1-Score: 0.67, AUC: 0.70
Epoch [93/100] - [TRAIN] Loss: 0.5844, Accuracy: 70.88%, AUC: 0.71 [VAL] Loss: 0.5927, Accuracy: 69.70%, Precision: 0.70, Recall: 0.63, F1-Score: 0.66, AUC: 0.69
Epoch [94/100] - [TRAIN] Loss: 0.5844, Accuracy: 70.72%, AUC: 0.70 [VAL] Loss: 0.5851, Accuracy: 69.75%, Precision: 0.72, Recall: 0.62, F1-Score: 0.66, AUC: 0.70
Epoch [95/100] - [TRAIN] Loss: 0.5859, Accuracy: 70.66%, AUC: 0.70 [VAL] Loss: 0.5894, Accuracy: 70.90%, Precision: 0.71, Recall: 0.64, F1-Score: 0.68, AUC: 0.71
Epoch [96/100] - [TRAIN] Loss: 0.5842, Accuracy: 70.73%, AUC: 0.70 [VAL] Loss: 0.5880, Accuracy: 70.23%, Precision: 0.71, Recall: 0.63, F1-Score: 0.67, AUC: 0.70
Epoch [97/100] - [TRAIN] Loss: 0.5816, Accuracy: 70.76%, AUC: 0.70 [VAL] Loss: 0.5889, Accuracy: 70.08%, Precision: 0.72, Recall: 0.62, F1-Score: 0.67, AUC: 0.70
Epoch [98/100] - [TRAIN] Loss: 0.5864, Accuracy: 70.57%, AUC: 0.70 [VAL] Loss: 0.5857, Accuracy: 71.03%, Precision: 0.71, Recall: 0.64, F1-Score: 0.68, AUC: 0.71
Epoch [99/100] - [TRAIN] Loss: 0.5870, Accuracy: 70.42%, AUC: 0.70 [VAL] Loss: 0.5867, Accuracy: 70.87%, Precision: 0.71, Recall: 0.64, F1-Score: 0.67, AUC: 0.70
Epoch [100/100] - [TRAIN] Loss: 0.5839, Accuracy: 70.82%, AUC: 0.70 [VAL] Loss: 0.5882, Accuracy: 70.18%, Precision: 0.70, Recall: 0.63, F1-Score: 0.66, AUC: 0.70
Accuracy Score on test set: 69.88 %
    AUC Score on test set: 0.70
    Precision: 0.7132
    Recall: 0.6196
    F1-Score: 0.6631

    Detailed Classification Report:
                  precision    recall  f1-score   support

           0       0.69      0.77      0.73      5216
           1       0.71      0.62      0.66      4784

    accuracy                           0.70     10000
   macro avg       0.70      0.70      0.70     10000
weighted avg       0.70      0.70      0.70     10000


    Confusion Matrix:
    [[4024 1192]
 [1820 2964]]
    
028-H3K4me3-H3K9me3-H3K27ac-H3K27me3
Epoch [1/100] - [TRAIN] Loss: 0.6283, Accuracy: 67.47%, AUC: 0.68 [VAL] Loss: 0.6206, Accuracy: 68.55%, Precision: 0.67, Recall: 0.65, F1-Score: 0.66, AUC: 0.68
Epoch [2/100] - [TRAIN] Loss: 0.6062, Accuracy: 69.61%, AUC: 0.69 [VAL] Loss: 0.6006, Accuracy: 69.82%, Precision: 0.69, Recall: 0.64, F1-Score: 0.66, AUC: 0.69
Epoch [3/100] - [TRAIN] Loss: 0.5990, Accuracy: 70.07%, AUC: 0.70 [VAL] Loss: 0.5986, Accuracy: 70.12%, Precision: 0.72, Recall: 0.62, F1-Score: 0.67, AUC: 0.70
Epoch [4/100] - [TRAIN] Loss: 0.5950, Accuracy: 70.11%, AUC: 0.70 [VAL] Loss: 0.5966, Accuracy: 69.65%, Precision: 0.70, Recall: 0.63, F1-Score: 0.66, AUC: 0.69
Epoch [5/100] - [TRAIN] Loss: 0.5923, Accuracy: 70.65%, AUC: 0.70 [VAL] Loss: 0.5853, Accuracy: 70.62%, Precision: 0.72, Recall: 0.64, F1-Score: 0.68, AUC: 0.70
Epoch [6/100] - [TRAIN] Loss: 0.5930, Accuracy: 70.17%, AUC: 0.70 [VAL] Loss: 0.5874, Accuracy: 70.48%, Precision: 0.72, Recall: 0.62, F1-Score: 0.66, AUC: 0.70
Epoch [7/100] - [TRAIN] Loss: 0.5908, Accuracy: 70.65%, AUC: 0.70 [VAL] Loss: 0.5968, Accuracy: 69.85%, Precision: 0.70, Recall: 0.62, F1-Score: 0.66, AUC: 0.69
Epoch [8/100] - [TRAIN] Loss: 0.5908, Accuracy: 70.70%, AUC: 0.70 [VAL] Loss: 0.5897, Accuracy: 70.40%, Precision: 0.71, Recall: 0.61, F1-Score: 0.66, AUC: 0.70
Epoch [9/100] - [TRAIN] Loss: 0.5883, Accuracy: 70.70%, AUC: 0.70 [VAL] Loss: 0.5951, Accuracy: 69.93%, Precision: 0.72, Recall: 0.61, F1-Score: 0.66, AUC: 0.70
Epoch [10/100] - [TRAIN] Loss: 0.5874, Accuracy: 70.66%, AUC: 0.70 [VAL] Loss: 0.5923, Accuracy: 69.55%, Precision: 0.72, Recall: 0.62, F1-Score: 0.66, AUC: 0.69
Epoch [11/100] - [TRAIN] Loss: 0.5852, Accuracy: 70.76%, AUC: 0.70 [VAL] Loss: 0.5960, Accuracy: 69.62%, Precision: 0.71, Recall: 0.61, F1-Score: 0.66, AUC: 0.69
Epoch [12/100] - [TRAIN] Loss: 0.5864, Accuracy: 70.77%, AUC: 0.70 [VAL] Loss: 0.5862, Accuracy: 70.60%, Precision: 0.72, Recall: 0.63, F1-Score: 0.67, AUC: 0.70
Epoch [13/100] - [TRAIN] Loss: 0.5846, Accuracy: 70.76%, AUC: 0.70 [VAL] Loss: 0.5928, Accuracy: 70.20%, Precision: 0.71, Recall: 0.62, F1-Score: 0.66, AUC: 0.70
Epoch [14/100] - [TRAIN] Loss: 0.5851, Accuracy: 70.66%, AUC: 0.70 [VAL] Loss: 0.5892, Accuracy: 70.59%, Precision: 0.70, Recall: 0.63, F1-Score: 0.66, AUC: 0.70
Epoch [15/100] - [TRAIN] Loss: 0.5852, Accuracy: 70.77%, AUC: 0.70 [VAL] Loss: 0.5955, Accuracy: 70.16%, Precision: 0.72, Recall: 0.62, F1-Score: 0.67, AUC: 0.70
Epoch [16/100] - [TRAIN] Loss: 0.5855, Accuracy: 70.61%, AUC: 0.70 [VAL] Loss: 0.5870, Accuracy: 70.24%, Precision: 0.71, Recall: 0.62, F1-Score: 0.66, AUC: 0.70
Epoch [17/100] - [TRAIN] Loss: 0.5854, Accuracy: 70.82%, AUC: 0.70 [VAL] Loss: 0.5906, Accuracy: 70.35%, Precision: 0.71, Recall: 0.61, F1-Score: 0.66, AUC: 0.70
Epoch [18/100] - [TRAIN] Loss: 0.5839, Accuracy: 70.81%, AUC: 0.70 [VAL] Loss: 0.5963, Accuracy: 69.92%, Precision: 0.70, Recall: 0.61, F1-Score: 0.65, AUC: 0.69
Epoch [19/100] - [TRAIN] Loss: 0.5868, Accuracy: 70.57%, AUC: 0.70 [VAL] Loss: 0.5855, Accuracy: 71.09%, Precision: 0.71, Recall: 0.63, F1-Score: 0.67, AUC: 0.71
Epoch [20/100] - [TRAIN] Loss: 0.5818, Accuracy: 70.83%, AUC: 0.71 [VAL] Loss: 0.5824, Accuracy: 70.57%, Precision: 0.72, Recall: 0.62, F1-Score: 0.67, AUC: 0.70
Epoch [21/100] - [TRAIN] Loss: 0.5879, Accuracy: 70.65%, AUC: 0.70 [VAL] Loss: 0.5880, Accuracy: 69.70%, Precision: 0.71, Recall: 0.60, F1-Score: 0.65, AUC: 0.69
Epoch [22/100] - [TRAIN] Loss: 0.5835, Accuracy: 71.00%, AUC: 0.71 [VAL] Loss: 0.5907, Accuracy: 70.21%, Precision: 0.73, Recall: 0.61, F1-Score: 0.66, AUC: 0.70
Epoch [23/100] - [TRAIN] Loss: 0.5870, Accuracy: 70.54%, AUC: 0.70 [VAL] Loss: 0.5793, Accuracy: 71.10%, Precision: 0.72, Recall: 0.63, F1-Score: 0.67, AUC: 0.71
Epoch [24/100] - [TRAIN] Loss: 0.5855, Accuracy: 70.69%, AUC: 0.70 [VAL] Loss: 0.5945, Accuracy: 69.80%, Precision: 0.71, Recall: 0.61, F1-Score: 0.65, AUC: 0.69
Epoch [25/100] - [TRAIN] Loss: 0.5855, Accuracy: 70.79%, AUC: 0.70 [VAL] Loss: 0.5923, Accuracy: 70.02%, Precision: 0.71, Recall: 0.61, F1-Score: 0.66, AUC: 0.70
Epoch [26/100] - [TRAIN] Loss: 0.5869, Accuracy: 70.62%, AUC: 0.70 [VAL] Loss: 0.5850, Accuracy: 70.56%, Precision: 0.72, Recall: 0.62, F1-Score: 0.67, AUC: 0.70
Epoch [27/100] - [TRAIN] Loss: 0.5877, Accuracy: 70.77%, AUC: 0.70 [VAL] Loss: 0.5886, Accuracy: 69.89%, Precision: 0.71, Recall: 0.61, F1-Score: 0.66, AUC: 0.69
Epoch [28/100] - [TRAIN] Loss: 0.5848, Accuracy: 70.96%, AUC: 0.71 [VAL] Loss: 0.5861, Accuracy: 70.53%, Precision: 0.71, Recall: 0.62, F1-Score: 0.66, AUC: 0.70
Epoch [29/100] - [TRAIN] Loss: 0.5825, Accuracy: 71.07%, AUC: 0.71 [VAL] Loss: 0.5846, Accuracy: 70.74%, Precision: 0.72, Recall: 0.61, F1-Score: 0.66, AUC: 0.70
Epoch [30/100] - [TRAIN] Loss: 0.5880, Accuracy: 70.55%, AUC: 0.70 [VAL] Loss: 0.5852, Accuracy: 70.79%, Precision: 0.71, Recall: 0.62, F1-Score: 0.66, AUC: 0.70
Epoch [31/100] - [TRAIN] Loss: 0.5859, Accuracy: 70.86%, AUC: 0.70 [VAL] Loss: 0.5815, Accuracy: 70.81%, Precision: 0.72, Recall: 0.63, F1-Score: 0.67, AUC: 0.70
Epoch [32/100] - [TRAIN] Loss: 0.5853, Accuracy: 70.23%, AUC: 0.70 [VAL] Loss: 0.5895, Accuracy: 70.16%, Precision: 0.72, Recall: 0.60, F1-Score: 0.66, AUC: 0.70
Epoch [33/100] - [TRAIN] Loss: 0.5846, Accuracy: 70.75%, AUC: 0.70 [VAL] Loss: 0.5932, Accuracy: 69.89%, Precision: 0.71, Recall: 0.61, F1-Score: 0.65, AUC: 0.69
Epoch [34/100] - [TRAIN] Loss: 0.5857, Accuracy: 70.64%, AUC: 0.70 [VAL] Loss: 0.5912, Accuracy: 70.42%, Precision: 0.72, Recall: 0.62, F1-Score: 0.67, AUC: 0.70
Epoch [35/100] - [TRAIN] Loss: 0.5844, Accuracy: 70.47%, AUC: 0.70 [VAL] Loss: 0.5813, Accuracy: 70.65%, Precision: 0.72, Recall: 0.62, F1-Score: 0.67, AUC: 0.70
Epoch [36/100] - [TRAIN] Loss: 0.5852, Accuracy: 70.78%, AUC: 0.70 [VAL] Loss: 0.5893, Accuracy: 69.80%, Precision: 0.72, Recall: 0.61, F1-Score: 0.66, AUC: 0.69
Epoch [37/100] - [TRAIN] Loss: 0.5865, Accuracy: 70.77%, AUC: 0.70 [VAL] Loss: 0.5909, Accuracy: 70.29%, Precision: 0.72, Recall: 0.62, F1-Score: 0.66, AUC: 0.70
Epoch [38/100] - [TRAIN] Loss: 0.5857, Accuracy: 70.75%, AUC: 0.70 [VAL] Loss: 0.5844, Accuracy: 70.71%, Precision: 0.73, Recall: 0.62, F1-Score: 0.67, AUC: 0.70
Epoch [39/100] - [TRAIN] Loss: 0.5853, Accuracy: 70.63%, AUC: 0.70 [VAL] Loss: 0.5925, Accuracy: 69.96%, Precision: 0.71, Recall: 0.61, F1-Score: 0.66, AUC: 0.69
Epoch [40/100] - [TRAIN] Loss: 0.5872, Accuracy: 70.64%, AUC: 0.70 [VAL] Loss: 0.5865, Accuracy: 69.87%, Precision: 0.71, Recall: 0.61, F1-Score: 0.65, AUC: 0.69
Epoch [41/100] - [TRAIN] Loss: 0.5878, Accuracy: 70.57%, AUC: 0.70 [VAL] Loss: 0.5922, Accuracy: 69.99%, Precision: 0.72, Recall: 0.60, F1-Score: 0.66, AUC: 0.70
Epoch [42/100] - [TRAIN] Loss: 0.5827, Accuracy: 71.13%, AUC: 0.71 [VAL] Loss: 0.5842, Accuracy: 70.66%, Precision: 0.72, Recall: 0.61, F1-Score: 0.66, AUC: 0.70
Epoch [43/100] - [TRAIN] Loss: 0.5824, Accuracy: 70.97%, AUC: 0.71 [VAL] Loss: 0.5910, Accuracy: 70.27%, Precision: 0.71, Recall: 0.62, F1-Score: 0.66, AUC: 0.70
Epoch [44/100] - [TRAIN] Loss: 0.5863, Accuracy: 70.74%, AUC: 0.70 [VAL] Loss: 0.5923, Accuracy: 69.70%, Precision: 0.70, Recall: 0.61, F1-Score: 0.65, AUC: 0.69
Epoch [45/100] - [TRAIN] Loss: 0.5842, Accuracy: 70.67%, AUC: 0.70 [VAL] Loss: 0.5902, Accuracy: 70.21%, Precision: 0.71, Recall: 0.62, F1-Score: 0.66, AUC: 0.70
Epoch [46/100] - [TRAIN] Loss: 0.5845, Accuracy: 70.90%, AUC: 0.71 [VAL] Loss: 0.5924, Accuracy: 69.60%, Precision: 0.72, Recall: 0.60, F1-Score: 0.65, AUC: 0.69
Epoch [47/100] - [TRAIN] Loss: 0.5873, Accuracy: 70.33%, AUC: 0.70 [VAL] Loss: 0.5850, Accuracy: 70.14%, Precision: 0.71, Recall: 0.61, F1-Score: 0.66, AUC: 0.70
Epoch [48/100] - [TRAIN] Loss: 0.5862, Accuracy: 70.54%, AUC: 0.70 [VAL] Loss: 0.5954, Accuracy: 70.65%, Precision: 0.72, Recall: 0.61, F1-Score: 0.66, AUC: 0.70
Epoch [49/100] - [TRAIN] Loss: 0.5856, Accuracy: 70.66%, AUC: 0.70 [VAL] Loss: 0.5904, Accuracy: 70.20%, Precision: 0.71, Recall: 0.61, F1-Score: 0.66, AUC: 0.70
Epoch [50/100] - [TRAIN] Loss: 0.5878, Accuracy: 70.32%, AUC: 0.70 [VAL] Loss: 0.5944, Accuracy: 70.04%, Precision: 0.72, Recall: 0.61, F1-Score: 0.66, AUC: 0.70
Epoch [51/100] - [TRAIN] Loss: 0.5849, Accuracy: 70.75%, AUC: 0.70 [VAL] Loss: 0.5936, Accuracy: 69.66%, Precision: 0.71, Recall: 0.60, F1-Score: 0.65, AUC: 0.69
Epoch [52/100] - [TRAIN] Loss: 0.5877, Accuracy: 70.44%, AUC: 0.70 [VAL] Loss: 0.5848, Accuracy: 70.60%, Precision: 0.72, Recall: 0.62, F1-Score: 0.67, AUC: 0.70
Epoch [53/100] - [TRAIN] Loss: 0.5862, Accuracy: 70.72%, AUC: 0.70 [VAL] Loss: 0.5835, Accuracy: 70.20%, Precision: 0.71, Recall: 0.61, F1-Score: 0.66, AUC: 0.70
Epoch [54/100] - [TRAIN] Loss: 0.5843, Accuracy: 70.58%, AUC: 0.70 [VAL] Loss: 0.5828, Accuracy: 71.11%, Precision: 0.73, Recall: 0.62, F1-Score: 0.67, AUC: 0.71
Epoch [55/100] - [TRAIN] Loss: 0.5863, Accuracy: 70.57%, AUC: 0.70 [VAL] Loss: 0.5890, Accuracy: 70.01%, Precision: 0.72, Recall: 0.62, F1-Score: 0.66, AUC: 0.70
Epoch [56/100] - [TRAIN] Loss: 0.5858, Accuracy: 70.80%, AUC: 0.70 [VAL] Loss: 0.6022, Accuracy: 69.35%, Precision: 0.71, Recall: 0.60, F1-Score: 0.65, AUC: 0.69
Epoch [57/100] - [TRAIN] Loss: 0.5836, Accuracy: 70.73%, AUC: 0.70 [VAL] Loss: 0.5876, Accuracy: 70.61%, Precision: 0.71, Recall: 0.62, F1-Score: 0.66, AUC: 0.70
Epoch [58/100] - [TRAIN] Loss: 0.5847, Accuracy: 70.77%, AUC: 0.70 [VAL] Loss: 0.5825, Accuracy: 70.84%, Precision: 0.72, Recall: 0.62, F1-Score: 0.67, AUC: 0.70
Epoch [59/100] - [TRAIN] Loss: 0.5859, Accuracy: 70.70%, AUC: 0.70 [VAL] Loss: 0.5867, Accuracy: 70.09%, Precision: 0.73, Recall: 0.60, F1-Score: 0.66, AUC: 0.70
Epoch [60/100] - [TRAIN] Loss: 0.5849, Accuracy: 70.58%, AUC: 0.70 [VAL] Loss: 0.5868, Accuracy: 70.22%, Precision: 0.71, Recall: 0.61, F1-Score: 0.66, AUC: 0.70
Epoch [61/100] - [TRAIN] Loss: 0.5847, Accuracy: 70.57%, AUC: 0.70 [VAL] Loss: 0.5897, Accuracy: 70.03%, Precision: 0.70, Recall: 0.61, F1-Score: 0.65, AUC: 0.69
Epoch [62/100] - [TRAIN] Loss: 0.5843, Accuracy: 70.74%, AUC: 0.70 [VAL] Loss: 0.5863, Accuracy: 69.53%, Precision: 0.71, Recall: 0.60, F1-Score: 0.65, AUC: 0.69
Epoch [63/100] - [TRAIN] Loss: 0.5855, Accuracy: 70.61%, AUC: 0.70 [VAL] Loss: 0.5858, Accuracy: 70.45%, Precision: 0.72, Recall: 0.63, F1-Score: 0.67, AUC: 0.70
Epoch [64/100] - [TRAIN] Loss: 0.5857, Accuracy: 70.80%, AUC: 0.70 [VAL] Loss: 0.5875, Accuracy: 70.15%, Precision: 0.71, Recall: 0.62, F1-Score: 0.66, AUC: 0.70
Epoch [65/100] - [TRAIN] Loss: 0.5858, Accuracy: 70.54%, AUC: 0.70 [VAL] Loss: 0.6011, Accuracy: 69.37%, Precision: 0.70, Recall: 0.61, F1-Score: 0.66, AUC: 0.69
Epoch [66/100] - [TRAIN] Loss: 0.5840, Accuracy: 70.64%, AUC: 0.70 [VAL] Loss: 0.5930, Accuracy: 69.70%, Precision: 0.71, Recall: 0.60, F1-Score: 0.65, AUC: 0.69
Epoch [67/100] - [TRAIN] Loss: 0.5836, Accuracy: 70.85%, AUC: 0.70 [VAL] Loss: 0.5915, Accuracy: 69.72%, Precision: 0.71, Recall: 0.60, F1-Score: 0.65, AUC: 0.69
Epoch [68/100] - [TRAIN] Loss: 0.5850, Accuracy: 70.55%, AUC: 0.70 [VAL] Loss: 0.5926, Accuracy: 70.10%, Precision: 0.71, Recall: 0.61, F1-Score: 0.66, AUC: 0.70
Epoch [69/100] - [TRAIN] Loss: 0.5870, Accuracy: 70.60%, AUC: 0.70 [VAL] Loss: 0.5942, Accuracy: 69.97%, Precision: 0.71, Recall: 0.61, F1-Score: 0.66, AUC: 0.69
Epoch [70/100] - [TRAIN] Loss: 0.5864, Accuracy: 70.60%, AUC: 0.70 [VAL] Loss: 0.5927, Accuracy: 70.28%, Precision: 0.71, Recall: 0.61, F1-Score: 0.66, AUC: 0.70
Epoch [71/100] - [TRAIN] Loss: 0.5875, Accuracy: 70.54%, AUC: 0.70 [VAL] Loss: 0.5917, Accuracy: 70.29%, Precision: 0.72, Recall: 0.61, F1-Score: 0.66, AUC: 0.70
Epoch [72/100] - [TRAIN] Loss: 0.5846, Accuracy: 70.70%, AUC: 0.70 [VAL] Loss: 0.5872, Accuracy: 69.94%, Precision: 0.72, Recall: 0.61, F1-Score: 0.66, AUC: 0.70
Epoch [73/100] - [TRAIN] Loss: 0.5844, Accuracy: 70.80%, AUC: 0.70 [VAL] Loss: 0.5830, Accuracy: 71.08%, Precision: 0.72, Recall: 0.62, F1-Score: 0.67, AUC: 0.71
Epoch [74/100] - [TRAIN] Loss: 0.5883, Accuracy: 70.40%, AUC: 0.70 [VAL] Loss: 0.5915, Accuracy: 70.00%, Precision: 0.72, Recall: 0.60, F1-Score: 0.66, AUC: 0.70
Epoch [75/100] - [TRAIN] Loss: 0.5839, Accuracy: 70.91%, AUC: 0.71 [VAL] Loss: 0.5950, Accuracy: 69.93%, Precision: 0.71, Recall: 0.61, F1-Score: 0.66, AUC: 0.69
Epoch [76/100] - [TRAIN] Loss: 0.5866, Accuracy: 70.54%, AUC: 0.70 [VAL] Loss: 0.5879, Accuracy: 70.02%, Precision: 0.71, Recall: 0.61, F1-Score: 0.65, AUC: 0.69
Epoch [77/100] - [TRAIN] Loss: 0.5872, Accuracy: 70.44%, AUC: 0.70 [VAL] Loss: 0.5814, Accuracy: 70.98%, Precision: 0.72, Recall: 0.62, F1-Score: 0.66, AUC: 0.70
Epoch [78/100] - [TRAIN] Loss: 0.5862, Accuracy: 70.71%, AUC: 0.70 [VAL] Loss: 0.5885, Accuracy: 70.47%, Precision: 0.72, Recall: 0.61, F1-Score: 0.66, AUC: 0.70
Epoch [79/100] - [TRAIN] Loss: 0.5853, Accuracy: 70.85%, AUC: 0.70 [VAL] Loss: 0.5889, Accuracy: 71.37%, Precision: 0.72, Recall: 0.64, F1-Score: 0.68, AUC: 0.71
Epoch [80/100] - [TRAIN] Loss: 0.5865, Accuracy: 70.56%, AUC: 0.70 [VAL] Loss: 0.5941, Accuracy: 70.26%, Precision: 0.71, Recall: 0.61, F1-Score: 0.66, AUC: 0.70
Epoch [81/100] - [TRAIN] Loss: 0.5845, Accuracy: 70.67%, AUC: 0.70 [VAL] Loss: 0.5969, Accuracy: 69.37%, Precision: 0.71, Recall: 0.60, F1-Score: 0.65, AUC: 0.69
Epoch [82/100] - [TRAIN] Loss: 0.5846, Accuracy: 70.89%, AUC: 0.71 [VAL] Loss: 0.5902, Accuracy: 70.36%, Precision: 0.72, Recall: 0.62, F1-Score: 0.67, AUC: 0.70
Epoch [83/100] - [TRAIN] Loss: 0.5880, Accuracy: 70.64%, AUC: 0.70 [VAL] Loss: 0.5818, Accuracy: 70.67%, Precision: 0.72, Recall: 0.62, F1-Score: 0.66, AUC: 0.70
Epoch [84/100] - [TRAIN] Loss: 0.5834, Accuracy: 70.95%, AUC: 0.71 [VAL] Loss: 0.5900, Accuracy: 70.25%, Precision: 0.72, Recall: 0.62, F1-Score: 0.66, AUC: 0.70
Epoch [85/100] - [TRAIN] Loss: 0.5850, Accuracy: 70.69%, AUC: 0.70 [VAL] Loss: 0.5915, Accuracy: 69.94%, Precision: 0.70, Recall: 0.61, F1-Score: 0.65, AUC: 0.69
Epoch [86/100] - [TRAIN] Loss: 0.5863, Accuracy: 70.48%, AUC: 0.70 [VAL] Loss: 0.5868, Accuracy: 70.28%, Precision: 0.71, Recall: 0.62, F1-Score: 0.66, AUC: 0.70
Epoch [87/100] - [TRAIN] Loss: 0.5855, Accuracy: 70.80%, AUC: 0.70 [VAL] Loss: 0.5902, Accuracy: 70.42%, Precision: 0.72, Recall: 0.61, F1-Score: 0.66, AUC: 0.70
Epoch [88/100] - [TRAIN] Loss: 0.5856, Accuracy: 70.81%, AUC: 0.70 [VAL] Loss: 0.5893, Accuracy: 70.36%, Precision: 0.72, Recall: 0.61, F1-Score: 0.66, AUC: 0.70
Epoch [89/100] - [TRAIN] Loss: 0.5867, Accuracy: 70.46%, AUC: 0.70 [VAL] Loss: 0.5929, Accuracy: 70.19%, Precision: 0.72, Recall: 0.62, F1-Score: 0.66, AUC: 0.70
Epoch [90/100] - [TRAIN] Loss: 0.5879, Accuracy: 70.58%, AUC: 0.70 [VAL] Loss: 0.5851, Accuracy: 70.39%, Precision: 0.72, Recall: 0.62, F1-Score: 0.67, AUC: 0.70
Epoch [91/100] - [TRAIN] Loss: 0.5853, Accuracy: 70.70%, AUC: 0.70 [VAL] Loss: 0.5869, Accuracy: 69.78%, Precision: 0.71, Recall: 0.62, F1-Score: 0.66, AUC: 0.69
Epoch [92/100] - [TRAIN] Loss: 0.5850, Accuracy: 70.61%, AUC: 0.70 [VAL] Loss: 0.5875, Accuracy: 70.36%, Precision: 0.72, Recall: 0.62, F1-Score: 0.66, AUC: 0.70
Epoch [93/100] - [TRAIN] Loss: 0.5823, Accuracy: 71.08%, AUC: 0.71 [VAL] Loss: 0.5936, Accuracy: 69.87%, Precision: 0.71, Recall: 0.61, F1-Score: 0.66, AUC: 0.69
Epoch [94/100] - [TRAIN] Loss: 0.5850, Accuracy: 70.66%, AUC: 0.70 [VAL] Loss: 0.5883, Accuracy: 70.24%, Precision: 0.72, Recall: 0.62, F1-Score: 0.67, AUC: 0.70
Epoch [95/100] - [TRAIN] Loss: 0.5859, Accuracy: 70.54%, AUC: 0.70 [VAL] Loss: 0.5891, Accuracy: 70.07%, Precision: 0.71, Recall: 0.61, F1-Score: 0.66, AUC: 0.70
Epoch [96/100] - [TRAIN] Loss: 0.5840, Accuracy: 70.70%, AUC: 0.70 [VAL] Loss: 0.5911, Accuracy: 70.06%, Precision: 0.70, Recall: 0.62, F1-Score: 0.66, AUC: 0.69
Epoch [97/100] - [TRAIN] Loss: 0.5840, Accuracy: 70.64%, AUC: 0.70 [VAL] Loss: 0.5853, Accuracy: 70.93%, Precision: 0.71, Recall: 0.62, F1-Score: 0.66, AUC: 0.70
Epoch [98/100] - [TRAIN] Loss: 0.5836, Accuracy: 70.76%, AUC: 0.70 [VAL] Loss: 0.5901, Accuracy: 69.60%, Precision: 0.70, Recall: 0.60, F1-Score: 0.65, AUC: 0.69
Epoch [99/100] - [TRAIN] Loss: 0.5855, Accuracy: 70.52%, AUC: 0.70 [VAL] Loss: 0.5935, Accuracy: 69.94%, Precision: 0.71, Recall: 0.61, F1-Score: 0.66, AUC: 0.69
Epoch [100/100] - [TRAIN] Loss: 0.5876, Accuracy: 70.49%, AUC: 0.70 [VAL] Loss: 0.5892, Accuracy: 70.38%, Precision: 0.72, Recall: 0.61, F1-Score: 0.66, AUC: 0.70
Accuracy Score on test set: 69.30 %
    AUC Score on test set: 0.69
    Precision: 0.7047
    Recall: 0.6099
    F1-Score: 0.6539

    Detailed Classification Report:
                  precision    recall  f1-score   support

           0       0.68      0.77      0.72      5245
           1       0.70      0.61      0.65      4755

    accuracy                           0.69     10000
   macro avg       0.69      0.69      0.69     10000
weighted avg       0.69      0.69      0.69     10000


    Confusion Matrix:
    [[4030 1215]
 [1855 2900]]
    
029-H3K9ac-H3K9me3-H3K27ac-H3K27me3
Epoch [1/100] - [TRAIN] Loss: 0.6442, Accuracy: 68.41%, AUC: 0.68 [VAL] Loss: 0.6218, Accuracy: 69.57%, Precision: 0.71, Recall: 0.63, F1-Score: 0.67, AUC: 0.69
Epoch [2/100] - [TRAIN] Loss: 0.6174, Accuracy: 69.90%, AUC: 0.70 [VAL] Loss: 0.6050, Accuracy: 70.43%, Precision: 0.70, Recall: 0.65, F1-Score: 0.67, AUC: 0.70
Epoch [3/100] - [TRAIN] Loss: 0.6045, Accuracy: 70.26%, AUC: 0.70 [VAL] Loss: 0.5972, Accuracy: 70.56%, Precision: 0.72, Recall: 0.61, F1-Score: 0.66, AUC: 0.70
Epoch [4/100] - [TRAIN] Loss: 0.6008, Accuracy: 70.22%, AUC: 0.70 [VAL] Loss: 0.6002, Accuracy: 69.83%, Precision: 0.70, Recall: 0.62, F1-Score: 0.66, AUC: 0.69
Epoch [5/100] - [TRAIN] Loss: 0.5951, Accuracy: 70.27%, AUC: 0.70 [VAL] Loss: 0.5918, Accuracy: 70.32%, Precision: 0.72, Recall: 0.62, F1-Score: 0.67, AUC: 0.70
Epoch [6/100] - [TRAIN] Loss: 0.5966, Accuracy: 70.21%, AUC: 0.70 [VAL] Loss: 0.5992, Accuracy: 69.46%, Precision: 0.71, Recall: 0.59, F1-Score: 0.64, AUC: 0.69
Epoch [7/100] - [TRAIN] Loss: 0.5930, Accuracy: 70.61%, AUC: 0.70 [VAL] Loss: 0.5977, Accuracy: 69.50%, Precision: 0.73, Recall: 0.57, F1-Score: 0.64, AUC: 0.69
Epoch [8/100] - [TRAIN] Loss: 0.5942, Accuracy: 70.37%, AUC: 0.70 [VAL] Loss: 0.5861, Accuracy: 70.35%, Precision: 0.73, Recall: 0.59, F1-Score: 0.65, AUC: 0.70
Epoch [9/100] - [TRAIN] Loss: 0.5910, Accuracy: 70.51%, AUC: 0.70 [VAL] Loss: 0.5909, Accuracy: 70.46%, Precision: 0.72, Recall: 0.59, F1-Score: 0.65, AUC: 0.70
Epoch [10/100] - [TRAIN] Loss: 0.5933, Accuracy: 70.43%, AUC: 0.70 [VAL] Loss: 0.5841, Accuracy: 70.36%, Precision: 0.73, Recall: 0.60, F1-Score: 0.66, AUC: 0.70
Epoch [11/100] - [TRAIN] Loss: 0.5888, Accuracy: 70.68%, AUC: 0.70 [VAL] Loss: 0.5939, Accuracy: 69.43%, Precision: 0.72, Recall: 0.58, F1-Score: 0.64, AUC: 0.69
Epoch [12/100] - [TRAIN] Loss: 0.5917, Accuracy: 70.35%, AUC: 0.70 [VAL] Loss: 0.5962, Accuracy: 69.92%, Precision: 0.73, Recall: 0.56, F1-Score: 0.64, AUC: 0.69
Epoch [13/100] - [TRAIN] Loss: 0.5927, Accuracy: 70.02%, AUC: 0.70 [VAL] Loss: 0.5968, Accuracy: 69.71%, Precision: 0.73, Recall: 0.58, F1-Score: 0.65, AUC: 0.69
Epoch [14/100] - [TRAIN] Loss: 0.5878, Accuracy: 70.58%, AUC: 0.70 [VAL] Loss: 0.5957, Accuracy: 69.97%, Precision: 0.72, Recall: 0.59, F1-Score: 0.65, AUC: 0.69
Epoch [15/100] - [TRAIN] Loss: 0.5867, Accuracy: 70.61%, AUC: 0.70 [VAL] Loss: 0.5959, Accuracy: 69.20%, Precision: 0.72, Recall: 0.57, F1-Score: 0.64, AUC: 0.69
Epoch [16/100] - [TRAIN] Loss: 0.5873, Accuracy: 70.57%, AUC: 0.70 [VAL] Loss: 0.5908, Accuracy: 69.95%, Precision: 0.74, Recall: 0.59, F1-Score: 0.66, AUC: 0.70
Epoch [17/100] - [TRAIN] Loss: 0.5861, Accuracy: 70.48%, AUC: 0.70 [VAL] Loss: 0.5844, Accuracy: 70.70%, Precision: 0.74, Recall: 0.59, F1-Score: 0.66, AUC: 0.70
Epoch [18/100] - [TRAIN] Loss: 0.5899, Accuracy: 70.31%, AUC: 0.70 [VAL] Loss: 0.5924, Accuracy: 69.78%, Precision: 0.72, Recall: 0.58, F1-Score: 0.64, AUC: 0.69
Epoch [19/100] - [TRAIN] Loss: 0.5841, Accuracy: 70.63%, AUC: 0.70 [VAL] Loss: 0.5847, Accuracy: 70.39%, Precision: 0.73, Recall: 0.58, F1-Score: 0.65, AUC: 0.70
Epoch [20/100] - [TRAIN] Loss: 0.5862, Accuracy: 70.64%, AUC: 0.70 [VAL] Loss: 0.5824, Accuracy: 70.64%, Precision: 0.74, Recall: 0.58, F1-Score: 0.65, AUC: 0.70
Epoch [21/100] - [TRAIN] Loss: 0.5894, Accuracy: 70.43%, AUC: 0.70 [VAL] Loss: 0.5878, Accuracy: 70.08%, Precision: 0.72, Recall: 0.59, F1-Score: 0.65, AUC: 0.69
Epoch [22/100] - [TRAIN] Loss: 0.5869, Accuracy: 70.63%, AUC: 0.70 [VAL] Loss: 0.5884, Accuracy: 70.22%, Precision: 0.73, Recall: 0.59, F1-Score: 0.66, AUC: 0.70
Epoch [23/100] - [TRAIN] Loss: 0.5866, Accuracy: 70.59%, AUC: 0.70 [VAL] Loss: 0.5855, Accuracy: 70.21%, Precision: 0.74, Recall: 0.57, F1-Score: 0.65, AUC: 0.70
Epoch [24/100] - [TRAIN] Loss: 0.5862, Accuracy: 70.60%, AUC: 0.70 [VAL] Loss: 0.5897, Accuracy: 70.54%, Precision: 0.73, Recall: 0.59, F1-Score: 0.65, AUC: 0.70
Epoch [25/100] - [TRAIN] Loss: 0.5901, Accuracy: 70.25%, AUC: 0.70 [VAL] Loss: 0.5899, Accuracy: 70.77%, Precision: 0.73, Recall: 0.60, F1-Score: 0.66, AUC: 0.70
Epoch [26/100] - [TRAIN] Loss: 0.5862, Accuracy: 70.70%, AUC: 0.70 [VAL] Loss: 0.5941, Accuracy: 69.86%, Precision: 0.72, Recall: 0.58, F1-Score: 0.65, AUC: 0.69
Epoch [27/100] - [TRAIN] Loss: 0.5873, Accuracy: 70.43%, AUC: 0.70 [VAL] Loss: 0.5860, Accuracy: 70.35%, Precision: 0.74, Recall: 0.58, F1-Score: 0.65, AUC: 0.70
Epoch [28/100] - [TRAIN] Loss: 0.5858, Accuracy: 70.65%, AUC: 0.70 [VAL] Loss: 0.5872, Accuracy: 70.15%, Precision: 0.73, Recall: 0.58, F1-Score: 0.64, AUC: 0.69
Epoch [29/100] - [TRAIN] Loss: 0.5851, Accuracy: 70.78%, AUC: 0.70 [VAL] Loss: 0.5903, Accuracy: 70.01%, Precision: 0.73, Recall: 0.59, F1-Score: 0.65, AUC: 0.69
Epoch [30/100] - [TRAIN] Loss: 0.5839, Accuracy: 70.81%, AUC: 0.70 [VAL] Loss: 0.5898, Accuracy: 70.34%, Precision: 0.73, Recall: 0.59, F1-Score: 0.65, AUC: 0.70
Epoch [31/100] - [TRAIN] Loss: 0.5838, Accuracy: 70.91%, AUC: 0.70 [VAL] Loss: 0.5889, Accuracy: 70.57%, Precision: 0.73, Recall: 0.60, F1-Score: 0.66, AUC: 0.70
Epoch [32/100] - [TRAIN] Loss: 0.5849, Accuracy: 70.59%, AUC: 0.70 [VAL] Loss: 0.5901, Accuracy: 69.66%, Precision: 0.72, Recall: 0.58, F1-Score: 0.64, AUC: 0.69
Epoch [33/100] - [TRAIN] Loss: 0.5846, Accuracy: 70.75%, AUC: 0.70 [VAL] Loss: 0.5950, Accuracy: 70.35%, Precision: 0.73, Recall: 0.59, F1-Score: 0.65, AUC: 0.70
Epoch [34/100] - [TRAIN] Loss: 0.5860, Accuracy: 70.67%, AUC: 0.70 [VAL] Loss: 0.5913, Accuracy: 70.06%, Precision: 0.74, Recall: 0.58, F1-Score: 0.65, AUC: 0.70
Epoch [35/100] - [TRAIN] Loss: 0.5850, Accuracy: 70.68%, AUC: 0.70 [VAL] Loss: 0.5880, Accuracy: 69.96%, Precision: 0.73, Recall: 0.59, F1-Score: 0.65, AUC: 0.69
Epoch [36/100] - [TRAIN] Loss: 0.5842, Accuracy: 70.63%, AUC: 0.70 [VAL] Loss: 0.5907, Accuracy: 70.24%, Precision: 0.74, Recall: 0.59, F1-Score: 0.66, AUC: 0.70
Epoch [37/100] - [TRAIN] Loss: 0.5847, Accuracy: 70.75%, AUC: 0.70 [VAL] Loss: 0.5886, Accuracy: 70.12%, Precision: 0.73, Recall: 0.59, F1-Score: 0.65, AUC: 0.70
Epoch [38/100] - [TRAIN] Loss: 0.5855, Accuracy: 70.68%, AUC: 0.70 [VAL] Loss: 0.5971, Accuracy: 69.74%, Precision: 0.73, Recall: 0.57, F1-Score: 0.64, AUC: 0.69
Epoch [39/100] - [TRAIN] Loss: 0.5860, Accuracy: 70.52%, AUC: 0.70 [VAL] Loss: 0.5890, Accuracy: 70.65%, Precision: 0.73, Recall: 0.60, F1-Score: 0.66, AUC: 0.70
Epoch [40/100] - [TRAIN] Loss: 0.5859, Accuracy: 70.64%, AUC: 0.70 [VAL] Loss: 0.5899, Accuracy: 70.27%, Precision: 0.74, Recall: 0.59, F1-Score: 0.65, AUC: 0.70
Epoch [41/100] - [TRAIN] Loss: 0.5862, Accuracy: 70.63%, AUC: 0.70 [VAL] Loss: 0.5933, Accuracy: 70.18%, Precision: 0.74, Recall: 0.59, F1-Score: 0.65, AUC: 0.70
Epoch [42/100] - [TRAIN] Loss: 0.5863, Accuracy: 70.64%, AUC: 0.70 [VAL] Loss: 0.5906, Accuracy: 70.89%, Precision: 0.75, Recall: 0.59, F1-Score: 0.66, AUC: 0.70
Epoch [43/100] - [TRAIN] Loss: 0.5863, Accuracy: 70.63%, AUC: 0.70 [VAL] Loss: 0.5855, Accuracy: 70.83%, Precision: 0.73, Recall: 0.59, F1-Score: 0.66, AUC: 0.70
Epoch [44/100] - [TRAIN] Loss: 0.5872, Accuracy: 70.47%, AUC: 0.70 [VAL] Loss: 0.5844, Accuracy: 70.62%, Precision: 0.73, Recall: 0.60, F1-Score: 0.66, AUC: 0.70
Epoch [45/100] - [TRAIN] Loss: 0.5838, Accuracy: 70.83%, AUC: 0.70 [VAL] Loss: 0.5883, Accuracy: 69.88%, Precision: 0.73, Recall: 0.59, F1-Score: 0.65, AUC: 0.69
Epoch [46/100] - [TRAIN] Loss: 0.5826, Accuracy: 70.83%, AUC: 0.70 [VAL] Loss: 0.5893, Accuracy: 70.31%, Precision: 0.73, Recall: 0.59, F1-Score: 0.65, AUC: 0.70
Epoch [47/100] - [TRAIN] Loss: 0.5847, Accuracy: 70.64%, AUC: 0.70 [VAL] Loss: 0.5841, Accuracy: 70.49%, Precision: 0.73, Recall: 0.59, F1-Score: 0.66, AUC: 0.70
Epoch [48/100] - [TRAIN] Loss: 0.5826, Accuracy: 71.03%, AUC: 0.71 [VAL] Loss: 0.5827, Accuracy: 70.75%, Precision: 0.74, Recall: 0.60, F1-Score: 0.66, AUC: 0.70
Epoch [49/100] - [TRAIN] Loss: 0.5846, Accuracy: 70.77%, AUC: 0.70 [VAL] Loss: 0.5846, Accuracy: 70.90%, Precision: 0.74, Recall: 0.60, F1-Score: 0.66, AUC: 0.70
Epoch [50/100] - [TRAIN] Loss: 0.5888, Accuracy: 70.36%, AUC: 0.70 [VAL] Loss: 0.5830, Accuracy: 70.57%, Precision: 0.74, Recall: 0.59, F1-Score: 0.65, AUC: 0.70
Epoch [51/100] - [TRAIN] Loss: 0.5850, Accuracy: 70.51%, AUC: 0.70 [VAL] Loss: 0.5900, Accuracy: 70.58%, Precision: 0.74, Recall: 0.59, F1-Score: 0.66, AUC: 0.70
Epoch [52/100] - [TRAIN] Loss: 0.5857, Accuracy: 70.74%, AUC: 0.70 [VAL] Loss: 0.5838, Accuracy: 71.01%, Precision: 0.74, Recall: 0.60, F1-Score: 0.66, AUC: 0.70
Epoch [53/100] - [TRAIN] Loss: 0.5863, Accuracy: 70.64%, AUC: 0.70 [VAL] Loss: 0.5881, Accuracy: 70.49%, Precision: 0.74, Recall: 0.59, F1-Score: 0.65, AUC: 0.70
Epoch [54/100] - [TRAIN] Loss: 0.5831, Accuracy: 70.73%, AUC: 0.70 [VAL] Loss: 0.5852, Accuracy: 70.66%, Precision: 0.75, Recall: 0.59, F1-Score: 0.66, AUC: 0.70
Epoch [55/100] - [TRAIN] Loss: 0.5858, Accuracy: 70.61%, AUC: 0.70 [VAL] Loss: 0.5924, Accuracy: 70.04%, Precision: 0.72, Recall: 0.58, F1-Score: 0.65, AUC: 0.69
Epoch [56/100] - [TRAIN] Loss: 0.5850, Accuracy: 70.80%, AUC: 0.70 [VAL] Loss: 0.5926, Accuracy: 70.02%, Precision: 0.72, Recall: 0.59, F1-Score: 0.65, AUC: 0.69
Epoch [57/100] - [TRAIN] Loss: 0.5860, Accuracy: 70.64%, AUC: 0.70 [VAL] Loss: 0.5935, Accuracy: 69.93%, Precision: 0.73, Recall: 0.58, F1-Score: 0.65, AUC: 0.69
Epoch [58/100] - [TRAIN] Loss: 0.5878, Accuracy: 70.35%, AUC: 0.70 [VAL] Loss: 0.5834, Accuracy: 70.13%, Precision: 0.73, Recall: 0.59, F1-Score: 0.65, AUC: 0.70
Epoch [59/100] - [TRAIN] Loss: 0.5868, Accuracy: 70.51%, AUC: 0.70 [VAL] Loss: 0.5907, Accuracy: 69.37%, Precision: 0.73, Recall: 0.57, F1-Score: 0.64, AUC: 0.69
Epoch [60/100] - [TRAIN] Loss: 0.5862, Accuracy: 70.66%, AUC: 0.70 [VAL] Loss: 0.5942, Accuracy: 69.45%, Precision: 0.72, Recall: 0.59, F1-Score: 0.65, AUC: 0.69
Epoch [61/100] - [TRAIN] Loss: 0.5858, Accuracy: 70.66%, AUC: 0.70 [VAL] Loss: 0.5874, Accuracy: 70.49%, Precision: 0.74, Recall: 0.58, F1-Score: 0.65, AUC: 0.70
Epoch [62/100] - [TRAIN] Loss: 0.5861, Accuracy: 70.73%, AUC: 0.70 [VAL] Loss: 0.5816, Accuracy: 70.57%, Precision: 0.73, Recall: 0.59, F1-Score: 0.65, AUC: 0.70
Epoch [63/100] - [TRAIN] Loss: 0.5855, Accuracy: 70.74%, AUC: 0.70 [VAL] Loss: 0.5756, Accuracy: 71.63%, Precision: 0.75, Recall: 0.60, F1-Score: 0.67, AUC: 0.71
Epoch [64/100] - [TRAIN] Loss: 0.5848, Accuracy: 70.76%, AUC: 0.70 [VAL] Loss: 0.5901, Accuracy: 70.58%, Precision: 0.74, Recall: 0.59, F1-Score: 0.66, AUC: 0.70
Epoch [65/100] - [TRAIN] Loss: 0.5852, Accuracy: 70.85%, AUC: 0.70 [VAL] Loss: 0.5881, Accuracy: 70.06%, Precision: 0.72, Recall: 0.58, F1-Score: 0.65, AUC: 0.69
Epoch [66/100] - [TRAIN] Loss: 0.5881, Accuracy: 70.52%, AUC: 0.70 [VAL] Loss: 0.5788, Accuracy: 70.90%, Precision: 0.73, Recall: 0.59, F1-Score: 0.65, AUC: 0.70
Epoch [67/100] - [TRAIN] Loss: 0.5843, Accuracy: 70.81%, AUC: 0.70 [VAL] Loss: 0.5931, Accuracy: 69.40%, Precision: 0.71, Recall: 0.58, F1-Score: 0.64, AUC: 0.69
Epoch [68/100] - [TRAIN] Loss: 0.5864, Accuracy: 70.61%, AUC: 0.70 [VAL] Loss: 0.5855, Accuracy: 70.29%, Precision: 0.74, Recall: 0.59, F1-Score: 0.65, AUC: 0.70
Epoch [69/100] - [TRAIN] Loss: 0.5847, Accuracy: 70.70%, AUC: 0.70 [VAL] Loss: 0.5928, Accuracy: 69.64%, Precision: 0.72, Recall: 0.58, F1-Score: 0.64, AUC: 0.69
Epoch [70/100] - [TRAIN] Loss: 0.5835, Accuracy: 70.81%, AUC: 0.70 [VAL] Loss: 0.5853, Accuracy: 70.91%, Precision: 0.74, Recall: 0.59, F1-Score: 0.66, AUC: 0.70
Epoch [71/100] - [TRAIN] Loss: 0.5824, Accuracy: 70.77%, AUC: 0.70 [VAL] Loss: 0.5831, Accuracy: 70.25%, Precision: 0.73, Recall: 0.59, F1-Score: 0.65, AUC: 0.70
Epoch [72/100] - [TRAIN] Loss: 0.5885, Accuracy: 70.48%, AUC: 0.70 [VAL] Loss: 0.5914, Accuracy: 69.82%, Precision: 0.73, Recall: 0.58, F1-Score: 0.64, AUC: 0.69
Epoch [73/100] - [TRAIN] Loss: 0.5865, Accuracy: 70.57%, AUC: 0.70 [VAL] Loss: 0.5816, Accuracy: 70.84%, Precision: 0.74, Recall: 0.60, F1-Score: 0.67, AUC: 0.70
Epoch [74/100] - [TRAIN] Loss: 0.5868, Accuracy: 70.47%, AUC: 0.70 [VAL] Loss: 0.5821, Accuracy: 70.88%, Precision: 0.74, Recall: 0.60, F1-Score: 0.66, AUC: 0.70
Epoch [75/100] - [TRAIN] Loss: 0.5854, Accuracy: 70.55%, AUC: 0.70 [VAL] Loss: 0.5828, Accuracy: 70.88%, Precision: 0.74, Recall: 0.59, F1-Score: 0.65, AUC: 0.70
Epoch [76/100] - [TRAIN] Loss: 0.5832, Accuracy: 70.96%, AUC: 0.71 [VAL] Loss: 0.5829, Accuracy: 70.69%, Precision: 0.73, Recall: 0.59, F1-Score: 0.66, AUC: 0.70
Epoch [77/100] - [TRAIN] Loss: 0.5864, Accuracy: 70.54%, AUC: 0.70 [VAL] Loss: 0.5927, Accuracy: 69.99%, Precision: 0.73, Recall: 0.58, F1-Score: 0.64, AUC: 0.69
Epoch [78/100] - [TRAIN] Loss: 0.5859, Accuracy: 70.65%, AUC: 0.70 [VAL] Loss: 0.5978, Accuracy: 69.34%, Precision: 0.72, Recall: 0.58, F1-Score: 0.64, AUC: 0.69
Epoch [79/100] - [TRAIN] Loss: 0.5852, Accuracy: 70.69%, AUC: 0.70 [VAL] Loss: 0.5846, Accuracy: 70.61%, Precision: 0.73, Recall: 0.59, F1-Score: 0.66, AUC: 0.70
Epoch [80/100] - [TRAIN] Loss: 0.5893, Accuracy: 70.19%, AUC: 0.70 [VAL] Loss: 0.5886, Accuracy: 70.12%, Precision: 0.73, Recall: 0.59, F1-Score: 0.65, AUC: 0.70
Epoch [81/100] - [TRAIN] Loss: 0.5854, Accuracy: 70.65%, AUC: 0.70 [VAL] Loss: 0.5839, Accuracy: 70.25%, Precision: 0.74, Recall: 0.59, F1-Score: 0.65, AUC: 0.70
Epoch [82/100] - [TRAIN] Loss: 0.5861, Accuracy: 70.56%, AUC: 0.70 [VAL] Loss: 0.5878, Accuracy: 70.62%, Precision: 0.74, Recall: 0.60, F1-Score: 0.66, AUC: 0.70
Epoch [83/100] - [TRAIN] Loss: 0.5831, Accuracy: 70.92%, AUC: 0.70 [VAL] Loss: 0.5900, Accuracy: 70.18%, Precision: 0.72, Recall: 0.59, F1-Score: 0.65, AUC: 0.70
Epoch [84/100] - [TRAIN] Loss: 0.5852, Accuracy: 70.68%, AUC: 0.70 [VAL] Loss: 0.5900, Accuracy: 70.03%, Precision: 0.73, Recall: 0.58, F1-Score: 0.65, AUC: 0.69
Epoch [85/100] - [TRAIN] Loss: 0.5873, Accuracy: 70.36%, AUC: 0.70 [VAL] Loss: 0.5811, Accuracy: 70.56%, Precision: 0.73, Recall: 0.59, F1-Score: 0.65, AUC: 0.70
Epoch [86/100] - [TRAIN] Loss: 0.5874, Accuracy: 70.34%, AUC: 0.70 [VAL] Loss: 0.5939, Accuracy: 70.14%, Precision: 0.73, Recall: 0.58, F1-Score: 0.65, AUC: 0.70
Epoch [87/100] - [TRAIN] Loss: 0.5858, Accuracy: 70.69%, AUC: 0.70 [VAL] Loss: 0.5773, Accuracy: 71.25%, Precision: 0.73, Recall: 0.61, F1-Score: 0.66, AUC: 0.71
Epoch [88/100] - [TRAIN] Loss: 0.5826, Accuracy: 70.86%, AUC: 0.70 [VAL] Loss: 0.5842, Accuracy: 70.49%, Precision: 0.73, Recall: 0.59, F1-Score: 0.65, AUC: 0.70
Epoch [89/100] - [TRAIN] Loss: 0.5861, Accuracy: 70.67%, AUC: 0.70 [VAL] Loss: 0.5935, Accuracy: 69.42%, Precision: 0.72, Recall: 0.57, F1-Score: 0.64, AUC: 0.69
Epoch [90/100] - [TRAIN] Loss: 0.5848, Accuracy: 70.91%, AUC: 0.71 [VAL] Loss: 0.5874, Accuracy: 70.23%, Precision: 0.73, Recall: 0.59, F1-Score: 0.65, AUC: 0.70
Epoch [91/100] - [TRAIN] Loss: 0.5857, Accuracy: 70.48%, AUC: 0.70 [VAL] Loss: 0.5969, Accuracy: 69.31%, Precision: 0.72, Recall: 0.58, F1-Score: 0.65, AUC: 0.69
Epoch [92/100] - [TRAIN] Loss: 0.5841, Accuracy: 70.70%, AUC: 0.70 [VAL] Loss: 0.5984, Accuracy: 69.10%, Precision: 0.72, Recall: 0.57, F1-Score: 0.64, AUC: 0.68
Epoch [93/100] - [TRAIN] Loss: 0.5848, Accuracy: 70.45%, AUC: 0.70 [VAL] Loss: 0.5889, Accuracy: 70.34%, Precision: 0.73, Recall: 0.58, F1-Score: 0.65, AUC: 0.70
Epoch [94/100] - [TRAIN] Loss: 0.5837, Accuracy: 70.64%, AUC: 0.70 [VAL] Loss: 0.5838, Accuracy: 70.62%, Precision: 0.74, Recall: 0.59, F1-Score: 0.66, AUC: 0.70
Epoch [95/100] - [TRAIN] Loss: 0.5827, Accuracy: 71.01%, AUC: 0.71 [VAL] Loss: 0.5904, Accuracy: 70.44%, Precision: 0.73, Recall: 0.58, F1-Score: 0.65, AUC: 0.70
Epoch [96/100] - [TRAIN] Loss: 0.5867, Accuracy: 70.64%, AUC: 0.70 [VAL] Loss: 0.5831, Accuracy: 70.70%, Precision: 0.72, Recall: 0.60, F1-Score: 0.66, AUC: 0.70
Epoch [97/100] - [TRAIN] Loss: 0.5828, Accuracy: 70.95%, AUC: 0.71 [VAL] Loss: 0.5881, Accuracy: 69.81%, Precision: 0.72, Recall: 0.59, F1-Score: 0.65, AUC: 0.69
Epoch [98/100] - [TRAIN] Loss: 0.5898, Accuracy: 70.33%, AUC: 0.70 [VAL] Loss: 0.5809, Accuracy: 70.65%, Precision: 0.74, Recall: 0.59, F1-Score: 0.66, AUC: 0.70
Epoch [99/100] - [TRAIN] Loss: 0.5862, Accuracy: 70.50%, AUC: 0.70 [VAL] Loss: 0.5854, Accuracy: 71.14%, Precision: 0.73, Recall: 0.60, F1-Score: 0.66, AUC: 0.70
Epoch [100/100] - [TRAIN] Loss: 0.5848, Accuracy: 70.48%, AUC: 0.70 [VAL] Loss: 0.5836, Accuracy: 70.07%, Precision: 0.73, Recall: 0.58, F1-Score: 0.65, AUC: 0.70
Accuracy Score on test set: 70.61 %
    AUC Score on test set: 0.70
    Precision: 0.7325
    Recall: 0.5792
    F1-Score: 0.6469

    Detailed Classification Report:
                  precision    recall  f1-score   support

           0       0.69      0.82      0.75      5352
           1       0.73      0.58      0.65      4648

    accuracy                           0.71     10000
   macro avg       0.71      0.70      0.70     10000
weighted avg       0.71      0.71      0.70     10000


    Confusion Matrix:
    [[4369  983]
 [1956 2692]]
    
Batch FINISHED!!!

Real-time duration: 11944.171858837 seconds
