Using device: cuda
Current CUDA device: 0
CUDA device name: Tesla V100-PCIE-32GB
/group/pmc021/amunif/epi-thesis/workflow/09_Learning_to_Rank/output/E066/model/batch-mode-dol1l2-0.2-checkpoint-1000000-100-64-0.005-0.001.pt
BinaryClassifierDropOutL1L2(
  (network): Sequential(
    (0): Linear(in_features=1000, out_features=64, bias=True)
    (1): LeakyReLU(negative_slope=0.1)
    (2): Dropout(p=0.2, inplace=False)
    (3): Linear(in_features=64, out_features=32, bias=True)
    (4): LeakyReLU(negative_slope=0.1)
    (5): Dropout(p=0.2, inplace=False)
    (6): Linear(in_features=32, out_features=1, bias=True)
    (7): Sigmoid()
  )
)
/group/pmc021/amunif/epi-thesis/workflow/09_Learning_to_Rank/output/E066/model/batch-mode-dol1l2-0.2-checkpoint-1000000-100-64-0.005-0.001.pt exists. Resuming training from epoch 2.
Epoch [3/100] - [TRAIN] Loss: 0.5238, Accuracy: 75.70%, AUC: 0.76 [VAL] Loss: 0.5173, Accuracy: 76.00%, Precision: 0.76, Recall: 0.74, F1-Score: 0.75, AUC: 0.76
Epoch [4/100] - [TRAIN] Loss: 0.5201, Accuracy: 75.92%, AUC: 0.76 [VAL] Loss: 0.5120, Accuracy: 76.28%, Precision: 0.77, Recall: 0.73, F1-Score: 0.75, AUC: 0.76
Epoch [5/100] - [TRAIN] Loss: 0.5165, Accuracy: 76.13%, AUC: 0.76 [VAL] Loss: 0.5074, Accuracy: 76.69%, Precision: 0.78, Recall: 0.74, F1-Score: 0.75, AUC: 0.77
Epoch [6/100] - [TRAIN] Loss: 0.5142, Accuracy: 76.23%, AUC: 0.76 [VAL] Loss: 0.5093, Accuracy: 76.53%, Precision: 0.77, Recall: 0.73, F1-Score: 0.75, AUC: 0.76
Epoch [7/100] - [TRAIN] Loss: 0.5117, Accuracy: 76.38%, AUC: 0.76 [VAL] Loss: 0.5082, Accuracy: 76.45%, Precision: 0.77, Recall: 0.73, F1-Score: 0.75, AUC: 0.76
Epoch [8/100] - [TRAIN] Loss: 0.5100, Accuracy: 76.40%, AUC: 0.76 [VAL] Loss: 0.5094, Accuracy: 76.53%, Precision: 0.77, Recall: 0.74, F1-Score: 0.76, AUC: 0.76
Epoch [9/100] - [TRAIN] Loss: 0.5075, Accuracy: 76.56%, AUC: 0.76 [VAL] Loss: 0.5062, Accuracy: 76.72%, Precision: 0.77, Recall: 0.74, F1-Score: 0.76, AUC: 0.77
Epoch [10/100] - [TRAIN] Loss: 0.5051, Accuracy: 76.67%, AUC: 0.77 [VAL] Loss: 0.5036, Accuracy: 76.86%, Precision: 0.77, Recall: 0.75, F1-Score: 0.76, AUC: 0.77
Epoch [11/100] - [TRAIN] Loss: 0.5044, Accuracy: 76.78%, AUC: 0.77 [VAL] Loss: 0.5058, Accuracy: 76.88%, Precision: 0.77, Recall: 0.74, F1-Score: 0.76, AUC: 0.77
Epoch [12/100] - [TRAIN] Loss: 0.5027, Accuracy: 76.76%, AUC: 0.77 [VAL] Loss: 0.5050, Accuracy: 76.61%, Precision: 0.78, Recall: 0.73, F1-Score: 0.75, AUC: 0.77
Epoch [13/100] - [TRAIN] Loss: 0.5008, Accuracy: 76.94%, AUC: 0.77 [VAL] Loss: 0.5019, Accuracy: 76.96%, Precision: 0.78, Recall: 0.74, F1-Score: 0.76, AUC: 0.77
Epoch [14/100] - [TRAIN] Loss: 0.4987, Accuracy: 77.01%, AUC: 0.77 [VAL] Loss: 0.5030, Accuracy: 76.94%, Precision: 0.78, Recall: 0.73, F1-Score: 0.76, AUC: 0.77
Epoch [15/100] - [TRAIN] Loss: 0.4988, Accuracy: 76.93%, AUC: 0.77 [VAL] Loss: 0.5033, Accuracy: 76.67%, Precision: 0.78, Recall: 0.72, F1-Score: 0.75, AUC: 0.77
Epoch [16/100] - [TRAIN] Loss: 0.4976, Accuracy: 77.04%, AUC: 0.77 [VAL] Loss: 0.5028, Accuracy: 76.76%, Precision: 0.78, Recall: 0.73, F1-Score: 0.75, AUC: 0.77
Epoch [17/100] - [TRAIN] Loss: 0.4962, Accuracy: 77.13%, AUC: 0.77 [VAL] Loss: 0.5039, Accuracy: 76.72%, Precision: 0.77, Recall: 0.74, F1-Score: 0.76, AUC: 0.77
Epoch [18/100] - [TRAIN] Loss: 0.4936, Accuracy: 77.17%, AUC: 0.77 [VAL] Loss: 0.5016, Accuracy: 76.88%, Precision: 0.78, Recall: 0.74, F1-Score: 0.76, AUC: 0.77
Epoch [19/100] - [TRAIN] Loss: 0.4922, Accuracy: 77.34%, AUC: 0.77 [VAL] Loss: 0.4993, Accuracy: 77.02%, Precision: 0.79, Recall: 0.72, F1-Score: 0.75, AUC: 0.77
Epoch [20/100] - [TRAIN] Loss: 0.4915, Accuracy: 77.35%, AUC: 0.77 [VAL] Loss: 0.4987, Accuracy: 76.84%, Precision: 0.77, Recall: 0.75, F1-Score: 0.76, AUC: 0.77
Epoch [21/100] - [TRAIN] Loss: 0.4906, Accuracy: 77.38%, AUC: 0.77 [VAL] Loss: 0.5011, Accuracy: 77.05%, Precision: 0.77, Recall: 0.75, F1-Score: 0.76, AUC: 0.77
Epoch [22/100] - [TRAIN] Loss: 0.4893, Accuracy: 77.44%, AUC: 0.77 [VAL] Loss: 0.5019, Accuracy: 76.75%, Precision: 0.78, Recall: 0.74, F1-Score: 0.76, AUC: 0.77
Epoch [23/100] - [TRAIN] Loss: 0.4873, Accuracy: 77.59%, AUC: 0.78 [VAL] Loss: 0.5017, Accuracy: 76.83%, Precision: 0.79, Recall: 0.72, F1-Score: 0.75, AUC: 0.77
Epoch [24/100] - [TRAIN] Loss: 0.4868, Accuracy: 77.58%, AUC: 0.78 [VAL] Loss: 0.5047, Accuracy: 76.80%, Precision: 0.76, Recall: 0.78, F1-Score: 0.77, AUC: 0.77
Epoch [25/100] - [TRAIN] Loss: 0.4861, Accuracy: 77.62%, AUC: 0.78 [VAL] Loss: 0.5034, Accuracy: 76.71%, Precision: 0.78, Recall: 0.73, F1-Score: 0.75, AUC: 0.77
Epoch [26/100] - [TRAIN] Loss: 0.4862, Accuracy: 77.56%, AUC: 0.78 [VAL] Loss: 0.5035, Accuracy: 76.78%, Precision: 0.77, Recall: 0.76, F1-Score: 0.76, AUC: 0.77
Epoch [27/100] - [TRAIN] Loss: 0.4847, Accuracy: 77.62%, AUC: 0.78 [VAL] Loss: 0.5023, Accuracy: 76.82%, Precision: 0.78, Recall: 0.74, F1-Score: 0.76, AUC: 0.77
Epoch [28/100] - [TRAIN] Loss: 0.4831, Accuracy: 77.74%, AUC: 0.78 [VAL] Loss: 0.5007, Accuracy: 77.00%, Precision: 0.78, Recall: 0.74, F1-Score: 0.76, AUC: 0.77
Epoch [29/100] - [TRAIN] Loss: 0.4818, Accuracy: 77.82%, AUC: 0.78 [VAL] Loss: 0.4982, Accuracy: 76.95%, Precision: 0.78, Recall: 0.74, F1-Score: 0.76, AUC: 0.77
Epoch [30/100] - [TRAIN] Loss: 0.4817, Accuracy: 77.85%, AUC: 0.78 [VAL] Loss: 0.5016, Accuracy: 76.82%, Precision: 0.78, Recall: 0.73, F1-Score: 0.76, AUC: 0.77
Epoch [31/100] - [TRAIN] Loss: 0.4814, Accuracy: 77.89%, AUC: 0.78 [VAL] Loss: 0.5033, Accuracy: 76.52%, Precision: 0.77, Recall: 0.74, F1-Score: 0.75, AUC: 0.76
Epoch [32/100] - [TRAIN] Loss: 0.4806, Accuracy: 77.94%, AUC: 0.78 [VAL] Loss: 0.5047, Accuracy: 76.66%, Precision: 0.77, Recall: 0.75, F1-Score: 0.76, AUC: 0.77
Epoch [33/100] - [TRAIN] Loss: 0.4821, Accuracy: 77.83%, AUC: 0.78 [VAL] Loss: 0.4990, Accuracy: 76.82%, Precision: 0.77, Recall: 0.74, F1-Score: 0.76, AUC: 0.77
Epoch [34/100] - [TRAIN] Loss: 0.4823, Accuracy: 77.78%, AUC: 0.78 [VAL] Loss: 0.5013, Accuracy: 76.90%, Precision: 0.78, Recall: 0.74, F1-Score: 0.76, AUC: 0.77
Epoch [35/100] - [TRAIN] Loss: 0.4812, Accuracy: 77.83%, AUC: 0.78 [VAL] Loss: 0.5037, Accuracy: 76.70%, Precision: 0.77, Recall: 0.74, F1-Score: 0.76, AUC: 0.77
Epoch [36/100] - [TRAIN] Loss: 0.4811, Accuracy: 77.90%, AUC: 0.78 [VAL] Loss: 0.5006, Accuracy: 77.01%, Precision: 0.78, Recall: 0.74, F1-Score: 0.76, AUC: 0.77
Epoch [37/100] - [TRAIN] Loss: 0.4811, Accuracy: 77.81%, AUC: 0.78 [VAL] Loss: 0.5014, Accuracy: 76.84%, Precision: 0.77, Recall: 0.74, F1-Score: 0.76, AUC: 0.77
Epoch [38/100] - [TRAIN] Loss: 0.4804, Accuracy: 77.93%, AUC: 0.78 [VAL] Loss: 0.5041, Accuracy: 76.73%, Precision: 0.77, Recall: 0.74, F1-Score: 0.76, AUC: 0.77
Epoch [39/100] - [TRAIN] Loss: 0.4812, Accuracy: 77.87%, AUC: 0.78 [VAL] Loss: 0.5028, Accuracy: 76.76%, Precision: 0.77, Recall: 0.74, F1-Score: 0.76, AUC: 0.77
Epoch [40/100] - [TRAIN] Loss: 0.4820, Accuracy: 77.80%, AUC: 0.78 [VAL] Loss: 0.5000, Accuracy: 76.71%, Precision: 0.78, Recall: 0.74, F1-Score: 0.76, AUC: 0.77
Epoch [41/100] - [TRAIN] Loss: 0.4814, Accuracy: 77.82%, AUC: 0.78 [VAL] Loss: 0.4967, Accuracy: 77.03%, Precision: 0.78, Recall: 0.74, F1-Score: 0.76, AUC: 0.77
Epoch [42/100] - [TRAIN] Loss: 0.4808, Accuracy: 77.83%, AUC: 0.78 [VAL] Loss: 0.5001, Accuracy: 76.92%, Precision: 0.78, Recall: 0.74, F1-Score: 0.76, AUC: 0.77
Epoch [43/100] - [TRAIN] Loss: 0.4807, Accuracy: 77.91%, AUC: 0.78 [VAL] Loss: 0.5001, Accuracy: 76.89%, Precision: 0.78, Recall: 0.74, F1-Score: 0.76, AUC: 0.77
Epoch [44/100] - [TRAIN] Loss: 0.4812, Accuracy: 77.84%, AUC: 0.78 [VAL] Loss: 0.4988, Accuracy: 76.90%, Precision: 0.78, Recall: 0.74, F1-Score: 0.76, AUC: 0.77
Epoch [45/100] - [TRAIN] Loss: 0.4804, Accuracy: 77.92%, AUC: 0.78 [VAL] Loss: 0.5012, Accuracy: 76.75%, Precision: 0.77, Recall: 0.74, F1-Score: 0.76, AUC: 0.77
Epoch [46/100] - [TRAIN] Loss: 0.4806, Accuracy: 77.89%, AUC: 0.78 [VAL] Loss: 0.4973, Accuracy: 76.98%, Precision: 0.78, Recall: 0.74, F1-Score: 0.76, AUC: 0.77
Epoch [47/100] - [TRAIN] Loss: 0.4801, Accuracy: 77.89%, AUC: 0.78 [VAL] Loss: 0.5035, Accuracy: 76.82%, Precision: 0.78, Recall: 0.74, F1-Score: 0.76, AUC: 0.77
Epoch [48/100] - [TRAIN] Loss: 0.4800, Accuracy: 77.90%, AUC: 0.78 [VAL] Loss: 0.5014, Accuracy: 76.80%, Precision: 0.77, Recall: 0.74, F1-Score: 0.76, AUC: 0.77
Epoch [49/100] - [TRAIN] Loss: 0.4816, Accuracy: 77.87%, AUC: 0.78 [VAL] Loss: 0.5003, Accuracy: 76.93%, Precision: 0.78, Recall: 0.74, F1-Score: 0.76, AUC: 0.77
Epoch [50/100] - [TRAIN] Loss: 0.4814, Accuracy: 77.85%, AUC: 0.78 [VAL] Loss: 0.5002, Accuracy: 76.87%, Precision: 0.78, Recall: 0.74, F1-Score: 0.76, AUC: 0.77
Epoch [51/100] - [TRAIN] Loss: 0.4811, Accuracy: 77.86%, AUC: 0.78 [VAL] Loss: 0.4997, Accuracy: 77.02%, Precision: 0.78, Recall: 0.74, F1-Score: 0.76, AUC: 0.77
Epoch [52/100] - [TRAIN] Loss: 0.4812, Accuracy: 77.85%, AUC: 0.78 [VAL] Loss: 0.5029, Accuracy: 76.80%, Precision: 0.77, Recall: 0.74, F1-Score: 0.76, AUC: 0.77
Epoch [53/100] - [TRAIN] Loss: 0.4803, Accuracy: 77.87%, AUC: 0.78 [VAL] Loss: 0.5042, Accuracy: 76.56%, Precision: 0.77, Recall: 0.74, F1-Score: 0.75, AUC: 0.76
Epoch [54/100] - [TRAIN] Loss: 0.4812, Accuracy: 77.88%, AUC: 0.78 [VAL] Loss: 0.5020, Accuracy: 76.79%, Precision: 0.77, Recall: 0.74, F1-Score: 0.76, AUC: 0.77
Epoch [55/100] - [TRAIN] Loss: 0.4813, Accuracy: 77.82%, AUC: 0.78 [VAL] Loss: 0.4994, Accuracy: 76.88%, Precision: 0.77, Recall: 0.74, F1-Score: 0.76, AUC: 0.77
Epoch [56/100] - [TRAIN] Loss: 0.4810, Accuracy: 77.87%, AUC: 0.78 [VAL] Loss: 0.4967, Accuracy: 77.19%, Precision: 0.78, Recall: 0.74, F1-Score: 0.76, AUC: 0.77
Epoch [57/100] - [TRAIN] Loss: 0.4810, Accuracy: 77.82%, AUC: 0.78 [VAL] Loss: 0.5004, Accuracy: 76.75%, Precision: 0.77, Recall: 0.74, F1-Score: 0.76, AUC: 0.77
Epoch [58/100] - [TRAIN] Loss: 0.4797, Accuracy: 77.97%, AUC: 0.78 [VAL] Loss: 0.5019, Accuracy: 76.81%, Precision: 0.78, Recall: 0.74, F1-Score: 0.76, AUC: 0.77
Epoch [59/100] - [TRAIN] Loss: 0.4796, Accuracy: 77.97%, AUC: 0.78 [VAL] Loss: 0.5020, Accuracy: 76.67%, Precision: 0.77, Recall: 0.74, F1-Score: 0.76, AUC: 0.77
Epoch [60/100] - [TRAIN] Loss: 0.4818, Accuracy: 77.81%, AUC: 0.78 [VAL] Loss: 0.4976, Accuracy: 77.01%, Precision: 0.78, Recall: 0.74, F1-Score: 0.76, AUC: 0.77
Epoch [61/100] - [TRAIN] Loss: 0.4803, Accuracy: 77.92%, AUC: 0.78 [VAL] Loss: 0.4990, Accuracy: 76.88%, Precision: 0.78, Recall: 0.74, F1-Score: 0.76, AUC: 0.77
Epoch [62/100] - [TRAIN] Loss: 0.4800, Accuracy: 77.96%, AUC: 0.78 [VAL] Loss: 0.5003, Accuracy: 76.89%, Precision: 0.77, Recall: 0.74, F1-Score: 0.76, AUC: 0.77
Epoch [63/100] - [TRAIN] Loss: 0.4803, Accuracy: 78.00%, AUC: 0.78 [VAL] Loss: 0.5025, Accuracy: 76.70%, Precision: 0.77, Recall: 0.74, F1-Score: 0.76, AUC: 0.77
Epoch [64/100] - [TRAIN] Loss: 0.4814, Accuracy: 77.82%, AUC: 0.78 [VAL] Loss: 0.5003, Accuracy: 76.87%, Precision: 0.78, Recall: 0.74, F1-Score: 0.76, AUC: 0.77
Epoch [65/100] - [TRAIN] Loss: 0.4812, Accuracy: 77.84%, AUC: 0.78 [VAL] Loss: 0.4990, Accuracy: 76.92%, Precision: 0.77, Recall: 0.74, F1-Score: 0.76, AUC: 0.77
Epoch [66/100] - [TRAIN] Loss: 0.4814, Accuracy: 77.86%, AUC: 0.78 [VAL] Loss: 0.5001, Accuracy: 76.96%, Precision: 0.78, Recall: 0.74, F1-Score: 0.76, AUC: 0.77
Epoch [67/100] - [TRAIN] Loss: 0.4809, Accuracy: 77.89%, AUC: 0.78 [VAL] Loss: 0.5045, Accuracy: 76.68%, Precision: 0.77, Recall: 0.74, F1-Score: 0.76, AUC: 0.77
Epoch [68/100] - [TRAIN] Loss: 0.4809, Accuracy: 77.86%, AUC: 0.78 [VAL] Loss: 0.5024, Accuracy: 76.55%, Precision: 0.77, Recall: 0.74, F1-Score: 0.75, AUC: 0.76
Epoch [69/100] - [TRAIN] Loss: 0.4809, Accuracy: 77.87%, AUC: 0.78 [VAL] Loss: 0.4988, Accuracy: 77.01%, Precision: 0.78, Recall: 0.74, F1-Score: 0.76, AUC: 0.77
Epoch [70/100] - [TRAIN] Loss: 0.4806, Accuracy: 77.93%, AUC: 0.78 [VAL] Loss: 0.4999, Accuracy: 76.94%, Precision: 0.78, Recall: 0.74, F1-Score: 0.76, AUC: 0.77
Epoch [71/100] - [TRAIN] Loss: 0.4803, Accuracy: 77.88%, AUC: 0.78 [VAL] Loss: 0.5020, Accuracy: 76.77%, Precision: 0.77, Recall: 0.74, F1-Score: 0.76, AUC: 0.77
Epoch [72/100] - [TRAIN] Loss: 0.4807, Accuracy: 77.87%, AUC: 0.78 [VAL] Loss: 0.4987, Accuracy: 77.16%, Precision: 0.78, Recall: 0.74, F1-Score: 0.76, AUC: 0.77
Epoch [73/100] - [TRAIN] Loss: 0.4809, Accuracy: 77.88%, AUC: 0.78 [VAL] Loss: 0.5034, Accuracy: 76.71%, Precision: 0.78, Recall: 0.74, F1-Score: 0.76, AUC: 0.77
Epoch [74/100] - [TRAIN] Loss: 0.4812, Accuracy: 77.87%, AUC: 0.78 [VAL] Loss: 0.5000, Accuracy: 76.79%, Precision: 0.78, Recall: 0.74, F1-Score: 0.76, AUC: 0.77
Epoch [75/100] - [TRAIN] Loss: 0.4802, Accuracy: 77.93%, AUC: 0.78 [VAL] Loss: 0.5025, Accuracy: 76.75%, Precision: 0.77, Recall: 0.74, F1-Score: 0.76, AUC: 0.77
Epoch [76/100] - [TRAIN] Loss: 0.4802, Accuracy: 77.89%, AUC: 0.78 [VAL] Loss: 0.4988, Accuracy: 76.90%, Precision: 0.78, Recall: 0.74, F1-Score: 0.76, AUC: 0.77
Epoch [77/100] - [TRAIN] Loss: 0.4811, Accuracy: 77.86%, AUC: 0.78 [VAL] Loss: 0.4984, Accuracy: 77.01%, Precision: 0.77, Recall: 0.74, F1-Score: 0.76, AUC: 0.77
Epoch [78/100] - [TRAIN] Loss: 0.4811, Accuracy: 77.87%, AUC: 0.78 [VAL] Loss: 0.4987, Accuracy: 76.98%, Precision: 0.77, Recall: 0.74, F1-Score: 0.76, AUC: 0.77
Epoch [79/100] - [TRAIN] Loss: 0.4806, Accuracy: 77.88%, AUC: 0.78 [VAL] Loss: 0.5017, Accuracy: 76.91%, Precision: 0.77, Recall: 0.74, F1-Score: 0.76, AUC: 0.77
Epoch [80/100] - [TRAIN] Loss: 0.4808, Accuracy: 77.83%, AUC: 0.78 [VAL] Loss: 0.5004, Accuracy: 76.82%, Precision: 0.77, Recall: 0.74, F1-Score: 0.76, AUC: 0.77
Epoch [81/100] - [TRAIN] Loss: 0.4813, Accuracy: 77.81%, AUC: 0.78 [VAL] Loss: 0.5019, Accuracy: 76.77%, Precision: 0.77, Recall: 0.74, F1-Score: 0.76, AUC: 0.77
Epoch [82/100] - [TRAIN] Loss: 0.4812, Accuracy: 77.88%, AUC: 0.78 [VAL] Loss: 0.4971, Accuracy: 77.01%, Precision: 0.78, Recall: 0.74, F1-Score: 0.76, AUC: 0.77
Epoch [83/100] - [TRAIN] Loss: 0.4813, Accuracy: 77.82%, AUC: 0.78 [VAL] Loss: 0.4985, Accuracy: 76.95%, Precision: 0.77, Recall: 0.74, F1-Score: 0.76, AUC: 0.77
Epoch [84/100] - [TRAIN] Loss: 0.4819, Accuracy: 77.78%, AUC: 0.78 [VAL] Loss: 0.5003, Accuracy: 76.72%, Precision: 0.77, Recall: 0.74, F1-Score: 0.75, AUC: 0.77
Epoch [85/100] - [TRAIN] Loss: 0.4802, Accuracy: 77.94%, AUC: 0.78 [VAL] Loss: 0.5006, Accuracy: 76.76%, Precision: 0.77, Recall: 0.74, F1-Score: 0.76, AUC: 0.77
Epoch [86/100] - [TRAIN] Loss: 0.4808, Accuracy: 77.83%, AUC: 0.78 [VAL] Loss: 0.5027, Accuracy: 76.74%, Precision: 0.77, Recall: 0.74, F1-Score: 0.76, AUC: 0.77
Epoch [87/100] - [TRAIN] Loss: 0.4809, Accuracy: 77.88%, AUC: 0.78 [VAL] Loss: 0.5044, Accuracy: 76.58%, Precision: 0.77, Recall: 0.74, F1-Score: 0.75, AUC: 0.77
Epoch [88/100] - [TRAIN] Loss: 0.4813, Accuracy: 77.83%, AUC: 0.78 [VAL] Loss: 0.5029, Accuracy: 76.79%, Precision: 0.78, Recall: 0.74, F1-Score: 0.76, AUC: 0.77
Epoch [89/100] - [TRAIN] Loss: 0.4810, Accuracy: 77.89%, AUC: 0.78 [VAL] Loss: 0.4994, Accuracy: 77.02%, Precision: 0.78, Recall: 0.74, F1-Score: 0.76, AUC: 0.77
Epoch [90/100] - [TRAIN] Loss: 0.4807, Accuracy: 77.87%, AUC: 0.78 [VAL] Loss: 0.4986, Accuracy: 76.82%, Precision: 0.78, Recall: 0.74, F1-Score: 0.76, AUC: 0.77
Epoch [91/100] - [TRAIN] Loss: 0.4820, Accuracy: 77.80%, AUC: 0.78 [VAL] Loss: 0.4988, Accuracy: 77.12%, Precision: 0.78, Recall: 0.74, F1-Score: 0.76, AUC: 0.77
Epoch [92/100] - [TRAIN] Loss: 0.4800, Accuracy: 77.97%, AUC: 0.78 [VAL] Loss: 0.4974, Accuracy: 77.07%, Precision: 0.78, Recall: 0.74, F1-Score: 0.76, AUC: 0.77
Epoch [93/100] - [TRAIN] Loss: 0.4807, Accuracy: 77.90%, AUC: 0.78 [VAL] Loss: 0.4985, Accuracy: 77.00%, Precision: 0.78, Recall: 0.74, F1-Score: 0.76, AUC: 0.77
Epoch [94/100] - [TRAIN] Loss: 0.4806, Accuracy: 77.89%, AUC: 0.78 [VAL] Loss: 0.4990, Accuracy: 77.01%, Precision: 0.78, Recall: 0.74, F1-Score: 0.76, AUC: 0.77
Epoch [95/100] - [TRAIN] Loss: 0.4802, Accuracy: 77.91%, AUC: 0.78 [VAL] Loss: 0.5015, Accuracy: 76.56%, Precision: 0.77, Recall: 0.74, F1-Score: 0.75, AUC: 0.76
Epoch [96/100] - [TRAIN] Loss: 0.4798, Accuracy: 77.94%, AUC: 0.78 [VAL] Loss: 0.4996, Accuracy: 77.00%, Precision: 0.78, Recall: 0.74, F1-Score: 0.76, AUC: 0.77
Epoch [97/100] - [TRAIN] Loss: 0.4814, Accuracy: 77.85%, AUC: 0.78 [VAL] Loss: 0.5012, Accuracy: 76.82%, Precision: 0.78, Recall: 0.74, F1-Score: 0.76, AUC: 0.77
Epoch [98/100] - [TRAIN] Loss: 0.4805, Accuracy: 77.93%, AUC: 0.78 [VAL] Loss: 0.5013, Accuracy: 76.97%, Precision: 0.77, Recall: 0.74, F1-Score: 0.76, AUC: 0.77
Epoch [99/100] - [TRAIN] Loss: 0.4798, Accuracy: 77.92%, AUC: 0.78 [VAL] Loss: 0.5046, Accuracy: 76.59%, Precision: 0.77, Recall: 0.74, F1-Score: 0.75, AUC: 0.77
Epoch [100/100] - [TRAIN] Loss: 0.4800, Accuracy: 77.94%, AUC: 0.78 [VAL] Loss: 0.5006, Accuracy: 76.83%, Precision: 0.78, Recall: 0.74, F1-Score: 0.76, AUC: 0.77
Accuracy Score on test set: 77.62 %
AUC Score on test set: 0.78
Precision: 0.7827
Recall: 0.7508
F1-Score: 0.7664

Detailed Classification Report:
              precision    recall  f1-score   support

           0       0.77      0.80      0.79     51101
           1       0.78      0.75      0.77     48899

    accuracy                           0.78    100000
   macro avg       0.78      0.78      0.78    100000
weighted avg       0.78      0.78      0.78    100000


Confusion Matrix:
[[40910 10191]
 [12187 36712]]


Real-time duration: 9492.475755955 seconds
