Using device: cuda
Current CUDA device: 0
CUDA device name: Tesla P100-SXM2-16GB
/group/pmc021/amunif/epi-thesis/workflow/09_Learning_to_Rank/output/E066/model/batch-mode-dol1l2-0.2-checkpoint-1000000-100-32-0.005-0.001.pt
BinaryClassifierDropOutL1L2(
  (network): Sequential(
    (0): Linear(in_features=1000, out_features=64, bias=True)
    (1): LeakyReLU(negative_slope=0.1)
    (2): Dropout(p=0.2, inplace=False)
    (3): Linear(in_features=64, out_features=32, bias=True)
    (4): LeakyReLU(negative_slope=0.1)
    (5): Dropout(p=0.2, inplace=False)
    (6): Linear(in_features=32, out_features=1, bias=True)
    (7): Sigmoid()
  )
)
Epoch [1/100] - [TRAIN] Loss: 0.5382, Accuracy: 74.85%, AUC: 0.75 [VAL] Loss: 0.5211, Accuracy: 75.85%, Precision: 0.76, Recall: 0.74, F1-Score: 0.75, AUC: 0.76
Epoch [2/100] - [TRAIN] Loss: 0.5218, Accuracy: 75.83%, AUC: 0.76 [VAL] Loss: 0.5118, Accuracy: 76.09%, Precision: 0.78, Recall: 0.72, F1-Score: 0.75, AUC: 0.76
Epoch [3/100] - [TRAIN] Loss: 0.5166, Accuracy: 76.05%, AUC: 0.76 [VAL] Loss: 0.5089, Accuracy: 76.37%, Precision: 0.77, Recall: 0.73, F1-Score: 0.75, AUC: 0.76
Epoch [4/100] - [TRAIN] Loss: 0.5109, Accuracy: 76.35%, AUC: 0.76 [VAL] Loss: 0.5040, Accuracy: 76.80%, Precision: 0.78, Recall: 0.73, F1-Score: 0.75, AUC: 0.77
Epoch [5/100] - [TRAIN] Loss: 0.5071, Accuracy: 76.50%, AUC: 0.76 [VAL] Loss: 0.5045, Accuracy: 76.87%, Precision: 0.77, Recall: 0.75, F1-Score: 0.76, AUC: 0.77
Epoch [6/100] - [TRAIN] Loss: 0.5046, Accuracy: 76.65%, AUC: 0.77 [VAL] Loss: 0.5025, Accuracy: 76.70%, Precision: 0.77, Recall: 0.75, F1-Score: 0.76, AUC: 0.77
Epoch [7/100] - [TRAIN] Loss: 0.5009, Accuracy: 76.84%, AUC: 0.77 [VAL] Loss: 0.5051, Accuracy: 76.57%, Precision: 0.77, Recall: 0.74, F1-Score: 0.75, AUC: 0.77
Epoch [8/100] - [TRAIN] Loss: 0.5000, Accuracy: 76.89%, AUC: 0.77 [VAL] Loss: 0.5054, Accuracy: 76.70%, Precision: 0.78, Recall: 0.73, F1-Score: 0.75, AUC: 0.77
Epoch [9/100] - [TRAIN] Loss: 0.4974, Accuracy: 77.03%, AUC: 0.77 [VAL] Loss: 0.4993, Accuracy: 77.00%, Precision: 0.78, Recall: 0.74, F1-Score: 0.76, AUC: 0.77
Epoch [10/100] - [TRAIN] Loss: 0.4949, Accuracy: 77.08%, AUC: 0.77 [VAL] Loss: 0.5007, Accuracy: 76.96%, Precision: 0.79, Recall: 0.73, F1-Score: 0.76, AUC: 0.77
Epoch [11/100] - [TRAIN] Loss: 0.4935, Accuracy: 77.25%, AUC: 0.77 [VAL] Loss: 0.5020, Accuracy: 76.80%, Precision: 0.78, Recall: 0.73, F1-Score: 0.76, AUC: 0.77
Epoch [12/100] - [TRAIN] Loss: 0.4915, Accuracy: 77.26%, AUC: 0.77 [VAL] Loss: 0.5029, Accuracy: 76.73%, Precision: 0.77, Recall: 0.75, F1-Score: 0.76, AUC: 0.77
Epoch [13/100] - [TRAIN] Loss: 0.4882, Accuracy: 77.49%, AUC: 0.77 [VAL] Loss: 0.5024, Accuracy: 76.59%, Precision: 0.78, Recall: 0.72, F1-Score: 0.75, AUC: 0.76
Epoch [14/100] - [TRAIN] Loss: 0.4876, Accuracy: 77.51%, AUC: 0.77 [VAL] Loss: 0.4998, Accuracy: 76.82%, Precision: 0.77, Recall: 0.74, F1-Score: 0.76, AUC: 0.77
Epoch [15/100] - [TRAIN] Loss: 0.4861, Accuracy: 77.52%, AUC: 0.77 [VAL] Loss: 0.5015, Accuracy: 76.73%, Precision: 0.78, Recall: 0.73, F1-Score: 0.75, AUC: 0.77
Epoch [16/100] - [TRAIN] Loss: 0.4816, Accuracy: 77.76%, AUC: 0.78 [VAL] Loss: 0.4993, Accuracy: 76.69%, Precision: 0.78, Recall: 0.74, F1-Score: 0.76, AUC: 0.77
Epoch [17/100] - [TRAIN] Loss: 0.4817, Accuracy: 77.82%, AUC: 0.78 [VAL] Loss: 0.5003, Accuracy: 76.73%, Precision: 0.77, Recall: 0.75, F1-Score: 0.76, AUC: 0.77
Epoch [18/100] - [TRAIN] Loss: 0.4807, Accuracy: 77.81%, AUC: 0.78 [VAL] Loss: 0.5033, Accuracy: 76.43%, Precision: 0.77, Recall: 0.74, F1-Score: 0.75, AUC: 0.76
Epoch [19/100] - [TRAIN] Loss: 0.4801, Accuracy: 77.87%, AUC: 0.78 [VAL] Loss: 0.4998, Accuracy: 76.89%, Precision: 0.77, Recall: 0.75, F1-Score: 0.76, AUC: 0.77
Epoch [20/100] - [TRAIN] Loss: 0.4801, Accuracy: 77.82%, AUC: 0.78 [VAL] Loss: 0.4976, Accuracy: 76.96%, Precision: 0.78, Recall: 0.74, F1-Score: 0.76, AUC: 0.77
Epoch [21/100] - [TRAIN] Loss: 0.4806, Accuracy: 77.81%, AUC: 0.78 [VAL] Loss: 0.5020, Accuracy: 76.67%, Precision: 0.78, Recall: 0.73, F1-Score: 0.76, AUC: 0.77
Epoch [22/100] - [TRAIN] Loss: 0.4815, Accuracy: 77.77%, AUC: 0.78 [VAL] Loss: 0.4975, Accuracy: 77.00%, Precision: 0.77, Recall: 0.75, F1-Score: 0.76, AUC: 0.77
Epoch [23/100] - [TRAIN] Loss: 0.4793, Accuracy: 77.86%, AUC: 0.78 [VAL] Loss: 0.4997, Accuracy: 77.00%, Precision: 0.77, Recall: 0.76, F1-Score: 0.76, AUC: 0.77
Epoch [24/100] - [TRAIN] Loss: 0.4795, Accuracy: 77.90%, AUC: 0.78 [VAL] Loss: 0.4992, Accuracy: 76.96%, Precision: 0.77, Recall: 0.75, F1-Score: 0.76, AUC: 0.77
Epoch [25/100] - [TRAIN] Loss: 0.4792, Accuracy: 77.82%, AUC: 0.78 [VAL] Loss: 0.4967, Accuracy: 77.07%, Precision: 0.78, Recall: 0.74, F1-Score: 0.76, AUC: 0.77
Epoch [26/100] - [TRAIN] Loss: 0.4791, Accuracy: 77.89%, AUC: 0.78 [VAL] Loss: 0.4956, Accuracy: 77.15%, Precision: 0.78, Recall: 0.74, F1-Score: 0.76, AUC: 0.77
Epoch [27/100] - [TRAIN] Loss: 0.4786, Accuracy: 77.91%, AUC: 0.78 [VAL] Loss: 0.4997, Accuracy: 76.70%, Precision: 0.77, Recall: 0.74, F1-Score: 0.76, AUC: 0.77
Epoch [28/100] - [TRAIN] Loss: 0.4789, Accuracy: 77.91%, AUC: 0.78 [VAL] Loss: 0.5044, Accuracy: 76.58%, Precision: 0.77, Recall: 0.74, F1-Score: 0.76, AUC: 0.77
Epoch [29/100] - [TRAIN] Loss: 0.4786, Accuracy: 77.93%, AUC: 0.78 [VAL] Loss: 0.4981, Accuracy: 76.92%, Precision: 0.77, Recall: 0.75, F1-Score: 0.76, AUC: 0.77
Epoch [30/100] - [TRAIN] Loss: 0.4783, Accuracy: 77.92%, AUC: 0.78 [VAL] Loss: 0.5011, Accuracy: 76.81%, Precision: 0.77, Recall: 0.74, F1-Score: 0.76, AUC: 0.77
Epoch [31/100] - [TRAIN] Loss: 0.4781, Accuracy: 77.97%, AUC: 0.78 [VAL] Loss: 0.4980, Accuracy: 76.98%, Precision: 0.77, Recall: 0.74, F1-Score: 0.76, AUC: 0.77
Epoch [32/100] - [TRAIN] Loss: 0.4779, Accuracy: 77.95%, AUC: 0.78 [VAL] Loss: 0.5007, Accuracy: 76.90%, Precision: 0.78, Recall: 0.74, F1-Score: 0.76, AUC: 0.77
Epoch [33/100] - [TRAIN] Loss: 0.4775, Accuracy: 77.94%, AUC: 0.78 [VAL] Loss: 0.4993, Accuracy: 76.80%, Precision: 0.77, Recall: 0.74, F1-Score: 0.75, AUC: 0.77
Epoch [34/100] - [TRAIN] Loss: 0.4773, Accuracy: 78.02%, AUC: 0.78 [VAL] Loss: 0.5000, Accuracy: 76.74%, Precision: 0.78, Recall: 0.74, F1-Score: 0.76, AUC: 0.77
Epoch [35/100] - [TRAIN] Loss: 0.4766, Accuracy: 78.05%, AUC: 0.78 [VAL] Loss: 0.4997, Accuracy: 76.83%, Precision: 0.77, Recall: 0.74, F1-Score: 0.76, AUC: 0.77
Epoch [36/100] - [TRAIN] Loss: 0.4774, Accuracy: 78.00%, AUC: 0.78 [VAL] Loss: 0.4995, Accuracy: 76.85%, Precision: 0.78, Recall: 0.74, F1-Score: 0.76, AUC: 0.77
Epoch [37/100] - [TRAIN] Loss: 0.4787, Accuracy: 77.89%, AUC: 0.78 [VAL] Loss: 0.4991, Accuracy: 76.94%, Precision: 0.78, Recall: 0.74, F1-Score: 0.76, AUC: 0.77
Epoch [38/100] - [TRAIN] Loss: 0.4777, Accuracy: 77.99%, AUC: 0.78 [VAL] Loss: 0.5003, Accuracy: 76.79%, Precision: 0.77, Recall: 0.74, F1-Score: 0.76, AUC: 0.77
Epoch [39/100] - [TRAIN] Loss: 0.4771, Accuracy: 77.98%, AUC: 0.78 [VAL] Loss: 0.5016, Accuracy: 76.60%, Precision: 0.77, Recall: 0.74, F1-Score: 0.76, AUC: 0.77
Epoch [40/100] - [TRAIN] Loss: 0.4772, Accuracy: 77.96%, AUC: 0.78 [VAL] Loss: 0.5047, Accuracy: 76.58%, Precision: 0.77, Recall: 0.74, F1-Score: 0.76, AUC: 0.77
Epoch [41/100] - [TRAIN] Loss: 0.4771, Accuracy: 77.98%, AUC: 0.78 [VAL] Loss: 0.5007, Accuracy: 76.82%, Precision: 0.77, Recall: 0.74, F1-Score: 0.76, AUC: 0.77
Epoch [42/100] - [TRAIN] Loss: 0.4774, Accuracy: 77.97%, AUC: 0.78 [VAL] Loss: 0.5003, Accuracy: 76.82%, Precision: 0.77, Recall: 0.74, F1-Score: 0.76, AUC: 0.77
Epoch [43/100] - [TRAIN] Loss: 0.4766, Accuracy: 78.06%, AUC: 0.78 [VAL] Loss: 0.5016, Accuracy: 76.64%, Precision: 0.77, Recall: 0.74, F1-Score: 0.76, AUC: 0.77
Epoch [44/100] - [TRAIN] Loss: 0.4780, Accuracy: 77.89%, AUC: 0.78 [VAL] Loss: 0.5014, Accuracy: 76.77%, Precision: 0.77, Recall: 0.74, F1-Score: 0.76, AUC: 0.77
Epoch [45/100] - [TRAIN] Loss: 0.4773, Accuracy: 77.98%, AUC: 0.78 [VAL] Loss: 0.5015, Accuracy: 76.68%, Precision: 0.77, Recall: 0.74, F1-Score: 0.76, AUC: 0.77
Epoch [46/100] - [TRAIN] Loss: 0.4782, Accuracy: 77.91%, AUC: 0.78 [VAL] Loss: 0.5010, Accuracy: 76.69%, Precision: 0.78, Recall: 0.74, F1-Score: 0.76, AUC: 0.77
Epoch [47/100] - [TRAIN] Loss: 0.4773, Accuracy: 77.98%, AUC: 0.78 [VAL] Loss: 0.5020, Accuracy: 76.67%, Precision: 0.77, Recall: 0.74, F1-Score: 0.76, AUC: 0.77
Epoch [48/100] - [TRAIN] Loss: 0.4775, Accuracy: 77.97%, AUC: 0.78 [VAL] Loss: 0.5000, Accuracy: 76.80%, Precision: 0.78, Recall: 0.74, F1-Score: 0.76, AUC: 0.77
Epoch [49/100] - [TRAIN] Loss: 0.4771, Accuracy: 78.00%, AUC: 0.78 [VAL] Loss: 0.5022, Accuracy: 76.78%, Precision: 0.78, Recall: 0.74, F1-Score: 0.76, AUC: 0.77
Epoch [50/100] - [TRAIN] Loss: 0.4774, Accuracy: 77.94%, AUC: 0.78 [VAL] Loss: 0.4998, Accuracy: 76.82%, Precision: 0.77, Recall: 0.75, F1-Score: 0.76, AUC: 0.77
Epoch [51/100] - [TRAIN] Loss: 0.4761, Accuracy: 78.05%, AUC: 0.78 [VAL] Loss: 0.5000, Accuracy: 76.77%, Precision: 0.77, Recall: 0.74, F1-Score: 0.76, AUC: 0.77
Epoch [52/100] - [TRAIN] Loss: 0.4780, Accuracy: 78.01%, AUC: 0.78 [VAL] Loss: 0.4994, Accuracy: 76.90%, Precision: 0.78, Recall: 0.74, F1-Score: 0.76, AUC: 0.77
Epoch [53/100] - [TRAIN] Loss: 0.4784, Accuracy: 77.89%, AUC: 0.78 [VAL] Loss: 0.4987, Accuracy: 76.78%, Precision: 0.77, Recall: 0.74, F1-Score: 0.76, AUC: 0.77
Epoch [54/100] - [TRAIN] Loss: 0.4773, Accuracy: 77.98%, AUC: 0.78 [VAL] Loss: 0.4994, Accuracy: 76.80%, Precision: 0.77, Recall: 0.74, F1-Score: 0.76, AUC: 0.77
Epoch [55/100] - [TRAIN] Loss: 0.4774, Accuracy: 77.96%, AUC: 0.78 [VAL] Loss: 0.5002, Accuracy: 76.68%, Precision: 0.77, Recall: 0.74, F1-Score: 0.75, AUC: 0.77
Epoch [56/100] - [TRAIN] Loss: 0.4777, Accuracy: 77.96%, AUC: 0.78 [VAL] Loss: 0.4997, Accuracy: 76.64%, Precision: 0.77, Recall: 0.74, F1-Score: 0.75, AUC: 0.77
Epoch [57/100] - [TRAIN] Loss: 0.4775, Accuracy: 77.97%, AUC: 0.78 [VAL] Loss: 0.4986, Accuracy: 76.92%, Precision: 0.77, Recall: 0.75, F1-Score: 0.76, AUC: 0.77
Epoch [58/100] - [TRAIN] Loss: 0.4768, Accuracy: 78.03%, AUC: 0.78 [VAL] Loss: 0.5013, Accuracy: 76.80%, Precision: 0.77, Recall: 0.74, F1-Score: 0.76, AUC: 0.77
Epoch [59/100] - [TRAIN] Loss: 0.4778, Accuracy: 77.95%, AUC: 0.78 [VAL] Loss: 0.4988, Accuracy: 76.96%, Precision: 0.77, Recall: 0.74, F1-Score: 0.76, AUC: 0.77
Epoch [60/100] - [TRAIN] Loss: 0.4775, Accuracy: 78.02%, AUC: 0.78 [VAL] Loss: 0.4992, Accuracy: 76.87%, Precision: 0.77, Recall: 0.74, F1-Score: 0.76, AUC: 0.77
Epoch [61/100] - [TRAIN] Loss: 0.4783, Accuracy: 77.93%, AUC: 0.78 [VAL] Loss: 0.5010, Accuracy: 76.74%, Precision: 0.77, Recall: 0.74, F1-Score: 0.76, AUC: 0.77
Epoch [62/100] - [TRAIN] Loss: 0.4770, Accuracy: 78.02%, AUC: 0.78 [VAL] Loss: 0.4987, Accuracy: 77.00%, Precision: 0.78, Recall: 0.74, F1-Score: 0.76, AUC: 0.77
Epoch [63/100] - [TRAIN] Loss: 0.4774, Accuracy: 78.00%, AUC: 0.78 [VAL] Loss: 0.5003, Accuracy: 76.75%, Precision: 0.77, Recall: 0.74, F1-Score: 0.76, AUC: 0.77
Epoch [64/100] - [TRAIN] Loss: 0.4766, Accuracy: 78.01%, AUC: 0.78 [VAL] Loss: 0.4984, Accuracy: 76.84%, Precision: 0.77, Recall: 0.74, F1-Score: 0.76, AUC: 0.77
Epoch [65/100] - [TRAIN] Loss: 0.4774, Accuracy: 78.00%, AUC: 0.78 [VAL] Loss: 0.4972, Accuracy: 77.15%, Precision: 0.78, Recall: 0.74, F1-Score: 0.76, AUC: 0.77
Epoch [66/100] - [TRAIN] Loss: 0.4775, Accuracy: 77.97%, AUC: 0.78 [VAL] Loss: 0.4991, Accuracy: 76.88%, Precision: 0.77, Recall: 0.74, F1-Score: 0.76, AUC: 0.77
Epoch [67/100] - [TRAIN] Loss: 0.4779, Accuracy: 77.96%, AUC: 0.78 [VAL] Loss: 0.4988, Accuracy: 76.86%, Precision: 0.78, Recall: 0.74, F1-Score: 0.76, AUC: 0.77
Epoch [68/100] - [TRAIN] Loss: 0.4775, Accuracy: 77.94%, AUC: 0.78 [VAL] Loss: 0.5010, Accuracy: 76.72%, Precision: 0.77, Recall: 0.74, F1-Score: 0.76, AUC: 0.77
Epoch [69/100] - [TRAIN] Loss: 0.4773, Accuracy: 77.99%, AUC: 0.78 [VAL] Loss: 0.5018, Accuracy: 76.94%, Precision: 0.78, Recall: 0.74, F1-Score: 0.76, AUC: 0.77
Epoch [70/100] - [TRAIN] Loss: 0.4766, Accuracy: 78.04%, AUC: 0.78 [VAL] Loss: 0.4988, Accuracy: 76.77%, Precision: 0.77, Recall: 0.74, F1-Score: 0.76, AUC: 0.77
Epoch [71/100] - [TRAIN] Loss: 0.4775, Accuracy: 77.98%, AUC: 0.78 [VAL] Loss: 0.4976, Accuracy: 77.07%, Precision: 0.78, Recall: 0.74, F1-Score: 0.76, AUC: 0.77
Epoch [72/100] - [TRAIN] Loss: 0.4778, Accuracy: 77.95%, AUC: 0.78 [VAL] Loss: 0.5028, Accuracy: 76.64%, Precision: 0.77, Recall: 0.74, F1-Score: 0.76, AUC: 0.77
Epoch [73/100] - [TRAIN] Loss: 0.4775, Accuracy: 77.94%, AUC: 0.78 [VAL] Loss: 0.5004, Accuracy: 76.77%, Precision: 0.77, Recall: 0.74, F1-Score: 0.76, AUC: 0.77
Epoch [74/100] - [TRAIN] Loss: 0.4777, Accuracy: 77.94%, AUC: 0.78 [VAL] Loss: 0.5024, Accuracy: 76.71%, Precision: 0.77, Recall: 0.74, F1-Score: 0.76, AUC: 0.77
Epoch [75/100] - [TRAIN] Loss: 0.4774, Accuracy: 77.98%, AUC: 0.78 [VAL] Loss: 0.5019, Accuracy: 76.61%, Precision: 0.77, Recall: 0.74, F1-Score: 0.76, AUC: 0.77
Epoch [76/100] - [TRAIN] Loss: 0.4763, Accuracy: 78.10%, AUC: 0.78 [VAL] Loss: 0.5002, Accuracy: 76.69%, Precision: 0.77, Recall: 0.74, F1-Score: 0.76, AUC: 0.77
Epoch [77/100] - [TRAIN] Loss: 0.4780, Accuracy: 77.93%, AUC: 0.78 [VAL] Loss: 0.5003, Accuracy: 76.86%, Precision: 0.78, Recall: 0.74, F1-Score: 0.76, AUC: 0.77
Epoch [78/100] - [TRAIN] Loss: 0.4760, Accuracy: 78.04%, AUC: 0.78 [VAL] Loss: 0.5032, Accuracy: 76.58%, Precision: 0.77, Recall: 0.74, F1-Score: 0.76, AUC: 0.77
Epoch [79/100] - [TRAIN] Loss: 0.4779, Accuracy: 77.92%, AUC: 0.78 [VAL] Loss: 0.5025, Accuracy: 76.74%, Precision: 0.77, Recall: 0.74, F1-Score: 0.76, AUC: 0.77
Epoch [80/100] - [TRAIN] Loss: 0.4767, Accuracy: 78.05%, AUC: 0.78 [VAL] Loss: 0.5028, Accuracy: 76.67%, Precision: 0.77, Recall: 0.74, F1-Score: 0.76, AUC: 0.77
Epoch [81/100] - [TRAIN] Loss: 0.4783, Accuracy: 77.99%, AUC: 0.78 [VAL] Loss: 0.4984, Accuracy: 76.92%, Precision: 0.78, Recall: 0.74, F1-Score: 0.76, AUC: 0.77
Epoch [82/100] - [TRAIN] Loss: 0.4770, Accuracy: 77.98%, AUC: 0.78 [VAL] Loss: 0.4977, Accuracy: 76.94%, Precision: 0.77, Recall: 0.74, F1-Score: 0.76, AUC: 0.77
Epoch [83/100] - [TRAIN] Loss: 0.4763, Accuracy: 78.05%, AUC: 0.78 [VAL] Loss: 0.5030, Accuracy: 76.62%, Precision: 0.77, Recall: 0.74, F1-Score: 0.75, AUC: 0.77
Epoch [84/100] - [TRAIN] Loss: 0.4776, Accuracy: 77.95%, AUC: 0.78 [VAL] Loss: 0.5006, Accuracy: 76.74%, Precision: 0.77, Recall: 0.74, F1-Score: 0.76, AUC: 0.77
Epoch [85/100] - [TRAIN] Loss: 0.4782, Accuracy: 77.91%, AUC: 0.78 [VAL] Loss: 0.4980, Accuracy: 76.91%, Precision: 0.78, Recall: 0.74, F1-Score: 0.76, AUC: 0.77
Epoch [86/100] - [TRAIN] Loss: 0.4776, Accuracy: 77.96%, AUC: 0.78 [VAL] Loss: 0.4993, Accuracy: 76.88%, Precision: 0.77, Recall: 0.74, F1-Score: 0.76, AUC: 0.77
Epoch [87/100] - [TRAIN] Loss: 0.4785, Accuracy: 77.92%, AUC: 0.78 [VAL] Loss: 0.5019, Accuracy: 76.70%, Precision: 0.77, Recall: 0.74, F1-Score: 0.76, AUC: 0.77
Epoch [88/100] - [TRAIN] Loss: 0.4775, Accuracy: 77.96%, AUC: 0.78 [VAL] Loss: 0.5013, Accuracy: 76.82%, Precision: 0.77, Recall: 0.74, F1-Score: 0.76, AUC: 0.77
Epoch [89/100] - [TRAIN] Loss: 0.4767, Accuracy: 78.03%, AUC: 0.78 [VAL] Loss: 0.5021, Accuracy: 76.71%, Precision: 0.77, Recall: 0.74, F1-Score: 0.76, AUC: 0.77
Epoch [90/100] - [TRAIN] Loss: 0.4768, Accuracy: 78.06%, AUC: 0.78 [VAL] Loss: 0.5007, Accuracy: 76.74%, Precision: 0.77, Recall: 0.74, F1-Score: 0.76, AUC: 0.77
Epoch [91/100] - [TRAIN] Loss: 0.4775, Accuracy: 77.99%, AUC: 0.78 [VAL] Loss: 0.4990, Accuracy: 77.00%, Precision: 0.78, Recall: 0.74, F1-Score: 0.76, AUC: 0.77
Epoch [92/100] - [TRAIN] Loss: 0.4766, Accuracy: 78.00%, AUC: 0.78 [VAL] Loss: 0.5006, Accuracy: 76.77%, Precision: 0.78, Recall: 0.74, F1-Score: 0.76, AUC: 0.77
Epoch [93/100] - [TRAIN] Loss: 0.4770, Accuracy: 77.94%, AUC: 0.78 [VAL] Loss: 0.5004, Accuracy: 76.87%, Precision: 0.77, Recall: 0.74, F1-Score: 0.76, AUC: 0.77
Epoch [94/100] - [TRAIN] Loss: 0.4763, Accuracy: 78.01%, AUC: 0.78 [VAL] Loss: 0.5002, Accuracy: 76.90%, Precision: 0.77, Recall: 0.74, F1-Score: 0.76, AUC: 0.77
Epoch [95/100] - [TRAIN] Loss: 0.4768, Accuracy: 77.97%, AUC: 0.78 [VAL] Loss: 0.5007, Accuracy: 76.71%, Precision: 0.77, Recall: 0.74, F1-Score: 0.76, AUC: 0.77
Epoch [96/100] - [TRAIN] Loss: 0.4771, Accuracy: 78.00%, AUC: 0.78 [VAL] Loss: 0.5002, Accuracy: 76.72%, Precision: 0.77, Recall: 0.74, F1-Score: 0.76, AUC: 0.77
Epoch [97/100] - [TRAIN] Loss: 0.4769, Accuracy: 77.99%, AUC: 0.78 [VAL] Loss: 0.5040, Accuracy: 76.45%, Precision: 0.77, Recall: 0.74, F1-Score: 0.75, AUC: 0.76
Epoch [98/100] - [TRAIN] Loss: 0.4776, Accuracy: 77.92%, AUC: 0.78 [VAL] Loss: 0.4994, Accuracy: 76.75%, Precision: 0.77, Recall: 0.74, F1-Score: 0.76, AUC: 0.77
Epoch [99/100] - [TRAIN] Loss: 0.4778, Accuracy: 77.94%, AUC: 0.78 [VAL] Loss: 0.4980, Accuracy: 76.92%, Precision: 0.78, Recall: 0.74, F1-Score: 0.76, AUC: 0.77
Epoch [100/100] - [TRAIN] Loss: 0.4781, Accuracy: 77.92%, AUC: 0.78 [VAL] Loss: 0.4999, Accuracy: 76.85%, Precision: 0.78, Recall: 0.74, F1-Score: 0.76, AUC: 0.77
Accuracy Score on test set: 77.52 %
AUC Score on test set: 0.77
Precision: 0.7800
Recall: 0.7541
F1-Score: 0.7668

Detailed Classification Report:
              precision    recall  f1-score   support

           0       0.77      0.80      0.78     50981
           1       0.78      0.75      0.77     49019

    accuracy                           0.78    100000
   macro avg       0.78      0.77      0.77    100000
weighted avg       0.78      0.78      0.78    100000


Confusion Matrix:
[[40556 10425]
 [12054 36965]]


Real-time duration: 24599.970179736 seconds
