Using device: cuda
Current CUDA device: 0
CUDA device name: Tesla P100-SXM2-16GB
/group/pmc021/amunif/epi-thesis/workflow/09_Learning_to_Rank/output/E066/model/batch-mode-dol1l2-0.2-checkpoint-1000000-100-32-0.005-0.001.pt
BinaryClassifierDropOutL1L2(
  (network): Sequential(
    (0): Linear(in_features=1000, out_features=64, bias=True)
    (1): LeakyReLU(negative_slope=0.1)
    (2): Dropout(p=0.2, inplace=False)
    (3): Linear(in_features=64, out_features=32, bias=True)
    (4): LeakyReLU(negative_slope=0.1)
    (5): Dropout(p=0.2, inplace=False)
    (6): Linear(in_features=32, out_features=1, bias=True)
    (7): Sigmoid()
  )
)
/group/pmc021/amunif/epi-thesis/workflow/09_Learning_to_Rank/output/E066/model/batch-mode-dol1l2-0.2-checkpoint-1000000-100-32-0.005-0.001.pt exists. Resuming training from epoch 1.
Epoch [2/100] - [TRAIN] Loss: 0.5231, Accuracy: 75.76%, AUC: 0.76 [VAL] Loss: 0.5135, Accuracy: 76.44%, Precision: 0.78, Recall: 0.73, F1-Score: 0.75, AUC: 0.76
Epoch [3/100] - [TRAIN] Loss: 0.5165, Accuracy: 76.09%, AUC: 0.76 [VAL] Loss: 0.5099, Accuracy: 76.39%, Precision: 0.77, Recall: 0.74, F1-Score: 0.75, AUC: 0.76
Epoch [4/100] - [TRAIN] Loss: 0.5115, Accuracy: 76.34%, AUC: 0.76 [VAL] Loss: 0.5056, Accuracy: 76.56%, Precision: 0.76, Recall: 0.76, F1-Score: 0.76, AUC: 0.77
Epoch [5/100] - [TRAIN] Loss: 0.5086, Accuracy: 76.50%, AUC: 0.76 [VAL] Loss: 0.5061, Accuracy: 76.59%, Precision: 0.77, Recall: 0.74, F1-Score: 0.76, AUC: 0.77
Epoch [6/100] - [TRAIN] Loss: 0.5049, Accuracy: 76.66%, AUC: 0.77 [VAL] Loss: 0.5047, Accuracy: 76.62%, Precision: 0.77, Recall: 0.74, F1-Score: 0.75, AUC: 0.77
Epoch [7/100] - [TRAIN] Loss: 0.5026, Accuracy: 76.79%, AUC: 0.77 [VAL] Loss: 0.5007, Accuracy: 76.90%, Precision: 0.78, Recall: 0.73, F1-Score: 0.76, AUC: 0.77
Epoch [8/100] - [TRAIN] Loss: 0.4995, Accuracy: 76.97%, AUC: 0.77 [VAL] Loss: 0.5043, Accuracy: 76.61%, Precision: 0.78, Recall: 0.72, F1-Score: 0.75, AUC: 0.77
Epoch [9/100] - [TRAIN] Loss: 0.4979, Accuracy: 77.02%, AUC: 0.77 [VAL] Loss: 0.5038, Accuracy: 76.91%, Precision: 0.77, Recall: 0.75, F1-Score: 0.76, AUC: 0.77
Epoch [10/100] - [TRAIN] Loss: 0.4966, Accuracy: 77.12%, AUC: 0.77 [VAL] Loss: 0.5106, Accuracy: 76.07%, Precision: 0.81, Recall: 0.67, F1-Score: 0.73, AUC: 0.76
Epoch [11/100] - [TRAIN] Loss: 0.4934, Accuracy: 77.22%, AUC: 0.77 [VAL] Loss: 0.5013, Accuracy: 76.94%, Precision: 0.78, Recall: 0.74, F1-Score: 0.76, AUC: 0.77
Epoch [12/100] - [TRAIN] Loss: 0.4928, Accuracy: 77.23%, AUC: 0.77 [VAL] Loss: 0.5040, Accuracy: 76.59%, Precision: 0.78, Recall: 0.73, F1-Score: 0.75, AUC: 0.77
Epoch [13/100] - [TRAIN] Loss: 0.4914, Accuracy: 77.28%, AUC: 0.77 [VAL] Loss: 0.4996, Accuracy: 77.05%, Precision: 0.78, Recall: 0.74, F1-Score: 0.76, AUC: 0.77
Epoch [14/100] - [TRAIN] Loss: 0.4887, Accuracy: 77.50%, AUC: 0.77 [VAL] Loss: 0.5036, Accuracy: 76.53%, Precision: 0.76, Recall: 0.76, F1-Score: 0.76, AUC: 0.77
Epoch [15/100] - [TRAIN] Loss: 0.4871, Accuracy: 77.56%, AUC: 0.78 [VAL] Loss: 0.5022, Accuracy: 76.63%, Precision: 0.76, Recall: 0.77, F1-Score: 0.76, AUC: 0.77
Epoch [16/100] - [TRAIN] Loss: 0.4851, Accuracy: 77.65%, AUC: 0.78 [VAL] Loss: 0.5006, Accuracy: 76.71%, Precision: 0.76, Recall: 0.76, F1-Score: 0.76, AUC: 0.77
Epoch [17/100] - [TRAIN] Loss: 0.4835, Accuracy: 77.72%, AUC: 0.78 [VAL] Loss: 0.5019, Accuracy: 76.82%, Precision: 0.78, Recall: 0.74, F1-Score: 0.76, AUC: 0.77
Epoch [18/100] - [TRAIN] Loss: 0.4824, Accuracy: 77.80%, AUC: 0.78 [VAL] Loss: 0.5023, Accuracy: 76.86%, Precision: 0.77, Recall: 0.75, F1-Score: 0.76, AUC: 0.77
Epoch [19/100] - [TRAIN] Loss: 0.4819, Accuracy: 77.85%, AUC: 0.78 [VAL] Loss: 0.5011, Accuracy: 76.86%, Precision: 0.77, Recall: 0.75, F1-Score: 0.76, AUC: 0.77
Epoch [20/100] - [TRAIN] Loss: 0.4779, Accuracy: 77.99%, AUC: 0.78 [VAL] Loss: 0.4975, Accuracy: 77.15%, Precision: 0.78, Recall: 0.75, F1-Score: 0.76, AUC: 0.77
Epoch [21/100] - [TRAIN] Loss: 0.4766, Accuracy: 78.09%, AUC: 0.78 [VAL] Loss: 0.5011, Accuracy: 76.73%, Precision: 0.77, Recall: 0.74, F1-Score: 0.76, AUC: 0.77
Epoch [22/100] - [TRAIN] Loss: 0.4764, Accuracy: 78.07%, AUC: 0.78 [VAL] Loss: 0.5001, Accuracy: 76.82%, Precision: 0.77, Recall: 0.75, F1-Score: 0.76, AUC: 0.77
Epoch [23/100] - [TRAIN] Loss: 0.4762, Accuracy: 78.06%, AUC: 0.78 [VAL] Loss: 0.4968, Accuracy: 77.18%, Precision: 0.78, Recall: 0.75, F1-Score: 0.76, AUC: 0.77
Epoch [24/100] - [TRAIN] Loss: 0.4752, Accuracy: 78.10%, AUC: 0.78 [VAL] Loss: 0.4970, Accuracy: 77.03%, Precision: 0.77, Recall: 0.75, F1-Score: 0.76, AUC: 0.77
Epoch [25/100] - [TRAIN] Loss: 0.4748, Accuracy: 78.20%, AUC: 0.78 [VAL] Loss: 0.5018, Accuracy: 76.67%, Precision: 0.77, Recall: 0.75, F1-Score: 0.76, AUC: 0.77
Epoch [26/100] - [TRAIN] Loss: 0.4755, Accuracy: 78.14%, AUC: 0.78 [VAL] Loss: 0.5017, Accuracy: 76.72%, Precision: 0.77, Recall: 0.75, F1-Score: 0.76, AUC: 0.77
Epoch [27/100] - [TRAIN] Loss: 0.4740, Accuracy: 78.21%, AUC: 0.78 [VAL] Loss: 0.5012, Accuracy: 76.86%, Precision: 0.77, Recall: 0.75, F1-Score: 0.76, AUC: 0.77
Epoch [28/100] - [TRAIN] Loss: 0.4745, Accuracy: 78.11%, AUC: 0.78 [VAL] Loss: 0.5011, Accuracy: 76.72%, Precision: 0.77, Recall: 0.74, F1-Score: 0.76, AUC: 0.77
Epoch [29/100] - [TRAIN] Loss: 0.4761, Accuracy: 78.10%, AUC: 0.78 [VAL] Loss: 0.4980, Accuracy: 77.03%, Precision: 0.78, Recall: 0.74, F1-Score: 0.76, AUC: 0.77
Epoch [30/100] - [TRAIN] Loss: 0.4751, Accuracy: 78.15%, AUC: 0.78 [VAL] Loss: 0.5002, Accuracy: 76.84%, Precision: 0.77, Recall: 0.74, F1-Score: 0.76, AUC: 0.77
Epoch [31/100] - [TRAIN] Loss: 0.4745, Accuracy: 78.16%, AUC: 0.78 [VAL] Loss: 0.5006, Accuracy: 76.72%, Precision: 0.77, Recall: 0.75, F1-Score: 0.76, AUC: 0.77
Epoch [32/100] - [TRAIN] Loss: 0.4743, Accuracy: 78.16%, AUC: 0.78 [VAL] Loss: 0.5006, Accuracy: 76.78%, Precision: 0.77, Recall: 0.75, F1-Score: 0.76, AUC: 0.77
Epoch [33/100] - [TRAIN] Loss: 0.4742, Accuracy: 78.16%, AUC: 0.78 [VAL] Loss: 0.4979, Accuracy: 76.95%, Precision: 0.77, Recall: 0.75, F1-Score: 0.76, AUC: 0.77
Epoch [34/100] - [TRAIN] Loss: 0.4744, Accuracy: 78.15%, AUC: 0.78 [VAL] Loss: 0.4983, Accuracy: 76.97%, Precision: 0.78, Recall: 0.75, F1-Score: 0.76, AUC: 0.77
Epoch [35/100] - [TRAIN] Loss: 0.4735, Accuracy: 78.22%, AUC: 0.78 [VAL] Loss: 0.4984, Accuracy: 77.05%, Precision: 0.77, Recall: 0.75, F1-Score: 0.76, AUC: 0.77
Epoch [36/100] - [TRAIN] Loss: 0.4745, Accuracy: 78.15%, AUC: 0.78 [VAL] Loss: 0.5012, Accuracy: 76.82%, Precision: 0.77, Recall: 0.74, F1-Score: 0.76, AUC: 0.77
Epoch [37/100] - [TRAIN] Loss: 0.4736, Accuracy: 78.21%, AUC: 0.78 [VAL] Loss: 0.5033, Accuracy: 76.80%, Precision: 0.77, Recall: 0.74, F1-Score: 0.76, AUC: 0.77
Epoch [38/100] - [TRAIN] Loss: 0.4738, Accuracy: 78.20%, AUC: 0.78 [VAL] Loss: 0.4987, Accuracy: 77.02%, Precision: 0.77, Recall: 0.75, F1-Score: 0.76, AUC: 0.77
Epoch [39/100] - [TRAIN] Loss: 0.4735, Accuracy: 78.22%, AUC: 0.78 [VAL] Loss: 0.4979, Accuracy: 77.01%, Precision: 0.78, Recall: 0.75, F1-Score: 0.76, AUC: 0.77
Epoch [40/100] - [TRAIN] Loss: 0.4728, Accuracy: 78.30%, AUC: 0.78 [VAL] Loss: 0.4996, Accuracy: 76.94%, Precision: 0.77, Recall: 0.75, F1-Score: 0.76, AUC: 0.77
Epoch [41/100] - [TRAIN] Loss: 0.4742, Accuracy: 78.20%, AUC: 0.78 [VAL] Loss: 0.5032, Accuracy: 76.56%, Precision: 0.77, Recall: 0.74, F1-Score: 0.76, AUC: 0.77
Epoch [42/100] - [TRAIN] Loss: 0.4738, Accuracy: 78.23%, AUC: 0.78 [VAL] Loss: 0.5013, Accuracy: 76.92%, Precision: 0.77, Recall: 0.75, F1-Score: 0.76, AUC: 0.77
Epoch [43/100] - [TRAIN] Loss: 0.4740, Accuracy: 78.14%, AUC: 0.78 [VAL] Loss: 0.4957, Accuracy: 77.33%, Precision: 0.78, Recall: 0.75, F1-Score: 0.76, AUC: 0.77
Epoch [44/100] - [TRAIN] Loss: 0.4733, Accuracy: 78.24%, AUC: 0.78 [VAL] Loss: 0.4981, Accuracy: 77.10%, Precision: 0.78, Recall: 0.75, F1-Score: 0.76, AUC: 0.77
Epoch [45/100] - [TRAIN] Loss: 0.4735, Accuracy: 78.22%, AUC: 0.78 [VAL] Loss: 0.4994, Accuracy: 76.90%, Precision: 0.77, Recall: 0.75, F1-Score: 0.76, AUC: 0.77
Epoch [46/100] - [TRAIN] Loss: 0.4738, Accuracy: 78.21%, AUC: 0.78 [VAL] Loss: 0.5016, Accuracy: 76.70%, Precision: 0.77, Recall: 0.75, F1-Score: 0.76, AUC: 0.77
Epoch [47/100] - [TRAIN] Loss: 0.4729, Accuracy: 78.31%, AUC: 0.78 [VAL] Loss: 0.4971, Accuracy: 77.16%, Precision: 0.78, Recall: 0.75, F1-Score: 0.76, AUC: 0.77
Epoch [48/100] - [TRAIN] Loss: 0.4743, Accuracy: 78.15%, AUC: 0.78 [VAL] Loss: 0.4952, Accuracy: 77.19%, Precision: 0.78, Recall: 0.75, F1-Score: 0.76, AUC: 0.77
Epoch [49/100] - [TRAIN] Loss: 0.4735, Accuracy: 78.23%, AUC: 0.78 [VAL] Loss: 0.5005, Accuracy: 76.83%, Precision: 0.77, Recall: 0.74, F1-Score: 0.76, AUC: 0.77
Epoch [50/100] - [TRAIN] Loss: 0.4742, Accuracy: 78.17%, AUC: 0.78 [VAL] Loss: 0.5018, Accuracy: 76.76%, Precision: 0.77, Recall: 0.74, F1-Score: 0.76, AUC: 0.77
Epoch [51/100] - [TRAIN] Loss: 0.4740, Accuracy: 78.21%, AUC: 0.78 [VAL] Loss: 0.5012, Accuracy: 76.89%, Precision: 0.77, Recall: 0.74, F1-Score: 0.76, AUC: 0.77
Epoch [52/100] - [TRAIN] Loss: 0.4737, Accuracy: 78.24%, AUC: 0.78 [VAL] Loss: 0.4989, Accuracy: 76.96%, Precision: 0.77, Recall: 0.75, F1-Score: 0.76, AUC: 0.77
Epoch [53/100] - [TRAIN] Loss: 0.4734, Accuracy: 78.21%, AUC: 0.78 [VAL] Loss: 0.4979, Accuracy: 76.91%, Precision: 0.77, Recall: 0.75, F1-Score: 0.76, AUC: 0.77
Epoch [54/100] - [TRAIN] Loss: 0.4738, Accuracy: 78.24%, AUC: 0.78 [VAL] Loss: 0.5000, Accuracy: 76.79%, Precision: 0.77, Recall: 0.74, F1-Score: 0.76, AUC: 0.77
Epoch [55/100] - [TRAIN] Loss: 0.4736, Accuracy: 78.19%, AUC: 0.78 [VAL] Loss: 0.5006, Accuracy: 76.78%, Precision: 0.77, Recall: 0.74, F1-Score: 0.76, AUC: 0.77
Epoch [56/100] - [TRAIN] Loss: 0.4732, Accuracy: 78.22%, AUC: 0.78 [VAL] Loss: 0.4989, Accuracy: 76.95%, Precision: 0.78, Recall: 0.74, F1-Score: 0.76, AUC: 0.77
Epoch [57/100] - [TRAIN] Loss: 0.4735, Accuracy: 78.29%, AUC: 0.78 [VAL] Loss: 0.4980, Accuracy: 76.96%, Precision: 0.77, Recall: 0.74, F1-Score: 0.76, AUC: 0.77
Epoch [58/100] - [TRAIN] Loss: 0.4741, Accuracy: 78.16%, AUC: 0.78 [VAL] Loss: 0.4995, Accuracy: 76.86%, Precision: 0.78, Recall: 0.75, F1-Score: 0.76, AUC: 0.77
Epoch [59/100] - [TRAIN] Loss: 0.4741, Accuracy: 78.18%, AUC: 0.78 [VAL] Loss: 0.4990, Accuracy: 76.86%, Precision: 0.77, Recall: 0.74, F1-Score: 0.76, AUC: 0.77
Epoch [60/100] - [TRAIN] Loss: 0.4727, Accuracy: 78.21%, AUC: 0.78 [VAL] Loss: 0.5005, Accuracy: 76.85%, Precision: 0.77, Recall: 0.75, F1-Score: 0.76, AUC: 0.77
Epoch [61/100] - [TRAIN] Loss: 0.4746, Accuracy: 78.19%, AUC: 0.78 [VAL] Loss: 0.4978, Accuracy: 76.95%, Precision: 0.77, Recall: 0.75, F1-Score: 0.76, AUC: 0.77
Epoch [62/100] - [TRAIN] Loss: 0.4734, Accuracy: 78.26%, AUC: 0.78 [VAL] Loss: 0.4996, Accuracy: 76.87%, Precision: 0.77, Recall: 0.75, F1-Score: 0.76, AUC: 0.77
Epoch [63/100] - [TRAIN] Loss: 0.4733, Accuracy: 78.22%, AUC: 0.78 [VAL] Loss: 0.4979, Accuracy: 77.02%, Precision: 0.77, Recall: 0.75, F1-Score: 0.76, AUC: 0.77
Epoch [64/100] - [TRAIN] Loss: 0.4735, Accuracy: 78.23%, AUC: 0.78 [VAL] Loss: 0.4985, Accuracy: 77.00%, Precision: 0.77, Recall: 0.75, F1-Score: 0.76, AUC: 0.77
Epoch [65/100] - [TRAIN] Loss: 0.4741, Accuracy: 78.17%, AUC: 0.78 [VAL] Loss: 0.4965, Accuracy: 77.15%, Precision: 0.78, Recall: 0.75, F1-Score: 0.76, AUC: 0.77
Epoch [66/100] - [TRAIN] Loss: 0.4729, Accuracy: 78.25%, AUC: 0.78 [VAL] Loss: 0.5010, Accuracy: 76.85%, Precision: 0.77, Recall: 0.75, F1-Score: 0.76, AUC: 0.77
Epoch [67/100] - [TRAIN] Loss: 0.4730, Accuracy: 78.23%, AUC: 0.78 [VAL] Loss: 0.4973, Accuracy: 77.05%, Precision: 0.77, Recall: 0.75, F1-Score: 0.76, AUC: 0.77
Epoch [68/100] - [TRAIN] Loss: 0.4739, Accuracy: 78.19%, AUC: 0.78 [VAL] Loss: 0.4991, Accuracy: 77.00%, Precision: 0.77, Recall: 0.75, F1-Score: 0.76, AUC: 0.77
Epoch [69/100] - [TRAIN] Loss: 0.4739, Accuracy: 78.20%, AUC: 0.78 [VAL] Loss: 0.4976, Accuracy: 77.11%, Precision: 0.78, Recall: 0.75, F1-Score: 0.76, AUC: 0.77
Epoch [70/100] - [TRAIN] Loss: 0.4723, Accuracy: 78.28%, AUC: 0.78 [VAL] Loss: 0.4993, Accuracy: 76.76%, Precision: 0.77, Recall: 0.75, F1-Score: 0.76, AUC: 0.77
Epoch [71/100] - [TRAIN] Loss: 0.4732, Accuracy: 78.26%, AUC: 0.78 [VAL] Loss: 0.4998, Accuracy: 76.78%, Precision: 0.77, Recall: 0.75, F1-Score: 0.76, AUC: 0.77
Epoch [72/100] - [TRAIN] Loss: 0.4734, Accuracy: 78.21%, AUC: 0.78 [VAL] Loss: 0.5017, Accuracy: 76.76%, Precision: 0.77, Recall: 0.74, F1-Score: 0.76, AUC: 0.77
Epoch [73/100] - [TRAIN] Loss: 0.4731, Accuracy: 78.23%, AUC: 0.78 [VAL] Loss: 0.4992, Accuracy: 76.86%, Precision: 0.77, Recall: 0.74, F1-Score: 0.76, AUC: 0.77
Epoch [74/100] - [TRAIN] Loss: 0.4738, Accuracy: 78.20%, AUC: 0.78 [VAL] Loss: 0.4989, Accuracy: 77.00%, Precision: 0.77, Recall: 0.75, F1-Score: 0.76, AUC: 0.77
Epoch [75/100] - [TRAIN] Loss: 0.4744, Accuracy: 78.16%, AUC: 0.78 [VAL] Loss: 0.4987, Accuracy: 77.00%, Precision: 0.77, Recall: 0.75, F1-Score: 0.76, AUC: 0.77
Epoch [76/100] - [TRAIN] Loss: 0.4732, Accuracy: 78.23%, AUC: 0.78 [VAL] Loss: 0.4987, Accuracy: 76.79%, Precision: 0.77, Recall: 0.75, F1-Score: 0.76, AUC: 0.77
Epoch [77/100] - [TRAIN] Loss: 0.4730, Accuracy: 78.27%, AUC: 0.78 [VAL] Loss: 0.5008, Accuracy: 76.87%, Precision: 0.77, Recall: 0.75, F1-Score: 0.76, AUC: 0.77
Epoch [78/100] - [TRAIN] Loss: 0.4732, Accuracy: 78.19%, AUC: 0.78 [VAL] Loss: 0.5008, Accuracy: 76.97%, Precision: 0.77, Recall: 0.75, F1-Score: 0.76, AUC: 0.77
Epoch [79/100] - [TRAIN] Loss: 0.4738, Accuracy: 78.21%, AUC: 0.78 [VAL] Loss: 0.4963, Accuracy: 77.13%, Precision: 0.77, Recall: 0.75, F1-Score: 0.76, AUC: 0.77
Epoch [80/100] - [TRAIN] Loss: 0.4737, Accuracy: 78.19%, AUC: 0.78 [VAL] Loss: 0.4983, Accuracy: 77.08%, Precision: 0.77, Recall: 0.75, F1-Score: 0.76, AUC: 0.77
Epoch [81/100] - [TRAIN] Loss: 0.4742, Accuracy: 78.20%, AUC: 0.78 [VAL] Loss: 0.4976, Accuracy: 76.97%, Precision: 0.77, Recall: 0.75, F1-Score: 0.76, AUC: 0.77
Epoch [82/100] - [TRAIN] Loss: 0.4743, Accuracy: 78.17%, AUC: 0.78 [VAL] Loss: 0.5005, Accuracy: 76.86%, Precision: 0.77, Recall: 0.75, F1-Score: 0.76, AUC: 0.77
Epoch [83/100] - [TRAIN] Loss: 0.4744, Accuracy: 78.21%, AUC: 0.78 [VAL] Loss: 0.4978, Accuracy: 77.13%, Precision: 0.77, Recall: 0.75, F1-Score: 0.76, AUC: 0.77
Epoch [84/100] - [TRAIN] Loss: 0.4728, Accuracy: 78.28%, AUC: 0.78 [VAL] Loss: 0.5016, Accuracy: 76.83%, Precision: 0.77, Recall: 0.75, F1-Score: 0.76, AUC: 0.77
Epoch [85/100] - [TRAIN] Loss: 0.4738, Accuracy: 78.22%, AUC: 0.78 [VAL] Loss: 0.4992, Accuracy: 77.01%, Precision: 0.77, Recall: 0.75, F1-Score: 0.76, AUC: 0.77
Epoch [86/100] - [TRAIN] Loss: 0.4742, Accuracy: 78.21%, AUC: 0.78 [VAL] Loss: 0.5024, Accuracy: 76.74%, Precision: 0.77, Recall: 0.75, F1-Score: 0.76, AUC: 0.77
Epoch [87/100] - [TRAIN] Loss: 0.4742, Accuracy: 78.16%, AUC: 0.78 [VAL] Loss: 0.5009, Accuracy: 76.93%, Precision: 0.77, Recall: 0.75, F1-Score: 0.76, AUC: 0.77
Epoch [88/100] - [TRAIN] Loss: 0.4729, Accuracy: 78.28%, AUC: 0.78 [VAL] Loss: 0.4993, Accuracy: 76.82%, Precision: 0.77, Recall: 0.75, F1-Score: 0.76, AUC: 0.77
Epoch [89/100] - [TRAIN] Loss: 0.4741, Accuracy: 78.19%, AUC: 0.78 [VAL] Loss: 0.4989, Accuracy: 76.97%, Precision: 0.77, Recall: 0.75, F1-Score: 0.76, AUC: 0.77
Epoch [90/100] - [TRAIN] Loss: 0.4736, Accuracy: 78.23%, AUC: 0.78 [VAL] Loss: 0.4970, Accuracy: 77.05%, Precision: 0.77, Recall: 0.75, F1-Score: 0.76, AUC: 0.77
Epoch [91/100] - [TRAIN] Loss: 0.4738, Accuracy: 78.22%, AUC: 0.78 [VAL] Loss: 0.5035, Accuracy: 76.58%, Precision: 0.77, Recall: 0.74, F1-Score: 0.76, AUC: 0.77
Epoch [92/100] - [TRAIN] Loss: 0.4749, Accuracy: 78.14%, AUC: 0.78 [VAL] Loss: 0.5004, Accuracy: 76.94%, Precision: 0.77, Recall: 0.75, F1-Score: 0.76, AUC: 0.77
Epoch [93/100] - [TRAIN] Loss: 0.4721, Accuracy: 78.31%, AUC: 0.78 [VAL] Loss: 0.4998, Accuracy: 76.87%, Precision: 0.77, Recall: 0.74, F1-Score: 0.76, AUC: 0.77
Epoch [94/100] - [TRAIN] Loss: 0.4745, Accuracy: 78.18%, AUC: 0.78 [VAL] Loss: 0.4999, Accuracy: 76.91%, Precision: 0.77, Recall: 0.75, F1-Score: 0.76, AUC: 0.77
Epoch [95/100] - [TRAIN] Loss: 0.4736, Accuracy: 78.25%, AUC: 0.78 [VAL] Loss: 0.4985, Accuracy: 77.13%, Precision: 0.77, Recall: 0.75, F1-Score: 0.76, AUC: 0.77
Epoch [96/100] - [TRAIN] Loss: 0.4739, Accuracy: 78.23%, AUC: 0.78 [VAL] Loss: 0.4975, Accuracy: 77.03%, Precision: 0.77, Recall: 0.75, F1-Score: 0.76, AUC: 0.77
Epoch [97/100] - [TRAIN] Loss: 0.4751, Accuracy: 78.16%, AUC: 0.78 [VAL] Loss: 0.5004, Accuracy: 76.83%, Precision: 0.77, Recall: 0.74, F1-Score: 0.76, AUC: 0.77
Epoch [98/100] - [TRAIN] Loss: 0.4751, Accuracy: 78.13%, AUC: 0.78 [VAL] Loss: 0.5030, Accuracy: 76.64%, Precision: 0.77, Recall: 0.74, F1-Score: 0.76, AUC: 0.77
Epoch [99/100] - [TRAIN] Loss: 0.4741, Accuracy: 78.19%, AUC: 0.78 [VAL] Loss: 0.4985, Accuracy: 77.01%, Precision: 0.77, Recall: 0.75, F1-Score: 0.76, AUC: 0.77
Epoch [100/100] - [TRAIN] Loss: 0.4729, Accuracy: 78.26%, AUC: 0.78 [VAL] Loss: 0.4989, Accuracy: 76.94%, Precision: 0.77, Recall: 0.75, F1-Score: 0.76, AUC: 0.77
Accuracy Score on test set: 77.84 %
AUC Score on test set: 0.78
Precision: 0.7798
Recall: 0.7588
F1-Score: 0.7691

Detailed Classification Report:
              precision    recall  f1-score   support

           0       0.78      0.80      0.79     51344
           1       0.78      0.76      0.77     48656

    accuracy                           0.78    100000
   macro avg       0.78      0.78      0.78    100000
weighted avg       0.78      0.78      0.78    100000


Confusion Matrix:
[[40919 10425]
 [11737 36919]]


Real-time duration: 24267.790101098 seconds
