Could not load library libcudnn_cnn_train.so.8. Error: /uwahpc/local/cuda-11.8/lib64/libcudnn_cnn_train.so.8: undefined symbol: _ZTIN10cask_cudnn14BaseKernelInfoE, version libcudnn_cnn_infer.so.8
Could not load library libcudnn_cnn_train.so.8. Error: /uwahpc/local/cuda-11.8/lib64/libcudnn_cnn_train.so.8: undefined symbol: _ZTIN10cask_cudnn14BaseKernelInfoE, version libcudnn_cnn_infer.so.8
Could not load library libcudnn_cnn_train.so.8. Error: /uwahpc/local/cuda-11.8/lib64/libcudnn_cnn_train.so.8: undefined symbol: _ZTIN10cask_cudnn14BaseKernelInfoE, version libcudnn_cnn_infer.so.8
Could not load library libcudnn_cnn_train.so.8. Error: /uwahpc/local/cuda-11.8/lib64/libcudnn_cnn_train.so.8: undefined symbol: _ZTIN10cask_cudnn14BaseKernelInfoE, version libcudnn_cnn_infer.so.8
Could not load library libcudnn_cnn_train.so.8. Error: /uwahpc/local/cuda-11.8/lib64/libcudnn_cnn_train.so.8: undefined symbol: _ZTIN10cask_cudnn14BaseKernelInfoE, version libcudnn_cnn_infer.so.8
Could not load library libcudnn_cnn_train.so.8. Error: /uwahpc/local/cuda-11.8/lib64/libcudnn_cnn_train.so.8: undefined symbol: _ZTIN10cask_cudnn14BaseKernelInfoE, version libcudnn_cnn_infer.so.8
Could not load library libcudnn_cnn_train.so.8. Error: /uwahpc/local/cuda-11.8/lib64/libcudnn_cnn_train.so.8: undefined symbol: _ZTIN10cask_cudnn14BaseKernelInfoE, version libcudnn_cnn_infer.so.8
Could not load library libcudnn_cnn_train.so.8. Error: /uwahpc/local/cuda-11.8/lib64/libcudnn_cnn_train.so.8: undefined symbol: _ZTIN10cask_cudnn14BaseKernelInfoE, version libcudnn_cnn_infer.so.8
Could not load library libcudnn_cnn_train.so.8. Error: /uwahpc/local/cuda-11.8/lib64/libcudnn_cnn_train.so.8: undefined symbol: _ZTIN10cask_cudnn14BaseKernelInfoE, version libcudnn_cnn_infer.so.8
Could not load library libcudnn_cnn_train.so.8. Error: /uwahpc/local/cuda-11.8/lib64/libcudnn_cnn_train.so.8: undefined symbol: _ZTIN10cask_cudnn14BaseKernelInfoE, version libcudnn_cnn_infer.so.8
Could not load library libcudnn_cnn_train.so.8. Error: /uwahpc/local/cuda-11.8/lib64/libcudnn_cnn_train.so.8: undefined symbol: _ZTIN10cask_cudnn14BaseKernelInfoE, version libcudnn_cnn_infer.so.8
Could not load library libcudnn_cnn_train.so.8. Error: /uwahpc/local/cuda-11.8/lib64/libcudnn_cnn_train.so.8: undefined symbol: _ZTIN10cask_cudnn14BaseKernelInfoE, version libcudnn_cnn_infer.so.8
Could not load library libcudnn_cnn_train.so.8. Error: /uwahpc/local/cuda-11.8/lib64/libcudnn_cnn_train.so.8: undefined symbol: _ZTIN10cask_cudnn14BaseKernelInfoE, version libcudnn_cnn_infer.so.8
Could not load library libcudnn_cnn_train.so.8. Error: /uwahpc/local/cuda-11.8/lib64/libcudnn_cnn_train.so.8: undefined symbol: _ZTIN10cask_cudnn14BaseKernelInfoE, version libcudnn_cnn_infer.so.8
Could not load library libcudnn_cnn_train.so.8. Error: /uwahpc/local/cuda-11.8/lib64/libcudnn_cnn_train.so.8: undefined symbol: _ZTIN10cask_cudnn14BaseKernelInfoE, version libcudnn_cnn_infer.so.8
Could not load library libcudnn_cnn_train.so.8. Error: /uwahpc/local/cuda-11.8/lib64/libcudnn_cnn_train.so.8: undefined symbol: _ZTIN10cask_cudnn14BaseKernelInfoE, version libcudnn_cnn_infer.so.8
Could not load library libcudnn_cnn_train.so.8. Error: /uwahpc/local/cuda-11.8/lib64/libcudnn_cnn_train.so.8: undefined symbol: _ZTIN10cask_cudnn14BaseKernelInfoE, version libcudnn_cnn_infer.so.8
Traceback (most recent call last):
  File "/group/pmc021/amunif/epi-thesis/workflow/06_neural_network_gpu/pytorch_conv1d_v1.py", line 129, in <module>
    loss.backward()
  File "/home/amunif/.local/lib/python3.11/site-packages/torch/_tensor.py", line 525, in backward
    torch.autograd.backward(
  File "/home/amunif/.local/lib/python3.11/site-packages/torch/autograd/__init__.py", line 267, in backward
    _engine_run_backward(
  File "/home/amunif/.local/lib/python3.11/site-packages/torch/autograd/graph.py", line 744, in _engine_run_backward
    return Variable._execution_engine.run_backward(  # Calls into the C++ engine to run the backward pass
           ^^^^^^^^^^^^^^^^^^^^^^^^^^^^^^^^^^^^^^^^^^^^^^^^^^^^^^^^^^^^^^^^^^^^^^^^^^^^^^^^^^^^^^^^^^^^^^
RuntimeError: GET was unable to find an engine to execute this computation

ERROR conda.cli.main_run:execute(125): `conda run python /group/pmc021/amunif/epi-thesis/workflow/06_neural_network_gpu/pytorch_conv1d_v1.py` failed. (See above for error)
