Pytorch Conv1D
Epoch 1, Time:107.91110920906067,  Train Loss: 17182.3724, Train MAE: 24.5406, Test Loss: 12919.4378, Test MAE: 20.7438
Saved best model at epoch 1 with test loss: 12919.4378
Epoch 2, Time:107.45744514465332,  Train Loss: 16361.1169, Train MAE: 24.7136, Test Loss: 13515.9220, Test MAE: 34.7297
Epoch 3, Time:107.46959352493286,  Train Loss: 14085.8777, Train MAE: 27.8479, Test Loss: 20723.6016, Test MAE: 19.2499
Epoch 4, Time:107.47703909873962,  Train Loss: 20658.8329, Train MAE: 25.1505, Test Loss: 19161.5122, Test MAE: 33.9515
Epoch 5, Time:107.46535801887512,  Train Loss: 13562.0323, Train MAE: 22.4915, Test Loss: 15142.3189, Test MAE: 19.9778
Epoch 6, Time:107.4602792263031,  Train Loss: 13457.6918, Train MAE: 22.9724, Test Loss: 12634.9896, Test MAE: 19.0101
Saved best model at epoch 6 with test loss: 12634.9896
Epoch 7, Time:107.43292450904846,  Train Loss: 13160.0681, Train MAE: 25.5059, Test Loss: 14659.8344, Test MAE: 26.1892
Epoch 8, Time:107.38653016090393,  Train Loss: 13408.8040, Train MAE: 25.2203, Test Loss: 24664.7981, Test MAE: 20.5369
Epoch 9, Time:107.37908911705017,  Train Loss: 12569.4300, Train MAE: 23.8338, Test Loss: 16072.6080, Test MAE: 21.6855
Epoch 10, Time:107.44140124320984,  Train Loss: 13327.3785, Train MAE: 22.6508, Test Loss: 12276.7170, Test MAE: 24.9394
Saved best model at epoch 10 with test loss: 12276.7170
Epoch 11, Time:107.62629079818726,  Train Loss: 14700.4544, Train MAE: 24.1044, Test Loss: 16866.0252, Test MAE: 23.6828
Epoch 12, Time:107.44592761993408,  Train Loss: 12451.5412, Train MAE: 24.9336, Test Loss: 21636.1657, Test MAE: 27.8961
Epoch 13, Time:107.5374686717987,  Train Loss: 14913.9896, Train MAE: 22.9000, Test Loss: 16602.0283, Test MAE: 51.3753
Epoch 14, Time:107.53624153137207,  Train Loss: 15807.4359, Train MAE: 25.5134, Test Loss: 18825.8873, Test MAE: 19.0335
Epoch 15, Time:107.47818303108215,  Train Loss: 11213.5691, Train MAE: 22.2970, Test Loss: 12245.1243, Test MAE: 19.2805
Saved best model at epoch 15 with test loss: 12245.1243
Epoch 16, Time:107.62673306465149,  Train Loss: 12268.5732, Train MAE: 25.7876, Test Loss: 20702.2088, Test MAE: 19.6517
Epoch 17, Time:107.67536783218384,  Train Loss: 10731.4086, Train MAE: 22.3739, Test Loss: 11060.9074, Test MAE: 21.9711
Saved best model at epoch 17 with test loss: 11060.9074
Epoch 18, Time:107.40629768371582,  Train Loss: 12310.4577, Train MAE: 25.0539, Test Loss: 13193.5672, Test MAE: 19.6165
Epoch 19, Time:107.45329523086548,  Train Loss: 10083.2763, Train MAE: 22.9803, Test Loss: 33655.4476, Test MAE: 19.0285
Epoch 20, Time:107.408536195755,  Train Loss: 10339.7884, Train MAE: 23.3906, Test Loss: 19724.7299, Test MAE: 21.5586
Epoch 21, Time:107.4516134262085,  Train Loss: 14463.7231, Train MAE: 24.4275, Test Loss: 14234.1320, Test MAE: 20.3925
Epoch 22, Time:107.4909884929657,  Train Loss: 15247.6767, Train MAE: 24.5310, Test Loss: 14055.1186, Test MAE: 20.0973
Epoch 23, Time:107.37668108940125,  Train Loss: 11108.3508, Train MAE: 22.4194, Test Loss: 22545.6250, Test MAE: 22.3018
Epoch 24, Time:107.37637686729431,  Train Loss: 13938.1840, Train MAE: 23.4276, Test Loss: 12681.2507, Test MAE: 18.1262
Epoch 25, Time:107.43253588676453,  Train Loss: 11585.9967, Train MAE: 22.0265, Test Loss: 12892.6578, Test MAE: 19.5446
Epoch 26, Time:107.44145679473877,  Train Loss: 10866.2996, Train MAE: 21.6523, Test Loss: 13385.2564, Test MAE: 51.9758
Epoch 27, Time:107.42687058448792,  Train Loss: 10778.3979, Train MAE: 22.3857, Test Loss: 20936.7349, Test MAE: 19.4682
Epoch 28, Time:107.58903050422668,  Train Loss: 16370.5321, Train MAE: 23.4106, Test Loss: 16195.4582, Test MAE: 18.5138
Epoch 29, Time:107.49910259246826,  Train Loss: 11372.8448, Train MAE: 21.9357, Test Loss: 13150.9060, Test MAE: 20.7700
Epoch 30, Time:107.41329193115234,  Train Loss: 10033.5247, Train MAE: 20.5790, Test Loss: 16239.7664, Test MAE: 20.6642
Epoch 31, Time:107.41105675697327,  Train Loss: 10780.2727, Train MAE: 22.2182, Test Loss: 16213.3943, Test MAE: 21.2181
Epoch 32, Time:107.41673040390015,  Train Loss: 11664.5378, Train MAE: 21.1943, Test Loss: 12068.9446, Test MAE: 24.2461
Epoch 33, Time:107.41458225250244,  Train Loss: 9804.6877, Train MAE: 20.3609, Test Loss: 14256.9196, Test MAE: 26.0464
Epoch 34, Time:107.41545557975769,  Train Loss: 15733.0081, Train MAE: 22.6237, Test Loss: 17015.9770, Test MAE: 18.7594
Epoch 35, Time:107.44069910049438,  Train Loss: 12731.3703, Train MAE: 21.6878, Test Loss: 16815.0326, Test MAE: 20.9158
Epoch 36, Time:107.4381148815155,  Train Loss: 12641.8675, Train MAE: 21.2965, Test Loss: 18532.1647, Test MAE: 28.8654
Epoch 37, Time:107.4323205947876,  Train Loss: 12991.1279, Train MAE: 22.0091, Test Loss: 12417.5335, Test MAE: 17.0190
Epoch 38, Time:107.4064371585846,  Train Loss: 14183.4938, Train MAE: 22.1986, Test Loss: 12238.4299, Test MAE: 26.1622
Epoch 39, Time:107.40557265281677,  Train Loss: 14097.1149, Train MAE: 23.4562, Test Loss: 11758.2215, Test MAE: 18.0296
Epoch 40, Time:107.4163556098938,  Train Loss: 10675.1197, Train MAE: 21.3456, Test Loss: 13138.6567, Test MAE: 18.0372
Epoch 41, Time:107.41861748695374,  Train Loss: 10523.1892, Train MAE: 21.6058, Test Loss: 14416.3202, Test MAE: 20.1855
Epoch 42, Time:107.58816432952881,  Train Loss: 11328.4522, Train MAE: 20.9893, Test Loss: 21943.3496, Test MAE: 22.8745
Epoch 43, Time:107.67397713661194,  Train Loss: 11545.5905, Train MAE: 21.7042, Test Loss: 12349.0363, Test MAE: 22.9550
Epoch 44, Time:107.66901659965515,  Train Loss: 9811.6222, Train MAE: 20.4577, Test Loss: 18918.1305, Test MAE: 32.2568
Epoch 45, Time:107.6586811542511,  Train Loss: 11661.3883, Train MAE: 20.8711, Test Loss: 12252.2548, Test MAE: 20.9687
Epoch 46, Time:107.66099953651428,  Train Loss: 10872.7293, Train MAE: 21.9195, Test Loss: 13543.0535, Test MAE: 17.6087
Epoch 47, Time:107.49584007263184,  Train Loss: 10389.3658, Train MAE: 21.6766, Test Loss: 13341.1111, Test MAE: 22.3957
Epoch 48, Time:107.37834286689758,  Train Loss: 11432.1933, Train MAE: 21.5083, Test Loss: 15080.0977, Test MAE: 17.8892
Epoch 49, Time:107.37880945205688,  Train Loss: 10786.4706, Train MAE: 20.6407, Test Loss: 25769.8358, Test MAE: 19.6413
Epoch 50, Time:107.37872099876404,  Train Loss: 10293.8466, Train MAE: 21.8568, Test Loss: 21990.3466, Test MAE: 18.1737
Epoch 51, Time:107.42700386047363,  Train Loss: 10936.9617, Train MAE: 22.2568, Test Loss: 15208.2083, Test MAE: 20.9615
Epoch 52, Time:107.42367506027222,  Train Loss: 10656.6497, Train MAE: 20.0804, Test Loss: 13399.2110, Test MAE: 20.6374
Epoch 53, Time:107.44342851638794,  Train Loss: 11267.2903, Train MAE: 20.7807, Test Loss: 16876.3324, Test MAE: 18.7694
Epoch 54, Time:107.44805860519409,  Train Loss: 11744.0864, Train MAE: 20.0541, Test Loss: 14739.9485, Test MAE: 18.0295
Epoch 55, Time:107.4269049167633,  Train Loss: 10820.2775, Train MAE: 21.4079, Test Loss: 18861.6076, Test MAE: 20.3895
Epoch 56, Time:107.43011236190796,  Train Loss: 10040.1948, Train MAE: 21.5856, Test Loss: 14522.0859, Test MAE: 19.8098
Epoch 57, Time:107.4527976512909,  Train Loss: 11344.4295, Train MAE: 21.8886, Test Loss: 15987.9590, Test MAE: 21.5170
Epoch 58, Time:107.44794821739197,  Train Loss: 9634.4729, Train MAE: 20.5706, Test Loss: 20332.2780, Test MAE: 20.0008
Epoch 59, Time:107.44428849220276,  Train Loss: 12951.3515, Train MAE: 20.5385, Test Loss: 19658.5009, Test MAE: 19.2901
Epoch 60, Time:107.43299055099487,  Train Loss: 10231.5300, Train MAE: 19.3204, Test Loss: 22277.8137, Test MAE: 23.6263
Epoch 61, Time:107.44095659255981,  Train Loss: 10910.5332, Train MAE: 19.5225, Test Loss: 13793.4830, Test MAE: 21.7418
Epoch 62, Time:107.5147488117218,  Train Loss: 10302.8178, Train MAE: 20.6153, Test Loss: 14669.7523, Test MAE: 17.7921
Epoch 63, Time:107.46333026885986,  Train Loss: 11227.7831, Train MAE: 20.3122, Test Loss: 31142.1805, Test MAE: 18.8299
Epoch 64, Time:107.45811462402344,  Train Loss: 9636.9553, Train MAE: 23.2853, Test Loss: 14477.1285, Test MAE: 21.4119
Epoch 65, Time:107.42460417747498,  Train Loss: 11650.8774, Train MAE: 23.3420, Test Loss: 17890.4567, Test MAE: 19.6539
Epoch 66, Time:107.42620277404785,  Train Loss: 10569.8531, Train MAE: 20.8289, Test Loss: 16129.4922, Test MAE: 18.3668
Epoch 67, Time:107.42805075645447,  Train Loss: 13803.0448, Train MAE: 21.4371, Test Loss: 14690.2492, Test MAE: 18.7599
Epoch 68, Time:107.42407131195068,  Train Loss: 12213.3249, Train MAE: 21.2960, Test Loss: 11528.7165, Test MAE: 23.3877
Epoch 69, Time:107.41636228561401,  Train Loss: 10196.7671, Train MAE: 20.6431, Test Loss: 27199.9364, Test MAE: 23.6574
Epoch 70, Time:107.3977563381195,  Train Loss: 11606.4342, Train MAE: 21.8775, Test Loss: 14449.9761, Test MAE: 16.8778
Epoch 71, Time:107.38612508773804,  Train Loss: 10668.9626, Train MAE: 19.5803, Test Loss: 11907.3837, Test MAE: 19.2253
Epoch 72, Time:107.38961458206177,  Train Loss: 10569.9153, Train MAE: 19.1358, Test Loss: 11512.2964, Test MAE: 20.3452
Epoch 73, Time:107.38939499855042,  Train Loss: 9488.6324, Train MAE: 18.4802, Test Loss: 11311.2219, Test MAE: 18.7209
Epoch 74, Time:107.39134621620178,  Train Loss: 10505.4861, Train MAE: 19.1684, Test Loss: 22744.8878, Test MAE: 22.6403
Epoch 75, Time:107.3947184085846,  Train Loss: 12575.4814, Train MAE: 20.9867, Test Loss: 21499.9425, Test MAE: 18.7099
Epoch 76, Time:107.39052104949951,  Train Loss: 11446.2244, Train MAE: 22.8882, Test Loss: 14248.0949, Test MAE: 20.5820
Epoch 77, Time:107.45425391197205,  Train Loss: 10876.4797, Train MAE: 20.2116, Test Loss: 13276.5777, Test MAE: 16.8103
Epoch 78, Time:107.40625286102295,  Train Loss: 12304.9436, Train MAE: 19.1361, Test Loss: 14330.7012, Test MAE: 21.4616
Epoch 79, Time:107.59055685997009,  Train Loss: 10978.1164, Train MAE: 20.5815, Test Loss: 11522.9234, Test MAE: 17.6523
Epoch 80, Time:107.41746759414673,  Train Loss: 10947.7083, Train MAE: 19.4804, Test Loss: 19238.3229, Test MAE: 20.4794
Epoch 81, Time:107.49125933647156,  Train Loss: 11827.0373, Train MAE: 20.0556, Test Loss: 18198.2665, Test MAE: 17.9305
Epoch 82, Time:107.66756439208984,  Train Loss: 10469.8657, Train MAE: 18.8066, Test Loss: 18151.3673, Test MAE: 18.7345
Epoch 83, Time:107.65700197219849,  Train Loss: 9286.3476, Train MAE: 18.0862, Test Loss: 15712.4811, Test MAE: 18.4465
Epoch 84, Time:107.6567108631134,  Train Loss: 10094.8356, Train MAE: 19.0140, Test Loss: 20492.5622, Test MAE: 20.0672
Epoch 85, Time:107.65630006790161,  Train Loss: 10489.4545, Train MAE: 20.5472, Test Loss: 18455.8770, Test MAE: 17.4495
Epoch 86, Time:107.49184346199036,  Train Loss: 9632.3837, Train MAE: 18.5240, Test Loss: 30532.9200, Test MAE: 21.1985
Epoch 87, Time:107.41336941719055,  Train Loss: 15373.2134, Train MAE: 20.6134, Test Loss: 15986.2997, Test MAE: 18.4156
Epoch 88, Time:107.60429501533508,  Train Loss: 13214.2340, Train MAE: 20.4836, Test Loss: 18463.0251, Test MAE: 28.3335
Epoch 89, Time:107.65909767150879,  Train Loss: 13053.3446, Train MAE: 19.2320, Test Loss: 13254.1511, Test MAE: 17.6366
Epoch 90, Time:107.65790390968323,  Train Loss: 10850.1718, Train MAE: 19.1012, Test Loss: 11515.6071, Test MAE: 17.8945
Epoch 91, Time:107.4048523902893,  Train Loss: 9920.7263, Train MAE: 18.1804, Test Loss: 14003.9427, Test MAE: 17.9040
Epoch 92, Time:107.51861453056335,  Train Loss: 9277.3550, Train MAE: 18.9266, Test Loss: 10871.5312, Test MAE: 25.1826
Saved best model at epoch 92 with test loss: 10871.5312
Epoch 93, Time:107.67437171936035,  Train Loss: 10939.1207, Train MAE: 19.4119, Test Loss: 12648.1686, Test MAE: 17.2886
Epoch 94, Time:107.66479682922363,  Train Loss: 8964.9638, Train MAE: 18.0580, Test Loss: 20412.8207, Test MAE: 25.6719
Epoch 95, Time:107.65134191513062,  Train Loss: 10033.0726, Train MAE: 20.5085, Test Loss: 13386.4094, Test MAE: 17.6872
Epoch 96, Time:107.6516945362091,  Train Loss: 12411.2819, Train MAE: 19.5921, Test Loss: 16865.8339, Test MAE: 16.9376
Epoch 97, Time:107.66327118873596,  Train Loss: 10130.0575, Train MAE: 18.9736, Test Loss: 21002.5524, Test MAE: 19.4987
Epoch 98, Time:107.51803135871887,  Train Loss: 11194.1076, Train MAE: 18.7738, Test Loss: 14126.9913, Test MAE: 16.3264
Epoch 99, Time:107.3929271697998,  Train Loss: 9344.5890, Train MAE: 17.7120, Test Loss: 11625.4256, Test MAE: 20.8621
Epoch 100, Time:107.40438914299011,  Train Loss: 10652.7983, Train MAE: 18.0670, Test Loss: 18666.1132, Test MAE: 17.4014
Epoch 101, Time:107.41471815109253,  Train Loss: 11117.2808, Train MAE: 18.0723, Test Loss: 14916.2133, Test MAE: 17.5999
Epoch 102, Time:107.41716933250427,  Train Loss: 8743.2265, Train MAE: 17.7675, Test Loss: 23856.7387, Test MAE: 17.3784
Epoch 103, Time:107.4297821521759,  Train Loss: 12440.5978, Train MAE: 19.9573, Test Loss: 15332.9238, Test MAE: 19.6963
Epoch 104, Time:107.44443607330322,  Train Loss: 9187.0571, Train MAE: 17.6472, Test Loss: 21768.5264, Test MAE: 16.6168
Epoch 105, Time:107.53514981269836,  Train Loss: 11234.6204, Train MAE: 20.9217, Test Loss: 11745.9153, Test MAE: 21.9989
Epoch 106, Time:107.6141893863678,  Train Loss: 11753.8040, Train MAE: 18.9091, Test Loss: 18792.0539, Test MAE: 17.2075
Epoch 107, Time:107.40572953224182,  Train Loss: 9607.3486, Train MAE: 18.1484, Test Loss: 11706.9088, Test MAE: 19.6781
Epoch 108, Time:107.41234397888184,  Train Loss: 10229.4346, Train MAE: 19.8212, Test Loss: 11202.7075, Test MAE: 16.8860
Epoch 109, Time:107.42537236213684,  Train Loss: 9042.0936, Train MAE: 17.5759, Test Loss: 13403.4408, Test MAE: 19.3252
Epoch 110, Time:107.4273579120636,  Train Loss: 9599.7474, Train MAE: 18.4000, Test Loss: 13881.7572, Test MAE: 16.8170
Epoch 111, Time:107.43264985084534,  Train Loss: 11929.2159, Train MAE: 17.9932, Test Loss: 14576.0581, Test MAE: 16.8059
Epoch 112, Time:107.4174964427948,  Train Loss: 8901.0692, Train MAE: 18.2513, Test Loss: 13332.6652, Test MAE: 17.5114
Epoch 113, Time:107.44866585731506,  Train Loss: 9850.8250, Train MAE: 17.3074, Test Loss: 15251.6004, Test MAE: 17.3997
Epoch 114, Time:107.44076228141785,  Train Loss: 10518.8078, Train MAE: 19.9191, Test Loss: 30365.8793, Test MAE: 19.1265
Epoch 115, Time:107.44370532035828,  Train Loss: 9233.3159, Train MAE: 18.2262, Test Loss: 12989.0023, Test MAE: 16.8190
Epoch 116, Time:107.50186896324158,  Train Loss: 9414.8858, Train MAE: 17.4743, Test Loss: 10144.3972, Test MAE: 17.8641
Saved best model at epoch 116 with test loss: 10144.3972
Epoch 117, Time:107.40200662612915,  Train Loss: 12673.4236, Train MAE: 19.1962, Test Loss: 11514.5167, Test MAE: 21.4050
Epoch 118, Time:107.59619140625,  Train Loss: 10547.4822, Train MAE: 17.7372, Test Loss: 10947.7371, Test MAE: 17.8448
Epoch 119, Time:107.6683759689331,  Train Loss: 10443.4569, Train MAE: 17.8765, Test Loss: 12433.9833, Test MAE: 16.2786
Epoch 120, Time:107.66997909545898,  Train Loss: 11592.7029, Train MAE: 18.4569, Test Loss: 12252.1835, Test MAE: 33.5305
Epoch 121, Time:107.66749858856201,  Train Loss: 8959.0127, Train MAE: 20.0836, Test Loss: 9983.1922, Test MAE: 17.0558
Saved best model at epoch 121 with test loss: 9983.1922
Epoch 122, Time:107.4160053730011,  Train Loss: 11809.4720, Train MAE: 20.5946, Test Loss: 10341.8909, Test MAE: 21.0762
Epoch 123, Time:107.40012001991272,  Train Loss: 10428.4850, Train MAE: 19.6546, Test Loss: 11688.9194, Test MAE: 23.5769
Epoch 124, Time:107.39261484146118,  Train Loss: 9876.1500, Train MAE: 19.3282, Test Loss: 28448.5910, Test MAE: 21.2538
Epoch 125, Time:107.45657539367676,  Train Loss: 9713.6066, Train MAE: 18.6256, Test Loss: 19853.7921, Test MAE: 18.0675
Epoch 126, Time:107.4513611793518,  Train Loss: 9493.0270, Train MAE: 20.2831, Test Loss: 12356.5741, Test MAE: 16.4295
Epoch 127, Time:107.42072415351868,  Train Loss: 10023.2908, Train MAE: 18.6400, Test Loss: 11745.5187, Test MAE: 16.6060
Epoch 128, Time:107.41749882698059,  Train Loss: 10994.1311, Train MAE: 18.9794, Test Loss: 13358.4439, Test MAE: 21.3957
Epoch 129, Time:107.68947052955627,  Train Loss: 8419.0558, Train MAE: 17.2745, Test Loss: 10429.5080, Test MAE: 19.4179
Epoch 130, Time:107.67189526557922,  Train Loss: 10240.9980, Train MAE: 18.7505, Test Loss: 21113.6005, Test MAE: 16.8653
Epoch 131, Time:107.66609621047974,  Train Loss: 9751.0658, Train MAE: 19.4485, Test Loss: 10275.0212, Test MAE: 17.1573
Epoch 132, Time:107.66395735740662,  Train Loss: 11047.6370, Train MAE: 18.8239, Test Loss: 11226.9831, Test MAE: 17.8317
Epoch 133, Time:107.65733981132507,  Train Loss: 11091.3329, Train MAE: 18.4041, Test Loss: 14360.5966, Test MAE: 18.7294
Epoch 134, Time:107.65649390220642,  Train Loss: 8559.8747, Train MAE: 16.7333, Test Loss: 10208.1782, Test MAE: 16.8606
Epoch 135, Time:107.66038990020752,  Train Loss: 11282.4675, Train MAE: 18.8362, Test Loss: 15661.4359, Test MAE: 16.7958
Epoch 136, Time:107.65406632423401,  Train Loss: 10431.8061, Train MAE: 18.4298, Test Loss: 16906.9951, Test MAE: 16.5204
Epoch 137, Time:107.57748937606812,  Train Loss: 10444.7305, Train MAE: 18.5490, Test Loss: 14333.8733, Test MAE: 17.1330
Epoch 138, Time:107.38569951057434,  Train Loss: 10283.0059, Train MAE: 17.9058, Test Loss: 12987.9076, Test MAE: 18.5855
Epoch 139, Time:107.3903477191925,  Train Loss: 10485.5601, Train MAE: 17.5305, Test Loss: 13384.4334, Test MAE: 15.6158
Epoch 140, Time:107.5000672340393,  Train Loss: 9425.6027, Train MAE: 16.4408, Test Loss: 10487.9588, Test MAE: 21.8638
Epoch 141, Time:107.66779804229736,  Train Loss: 9992.2645, Train MAE: 17.6834, Test Loss: 12255.4576, Test MAE: 17.4944
Epoch 142, Time:107.67691230773926,  Train Loss: 9706.8407, Train MAE: 16.6693, Test Loss: 11678.5460, Test MAE: 15.2594
Epoch 143, Time:107.66619849205017,  Train Loss: 8763.0912, Train MAE: 15.9608, Test Loss: 20434.4832, Test MAE: 19.4210
Epoch 144, Time:107.66985297203064,  Train Loss: 12620.3796, Train MAE: 17.9417, Test Loss: 17657.8011, Test MAE: 16.2275
Epoch 145, Time:107.68127155303955,  Train Loss: 8158.2856, Train MAE: 16.4366, Test Loss: 14358.1932, Test MAE: 16.5095
Epoch 146, Time:107.67652988433838,  Train Loss: 10327.2765, Train MAE: 17.5661, Test Loss: 17854.9695, Test MAE: 17.3375
Epoch 147, Time:107.67353010177612,  Train Loss: 9845.8836, Train MAE: 18.0033, Test Loss: 17503.3254, Test MAE: 16.2244
Epoch 148, Time:107.67468738555908,  Train Loss: 9271.1221, Train MAE: 17.8191, Test Loss: 13093.4837, Test MAE: 15.6648
Epoch 149, Time:107.52825856208801,  Train Loss: 9700.0167, Train MAE: 18.3755, Test Loss: 12169.4146, Test MAE: 18.5268
Epoch 150, Time:107.43229627609253,  Train Loss: 8552.0389, Train MAE: 16.8775, Test Loss: 17054.3657, Test MAE: 19.7964
Epoch 151, Time:107.50392007827759,  Train Loss: 9597.1920, Train MAE: 19.3876, Test Loss: 14735.1503, Test MAE: 16.6300
Epoch 152, Time:107.41242599487305,  Train Loss: 8836.1589, Train MAE: 17.2999, Test Loss: 20099.7064, Test MAE: 23.2077
Epoch 153, Time:107.38504481315613,  Train Loss: 9086.7079, Train MAE: 19.2027, Test Loss: 11388.5727, Test MAE: 19.4591
Epoch 154, Time:107.40469169616699,  Train Loss: 9809.0188, Train MAE: 18.7110, Test Loss: 17212.6304, Test MAE: 16.7419
Epoch 155, Time:107.41920733451843,  Train Loss: 9726.4167, Train MAE: 18.3781, Test Loss: 14809.6195, Test MAE: 17.1387
Epoch 156, Time:107.4136815071106,  Train Loss: 8400.6444, Train MAE: 17.3290, Test Loss: 11107.2815, Test MAE: 16.8411
Epoch 157, Time:107.42043137550354,  Train Loss: 8870.1200, Train MAE: 17.1095, Test Loss: 17681.3478, Test MAE: 17.7328
Epoch 158, Time:107.41570854187012,  Train Loss: 8019.1956, Train MAE: 16.9502, Test Loss: 18209.8821, Test MAE: 20.9942
Epoch 159, Time:107.4142324924469,  Train Loss: 13087.7099, Train MAE: 26.4417, Test Loss: 14568.3799, Test MAE: 18.8172
Epoch 160, Time:107.40849590301514,  Train Loss: 8780.4428, Train MAE: 22.7633, Test Loss: 16182.3169, Test MAE: 16.3222
Epoch 161, Time:107.56982088088989,  Train Loss: 11735.3156, Train MAE: 21.7761, Test Loss: 15946.7017, Test MAE: 19.0774
Epoch 162, Time:107.6634521484375,  Train Loss: 10019.1408, Train MAE: 19.7364, Test Loss: 19016.0298, Test MAE: 18.0307
Epoch 163, Time:107.54711699485779,  Train Loss: 13953.0622, Train MAE: 23.7015, Test Loss: 15106.5037, Test MAE: 17.7181
Epoch 164, Time:107.41435265541077,  Train Loss: 9245.6052, Train MAE: 20.2628, Test Loss: 18666.6292, Test MAE: 16.4154
Epoch 165, Time:107.42173671722412,  Train Loss: 9278.9477, Train MAE: 19.0599, Test Loss: 15220.5245, Test MAE: 17.0521
Epoch 166, Time:107.43373894691467,  Train Loss: 10184.0886, Train MAE: 18.7887, Test Loss: 11294.9022, Test MAE: 21.9865
Epoch 167, Time:107.67126512527466,  Train Loss: 9703.0298, Train MAE: 18.8347, Test Loss: 22681.8993, Test MAE: 20.7923
Epoch 168, Time:107.65914106369019,  Train Loss: 9261.6184, Train MAE: 19.6932, Test Loss: 19625.3057, Test MAE: 18.2719
Epoch 169, Time:107.60632920265198,  Train Loss: 9029.9217, Train MAE: 19.3841, Test Loss: 17345.0830, Test MAE: 16.2594
Epoch 170, Time:107.45007538795471,  Train Loss: 10234.8557, Train MAE: 18.9464, Test Loss: 19889.6259, Test MAE: 17.9271
Epoch 171, Time:107.38624286651611,  Train Loss: 8240.5446, Train MAE: 19.3052, Test Loss: 10838.3908, Test MAE: 16.4476
Epoch 172, Time:107.38029313087463,  Train Loss: 10826.3029, Train MAE: 19.8988, Test Loss: 15650.6643, Test MAE: 16.4203
Epoch 173, Time:107.3782868385315,  Train Loss: 8923.9063, Train MAE: 18.9808, Test Loss: 16977.1339, Test MAE: 18.9455
Epoch 174, Time:107.41277980804443,  Train Loss: 8974.6083, Train MAE: 20.3258, Test Loss: 11236.4101, Test MAE: 18.8739
Epoch 175, Time:107.39058351516724,  Train Loss: 9103.1341, Train MAE: 20.7625, Test Loss: 15895.5437, Test MAE: 20.1379
Epoch 176, Time:107.3769941329956,  Train Loss: 10413.9485, Train MAE: 18.8456, Test Loss: 16616.3737, Test MAE: 18.1880
Epoch 177, Time:107.38961172103882,  Train Loss: 9388.1560, Train MAE: 17.1975, Test Loss: 16669.3378, Test MAE: 16.4169
Epoch 178, Time:107.38276863098145,  Train Loss: 9108.5274, Train MAE: 17.1618, Test Loss: 12542.3471, Test MAE: 18.5390
Epoch 179, Time:107.39606833457947,  Train Loss: 12513.7802, Train MAE: 22.7618, Test Loss: 13574.6304, Test MAE: 16.8596
Epoch 180, Time:107.39508748054504,  Train Loss: 10359.1792, Train MAE: 19.3846, Test Loss: 11433.2011, Test MAE: 19.5040
Epoch 181, Time:107.52104878425598,  Train Loss: 9247.0028, Train MAE: 18.3537, Test Loss: 18991.6141, Test MAE: 18.1458
Epoch 182, Time:107.38340091705322,  Train Loss: 8625.8790, Train MAE: 18.2010, Test Loss: 22102.6693, Test MAE: 20.4553
Epoch 183, Time:107.36547994613647,  Train Loss: 9550.1219, Train MAE: 19.2051, Test Loss: 17577.8195, Test MAE: 20.5338
Epoch 184, Time:107.36593890190125,  Train Loss: 9856.3617, Train MAE: 19.5123, Test Loss: 11496.9555, Test MAE: 18.8341
Epoch 185, Time:107.37313342094421,  Train Loss: 9334.7045, Train MAE: 18.0338, Test Loss: 14692.1058, Test MAE: 16.2966
Epoch 186, Time:107.37895584106445,  Train Loss: 9788.6455, Train MAE: 19.2161, Test Loss: 13196.5514, Test MAE: 17.8829
Epoch 187, Time:107.37130427360535,  Train Loss: 11222.3726, Train MAE: 19.3794, Test Loss: 13091.6154, Test MAE: 20.6716
Epoch 188, Time:107.36919832229614,  Train Loss: 9046.2152, Train MAE: 17.8513, Test Loss: 20855.4339, Test MAE: 17.7306
Epoch 189, Time:107.37140560150146,  Train Loss: 9493.6601, Train MAE: 20.3324, Test Loss: 15073.1071, Test MAE: 16.4117
Epoch 190, Time:107.36841940879822,  Train Loss: 9777.7154, Train MAE: 20.6325, Test Loss: 14348.7953, Test MAE: 17.2817
Epoch 191, Time:107.36600947380066,  Train Loss: 9060.4820, Train MAE: 19.0520, Test Loss: 14368.6368, Test MAE: 18.0914
Epoch 192, Time:107.39931631088257,  Train Loss: 11776.1610, Train MAE: 20.0108, Test Loss: 15598.0596, Test MAE: 20.3395
Epoch 193, Time:107.41362118721008,  Train Loss: 10284.0261, Train MAE: 19.3970, Test Loss: 16842.8610, Test MAE: 16.2418
Epoch 194, Time:107.39694714546204,  Train Loss: 9055.2700, Train MAE: 19.3743, Test Loss: 19829.8139, Test MAE: 16.8686
Epoch 195, Time:107.41801571846008,  Train Loss: 10128.2367, Train MAE: 18.9734, Test Loss: 17974.9798, Test MAE: 16.3288
Epoch 196, Time:107.41768527030945,  Train Loss: 9074.3927, Train MAE: 18.4575, Test Loss: 11300.0504, Test MAE: 18.7618
Epoch 197, Time:107.40035486221313,  Train Loss: 11203.8691, Train MAE: 18.8598, Test Loss: 16077.6850, Test MAE: 16.7941
Epoch 198, Time:107.39974737167358,  Train Loss: 9267.0952, Train MAE: 18.8983, Test Loss: 19214.8855, Test MAE: 18.4608
Epoch 199, Time:107.42528772354126,  Train Loss: 10117.1280, Train MAE: 17.9137, Test Loss: 16166.5778, Test MAE: 17.4904
Epoch 200, Time:107.40355610847473,  Train Loss: 9175.6181, Train MAE: 17.3007, Test Loss: 19581.0669, Test MAE: 16.5403
MSE: 9983.19140625
RMSE: 99.91592407226562
MAE: 17.055774688720703
R2 Score: 0.22045251873378546
Predictions and true values saved to predictions_conv1d_tensorboard_20240716084058.csv.

Real-time duration: 21580.890675743 seconds
