Using device: cuda
Current CUDA device: 0
CUDA device name: Tesla V100-PCIE-16GB
030-H3K4me3-H3K9ac-H3K9me3-H3K27ac-H3K27me3
Epoch [1/100] - [TRAIN] Loss: 0.5771, Accuracy: 73.84%, AUC: 0.74 [VAL] Loss: 0.5301, Accuracy: 75.53%, Precision: 0.78, Recall: 0.69, F1-Score: 0.73, AUC: 0.75
Epoch [2/100] - [TRAIN] Loss: 0.5453, Accuracy: 74.78%, AUC: 0.75 [VAL] Loss: 0.5267, Accuracy: 75.80%, Precision: 0.78, Recall: 0.70, F1-Score: 0.74, AUC: 0.76
Epoch [3/100] - [TRAIN] Loss: 0.5383, Accuracy: 74.88%, AUC: 0.75 [VAL] Loss: 0.5181, Accuracy: 75.58%, Precision: 0.78, Recall: 0.70, F1-Score: 0.74, AUC: 0.75
Epoch [4/100] - [TRAIN] Loss: 0.5346, Accuracy: 74.91%, AUC: 0.75 [VAL] Loss: 0.5233, Accuracy: 75.51%, Precision: 0.77, Recall: 0.71, F1-Score: 0.74, AUC: 0.75
Epoch [5/100] - [TRAIN] Loss: 0.5308, Accuracy: 75.21%, AUC: 0.75 [VAL] Loss: 0.5091, Accuracy: 76.07%, Precision: 0.79, Recall: 0.70, F1-Score: 0.74, AUC: 0.76
Epoch [6/100] - [TRAIN] Loss: 0.5250, Accuracy: 75.51%, AUC: 0.75 [VAL] Loss: 0.5108, Accuracy: 76.12%, Precision: 0.79, Recall: 0.70, F1-Score: 0.74, AUC: 0.76
Epoch [7/100] - [TRAIN] Loss: 0.5271, Accuracy: 75.24%, AUC: 0.75 [VAL] Loss: 0.5171, Accuracy: 75.70%, Precision: 0.77, Recall: 0.71, F1-Score: 0.74, AUC: 0.76
Epoch [8/100] - [TRAIN] Loss: 0.5276, Accuracy: 75.41%, AUC: 0.75 [VAL] Loss: 0.5133, Accuracy: 76.05%, Precision: 0.77, Recall: 0.72, F1-Score: 0.74, AUC: 0.76
Epoch [9/100] - [TRAIN] Loss: 0.5275, Accuracy: 75.24%, AUC: 0.75 [VAL] Loss: 0.5040, Accuracy: 76.24%, Precision: 0.79, Recall: 0.70, F1-Score: 0.74, AUC: 0.76
Epoch [10/100] - [TRAIN] Loss: 0.5211, Accuracy: 75.83%, AUC: 0.76 [VAL] Loss: 0.5099, Accuracy: 75.60%, Precision: 0.80, Recall: 0.68, F1-Score: 0.74, AUC: 0.76
Epoch [11/100] - [TRAIN] Loss: 0.5227, Accuracy: 75.59%, AUC: 0.75 [VAL] Loss: 0.5087, Accuracy: 76.47%, Precision: 0.80, Recall: 0.70, F1-Score: 0.75, AUC: 0.76
Epoch [12/100] - [TRAIN] Loss: 0.5221, Accuracy: 75.56%, AUC: 0.75 [VAL] Loss: 0.5066, Accuracy: 76.54%, Precision: 0.77, Recall: 0.73, F1-Score: 0.75, AUC: 0.76
Epoch [13/100] - [TRAIN] Loss: 0.5202, Accuracy: 75.58%, AUC: 0.76 [VAL] Loss: 0.5122, Accuracy: 75.36%, Precision: 0.76, Recall: 0.72, F1-Score: 0.74, AUC: 0.75
Epoch [14/100] - [TRAIN] Loss: 0.5208, Accuracy: 75.75%, AUC: 0.76 [VAL] Loss: 0.5051, Accuracy: 76.74%, Precision: 0.77, Recall: 0.73, F1-Score: 0.75, AUC: 0.77
Epoch [15/100] - [TRAIN] Loss: 0.5201, Accuracy: 75.67%, AUC: 0.76 [VAL] Loss: 0.5029, Accuracy: 76.58%, Precision: 0.79, Recall: 0.72, F1-Score: 0.75, AUC: 0.77
Epoch [16/100] - [TRAIN] Loss: 0.5177, Accuracy: 75.92%, AUC: 0.76 [VAL] Loss: 0.5070, Accuracy: 75.78%, Precision: 0.78, Recall: 0.70, F1-Score: 0.74, AUC: 0.76
Epoch [17/100] - [TRAIN] Loss: 0.5181, Accuracy: 75.83%, AUC: 0.76 [VAL] Loss: 0.5031, Accuracy: 76.01%, Precision: 0.78, Recall: 0.72, F1-Score: 0.75, AUC: 0.76
Epoch [18/100] - [TRAIN] Loss: 0.5203, Accuracy: 75.76%, AUC: 0.76 [VAL] Loss: 0.5074, Accuracy: 76.49%, Precision: 0.79, Recall: 0.72, F1-Score: 0.75, AUC: 0.76
Epoch [19/100] - [TRAIN] Loss: 0.5146, Accuracy: 75.80%, AUC: 0.76 [VAL] Loss: 0.5071, Accuracy: 76.33%, Precision: 0.79, Recall: 0.70, F1-Score: 0.74, AUC: 0.76
Epoch [20/100] - [TRAIN] Loss: 0.5189, Accuracy: 75.52%, AUC: 0.75 [VAL] Loss: 0.5073, Accuracy: 76.42%, Precision: 0.78, Recall: 0.72, F1-Score: 0.75, AUC: 0.76
Epoch [21/100] - [TRAIN] Loss: 0.5202, Accuracy: 75.59%, AUC: 0.76 [VAL] Loss: 0.5090, Accuracy: 76.75%, Precision: 0.79, Recall: 0.72, F1-Score: 0.75, AUC: 0.77
Epoch [22/100] - [TRAIN] Loss: 0.5143, Accuracy: 75.86%, AUC: 0.76 [VAL] Loss: 0.5074, Accuracy: 76.15%, Precision: 0.77, Recall: 0.72, F1-Score: 0.74, AUC: 0.76
Epoch [23/100] - [TRAIN] Loss: 0.5114, Accuracy: 76.03%, AUC: 0.76 [VAL] Loss: 0.5091, Accuracy: 75.95%, Precision: 0.77, Recall: 0.71, F1-Score: 0.74, AUC: 0.76
Epoch [24/100] - [TRAIN] Loss: 0.5163, Accuracy: 75.93%, AUC: 0.76 [VAL] Loss: 0.5008, Accuracy: 76.66%, Precision: 0.78, Recall: 0.72, F1-Score: 0.75, AUC: 0.76
Epoch [25/100] - [TRAIN] Loss: 0.5168, Accuracy: 75.65%, AUC: 0.76 [VAL] Loss: 0.5109, Accuracy: 76.52%, Precision: 0.78, Recall: 0.72, F1-Score: 0.75, AUC: 0.76
Epoch [26/100] - [TRAIN] Loss: 0.5165, Accuracy: 75.60%, AUC: 0.76 [VAL] Loss: 0.5028, Accuracy: 76.38%, Precision: 0.78, Recall: 0.72, F1-Score: 0.75, AUC: 0.76
Epoch [27/100] - [TRAIN] Loss: 0.5149, Accuracy: 75.95%, AUC: 0.76 [VAL] Loss: 0.5038, Accuracy: 76.61%, Precision: 0.79, Recall: 0.72, F1-Score: 0.75, AUC: 0.77
Epoch [28/100] - [TRAIN] Loss: 0.5160, Accuracy: 75.77%, AUC: 0.76 [VAL] Loss: 0.4976, Accuracy: 77.48%, Precision: 0.79, Recall: 0.73, F1-Score: 0.76, AUC: 0.77
Epoch [29/100] - [TRAIN] Loss: 0.5143, Accuracy: 75.78%, AUC: 0.76 [VAL] Loss: 0.4971, Accuracy: 76.69%, Precision: 0.78, Recall: 0.72, F1-Score: 0.75, AUC: 0.77
Epoch [30/100] - [TRAIN] Loss: 0.5166, Accuracy: 75.73%, AUC: 0.76 [VAL] Loss: 0.5068, Accuracy: 76.48%, Precision: 0.78, Recall: 0.71, F1-Score: 0.75, AUC: 0.76
Epoch [31/100] - [TRAIN] Loss: 0.5158, Accuracy: 75.62%, AUC: 0.76 [VAL] Loss: 0.5092, Accuracy: 75.99%, Precision: 0.78, Recall: 0.71, F1-Score: 0.75, AUC: 0.76
Epoch [32/100] - [TRAIN] Loss: 0.5146, Accuracy: 75.73%, AUC: 0.76 [VAL] Loss: 0.5053, Accuracy: 76.11%, Precision: 0.78, Recall: 0.71, F1-Score: 0.75, AUC: 0.76
Epoch [33/100] - [TRAIN] Loss: 0.5150, Accuracy: 75.78%, AUC: 0.76 [VAL] Loss: 0.5018, Accuracy: 76.62%, Precision: 0.78, Recall: 0.72, F1-Score: 0.75, AUC: 0.77
Epoch [34/100] - [TRAIN] Loss: 0.5152, Accuracy: 75.92%, AUC: 0.76 [VAL] Loss: 0.4995, Accuracy: 76.52%, Precision: 0.79, Recall: 0.72, F1-Score: 0.75, AUC: 0.76
Epoch [35/100] - [TRAIN] Loss: 0.5191, Accuracy: 75.51%, AUC: 0.75 [VAL] Loss: 0.5008, Accuracy: 76.50%, Precision: 0.78, Recall: 0.72, F1-Score: 0.75, AUC: 0.76
Epoch [36/100] - [TRAIN] Loss: 0.5128, Accuracy: 75.87%, AUC: 0.76 [VAL] Loss: 0.5106, Accuracy: 76.20%, Precision: 0.78, Recall: 0.72, F1-Score: 0.75, AUC: 0.76
Epoch [37/100] - [TRAIN] Loss: 0.5154, Accuracy: 75.67%, AUC: 0.76 [VAL] Loss: 0.5077, Accuracy: 75.77%, Precision: 0.78, Recall: 0.72, F1-Score: 0.75, AUC: 0.76
Epoch [38/100] - [TRAIN] Loss: 0.5139, Accuracy: 75.99%, AUC: 0.76 [VAL] Loss: 0.5131, Accuracy: 75.51%, Precision: 0.77, Recall: 0.71, F1-Score: 0.74, AUC: 0.75
Epoch [39/100] - [TRAIN] Loss: 0.5151, Accuracy: 75.92%, AUC: 0.76 [VAL] Loss: 0.4943, Accuracy: 77.22%, Precision: 0.79, Recall: 0.72, F1-Score: 0.76, AUC: 0.77
Epoch [40/100] - [TRAIN] Loss: 0.5160, Accuracy: 75.67%, AUC: 0.76 [VAL] Loss: 0.5018, Accuracy: 75.91%, Precision: 0.77, Recall: 0.72, F1-Score: 0.75, AUC: 0.76
Epoch [41/100] - [TRAIN] Loss: 0.5154, Accuracy: 75.83%, AUC: 0.76 [VAL] Loss: 0.4966, Accuracy: 76.87%, Precision: 0.79, Recall: 0.72, F1-Score: 0.75, AUC: 0.77
Epoch [42/100] - [TRAIN] Loss: 0.5167, Accuracy: 75.58%, AUC: 0.76 [VAL] Loss: 0.5044, Accuracy: 76.43%, Precision: 0.78, Recall: 0.72, F1-Score: 0.75, AUC: 0.76
Epoch [43/100] - [TRAIN] Loss: 0.5144, Accuracy: 75.70%, AUC: 0.76 [VAL] Loss: 0.5007, Accuracy: 76.68%, Precision: 0.78, Recall: 0.73, F1-Score: 0.75, AUC: 0.77
Epoch [44/100] - [TRAIN] Loss: 0.5177, Accuracy: 75.52%, AUC: 0.75 [VAL] Loss: 0.4995, Accuracy: 77.32%, Precision: 0.79, Recall: 0.73, F1-Score: 0.76, AUC: 0.77
Epoch [45/100] - [TRAIN] Loss: 0.5161, Accuracy: 75.73%, AUC: 0.76 [VAL] Loss: 0.4987, Accuracy: 76.75%, Precision: 0.78, Recall: 0.73, F1-Score: 0.75, AUC: 0.77
Epoch [46/100] - [TRAIN] Loss: 0.5154, Accuracy: 75.90%, AUC: 0.76 [VAL] Loss: 0.5111, Accuracy: 75.67%, Precision: 0.77, Recall: 0.71, F1-Score: 0.74, AUC: 0.76
Epoch [47/100] - [TRAIN] Loss: 0.5129, Accuracy: 75.93%, AUC: 0.76 [VAL] Loss: 0.5115, Accuracy: 76.00%, Precision: 0.78, Recall: 0.71, F1-Score: 0.74, AUC: 0.76
Epoch [48/100] - [TRAIN] Loss: 0.5157, Accuracy: 76.01%, AUC: 0.76 [VAL] Loss: 0.5113, Accuracy: 75.81%, Precision: 0.78, Recall: 0.71, F1-Score: 0.74, AUC: 0.76
Epoch [49/100] - [TRAIN] Loss: 0.5156, Accuracy: 75.68%, AUC: 0.76 [VAL] Loss: 0.5078, Accuracy: 76.20%, Precision: 0.77, Recall: 0.72, F1-Score: 0.75, AUC: 0.76
Epoch [50/100] - [TRAIN] Loss: 0.5167, Accuracy: 75.83%, AUC: 0.76 [VAL] Loss: 0.4972, Accuracy: 77.12%, Precision: 0.79, Recall: 0.73, F1-Score: 0.76, AUC: 0.77
Epoch [51/100] - [TRAIN] Loss: 0.5117, Accuracy: 75.96%, AUC: 0.76 [VAL] Loss: 0.5096, Accuracy: 76.00%, Precision: 0.78, Recall: 0.71, F1-Score: 0.74, AUC: 0.76
Epoch [52/100] - [TRAIN] Loss: 0.5143, Accuracy: 75.81%, AUC: 0.76 [VAL] Loss: 0.5060, Accuracy: 75.96%, Precision: 0.77, Recall: 0.71, F1-Score: 0.74, AUC: 0.76
Epoch [53/100] - [TRAIN] Loss: 0.5139, Accuracy: 75.86%, AUC: 0.76 [VAL] Loss: 0.5098, Accuracy: 76.92%, Precision: 0.78, Recall: 0.73, F1-Score: 0.75, AUC: 0.77
Epoch [54/100] - [TRAIN] Loss: 0.5124, Accuracy: 75.97%, AUC: 0.76 [VAL] Loss: 0.4936, Accuracy: 77.14%, Precision: 0.78, Recall: 0.73, F1-Score: 0.76, AUC: 0.77
Epoch [55/100] - [TRAIN] Loss: 0.5143, Accuracy: 75.97%, AUC: 0.76 [VAL] Loss: 0.5130, Accuracy: 75.81%, Precision: 0.78, Recall: 0.72, F1-Score: 0.74, AUC: 0.76
Epoch [56/100] - [TRAIN] Loss: 0.5162, Accuracy: 75.71%, AUC: 0.76 [VAL] Loss: 0.5145, Accuracy: 75.80%, Precision: 0.78, Recall: 0.71, F1-Score: 0.74, AUC: 0.76
Epoch [57/100] - [TRAIN] Loss: 0.5174, Accuracy: 75.72%, AUC: 0.76 [VAL] Loss: 0.5089, Accuracy: 76.28%, Precision: 0.77, Recall: 0.72, F1-Score: 0.75, AUC: 0.76
Epoch [58/100] - [TRAIN] Loss: 0.5155, Accuracy: 75.89%, AUC: 0.76 [VAL] Loss: 0.5150, Accuracy: 75.82%, Precision: 0.78, Recall: 0.72, F1-Score: 0.75, AUC: 0.76
Epoch [59/100] - [TRAIN] Loss: 0.5139, Accuracy: 75.79%, AUC: 0.76 [VAL] Loss: 0.5013, Accuracy: 75.69%, Precision: 0.77, Recall: 0.72, F1-Score: 0.74, AUC: 0.76
Epoch [60/100] - [TRAIN] Loss: 0.5176, Accuracy: 75.67%, AUC: 0.76 [VAL] Loss: 0.5040, Accuracy: 76.00%, Precision: 0.78, Recall: 0.71, F1-Score: 0.74, AUC: 0.76
Epoch [61/100] - [TRAIN] Loss: 0.5156, Accuracy: 75.73%, AUC: 0.76 [VAL] Loss: 0.5067, Accuracy: 76.40%, Precision: 0.78, Recall: 0.72, F1-Score: 0.75, AUC: 0.76
Epoch [62/100] - [TRAIN] Loss: 0.5140, Accuracy: 75.89%, AUC: 0.76 [VAL] Loss: 0.5130, Accuracy: 75.93%, Precision: 0.77, Recall: 0.72, F1-Score: 0.74, AUC: 0.76
Epoch [63/100] - [TRAIN] Loss: 0.5147, Accuracy: 75.92%, AUC: 0.76 [VAL] Loss: 0.5070, Accuracy: 76.37%, Precision: 0.79, Recall: 0.72, F1-Score: 0.75, AUC: 0.76
Epoch [64/100] - [TRAIN] Loss: 0.5154, Accuracy: 75.91%, AUC: 0.76 [VAL] Loss: 0.5008, Accuracy: 76.30%, Precision: 0.78, Recall: 0.72, F1-Score: 0.75, AUC: 0.76
Epoch [65/100] - [TRAIN] Loss: 0.5202, Accuracy: 75.33%, AUC: 0.75 [VAL] Loss: 0.5088, Accuracy: 76.50%, Precision: 0.78, Recall: 0.72, F1-Score: 0.75, AUC: 0.76
Epoch [66/100] - [TRAIN] Loss: 0.5191, Accuracy: 75.62%, AUC: 0.76 [VAL] Loss: 0.5095, Accuracy: 76.05%, Precision: 0.77, Recall: 0.72, F1-Score: 0.74, AUC: 0.76
Epoch [67/100] - [TRAIN] Loss: 0.5106, Accuracy: 76.15%, AUC: 0.76 [VAL] Loss: 0.4999, Accuracy: 76.71%, Precision: 0.78, Recall: 0.73, F1-Score: 0.75, AUC: 0.77
Epoch [68/100] - [TRAIN] Loss: 0.5130, Accuracy: 75.95%, AUC: 0.76 [VAL] Loss: 0.5082, Accuracy: 76.35%, Precision: 0.77, Recall: 0.72, F1-Score: 0.74, AUC: 0.76
Epoch [69/100] - [TRAIN] Loss: 0.5173, Accuracy: 75.52%, AUC: 0.75 [VAL] Loss: 0.5020, Accuracy: 76.28%, Precision: 0.79, Recall: 0.71, F1-Score: 0.75, AUC: 0.76
Epoch [70/100] - [TRAIN] Loss: 0.5170, Accuracy: 75.62%, AUC: 0.76 [VAL] Loss: 0.5037, Accuracy: 76.67%, Precision: 0.78, Recall: 0.72, F1-Score: 0.75, AUC: 0.77
Epoch [71/100] - [TRAIN] Loss: 0.5159, Accuracy: 75.82%, AUC: 0.76 [VAL] Loss: 0.5145, Accuracy: 75.30%, Precision: 0.78, Recall: 0.70, F1-Score: 0.74, AUC: 0.75
Epoch [72/100] - [TRAIN] Loss: 0.5180, Accuracy: 75.70%, AUC: 0.76 [VAL] Loss: 0.5038, Accuracy: 76.10%, Precision: 0.77, Recall: 0.72, F1-Score: 0.74, AUC: 0.76
Epoch [73/100] - [TRAIN] Loss: 0.5172, Accuracy: 75.67%, AUC: 0.76 [VAL] Loss: 0.5120, Accuracy: 76.06%, Precision: 0.78, Recall: 0.71, F1-Score: 0.74, AUC: 0.76
Epoch [74/100] - [TRAIN] Loss: 0.5184, Accuracy: 75.72%, AUC: 0.76 [VAL] Loss: 0.4949, Accuracy: 76.66%, Precision: 0.78, Recall: 0.72, F1-Score: 0.75, AUC: 0.77
Epoch [75/100] - [TRAIN] Loss: 0.5164, Accuracy: 75.65%, AUC: 0.76 [VAL] Loss: 0.5051, Accuracy: 75.68%, Precision: 0.77, Recall: 0.71, F1-Score: 0.74, AUC: 0.76
Epoch [76/100] - [TRAIN] Loss: 0.5182, Accuracy: 75.46%, AUC: 0.75 [VAL] Loss: 0.5107, Accuracy: 75.64%, Precision: 0.78, Recall: 0.71, F1-Score: 0.74, AUC: 0.76
Epoch [77/100] - [TRAIN] Loss: 0.5169, Accuracy: 75.66%, AUC: 0.76 [VAL] Loss: 0.5123, Accuracy: 76.12%, Precision: 0.78, Recall: 0.72, F1-Score: 0.75, AUC: 0.76
Epoch [78/100] - [TRAIN] Loss: 0.5143, Accuracy: 75.88%, AUC: 0.76 [VAL] Loss: 0.5052, Accuracy: 76.93%, Precision: 0.78, Recall: 0.73, F1-Score: 0.75, AUC: 0.77
Epoch [79/100] - [TRAIN] Loss: 0.5164, Accuracy: 75.58%, AUC: 0.76 [VAL] Loss: 0.4988, Accuracy: 77.55%, Precision: 0.80, Recall: 0.74, F1-Score: 0.77, AUC: 0.78
Epoch [80/100] - [TRAIN] Loss: 0.5132, Accuracy: 75.92%, AUC: 0.76 [VAL] Loss: 0.5076, Accuracy: 76.39%, Precision: 0.78, Recall: 0.72, F1-Score: 0.75, AUC: 0.76
Epoch [81/100] - [TRAIN] Loss: 0.5137, Accuracy: 75.88%, AUC: 0.76 [VAL] Loss: 0.5064, Accuracy: 76.13%, Precision: 0.79, Recall: 0.71, F1-Score: 0.75, AUC: 0.76
Epoch [82/100] - [TRAIN] Loss: 0.5171, Accuracy: 75.91%, AUC: 0.76 [VAL] Loss: 0.5123, Accuracy: 76.36%, Precision: 0.78, Recall: 0.71, F1-Score: 0.75, AUC: 0.76
Epoch [83/100] - [TRAIN] Loss: 0.5172, Accuracy: 75.70%, AUC: 0.76 [VAL] Loss: 0.4996, Accuracy: 76.50%, Precision: 0.79, Recall: 0.73, F1-Score: 0.76, AUC: 0.77
Epoch [84/100] - [TRAIN] Loss: 0.5160, Accuracy: 75.52%, AUC: 0.75 [VAL] Loss: 0.5063, Accuracy: 76.32%, Precision: 0.78, Recall: 0.72, F1-Score: 0.75, AUC: 0.76
Epoch [85/100] - [TRAIN] Loss: 0.5142, Accuracy: 75.76%, AUC: 0.76 [VAL] Loss: 0.5094, Accuracy: 75.87%, Precision: 0.77, Recall: 0.72, F1-Score: 0.75, AUC: 0.76
Epoch [86/100] - [TRAIN] Loss: 0.5146, Accuracy: 75.80%, AUC: 0.76 [VAL] Loss: 0.5027, Accuracy: 76.63%, Precision: 0.78, Recall: 0.72, F1-Score: 0.75, AUC: 0.77
Epoch [87/100] - [TRAIN] Loss: 0.5157, Accuracy: 75.91%, AUC: 0.76 [VAL] Loss: 0.5072, Accuracy: 76.57%, Precision: 0.77, Recall: 0.72, F1-Score: 0.75, AUC: 0.76
Epoch [88/100] - [TRAIN] Loss: 0.5138, Accuracy: 75.72%, AUC: 0.76 [VAL] Loss: 0.5076, Accuracy: 76.43%, Precision: 0.78, Recall: 0.72, F1-Score: 0.75, AUC: 0.76
Epoch [89/100] - [TRAIN] Loss: 0.5180, Accuracy: 75.72%, AUC: 0.76 [VAL] Loss: 0.5084, Accuracy: 76.39%, Precision: 0.78, Recall: 0.72, F1-Score: 0.75, AUC: 0.76
Epoch [90/100] - [TRAIN] Loss: 0.5167, Accuracy: 75.88%, AUC: 0.76 [VAL] Loss: 0.5069, Accuracy: 75.69%, Precision: 0.77, Recall: 0.71, F1-Score: 0.74, AUC: 0.76
Epoch [91/100] - [TRAIN] Loss: 0.5159, Accuracy: 75.83%, AUC: 0.76 [VAL] Loss: 0.5051, Accuracy: 76.81%, Precision: 0.78, Recall: 0.73, F1-Score: 0.75, AUC: 0.77
Epoch [92/100] - [TRAIN] Loss: 0.5124, Accuracy: 76.06%, AUC: 0.76 [VAL] Loss: 0.5107, Accuracy: 75.88%, Precision: 0.77, Recall: 0.71, F1-Score: 0.74, AUC: 0.76
Epoch [93/100] - [TRAIN] Loss: 0.5167, Accuracy: 75.64%, AUC: 0.76 [VAL] Loss: 0.5052, Accuracy: 77.23%, Precision: 0.79, Recall: 0.72, F1-Score: 0.75, AUC: 0.77
Epoch [94/100] - [TRAIN] Loss: 0.5176, Accuracy: 75.56%, AUC: 0.75 [VAL] Loss: 0.5128, Accuracy: 75.82%, Precision: 0.77, Recall: 0.72, F1-Score: 0.74, AUC: 0.76
Epoch [95/100] - [TRAIN] Loss: 0.5160, Accuracy: 75.72%, AUC: 0.76 [VAL] Loss: 0.5108, Accuracy: 76.22%, Precision: 0.77, Recall: 0.72, F1-Score: 0.75, AUC: 0.76
Epoch [96/100] - [TRAIN] Loss: 0.5165, Accuracy: 75.58%, AUC: 0.75 [VAL] Loss: 0.5119, Accuracy: 75.54%, Precision: 0.78, Recall: 0.71, F1-Score: 0.74, AUC: 0.76
Epoch [97/100] - [TRAIN] Loss: 0.5173, Accuracy: 75.65%, AUC: 0.76 [VAL] Loss: 0.5132, Accuracy: 75.42%, Precision: 0.78, Recall: 0.70, F1-Score: 0.74, AUC: 0.75
Epoch [98/100] - [TRAIN] Loss: 0.5153, Accuracy: 75.83%, AUC: 0.76 [VAL] Loss: 0.5008, Accuracy: 76.64%, Precision: 0.79, Recall: 0.72, F1-Score: 0.75, AUC: 0.77
Epoch [99/100] - [TRAIN] Loss: 0.5148, Accuracy: 75.73%, AUC: 0.76 [VAL] Loss: 0.4926, Accuracy: 77.15%, Precision: 0.79, Recall: 0.73, F1-Score: 0.76, AUC: 0.77
Epoch [100/100] - [TRAIN] Loss: 0.5156, Accuracy: 75.72%, AUC: 0.76 [VAL] Loss: 0.5080, Accuracy: 75.37%, Precision: 0.77, Recall: 0.71, F1-Score: 0.74, AUC: 0.75
Accuracy Score on test set: 76.52 %
    AUC Score on test set: 0.76
    Precision: 0.7815
    Recall: 0.7239
    F1-Score: 0.7516

    Detailed Classification Report:
                  precision    recall  f1-score   support

           0       0.75      0.81      0.78      5093
           1       0.78      0.72      0.75      4907

    accuracy                           0.77     10000
   macro avg       0.77      0.76      0.76     10000
weighted avg       0.77      0.77      0.76     10000


    Confusion Matrix:
    [[4100  993]
 [1355 3552]]
    

Real-time duration: 2125.970129765 seconds
