Using device: cuda
Current CUDA device: 0
CUDA device name: Tesla V100-PCIE-16GB
000-H3K4me3
Epoch [1/100] - [TRAIN] Loss: 0.6120, Accuracy: 70.88%, AUC: 0.71 [VAL] Loss: 0.5718, Accuracy: 73.66%, Precision: 0.75, Recall: 0.69, F1-Score: 0.72, AUC: 0.74
Epoch [2/100] - [TRAIN] Loss: 0.5812, Accuracy: 73.14%, AUC: 0.73 [VAL] Loss: 0.5652, Accuracy: 73.54%, Precision: 0.76, Recall: 0.68, F1-Score: 0.72, AUC: 0.73
Epoch [3/100] - [TRAIN] Loss: 0.5729, Accuracy: 73.35%, AUC: 0.73 [VAL] Loss: 0.5651, Accuracy: 73.82%, Precision: 0.75, Recall: 0.69, F1-Score: 0.72, AUC: 0.74
Epoch [4/100] - [TRAIN] Loss: 0.5661, Accuracy: 73.68%, AUC: 0.74 [VAL] Loss: 0.5490, Accuracy: 74.45%, Precision: 0.77, Recall: 0.69, F1-Score: 0.72, AUC: 0.74
Epoch [5/100] - [TRAIN] Loss: 0.5661, Accuracy: 73.73%, AUC: 0.74 [VAL] Loss: 0.5432, Accuracy: 74.90%, Precision: 0.77, Recall: 0.69, F1-Score: 0.72, AUC: 0.75
Epoch [6/100] - [TRAIN] Loss: 0.5669, Accuracy: 73.44%, AUC: 0.73 [VAL] Loss: 0.5567, Accuracy: 73.71%, Precision: 0.76, Recall: 0.68, F1-Score: 0.72, AUC: 0.74
Epoch [7/100] - [TRAIN] Loss: 0.5605, Accuracy: 73.89%, AUC: 0.74 [VAL] Loss: 0.5531, Accuracy: 74.17%, Precision: 0.76, Recall: 0.69, F1-Score: 0.72, AUC: 0.74
Epoch [8/100] - [TRAIN] Loss: 0.5590, Accuracy: 73.96%, AUC: 0.74 [VAL] Loss: 0.5506, Accuracy: 74.34%, Precision: 0.76, Recall: 0.70, F1-Score: 0.73, AUC: 0.74
Epoch [9/100] - [TRAIN] Loss: 0.5583, Accuracy: 74.10%, AUC: 0.74 [VAL] Loss: 0.5445, Accuracy: 74.15%, Precision: 0.75, Recall: 0.69, F1-Score: 0.72, AUC: 0.74
Epoch [10/100] - [TRAIN] Loss: 0.5589, Accuracy: 73.74%, AUC: 0.74 [VAL] Loss: 0.5426, Accuracy: 74.76%, Precision: 0.77, Recall: 0.69, F1-Score: 0.72, AUC: 0.75
Epoch [11/100] - [TRAIN] Loss: 0.5560, Accuracy: 74.07%, AUC: 0.74 [VAL] Loss: 0.5421, Accuracy: 74.46%, Precision: 0.76, Recall: 0.69, F1-Score: 0.72, AUC: 0.74
Epoch [12/100] - [TRAIN] Loss: 0.5532, Accuracy: 74.19%, AUC: 0.74 [VAL] Loss: 0.5456, Accuracy: 74.10%, Precision: 0.76, Recall: 0.69, F1-Score: 0.72, AUC: 0.74
Epoch [13/100] - [TRAIN] Loss: 0.5541, Accuracy: 74.07%, AUC: 0.74 [VAL] Loss: 0.5444, Accuracy: 74.44%, Precision: 0.76, Recall: 0.70, F1-Score: 0.73, AUC: 0.74
Epoch [14/100] - [TRAIN] Loss: 0.5547, Accuracy: 73.95%, AUC: 0.74 [VAL] Loss: 0.5418, Accuracy: 74.62%, Precision: 0.77, Recall: 0.69, F1-Score: 0.73, AUC: 0.75
Epoch [15/100] - [TRAIN] Loss: 0.5528, Accuracy: 74.15%, AUC: 0.74 [VAL] Loss: 0.5369, Accuracy: 75.14%, Precision: 0.76, Recall: 0.70, F1-Score: 0.73, AUC: 0.75
Epoch [16/100] - [TRAIN] Loss: 0.5545, Accuracy: 73.99%, AUC: 0.74 [VAL] Loss: 0.5513, Accuracy: 74.13%, Precision: 0.75, Recall: 0.69, F1-Score: 0.72, AUC: 0.74
Epoch [17/100] - [TRAIN] Loss: 0.5552, Accuracy: 74.02%, AUC: 0.74 [VAL] Loss: 0.5468, Accuracy: 73.62%, Precision: 0.75, Recall: 0.68, F1-Score: 0.72, AUC: 0.73
Epoch [18/100] - [TRAIN] Loss: 0.5513, Accuracy: 74.19%, AUC: 0.74 [VAL] Loss: 0.5442, Accuracy: 74.46%, Precision: 0.76, Recall: 0.69, F1-Score: 0.72, AUC: 0.74
Epoch [19/100] - [TRAIN] Loss: 0.5541, Accuracy: 73.90%, AUC: 0.74 [VAL] Loss: 0.5456, Accuracy: 73.94%, Precision: 0.76, Recall: 0.68, F1-Score: 0.72, AUC: 0.74
Epoch [20/100] - [TRAIN] Loss: 0.5492, Accuracy: 74.20%, AUC: 0.74 [VAL] Loss: 0.5387, Accuracy: 74.49%, Precision: 0.77, Recall: 0.69, F1-Score: 0.73, AUC: 0.74
Epoch [21/100] - [TRAIN] Loss: 0.5522, Accuracy: 74.10%, AUC: 0.74 [VAL] Loss: 0.5364, Accuracy: 74.97%, Precision: 0.77, Recall: 0.70, F1-Score: 0.73, AUC: 0.75
Epoch [22/100] - [TRAIN] Loss: 0.5511, Accuracy: 74.11%, AUC: 0.74 [VAL] Loss: 0.5426, Accuracy: 74.53%, Precision: 0.76, Recall: 0.69, F1-Score: 0.73, AUC: 0.74
Epoch [23/100] - [TRAIN] Loss: 0.5521, Accuracy: 74.09%, AUC: 0.74 [VAL] Loss: 0.5366, Accuracy: 74.87%, Precision: 0.77, Recall: 0.69, F1-Score: 0.73, AUC: 0.75
Epoch [24/100] - [TRAIN] Loss: 0.5486, Accuracy: 74.31%, AUC: 0.74 [VAL] Loss: 0.5328, Accuracy: 74.68%, Precision: 0.76, Recall: 0.70, F1-Score: 0.73, AUC: 0.75
Epoch [25/100] - [TRAIN] Loss: 0.5498, Accuracy: 74.25%, AUC: 0.74 [VAL] Loss: 0.5498, Accuracy: 73.92%, Precision: 0.75, Recall: 0.68, F1-Score: 0.71, AUC: 0.74
Epoch [26/100] - [TRAIN] Loss: 0.5484, Accuracy: 74.25%, AUC: 0.74 [VAL] Loss: 0.5391, Accuracy: 74.52%, Precision: 0.76, Recall: 0.71, F1-Score: 0.73, AUC: 0.74
Epoch [27/100] - [TRAIN] Loss: 0.5493, Accuracy: 74.27%, AUC: 0.74 [VAL] Loss: 0.5385, Accuracy: 74.32%, Precision: 0.76, Recall: 0.69, F1-Score: 0.72, AUC: 0.74
Epoch [28/100] - [TRAIN] Loss: 0.5494, Accuracy: 74.16%, AUC: 0.74 [VAL] Loss: 0.5456, Accuracy: 74.24%, Precision: 0.75, Recall: 0.70, F1-Score: 0.73, AUC: 0.74
Epoch [29/100] - [TRAIN] Loss: 0.5497, Accuracy: 74.13%, AUC: 0.74 [VAL] Loss: 0.5415, Accuracy: 74.53%, Precision: 0.77, Recall: 0.69, F1-Score: 0.73, AUC: 0.74
Epoch [30/100] - [TRAIN] Loss: 0.5487, Accuracy: 74.37%, AUC: 0.74 [VAL] Loss: 0.5519, Accuracy: 73.79%, Precision: 0.76, Recall: 0.69, F1-Score: 0.72, AUC: 0.74
Epoch [31/100] - [TRAIN] Loss: 0.5472, Accuracy: 74.16%, AUC: 0.74 [VAL] Loss: 0.5426, Accuracy: 73.87%, Precision: 0.75, Recall: 0.69, F1-Score: 0.72, AUC: 0.74
Epoch [32/100] - [TRAIN] Loss: 0.5470, Accuracy: 74.35%, AUC: 0.74 [VAL] Loss: 0.5430, Accuracy: 74.53%, Precision: 0.76, Recall: 0.70, F1-Score: 0.72, AUC: 0.74
Epoch [33/100] - [TRAIN] Loss: 0.5457, Accuracy: 74.33%, AUC: 0.74 [VAL] Loss: 0.5365, Accuracy: 74.65%, Precision: 0.76, Recall: 0.70, F1-Score: 0.73, AUC: 0.75
Epoch [34/100] - [TRAIN] Loss: 0.5468, Accuracy: 74.26%, AUC: 0.74 [VAL] Loss: 0.5415, Accuracy: 74.42%, Precision: 0.77, Recall: 0.69, F1-Score: 0.73, AUC: 0.74
Epoch [35/100] - [TRAIN] Loss: 0.5479, Accuracy: 74.34%, AUC: 0.74 [VAL] Loss: 0.5345, Accuracy: 75.24%, Precision: 0.78, Recall: 0.69, F1-Score: 0.73, AUC: 0.75
Epoch [36/100] - [TRAIN] Loss: 0.5482, Accuracy: 74.21%, AUC: 0.74 [VAL] Loss: 0.5316, Accuracy: 75.44%, Precision: 0.77, Recall: 0.70, F1-Score: 0.73, AUC: 0.75
Epoch [37/100] - [TRAIN] Loss: 0.5458, Accuracy: 74.35%, AUC: 0.74 [VAL] Loss: 0.5348, Accuracy: 74.52%, Precision: 0.76, Recall: 0.70, F1-Score: 0.73, AUC: 0.74
Epoch [38/100] - [TRAIN] Loss: 0.5474, Accuracy: 74.26%, AUC: 0.74 [VAL] Loss: 0.5346, Accuracy: 74.84%, Precision: 0.77, Recall: 0.69, F1-Score: 0.73, AUC: 0.75
Epoch [39/100] - [TRAIN] Loss: 0.5468, Accuracy: 74.35%, AUC: 0.74 [VAL] Loss: 0.5319, Accuracy: 75.16%, Precision: 0.77, Recall: 0.70, F1-Score: 0.73, AUC: 0.75
Epoch [40/100] - [TRAIN] Loss: 0.5451, Accuracy: 74.52%, AUC: 0.74 [VAL] Loss: 0.5383, Accuracy: 74.75%, Precision: 0.77, Recall: 0.70, F1-Score: 0.73, AUC: 0.75
Epoch [41/100] - [TRAIN] Loss: 0.5475, Accuracy: 74.45%, AUC: 0.74 [VAL] Loss: 0.5370, Accuracy: 74.75%, Precision: 0.77, Recall: 0.70, F1-Score: 0.73, AUC: 0.75
Epoch [42/100] - [TRAIN] Loss: 0.5457, Accuracy: 74.40%, AUC: 0.74 [VAL] Loss: 0.5433, Accuracy: 75.00%, Precision: 0.77, Recall: 0.69, F1-Score: 0.73, AUC: 0.75
Epoch [43/100] - [TRAIN] Loss: 0.5459, Accuracy: 74.51%, AUC: 0.74 [VAL] Loss: 0.5375, Accuracy: 74.75%, Precision: 0.76, Recall: 0.70, F1-Score: 0.73, AUC: 0.75
Epoch [44/100] - [TRAIN] Loss: 0.5449, Accuracy: 74.54%, AUC: 0.74 [VAL] Loss: 0.5357, Accuracy: 74.73%, Precision: 0.76, Recall: 0.70, F1-Score: 0.73, AUC: 0.75
Epoch [45/100] - [TRAIN] Loss: 0.5452, Accuracy: 74.42%, AUC: 0.74 [VAL] Loss: 0.5365, Accuracy: 74.91%, Precision: 0.76, Recall: 0.69, F1-Score: 0.73, AUC: 0.75
Epoch [46/100] - [TRAIN] Loss: 0.5475, Accuracy: 74.38%, AUC: 0.74 [VAL] Loss: 0.5347, Accuracy: 74.92%, Precision: 0.75, Recall: 0.70, F1-Score: 0.73, AUC: 0.75
Epoch [47/100] - [TRAIN] Loss: 0.5463, Accuracy: 74.31%, AUC: 0.74 [VAL] Loss: 0.5403, Accuracy: 74.30%, Precision: 0.77, Recall: 0.70, F1-Score: 0.73, AUC: 0.74
Epoch [48/100] - [TRAIN] Loss: 0.5461, Accuracy: 74.40%, AUC: 0.74 [VAL] Loss: 0.5414, Accuracy: 74.29%, Precision: 0.76, Recall: 0.69, F1-Score: 0.72, AUC: 0.74
Epoch [49/100] - [TRAIN] Loss: 0.5483, Accuracy: 74.36%, AUC: 0.74 [VAL] Loss: 0.5437, Accuracy: 74.21%, Precision: 0.77, Recall: 0.69, F1-Score: 0.73, AUC: 0.74
Epoch [50/100] - [TRAIN] Loss: 0.5463, Accuracy: 74.37%, AUC: 0.74 [VAL] Loss: 0.5384, Accuracy: 74.55%, Precision: 0.77, Recall: 0.69, F1-Score: 0.73, AUC: 0.74
Epoch [51/100] - [TRAIN] Loss: 0.5436, Accuracy: 74.52%, AUC: 0.74 [VAL] Loss: 0.5316, Accuracy: 75.22%, Precision: 0.77, Recall: 0.70, F1-Score: 0.74, AUC: 0.75
Epoch [52/100] - [TRAIN] Loss: 0.5477, Accuracy: 74.32%, AUC: 0.74 [VAL] Loss: 0.5325, Accuracy: 74.82%, Precision: 0.77, Recall: 0.69, F1-Score: 0.73, AUC: 0.75
Epoch [53/100] - [TRAIN] Loss: 0.5479, Accuracy: 74.31%, AUC: 0.74 [VAL] Loss: 0.5399, Accuracy: 74.98%, Precision: 0.77, Recall: 0.70, F1-Score: 0.73, AUC: 0.75
Epoch [54/100] - [TRAIN] Loss: 0.5477, Accuracy: 74.17%, AUC: 0.74 [VAL] Loss: 0.5321, Accuracy: 75.07%, Precision: 0.77, Recall: 0.70, F1-Score: 0.73, AUC: 0.75
Epoch [55/100] - [TRAIN] Loss: 0.5463, Accuracy: 74.29%, AUC: 0.74 [VAL] Loss: 0.5378, Accuracy: 74.73%, Precision: 0.78, Recall: 0.70, F1-Score: 0.74, AUC: 0.75
Epoch [56/100] - [TRAIN] Loss: 0.5458, Accuracy: 74.44%, AUC: 0.74 [VAL] Loss: 0.5424, Accuracy: 74.75%, Precision: 0.76, Recall: 0.70, F1-Score: 0.73, AUC: 0.75
Epoch [57/100] - [TRAIN] Loss: 0.5479, Accuracy: 74.20%, AUC: 0.74 [VAL] Loss: 0.5368, Accuracy: 74.96%, Precision: 0.77, Recall: 0.70, F1-Score: 0.73, AUC: 0.75
Epoch [58/100] - [TRAIN] Loss: 0.5477, Accuracy: 74.27%, AUC: 0.74 [VAL] Loss: 0.5383, Accuracy: 74.64%, Precision: 0.77, Recall: 0.70, F1-Score: 0.73, AUC: 0.75
Epoch [59/100] - [TRAIN] Loss: 0.5439, Accuracy: 74.74%, AUC: 0.75 [VAL] Loss: 0.5426, Accuracy: 73.70%, Precision: 0.75, Recall: 0.68, F1-Score: 0.71, AUC: 0.74
Epoch [60/100] - [TRAIN] Loss: 0.5493, Accuracy: 74.06%, AUC: 0.74 [VAL] Loss: 0.5362, Accuracy: 74.46%, Precision: 0.76, Recall: 0.70, F1-Score: 0.73, AUC: 0.74
Epoch [61/100] - [TRAIN] Loss: 0.5429, Accuracy: 74.50%, AUC: 0.74 [VAL] Loss: 0.5398, Accuracy: 74.18%, Precision: 0.75, Recall: 0.70, F1-Score: 0.72, AUC: 0.74
Epoch [62/100] - [TRAIN] Loss: 0.5470, Accuracy: 74.37%, AUC: 0.74 [VAL] Loss: 0.5350, Accuracy: 74.92%, Precision: 0.77, Recall: 0.70, F1-Score: 0.73, AUC: 0.75
Epoch [63/100] - [TRAIN] Loss: 0.5468, Accuracy: 74.37%, AUC: 0.74 [VAL] Loss: 0.5394, Accuracy: 74.72%, Precision: 0.77, Recall: 0.70, F1-Score: 0.73, AUC: 0.75
Epoch [64/100] - [TRAIN] Loss: 0.5467, Accuracy: 74.40%, AUC: 0.74 [VAL] Loss: 0.5345, Accuracy: 74.49%, Precision: 0.77, Recall: 0.69, F1-Score: 0.73, AUC: 0.74
Epoch [65/100] - [TRAIN] Loss: 0.5441, Accuracy: 74.59%, AUC: 0.74 [VAL] Loss: 0.5337, Accuracy: 74.50%, Precision: 0.77, Recall: 0.69, F1-Score: 0.73, AUC: 0.74
Epoch [66/100] - [TRAIN] Loss: 0.5477, Accuracy: 74.43%, AUC: 0.74 [VAL] Loss: 0.5441, Accuracy: 74.18%, Precision: 0.76, Recall: 0.69, F1-Score: 0.72, AUC: 0.74
Epoch [67/100] - [TRAIN] Loss: 0.5481, Accuracy: 74.44%, AUC: 0.74 [VAL] Loss: 0.5372, Accuracy: 74.41%, Precision: 0.76, Recall: 0.70, F1-Score: 0.73, AUC: 0.74
Epoch [68/100] - [TRAIN] Loss: 0.5484, Accuracy: 74.39%, AUC: 0.74 [VAL] Loss: 0.5380, Accuracy: 74.67%, Precision: 0.76, Recall: 0.70, F1-Score: 0.73, AUC: 0.75
Epoch [69/100] - [TRAIN] Loss: 0.5485, Accuracy: 74.14%, AUC: 0.74 [VAL] Loss: 0.5402, Accuracy: 74.61%, Precision: 0.76, Recall: 0.70, F1-Score: 0.73, AUC: 0.75
Epoch [70/100] - [TRAIN] Loss: 0.5486, Accuracy: 74.09%, AUC: 0.74 [VAL] Loss: 0.5381, Accuracy: 74.64%, Precision: 0.76, Recall: 0.70, F1-Score: 0.73, AUC: 0.75
Epoch [71/100] - [TRAIN] Loss: 0.5479, Accuracy: 74.25%, AUC: 0.74 [VAL] Loss: 0.5422, Accuracy: 74.24%, Precision: 0.77, Recall: 0.69, F1-Score: 0.73, AUC: 0.74
Epoch [72/100] - [TRAIN] Loss: 0.5482, Accuracy: 74.31%, AUC: 0.74 [VAL] Loss: 0.5386, Accuracy: 74.45%, Precision: 0.76, Recall: 0.70, F1-Score: 0.73, AUC: 0.74
Epoch [73/100] - [TRAIN] Loss: 0.5485, Accuracy: 73.94%, AUC: 0.74 [VAL] Loss: 0.5404, Accuracy: 74.51%, Precision: 0.76, Recall: 0.69, F1-Score: 0.73, AUC: 0.74
Epoch [74/100] - [TRAIN] Loss: 0.5456, Accuracy: 74.44%, AUC: 0.74 [VAL] Loss: 0.5392, Accuracy: 74.47%, Precision: 0.76, Recall: 0.70, F1-Score: 0.73, AUC: 0.74
Epoch [75/100] - [TRAIN] Loss: 0.5465, Accuracy: 74.31%, AUC: 0.74 [VAL] Loss: 0.5365, Accuracy: 74.48%, Precision: 0.75, Recall: 0.71, F1-Score: 0.73, AUC: 0.74
Epoch [76/100] - [TRAIN] Loss: 0.5496, Accuracy: 74.22%, AUC: 0.74 [VAL] Loss: 0.5361, Accuracy: 74.84%, Precision: 0.76, Recall: 0.70, F1-Score: 0.73, AUC: 0.75
Epoch [77/100] - [TRAIN] Loss: 0.5477, Accuracy: 74.19%, AUC: 0.74 [VAL] Loss: 0.5349, Accuracy: 75.29%, Precision: 0.77, Recall: 0.70, F1-Score: 0.74, AUC: 0.75
Epoch [78/100] - [TRAIN] Loss: 0.5492, Accuracy: 74.17%, AUC: 0.74 [VAL] Loss: 0.5402, Accuracy: 74.26%, Precision: 0.76, Recall: 0.69, F1-Score: 0.72, AUC: 0.74
Epoch [79/100] - [TRAIN] Loss: 0.5492, Accuracy: 74.06%, AUC: 0.74 [VAL] Loss: 0.5360, Accuracy: 75.26%, Precision: 0.78, Recall: 0.70, F1-Score: 0.74, AUC: 0.75
Epoch [80/100] - [TRAIN] Loss: 0.5456, Accuracy: 74.38%, AUC: 0.74 [VAL] Loss: 0.5365, Accuracy: 75.02%, Precision: 0.77, Recall: 0.69, F1-Score: 0.73, AUC: 0.75
Epoch [81/100] - [TRAIN] Loss: 0.5453, Accuracy: 74.42%, AUC: 0.74 [VAL] Loss: 0.5422, Accuracy: 74.38%, Precision: 0.75, Recall: 0.70, F1-Score: 0.73, AUC: 0.74
Epoch [82/100] - [TRAIN] Loss: 0.5471, Accuracy: 74.23%, AUC: 0.74 [VAL] Loss: 0.5453, Accuracy: 74.18%, Precision: 0.75, Recall: 0.70, F1-Score: 0.72, AUC: 0.74
Epoch [83/100] - [TRAIN] Loss: 0.5505, Accuracy: 74.15%, AUC: 0.74 [VAL] Loss: 0.5485, Accuracy: 74.11%, Precision: 0.76, Recall: 0.69, F1-Score: 0.72, AUC: 0.74
Epoch [84/100] - [TRAIN] Loss: 0.5476, Accuracy: 74.24%, AUC: 0.74 [VAL] Loss: 0.5367, Accuracy: 74.38%, Precision: 0.77, Recall: 0.70, F1-Score: 0.73, AUC: 0.74
Epoch [85/100] - [TRAIN] Loss: 0.5494, Accuracy: 74.01%, AUC: 0.74 [VAL] Loss: 0.5373, Accuracy: 74.50%, Precision: 0.75, Recall: 0.70, F1-Score: 0.72, AUC: 0.74
Epoch [86/100] - [TRAIN] Loss: 0.5469, Accuracy: 74.28%, AUC: 0.74 [VAL] Loss: 0.5370, Accuracy: 75.08%, Precision: 0.77, Recall: 0.69, F1-Score: 0.73, AUC: 0.75
Epoch [87/100] - [TRAIN] Loss: 0.5473, Accuracy: 74.23%, AUC: 0.74 [VAL] Loss: 0.5410, Accuracy: 74.36%, Precision: 0.76, Recall: 0.70, F1-Score: 0.73, AUC: 0.74
Epoch [88/100] - [TRAIN] Loss: 0.5449, Accuracy: 74.51%, AUC: 0.74 [VAL] Loss: 0.5434, Accuracy: 74.76%, Precision: 0.76, Recall: 0.69, F1-Score: 0.73, AUC: 0.75
Epoch [89/100] - [TRAIN] Loss: 0.5457, Accuracy: 74.51%, AUC: 0.74 [VAL] Loss: 0.5351, Accuracy: 74.37%, Precision: 0.77, Recall: 0.69, F1-Score: 0.72, AUC: 0.74
Epoch [90/100] - [TRAIN] Loss: 0.5445, Accuracy: 74.47%, AUC: 0.74 [VAL] Loss: 0.5383, Accuracy: 74.17%, Precision: 0.75, Recall: 0.69, F1-Score: 0.72, AUC: 0.74
Epoch [91/100] - [TRAIN] Loss: 0.5478, Accuracy: 74.26%, AUC: 0.74 [VAL] Loss: 0.5390, Accuracy: 75.23%, Precision: 0.77, Recall: 0.70, F1-Score: 0.73, AUC: 0.75
Epoch [92/100] - [TRAIN] Loss: 0.5490, Accuracy: 74.17%, AUC: 0.74 [VAL] Loss: 0.5459, Accuracy: 74.04%, Precision: 0.75, Recall: 0.69, F1-Score: 0.72, AUC: 0.74
Epoch [93/100] - [TRAIN] Loss: 0.5464, Accuracy: 74.35%, AUC: 0.74 [VAL] Loss: 0.5389, Accuracy: 74.08%, Precision: 0.76, Recall: 0.69, F1-Score: 0.73, AUC: 0.74
Epoch [94/100] - [TRAIN] Loss: 0.5462, Accuracy: 74.20%, AUC: 0.74 [VAL] Loss: 0.5296, Accuracy: 75.35%, Precision: 0.77, Recall: 0.69, F1-Score: 0.73, AUC: 0.75
Epoch [95/100] - [TRAIN] Loss: 0.5456, Accuracy: 74.50%, AUC: 0.74 [VAL] Loss: 0.5336, Accuracy: 75.03%, Precision: 0.77, Recall: 0.70, F1-Score: 0.73, AUC: 0.75
Epoch [96/100] - [TRAIN] Loss: 0.5463, Accuracy: 74.30%, AUC: 0.74 [VAL] Loss: 0.5420, Accuracy: 74.33%, Precision: 0.76, Recall: 0.69, F1-Score: 0.72, AUC: 0.74
Epoch [97/100] - [TRAIN] Loss: 0.5477, Accuracy: 74.27%, AUC: 0.74 [VAL] Loss: 0.5420, Accuracy: 74.74%, Precision: 0.75, Recall: 0.70, F1-Score: 0.72, AUC: 0.74
Epoch [98/100] - [TRAIN] Loss: 0.5479, Accuracy: 74.24%, AUC: 0.74 [VAL] Loss: 0.5391, Accuracy: 75.07%, Precision: 0.77, Recall: 0.70, F1-Score: 0.73, AUC: 0.75
Epoch [99/100] - [TRAIN] Loss: 0.5449, Accuracy: 74.37%, AUC: 0.74 [VAL] Loss: 0.5328, Accuracy: 74.99%, Precision: 0.77, Recall: 0.70, F1-Score: 0.73, AUC: 0.75
Epoch [100/100] - [TRAIN] Loss: 0.5473, Accuracy: 74.31%, AUC: 0.74 [VAL] Loss: 0.5417, Accuracy: 74.46%, Precision: 0.76, Recall: 0.70, F1-Score: 0.72, AUC: 0.74
Accuracy Score on test set: 74.31 %
    AUC Score on test set: 0.74
    Precision: 0.7570
    Recall: 0.6956
    F1-Score: 0.7250

    Detailed Classification Report:
                  precision    recall  f1-score   support

           0       0.73      0.79      0.76      5131
           1       0.76      0.70      0.73      4869

    accuracy                           0.74     10000
   macro avg       0.74      0.74      0.74     10000
weighted avg       0.74      0.74      0.74     10000


    Confusion Matrix:
    [[4044 1087]
 [1482 3387]]
    
001-H3K9ac
Epoch [1/100] - [TRAIN] Loss: 0.6277, Accuracy: 69.09%, AUC: 0.69 [VAL] Loss: 0.5832, Accuracy: 74.15%, Precision: 0.75, Recall: 0.69, F1-Score: 0.72, AUC: 0.74
Epoch [2/100] - [TRAIN] Loss: 0.5870, Accuracy: 73.48%, AUC: 0.73 [VAL] Loss: 0.5721, Accuracy: 74.59%, Precision: 0.77, Recall: 0.69, F1-Score: 0.73, AUC: 0.74
Epoch [3/100] - [TRAIN] Loss: 0.5785, Accuracy: 73.89%, AUC: 0.74 [VAL] Loss: 0.5632, Accuracy: 74.20%, Precision: 0.76, Recall: 0.68, F1-Score: 0.72, AUC: 0.74
Epoch [4/100] - [TRAIN] Loss: 0.5743, Accuracy: 73.55%, AUC: 0.73 [VAL] Loss: 0.5551, Accuracy: 75.00%, Precision: 0.78, Recall: 0.68, F1-Score: 0.73, AUC: 0.75
Epoch [5/100] - [TRAIN] Loss: 0.5659, Accuracy: 73.91%, AUC: 0.74 [VAL] Loss: 0.5483, Accuracy: 75.07%, Precision: 0.79, Recall: 0.68, F1-Score: 0.73, AUC: 0.75
Epoch [6/100] - [TRAIN] Loss: 0.5622, Accuracy: 74.14%, AUC: 0.74 [VAL] Loss: 0.5491, Accuracy: 75.08%, Precision: 0.78, Recall: 0.68, F1-Score: 0.73, AUC: 0.75
Epoch [7/100] - [TRAIN] Loss: 0.5627, Accuracy: 73.77%, AUC: 0.74 [VAL] Loss: 0.5469, Accuracy: 74.91%, Precision: 0.77, Recall: 0.67, F1-Score: 0.72, AUC: 0.75
Epoch [8/100] - [TRAIN] Loss: 0.5599, Accuracy: 73.98%, AUC: 0.74 [VAL] Loss: 0.5469, Accuracy: 74.56%, Precision: 0.78, Recall: 0.67, F1-Score: 0.72, AUC: 0.74
Epoch [9/100] - [TRAIN] Loss: 0.5580, Accuracy: 74.17%, AUC: 0.74 [VAL] Loss: 0.5482, Accuracy: 74.15%, Precision: 0.78, Recall: 0.65, F1-Score: 0.71, AUC: 0.74
Epoch [10/100] - [TRAIN] Loss: 0.5549, Accuracy: 74.20%, AUC: 0.74 [VAL] Loss: 0.5317, Accuracy: 75.32%, Precision: 0.80, Recall: 0.67, F1-Score: 0.73, AUC: 0.75
Epoch [11/100] - [TRAIN] Loss: 0.5564, Accuracy: 74.16%, AUC: 0.74 [VAL] Loss: 0.5358, Accuracy: 75.12%, Precision: 0.78, Recall: 0.68, F1-Score: 0.73, AUC: 0.75
Epoch [12/100] - [TRAIN] Loss: 0.5515, Accuracy: 74.35%, AUC: 0.74 [VAL] Loss: 0.5468, Accuracy: 74.15%, Precision: 0.77, Recall: 0.66, F1-Score: 0.71, AUC: 0.74
Epoch [13/100] - [TRAIN] Loss: 0.5513, Accuracy: 74.25%, AUC: 0.74 [VAL] Loss: 0.5389, Accuracy: 75.01%, Precision: 0.78, Recall: 0.67, F1-Score: 0.72, AUC: 0.75
Epoch [14/100] - [TRAIN] Loss: 0.5507, Accuracy: 74.18%, AUC: 0.74 [VAL] Loss: 0.5321, Accuracy: 75.27%, Precision: 0.78, Recall: 0.68, F1-Score: 0.73, AUC: 0.75
Epoch [15/100] - [TRAIN] Loss: 0.5526, Accuracy: 74.05%, AUC: 0.74 [VAL] Loss: 0.5328, Accuracy: 75.33%, Precision: 0.78, Recall: 0.68, F1-Score: 0.73, AUC: 0.75
Epoch [16/100] - [TRAIN] Loss: 0.5461, Accuracy: 74.40%, AUC: 0.74 [VAL] Loss: 0.5295, Accuracy: 75.07%, Precision: 0.79, Recall: 0.68, F1-Score: 0.73, AUC: 0.75
Epoch [17/100] - [TRAIN] Loss: 0.5452, Accuracy: 74.56%, AUC: 0.74 [VAL] Loss: 0.5395, Accuracy: 75.15%, Precision: 0.78, Recall: 0.68, F1-Score: 0.72, AUC: 0.75
Epoch [18/100] - [TRAIN] Loss: 0.5499, Accuracy: 74.14%, AUC: 0.74 [VAL] Loss: 0.5280, Accuracy: 75.33%, Precision: 0.79, Recall: 0.67, F1-Score: 0.73, AUC: 0.75
Epoch [19/100] - [TRAIN] Loss: 0.5479, Accuracy: 74.28%, AUC: 0.74 [VAL] Loss: 0.5315, Accuracy: 75.27%, Precision: 0.80, Recall: 0.68, F1-Score: 0.73, AUC: 0.75
Epoch [20/100] - [TRAIN] Loss: 0.5444, Accuracy: 74.58%, AUC: 0.74 [VAL] Loss: 0.5318, Accuracy: 75.24%, Precision: 0.78, Recall: 0.68, F1-Score: 0.73, AUC: 0.75
Epoch [21/100] - [TRAIN] Loss: 0.5440, Accuracy: 74.39%, AUC: 0.74 [VAL] Loss: 0.5269, Accuracy: 76.07%, Precision: 0.79, Recall: 0.68, F1-Score: 0.73, AUC: 0.76
Epoch [22/100] - [TRAIN] Loss: 0.5444, Accuracy: 74.44%, AUC: 0.74 [VAL] Loss: 0.5366, Accuracy: 74.88%, Precision: 0.78, Recall: 0.68, F1-Score: 0.73, AUC: 0.75
Epoch [23/100] - [TRAIN] Loss: 0.5442, Accuracy: 74.41%, AUC: 0.74 [VAL] Loss: 0.5334, Accuracy: 74.51%, Precision: 0.78, Recall: 0.68, F1-Score: 0.72, AUC: 0.74
Epoch [24/100] - [TRAIN] Loss: 0.5431, Accuracy: 74.47%, AUC: 0.74 [VAL] Loss: 0.5438, Accuracy: 74.89%, Precision: 0.78, Recall: 0.68, F1-Score: 0.73, AUC: 0.75
Epoch [25/100] - [TRAIN] Loss: 0.5446, Accuracy: 74.47%, AUC: 0.74 [VAL] Loss: 0.5353, Accuracy: 75.28%, Precision: 0.78, Recall: 0.68, F1-Score: 0.73, AUC: 0.75
Epoch [26/100] - [TRAIN] Loss: 0.5435, Accuracy: 74.52%, AUC: 0.74 [VAL] Loss: 0.5191, Accuracy: 75.87%, Precision: 0.79, Recall: 0.69, F1-Score: 0.74, AUC: 0.76
Epoch [27/100] - [TRAIN] Loss: 0.5447, Accuracy: 74.46%, AUC: 0.74 [VAL] Loss: 0.5409, Accuracy: 74.60%, Precision: 0.77, Recall: 0.68, F1-Score: 0.72, AUC: 0.74
Epoch [28/100] - [TRAIN] Loss: 0.5438, Accuracy: 74.54%, AUC: 0.74 [VAL] Loss: 0.5253, Accuracy: 75.66%, Precision: 0.78, Recall: 0.70, F1-Score: 0.74, AUC: 0.76
Epoch [29/100] - [TRAIN] Loss: 0.5429, Accuracy: 74.21%, AUC: 0.74 [VAL] Loss: 0.5250, Accuracy: 75.99%, Precision: 0.79, Recall: 0.69, F1-Score: 0.74, AUC: 0.76
Epoch [30/100] - [TRAIN] Loss: 0.5459, Accuracy: 74.11%, AUC: 0.74 [VAL] Loss: 0.5349, Accuracy: 74.96%, Precision: 0.77, Recall: 0.69, F1-Score: 0.73, AUC: 0.75
Epoch [31/100] - [TRAIN] Loss: 0.5414, Accuracy: 74.57%, AUC: 0.74 [VAL] Loss: 0.5257, Accuracy: 75.82%, Precision: 0.78, Recall: 0.70, F1-Score: 0.74, AUC: 0.76
Epoch [32/100] - [TRAIN] Loss: 0.5421, Accuracy: 74.54%, AUC: 0.74 [VAL] Loss: 0.5270, Accuracy: 75.56%, Precision: 0.79, Recall: 0.69, F1-Score: 0.74, AUC: 0.75
Epoch [33/100] - [TRAIN] Loss: 0.5427, Accuracy: 74.37%, AUC: 0.74 [VAL] Loss: 0.5358, Accuracy: 74.97%, Precision: 0.78, Recall: 0.68, F1-Score: 0.73, AUC: 0.75
Epoch [34/100] - [TRAIN] Loss: 0.5424, Accuracy: 74.23%, AUC: 0.74 [VAL] Loss: 0.5342, Accuracy: 74.72%, Precision: 0.77, Recall: 0.68, F1-Score: 0.72, AUC: 0.75
Epoch [35/100] - [TRAIN] Loss: 0.5413, Accuracy: 74.58%, AUC: 0.75 [VAL] Loss: 0.5313, Accuracy: 75.01%, Precision: 0.78, Recall: 0.69, F1-Score: 0.73, AUC: 0.75
Epoch [36/100] - [TRAIN] Loss: 0.5407, Accuracy: 74.46%, AUC: 0.74 [VAL] Loss: 0.5269, Accuracy: 75.31%, Precision: 0.78, Recall: 0.69, F1-Score: 0.73, AUC: 0.75
Epoch [37/100] - [TRAIN] Loss: 0.5447, Accuracy: 74.44%, AUC: 0.74 [VAL] Loss: 0.5218, Accuracy: 76.07%, Precision: 0.78, Recall: 0.70, F1-Score: 0.74, AUC: 0.76
Epoch [38/100] - [TRAIN] Loss: 0.5413, Accuracy: 74.53%, AUC: 0.74 [VAL] Loss: 0.5231, Accuracy: 75.74%, Precision: 0.78, Recall: 0.70, F1-Score: 0.74, AUC: 0.76
Epoch [39/100] - [TRAIN] Loss: 0.5456, Accuracy: 74.33%, AUC: 0.74 [VAL] Loss: 0.5351, Accuracy: 74.54%, Precision: 0.76, Recall: 0.68, F1-Score: 0.72, AUC: 0.74
Epoch [40/100] - [TRAIN] Loss: 0.5402, Accuracy: 74.67%, AUC: 0.75 [VAL] Loss: 0.5271, Accuracy: 74.98%, Precision: 0.78, Recall: 0.69, F1-Score: 0.73, AUC: 0.75
Epoch [41/100] - [TRAIN] Loss: 0.5399, Accuracy: 74.70%, AUC: 0.75 [VAL] Loss: 0.5299, Accuracy: 75.57%, Precision: 0.77, Recall: 0.69, F1-Score: 0.73, AUC: 0.75
Epoch [42/100] - [TRAIN] Loss: 0.5433, Accuracy: 74.54%, AUC: 0.74 [VAL] Loss: 0.5267, Accuracy: 75.47%, Precision: 0.78, Recall: 0.69, F1-Score: 0.74, AUC: 0.75
Epoch [43/100] - [TRAIN] Loss: 0.5431, Accuracy: 74.32%, AUC: 0.74 [VAL] Loss: 0.5215, Accuracy: 75.87%, Precision: 0.79, Recall: 0.69, F1-Score: 0.74, AUC: 0.76
Epoch [44/100] - [TRAIN] Loss: 0.5453, Accuracy: 74.26%, AUC: 0.74 [VAL] Loss: 0.5309, Accuracy: 74.93%, Precision: 0.78, Recall: 0.68, F1-Score: 0.72, AUC: 0.75
Epoch [45/100] - [TRAIN] Loss: 0.5440, Accuracy: 74.26%, AUC: 0.74 [VAL] Loss: 0.5382, Accuracy: 74.76%, Precision: 0.77, Recall: 0.69, F1-Score: 0.72, AUC: 0.75
Epoch [46/100] - [TRAIN] Loss: 0.5422, Accuracy: 74.45%, AUC: 0.74 [VAL] Loss: 0.5244, Accuracy: 75.56%, Precision: 0.78, Recall: 0.69, F1-Score: 0.74, AUC: 0.75
Epoch [47/100] - [TRAIN] Loss: 0.5441, Accuracy: 74.12%, AUC: 0.74 [VAL] Loss: 0.5328, Accuracy: 74.58%, Precision: 0.77, Recall: 0.69, F1-Score: 0.73, AUC: 0.74
Epoch [48/100] - [TRAIN] Loss: 0.5419, Accuracy: 74.34%, AUC: 0.74 [VAL] Loss: 0.5296, Accuracy: 75.33%, Precision: 0.78, Recall: 0.69, F1-Score: 0.73, AUC: 0.75
Epoch [49/100] - [TRAIN] Loss: 0.5441, Accuracy: 74.26%, AUC: 0.74 [VAL] Loss: 0.5235, Accuracy: 75.84%, Precision: 0.78, Recall: 0.69, F1-Score: 0.73, AUC: 0.76
Epoch [50/100] - [TRAIN] Loss: 0.5433, Accuracy: 74.28%, AUC: 0.74 [VAL] Loss: 0.5329, Accuracy: 75.76%, Precision: 0.78, Recall: 0.70, F1-Score: 0.74, AUC: 0.76
Epoch [51/100] - [TRAIN] Loss: 0.5441, Accuracy: 74.44%, AUC: 0.74 [VAL] Loss: 0.5255, Accuracy: 75.79%, Precision: 0.78, Recall: 0.70, F1-Score: 0.74, AUC: 0.76
Epoch [52/100] - [TRAIN] Loss: 0.5433, Accuracy: 74.34%, AUC: 0.74 [VAL] Loss: 0.5347, Accuracy: 74.74%, Precision: 0.78, Recall: 0.68, F1-Score: 0.72, AUC: 0.75
Epoch [53/100] - [TRAIN] Loss: 0.5440, Accuracy: 74.33%, AUC: 0.74 [VAL] Loss: 0.5256, Accuracy: 75.51%, Precision: 0.79, Recall: 0.69, F1-Score: 0.74, AUC: 0.75
Epoch [54/100] - [TRAIN] Loss: 0.5421, Accuracy: 74.35%, AUC: 0.74 [VAL] Loss: 0.5280, Accuracy: 75.11%, Precision: 0.78, Recall: 0.69, F1-Score: 0.73, AUC: 0.75
Epoch [55/100] - [TRAIN] Loss: 0.5388, Accuracy: 74.50%, AUC: 0.74 [VAL] Loss: 0.5310, Accuracy: 75.14%, Precision: 0.79, Recall: 0.68, F1-Score: 0.73, AUC: 0.75
Epoch [56/100] - [TRAIN] Loss: 0.5421, Accuracy: 74.45%, AUC: 0.74 [VAL] Loss: 0.5265, Accuracy: 75.32%, Precision: 0.78, Recall: 0.69, F1-Score: 0.73, AUC: 0.75
Epoch [57/100] - [TRAIN] Loss: 0.5419, Accuracy: 74.47%, AUC: 0.74 [VAL] Loss: 0.5386, Accuracy: 74.89%, Precision: 0.77, Recall: 0.69, F1-Score: 0.73, AUC: 0.75
Epoch [58/100] - [TRAIN] Loss: 0.5420, Accuracy: 74.36%, AUC: 0.74 [VAL] Loss: 0.5274, Accuracy: 75.36%, Precision: 0.77, Recall: 0.70, F1-Score: 0.73, AUC: 0.75
Epoch [59/100] - [TRAIN] Loss: 0.5420, Accuracy: 74.62%, AUC: 0.74 [VAL] Loss: 0.5265, Accuracy: 75.38%, Precision: 0.77, Recall: 0.70, F1-Score: 0.73, AUC: 0.75
Epoch [60/100] - [TRAIN] Loss: 0.5415, Accuracy: 74.27%, AUC: 0.74 [VAL] Loss: 0.5298, Accuracy: 75.25%, Precision: 0.78, Recall: 0.69, F1-Score: 0.73, AUC: 0.75
Epoch [61/100] - [TRAIN] Loss: 0.5403, Accuracy: 74.75%, AUC: 0.75 [VAL] Loss: 0.5302, Accuracy: 75.06%, Precision: 0.77, Recall: 0.69, F1-Score: 0.73, AUC: 0.75
Epoch [62/100] - [TRAIN] Loss: 0.5440, Accuracy: 74.27%, AUC: 0.74 [VAL] Loss: 0.5363, Accuracy: 74.93%, Precision: 0.78, Recall: 0.68, F1-Score: 0.73, AUC: 0.75
Epoch [63/100] - [TRAIN] Loss: 0.5404, Accuracy: 74.26%, AUC: 0.74 [VAL] Loss: 0.5298, Accuracy: 75.36%, Precision: 0.78, Recall: 0.69, F1-Score: 0.73, AUC: 0.75
Epoch [64/100] - [TRAIN] Loss: 0.5411, Accuracy: 74.35%, AUC: 0.74 [VAL] Loss: 0.5269, Accuracy: 75.41%, Precision: 0.78, Recall: 0.69, F1-Score: 0.73, AUC: 0.75
Epoch [65/100] - [TRAIN] Loss: 0.5415, Accuracy: 74.17%, AUC: 0.74 [VAL] Loss: 0.5240, Accuracy: 75.30%, Precision: 0.78, Recall: 0.69, F1-Score: 0.73, AUC: 0.75
Epoch [66/100] - [TRAIN] Loss: 0.5412, Accuracy: 74.32%, AUC: 0.74 [VAL] Loss: 0.5316, Accuracy: 75.17%, Precision: 0.78, Recall: 0.69, F1-Score: 0.73, AUC: 0.75
Epoch [67/100] - [TRAIN] Loss: 0.5418, Accuracy: 74.54%, AUC: 0.74 [VAL] Loss: 0.5298, Accuracy: 75.44%, Precision: 0.77, Recall: 0.70, F1-Score: 0.73, AUC: 0.75
Epoch [68/100] - [TRAIN] Loss: 0.5417, Accuracy: 74.79%, AUC: 0.75 [VAL] Loss: 0.5358, Accuracy: 74.62%, Precision: 0.77, Recall: 0.68, F1-Score: 0.72, AUC: 0.74
Epoch [69/100] - [TRAIN] Loss: 0.5419, Accuracy: 74.39%, AUC: 0.74 [VAL] Loss: 0.5294, Accuracy: 75.21%, Precision: 0.77, Recall: 0.69, F1-Score: 0.73, AUC: 0.75
Epoch [70/100] - [TRAIN] Loss: 0.5385, Accuracy: 74.55%, AUC: 0.74 [VAL] Loss: 0.5336, Accuracy: 75.15%, Precision: 0.77, Recall: 0.69, F1-Score: 0.73, AUC: 0.75
Epoch [71/100] - [TRAIN] Loss: 0.5417, Accuracy: 74.71%, AUC: 0.75 [VAL] Loss: 0.5313, Accuracy: 74.90%, Precision: 0.78, Recall: 0.69, F1-Score: 0.73, AUC: 0.75
Epoch [72/100] - [TRAIN] Loss: 0.5424, Accuracy: 74.41%, AUC: 0.74 [VAL] Loss: 0.5372, Accuracy: 74.66%, Precision: 0.78, Recall: 0.68, F1-Score: 0.73, AUC: 0.75
Epoch [73/100] - [TRAIN] Loss: 0.5398, Accuracy: 74.52%, AUC: 0.74 [VAL] Loss: 0.5247, Accuracy: 75.71%, Precision: 0.78, Recall: 0.69, F1-Score: 0.73, AUC: 0.76
Epoch [74/100] - [TRAIN] Loss: 0.5404, Accuracy: 74.37%, AUC: 0.74 [VAL] Loss: 0.5248, Accuracy: 75.45%, Precision: 0.78, Recall: 0.69, F1-Score: 0.73, AUC: 0.75
Epoch [75/100] - [TRAIN] Loss: 0.5431, Accuracy: 74.31%, AUC: 0.74 [VAL] Loss: 0.5342, Accuracy: 74.73%, Precision: 0.77, Recall: 0.69, F1-Score: 0.73, AUC: 0.75
Epoch [76/100] - [TRAIN] Loss: 0.5430, Accuracy: 74.28%, AUC: 0.74 [VAL] Loss: 0.5294, Accuracy: 75.51%, Precision: 0.78, Recall: 0.69, F1-Score: 0.73, AUC: 0.75
Epoch [77/100] - [TRAIN] Loss: 0.5412, Accuracy: 74.51%, AUC: 0.74 [VAL] Loss: 0.5380, Accuracy: 74.59%, Precision: 0.77, Recall: 0.68, F1-Score: 0.72, AUC: 0.74
Epoch [78/100] - [TRAIN] Loss: 0.5407, Accuracy: 74.56%, AUC: 0.74 [VAL] Loss: 0.5305, Accuracy: 75.42%, Precision: 0.78, Recall: 0.69, F1-Score: 0.73, AUC: 0.75
Epoch [79/100] - [TRAIN] Loss: 0.5416, Accuracy: 74.42%, AUC: 0.74 [VAL] Loss: 0.5229, Accuracy: 75.73%, Precision: 0.79, Recall: 0.69, F1-Score: 0.74, AUC: 0.76
Epoch [80/100] - [TRAIN] Loss: 0.5424, Accuracy: 74.41%, AUC: 0.74 [VAL] Loss: 0.5325, Accuracy: 75.33%, Precision: 0.79, Recall: 0.69, F1-Score: 0.73, AUC: 0.75
Epoch [81/100] - [TRAIN] Loss: 0.5442, Accuracy: 74.33%, AUC: 0.74 [VAL] Loss: 0.5383, Accuracy: 74.78%, Precision: 0.76, Recall: 0.67, F1-Score: 0.71, AUC: 0.74
Epoch [82/100] - [TRAIN] Loss: 0.5406, Accuracy: 74.49%, AUC: 0.74 [VAL] Loss: 0.5288, Accuracy: 75.06%, Precision: 0.78, Recall: 0.69, F1-Score: 0.73, AUC: 0.75
Epoch [83/100] - [TRAIN] Loss: 0.5429, Accuracy: 74.23%, AUC: 0.74 [VAL] Loss: 0.5216, Accuracy: 75.51%, Precision: 0.79, Recall: 0.69, F1-Score: 0.73, AUC: 0.75
Epoch [84/100] - [TRAIN] Loss: 0.5395, Accuracy: 74.58%, AUC: 0.74 [VAL] Loss: 0.5235, Accuracy: 75.14%, Precision: 0.78, Recall: 0.68, F1-Score: 0.73, AUC: 0.75
Epoch [85/100] - [TRAIN] Loss: 0.5451, Accuracy: 74.29%, AUC: 0.74 [VAL] Loss: 0.5348, Accuracy: 74.62%, Precision: 0.78, Recall: 0.67, F1-Score: 0.72, AUC: 0.74
Epoch [86/100] - [TRAIN] Loss: 0.5440, Accuracy: 74.34%, AUC: 0.74 [VAL] Loss: 0.5278, Accuracy: 75.51%, Precision: 0.79, Recall: 0.68, F1-Score: 0.73, AUC: 0.75
Epoch [87/100] - [TRAIN] Loss: 0.5404, Accuracy: 74.56%, AUC: 0.74 [VAL] Loss: 0.5331, Accuracy: 75.03%, Precision: 0.78, Recall: 0.68, F1-Score: 0.73, AUC: 0.75
Epoch [88/100] - [TRAIN] Loss: 0.5402, Accuracy: 74.46%, AUC: 0.74 [VAL] Loss: 0.5347, Accuracy: 74.57%, Precision: 0.77, Recall: 0.69, F1-Score: 0.73, AUC: 0.75
Epoch [89/100] - [TRAIN] Loss: 0.5436, Accuracy: 74.48%, AUC: 0.74 [VAL] Loss: 0.5407, Accuracy: 73.92%, Precision: 0.77, Recall: 0.67, F1-Score: 0.72, AUC: 0.74
Epoch [90/100] - [TRAIN] Loss: 0.5411, Accuracy: 74.54%, AUC: 0.74 [VAL] Loss: 0.5284, Accuracy: 75.61%, Precision: 0.77, Recall: 0.69, F1-Score: 0.73, AUC: 0.75
Epoch [91/100] - [TRAIN] Loss: 0.5431, Accuracy: 74.24%, AUC: 0.74 [VAL] Loss: 0.5297, Accuracy: 75.65%, Precision: 0.78, Recall: 0.69, F1-Score: 0.74, AUC: 0.76
Epoch [92/100] - [TRAIN] Loss: 0.5389, Accuracy: 74.47%, AUC: 0.74 [VAL] Loss: 0.5269, Accuracy: 75.34%, Precision: 0.78, Recall: 0.69, F1-Score: 0.73, AUC: 0.75
Epoch [93/100] - [TRAIN] Loss: 0.5413, Accuracy: 74.42%, AUC: 0.74 [VAL] Loss: 0.5306, Accuracy: 74.68%, Precision: 0.78, Recall: 0.68, F1-Score: 0.73, AUC: 0.75
Epoch [94/100] - [TRAIN] Loss: 0.5422, Accuracy: 74.17%, AUC: 0.74 [VAL] Loss: 0.5307, Accuracy: 75.32%, Precision: 0.78, Recall: 0.69, F1-Score: 0.73, AUC: 0.75
Epoch [95/100] - [TRAIN] Loss: 0.5429, Accuracy: 74.23%, AUC: 0.74 [VAL] Loss: 0.5382, Accuracy: 74.59%, Precision: 0.78, Recall: 0.68, F1-Score: 0.73, AUC: 0.75
Epoch [96/100] - [TRAIN] Loss: 0.5409, Accuracy: 74.59%, AUC: 0.74 [VAL] Loss: 0.5354, Accuracy: 75.03%, Precision: 0.78, Recall: 0.68, F1-Score: 0.73, AUC: 0.75
Epoch [97/100] - [TRAIN] Loss: 0.5413, Accuracy: 74.39%, AUC: 0.74 [VAL] Loss: 0.5339, Accuracy: 74.94%, Precision: 0.78, Recall: 0.68, F1-Score: 0.73, AUC: 0.75
Epoch [98/100] - [TRAIN] Loss: 0.5405, Accuracy: 74.66%, AUC: 0.75 [VAL] Loss: 0.5232, Accuracy: 75.69%, Precision: 0.80, Recall: 0.69, F1-Score: 0.74, AUC: 0.76
Epoch [99/100] - [TRAIN] Loss: 0.5395, Accuracy: 74.55%, AUC: 0.74 [VAL] Loss: 0.5317, Accuracy: 75.05%, Precision: 0.78, Recall: 0.68, F1-Score: 0.73, AUC: 0.75
Epoch [100/100] - [TRAIN] Loss: 0.5433, Accuracy: 74.21%, AUC: 0.74 [VAL] Loss: 0.5223, Accuracy: 76.10%, Precision: 0.79, Recall: 0.69, F1-Score: 0.74, AUC: 0.76
Accuracy Score on test set: 75.15 %
    AUC Score on test set: 0.75
    Precision: 0.7673
    Recall: 0.6892
    F1-Score: 0.7262

    Detailed Classification Report:
                  precision    recall  f1-score   support

           0       0.74      0.81      0.77      5219
           1       0.77      0.69      0.73      4781

    accuracy                           0.75     10000
   macro avg       0.75      0.75      0.75     10000
weighted avg       0.75      0.75      0.75     10000


    Confusion Matrix:
    [[4220  999]
 [1486 3295]]
    
002-H3K9me3
Epoch [1/100] - [TRAIN] Loss: 0.7226, Accuracy: 49.01%, AUC: 0.50 [VAL] Loss: 0.7196, Accuracy: 50.58%, Precision: 0.50, Recall: 0.97, F1-Score: 0.66, AUC: 0.50
Epoch [2/100] - [TRAIN] Loss: 0.7198, Accuracy: 50.27%, AUC: 0.51 [VAL] Loss: 0.7182, Accuracy: 53.22%, Precision: 0.54, Recall: 0.13, F1-Score: 0.21, AUC: 0.52
Epoch [3/100] - [TRAIN] Loss: 0.7186, Accuracy: 51.49%, AUC: 0.51 [VAL] Loss: 0.7174, Accuracy: 52.09%, Precision: 0.60, Recall: 0.08, F1-Score: 0.13, AUC: 0.51
Epoch [4/100] - [TRAIN] Loss: 0.7181, Accuracy: 51.67%, AUC: 0.51 [VAL] Loss: 0.7159, Accuracy: 53.30%, Precision: 0.68, Recall: 0.08, F1-Score: 0.15, AUC: 0.52
Epoch [5/100] - [TRAIN] Loss: 0.7175, Accuracy: 51.86%, AUC: 0.51 [VAL] Loss: 0.7166, Accuracy: 51.81%, Precision: 0.64, Recall: 0.08, F1-Score: 0.15, AUC: 0.52
Epoch [6/100] - [TRAIN] Loss: 0.7172, Accuracy: 51.81%, AUC: 0.51 [VAL] Loss: 0.7155, Accuracy: 53.22%, Precision: 0.64, Recall: 0.07, F1-Score: 0.13, AUC: 0.52
Epoch [7/100] - [TRAIN] Loss: 0.7167, Accuracy: 52.19%, AUC: 0.51 [VAL] Loss: 0.7151, Accuracy: 53.88%, Precision: 0.70, Recall: 0.08, F1-Score: 0.14, AUC: 0.52
Epoch [8/100] - [TRAIN] Loss: 0.7164, Accuracy: 52.16%, AUC: 0.51 [VAL] Loss: 0.7149, Accuracy: 52.96%, Precision: 0.68, Recall: 0.07, F1-Score: 0.13, AUC: 0.52
Epoch [9/100] - [TRAIN] Loss: 0.7163, Accuracy: 52.49%, AUC: 0.52 [VAL] Loss: 0.7156, Accuracy: 53.05%, Precision: 0.68, Recall: 0.07, F1-Score: 0.12, AUC: 0.52
Epoch [10/100] - [TRAIN] Loss: 0.7165, Accuracy: 51.93%, AUC: 0.51 [VAL] Loss: 0.7140, Accuracy: 53.08%, Precision: 0.67, Recall: 0.07, F1-Score: 0.13, AUC: 0.52
Epoch [11/100] - [TRAIN] Loss: 0.7158, Accuracy: 52.29%, AUC: 0.52 [VAL] Loss: 0.7148, Accuracy: 52.85%, Precision: 0.67, Recall: 0.09, F1-Score: 0.16, AUC: 0.52
Epoch [12/100] - [TRAIN] Loss: 0.7154, Accuracy: 52.55%, AUC: 0.52 [VAL] Loss: 0.7138, Accuracy: 54.01%, Precision: 0.71, Recall: 0.11, F1-Score: 0.19, AUC: 0.53
Epoch [13/100] - [TRAIN] Loss: 0.7150, Accuracy: 52.87%, AUC: 0.52 [VAL] Loss: 0.7139, Accuracy: 53.60%, Precision: 0.67, Recall: 0.10, F1-Score: 0.17, AUC: 0.53
Epoch [14/100] - [TRAIN] Loss: 0.7151, Accuracy: 52.75%, AUC: 0.52 [VAL] Loss: 0.7125, Accuracy: 54.33%, Precision: 0.70, Recall: 0.11, F1-Score: 0.19, AUC: 0.53
Epoch [15/100] - [TRAIN] Loss: 0.7148, Accuracy: 53.12%, AUC: 0.52 [VAL] Loss: 0.7131, Accuracy: 53.90%, Precision: 0.69, Recall: 0.09, F1-Score: 0.16, AUC: 0.53
Epoch [16/100] - [TRAIN] Loss: 0.7151, Accuracy: 52.76%, AUC: 0.52 [VAL] Loss: 0.7130, Accuracy: 53.56%, Precision: 0.69, Recall: 0.10, F1-Score: 0.18, AUC: 0.53
Epoch [17/100] - [TRAIN] Loss: 0.7143, Accuracy: 53.24%, AUC: 0.52 [VAL] Loss: 0.7135, Accuracy: 53.84%, Precision: 0.68, Recall: 0.09, F1-Score: 0.16, AUC: 0.53
Epoch [18/100] - [TRAIN] Loss: 0.7146, Accuracy: 53.02%, AUC: 0.52 [VAL] Loss: 0.7141, Accuracy: 53.18%, Precision: 0.69, Recall: 0.09, F1-Score: 0.16, AUC: 0.53
Epoch [19/100] - [TRAIN] Loss: 0.7140, Accuracy: 53.14%, AUC: 0.52 [VAL] Loss: 0.7127, Accuracy: 54.20%, Precision: 0.70, Recall: 0.11, F1-Score: 0.18, AUC: 0.53
Epoch [20/100] - [TRAIN] Loss: 0.7139, Accuracy: 53.28%, AUC: 0.52 [VAL] Loss: 0.7121, Accuracy: 54.04%, Precision: 0.69, Recall: 0.10, F1-Score: 0.18, AUC: 0.53
Epoch [21/100] - [TRAIN] Loss: 0.7138, Accuracy: 53.10%, AUC: 0.52 [VAL] Loss: 0.7117, Accuracy: 54.51%, Precision: 0.66, Recall: 0.11, F1-Score: 0.19, AUC: 0.53
Epoch [22/100] - [TRAIN] Loss: 0.7137, Accuracy: 53.41%, AUC: 0.52 [VAL] Loss: 0.7118, Accuracy: 54.29%, Precision: 0.69, Recall: 0.11, F1-Score: 0.19, AUC: 0.53
Epoch [23/100] - [TRAIN] Loss: 0.7130, Accuracy: 53.58%, AUC: 0.52 [VAL] Loss: 0.7123, Accuracy: 53.67%, Precision: 0.70, Recall: 0.10, F1-Score: 0.18, AUC: 0.53
Epoch [24/100] - [TRAIN] Loss: 0.7133, Accuracy: 53.14%, AUC: 0.52 [VAL] Loss: 0.7116, Accuracy: 54.29%, Precision: 0.68, Recall: 0.11, F1-Score: 0.19, AUC: 0.53
Epoch [25/100] - [TRAIN] Loss: 0.7133, Accuracy: 53.57%, AUC: 0.52 [VAL] Loss: 0.7105, Accuracy: 53.94%, Precision: 0.70, Recall: 0.11, F1-Score: 0.20, AUC: 0.53
Epoch [26/100] - [TRAIN] Loss: 0.7129, Accuracy: 53.47%, AUC: 0.53 [VAL] Loss: 0.7100, Accuracy: 54.53%, Precision: 0.67, Recall: 0.12, F1-Score: 0.20, AUC: 0.53
Epoch [27/100] - [TRAIN] Loss: 0.7126, Accuracy: 53.45%, AUC: 0.53 [VAL] Loss: 0.7119, Accuracy: 53.34%, Precision: 0.67, Recall: 0.11, F1-Score: 0.19, AUC: 0.53
Epoch [28/100] - [TRAIN] Loss: 0.7127, Accuracy: 53.41%, AUC: 0.53 [VAL] Loss: 0.7112, Accuracy: 54.19%, Precision: 0.66, Recall: 0.12, F1-Score: 0.21, AUC: 0.53
Epoch [29/100] - [TRAIN] Loss: 0.7124, Accuracy: 53.93%, AUC: 0.53 [VAL] Loss: 0.7109, Accuracy: 54.40%, Precision: 0.67, Recall: 0.10, F1-Score: 0.18, AUC: 0.53
Epoch [30/100] - [TRAIN] Loss: 0.7129, Accuracy: 53.27%, AUC: 0.53 [VAL] Loss: 0.7092, Accuracy: 54.54%, Precision: 0.68, Recall: 0.13, F1-Score: 0.21, AUC: 0.53
Epoch [31/100] - [TRAIN] Loss: 0.7122, Accuracy: 53.80%, AUC: 0.53 [VAL] Loss: 0.7106, Accuracy: 54.00%, Precision: 0.68, Recall: 0.13, F1-Score: 0.21, AUC: 0.53
Epoch [32/100] - [TRAIN] Loss: 0.7124, Accuracy: 53.55%, AUC: 0.53 [VAL] Loss: 0.7106, Accuracy: 53.84%, Precision: 0.67, Recall: 0.12, F1-Score: 0.20, AUC: 0.53
Epoch [33/100] - [TRAIN] Loss: 0.7120, Accuracy: 53.79%, AUC: 0.53 [VAL] Loss: 0.7087, Accuracy: 54.98%, Precision: 0.69, Recall: 0.12, F1-Score: 0.21, AUC: 0.54
Epoch [34/100] - [TRAIN] Loss: 0.7122, Accuracy: 53.53%, AUC: 0.53 [VAL] Loss: 0.7101, Accuracy: 54.65%, Precision: 0.68, Recall: 0.12, F1-Score: 0.20, AUC: 0.53
Epoch [35/100] - [TRAIN] Loss: 0.7115, Accuracy: 54.20%, AUC: 0.53 [VAL] Loss: 0.7111, Accuracy: 53.94%, Precision: 0.68, Recall: 0.11, F1-Score: 0.19, AUC: 0.53
Epoch [36/100] - [TRAIN] Loss: 0.7114, Accuracy: 53.87%, AUC: 0.53 [VAL] Loss: 0.7095, Accuracy: 54.33%, Precision: 0.68, Recall: 0.11, F1-Score: 0.20, AUC: 0.53
Epoch [37/100] - [TRAIN] Loss: 0.7109, Accuracy: 53.99%, AUC: 0.53 [VAL] Loss: 0.7101, Accuracy: 54.21%, Precision: 0.69, Recall: 0.11, F1-Score: 0.19, AUC: 0.53
Epoch [38/100] - [TRAIN] Loss: 0.7113, Accuracy: 53.66%, AUC: 0.53 [VAL] Loss: 0.7107, Accuracy: 54.86%, Precision: 0.68, Recall: 0.13, F1-Score: 0.22, AUC: 0.54
Epoch [39/100] - [TRAIN] Loss: 0.7111, Accuracy: 53.94%, AUC: 0.53 [VAL] Loss: 0.7084, Accuracy: 53.79%, Precision: 0.68, Recall: 0.13, F1-Score: 0.22, AUC: 0.53
Epoch [40/100] - [TRAIN] Loss: 0.7111, Accuracy: 53.73%, AUC: 0.53 [VAL] Loss: 0.7095, Accuracy: 54.34%, Precision: 0.65, Recall: 0.13, F1-Score: 0.22, AUC: 0.53
Epoch [41/100] - [TRAIN] Loss: 0.7106, Accuracy: 54.21%, AUC: 0.53 [VAL] Loss: 0.7079, Accuracy: 54.97%, Precision: 0.68, Recall: 0.13, F1-Score: 0.22, AUC: 0.54
Epoch [42/100] - [TRAIN] Loss: 0.7110, Accuracy: 53.83%, AUC: 0.53 [VAL] Loss: 0.7100, Accuracy: 54.05%, Precision: 0.67, Recall: 0.12, F1-Score: 0.21, AUC: 0.53
Epoch [43/100] - [TRAIN] Loss: 0.7108, Accuracy: 53.97%, AUC: 0.53 [VAL] Loss: 0.7095, Accuracy: 54.50%, Precision: 0.67, Recall: 0.13, F1-Score: 0.22, AUC: 0.54
Epoch [44/100] - [TRAIN] Loss: 0.7101, Accuracy: 54.19%, AUC: 0.53 [VAL] Loss: 0.7097, Accuracy: 54.04%, Precision: 0.64, Recall: 0.13, F1-Score: 0.21, AUC: 0.53
Epoch [45/100] - [TRAIN] Loss: 0.7107, Accuracy: 53.74%, AUC: 0.53 [VAL] Loss: 0.7075, Accuracy: 55.21%, Precision: 0.66, Recall: 0.14, F1-Score: 0.22, AUC: 0.54
Epoch [46/100] - [TRAIN] Loss: 0.7099, Accuracy: 54.00%, AUC: 0.53 [VAL] Loss: 0.7091, Accuracy: 54.72%, Precision: 0.69, Recall: 0.15, F1-Score: 0.24, AUC: 0.54
Epoch [47/100] - [TRAIN] Loss: 0.7093, Accuracy: 54.25%, AUC: 0.53 [VAL] Loss: 0.7082, Accuracy: 54.33%, Precision: 0.67, Recall: 0.13, F1-Score: 0.21, AUC: 0.53
Epoch [48/100] - [TRAIN] Loss: 0.7098, Accuracy: 54.12%, AUC: 0.53 [VAL] Loss: 0.7084, Accuracy: 55.05%, Precision: 0.68, Recall: 0.14, F1-Score: 0.23, AUC: 0.54
Epoch [49/100] - [TRAIN] Loss: 0.7099, Accuracy: 54.18%, AUC: 0.54 [VAL] Loss: 0.7081, Accuracy: 55.11%, Precision: 0.69, Recall: 0.14, F1-Score: 0.24, AUC: 0.54
Epoch [50/100] - [TRAIN] Loss: 0.7097, Accuracy: 54.15%, AUC: 0.53 [VAL] Loss: 0.7066, Accuracy: 55.40%, Precision: 0.70, Recall: 0.16, F1-Score: 0.25, AUC: 0.55
Epoch [51/100] - [TRAIN] Loss: 0.7096, Accuracy: 54.40%, AUC: 0.53 [VAL] Loss: 0.7090, Accuracy: 54.70%, Precision: 0.67, Recall: 0.14, F1-Score: 0.23, AUC: 0.54
Epoch [52/100] - [TRAIN] Loss: 0.7097, Accuracy: 53.94%, AUC: 0.53 [VAL] Loss: 0.7076, Accuracy: 54.37%, Precision: 0.69, Recall: 0.15, F1-Score: 0.24, AUC: 0.54
Epoch [53/100] - [TRAIN] Loss: 0.7092, Accuracy: 54.38%, AUC: 0.53 [VAL] Loss: 0.7075, Accuracy: 54.68%, Precision: 0.65, Recall: 0.14, F1-Score: 0.23, AUC: 0.53
Epoch [54/100] - [TRAIN] Loss: 0.7086, Accuracy: 54.38%, AUC: 0.53 [VAL] Loss: 0.7067, Accuracy: 55.04%, Precision: 0.68, Recall: 0.14, F1-Score: 0.23, AUC: 0.54
Epoch [55/100] - [TRAIN] Loss: 0.7085, Accuracy: 54.19%, AUC: 0.53 [VAL] Loss: 0.7070, Accuracy: 54.90%, Precision: 0.69, Recall: 0.14, F1-Score: 0.23, AUC: 0.54
Epoch [56/100] - [TRAIN] Loss: 0.7092, Accuracy: 53.86%, AUC: 0.54 [VAL] Loss: 0.7065, Accuracy: 55.25%, Precision: 0.67, Recall: 0.16, F1-Score: 0.26, AUC: 0.54
Epoch [57/100] - [TRAIN] Loss: 0.7089, Accuracy: 53.97%, AUC: 0.53 [VAL] Loss: 0.7059, Accuracy: 55.49%, Precision: 0.68, Recall: 0.15, F1-Score: 0.25, AUC: 0.54
Epoch [58/100] - [TRAIN] Loss: 0.7093, Accuracy: 53.91%, AUC: 0.54 [VAL] Loss: 0.7069, Accuracy: 54.74%, Precision: 0.65, Recall: 0.16, F1-Score: 0.25, AUC: 0.54
Epoch [59/100] - [TRAIN] Loss: 0.7085, Accuracy: 54.31%, AUC: 0.54 [VAL] Loss: 0.7057, Accuracy: 55.58%, Precision: 0.70, Recall: 0.16, F1-Score: 0.26, AUC: 0.55
Epoch [60/100] - [TRAIN] Loss: 0.7084, Accuracy: 54.03%, AUC: 0.54 [VAL] Loss: 0.7057, Accuracy: 55.09%, Precision: 0.66, Recall: 0.15, F1-Score: 0.25, AUC: 0.54
Epoch [61/100] - [TRAIN] Loss: 0.7078, Accuracy: 54.16%, AUC: 0.53 [VAL] Loss: 0.7057, Accuracy: 54.48%, Precision: 0.68, Recall: 0.15, F1-Score: 0.24, AUC: 0.54
Epoch [62/100] - [TRAIN] Loss: 0.7077, Accuracy: 54.44%, AUC: 0.54 [VAL] Loss: 0.7067, Accuracy: 54.79%, Precision: 0.66, Recall: 0.15, F1-Score: 0.24, AUC: 0.54
Epoch [63/100] - [TRAIN] Loss: 0.7074, Accuracy: 54.42%, AUC: 0.54 [VAL] Loss: 0.7068, Accuracy: 54.63%, Precision: 0.65, Recall: 0.14, F1-Score: 0.24, AUC: 0.54
Epoch [64/100] - [TRAIN] Loss: 0.7082, Accuracy: 54.10%, AUC: 0.54 [VAL] Loss: 0.7079, Accuracy: 55.19%, Precision: 0.68, Recall: 0.16, F1-Score: 0.26, AUC: 0.54
Epoch [65/100] - [TRAIN] Loss: 0.7072, Accuracy: 54.39%, AUC: 0.54 [VAL] Loss: 0.7067, Accuracy: 54.37%, Precision: 0.64, Recall: 0.15, F1-Score: 0.24, AUC: 0.53
Epoch [66/100] - [TRAIN] Loss: 0.7075, Accuracy: 54.39%, AUC: 0.54 [VAL] Loss: 0.7048, Accuracy: 55.11%, Precision: 0.69, Recall: 0.16, F1-Score: 0.25, AUC: 0.54
Epoch [67/100] - [TRAIN] Loss: 0.7077, Accuracy: 54.20%, AUC: 0.54 [VAL] Loss: 0.7044, Accuracy: 55.39%, Precision: 0.68, Recall: 0.15, F1-Score: 0.25, AUC: 0.54
Epoch [68/100] - [TRAIN] Loss: 0.7072, Accuracy: 54.08%, AUC: 0.53 [VAL] Loss: 0.7061, Accuracy: 54.84%, Precision: 0.66, Recall: 0.14, F1-Score: 0.24, AUC: 0.54
Epoch [69/100] - [TRAIN] Loss: 0.7074, Accuracy: 54.24%, AUC: 0.54 [VAL] Loss: 0.7057, Accuracy: 54.94%, Precision: 0.67, Recall: 0.15, F1-Score: 0.24, AUC: 0.54
Epoch [70/100] - [TRAIN] Loss: 0.7074, Accuracy: 54.14%, AUC: 0.54 [VAL] Loss: 0.7057, Accuracy: 54.81%, Precision: 0.67, Recall: 0.15, F1-Score: 0.24, AUC: 0.54
Epoch [71/100] - [TRAIN] Loss: 0.7073, Accuracy: 54.38%, AUC: 0.54 [VAL] Loss: 0.7048, Accuracy: 55.22%, Precision: 0.66, Recall: 0.16, F1-Score: 0.25, AUC: 0.54
Epoch [72/100] - [TRAIN] Loss: 0.7074, Accuracy: 54.34%, AUC: 0.54 [VAL] Loss: 0.7053, Accuracy: 54.96%, Precision: 0.67, Recall: 0.16, F1-Score: 0.25, AUC: 0.54
Epoch [73/100] - [TRAIN] Loss: 0.7073, Accuracy: 54.25%, AUC: 0.54 [VAL] Loss: 0.7060, Accuracy: 54.54%, Precision: 0.67, Recall: 0.15, F1-Score: 0.24, AUC: 0.54
Epoch [74/100] - [TRAIN] Loss: 0.7077, Accuracy: 54.19%, AUC: 0.54 [VAL] Loss: 0.7073, Accuracy: 54.40%, Precision: 0.67, Recall: 0.15, F1-Score: 0.25, AUC: 0.54
Epoch [75/100] - [TRAIN] Loss: 0.7073, Accuracy: 54.40%, AUC: 0.54 [VAL] Loss: 0.7054, Accuracy: 54.95%, Precision: 0.68, Recall: 0.16, F1-Score: 0.25, AUC: 0.54
Epoch [76/100] - [TRAIN] Loss: 0.7073, Accuracy: 54.21%, AUC: 0.54 [VAL] Loss: 0.7062, Accuracy: 54.58%, Precision: 0.65, Recall: 0.15, F1-Score: 0.24, AUC: 0.54
Epoch [77/100] - [TRAIN] Loss: 0.7079, Accuracy: 53.99%, AUC: 0.53 [VAL] Loss: 0.7048, Accuracy: 55.78%, Precision: 0.65, Recall: 0.15, F1-Score: 0.25, AUC: 0.54
Epoch [78/100] - [TRAIN] Loss: 0.7077, Accuracy: 54.15%, AUC: 0.54 [VAL] Loss: 0.7044, Accuracy: 55.74%, Precision: 0.68, Recall: 0.16, F1-Score: 0.26, AUC: 0.54
Epoch [79/100] - [TRAIN] Loss: 0.7074, Accuracy: 54.09%, AUC: 0.54 [VAL] Loss: 0.7038, Accuracy: 55.34%, Precision: 0.69, Recall: 0.16, F1-Score: 0.26, AUC: 0.55
Epoch [80/100] - [TRAIN] Loss: 0.7075, Accuracy: 54.32%, AUC: 0.54 [VAL] Loss: 0.7058, Accuracy: 55.19%, Precision: 0.68, Recall: 0.16, F1-Score: 0.25, AUC: 0.54
Epoch [81/100] - [TRAIN] Loss: 0.7066, Accuracy: 54.59%, AUC: 0.54 [VAL] Loss: 0.7041, Accuracy: 55.17%, Precision: 0.70, Recall: 0.15, F1-Score: 0.25, AUC: 0.54
Epoch [82/100] - [TRAIN] Loss: 0.7068, Accuracy: 54.23%, AUC: 0.54 [VAL] Loss: 0.7040, Accuracy: 55.62%, Precision: 0.67, Recall: 0.16, F1-Score: 0.26, AUC: 0.54
Epoch [83/100] - [TRAIN] Loss: 0.7072, Accuracy: 54.42%, AUC: 0.54 [VAL] Loss: 0.7065, Accuracy: 55.59%, Precision: 0.66, Recall: 0.15, F1-Score: 0.25, AUC: 0.54
Epoch [84/100] - [TRAIN] Loss: 0.7072, Accuracy: 54.10%, AUC: 0.54 [VAL] Loss: 0.7067, Accuracy: 54.88%, Precision: 0.64, Recall: 0.15, F1-Score: 0.24, AUC: 0.54
Epoch [85/100] - [TRAIN] Loss: 0.7078, Accuracy: 53.90%, AUC: 0.53 [VAL] Loss: 0.7051, Accuracy: 55.25%, Precision: 0.67, Recall: 0.15, F1-Score: 0.24, AUC: 0.54
Epoch [86/100] - [TRAIN] Loss: 0.7081, Accuracy: 53.88%, AUC: 0.53 [VAL] Loss: 0.7047, Accuracy: 54.87%, Precision: 0.69, Recall: 0.16, F1-Score: 0.26, AUC: 0.55
Epoch [87/100] - [TRAIN] Loss: 0.7068, Accuracy: 54.51%, AUC: 0.54 [VAL] Loss: 0.7070, Accuracy: 54.43%, Precision: 0.65, Recall: 0.15, F1-Score: 0.24, AUC: 0.54
Epoch [88/100] - [TRAIN] Loss: 0.7072, Accuracy: 54.40%, AUC: 0.54 [VAL] Loss: 0.7056, Accuracy: 54.44%, Precision: 0.66, Recall: 0.15, F1-Score: 0.25, AUC: 0.54
Epoch [89/100] - [TRAIN] Loss: 0.7079, Accuracy: 54.08%, AUC: 0.54 [VAL] Loss: 0.7047, Accuracy: 54.66%, Precision: 0.68, Recall: 0.15, F1-Score: 0.24, AUC: 0.54
Epoch [90/100] - [TRAIN] Loss: 0.7075, Accuracy: 53.85%, AUC: 0.53 [VAL] Loss: 0.7063, Accuracy: 53.93%, Precision: 0.67, Recall: 0.15, F1-Score: 0.24, AUC: 0.54
Epoch [91/100] - [TRAIN] Loss: 0.7068, Accuracy: 54.35%, AUC: 0.54 [VAL] Loss: 0.7035, Accuracy: 55.34%, Precision: 0.68, Recall: 0.15, F1-Score: 0.25, AUC: 0.54
Epoch [92/100] - [TRAIN] Loss: 0.7069, Accuracy: 54.50%, AUC: 0.54 [VAL] Loss: 0.7042, Accuracy: 55.07%, Precision: 0.68, Recall: 0.16, F1-Score: 0.26, AUC: 0.54
Epoch [93/100] - [TRAIN] Loss: 0.7071, Accuracy: 54.49%, AUC: 0.54 [VAL] Loss: 0.7059, Accuracy: 54.66%, Precision: 0.66, Recall: 0.15, F1-Score: 0.25, AUC: 0.54
Epoch [94/100] - [TRAIN] Loss: 0.7074, Accuracy: 54.20%, AUC: 0.54 [VAL] Loss: 0.7048, Accuracy: 55.07%, Precision: 0.64, Recall: 0.15, F1-Score: 0.24, AUC: 0.54
Epoch [95/100] - [TRAIN] Loss: 0.7072, Accuracy: 54.17%, AUC: 0.54 [VAL] Loss: 0.7059, Accuracy: 55.32%, Precision: 0.67, Recall: 0.15, F1-Score: 0.25, AUC: 0.54
Epoch [96/100] - [TRAIN] Loss: 0.7071, Accuracy: 54.33%, AUC: 0.54 [VAL] Loss: 0.7045, Accuracy: 54.67%, Precision: 0.69, Recall: 0.15, F1-Score: 0.25, AUC: 0.54
Epoch [97/100] - [TRAIN] Loss: 0.7066, Accuracy: 54.15%, AUC: 0.54 [VAL] Loss: 0.7050, Accuracy: 53.67%, Precision: 0.66, Recall: 0.15, F1-Score: 0.24, AUC: 0.54
Epoch [98/100] - [TRAIN] Loss: 0.7069, Accuracy: 54.34%, AUC: 0.54 [VAL] Loss: 0.7045, Accuracy: 54.78%, Precision: 0.68, Recall: 0.16, F1-Score: 0.25, AUC: 0.54
Epoch [99/100] - [TRAIN] Loss: 0.7069, Accuracy: 54.29%, AUC: 0.54 [VAL] Loss: 0.7048, Accuracy: 55.31%, Precision: 0.69, Recall: 0.15, F1-Score: 0.25, AUC: 0.54
Epoch [100/100] - [TRAIN] Loss: 0.7070, Accuracy: 54.38%, AUC: 0.54 [VAL] Loss: 0.7062, Accuracy: 54.87%, Precision: 0.68, Recall: 0.16, F1-Score: 0.26, AUC: 0.54
Accuracy Score on test set: 54.94 %
    AUC Score on test set: 0.54
    Precision: 0.6812
    Recall: 0.1617
    F1-Score: 0.2613

    Detailed Classification Report:
                  precision    recall  f1-score   support

           0       0.53      0.93      0.68      5070
           1       0.68      0.16      0.26      4930

    accuracy                           0.55     10000
   macro avg       0.61      0.54      0.47     10000
weighted avg       0.61      0.55      0.47     10000


    Confusion Matrix:
    [[4697  373]
 [4133  797]]
    
003-H3K27ac
Epoch [1/100] - [TRAIN] Loss: 0.6043, Accuracy: 72.46%, AUC: 0.72 [VAL] Loss: 0.5634, Accuracy: 74.88%, Precision: 0.77, Recall: 0.69, F1-Score: 0.73, AUC: 0.75
Epoch [2/100] - [TRAIN] Loss: 0.5722, Accuracy: 74.50%, AUC: 0.74 [VAL] Loss: 0.5504, Accuracy: 74.70%, Precision: 0.77, Recall: 0.69, F1-Score: 0.73, AUC: 0.75
Epoch [3/100] - [TRAIN] Loss: 0.5650, Accuracy: 74.25%, AUC: 0.74 [VAL] Loss: 0.5509, Accuracy: 74.84%, Precision: 0.78, Recall: 0.68, F1-Score: 0.72, AUC: 0.75
Epoch [4/100] - [TRAIN] Loss: 0.5621, Accuracy: 74.36%, AUC: 0.74 [VAL] Loss: 0.5463, Accuracy: 74.81%, Precision: 0.78, Recall: 0.67, F1-Score: 0.72, AUC: 0.75
Epoch [5/100] - [TRAIN] Loss: 0.5581, Accuracy: 74.54%, AUC: 0.74 [VAL] Loss: 0.5409, Accuracy: 75.16%, Precision: 0.78, Recall: 0.67, F1-Score: 0.72, AUC: 0.75
Epoch [6/100] - [TRAIN] Loss: 0.5588, Accuracy: 74.12%, AUC: 0.74 [VAL] Loss: 0.5348, Accuracy: 75.91%, Precision: 0.81, Recall: 0.66, F1-Score: 0.73, AUC: 0.76
Epoch [7/100] - [TRAIN] Loss: 0.5571, Accuracy: 74.32%, AUC: 0.74 [VAL] Loss: 0.5347, Accuracy: 75.78%, Precision: 0.81, Recall: 0.68, F1-Score: 0.74, AUC: 0.76
Epoch [8/100] - [TRAIN] Loss: 0.5524, Accuracy: 74.35%, AUC: 0.74 [VAL] Loss: 0.5366, Accuracy: 75.19%, Precision: 0.79, Recall: 0.67, F1-Score: 0.73, AUC: 0.75
Epoch [9/100] - [TRAIN] Loss: 0.5534, Accuracy: 74.39%, AUC: 0.74 [VAL] Loss: 0.5409, Accuracy: 75.19%, Precision: 0.79, Recall: 0.67, F1-Score: 0.72, AUC: 0.75
Epoch [10/100] - [TRAIN] Loss: 0.5530, Accuracy: 74.28%, AUC: 0.74 [VAL] Loss: 0.5380, Accuracy: 75.23%, Precision: 0.79, Recall: 0.67, F1-Score: 0.73, AUC: 0.75
Epoch [11/100] - [TRAIN] Loss: 0.5489, Accuracy: 74.53%, AUC: 0.74 [VAL] Loss: 0.5402, Accuracy: 74.94%, Precision: 0.79, Recall: 0.67, F1-Score: 0.72, AUC: 0.75
Epoch [12/100] - [TRAIN] Loss: 0.5474, Accuracy: 74.67%, AUC: 0.75 [VAL] Loss: 0.5365, Accuracy: 75.60%, Precision: 0.79, Recall: 0.68, F1-Score: 0.73, AUC: 0.75
Epoch [13/100] - [TRAIN] Loss: 0.5487, Accuracy: 74.27%, AUC: 0.74 [VAL] Loss: 0.5363, Accuracy: 75.01%, Precision: 0.79, Recall: 0.67, F1-Score: 0.72, AUC: 0.75
Epoch [14/100] - [TRAIN] Loss: 0.5477, Accuracy: 74.62%, AUC: 0.74 [VAL] Loss: 0.5368, Accuracy: 74.63%, Precision: 0.79, Recall: 0.67, F1-Score: 0.73, AUC: 0.75
Epoch [15/100] - [TRAIN] Loss: 0.5507, Accuracy: 74.25%, AUC: 0.74 [VAL] Loss: 0.5422, Accuracy: 73.93%, Precision: 0.77, Recall: 0.66, F1-Score: 0.71, AUC: 0.74
Epoch [16/100] - [TRAIN] Loss: 0.5505, Accuracy: 74.44%, AUC: 0.74 [VAL] Loss: 0.5320, Accuracy: 75.15%, Precision: 0.78, Recall: 0.67, F1-Score: 0.72, AUC: 0.75
Epoch [17/100] - [TRAIN] Loss: 0.5495, Accuracy: 74.50%, AUC: 0.74 [VAL] Loss: 0.5356, Accuracy: 75.14%, Precision: 0.80, Recall: 0.67, F1-Score: 0.73, AUC: 0.75
Epoch [18/100] - [TRAIN] Loss: 0.5476, Accuracy: 74.54%, AUC: 0.74 [VAL] Loss: 0.5282, Accuracy: 75.51%, Precision: 0.79, Recall: 0.68, F1-Score: 0.73, AUC: 0.75
Epoch [19/100] - [TRAIN] Loss: 0.5473, Accuracy: 74.58%, AUC: 0.74 [VAL] Loss: 0.5411, Accuracy: 75.02%, Precision: 0.79, Recall: 0.67, F1-Score: 0.73, AUC: 0.75
Epoch [20/100] - [TRAIN] Loss: 0.5469, Accuracy: 74.43%, AUC: 0.74 [VAL] Loss: 0.5336, Accuracy: 75.31%, Precision: 0.79, Recall: 0.67, F1-Score: 0.73, AUC: 0.75
Epoch [21/100] - [TRAIN] Loss: 0.5516, Accuracy: 74.35%, AUC: 0.74 [VAL] Loss: 0.5404, Accuracy: 74.59%, Precision: 0.79, Recall: 0.66, F1-Score: 0.72, AUC: 0.75
Epoch [22/100] - [TRAIN] Loss: 0.5494, Accuracy: 74.40%, AUC: 0.74 [VAL] Loss: 0.5331, Accuracy: 75.62%, Precision: 0.79, Recall: 0.68, F1-Score: 0.73, AUC: 0.75
Epoch [23/100] - [TRAIN] Loss: 0.5437, Accuracy: 74.72%, AUC: 0.75 [VAL] Loss: 0.5341, Accuracy: 75.19%, Precision: 0.79, Recall: 0.67, F1-Score: 0.73, AUC: 0.75
Epoch [24/100] - [TRAIN] Loss: 0.5463, Accuracy: 74.66%, AUC: 0.74 [VAL] Loss: 0.5251, Accuracy: 76.39%, Precision: 0.80, Recall: 0.69, F1-Score: 0.74, AUC: 0.76
Epoch [25/100] - [TRAIN] Loss: 0.5492, Accuracy: 74.56%, AUC: 0.74 [VAL] Loss: 0.5375, Accuracy: 74.60%, Precision: 0.78, Recall: 0.67, F1-Score: 0.72, AUC: 0.74
Epoch [26/100] - [TRAIN] Loss: 0.5490, Accuracy: 74.33%, AUC: 0.74 [VAL] Loss: 0.5381, Accuracy: 75.16%, Precision: 0.78, Recall: 0.68, F1-Score: 0.73, AUC: 0.75
Epoch [27/100] - [TRAIN] Loss: 0.5476, Accuracy: 74.69%, AUC: 0.75 [VAL] Loss: 0.5353, Accuracy: 74.59%, Precision: 0.79, Recall: 0.66, F1-Score: 0.72, AUC: 0.74
Epoch [28/100] - [TRAIN] Loss: 0.5476, Accuracy: 74.56%, AUC: 0.74 [VAL] Loss: 0.5340, Accuracy: 75.56%, Precision: 0.79, Recall: 0.67, F1-Score: 0.73, AUC: 0.75
Epoch [29/100] - [TRAIN] Loss: 0.5487, Accuracy: 74.53%, AUC: 0.74 [VAL] Loss: 0.5361, Accuracy: 74.82%, Precision: 0.78, Recall: 0.67, F1-Score: 0.72, AUC: 0.75
Epoch [30/100] - [TRAIN] Loss: 0.5501, Accuracy: 74.41%, AUC: 0.74 [VAL] Loss: 0.5423, Accuracy: 74.41%, Precision: 0.78, Recall: 0.66, F1-Score: 0.72, AUC: 0.74
Epoch [31/100] - [TRAIN] Loss: 0.5468, Accuracy: 74.42%, AUC: 0.74 [VAL] Loss: 0.5376, Accuracy: 75.14%, Precision: 0.79, Recall: 0.67, F1-Score: 0.73, AUC: 0.75
Epoch [32/100] - [TRAIN] Loss: 0.5470, Accuracy: 74.65%, AUC: 0.74 [VAL] Loss: 0.5269, Accuracy: 76.28%, Precision: 0.79, Recall: 0.69, F1-Score: 0.74, AUC: 0.76
Epoch [33/100] - [TRAIN] Loss: 0.5479, Accuracy: 74.44%, AUC: 0.74 [VAL] Loss: 0.5333, Accuracy: 75.27%, Precision: 0.79, Recall: 0.67, F1-Score: 0.73, AUC: 0.75
Epoch [34/100] - [TRAIN] Loss: 0.5517, Accuracy: 74.18%, AUC: 0.74 [VAL] Loss: 0.5347, Accuracy: 74.76%, Precision: 0.78, Recall: 0.67, F1-Score: 0.72, AUC: 0.75
Epoch [35/100] - [TRAIN] Loss: 0.5492, Accuracy: 74.43%, AUC: 0.74 [VAL] Loss: 0.5425, Accuracy: 74.97%, Precision: 0.78, Recall: 0.67, F1-Score: 0.72, AUC: 0.75
Epoch [36/100] - [TRAIN] Loss: 0.5453, Accuracy: 74.66%, AUC: 0.75 [VAL] Loss: 0.5302, Accuracy: 76.00%, Precision: 0.80, Recall: 0.68, F1-Score: 0.73, AUC: 0.76
Epoch [37/100] - [TRAIN] Loss: 0.5478, Accuracy: 74.40%, AUC: 0.74 [VAL] Loss: 0.5382, Accuracy: 74.55%, Precision: 0.78, Recall: 0.67, F1-Score: 0.72, AUC: 0.74
Epoch [38/100] - [TRAIN] Loss: 0.5480, Accuracy: 74.42%, AUC: 0.74 [VAL] Loss: 0.5361, Accuracy: 74.59%, Precision: 0.79, Recall: 0.67, F1-Score: 0.72, AUC: 0.74
Epoch [39/100] - [TRAIN] Loss: 0.5506, Accuracy: 74.34%, AUC: 0.74 [VAL] Loss: 0.5332, Accuracy: 75.65%, Precision: 0.79, Recall: 0.68, F1-Score: 0.73, AUC: 0.76
Epoch [40/100] - [TRAIN] Loss: 0.5481, Accuracy: 74.54%, AUC: 0.74 [VAL] Loss: 0.5310, Accuracy: 75.58%, Precision: 0.80, Recall: 0.67, F1-Score: 0.73, AUC: 0.75
Epoch [41/100] - [TRAIN] Loss: 0.5436, Accuracy: 74.79%, AUC: 0.75 [VAL] Loss: 0.5364, Accuracy: 74.95%, Precision: 0.78, Recall: 0.67, F1-Score: 0.72, AUC: 0.75
Epoch [42/100] - [TRAIN] Loss: 0.5469, Accuracy: 74.47%, AUC: 0.74 [VAL] Loss: 0.5390, Accuracy: 74.28%, Precision: 0.78, Recall: 0.66, F1-Score: 0.71, AUC: 0.74
Epoch [43/100] - [TRAIN] Loss: 0.5478, Accuracy: 74.52%, AUC: 0.74 [VAL] Loss: 0.5358, Accuracy: 74.78%, Precision: 0.79, Recall: 0.66, F1-Score: 0.72, AUC: 0.75
Epoch [44/100] - [TRAIN] Loss: 0.5473, Accuracy: 74.64%, AUC: 0.74 [VAL] Loss: 0.5427, Accuracy: 74.05%, Precision: 0.77, Recall: 0.67, F1-Score: 0.72, AUC: 0.74
Epoch [45/100] - [TRAIN] Loss: 0.5486, Accuracy: 74.68%, AUC: 0.75 [VAL] Loss: 0.5398, Accuracy: 73.88%, Precision: 0.77, Recall: 0.67, F1-Score: 0.71, AUC: 0.74
Epoch [46/100] - [TRAIN] Loss: 0.5491, Accuracy: 74.69%, AUC: 0.75 [VAL] Loss: 0.5380, Accuracy: 74.81%, Precision: 0.79, Recall: 0.66, F1-Score: 0.72, AUC: 0.75
Epoch [47/100] - [TRAIN] Loss: 0.5455, Accuracy: 74.70%, AUC: 0.75 [VAL] Loss: 0.5394, Accuracy: 74.89%, Precision: 0.79, Recall: 0.67, F1-Score: 0.73, AUC: 0.75
Epoch [48/100] - [TRAIN] Loss: 0.5482, Accuracy: 74.56%, AUC: 0.74 [VAL] Loss: 0.5361, Accuracy: 75.14%, Precision: 0.78, Recall: 0.68, F1-Score: 0.73, AUC: 0.75
Epoch [49/100] - [TRAIN] Loss: 0.5462, Accuracy: 74.69%, AUC: 0.75 [VAL] Loss: 0.5338, Accuracy: 75.40%, Precision: 0.79, Recall: 0.68, F1-Score: 0.73, AUC: 0.75
Epoch [50/100] - [TRAIN] Loss: 0.5521, Accuracy: 74.27%, AUC: 0.74 [VAL] Loss: 0.5361, Accuracy: 75.05%, Precision: 0.78, Recall: 0.67, F1-Score: 0.72, AUC: 0.75
Epoch [51/100] - [TRAIN] Loss: 0.5473, Accuracy: 74.54%, AUC: 0.74 [VAL] Loss: 0.5376, Accuracy: 75.38%, Precision: 0.79, Recall: 0.68, F1-Score: 0.73, AUC: 0.75
Epoch [52/100] - [TRAIN] Loss: 0.5483, Accuracy: 74.69%, AUC: 0.75 [VAL] Loss: 0.5410, Accuracy: 74.81%, Precision: 0.79, Recall: 0.67, F1-Score: 0.72, AUC: 0.75
Epoch [53/100] - [TRAIN] Loss: 0.5470, Accuracy: 74.41%, AUC: 0.74 [VAL] Loss: 0.5368, Accuracy: 74.27%, Precision: 0.78, Recall: 0.66, F1-Score: 0.71, AUC: 0.74
Epoch [54/100] - [TRAIN] Loss: 0.5455, Accuracy: 74.71%, AUC: 0.75 [VAL] Loss: 0.5411, Accuracy: 74.77%, Precision: 0.78, Recall: 0.67, F1-Score: 0.72, AUC: 0.75
Epoch [55/100] - [TRAIN] Loss: 0.5470, Accuracy: 74.69%, AUC: 0.75 [VAL] Loss: 0.5358, Accuracy: 75.25%, Precision: 0.78, Recall: 0.68, F1-Score: 0.72, AUC: 0.75
Epoch [56/100] - [TRAIN] Loss: 0.5472, Accuracy: 74.59%, AUC: 0.74 [VAL] Loss: 0.5386, Accuracy: 75.20%, Precision: 0.79, Recall: 0.68, F1-Score: 0.73, AUC: 0.75
Epoch [57/100] - [TRAIN] Loss: 0.5463, Accuracy: 74.58%, AUC: 0.74 [VAL] Loss: 0.5290, Accuracy: 75.46%, Precision: 0.79, Recall: 0.68, F1-Score: 0.73, AUC: 0.75
Epoch [58/100] - [TRAIN] Loss: 0.5454, Accuracy: 74.68%, AUC: 0.75 [VAL] Loss: 0.5364, Accuracy: 75.01%, Precision: 0.78, Recall: 0.68, F1-Score: 0.73, AUC: 0.75
Epoch [59/100] - [TRAIN] Loss: 0.5462, Accuracy: 74.62%, AUC: 0.74 [VAL] Loss: 0.5335, Accuracy: 75.40%, Precision: 0.79, Recall: 0.67, F1-Score: 0.73, AUC: 0.75
Epoch [60/100] - [TRAIN] Loss: 0.5499, Accuracy: 74.35%, AUC: 0.74 [VAL] Loss: 0.5403, Accuracy: 74.71%, Precision: 0.78, Recall: 0.67, F1-Score: 0.72, AUC: 0.74
Epoch [61/100] - [TRAIN] Loss: 0.5463, Accuracy: 74.64%, AUC: 0.74 [VAL] Loss: 0.5345, Accuracy: 75.02%, Precision: 0.79, Recall: 0.68, F1-Score: 0.73, AUC: 0.75
Epoch [62/100] - [TRAIN] Loss: 0.5449, Accuracy: 74.64%, AUC: 0.74 [VAL] Loss: 0.5395, Accuracy: 74.76%, Precision: 0.78, Recall: 0.67, F1-Score: 0.72, AUC: 0.74
Epoch [63/100] - [TRAIN] Loss: 0.5442, Accuracy: 74.84%, AUC: 0.75 [VAL] Loss: 0.5313, Accuracy: 75.34%, Precision: 0.79, Recall: 0.67, F1-Score: 0.73, AUC: 0.75
Epoch [64/100] - [TRAIN] Loss: 0.5459, Accuracy: 74.66%, AUC: 0.74 [VAL] Loss: 0.5372, Accuracy: 74.98%, Precision: 0.79, Recall: 0.66, F1-Score: 0.72, AUC: 0.75
Epoch [65/100] - [TRAIN] Loss: 0.5452, Accuracy: 74.66%, AUC: 0.75 [VAL] Loss: 0.5368, Accuracy: 75.51%, Precision: 0.78, Recall: 0.69, F1-Score: 0.73, AUC: 0.75
Epoch [66/100] - [TRAIN] Loss: 0.5489, Accuracy: 74.45%, AUC: 0.74 [VAL] Loss: 0.5358, Accuracy: 75.78%, Precision: 0.80, Recall: 0.68, F1-Score: 0.73, AUC: 0.76
Epoch [67/100] - [TRAIN] Loss: 0.5480, Accuracy: 74.45%, AUC: 0.74 [VAL] Loss: 0.5297, Accuracy: 75.60%, Precision: 0.79, Recall: 0.68, F1-Score: 0.73, AUC: 0.75
Epoch [68/100] - [TRAIN] Loss: 0.5463, Accuracy: 74.60%, AUC: 0.74 [VAL] Loss: 0.5337, Accuracy: 74.94%, Precision: 0.78, Recall: 0.67, F1-Score: 0.72, AUC: 0.75
Epoch [69/100] - [TRAIN] Loss: 0.5457, Accuracy: 74.56%, AUC: 0.74 [VAL] Loss: 0.5330, Accuracy: 75.35%, Precision: 0.78, Recall: 0.68, F1-Score: 0.73, AUC: 0.75
Epoch [70/100] - [TRAIN] Loss: 0.5483, Accuracy: 74.63%, AUC: 0.75 [VAL] Loss: 0.5419, Accuracy: 74.21%, Precision: 0.78, Recall: 0.66, F1-Score: 0.71, AUC: 0.74
Epoch [71/100] - [TRAIN] Loss: 0.5482, Accuracy: 74.56%, AUC: 0.74 [VAL] Loss: 0.5330, Accuracy: 75.99%, Precision: 0.80, Recall: 0.69, F1-Score: 0.74, AUC: 0.76
Epoch [72/100] - [TRAIN] Loss: 0.5496, Accuracy: 74.33%, AUC: 0.74 [VAL] Loss: 0.5367, Accuracy: 75.02%, Precision: 0.78, Recall: 0.67, F1-Score: 0.72, AUC: 0.75
Epoch [73/100] - [TRAIN] Loss: 0.5458, Accuracy: 74.80%, AUC: 0.75 [VAL] Loss: 0.5345, Accuracy: 75.05%, Precision: 0.79, Recall: 0.67, F1-Score: 0.73, AUC: 0.75
Epoch [74/100] - [TRAIN] Loss: 0.5449, Accuracy: 74.83%, AUC: 0.75 [VAL] Loss: 0.5288, Accuracy: 75.68%, Precision: 0.80, Recall: 0.68, F1-Score: 0.73, AUC: 0.76
Epoch [75/100] - [TRAIN] Loss: 0.5477, Accuracy: 74.52%, AUC: 0.74 [VAL] Loss: 0.5336, Accuracy: 75.51%, Precision: 0.78, Recall: 0.68, F1-Score: 0.73, AUC: 0.75
Epoch [76/100] - [TRAIN] Loss: 0.5515, Accuracy: 74.40%, AUC: 0.74 [VAL] Loss: 0.5290, Accuracy: 75.77%, Precision: 0.79, Recall: 0.68, F1-Score: 0.73, AUC: 0.76
Epoch [77/100] - [TRAIN] Loss: 0.5507, Accuracy: 74.28%, AUC: 0.74 [VAL] Loss: 0.5317, Accuracy: 75.45%, Precision: 0.79, Recall: 0.68, F1-Score: 0.73, AUC: 0.75
Epoch [78/100] - [TRAIN] Loss: 0.5479, Accuracy: 74.60%, AUC: 0.74 [VAL] Loss: 0.5318, Accuracy: 75.12%, Precision: 0.79, Recall: 0.67, F1-Score: 0.72, AUC: 0.75
Epoch [79/100] - [TRAIN] Loss: 0.5491, Accuracy: 74.50%, AUC: 0.74 [VAL] Loss: 0.5424, Accuracy: 74.86%, Precision: 0.78, Recall: 0.66, F1-Score: 0.72, AUC: 0.75
Epoch [80/100] - [TRAIN] Loss: 0.5473, Accuracy: 74.46%, AUC: 0.74 [VAL] Loss: 0.5378, Accuracy: 74.79%, Precision: 0.79, Recall: 0.67, F1-Score: 0.72, AUC: 0.75
Epoch [81/100] - [TRAIN] Loss: 0.5480, Accuracy: 74.63%, AUC: 0.74 [VAL] Loss: 0.5363, Accuracy: 75.42%, Precision: 0.78, Recall: 0.69, F1-Score: 0.73, AUC: 0.75
Epoch [82/100] - [TRAIN] Loss: 0.5496, Accuracy: 74.50%, AUC: 0.74 [VAL] Loss: 0.5367, Accuracy: 75.60%, Precision: 0.79, Recall: 0.68, F1-Score: 0.73, AUC: 0.75
Epoch [83/100] - [TRAIN] Loss: 0.5509, Accuracy: 74.33%, AUC: 0.74 [VAL] Loss: 0.5270, Accuracy: 75.24%, Precision: 0.80, Recall: 0.67, F1-Score: 0.73, AUC: 0.75
Epoch [84/100] - [TRAIN] Loss: 0.5455, Accuracy: 74.78%, AUC: 0.75 [VAL] Loss: 0.5320, Accuracy: 75.04%, Precision: 0.78, Recall: 0.68, F1-Score: 0.73, AUC: 0.75
Epoch [85/100] - [TRAIN] Loss: 0.5453, Accuracy: 74.86%, AUC: 0.75 [VAL] Loss: 0.5388, Accuracy: 75.09%, Precision: 0.79, Recall: 0.67, F1-Score: 0.72, AUC: 0.75
Epoch [86/100] - [TRAIN] Loss: 0.5464, Accuracy: 74.56%, AUC: 0.74 [VAL] Loss: 0.5348, Accuracy: 74.94%, Precision: 0.80, Recall: 0.67, F1-Score: 0.73, AUC: 0.75
Epoch [87/100] - [TRAIN] Loss: 0.5450, Accuracy: 74.86%, AUC: 0.75 [VAL] Loss: 0.5346, Accuracy: 75.25%, Precision: 0.79, Recall: 0.68, F1-Score: 0.73, AUC: 0.75
Epoch [88/100] - [TRAIN] Loss: 0.5464, Accuracy: 74.61%, AUC: 0.74 [VAL] Loss: 0.5316, Accuracy: 75.18%, Precision: 0.79, Recall: 0.67, F1-Score: 0.73, AUC: 0.75
Epoch [89/100] - [TRAIN] Loss: 0.5455, Accuracy: 74.73%, AUC: 0.75 [VAL] Loss: 0.5334, Accuracy: 75.11%, Precision: 0.78, Recall: 0.67, F1-Score: 0.72, AUC: 0.75
Epoch [90/100] - [TRAIN] Loss: 0.5458, Accuracy: 74.50%, AUC: 0.74 [VAL] Loss: 0.5300, Accuracy: 75.53%, Precision: 0.79, Recall: 0.69, F1-Score: 0.73, AUC: 0.75
Epoch [91/100] - [TRAIN] Loss: 0.5469, Accuracy: 74.79%, AUC: 0.75 [VAL] Loss: 0.5343, Accuracy: 75.10%, Precision: 0.78, Recall: 0.67, F1-Score: 0.72, AUC: 0.75
Epoch [92/100] - [TRAIN] Loss: 0.5482, Accuracy: 74.58%, AUC: 0.74 [VAL] Loss: 0.5323, Accuracy: 75.09%, Precision: 0.80, Recall: 0.67, F1-Score: 0.73, AUC: 0.75
Epoch [93/100] - [TRAIN] Loss: 0.5485, Accuracy: 74.67%, AUC: 0.75 [VAL] Loss: 0.5385, Accuracy: 75.45%, Precision: 0.78, Recall: 0.68, F1-Score: 0.73, AUC: 0.75
Epoch [94/100] - [TRAIN] Loss: 0.5468, Accuracy: 74.67%, AUC: 0.74 [VAL] Loss: 0.5343, Accuracy: 75.35%, Precision: 0.79, Recall: 0.68, F1-Score: 0.73, AUC: 0.75
Epoch [95/100] - [TRAIN] Loss: 0.5452, Accuracy: 74.68%, AUC: 0.75 [VAL] Loss: 0.5373, Accuracy: 74.88%, Precision: 0.79, Recall: 0.66, F1-Score: 0.72, AUC: 0.75
Epoch [96/100] - [TRAIN] Loss: 0.5478, Accuracy: 74.45%, AUC: 0.74 [VAL] Loss: 0.5268, Accuracy: 75.34%, Precision: 0.78, Recall: 0.68, F1-Score: 0.72, AUC: 0.75
Epoch [97/100] - [TRAIN] Loss: 0.5502, Accuracy: 74.41%, AUC: 0.74 [VAL] Loss: 0.5301, Accuracy: 75.33%, Precision: 0.79, Recall: 0.68, F1-Score: 0.73, AUC: 0.75
Epoch [98/100] - [TRAIN] Loss: 0.5478, Accuracy: 74.75%, AUC: 0.75 [VAL] Loss: 0.5333, Accuracy: 75.12%, Precision: 0.79, Recall: 0.67, F1-Score: 0.72, AUC: 0.75
Epoch [99/100] - [TRAIN] Loss: 0.5496, Accuracy: 74.33%, AUC: 0.74 [VAL] Loss: 0.5422, Accuracy: 75.08%, Precision: 0.78, Recall: 0.68, F1-Score: 0.73, AUC: 0.75
Epoch [100/100] - [TRAIN] Loss: 0.5475, Accuracy: 74.61%, AUC: 0.74 [VAL] Loss: 0.5371, Accuracy: 74.56%, Precision: 0.78, Recall: 0.68, F1-Score: 0.73, AUC: 0.74
Accuracy Score on test set: 75.47 %
    AUC Score on test set: 0.75
    Precision: 0.7836
    Recall: 0.6776
    F1-Score: 0.7267

    Detailed Classification Report:
                  precision    recall  f1-score   support

           0       0.73      0.83      0.78      5186
           1       0.78      0.68      0.73      4814

    accuracy                           0.75     10000
   macro avg       0.76      0.75      0.75     10000
weighted avg       0.76      0.75      0.75     10000


    Confusion Matrix:
    [[4285  901]
 [1552 3262]]
    
004-H3K27me3
Epoch [1/100] - [TRAIN] Loss: 0.7184, Accuracy: 51.78%, AUC: 0.51 [VAL] Loss: 0.7124, Accuracy: 53.42%, Precision: 0.77, Recall: 0.08, F1-Score: 0.14, AUC: 0.53
Epoch [2/100] - [TRAIN] Loss: 0.7060, Accuracy: 55.53%, AUC: 0.55 [VAL] Loss: 0.6990, Accuracy: 57.61%, Precision: 0.77, Recall: 0.20, F1-Score: 0.32, AUC: 0.57
Epoch [3/100] - [TRAIN] Loss: 0.6965, Accuracy: 57.28%, AUC: 0.57 [VAL] Loss: 0.6956, Accuracy: 57.65%, Precision: 0.72, Recall: 0.22, F1-Score: 0.34, AUC: 0.57
Epoch [4/100] - [TRAIN] Loss: 0.6926, Accuracy: 58.15%, AUC: 0.58 [VAL] Loss: 0.6887, Accuracy: 59.22%, Precision: 0.74, Recall: 0.24, F1-Score: 0.37, AUC: 0.58
Epoch [5/100] - [TRAIN] Loss: 0.6902, Accuracy: 58.16%, AUC: 0.58 [VAL] Loss: 0.6840, Accuracy: 60.28%, Precision: 0.76, Recall: 0.26, F1-Score: 0.38, AUC: 0.59
Epoch [6/100] - [TRAIN] Loss: 0.6890, Accuracy: 58.12%, AUC: 0.58 [VAL] Loss: 0.6894, Accuracy: 59.02%, Precision: 0.75, Recall: 0.25, F1-Score: 0.37, AUC: 0.58
Epoch [7/100] - [TRAIN] Loss: 0.6887, Accuracy: 58.15%, AUC: 0.58 [VAL] Loss: 0.6884, Accuracy: 59.12%, Precision: 0.73, Recall: 0.25, F1-Score: 0.37, AUC: 0.58
Epoch [8/100] - [TRAIN] Loss: 0.6881, Accuracy: 58.74%, AUC: 0.58 [VAL] Loss: 0.6815, Accuracy: 59.98%, Precision: 0.74, Recall: 0.25, F1-Score: 0.38, AUC: 0.59
Epoch [9/100] - [TRAIN] Loss: 0.6879, Accuracy: 58.48%, AUC: 0.58 [VAL] Loss: 0.6822, Accuracy: 59.39%, Precision: 0.76, Recall: 0.25, F1-Score: 0.37, AUC: 0.59
Epoch [10/100] - [TRAIN] Loss: 0.6847, Accuracy: 58.93%, AUC: 0.58 [VAL] Loss: 0.6814, Accuracy: 59.69%, Precision: 0.77, Recall: 0.25, F1-Score: 0.38, AUC: 0.59
Epoch [11/100] - [TRAIN] Loss: 0.6853, Accuracy: 58.54%, AUC: 0.58 [VAL] Loss: 0.6849, Accuracy: 59.41%, Precision: 0.73, Recall: 0.25, F1-Score: 0.37, AUC: 0.58
Epoch [12/100] - [TRAIN] Loss: 0.6862, Accuracy: 58.58%, AUC: 0.58 [VAL] Loss: 0.6865, Accuracy: 59.09%, Precision: 0.74, Recall: 0.26, F1-Score: 0.38, AUC: 0.58
Epoch [13/100] - [TRAIN] Loss: 0.6845, Accuracy: 58.78%, AUC: 0.58 [VAL] Loss: 0.6823, Accuracy: 59.13%, Precision: 0.74, Recall: 0.25, F1-Score: 0.37, AUC: 0.58
Epoch [14/100] - [TRAIN] Loss: 0.6844, Accuracy: 58.82%, AUC: 0.58 [VAL] Loss: 0.6782, Accuracy: 59.41%, Precision: 0.75, Recall: 0.26, F1-Score: 0.38, AUC: 0.59
Epoch [15/100] - [TRAIN] Loss: 0.6842, Accuracy: 58.82%, AUC: 0.58 [VAL] Loss: 0.6797, Accuracy: 59.47%, Precision: 0.75, Recall: 0.26, F1-Score: 0.39, AUC: 0.59
Epoch [16/100] - [TRAIN] Loss: 0.6835, Accuracy: 58.60%, AUC: 0.58 [VAL] Loss: 0.6805, Accuracy: 59.81%, Precision: 0.74, Recall: 0.26, F1-Score: 0.38, AUC: 0.59
Epoch [17/100] - [TRAIN] Loss: 0.6827, Accuracy: 58.64%, AUC: 0.58 [VAL] Loss: 0.6843, Accuracy: 59.73%, Precision: 0.73, Recall: 0.27, F1-Score: 0.39, AUC: 0.59
Epoch [18/100] - [TRAIN] Loss: 0.6827, Accuracy: 58.77%, AUC: 0.58 [VAL] Loss: 0.6782, Accuracy: 58.44%, Precision: 0.74, Recall: 0.25, F1-Score: 0.38, AUC: 0.58
Epoch [19/100] - [TRAIN] Loss: 0.6838, Accuracy: 58.62%, AUC: 0.58 [VAL] Loss: 0.6785, Accuracy: 59.79%, Precision: 0.72, Recall: 0.26, F1-Score: 0.38, AUC: 0.58
Epoch [20/100] - [TRAIN] Loss: 0.6846, Accuracy: 58.46%, AUC: 0.58 [VAL] Loss: 0.6816, Accuracy: 59.15%, Precision: 0.73, Recall: 0.26, F1-Score: 0.38, AUC: 0.58
Epoch [21/100] - [TRAIN] Loss: 0.6810, Accuracy: 58.65%, AUC: 0.58 [VAL] Loss: 0.6802, Accuracy: 59.55%, Precision: 0.74, Recall: 0.26, F1-Score: 0.38, AUC: 0.59
Epoch [22/100] - [TRAIN] Loss: 0.6813, Accuracy: 59.03%, AUC: 0.59 [VAL] Loss: 0.6831, Accuracy: 58.93%, Precision: 0.73, Recall: 0.25, F1-Score: 0.38, AUC: 0.58
Epoch [23/100] - [TRAIN] Loss: 0.6822, Accuracy: 58.71%, AUC: 0.58 [VAL] Loss: 0.6814, Accuracy: 59.14%, Precision: 0.74, Recall: 0.25, F1-Score: 0.38, AUC: 0.58
Epoch [24/100] - [TRAIN] Loss: 0.6807, Accuracy: 59.17%, AUC: 0.59 [VAL] Loss: 0.6801, Accuracy: 59.40%, Precision: 0.74, Recall: 0.26, F1-Score: 0.38, AUC: 0.59
Epoch [25/100] - [TRAIN] Loss: 0.6812, Accuracy: 58.76%, AUC: 0.58 [VAL] Loss: 0.6802, Accuracy: 59.59%, Precision: 0.74, Recall: 0.26, F1-Score: 0.39, AUC: 0.59
Epoch [26/100] - [TRAIN] Loss: 0.6805, Accuracy: 58.96%, AUC: 0.59 [VAL] Loss: 0.6819, Accuracy: 59.04%, Precision: 0.75, Recall: 0.26, F1-Score: 0.39, AUC: 0.59
Epoch [27/100] - [TRAIN] Loss: 0.6807, Accuracy: 58.57%, AUC: 0.58 [VAL] Loss: 0.6814, Accuracy: 58.93%, Precision: 0.73, Recall: 0.26, F1-Score: 0.39, AUC: 0.58
Epoch [28/100] - [TRAIN] Loss: 0.6815, Accuracy: 58.92%, AUC: 0.59 [VAL] Loss: 0.6724, Accuracy: 60.07%, Precision: 0.76, Recall: 0.27, F1-Score: 0.40, AUC: 0.59
Epoch [29/100] - [TRAIN] Loss: 0.6821, Accuracy: 58.59%, AUC: 0.58 [VAL] Loss: 0.6795, Accuracy: 59.36%, Precision: 0.73, Recall: 0.26, F1-Score: 0.38, AUC: 0.58
Epoch [30/100] - [TRAIN] Loss: 0.6812, Accuracy: 58.71%, AUC: 0.58 [VAL] Loss: 0.6800, Accuracy: 59.18%, Precision: 0.75, Recall: 0.26, F1-Score: 0.38, AUC: 0.59
Epoch [31/100] - [TRAIN] Loss: 0.6824, Accuracy: 58.76%, AUC: 0.58 [VAL] Loss: 0.6790, Accuracy: 58.74%, Precision: 0.74, Recall: 0.25, F1-Score: 0.38, AUC: 0.58
Epoch [32/100] - [TRAIN] Loss: 0.6837, Accuracy: 58.60%, AUC: 0.58 [VAL] Loss: 0.6778, Accuracy: 60.39%, Precision: 0.73, Recall: 0.26, F1-Score: 0.38, AUC: 0.59
Epoch [33/100] - [TRAIN] Loss: 0.6806, Accuracy: 58.84%, AUC: 0.59 [VAL] Loss: 0.6792, Accuracy: 58.96%, Precision: 0.75, Recall: 0.25, F1-Score: 0.38, AUC: 0.59
Epoch [34/100] - [TRAIN] Loss: 0.6845, Accuracy: 58.42%, AUC: 0.58 [VAL] Loss: 0.6814, Accuracy: 59.42%, Precision: 0.73, Recall: 0.25, F1-Score: 0.38, AUC: 0.58
Epoch [35/100] - [TRAIN] Loss: 0.6827, Accuracy: 58.34%, AUC: 0.58 [VAL] Loss: 0.6759, Accuracy: 60.36%, Precision: 0.75, Recall: 0.27, F1-Score: 0.39, AUC: 0.59
Epoch [36/100] - [TRAIN] Loss: 0.6833, Accuracy: 58.54%, AUC: 0.58 [VAL] Loss: 0.6782, Accuracy: 59.34%, Precision: 0.74, Recall: 0.27, F1-Score: 0.39, AUC: 0.59
Epoch [37/100] - [TRAIN] Loss: 0.6838, Accuracy: 58.49%, AUC: 0.58 [VAL] Loss: 0.6782, Accuracy: 59.01%, Precision: 0.74, Recall: 0.26, F1-Score: 0.38, AUC: 0.59
Epoch [38/100] - [TRAIN] Loss: 0.6806, Accuracy: 58.84%, AUC: 0.59 [VAL] Loss: 0.6791, Accuracy: 58.85%, Precision: 0.73, Recall: 0.26, F1-Score: 0.39, AUC: 0.59
Epoch [39/100] - [TRAIN] Loss: 0.6832, Accuracy: 58.47%, AUC: 0.58 [VAL] Loss: 0.6749, Accuracy: 60.04%, Precision: 0.76, Recall: 0.26, F1-Score: 0.39, AUC: 0.59
Epoch [40/100] - [TRAIN] Loss: 0.6829, Accuracy: 58.77%, AUC: 0.59 [VAL] Loss: 0.6759, Accuracy: 59.60%, Precision: 0.76, Recall: 0.27, F1-Score: 0.39, AUC: 0.59
Epoch [41/100] - [TRAIN] Loss: 0.6819, Accuracy: 58.65%, AUC: 0.58 [VAL] Loss: 0.6818, Accuracy: 59.21%, Precision: 0.73, Recall: 0.26, F1-Score: 0.38, AUC: 0.58
Epoch [42/100] - [TRAIN] Loss: 0.6821, Accuracy: 58.65%, AUC: 0.58 [VAL] Loss: 0.6762, Accuracy: 59.04%, Precision: 0.74, Recall: 0.25, F1-Score: 0.38, AUC: 0.58
Epoch [43/100] - [TRAIN] Loss: 0.6821, Accuracy: 58.58%, AUC: 0.58 [VAL] Loss: 0.6810, Accuracy: 59.48%, Precision: 0.72, Recall: 0.25, F1-Score: 0.37, AUC: 0.58
Epoch [44/100] - [TRAIN] Loss: 0.6825, Accuracy: 58.53%, AUC: 0.58 [VAL] Loss: 0.6808, Accuracy: 59.65%, Precision: 0.73, Recall: 0.26, F1-Score: 0.38, AUC: 0.58
Epoch [45/100] - [TRAIN] Loss: 0.6824, Accuracy: 58.59%, AUC: 0.58 [VAL] Loss: 0.6824, Accuracy: 58.85%, Precision: 0.73, Recall: 0.25, F1-Score: 0.37, AUC: 0.58
Epoch [46/100] - [TRAIN] Loss: 0.6813, Accuracy: 58.81%, AUC: 0.58 [VAL] Loss: 0.6808, Accuracy: 58.68%, Precision: 0.73, Recall: 0.25, F1-Score: 0.38, AUC: 0.58
Epoch [47/100] - [TRAIN] Loss: 0.6822, Accuracy: 58.40%, AUC: 0.58 [VAL] Loss: 0.6787, Accuracy: 59.57%, Precision: 0.74, Recall: 0.26, F1-Score: 0.39, AUC: 0.59
Epoch [48/100] - [TRAIN] Loss: 0.6830, Accuracy: 58.52%, AUC: 0.58 [VAL] Loss: 0.6756, Accuracy: 59.93%, Precision: 0.76, Recall: 0.26, F1-Score: 0.38, AUC: 0.59
Epoch [49/100] - [TRAIN] Loss: 0.6817, Accuracy: 58.84%, AUC: 0.59 [VAL] Loss: 0.6779, Accuracy: 59.58%, Precision: 0.73, Recall: 0.26, F1-Score: 0.38, AUC: 0.59
Epoch [50/100] - [TRAIN] Loss: 0.6812, Accuracy: 58.67%, AUC: 0.58 [VAL] Loss: 0.6795, Accuracy: 60.54%, Precision: 0.74, Recall: 0.26, F1-Score: 0.39, AUC: 0.59
Epoch [51/100] - [TRAIN] Loss: 0.6836, Accuracy: 58.33%, AUC: 0.58 [VAL] Loss: 0.6771, Accuracy: 59.89%, Precision: 0.74, Recall: 0.26, F1-Score: 0.39, AUC: 0.59
Epoch [52/100] - [TRAIN] Loss: 0.6811, Accuracy: 58.76%, AUC: 0.58 [VAL] Loss: 0.6817, Accuracy: 58.80%, Precision: 0.74, Recall: 0.25, F1-Score: 0.37, AUC: 0.58
Epoch [53/100] - [TRAIN] Loss: 0.6822, Accuracy: 58.79%, AUC: 0.58 [VAL] Loss: 0.6812, Accuracy: 59.34%, Precision: 0.73, Recall: 0.25, F1-Score: 0.37, AUC: 0.58
Epoch [54/100] - [TRAIN] Loss: 0.6823, Accuracy: 58.59%, AUC: 0.58 [VAL] Loss: 0.6782, Accuracy: 60.11%, Precision: 0.72, Recall: 0.26, F1-Score: 0.38, AUC: 0.58
Epoch [55/100] - [TRAIN] Loss: 0.6825, Accuracy: 58.59%, AUC: 0.58 [VAL] Loss: 0.6820, Accuracy: 59.20%, Precision: 0.75, Recall: 0.26, F1-Score: 0.38, AUC: 0.59
Epoch [56/100] - [TRAIN] Loss: 0.6813, Accuracy: 58.65%, AUC: 0.58 [VAL] Loss: 0.6828, Accuracy: 59.15%, Precision: 0.72, Recall: 0.25, F1-Score: 0.37, AUC: 0.58
Epoch [57/100] - [TRAIN] Loss: 0.6831, Accuracy: 58.48%, AUC: 0.58 [VAL] Loss: 0.6823, Accuracy: 59.54%, Precision: 0.73, Recall: 0.25, F1-Score: 0.38, AUC: 0.58
Epoch [58/100] - [TRAIN] Loss: 0.6818, Accuracy: 58.74%, AUC: 0.58 [VAL] Loss: 0.6834, Accuracy: 58.92%, Precision: 0.73, Recall: 0.25, F1-Score: 0.38, AUC: 0.58
Epoch [59/100] - [TRAIN] Loss: 0.6823, Accuracy: 58.62%, AUC: 0.58 [VAL] Loss: 0.6780, Accuracy: 59.29%, Precision: 0.73, Recall: 0.26, F1-Score: 0.39, AUC: 0.59
Epoch [60/100] - [TRAIN] Loss: 0.6816, Accuracy: 59.03%, AUC: 0.59 [VAL] Loss: 0.6769, Accuracy: 59.74%, Precision: 0.75, Recall: 0.27, F1-Score: 0.39, AUC: 0.59
Epoch [61/100] - [TRAIN] Loss: 0.6820, Accuracy: 58.52%, AUC: 0.58 [VAL] Loss: 0.6811, Accuracy: 58.86%, Precision: 0.74, Recall: 0.26, F1-Score: 0.39, AUC: 0.59
Epoch [62/100] - [TRAIN] Loss: 0.6821, Accuracy: 58.59%, AUC: 0.58 [VAL] Loss: 0.6798, Accuracy: 59.62%, Precision: 0.75, Recall: 0.26, F1-Score: 0.38, AUC: 0.59
Epoch [63/100] - [TRAIN] Loss: 0.6810, Accuracy: 58.72%, AUC: 0.58 [VAL] Loss: 0.6808, Accuracy: 59.44%, Precision: 0.74, Recall: 0.26, F1-Score: 0.39, AUC: 0.59
Epoch [64/100] - [TRAIN] Loss: 0.6828, Accuracy: 58.53%, AUC: 0.58 [VAL] Loss: 0.6830, Accuracy: 58.93%, Precision: 0.73, Recall: 0.26, F1-Score: 0.38, AUC: 0.58
Epoch [65/100] - [TRAIN] Loss: 0.6807, Accuracy: 59.01%, AUC: 0.59 [VAL] Loss: 0.6817, Accuracy: 60.17%, Precision: 0.74, Recall: 0.27, F1-Score: 0.39, AUC: 0.59
Epoch [66/100] - [TRAIN] Loss: 0.6836, Accuracy: 58.80%, AUC: 0.58 [VAL] Loss: 0.6812, Accuracy: 59.26%, Precision: 0.74, Recall: 0.26, F1-Score: 0.38, AUC: 0.59
Epoch [67/100] - [TRAIN] Loss: 0.6832, Accuracy: 58.50%, AUC: 0.58 [VAL] Loss: 0.6781, Accuracy: 59.49%, Precision: 0.75, Recall: 0.26, F1-Score: 0.39, AUC: 0.59
Epoch [68/100] - [TRAIN] Loss: 0.6822, Accuracy: 58.58%, AUC: 0.58 [VAL] Loss: 0.6807, Accuracy: 59.00%, Precision: 0.74, Recall: 0.25, F1-Score: 0.37, AUC: 0.58
Epoch [69/100] - [TRAIN] Loss: 0.6807, Accuracy: 59.01%, AUC: 0.59 [VAL] Loss: 0.6846, Accuracy: 58.82%, Precision: 0.73, Recall: 0.25, F1-Score: 0.37, AUC: 0.58
Epoch [70/100] - [TRAIN] Loss: 0.6828, Accuracy: 58.67%, AUC: 0.58 [VAL] Loss: 0.6821, Accuracy: 59.39%, Precision: 0.74, Recall: 0.26, F1-Score: 0.38, AUC: 0.59
Epoch [71/100] - [TRAIN] Loss: 0.6828, Accuracy: 58.58%, AUC: 0.58 [VAL] Loss: 0.6812, Accuracy: 59.07%, Precision: 0.74, Recall: 0.25, F1-Score: 0.38, AUC: 0.58
Epoch [72/100] - [TRAIN] Loss: 0.6819, Accuracy: 58.60%, AUC: 0.58 [VAL] Loss: 0.6823, Accuracy: 59.12%, Precision: 0.73, Recall: 0.25, F1-Score: 0.38, AUC: 0.58
Epoch [73/100] - [TRAIN] Loss: 0.6817, Accuracy: 58.60%, AUC: 0.58 [VAL] Loss: 0.6779, Accuracy: 59.81%, Precision: 0.73, Recall: 0.26, F1-Score: 0.38, AUC: 0.59
Epoch [74/100] - [TRAIN] Loss: 0.6798, Accuracy: 59.17%, AUC: 0.59 [VAL] Loss: 0.6826, Accuracy: 59.14%, Precision: 0.73, Recall: 0.25, F1-Score: 0.38, AUC: 0.58
Epoch [75/100] - [TRAIN] Loss: 0.6825, Accuracy: 58.74%, AUC: 0.58 [VAL] Loss: 0.6866, Accuracy: 58.12%, Precision: 0.73, Recall: 0.25, F1-Score: 0.38, AUC: 0.58
Epoch [76/100] - [TRAIN] Loss: 0.6814, Accuracy: 58.78%, AUC: 0.58 [VAL] Loss: 0.6821, Accuracy: 59.13%, Precision: 0.73, Recall: 0.26, F1-Score: 0.38, AUC: 0.58
Epoch [77/100] - [TRAIN] Loss: 0.6808, Accuracy: 58.84%, AUC: 0.58 [VAL] Loss: 0.6779, Accuracy: 60.07%, Precision: 0.74, Recall: 0.27, F1-Score: 0.39, AUC: 0.59
Epoch [78/100] - [TRAIN] Loss: 0.6822, Accuracy: 58.56%, AUC: 0.58 [VAL] Loss: 0.6782, Accuracy: 59.76%, Precision: 0.74, Recall: 0.26, F1-Score: 0.39, AUC: 0.59
Epoch [79/100] - [TRAIN] Loss: 0.6809, Accuracy: 58.68%, AUC: 0.58 [VAL] Loss: 0.6769, Accuracy: 59.23%, Precision: 0.73, Recall: 0.26, F1-Score: 0.38, AUC: 0.58
Epoch [80/100] - [TRAIN] Loss: 0.6807, Accuracy: 58.80%, AUC: 0.58 [VAL] Loss: 0.6780, Accuracy: 59.09%, Precision: 0.74, Recall: 0.27, F1-Score: 0.39, AUC: 0.59
Epoch [81/100] - [TRAIN] Loss: 0.6823, Accuracy: 58.70%, AUC: 0.58 [VAL] Loss: 0.6776, Accuracy: 59.48%, Precision: 0.74, Recall: 0.26, F1-Score: 0.38, AUC: 0.59
Epoch [82/100] - [TRAIN] Loss: 0.6829, Accuracy: 58.71%, AUC: 0.58 [VAL] Loss: 0.6798, Accuracy: 59.18%, Precision: 0.74, Recall: 0.26, F1-Score: 0.39, AUC: 0.59
Epoch [83/100] - [TRAIN] Loss: 0.6818, Accuracy: 58.79%, AUC: 0.58 [VAL] Loss: 0.6811, Accuracy: 59.51%, Precision: 0.75, Recall: 0.25, F1-Score: 0.38, AUC: 0.59
Epoch [84/100] - [TRAIN] Loss: 0.6814, Accuracy: 58.72%, AUC: 0.58 [VAL] Loss: 0.6842, Accuracy: 58.77%, Precision: 0.72, Recall: 0.25, F1-Score: 0.37, AUC: 0.58
Epoch [85/100] - [TRAIN] Loss: 0.6813, Accuracy: 58.91%, AUC: 0.58 [VAL] Loss: 0.6802, Accuracy: 59.27%, Precision: 0.73, Recall: 0.26, F1-Score: 0.39, AUC: 0.58
Epoch [86/100] - [TRAIN] Loss: 0.6832, Accuracy: 58.77%, AUC: 0.58 [VAL] Loss: 0.6790, Accuracy: 59.95%, Precision: 0.73, Recall: 0.27, F1-Score: 0.39, AUC: 0.59
Epoch [87/100] - [TRAIN] Loss: 0.6820, Accuracy: 58.63%, AUC: 0.58 [VAL] Loss: 0.6791, Accuracy: 58.76%, Precision: 0.72, Recall: 0.26, F1-Score: 0.38, AUC: 0.58
Epoch [88/100] - [TRAIN] Loss: 0.6825, Accuracy: 58.87%, AUC: 0.59 [VAL] Loss: 0.6754, Accuracy: 59.25%, Precision: 0.75, Recall: 0.26, F1-Score: 0.39, AUC: 0.59
Epoch [89/100] - [TRAIN] Loss: 0.6820, Accuracy: 58.93%, AUC: 0.59 [VAL] Loss: 0.6834, Accuracy: 59.76%, Precision: 0.73, Recall: 0.26, F1-Score: 0.39, AUC: 0.59
Epoch [90/100] - [TRAIN] Loss: 0.6814, Accuracy: 58.56%, AUC: 0.58 [VAL] Loss: 0.6797, Accuracy: 59.64%, Precision: 0.75, Recall: 0.25, F1-Score: 0.38, AUC: 0.59
Epoch [91/100] - [TRAIN] Loss: 0.6807, Accuracy: 58.85%, AUC: 0.58 [VAL] Loss: 0.6799, Accuracy: 59.51%, Precision: 0.74, Recall: 0.26, F1-Score: 0.38, AUC: 0.59
Epoch [92/100] - [TRAIN] Loss: 0.6815, Accuracy: 58.85%, AUC: 0.59 [VAL] Loss: 0.6819, Accuracy: 58.74%, Precision: 0.73, Recall: 0.25, F1-Score: 0.37, AUC: 0.58
Epoch [93/100] - [TRAIN] Loss: 0.6819, Accuracy: 58.86%, AUC: 0.58 [VAL] Loss: 0.6783, Accuracy: 59.58%, Precision: 0.74, Recall: 0.26, F1-Score: 0.39, AUC: 0.59
Epoch [94/100] - [TRAIN] Loss: 0.6798, Accuracy: 58.86%, AUC: 0.59 [VAL] Loss: 0.6765, Accuracy: 59.43%, Precision: 0.73, Recall: 0.26, F1-Score: 0.38, AUC: 0.58
Epoch [95/100] - [TRAIN] Loss: 0.6814, Accuracy: 58.72%, AUC: 0.58 [VAL] Loss: 0.6749, Accuracy: 59.13%, Precision: 0.73, Recall: 0.25, F1-Score: 0.38, AUC: 0.58
Epoch [96/100] - [TRAIN] Loss: 0.6820, Accuracy: 58.77%, AUC: 0.58 [VAL] Loss: 0.6742, Accuracy: 59.92%, Precision: 0.75, Recall: 0.27, F1-Score: 0.39, AUC: 0.59
Epoch [97/100] - [TRAIN] Loss: 0.6809, Accuracy: 58.84%, AUC: 0.59 [VAL] Loss: 0.6826, Accuracy: 58.55%, Precision: 0.72, Recall: 0.26, F1-Score: 0.38, AUC: 0.58
Epoch [98/100] - [TRAIN] Loss: 0.6826, Accuracy: 58.58%, AUC: 0.58 [VAL] Loss: 0.6797, Accuracy: 59.16%, Precision: 0.73, Recall: 0.26, F1-Score: 0.39, AUC: 0.58
Epoch [99/100] - [TRAIN] Loss: 0.6818, Accuracy: 58.61%, AUC: 0.58 [VAL] Loss: 0.6785, Accuracy: 58.75%, Precision: 0.74, Recall: 0.25, F1-Score: 0.37, AUC: 0.58
Epoch [100/100] - [TRAIN] Loss: 0.6822, Accuracy: 58.84%, AUC: 0.58 [VAL] Loss: 0.6804, Accuracy: 59.48%, Precision: 0.74, Recall: 0.25, F1-Score: 0.38, AUC: 0.58
Accuracy Score on test set: 60.19 %
    AUC Score on test set: 0.59
    Precision: 0.7612
    Recall: 0.2647
    F1-Score: 0.3929

    Detailed Classification Report:
                  precision    recall  f1-score   support

           0       0.57      0.92      0.70      5135
           1       0.76      0.26      0.39      4865

    accuracy                           0.60     10000
   macro avg       0.67      0.59      0.55     10000
weighted avg       0.66      0.60      0.55     10000


    Confusion Matrix:
    [[4731  404]
 [3577 1288]]
    
Batch FINISHED!!!

Real-time duration: 8896.539887569 seconds
