Using device: cuda
Current CUDA device: 0
CUDA device name: Tesla V100-PCIE-16GB
005-H3K4me3-H3K9ac
Epoch [1/100] - [TRAIN] Loss: 0.5957, Accuracy: 72.24%, AUC: 0.72 [VAL] Loss: 0.5518, Accuracy: 74.75%, Precision: 0.75, Recall: 0.71, F1-Score: 0.73, AUC: 0.75
Epoch [2/100] - [TRAIN] Loss: 0.5695, Accuracy: 73.88%, AUC: 0.74 [VAL] Loss: 0.5557, Accuracy: 74.82%, Precision: 0.76, Recall: 0.72, F1-Score: 0.74, AUC: 0.75
Epoch [3/100] - [TRAIN] Loss: 0.5625, Accuracy: 74.13%, AUC: 0.74 [VAL] Loss: 0.5511, Accuracy: 74.85%, Precision: 0.76, Recall: 0.71, F1-Score: 0.73, AUC: 0.75
Epoch [4/100] - [TRAIN] Loss: 0.5537, Accuracy: 74.60%, AUC: 0.75 [VAL] Loss: 0.5448, Accuracy: 74.88%, Precision: 0.75, Recall: 0.72, F1-Score: 0.73, AUC: 0.75
Epoch [5/100] - [TRAIN] Loss: 0.5511, Accuracy: 74.43%, AUC: 0.74 [VAL] Loss: 0.5376, Accuracy: 75.19%, Precision: 0.77, Recall: 0.71, F1-Score: 0.74, AUC: 0.75
Epoch [6/100] - [TRAIN] Loss: 0.5495, Accuracy: 74.63%, AUC: 0.75 [VAL] Loss: 0.5344, Accuracy: 75.69%, Precision: 0.77, Recall: 0.72, F1-Score: 0.74, AUC: 0.76
Epoch [7/100] - [TRAIN] Loss: 0.5452, Accuracy: 74.93%, AUC: 0.75 [VAL] Loss: 0.5371, Accuracy: 75.56%, Precision: 0.76, Recall: 0.72, F1-Score: 0.74, AUC: 0.75
Epoch [8/100] - [TRAIN] Loss: 0.5482, Accuracy: 74.87%, AUC: 0.75 [VAL] Loss: 0.5308, Accuracy: 75.64%, Precision: 0.77, Recall: 0.72, F1-Score: 0.74, AUC: 0.76
Epoch [9/100] - [TRAIN] Loss: 0.5482, Accuracy: 74.67%, AUC: 0.75 [VAL] Loss: 0.5337, Accuracy: 75.21%, Precision: 0.76, Recall: 0.72, F1-Score: 0.74, AUC: 0.75
Epoch [10/100] - [TRAIN] Loss: 0.5445, Accuracy: 74.90%, AUC: 0.75 [VAL] Loss: 0.5369, Accuracy: 75.20%, Precision: 0.76, Recall: 0.71, F1-Score: 0.74, AUC: 0.75
Epoch [11/100] - [TRAIN] Loss: 0.5443, Accuracy: 74.58%, AUC: 0.74 [VAL] Loss: 0.5329, Accuracy: 75.26%, Precision: 0.76, Recall: 0.72, F1-Score: 0.74, AUC: 0.75
Epoch [12/100] - [TRAIN] Loss: 0.5414, Accuracy: 74.92%, AUC: 0.75 [VAL] Loss: 0.5334, Accuracy: 75.64%, Precision: 0.77, Recall: 0.71, F1-Score: 0.74, AUC: 0.76
Epoch [13/100] - [TRAIN] Loss: 0.5454, Accuracy: 74.56%, AUC: 0.74 [VAL] Loss: 0.5338, Accuracy: 75.55%, Precision: 0.77, Recall: 0.71, F1-Score: 0.74, AUC: 0.75
Epoch [14/100] - [TRAIN] Loss: 0.5458, Accuracy: 74.78%, AUC: 0.75 [VAL] Loss: 0.5383, Accuracy: 74.35%, Precision: 0.77, Recall: 0.69, F1-Score: 0.73, AUC: 0.74
Epoch [15/100] - [TRAIN] Loss: 0.5388, Accuracy: 75.11%, AUC: 0.75 [VAL] Loss: 0.5339, Accuracy: 75.34%, Precision: 0.77, Recall: 0.71, F1-Score: 0.74, AUC: 0.75
Epoch [16/100] - [TRAIN] Loss: 0.5429, Accuracy: 74.67%, AUC: 0.75 [VAL] Loss: 0.5306, Accuracy: 75.25%, Precision: 0.76, Recall: 0.71, F1-Score: 0.74, AUC: 0.75
Epoch [17/100] - [TRAIN] Loss: 0.5396, Accuracy: 74.93%, AUC: 0.75 [VAL] Loss: 0.5199, Accuracy: 76.03%, Precision: 0.77, Recall: 0.72, F1-Score: 0.74, AUC: 0.76
Epoch [18/100] - [TRAIN] Loss: 0.5394, Accuracy: 74.98%, AUC: 0.75 [VAL] Loss: 0.5283, Accuracy: 75.79%, Precision: 0.78, Recall: 0.72, F1-Score: 0.75, AUC: 0.76
Epoch [19/100] - [TRAIN] Loss: 0.5436, Accuracy: 74.60%, AUC: 0.75 [VAL] Loss: 0.5340, Accuracy: 75.38%, Precision: 0.76, Recall: 0.72, F1-Score: 0.74, AUC: 0.75
Epoch [20/100] - [TRAIN] Loss: 0.5397, Accuracy: 75.09%, AUC: 0.75 [VAL] Loss: 0.5266, Accuracy: 75.98%, Precision: 0.77, Recall: 0.72, F1-Score: 0.74, AUC: 0.76
Epoch [21/100] - [TRAIN] Loss: 0.5413, Accuracy: 74.91%, AUC: 0.75 [VAL] Loss: 0.5307, Accuracy: 75.76%, Precision: 0.77, Recall: 0.72, F1-Score: 0.74, AUC: 0.76
Epoch [22/100] - [TRAIN] Loss: 0.5403, Accuracy: 74.98%, AUC: 0.75 [VAL] Loss: 0.5281, Accuracy: 76.21%, Precision: 0.77, Recall: 0.72, F1-Score: 0.74, AUC: 0.76
Epoch [23/100] - [TRAIN] Loss: 0.5423, Accuracy: 74.71%, AUC: 0.75 [VAL] Loss: 0.5318, Accuracy: 75.56%, Precision: 0.76, Recall: 0.72, F1-Score: 0.74, AUC: 0.75
Epoch [24/100] - [TRAIN] Loss: 0.5414, Accuracy: 74.89%, AUC: 0.75 [VAL] Loss: 0.5216, Accuracy: 76.02%, Precision: 0.77, Recall: 0.72, F1-Score: 0.75, AUC: 0.76
Epoch [25/100] - [TRAIN] Loss: 0.5409, Accuracy: 74.95%, AUC: 0.75 [VAL] Loss: 0.5256, Accuracy: 75.11%, Precision: 0.77, Recall: 0.72, F1-Score: 0.74, AUC: 0.75
Epoch [26/100] - [TRAIN] Loss: 0.5414, Accuracy: 75.05%, AUC: 0.75 [VAL] Loss: 0.5257, Accuracy: 75.69%, Precision: 0.77, Recall: 0.72, F1-Score: 0.75, AUC: 0.76
Epoch [27/100] - [TRAIN] Loss: 0.5422, Accuracy: 74.65%, AUC: 0.75 [VAL] Loss: 0.5248, Accuracy: 75.77%, Precision: 0.76, Recall: 0.72, F1-Score: 0.74, AUC: 0.76
Epoch [28/100] - [TRAIN] Loss: 0.5428, Accuracy: 74.89%, AUC: 0.75 [VAL] Loss: 0.5285, Accuracy: 75.66%, Precision: 0.76, Recall: 0.72, F1-Score: 0.74, AUC: 0.76
Epoch [29/100] - [TRAIN] Loss: 0.5361, Accuracy: 75.21%, AUC: 0.75 [VAL] Loss: 0.5306, Accuracy: 75.51%, Precision: 0.77, Recall: 0.72, F1-Score: 0.74, AUC: 0.75
Epoch [30/100] - [TRAIN] Loss: 0.5398, Accuracy: 74.91%, AUC: 0.75 [VAL] Loss: 0.5278, Accuracy: 75.07%, Precision: 0.76, Recall: 0.71, F1-Score: 0.74, AUC: 0.75
Epoch [31/100] - [TRAIN] Loss: 0.5409, Accuracy: 75.03%, AUC: 0.75 [VAL] Loss: 0.5415, Accuracy: 74.92%, Precision: 0.76, Recall: 0.71, F1-Score: 0.73, AUC: 0.75
Epoch [32/100] - [TRAIN] Loss: 0.5417, Accuracy: 74.81%, AUC: 0.75 [VAL] Loss: 0.5350, Accuracy: 75.17%, Precision: 0.77, Recall: 0.70, F1-Score: 0.73, AUC: 0.75
Epoch [33/100] - [TRAIN] Loss: 0.5404, Accuracy: 74.81%, AUC: 0.75 [VAL] Loss: 0.5265, Accuracy: 75.87%, Precision: 0.77, Recall: 0.72, F1-Score: 0.74, AUC: 0.76
Epoch [34/100] - [TRAIN] Loss: 0.5410, Accuracy: 74.80%, AUC: 0.75 [VAL] Loss: 0.5284, Accuracy: 75.37%, Precision: 0.76, Recall: 0.72, F1-Score: 0.74, AUC: 0.75
Epoch [35/100] - [TRAIN] Loss: 0.5382, Accuracy: 75.10%, AUC: 0.75 [VAL] Loss: 0.5248, Accuracy: 75.39%, Precision: 0.76, Recall: 0.71, F1-Score: 0.73, AUC: 0.75
Epoch [36/100] - [TRAIN] Loss: 0.5425, Accuracy: 74.90%, AUC: 0.75 [VAL] Loss: 0.5299, Accuracy: 74.95%, Precision: 0.77, Recall: 0.71, F1-Score: 0.74, AUC: 0.75
Epoch [37/100] - [TRAIN] Loss: 0.5391, Accuracy: 74.86%, AUC: 0.75 [VAL] Loss: 0.5324, Accuracy: 75.23%, Precision: 0.76, Recall: 0.71, F1-Score: 0.73, AUC: 0.75
Epoch [38/100] - [TRAIN] Loss: 0.5369, Accuracy: 75.20%, AUC: 0.75 [VAL] Loss: 0.5345, Accuracy: 75.07%, Precision: 0.76, Recall: 0.70, F1-Score: 0.73, AUC: 0.75
Epoch [39/100] - [TRAIN] Loss: 0.5390, Accuracy: 75.05%, AUC: 0.75 [VAL] Loss: 0.5318, Accuracy: 75.56%, Precision: 0.77, Recall: 0.72, F1-Score: 0.74, AUC: 0.75
Epoch [40/100] - [TRAIN] Loss: 0.5427, Accuracy: 74.91%, AUC: 0.75 [VAL] Loss: 0.5224, Accuracy: 76.19%, Precision: 0.78, Recall: 0.72, F1-Score: 0.75, AUC: 0.76
Epoch [41/100] - [TRAIN] Loss: 0.5445, Accuracy: 74.60%, AUC: 0.75 [VAL] Loss: 0.5392, Accuracy: 74.34%, Precision: 0.75, Recall: 0.71, F1-Score: 0.73, AUC: 0.74
Epoch [42/100] - [TRAIN] Loss: 0.5428, Accuracy: 74.83%, AUC: 0.75 [VAL] Loss: 0.5200, Accuracy: 76.54%, Precision: 0.78, Recall: 0.72, F1-Score: 0.75, AUC: 0.76
Epoch [43/100] - [TRAIN] Loss: 0.5426, Accuracy: 74.86%, AUC: 0.75 [VAL] Loss: 0.5276, Accuracy: 75.64%, Precision: 0.77, Recall: 0.72, F1-Score: 0.74, AUC: 0.76
Epoch [44/100] - [TRAIN] Loss: 0.5409, Accuracy: 74.88%, AUC: 0.75 [VAL] Loss: 0.5303, Accuracy: 75.69%, Precision: 0.77, Recall: 0.72, F1-Score: 0.74, AUC: 0.76
Epoch [45/100] - [TRAIN] Loss: 0.5401, Accuracy: 75.08%, AUC: 0.75 [VAL] Loss: 0.5322, Accuracy: 75.41%, Precision: 0.76, Recall: 0.71, F1-Score: 0.73, AUC: 0.75
Epoch [46/100] - [TRAIN] Loss: 0.5397, Accuracy: 74.73%, AUC: 0.75 [VAL] Loss: 0.5361, Accuracy: 75.05%, Precision: 0.77, Recall: 0.72, F1-Score: 0.74, AUC: 0.75
Epoch [47/100] - [TRAIN] Loss: 0.5418, Accuracy: 74.88%, AUC: 0.75 [VAL] Loss: 0.5287, Accuracy: 75.96%, Precision: 0.77, Recall: 0.72, F1-Score: 0.74, AUC: 0.76
Epoch [48/100] - [TRAIN] Loss: 0.5380, Accuracy: 75.24%, AUC: 0.75 [VAL] Loss: 0.5360, Accuracy: 75.34%, Precision: 0.77, Recall: 0.70, F1-Score: 0.74, AUC: 0.75
Epoch [49/100] - [TRAIN] Loss: 0.5391, Accuracy: 75.11%, AUC: 0.75 [VAL] Loss: 0.5233, Accuracy: 75.64%, Precision: 0.77, Recall: 0.72, F1-Score: 0.74, AUC: 0.76
Epoch [50/100] - [TRAIN] Loss: 0.5411, Accuracy: 74.92%, AUC: 0.75 [VAL] Loss: 0.5280, Accuracy: 75.97%, Precision: 0.78, Recall: 0.72, F1-Score: 0.75, AUC: 0.76
Epoch [51/100] - [TRAIN] Loss: 0.5396, Accuracy: 74.97%, AUC: 0.75 [VAL] Loss: 0.5327, Accuracy: 75.51%, Precision: 0.76, Recall: 0.72, F1-Score: 0.74, AUC: 0.75
Epoch [52/100] - [TRAIN] Loss: 0.5404, Accuracy: 75.11%, AUC: 0.75 [VAL] Loss: 0.5251, Accuracy: 75.68%, Precision: 0.77, Recall: 0.72, F1-Score: 0.74, AUC: 0.76
Epoch [53/100] - [TRAIN] Loss: 0.5411, Accuracy: 74.74%, AUC: 0.75 [VAL] Loss: 0.5251, Accuracy: 75.92%, Precision: 0.77, Recall: 0.72, F1-Score: 0.75, AUC: 0.76
Epoch [54/100] - [TRAIN] Loss: 0.5404, Accuracy: 75.00%, AUC: 0.75 [VAL] Loss: 0.5271, Accuracy: 75.46%, Precision: 0.78, Recall: 0.71, F1-Score: 0.74, AUC: 0.75
Epoch [55/100] - [TRAIN] Loss: 0.5451, Accuracy: 74.57%, AUC: 0.74 [VAL] Loss: 0.5285, Accuracy: 75.35%, Precision: 0.77, Recall: 0.71, F1-Score: 0.74, AUC: 0.75
Epoch [56/100] - [TRAIN] Loss: 0.5407, Accuracy: 74.87%, AUC: 0.75 [VAL] Loss: 0.5341, Accuracy: 75.16%, Precision: 0.76, Recall: 0.71, F1-Score: 0.74, AUC: 0.75
Epoch [57/100] - [TRAIN] Loss: 0.5405, Accuracy: 75.02%, AUC: 0.75 [VAL] Loss: 0.5206, Accuracy: 75.86%, Precision: 0.77, Recall: 0.72, F1-Score: 0.74, AUC: 0.76
Epoch [58/100] - [TRAIN] Loss: 0.5405, Accuracy: 74.91%, AUC: 0.75 [VAL] Loss: 0.5268, Accuracy: 75.92%, Precision: 0.78, Recall: 0.71, F1-Score: 0.75, AUC: 0.76
Epoch [59/100] - [TRAIN] Loss: 0.5423, Accuracy: 74.79%, AUC: 0.75 [VAL] Loss: 0.5250, Accuracy: 75.94%, Precision: 0.78, Recall: 0.72, F1-Score: 0.75, AUC: 0.76
Epoch [60/100] - [TRAIN] Loss: 0.5396, Accuracy: 74.99%, AUC: 0.75 [VAL] Loss: 0.5317, Accuracy: 75.28%, Precision: 0.77, Recall: 0.71, F1-Score: 0.74, AUC: 0.75
Epoch [61/100] - [TRAIN] Loss: 0.5414, Accuracy: 74.88%, AUC: 0.75 [VAL] Loss: 0.5283, Accuracy: 75.52%, Precision: 0.76, Recall: 0.72, F1-Score: 0.74, AUC: 0.75
Epoch [62/100] - [TRAIN] Loss: 0.5413, Accuracy: 74.68%, AUC: 0.75 [VAL] Loss: 0.5311, Accuracy: 75.40%, Precision: 0.76, Recall: 0.72, F1-Score: 0.74, AUC: 0.75
Epoch [63/100] - [TRAIN] Loss: 0.5380, Accuracy: 74.98%, AUC: 0.75 [VAL] Loss: 0.5208, Accuracy: 75.77%, Precision: 0.77, Recall: 0.72, F1-Score: 0.74, AUC: 0.76
Epoch [64/100] - [TRAIN] Loss: 0.5450, Accuracy: 74.59%, AUC: 0.74 [VAL] Loss: 0.5310, Accuracy: 75.19%, Precision: 0.76, Recall: 0.71, F1-Score: 0.74, AUC: 0.75
Epoch [65/100] - [TRAIN] Loss: 0.5430, Accuracy: 74.88%, AUC: 0.75 [VAL] Loss: 0.5203, Accuracy: 76.65%, Precision: 0.77, Recall: 0.73, F1-Score: 0.75, AUC: 0.77
Epoch [66/100] - [TRAIN] Loss: 0.5413, Accuracy: 74.84%, AUC: 0.75 [VAL] Loss: 0.5181, Accuracy: 76.45%, Precision: 0.78, Recall: 0.73, F1-Score: 0.75, AUC: 0.76
Epoch [67/100] - [TRAIN] Loss: 0.5419, Accuracy: 74.86%, AUC: 0.75 [VAL] Loss: 0.5316, Accuracy: 75.52%, Precision: 0.77, Recall: 0.71, F1-Score: 0.74, AUC: 0.75
Epoch [68/100] - [TRAIN] Loss: 0.5416, Accuracy: 74.58%, AUC: 0.74 [VAL] Loss: 0.5244, Accuracy: 75.63%, Precision: 0.77, Recall: 0.72, F1-Score: 0.74, AUC: 0.76
Epoch [69/100] - [TRAIN] Loss: 0.5421, Accuracy: 74.83%, AUC: 0.75 [VAL] Loss: 0.5332, Accuracy: 74.83%, Precision: 0.76, Recall: 0.70, F1-Score: 0.73, AUC: 0.75
Epoch [70/100] - [TRAIN] Loss: 0.5366, Accuracy: 75.21%, AUC: 0.75 [VAL] Loss: 0.5300, Accuracy: 75.08%, Precision: 0.76, Recall: 0.71, F1-Score: 0.74, AUC: 0.75
Epoch [71/100] - [TRAIN] Loss: 0.5409, Accuracy: 74.87%, AUC: 0.75 [VAL] Loss: 0.5390, Accuracy: 74.40%, Precision: 0.76, Recall: 0.70, F1-Score: 0.73, AUC: 0.74
Epoch [72/100] - [TRAIN] Loss: 0.5379, Accuracy: 75.14%, AUC: 0.75 [VAL] Loss: 0.5238, Accuracy: 76.31%, Precision: 0.77, Recall: 0.73, F1-Score: 0.75, AUC: 0.76
Epoch [73/100] - [TRAIN] Loss: 0.5395, Accuracy: 74.86%, AUC: 0.75 [VAL] Loss: 0.5321, Accuracy: 75.00%, Precision: 0.76, Recall: 0.71, F1-Score: 0.74, AUC: 0.75
Epoch [74/100] - [TRAIN] Loss: 0.5421, Accuracy: 74.82%, AUC: 0.75 [VAL] Loss: 0.5226, Accuracy: 75.30%, Precision: 0.76, Recall: 0.71, F1-Score: 0.73, AUC: 0.75
Epoch [75/100] - [TRAIN] Loss: 0.5425, Accuracy: 74.45%, AUC: 0.74 [VAL] Loss: 0.5369, Accuracy: 74.79%, Precision: 0.77, Recall: 0.70, F1-Score: 0.73, AUC: 0.75
Epoch [76/100] - [TRAIN] Loss: 0.5418, Accuracy: 74.87%, AUC: 0.75 [VAL] Loss: 0.5229, Accuracy: 75.76%, Precision: 0.77, Recall: 0.72, F1-Score: 0.74, AUC: 0.76
Epoch [77/100] - [TRAIN] Loss: 0.5405, Accuracy: 74.71%, AUC: 0.75 [VAL] Loss: 0.5300, Accuracy: 75.69%, Precision: 0.77, Recall: 0.72, F1-Score: 0.74, AUC: 0.76
Epoch [78/100] - [TRAIN] Loss: 0.5385, Accuracy: 75.02%, AUC: 0.75 [VAL] Loss: 0.5319, Accuracy: 75.20%, Precision: 0.76, Recall: 0.71, F1-Score: 0.74, AUC: 0.75
Epoch [79/100] - [TRAIN] Loss: 0.5422, Accuracy: 74.72%, AUC: 0.75 [VAL] Loss: 0.5312, Accuracy: 75.26%, Precision: 0.76, Recall: 0.72, F1-Score: 0.74, AUC: 0.75
Epoch [80/100] - [TRAIN] Loss: 0.5456, Accuracy: 74.47%, AUC: 0.74 [VAL] Loss: 0.5343, Accuracy: 75.56%, Precision: 0.77, Recall: 0.72, F1-Score: 0.74, AUC: 0.75
Epoch [81/100] - [TRAIN] Loss: 0.5424, Accuracy: 74.92%, AUC: 0.75 [VAL] Loss: 0.5228, Accuracy: 75.63%, Precision: 0.77, Recall: 0.72, F1-Score: 0.75, AUC: 0.76
Epoch [82/100] - [TRAIN] Loss: 0.5407, Accuracy: 74.69%, AUC: 0.75 [VAL] Loss: 0.5306, Accuracy: 74.97%, Precision: 0.76, Recall: 0.70, F1-Score: 0.73, AUC: 0.75
Epoch [83/100] - [TRAIN] Loss: 0.5420, Accuracy: 74.88%, AUC: 0.75 [VAL] Loss: 0.5279, Accuracy: 75.89%, Precision: 0.77, Recall: 0.72, F1-Score: 0.74, AUC: 0.76
Epoch [84/100] - [TRAIN] Loss: 0.5431, Accuracy: 74.78%, AUC: 0.75 [VAL] Loss: 0.5344, Accuracy: 75.45%, Precision: 0.76, Recall: 0.72, F1-Score: 0.74, AUC: 0.75
Epoch [85/100] - [TRAIN] Loss: 0.5401, Accuracy: 74.91%, AUC: 0.75 [VAL] Loss: 0.5361, Accuracy: 74.84%, Precision: 0.76, Recall: 0.70, F1-Score: 0.73, AUC: 0.75
Epoch [86/100] - [TRAIN] Loss: 0.5409, Accuracy: 74.96%, AUC: 0.75 [VAL] Loss: 0.5234, Accuracy: 76.05%, Precision: 0.77, Recall: 0.72, F1-Score: 0.75, AUC: 0.76
Epoch [87/100] - [TRAIN] Loss: 0.5393, Accuracy: 74.98%, AUC: 0.75 [VAL] Loss: 0.5273, Accuracy: 75.83%, Precision: 0.77, Recall: 0.72, F1-Score: 0.75, AUC: 0.76
Epoch [88/100] - [TRAIN] Loss: 0.5407, Accuracy: 74.76%, AUC: 0.75 [VAL] Loss: 0.5323, Accuracy: 75.00%, Precision: 0.76, Recall: 0.72, F1-Score: 0.74, AUC: 0.75
Epoch [89/100] - [TRAIN] Loss: 0.5415, Accuracy: 74.76%, AUC: 0.75 [VAL] Loss: 0.5243, Accuracy: 75.51%, Precision: 0.77, Recall: 0.72, F1-Score: 0.74, AUC: 0.75
Epoch [90/100] - [TRAIN] Loss: 0.5409, Accuracy: 74.96%, AUC: 0.75 [VAL] Loss: 0.5286, Accuracy: 75.50%, Precision: 0.76, Recall: 0.72, F1-Score: 0.74, AUC: 0.75
Epoch [91/100] - [TRAIN] Loss: 0.5398, Accuracy: 74.91%, AUC: 0.75 [VAL] Loss: 0.5270, Accuracy: 75.61%, Precision: 0.77, Recall: 0.72, F1-Score: 0.74, AUC: 0.76
Epoch [92/100] - [TRAIN] Loss: 0.5392, Accuracy: 74.86%, AUC: 0.75 [VAL] Loss: 0.5281, Accuracy: 76.21%, Precision: 0.78, Recall: 0.73, F1-Score: 0.75, AUC: 0.76
Epoch [93/100] - [TRAIN] Loss: 0.5419, Accuracy: 74.75%, AUC: 0.75 [VAL] Loss: 0.5294, Accuracy: 75.35%, Precision: 0.77, Recall: 0.71, F1-Score: 0.74, AUC: 0.75
Epoch [94/100] - [TRAIN] Loss: 0.5400, Accuracy: 74.88%, AUC: 0.75 [VAL] Loss: 0.5307, Accuracy: 75.91%, Precision: 0.77, Recall: 0.72, F1-Score: 0.74, AUC: 0.76
Epoch [95/100] - [TRAIN] Loss: 0.5413, Accuracy: 75.03%, AUC: 0.75 [VAL] Loss: 0.5322, Accuracy: 75.50%, Precision: 0.77, Recall: 0.71, F1-Score: 0.74, AUC: 0.75
Epoch [96/100] - [TRAIN] Loss: 0.5417, Accuracy: 74.75%, AUC: 0.75 [VAL] Loss: 0.5338, Accuracy: 74.72%, Precision: 0.75, Recall: 0.70, F1-Score: 0.73, AUC: 0.75
Epoch [97/100] - [TRAIN] Loss: 0.5407, Accuracy: 74.83%, AUC: 0.75 [VAL] Loss: 0.5396, Accuracy: 74.95%, Precision: 0.76, Recall: 0.71, F1-Score: 0.73, AUC: 0.75
Epoch [98/100] - [TRAIN] Loss: 0.5387, Accuracy: 75.00%, AUC: 0.75 [VAL] Loss: 0.5307, Accuracy: 75.08%, Precision: 0.77, Recall: 0.71, F1-Score: 0.74, AUC: 0.75
Epoch [99/100] - [TRAIN] Loss: 0.5406, Accuracy: 74.93%, AUC: 0.75 [VAL] Loss: 0.5237, Accuracy: 75.85%, Precision: 0.77, Recall: 0.72, F1-Score: 0.74, AUC: 0.76
Epoch [100/100] - [TRAIN] Loss: 0.5395, Accuracy: 75.04%, AUC: 0.75 [VAL] Loss: 0.5268, Accuracy: 75.32%, Precision: 0.76, Recall: 0.71, F1-Score: 0.74, AUC: 0.75
Accuracy Score on test set: 76.39 %
    AUC Score on test set: 0.76
    Precision: 0.7802
    Recall: 0.7204
    F1-Score: 0.7491

    Detailed Classification Report:
                  precision    recall  f1-score   support

           0       0.75      0.81      0.78      5108
           1       0.78      0.72      0.75      4892

    accuracy                           0.76     10000
   macro avg       0.77      0.76      0.76     10000
weighted avg       0.77      0.76      0.76     10000


    Confusion Matrix:
    [[4115  993]
 [1368 3524]]
    
006-H3K4me3-H3K9me3
Epoch [1/100] - [TRAIN] Loss: 0.6073, Accuracy: 71.33%, AUC: 0.71 [VAL] Loss: 0.5616, Accuracy: 74.32%, Precision: 0.75, Recall: 0.69, F1-Score: 0.72, AUC: 0.74
Epoch [2/100] - [TRAIN] Loss: 0.5743, Accuracy: 73.51%, AUC: 0.73 [VAL] Loss: 0.5568, Accuracy: 74.39%, Precision: 0.76, Recall: 0.70, F1-Score: 0.73, AUC: 0.74
Epoch [3/100] - [TRAIN] Loss: 0.5627, Accuracy: 73.82%, AUC: 0.74 [VAL] Loss: 0.5405, Accuracy: 75.10%, Precision: 0.78, Recall: 0.69, F1-Score: 0.73, AUC: 0.75
Epoch [4/100] - [TRAIN] Loss: 0.5589, Accuracy: 73.93%, AUC: 0.74 [VAL] Loss: 0.5416, Accuracy: 74.66%, Precision: 0.77, Recall: 0.69, F1-Score: 0.73, AUC: 0.75
Epoch [5/100] - [TRAIN] Loss: 0.5568, Accuracy: 73.83%, AUC: 0.74 [VAL] Loss: 0.5412, Accuracy: 75.15%, Precision: 0.76, Recall: 0.71, F1-Score: 0.73, AUC: 0.75
Epoch [6/100] - [TRAIN] Loss: 0.5551, Accuracy: 74.03%, AUC: 0.74 [VAL] Loss: 0.5431, Accuracy: 74.47%, Precision: 0.76, Recall: 0.69, F1-Score: 0.72, AUC: 0.74
Epoch [7/100] - [TRAIN] Loss: 0.5538, Accuracy: 74.00%, AUC: 0.74 [VAL] Loss: 0.5439, Accuracy: 74.75%, Precision: 0.77, Recall: 0.70, F1-Score: 0.73, AUC: 0.75
Epoch [8/100] - [TRAIN] Loss: 0.5520, Accuracy: 74.08%, AUC: 0.74 [VAL] Loss: 0.5380, Accuracy: 75.09%, Precision: 0.77, Recall: 0.70, F1-Score: 0.74, AUC: 0.75
Epoch [9/100] - [TRAIN] Loss: 0.5504, Accuracy: 74.06%, AUC: 0.74 [VAL] Loss: 0.5416, Accuracy: 74.98%, Precision: 0.77, Recall: 0.70, F1-Score: 0.73, AUC: 0.75
Epoch [10/100] - [TRAIN] Loss: 0.5491, Accuracy: 74.41%, AUC: 0.74 [VAL] Loss: 0.5351, Accuracy: 74.80%, Precision: 0.76, Recall: 0.70, F1-Score: 0.73, AUC: 0.75
Epoch [11/100] - [TRAIN] Loss: 0.5494, Accuracy: 74.03%, AUC: 0.74 [VAL] Loss: 0.5420, Accuracy: 74.66%, Precision: 0.75, Recall: 0.71, F1-Score: 0.73, AUC: 0.75
Epoch [12/100] - [TRAIN] Loss: 0.5492, Accuracy: 74.13%, AUC: 0.74 [VAL] Loss: 0.5356, Accuracy: 75.06%, Precision: 0.78, Recall: 0.70, F1-Score: 0.74, AUC: 0.75
Epoch [13/100] - [TRAIN] Loss: 0.5470, Accuracy: 74.28%, AUC: 0.74 [VAL] Loss: 0.5416, Accuracy: 75.01%, Precision: 0.76, Recall: 0.70, F1-Score: 0.73, AUC: 0.75
Epoch [14/100] - [TRAIN] Loss: 0.5480, Accuracy: 74.19%, AUC: 0.74 [VAL] Loss: 0.5323, Accuracy: 74.99%, Precision: 0.76, Recall: 0.72, F1-Score: 0.74, AUC: 0.75
Epoch [15/100] - [TRAIN] Loss: 0.5446, Accuracy: 74.57%, AUC: 0.74 [VAL] Loss: 0.5338, Accuracy: 75.01%, Precision: 0.76, Recall: 0.71, F1-Score: 0.73, AUC: 0.75
Epoch [16/100] - [TRAIN] Loss: 0.5466, Accuracy: 74.15%, AUC: 0.74 [VAL] Loss: 0.5394, Accuracy: 74.23%, Precision: 0.75, Recall: 0.70, F1-Score: 0.73, AUC: 0.74
Epoch [17/100] - [TRAIN] Loss: 0.5461, Accuracy: 74.20%, AUC: 0.74 [VAL] Loss: 0.5329, Accuracy: 75.04%, Precision: 0.76, Recall: 0.70, F1-Score: 0.73, AUC: 0.75
Epoch [18/100] - [TRAIN] Loss: 0.5483, Accuracy: 74.12%, AUC: 0.74 [VAL] Loss: 0.5363, Accuracy: 75.22%, Precision: 0.76, Recall: 0.71, F1-Score: 0.74, AUC: 0.75
Epoch [19/100] - [TRAIN] Loss: 0.5445, Accuracy: 74.41%, AUC: 0.74 [VAL] Loss: 0.5316, Accuracy: 74.97%, Precision: 0.76, Recall: 0.72, F1-Score: 0.74, AUC: 0.75
Epoch [20/100] - [TRAIN] Loss: 0.5460, Accuracy: 74.24%, AUC: 0.74 [VAL] Loss: 0.5341, Accuracy: 74.88%, Precision: 0.76, Recall: 0.70, F1-Score: 0.73, AUC: 0.75
Epoch [21/100] - [TRAIN] Loss: 0.5457, Accuracy: 74.34%, AUC: 0.74 [VAL] Loss: 0.5350, Accuracy: 74.78%, Precision: 0.76, Recall: 0.70, F1-Score: 0.73, AUC: 0.75
Epoch [22/100] - [TRAIN] Loss: 0.5411, Accuracy: 74.59%, AUC: 0.74 [VAL] Loss: 0.5317, Accuracy: 75.16%, Precision: 0.77, Recall: 0.71, F1-Score: 0.74, AUC: 0.75
Epoch [23/100] - [TRAIN] Loss: 0.5440, Accuracy: 74.59%, AUC: 0.74 [VAL] Loss: 0.5390, Accuracy: 74.56%, Precision: 0.77, Recall: 0.70, F1-Score: 0.73, AUC: 0.75
Epoch [24/100] - [TRAIN] Loss: 0.5443, Accuracy: 74.37%, AUC: 0.74 [VAL] Loss: 0.5227, Accuracy: 75.36%, Precision: 0.76, Recall: 0.71, F1-Score: 0.74, AUC: 0.75
Epoch [25/100] - [TRAIN] Loss: 0.5433, Accuracy: 74.47%, AUC: 0.74 [VAL] Loss: 0.5265, Accuracy: 75.04%, Precision: 0.77, Recall: 0.70, F1-Score: 0.74, AUC: 0.75
Epoch [26/100] - [TRAIN] Loss: 0.5452, Accuracy: 74.35%, AUC: 0.74 [VAL] Loss: 0.5362, Accuracy: 74.52%, Precision: 0.75, Recall: 0.70, F1-Score: 0.73, AUC: 0.74
Epoch [27/100] - [TRAIN] Loss: 0.5446, Accuracy: 74.30%, AUC: 0.74 [VAL] Loss: 0.5319, Accuracy: 75.22%, Precision: 0.78, Recall: 0.69, F1-Score: 0.73, AUC: 0.75
Epoch [28/100] - [TRAIN] Loss: 0.5424, Accuracy: 74.28%, AUC: 0.74 [VAL] Loss: 0.5250, Accuracy: 75.37%, Precision: 0.77, Recall: 0.71, F1-Score: 0.74, AUC: 0.75
Epoch [29/100] - [TRAIN] Loss: 0.5459, Accuracy: 74.21%, AUC: 0.74 [VAL] Loss: 0.5394, Accuracy: 73.99%, Precision: 0.76, Recall: 0.70, F1-Score: 0.73, AUC: 0.74
Epoch [30/100] - [TRAIN] Loss: 0.5405, Accuracy: 74.55%, AUC: 0.74 [VAL] Loss: 0.5306, Accuracy: 75.00%, Precision: 0.76, Recall: 0.70, F1-Score: 0.73, AUC: 0.75
Epoch [31/100] - [TRAIN] Loss: 0.5411, Accuracy: 74.49%, AUC: 0.74 [VAL] Loss: 0.5374, Accuracy: 74.98%, Precision: 0.76, Recall: 0.71, F1-Score: 0.73, AUC: 0.75
Epoch [32/100] - [TRAIN] Loss: 0.5420, Accuracy: 74.50%, AUC: 0.74 [VAL] Loss: 0.5257, Accuracy: 75.61%, Precision: 0.77, Recall: 0.72, F1-Score: 0.74, AUC: 0.76
Epoch [33/100] - [TRAIN] Loss: 0.5400, Accuracy: 74.38%, AUC: 0.74 [VAL] Loss: 0.5230, Accuracy: 75.67%, Precision: 0.76, Recall: 0.72, F1-Score: 0.74, AUC: 0.76
Epoch [34/100] - [TRAIN] Loss: 0.5418, Accuracy: 74.27%, AUC: 0.74 [VAL] Loss: 0.5273, Accuracy: 75.10%, Precision: 0.76, Recall: 0.71, F1-Score: 0.73, AUC: 0.75
Epoch [35/100] - [TRAIN] Loss: 0.5383, Accuracy: 74.98%, AUC: 0.75 [VAL] Loss: 0.5308, Accuracy: 75.35%, Precision: 0.77, Recall: 0.71, F1-Score: 0.74, AUC: 0.75
Epoch [36/100] - [TRAIN] Loss: 0.5395, Accuracy: 74.63%, AUC: 0.75 [VAL] Loss: 0.5371, Accuracy: 74.55%, Precision: 0.76, Recall: 0.70, F1-Score: 0.73, AUC: 0.74
Epoch [37/100] - [TRAIN] Loss: 0.5394, Accuracy: 74.66%, AUC: 0.75 [VAL] Loss: 0.5305, Accuracy: 75.39%, Precision: 0.78, Recall: 0.70, F1-Score: 0.74, AUC: 0.75
Epoch [38/100] - [TRAIN] Loss: 0.5404, Accuracy: 74.50%, AUC: 0.74 [VAL] Loss: 0.5331, Accuracy: 74.89%, Precision: 0.76, Recall: 0.71, F1-Score: 0.74, AUC: 0.75
Epoch [39/100] - [TRAIN] Loss: 0.5421, Accuracy: 74.35%, AUC: 0.74 [VAL] Loss: 0.5376, Accuracy: 74.34%, Precision: 0.75, Recall: 0.71, F1-Score: 0.73, AUC: 0.74
Epoch [40/100] - [TRAIN] Loss: 0.5412, Accuracy: 74.43%, AUC: 0.74 [VAL] Loss: 0.5285, Accuracy: 74.86%, Precision: 0.75, Recall: 0.70, F1-Score: 0.73, AUC: 0.75
Epoch [41/100] - [TRAIN] Loss: 0.5392, Accuracy: 74.52%, AUC: 0.74 [VAL] Loss: 0.5306, Accuracy: 74.95%, Precision: 0.77, Recall: 0.71, F1-Score: 0.74, AUC: 0.75
Epoch [42/100] - [TRAIN] Loss: 0.5421, Accuracy: 74.35%, AUC: 0.74 [VAL] Loss: 0.5243, Accuracy: 75.55%, Precision: 0.77, Recall: 0.71, F1-Score: 0.74, AUC: 0.75
Epoch [43/100] - [TRAIN] Loss: 0.5390, Accuracy: 74.74%, AUC: 0.75 [VAL] Loss: 0.5211, Accuracy: 75.95%, Precision: 0.77, Recall: 0.72, F1-Score: 0.75, AUC: 0.76
Epoch [44/100] - [TRAIN] Loss: 0.5395, Accuracy: 74.65%, AUC: 0.75 [VAL] Loss: 0.5289, Accuracy: 75.34%, Precision: 0.77, Recall: 0.71, F1-Score: 0.74, AUC: 0.75
Epoch [45/100] - [TRAIN] Loss: 0.5391, Accuracy: 74.72%, AUC: 0.75 [VAL] Loss: 0.5385, Accuracy: 74.87%, Precision: 0.77, Recall: 0.70, F1-Score: 0.73, AUC: 0.75
Epoch [46/100] - [TRAIN] Loss: 0.5405, Accuracy: 74.60%, AUC: 0.74 [VAL] Loss: 0.5398, Accuracy: 74.78%, Precision: 0.76, Recall: 0.71, F1-Score: 0.73, AUC: 0.75
Epoch [47/100] - [TRAIN] Loss: 0.5402, Accuracy: 74.69%, AUC: 0.75 [VAL] Loss: 0.5292, Accuracy: 74.79%, Precision: 0.77, Recall: 0.69, F1-Score: 0.73, AUC: 0.75
Epoch [48/100] - [TRAIN] Loss: 0.5415, Accuracy: 74.38%, AUC: 0.74 [VAL] Loss: 0.5305, Accuracy: 75.84%, Precision: 0.78, Recall: 0.72, F1-Score: 0.75, AUC: 0.76
Epoch [49/100] - [TRAIN] Loss: 0.5403, Accuracy: 74.64%, AUC: 0.75 [VAL] Loss: 0.5319, Accuracy: 75.05%, Precision: 0.76, Recall: 0.71, F1-Score: 0.73, AUC: 0.75
Epoch [50/100] - [TRAIN] Loss: 0.5392, Accuracy: 74.55%, AUC: 0.74 [VAL] Loss: 0.5343, Accuracy: 75.07%, Precision: 0.78, Recall: 0.70, F1-Score: 0.73, AUC: 0.75
Epoch [51/100] - [TRAIN] Loss: 0.5425, Accuracy: 74.49%, AUC: 0.74 [VAL] Loss: 0.5334, Accuracy: 74.97%, Precision: 0.77, Recall: 0.70, F1-Score: 0.73, AUC: 0.75
Epoch [52/100] - [TRAIN] Loss: 0.5445, Accuracy: 74.28%, AUC: 0.74 [VAL] Loss: 0.5304, Accuracy: 75.28%, Precision: 0.77, Recall: 0.71, F1-Score: 0.74, AUC: 0.75
Epoch [53/100] - [TRAIN] Loss: 0.5409, Accuracy: 74.53%, AUC: 0.74 [VAL] Loss: 0.5254, Accuracy: 75.24%, Precision: 0.76, Recall: 0.71, F1-Score: 0.73, AUC: 0.75
Epoch [54/100] - [TRAIN] Loss: 0.5439, Accuracy: 74.27%, AUC: 0.74 [VAL] Loss: 0.5313, Accuracy: 74.47%, Precision: 0.76, Recall: 0.69, F1-Score: 0.72, AUC: 0.74
Epoch [55/100] - [TRAIN] Loss: 0.5400, Accuracy: 74.52%, AUC: 0.74 [VAL] Loss: 0.5334, Accuracy: 74.29%, Precision: 0.76, Recall: 0.69, F1-Score: 0.72, AUC: 0.74
Epoch [56/100] - [TRAIN] Loss: 0.5421, Accuracy: 74.52%, AUC: 0.74 [VAL] Loss: 0.5346, Accuracy: 74.70%, Precision: 0.75, Recall: 0.71, F1-Score: 0.73, AUC: 0.75
Epoch [57/100] - [TRAIN] Loss: 0.5431, Accuracy: 74.57%, AUC: 0.74 [VAL] Loss: 0.5305, Accuracy: 74.95%, Precision: 0.77, Recall: 0.70, F1-Score: 0.73, AUC: 0.75
Epoch [58/100] - [TRAIN] Loss: 0.5382, Accuracy: 74.69%, AUC: 0.75 [VAL] Loss: 0.5401, Accuracy: 73.96%, Precision: 0.75, Recall: 0.70, F1-Score: 0.72, AUC: 0.74
Epoch [59/100] - [TRAIN] Loss: 0.5400, Accuracy: 74.53%, AUC: 0.74 [VAL] Loss: 0.5308, Accuracy: 75.45%, Precision: 0.77, Recall: 0.71, F1-Score: 0.74, AUC: 0.75
Epoch [60/100] - [TRAIN] Loss: 0.5409, Accuracy: 74.57%, AUC: 0.74 [VAL] Loss: 0.5274, Accuracy: 75.01%, Precision: 0.77, Recall: 0.71, F1-Score: 0.74, AUC: 0.75
Epoch [61/100] - [TRAIN] Loss: 0.5440, Accuracy: 74.24%, AUC: 0.74 [VAL] Loss: 0.5255, Accuracy: 75.75%, Precision: 0.77, Recall: 0.72, F1-Score: 0.74, AUC: 0.76
Epoch [62/100] - [TRAIN] Loss: 0.5411, Accuracy: 74.51%, AUC: 0.74 [VAL] Loss: 0.5320, Accuracy: 74.71%, Precision: 0.77, Recall: 0.70, F1-Score: 0.73, AUC: 0.75
Epoch [63/100] - [TRAIN] Loss: 0.5403, Accuracy: 74.67%, AUC: 0.75 [VAL] Loss: 0.5321, Accuracy: 75.33%, Precision: 0.76, Recall: 0.71, F1-Score: 0.74, AUC: 0.75
Epoch [64/100] - [TRAIN] Loss: 0.5422, Accuracy: 74.40%, AUC: 0.74 [VAL] Loss: 0.5292, Accuracy: 75.27%, Precision: 0.77, Recall: 0.71, F1-Score: 0.74, AUC: 0.75
Epoch [65/100] - [TRAIN] Loss: 0.5444, Accuracy: 74.28%, AUC: 0.74 [VAL] Loss: 0.5288, Accuracy: 75.16%, Precision: 0.77, Recall: 0.71, F1-Score: 0.74, AUC: 0.75
Epoch [66/100] - [TRAIN] Loss: 0.5384, Accuracy: 74.81%, AUC: 0.75 [VAL] Loss: 0.5243, Accuracy: 75.65%, Precision: 0.78, Recall: 0.72, F1-Score: 0.75, AUC: 0.76
Epoch [67/100] - [TRAIN] Loss: 0.5396, Accuracy: 74.65%, AUC: 0.75 [VAL] Loss: 0.5297, Accuracy: 75.25%, Precision: 0.77, Recall: 0.71, F1-Score: 0.74, AUC: 0.75
Epoch [68/100] - [TRAIN] Loss: 0.5423, Accuracy: 74.52%, AUC: 0.74 [VAL] Loss: 0.5365, Accuracy: 74.34%, Precision: 0.75, Recall: 0.70, F1-Score: 0.72, AUC: 0.74
Epoch [69/100] - [TRAIN] Loss: 0.5378, Accuracy: 74.71%, AUC: 0.75 [VAL] Loss: 0.5318, Accuracy: 74.81%, Precision: 0.76, Recall: 0.71, F1-Score: 0.73, AUC: 0.75
Epoch [70/100] - [TRAIN] Loss: 0.5382, Accuracy: 74.84%, AUC: 0.75 [VAL] Loss: 0.5353, Accuracy: 74.52%, Precision: 0.76, Recall: 0.70, F1-Score: 0.73, AUC: 0.74
Epoch [71/100] - [TRAIN] Loss: 0.5428, Accuracy: 74.21%, AUC: 0.74 [VAL] Loss: 0.5323, Accuracy: 75.30%, Precision: 0.76, Recall: 0.71, F1-Score: 0.74, AUC: 0.75
Epoch [72/100] - [TRAIN] Loss: 0.5399, Accuracy: 74.64%, AUC: 0.75 [VAL] Loss: 0.5314, Accuracy: 74.88%, Precision: 0.77, Recall: 0.71, F1-Score: 0.74, AUC: 0.75
Epoch [73/100] - [TRAIN] Loss: 0.5414, Accuracy: 74.35%, AUC: 0.74 [VAL] Loss: 0.5243, Accuracy: 75.49%, Precision: 0.76, Recall: 0.71, F1-Score: 0.74, AUC: 0.75
Epoch [74/100] - [TRAIN] Loss: 0.5415, Accuracy: 74.46%, AUC: 0.74 [VAL] Loss: 0.5283, Accuracy: 75.28%, Precision: 0.77, Recall: 0.71, F1-Score: 0.74, AUC: 0.75
Epoch [75/100] - [TRAIN] Loss: 0.5385, Accuracy: 74.82%, AUC: 0.75 [VAL] Loss: 0.5365, Accuracy: 74.48%, Precision: 0.76, Recall: 0.69, F1-Score: 0.72, AUC: 0.74
Epoch [76/100] - [TRAIN] Loss: 0.5412, Accuracy: 74.45%, AUC: 0.74 [VAL] Loss: 0.5337, Accuracy: 74.95%, Precision: 0.76, Recall: 0.70, F1-Score: 0.73, AUC: 0.75
Epoch [77/100] - [TRAIN] Loss: 0.5423, Accuracy: 74.56%, AUC: 0.74 [VAL] Loss: 0.5288, Accuracy: 74.58%, Precision: 0.76, Recall: 0.71, F1-Score: 0.73, AUC: 0.75
Epoch [78/100] - [TRAIN] Loss: 0.5413, Accuracy: 74.40%, AUC: 0.74 [VAL] Loss: 0.5381, Accuracy: 74.61%, Precision: 0.77, Recall: 0.69, F1-Score: 0.73, AUC: 0.75
Epoch [79/100] - [TRAIN] Loss: 0.5442, Accuracy: 74.16%, AUC: 0.74 [VAL] Loss: 0.5233, Accuracy: 75.28%, Precision: 0.77, Recall: 0.71, F1-Score: 0.74, AUC: 0.75
Epoch [80/100] - [TRAIN] Loss: 0.5396, Accuracy: 74.48%, AUC: 0.74 [VAL] Loss: 0.5288, Accuracy: 74.78%, Precision: 0.77, Recall: 0.70, F1-Score: 0.73, AUC: 0.75
Epoch [81/100] - [TRAIN] Loss: 0.5431, Accuracy: 74.32%, AUC: 0.74 [VAL] Loss: 0.5328, Accuracy: 74.74%, Precision: 0.76, Recall: 0.70, F1-Score: 0.73, AUC: 0.75
Epoch [82/100] - [TRAIN] Loss: 0.5395, Accuracy: 74.83%, AUC: 0.75 [VAL] Loss: 0.5308, Accuracy: 75.26%, Precision: 0.77, Recall: 0.71, F1-Score: 0.74, AUC: 0.75
Epoch [83/100] - [TRAIN] Loss: 0.5431, Accuracy: 74.32%, AUC: 0.74 [VAL] Loss: 0.5256, Accuracy: 75.54%, Precision: 0.78, Recall: 0.71, F1-Score: 0.74, AUC: 0.75
Epoch [84/100] - [TRAIN] Loss: 0.5437, Accuracy: 74.27%, AUC: 0.74 [VAL] Loss: 0.5381, Accuracy: 74.43%, Precision: 0.77, Recall: 0.69, F1-Score: 0.73, AUC: 0.74
Epoch [85/100] - [TRAIN] Loss: 0.5413, Accuracy: 74.57%, AUC: 0.74 [VAL] Loss: 0.5313, Accuracy: 75.39%, Precision: 0.77, Recall: 0.70, F1-Score: 0.74, AUC: 0.75
Epoch [86/100] - [TRAIN] Loss: 0.5382, Accuracy: 74.70%, AUC: 0.75 [VAL] Loss: 0.5326, Accuracy: 74.75%, Precision: 0.76, Recall: 0.70, F1-Score: 0.73, AUC: 0.75
Epoch [87/100] - [TRAIN] Loss: 0.5426, Accuracy: 74.46%, AUC: 0.74 [VAL] Loss: 0.5315, Accuracy: 74.80%, Precision: 0.77, Recall: 0.69, F1-Score: 0.73, AUC: 0.75
Epoch [88/100] - [TRAIN] Loss: 0.5443, Accuracy: 74.34%, AUC: 0.74 [VAL] Loss: 0.5388, Accuracy: 74.25%, Precision: 0.75, Recall: 0.70, F1-Score: 0.72, AUC: 0.74
Epoch [89/100] - [TRAIN] Loss: 0.5423, Accuracy: 74.30%, AUC: 0.74 [VAL] Loss: 0.5243, Accuracy: 75.71%, Precision: 0.78, Recall: 0.71, F1-Score: 0.74, AUC: 0.76
Epoch [90/100] - [TRAIN] Loss: 0.5378, Accuracy: 74.63%, AUC: 0.75 [VAL] Loss: 0.5325, Accuracy: 74.88%, Precision: 0.76, Recall: 0.70, F1-Score: 0.73, AUC: 0.75
Epoch [91/100] - [TRAIN] Loss: 0.5395, Accuracy: 74.73%, AUC: 0.75 [VAL] Loss: 0.5363, Accuracy: 74.18%, Precision: 0.76, Recall: 0.70, F1-Score: 0.73, AUC: 0.74
Epoch [92/100] - [TRAIN] Loss: 0.5406, Accuracy: 74.58%, AUC: 0.74 [VAL] Loss: 0.5249, Accuracy: 75.55%, Precision: 0.77, Recall: 0.71, F1-Score: 0.74, AUC: 0.75
Epoch [93/100] - [TRAIN] Loss: 0.5420, Accuracy: 74.41%, AUC: 0.74 [VAL] Loss: 0.5306, Accuracy: 75.05%, Precision: 0.77, Recall: 0.70, F1-Score: 0.73, AUC: 0.75
Epoch [94/100] - [TRAIN] Loss: 0.5402, Accuracy: 74.67%, AUC: 0.75 [VAL] Loss: 0.5249, Accuracy: 75.55%, Precision: 0.77, Recall: 0.71, F1-Score: 0.74, AUC: 0.75
Epoch [95/100] - [TRAIN] Loss: 0.5431, Accuracy: 74.28%, AUC: 0.74 [VAL] Loss: 0.5246, Accuracy: 75.87%, Precision: 0.77, Recall: 0.71, F1-Score: 0.74, AUC: 0.76
Epoch [96/100] - [TRAIN] Loss: 0.5406, Accuracy: 74.44%, AUC: 0.74 [VAL] Loss: 0.5279, Accuracy: 75.21%, Precision: 0.76, Recall: 0.72, F1-Score: 0.74, AUC: 0.75
Epoch [97/100] - [TRAIN] Loss: 0.5397, Accuracy: 74.46%, AUC: 0.74 [VAL] Loss: 0.5316, Accuracy: 75.30%, Precision: 0.77, Recall: 0.71, F1-Score: 0.74, AUC: 0.75
Epoch [98/100] - [TRAIN] Loss: 0.5405, Accuracy: 74.41%, AUC: 0.74 [VAL] Loss: 0.5336, Accuracy: 75.10%, Precision: 0.77, Recall: 0.70, F1-Score: 0.73, AUC: 0.75
Epoch [99/100] - [TRAIN] Loss: 0.5388, Accuracy: 74.54%, AUC: 0.74 [VAL] Loss: 0.5288, Accuracy: 75.66%, Precision: 0.77, Recall: 0.71, F1-Score: 0.74, AUC: 0.75
Epoch [100/100] - [TRAIN] Loss: 0.5411, Accuracy: 74.50%, AUC: 0.74 [VAL] Loss: 0.5238, Accuracy: 75.64%, Precision: 0.77, Recall: 0.71, F1-Score: 0.74, AUC: 0.76
Accuracy Score on test set: 75.36 %
    AUC Score on test set: 0.75
    Precision: 0.7741
    Recall: 0.7145
    F1-Score: 0.7431

    Detailed Classification Report:
                  precision    recall  f1-score   support

           0       0.74      0.79      0.76      5013
           1       0.77      0.71      0.74      4987

    accuracy                           0.75     10000
   macro avg       0.76      0.75      0.75     10000
weighted avg       0.76      0.75      0.75     10000


    Confusion Matrix:
    [[3973 1040]
 [1424 3563]]
    
007-H3K4me3-H3K27ac
Epoch [1/100] - [TRAIN] Loss: 0.5821, Accuracy: 72.96%, AUC: 0.73 [VAL] Loss: 0.5422, Accuracy: 75.63%, Precision: 0.78, Recall: 0.69, F1-Score: 0.73, AUC: 0.75
Epoch [2/100] - [TRAIN] Loss: 0.5559, Accuracy: 74.70%, AUC: 0.75 [VAL] Loss: 0.5277, Accuracy: 76.44%, Precision: 0.79, Recall: 0.69, F1-Score: 0.74, AUC: 0.76
Epoch [3/100] - [TRAIN] Loss: 0.5454, Accuracy: 74.74%, AUC: 0.75 [VAL] Loss: 0.5279, Accuracy: 76.14%, Precision: 0.79, Recall: 0.69, F1-Score: 0.73, AUC: 0.76
Epoch [4/100] - [TRAIN] Loss: 0.5407, Accuracy: 74.99%, AUC: 0.75 [VAL] Loss: 0.5275, Accuracy: 75.95%, Precision: 0.78, Recall: 0.70, F1-Score: 0.74, AUC: 0.76
Epoch [5/100] - [TRAIN] Loss: 0.5397, Accuracy: 75.05%, AUC: 0.75 [VAL] Loss: 0.5342, Accuracy: 75.22%, Precision: 0.78, Recall: 0.69, F1-Score: 0.73, AUC: 0.75
Epoch [6/100] - [TRAIN] Loss: 0.5341, Accuracy: 75.22%, AUC: 0.75 [VAL] Loss: 0.5261, Accuracy: 75.87%, Precision: 0.80, Recall: 0.69, F1-Score: 0.74, AUC: 0.76
Epoch [7/100] - [TRAIN] Loss: 0.5359, Accuracy: 75.27%, AUC: 0.75 [VAL] Loss: 0.5196, Accuracy: 75.96%, Precision: 0.79, Recall: 0.70, F1-Score: 0.74, AUC: 0.76
Epoch [8/100] - [TRAIN] Loss: 0.5335, Accuracy: 75.29%, AUC: 0.75 [VAL] Loss: 0.5299, Accuracy: 75.62%, Precision: 0.79, Recall: 0.70, F1-Score: 0.74, AUC: 0.76
Epoch [9/100] - [TRAIN] Loss: 0.5331, Accuracy: 75.12%, AUC: 0.75 [VAL] Loss: 0.5264, Accuracy: 75.44%, Precision: 0.78, Recall: 0.69, F1-Score: 0.73, AUC: 0.75
Epoch [10/100] - [TRAIN] Loss: 0.5331, Accuracy: 75.35%, AUC: 0.75 [VAL] Loss: 0.5275, Accuracy: 75.05%, Precision: 0.78, Recall: 0.69, F1-Score: 0.73, AUC: 0.75
Epoch [11/100] - [TRAIN] Loss: 0.5335, Accuracy: 75.17%, AUC: 0.75 [VAL] Loss: 0.5168, Accuracy: 76.09%, Precision: 0.78, Recall: 0.70, F1-Score: 0.74, AUC: 0.76
Epoch [12/100] - [TRAIN] Loss: 0.5319, Accuracy: 75.24%, AUC: 0.75 [VAL] Loss: 0.5218, Accuracy: 75.55%, Precision: 0.78, Recall: 0.70, F1-Score: 0.74, AUC: 0.75
Epoch [13/100] - [TRAIN] Loss: 0.5286, Accuracy: 75.54%, AUC: 0.75 [VAL] Loss: 0.5207, Accuracy: 76.02%, Precision: 0.78, Recall: 0.70, F1-Score: 0.74, AUC: 0.76
Epoch [14/100] - [TRAIN] Loss: 0.5322, Accuracy: 75.14%, AUC: 0.75 [VAL] Loss: 0.5182, Accuracy: 75.95%, Precision: 0.78, Recall: 0.71, F1-Score: 0.74, AUC: 0.76
Epoch [15/100] - [TRAIN] Loss: 0.5299, Accuracy: 75.54%, AUC: 0.75 [VAL] Loss: 0.5197, Accuracy: 75.70%, Precision: 0.79, Recall: 0.70, F1-Score: 0.74, AUC: 0.76
Epoch [16/100] - [TRAIN] Loss: 0.5294, Accuracy: 75.40%, AUC: 0.75 [VAL] Loss: 0.5201, Accuracy: 76.02%, Precision: 0.80, Recall: 0.69, F1-Score: 0.74, AUC: 0.76
Epoch [17/100] - [TRAIN] Loss: 0.5285, Accuracy: 75.33%, AUC: 0.75 [VAL] Loss: 0.5257, Accuracy: 75.38%, Precision: 0.78, Recall: 0.70, F1-Score: 0.73, AUC: 0.75
Epoch [18/100] - [TRAIN] Loss: 0.5266, Accuracy: 75.51%, AUC: 0.75 [VAL] Loss: 0.5187, Accuracy: 75.96%, Precision: 0.78, Recall: 0.70, F1-Score: 0.74, AUC: 0.76
Epoch [19/100] - [TRAIN] Loss: 0.5285, Accuracy: 75.45%, AUC: 0.75 [VAL] Loss: 0.5117, Accuracy: 76.59%, Precision: 0.79, Recall: 0.71, F1-Score: 0.75, AUC: 0.77
Epoch [20/100] - [TRAIN] Loss: 0.5297, Accuracy: 75.48%, AUC: 0.75 [VAL] Loss: 0.5237, Accuracy: 75.73%, Precision: 0.79, Recall: 0.69, F1-Score: 0.74, AUC: 0.76
Epoch [21/100] - [TRAIN] Loss: 0.5274, Accuracy: 75.57%, AUC: 0.75 [VAL] Loss: 0.5177, Accuracy: 76.31%, Precision: 0.78, Recall: 0.71, F1-Score: 0.75, AUC: 0.76
Epoch [22/100] - [TRAIN] Loss: 0.5290, Accuracy: 75.48%, AUC: 0.75 [VAL] Loss: 0.5088, Accuracy: 76.83%, Precision: 0.79, Recall: 0.72, F1-Score: 0.75, AUC: 0.77
Epoch [23/100] - [TRAIN] Loss: 0.5292, Accuracy: 75.48%, AUC: 0.75 [VAL] Loss: 0.5184, Accuracy: 76.39%, Precision: 0.79, Recall: 0.70, F1-Score: 0.74, AUC: 0.76
Epoch [24/100] - [TRAIN] Loss: 0.5267, Accuracy: 75.48%, AUC: 0.75 [VAL] Loss: 0.5310, Accuracy: 75.17%, Precision: 0.78, Recall: 0.70, F1-Score: 0.73, AUC: 0.75
Epoch [25/100] - [TRAIN] Loss: 0.5247, Accuracy: 75.85%, AUC: 0.76 [VAL] Loss: 0.5125, Accuracy: 76.09%, Precision: 0.79, Recall: 0.70, F1-Score: 0.74, AUC: 0.76
Epoch [26/100] - [TRAIN] Loss: 0.5268, Accuracy: 75.48%, AUC: 0.75 [VAL] Loss: 0.5120, Accuracy: 76.40%, Precision: 0.79, Recall: 0.70, F1-Score: 0.74, AUC: 0.76
Epoch [27/100] - [TRAIN] Loss: 0.5267, Accuracy: 75.48%, AUC: 0.75 [VAL] Loss: 0.5167, Accuracy: 76.08%, Precision: 0.79, Recall: 0.70, F1-Score: 0.74, AUC: 0.76
Epoch [28/100] - [TRAIN] Loss: 0.5260, Accuracy: 75.45%, AUC: 0.75 [VAL] Loss: 0.5227, Accuracy: 75.86%, Precision: 0.79, Recall: 0.70, F1-Score: 0.74, AUC: 0.76
Epoch [29/100] - [TRAIN] Loss: 0.5294, Accuracy: 75.36%, AUC: 0.75 [VAL] Loss: 0.5181, Accuracy: 75.50%, Precision: 0.78, Recall: 0.69, F1-Score: 0.73, AUC: 0.75
Epoch [30/100] - [TRAIN] Loss: 0.5323, Accuracy: 75.23%, AUC: 0.75 [VAL] Loss: 0.5209, Accuracy: 75.98%, Precision: 0.78, Recall: 0.71, F1-Score: 0.74, AUC: 0.76
Epoch [31/100] - [TRAIN] Loss: 0.5283, Accuracy: 75.49%, AUC: 0.75 [VAL] Loss: 0.5122, Accuracy: 76.71%, Precision: 0.80, Recall: 0.71, F1-Score: 0.75, AUC: 0.77
Epoch [32/100] - [TRAIN] Loss: 0.5273, Accuracy: 75.36%, AUC: 0.75 [VAL] Loss: 0.5169, Accuracy: 76.57%, Precision: 0.79, Recall: 0.71, F1-Score: 0.74, AUC: 0.76
Epoch [33/100] - [TRAIN] Loss: 0.5270, Accuracy: 75.39%, AUC: 0.75 [VAL] Loss: 0.5116, Accuracy: 76.18%, Precision: 0.78, Recall: 0.70, F1-Score: 0.74, AUC: 0.76
Epoch [34/100] - [TRAIN] Loss: 0.5289, Accuracy: 75.38%, AUC: 0.75 [VAL] Loss: 0.5164, Accuracy: 76.73%, Precision: 0.79, Recall: 0.71, F1-Score: 0.75, AUC: 0.77
Epoch [35/100] - [TRAIN] Loss: 0.5299, Accuracy: 75.45%, AUC: 0.75 [VAL] Loss: 0.5199, Accuracy: 75.66%, Precision: 0.78, Recall: 0.69, F1-Score: 0.74, AUC: 0.76
Epoch [36/100] - [TRAIN] Loss: 0.5275, Accuracy: 75.36%, AUC: 0.75 [VAL] Loss: 0.5177, Accuracy: 75.96%, Precision: 0.78, Recall: 0.71, F1-Score: 0.74, AUC: 0.76
Epoch [37/100] - [TRAIN] Loss: 0.5316, Accuracy: 75.34%, AUC: 0.75 [VAL] Loss: 0.5169, Accuracy: 76.30%, Precision: 0.78, Recall: 0.71, F1-Score: 0.74, AUC: 0.76
Epoch [38/100] - [TRAIN] Loss: 0.5282, Accuracy: 75.36%, AUC: 0.75 [VAL] Loss: 0.5163, Accuracy: 75.78%, Precision: 0.79, Recall: 0.69, F1-Score: 0.74, AUC: 0.76
Epoch [39/100] - [TRAIN] Loss: 0.5286, Accuracy: 75.47%, AUC: 0.75 [VAL] Loss: 0.5174, Accuracy: 75.73%, Precision: 0.79, Recall: 0.70, F1-Score: 0.74, AUC: 0.76
Epoch [40/100] - [TRAIN] Loss: 0.5255, Accuracy: 75.61%, AUC: 0.75 [VAL] Loss: 0.5177, Accuracy: 76.46%, Precision: 0.79, Recall: 0.70, F1-Score: 0.74, AUC: 0.76
Epoch [41/100] - [TRAIN] Loss: 0.5316, Accuracy: 75.25%, AUC: 0.75 [VAL] Loss: 0.5192, Accuracy: 75.89%, Precision: 0.79, Recall: 0.70, F1-Score: 0.74, AUC: 0.76
Epoch [42/100] - [TRAIN] Loss: 0.5242, Accuracy: 75.75%, AUC: 0.76 [VAL] Loss: 0.5200, Accuracy: 75.97%, Precision: 0.79, Recall: 0.69, F1-Score: 0.74, AUC: 0.76
Epoch [43/100] - [TRAIN] Loss: 0.5272, Accuracy: 75.52%, AUC: 0.75 [VAL] Loss: 0.5174, Accuracy: 75.85%, Precision: 0.78, Recall: 0.70, F1-Score: 0.74, AUC: 0.76
Epoch [44/100] - [TRAIN] Loss: 0.5286, Accuracy: 75.11%, AUC: 0.75 [VAL] Loss: 0.5175, Accuracy: 75.86%, Precision: 0.78, Recall: 0.70, F1-Score: 0.74, AUC: 0.76
Epoch [45/100] - [TRAIN] Loss: 0.5282, Accuracy: 75.43%, AUC: 0.75 [VAL] Loss: 0.5191, Accuracy: 76.04%, Precision: 0.79, Recall: 0.70, F1-Score: 0.74, AUC: 0.76
Epoch [46/100] - [TRAIN] Loss: 0.5303, Accuracy: 75.34%, AUC: 0.75 [VAL] Loss: 0.5132, Accuracy: 76.81%, Precision: 0.79, Recall: 0.71, F1-Score: 0.75, AUC: 0.77
Epoch [47/100] - [TRAIN] Loss: 0.5297, Accuracy: 75.41%, AUC: 0.75 [VAL] Loss: 0.5066, Accuracy: 76.38%, Precision: 0.79, Recall: 0.71, F1-Score: 0.75, AUC: 0.76
Epoch [48/100] - [TRAIN] Loss: 0.5281, Accuracy: 75.44%, AUC: 0.75 [VAL] Loss: 0.5181, Accuracy: 75.34%, Precision: 0.78, Recall: 0.69, F1-Score: 0.73, AUC: 0.75
Epoch [49/100] - [TRAIN] Loss: 0.5278, Accuracy: 75.39%, AUC: 0.75 [VAL] Loss: 0.5154, Accuracy: 76.42%, Precision: 0.79, Recall: 0.70, F1-Score: 0.74, AUC: 0.76
Epoch [50/100] - [TRAIN] Loss: 0.5302, Accuracy: 75.67%, AUC: 0.76 [VAL] Loss: 0.5198, Accuracy: 75.63%, Precision: 0.78, Recall: 0.69, F1-Score: 0.74, AUC: 0.76
Epoch [51/100] - [TRAIN] Loss: 0.5288, Accuracy: 75.42%, AUC: 0.75 [VAL] Loss: 0.5156, Accuracy: 75.83%, Precision: 0.79, Recall: 0.70, F1-Score: 0.74, AUC: 0.76
Epoch [52/100] - [TRAIN] Loss: 0.5303, Accuracy: 75.52%, AUC: 0.75 [VAL] Loss: 0.5184, Accuracy: 75.78%, Precision: 0.77, Recall: 0.70, F1-Score: 0.74, AUC: 0.76
Epoch [53/100] - [TRAIN] Loss: 0.5221, Accuracy: 75.95%, AUC: 0.76 [VAL] Loss: 0.5258, Accuracy: 75.88%, Precision: 0.78, Recall: 0.70, F1-Score: 0.74, AUC: 0.76
Epoch [54/100] - [TRAIN] Loss: 0.5274, Accuracy: 75.43%, AUC: 0.75 [VAL] Loss: 0.5146, Accuracy: 76.22%, Precision: 0.78, Recall: 0.71, F1-Score: 0.74, AUC: 0.76
Epoch [55/100] - [TRAIN] Loss: 0.5289, Accuracy: 75.33%, AUC: 0.75 [VAL] Loss: 0.5110, Accuracy: 76.68%, Precision: 0.79, Recall: 0.71, F1-Score: 0.75, AUC: 0.76
Epoch [56/100] - [TRAIN] Loss: 0.5297, Accuracy: 75.34%, AUC: 0.75 [VAL] Loss: 0.5171, Accuracy: 75.90%, Precision: 0.78, Recall: 0.70, F1-Score: 0.74, AUC: 0.76
Epoch [57/100] - [TRAIN] Loss: 0.5301, Accuracy: 75.27%, AUC: 0.75 [VAL] Loss: 0.5197, Accuracy: 75.73%, Precision: 0.78, Recall: 0.70, F1-Score: 0.74, AUC: 0.76
Epoch [58/100] - [TRAIN] Loss: 0.5304, Accuracy: 75.21%, AUC: 0.75 [VAL] Loss: 0.5282, Accuracy: 75.10%, Precision: 0.78, Recall: 0.70, F1-Score: 0.74, AUC: 0.75
Epoch [59/100] - [TRAIN] Loss: 0.5274, Accuracy: 75.50%, AUC: 0.75 [VAL] Loss: 0.5180, Accuracy: 76.19%, Precision: 0.79, Recall: 0.70, F1-Score: 0.74, AUC: 0.76
Epoch [60/100] - [TRAIN] Loss: 0.5272, Accuracy: 75.62%, AUC: 0.75 [VAL] Loss: 0.5185, Accuracy: 75.67%, Precision: 0.78, Recall: 0.70, F1-Score: 0.74, AUC: 0.76
Epoch [61/100] - [TRAIN] Loss: 0.5294, Accuracy: 75.36%, AUC: 0.75 [VAL] Loss: 0.5146, Accuracy: 76.31%, Precision: 0.79, Recall: 0.70, F1-Score: 0.74, AUC: 0.76
Epoch [62/100] - [TRAIN] Loss: 0.5265, Accuracy: 75.56%, AUC: 0.75 [VAL] Loss: 0.5119, Accuracy: 76.22%, Precision: 0.79, Recall: 0.70, F1-Score: 0.74, AUC: 0.76
Epoch [63/100] - [TRAIN] Loss: 0.5260, Accuracy: 75.56%, AUC: 0.75 [VAL] Loss: 0.5111, Accuracy: 76.50%, Precision: 0.78, Recall: 0.71, F1-Score: 0.75, AUC: 0.76
Epoch [64/100] - [TRAIN] Loss: 0.5279, Accuracy: 75.53%, AUC: 0.75 [VAL] Loss: 0.5157, Accuracy: 75.84%, Precision: 0.79, Recall: 0.70, F1-Score: 0.74, AUC: 0.76
Epoch [65/100] - [TRAIN] Loss: 0.5262, Accuracy: 75.45%, AUC: 0.75 [VAL] Loss: 0.5108, Accuracy: 76.92%, Precision: 0.80, Recall: 0.71, F1-Score: 0.75, AUC: 0.77
Epoch [66/100] - [TRAIN] Loss: 0.5282, Accuracy: 75.33%, AUC: 0.75 [VAL] Loss: 0.5167, Accuracy: 75.71%, Precision: 0.79, Recall: 0.70, F1-Score: 0.74, AUC: 0.76
Epoch [67/100] - [TRAIN] Loss: 0.5257, Accuracy: 75.65%, AUC: 0.76 [VAL] Loss: 0.5210, Accuracy: 75.20%, Precision: 0.78, Recall: 0.70, F1-Score: 0.73, AUC: 0.75
Epoch [68/100] - [TRAIN] Loss: 0.5293, Accuracy: 75.30%, AUC: 0.75 [VAL] Loss: 0.5122, Accuracy: 76.19%, Precision: 0.78, Recall: 0.70, F1-Score: 0.74, AUC: 0.76
Epoch [69/100] - [TRAIN] Loss: 0.5308, Accuracy: 75.14%, AUC: 0.75 [VAL] Loss: 0.5160, Accuracy: 76.12%, Precision: 0.79, Recall: 0.70, F1-Score: 0.74, AUC: 0.76
Epoch [70/100] - [TRAIN] Loss: 0.5261, Accuracy: 75.54%, AUC: 0.75 [VAL] Loss: 0.5168, Accuracy: 76.00%, Precision: 0.78, Recall: 0.70, F1-Score: 0.74, AUC: 0.76
Epoch [71/100] - [TRAIN] Loss: 0.5278, Accuracy: 75.50%, AUC: 0.75 [VAL] Loss: 0.5175, Accuracy: 76.25%, Precision: 0.78, Recall: 0.70, F1-Score: 0.74, AUC: 0.76
Epoch [72/100] - [TRAIN] Loss: 0.5283, Accuracy: 75.21%, AUC: 0.75 [VAL] Loss: 0.5150, Accuracy: 76.92%, Precision: 0.79, Recall: 0.71, F1-Score: 0.75, AUC: 0.77
Epoch [73/100] - [TRAIN] Loss: 0.5258, Accuracy: 75.63%, AUC: 0.76 [VAL] Loss: 0.5217, Accuracy: 75.82%, Precision: 0.78, Recall: 0.69, F1-Score: 0.73, AUC: 0.76
Epoch [74/100] - [TRAIN] Loss: 0.5284, Accuracy: 75.52%, AUC: 0.75 [VAL] Loss: 0.5112, Accuracy: 76.57%, Precision: 0.78, Recall: 0.71, F1-Score: 0.75, AUC: 0.76
Epoch [75/100] - [TRAIN] Loss: 0.5264, Accuracy: 75.51%, AUC: 0.75 [VAL] Loss: 0.5188, Accuracy: 76.03%, Precision: 0.79, Recall: 0.70, F1-Score: 0.74, AUC: 0.76
Epoch [76/100] - [TRAIN] Loss: 0.5254, Accuracy: 75.61%, AUC: 0.75 [VAL] Loss: 0.5157, Accuracy: 76.10%, Precision: 0.78, Recall: 0.70, F1-Score: 0.74, AUC: 0.76
Epoch [77/100] - [TRAIN] Loss: 0.5289, Accuracy: 75.40%, AUC: 0.75 [VAL] Loss: 0.5228, Accuracy: 75.27%, Precision: 0.78, Recall: 0.69, F1-Score: 0.73, AUC: 0.75
Epoch [78/100] - [TRAIN] Loss: 0.5308, Accuracy: 75.39%, AUC: 0.75 [VAL] Loss: 0.5126, Accuracy: 76.14%, Precision: 0.79, Recall: 0.70, F1-Score: 0.74, AUC: 0.76
Epoch [79/100] - [TRAIN] Loss: 0.5318, Accuracy: 75.22%, AUC: 0.75 [VAL] Loss: 0.5127, Accuracy: 76.36%, Precision: 0.79, Recall: 0.70, F1-Score: 0.74, AUC: 0.76
Epoch [80/100] - [TRAIN] Loss: 0.5291, Accuracy: 75.44%, AUC: 0.75 [VAL] Loss: 0.5090, Accuracy: 76.43%, Precision: 0.79, Recall: 0.72, F1-Score: 0.75, AUC: 0.76
Epoch [81/100] - [TRAIN] Loss: 0.5278, Accuracy: 75.29%, AUC: 0.75 [VAL] Loss: 0.5115, Accuracy: 76.23%, Precision: 0.80, Recall: 0.69, F1-Score: 0.74, AUC: 0.76
Epoch [82/100] - [TRAIN] Loss: 0.5270, Accuracy: 75.64%, AUC: 0.76 [VAL] Loss: 0.5214, Accuracy: 75.84%, Precision: 0.79, Recall: 0.70, F1-Score: 0.74, AUC: 0.76
Epoch [83/100] - [TRAIN] Loss: 0.5282, Accuracy: 75.47%, AUC: 0.75 [VAL] Loss: 0.5175, Accuracy: 75.78%, Precision: 0.78, Recall: 0.70, F1-Score: 0.74, AUC: 0.76
Epoch [84/100] - [TRAIN] Loss: 0.5278, Accuracy: 75.28%, AUC: 0.75 [VAL] Loss: 0.5117, Accuracy: 76.44%, Precision: 0.79, Recall: 0.71, F1-Score: 0.74, AUC: 0.76
Epoch [85/100] - [TRAIN] Loss: 0.5291, Accuracy: 75.29%, AUC: 0.75 [VAL] Loss: 0.5111, Accuracy: 76.59%, Precision: 0.79, Recall: 0.71, F1-Score: 0.74, AUC: 0.76
Epoch [86/100] - [TRAIN] Loss: 0.5257, Accuracy: 75.55%, AUC: 0.75 [VAL] Loss: 0.5187, Accuracy: 76.33%, Precision: 0.78, Recall: 0.70, F1-Score: 0.74, AUC: 0.76
Epoch [87/100] - [TRAIN] Loss: 0.5282, Accuracy: 75.38%, AUC: 0.75 [VAL] Loss: 0.5117, Accuracy: 76.52%, Precision: 0.79, Recall: 0.71, F1-Score: 0.74, AUC: 0.76
Epoch [88/100] - [TRAIN] Loss: 0.5221, Accuracy: 75.69%, AUC: 0.76 [VAL] Loss: 0.5196, Accuracy: 75.59%, Precision: 0.78, Recall: 0.69, F1-Score: 0.73, AUC: 0.75
Epoch [89/100] - [TRAIN] Loss: 0.5294, Accuracy: 75.42%, AUC: 0.75 [VAL] Loss: 0.5141, Accuracy: 75.99%, Precision: 0.78, Recall: 0.70, F1-Score: 0.73, AUC: 0.76
Epoch [90/100] - [TRAIN] Loss: 0.5306, Accuracy: 75.29%, AUC: 0.75 [VAL] Loss: 0.5156, Accuracy: 76.03%, Precision: 0.78, Recall: 0.70, F1-Score: 0.74, AUC: 0.76
Epoch [91/100] - [TRAIN] Loss: 0.5304, Accuracy: 75.19%, AUC: 0.75 [VAL] Loss: 0.5235, Accuracy: 75.55%, Precision: 0.78, Recall: 0.70, F1-Score: 0.74, AUC: 0.75
Epoch [92/100] - [TRAIN] Loss: 0.5287, Accuracy: 75.16%, AUC: 0.75 [VAL] Loss: 0.5256, Accuracy: 74.71%, Precision: 0.77, Recall: 0.69, F1-Score: 0.73, AUC: 0.75
Epoch [93/100] - [TRAIN] Loss: 0.5301, Accuracy: 75.34%, AUC: 0.75 [VAL] Loss: 0.5109, Accuracy: 76.54%, Precision: 0.79, Recall: 0.71, F1-Score: 0.75, AUC: 0.76
Epoch [94/100] - [TRAIN] Loss: 0.5283, Accuracy: 75.37%, AUC: 0.75 [VAL] Loss: 0.5243, Accuracy: 75.47%, Precision: 0.79, Recall: 0.69, F1-Score: 0.73, AUC: 0.75
Epoch [95/100] - [TRAIN] Loss: 0.5265, Accuracy: 75.59%, AUC: 0.75 [VAL] Loss: 0.5178, Accuracy: 76.16%, Precision: 0.79, Recall: 0.70, F1-Score: 0.74, AUC: 0.76
Epoch [96/100] - [TRAIN] Loss: 0.5287, Accuracy: 75.54%, AUC: 0.75 [VAL] Loss: 0.5145, Accuracy: 76.36%, Precision: 0.78, Recall: 0.71, F1-Score: 0.74, AUC: 0.76
Epoch [97/100] - [TRAIN] Loss: 0.5317, Accuracy: 75.23%, AUC: 0.75 [VAL] Loss: 0.5126, Accuracy: 76.33%, Precision: 0.79, Recall: 0.70, F1-Score: 0.74, AUC: 0.76
Epoch [98/100] - [TRAIN] Loss: 0.5301, Accuracy: 75.37%, AUC: 0.75 [VAL] Loss: 0.5158, Accuracy: 76.29%, Precision: 0.79, Recall: 0.71, F1-Score: 0.74, AUC: 0.76
Epoch [99/100] - [TRAIN] Loss: 0.5280, Accuracy: 75.31%, AUC: 0.75 [VAL] Loss: 0.5218, Accuracy: 75.94%, Precision: 0.79, Recall: 0.70, F1-Score: 0.74, AUC: 0.76
Epoch [100/100] - [TRAIN] Loss: 0.5305, Accuracy: 75.19%, AUC: 0.75 [VAL] Loss: 0.5184, Accuracy: 75.51%, Precision: 0.78, Recall: 0.70, F1-Score: 0.74, AUC: 0.75
Accuracy Score on test set: 75.55 %
    AUC Score on test set: 0.75
    Precision: 0.7874
    Recall: 0.6931
    F1-Score: 0.7372

    Detailed Classification Report:
                  precision    recall  f1-score   support

           0       0.73      0.82      0.77      5051
           1       0.79      0.69      0.74      4949

    accuracy                           0.76     10000
   macro avg       0.76      0.75      0.75     10000
weighted avg       0.76      0.76      0.75     10000


    Confusion Matrix:
    [[4125  926]
 [1519 3430]]
    
008-H3K4me3-H3K27me3
Epoch [1/100] - [TRAIN] Loss: 0.5990, Accuracy: 71.63%, AUC: 0.71 [VAL] Loss: 0.5660, Accuracy: 73.04%, Precision: 0.76, Recall: 0.63, F1-Score: 0.69, AUC: 0.73
Epoch [2/100] - [TRAIN] Loss: 0.5685, Accuracy: 73.26%, AUC: 0.73 [VAL] Loss: 0.5469, Accuracy: 74.41%, Precision: 0.77, Recall: 0.68, F1-Score: 0.72, AUC: 0.74
Epoch [3/100] - [TRAIN] Loss: 0.5605, Accuracy: 73.41%, AUC: 0.73 [VAL] Loss: 0.5431, Accuracy: 74.28%, Precision: 0.76, Recall: 0.68, F1-Score: 0.72, AUC: 0.74
Epoch [4/100] - [TRAIN] Loss: 0.5516, Accuracy: 73.62%, AUC: 0.74 [VAL] Loss: 0.5423, Accuracy: 74.55%, Precision: 0.75, Recall: 0.71, F1-Score: 0.73, AUC: 0.74
Epoch [5/100] - [TRAIN] Loss: 0.5515, Accuracy: 73.98%, AUC: 0.74 [VAL] Loss: 0.5430, Accuracy: 74.35%, Precision: 0.76, Recall: 0.70, F1-Score: 0.73, AUC: 0.74
Epoch [6/100] - [TRAIN] Loss: 0.5510, Accuracy: 73.83%, AUC: 0.74 [VAL] Loss: 0.5452, Accuracy: 74.24%, Precision: 0.75, Recall: 0.70, F1-Score: 0.73, AUC: 0.74
Epoch [7/100] - [TRAIN] Loss: 0.5497, Accuracy: 73.78%, AUC: 0.74 [VAL] Loss: 0.5429, Accuracy: 73.81%, Precision: 0.76, Recall: 0.68, F1-Score: 0.72, AUC: 0.74
Epoch [8/100] - [TRAIN] Loss: 0.5471, Accuracy: 74.22%, AUC: 0.74 [VAL] Loss: 0.5489, Accuracy: 73.41%, Precision: 0.75, Recall: 0.68, F1-Score: 0.71, AUC: 0.73
Epoch [9/100] - [TRAIN] Loss: 0.5461, Accuracy: 74.35%, AUC: 0.74 [VAL] Loss: 0.5381, Accuracy: 74.64%, Precision: 0.76, Recall: 0.70, F1-Score: 0.73, AUC: 0.75
Epoch [10/100] - [TRAIN] Loss: 0.5463, Accuracy: 74.17%, AUC: 0.74 [VAL] Loss: 0.5356, Accuracy: 74.39%, Precision: 0.76, Recall: 0.69, F1-Score: 0.72, AUC: 0.74
Epoch [11/100] - [TRAIN] Loss: 0.5451, Accuracy: 74.14%, AUC: 0.74 [VAL] Loss: 0.5432, Accuracy: 73.85%, Precision: 0.75, Recall: 0.71, F1-Score: 0.73, AUC: 0.74
Epoch [12/100] - [TRAIN] Loss: 0.5457, Accuracy: 74.06%, AUC: 0.74 [VAL] Loss: 0.5348, Accuracy: 74.28%, Precision: 0.75, Recall: 0.69, F1-Score: 0.72, AUC: 0.74
Epoch [13/100] - [TRAIN] Loss: 0.5427, Accuracy: 74.28%, AUC: 0.74 [VAL] Loss: 0.5320, Accuracy: 74.54%, Precision: 0.76, Recall: 0.71, F1-Score: 0.73, AUC: 0.74
Epoch [14/100] - [TRAIN] Loss: 0.5450, Accuracy: 74.00%, AUC: 0.74 [VAL] Loss: 0.5313, Accuracy: 74.54%, Precision: 0.76, Recall: 0.69, F1-Score: 0.72, AUC: 0.74
Epoch [15/100] - [TRAIN] Loss: 0.5419, Accuracy: 74.17%, AUC: 0.74 [VAL] Loss: 0.5293, Accuracy: 75.33%, Precision: 0.77, Recall: 0.71, F1-Score: 0.74, AUC: 0.75
Epoch [16/100] - [TRAIN] Loss: 0.5408, Accuracy: 74.46%, AUC: 0.74 [VAL] Loss: 0.5347, Accuracy: 74.56%, Precision: 0.77, Recall: 0.70, F1-Score: 0.73, AUC: 0.75
Epoch [17/100] - [TRAIN] Loss: 0.5424, Accuracy: 74.35%, AUC: 0.74 [VAL] Loss: 0.5416, Accuracy: 74.10%, Precision: 0.75, Recall: 0.70, F1-Score: 0.72, AUC: 0.74
Epoch [18/100] - [TRAIN] Loss: 0.5391, Accuracy: 74.32%, AUC: 0.74 [VAL] Loss: 0.5224, Accuracy: 75.14%, Precision: 0.77, Recall: 0.70, F1-Score: 0.73, AUC: 0.75
Epoch [19/100] - [TRAIN] Loss: 0.5400, Accuracy: 74.37%, AUC: 0.74 [VAL] Loss: 0.5307, Accuracy: 74.28%, Precision: 0.76, Recall: 0.70, F1-Score: 0.73, AUC: 0.74
Epoch [20/100] - [TRAIN] Loss: 0.5390, Accuracy: 74.36%, AUC: 0.74 [VAL] Loss: 0.5404, Accuracy: 73.75%, Precision: 0.76, Recall: 0.69, F1-Score: 0.72, AUC: 0.74
Epoch [21/100] - [TRAIN] Loss: 0.5413, Accuracy: 74.16%, AUC: 0.74 [VAL] Loss: 0.5302, Accuracy: 74.48%, Precision: 0.77, Recall: 0.69, F1-Score: 0.73, AUC: 0.74
Epoch [22/100] - [TRAIN] Loss: 0.5385, Accuracy: 74.39%, AUC: 0.74 [VAL] Loss: 0.5276, Accuracy: 74.95%, Precision: 0.76, Recall: 0.70, F1-Score: 0.73, AUC: 0.75
Epoch [23/100] - [TRAIN] Loss: 0.5407, Accuracy: 74.16%, AUC: 0.74 [VAL] Loss: 0.5318, Accuracy: 74.19%, Precision: 0.76, Recall: 0.70, F1-Score: 0.73, AUC: 0.74
Epoch [24/100] - [TRAIN] Loss: 0.5405, Accuracy: 74.28%, AUC: 0.74 [VAL] Loss: 0.5278, Accuracy: 75.23%, Precision: 0.77, Recall: 0.70, F1-Score: 0.74, AUC: 0.75
Epoch [25/100] - [TRAIN] Loss: 0.5403, Accuracy: 74.29%, AUC: 0.74 [VAL] Loss: 0.5344, Accuracy: 74.74%, Precision: 0.77, Recall: 0.70, F1-Score: 0.73, AUC: 0.75
Epoch [26/100] - [TRAIN] Loss: 0.5377, Accuracy: 74.52%, AUC: 0.74 [VAL] Loss: 0.5330, Accuracy: 74.07%, Precision: 0.77, Recall: 0.69, F1-Score: 0.72, AUC: 0.74
Epoch [27/100] - [TRAIN] Loss: 0.5396, Accuracy: 74.25%, AUC: 0.74 [VAL] Loss: 0.5330, Accuracy: 74.35%, Precision: 0.76, Recall: 0.70, F1-Score: 0.73, AUC: 0.74
Epoch [28/100] - [TRAIN] Loss: 0.5395, Accuracy: 74.25%, AUC: 0.74 [VAL] Loss: 0.5414, Accuracy: 74.18%, Precision: 0.76, Recall: 0.69, F1-Score: 0.72, AUC: 0.74
Epoch [29/100] - [TRAIN] Loss: 0.5370, Accuracy: 74.56%, AUC: 0.74 [VAL] Loss: 0.5275, Accuracy: 74.95%, Precision: 0.77, Recall: 0.70, F1-Score: 0.74, AUC: 0.75
Epoch [30/100] - [TRAIN] Loss: 0.5385, Accuracy: 74.30%, AUC: 0.74 [VAL] Loss: 0.5319, Accuracy: 74.52%, Precision: 0.77, Recall: 0.70, F1-Score: 0.73, AUC: 0.74
Epoch [31/100] - [TRAIN] Loss: 0.5407, Accuracy: 74.30%, AUC: 0.74 [VAL] Loss: 0.5343, Accuracy: 73.99%, Precision: 0.76, Recall: 0.69, F1-Score: 0.72, AUC: 0.74
Epoch [32/100] - [TRAIN] Loss: 0.5373, Accuracy: 74.30%, AUC: 0.74 [VAL] Loss: 0.5269, Accuracy: 75.01%, Precision: 0.77, Recall: 0.69, F1-Score: 0.73, AUC: 0.75
Epoch [33/100] - [TRAIN] Loss: 0.5363, Accuracy: 74.53%, AUC: 0.74 [VAL] Loss: 0.5426, Accuracy: 73.99%, Precision: 0.76, Recall: 0.69, F1-Score: 0.72, AUC: 0.74
Epoch [34/100] - [TRAIN] Loss: 0.5357, Accuracy: 74.43%, AUC: 0.74 [VAL] Loss: 0.5278, Accuracy: 74.50%, Precision: 0.77, Recall: 0.69, F1-Score: 0.73, AUC: 0.74
Epoch [35/100] - [TRAIN] Loss: 0.5409, Accuracy: 74.17%, AUC: 0.74 [VAL] Loss: 0.5349, Accuracy: 74.66%, Precision: 0.77, Recall: 0.69, F1-Score: 0.73, AUC: 0.75
Epoch [36/100] - [TRAIN] Loss: 0.5395, Accuracy: 74.40%, AUC: 0.74 [VAL] Loss: 0.5327, Accuracy: 74.59%, Precision: 0.76, Recall: 0.70, F1-Score: 0.73, AUC: 0.74
Epoch [37/100] - [TRAIN] Loss: 0.5440, Accuracy: 74.17%, AUC: 0.74 [VAL] Loss: 0.5295, Accuracy: 74.86%, Precision: 0.77, Recall: 0.70, F1-Score: 0.73, AUC: 0.75
Epoch [38/100] - [TRAIN] Loss: 0.5390, Accuracy: 74.29%, AUC: 0.74 [VAL] Loss: 0.5315, Accuracy: 74.46%, Precision: 0.76, Recall: 0.70, F1-Score: 0.73, AUC: 0.74
Epoch [39/100] - [TRAIN] Loss: 0.5367, Accuracy: 74.50%, AUC: 0.74 [VAL] Loss: 0.5417, Accuracy: 74.25%, Precision: 0.77, Recall: 0.69, F1-Score: 0.73, AUC: 0.74
Epoch [40/100] - [TRAIN] Loss: 0.5446, Accuracy: 74.13%, AUC: 0.74 [VAL] Loss: 0.5266, Accuracy: 74.81%, Precision: 0.78, Recall: 0.69, F1-Score: 0.73, AUC: 0.75
Epoch [41/100] - [TRAIN] Loss: 0.5383, Accuracy: 74.30%, AUC: 0.74 [VAL] Loss: 0.5281, Accuracy: 75.35%, Precision: 0.77, Recall: 0.70, F1-Score: 0.73, AUC: 0.75
Epoch [42/100] - [TRAIN] Loss: 0.5397, Accuracy: 74.34%, AUC: 0.74 [VAL] Loss: 0.5277, Accuracy: 74.82%, Precision: 0.76, Recall: 0.70, F1-Score: 0.73, AUC: 0.75
Epoch [43/100] - [TRAIN] Loss: 0.5416, Accuracy: 74.14%, AUC: 0.74 [VAL] Loss: 0.5260, Accuracy: 74.84%, Precision: 0.76, Recall: 0.69, F1-Score: 0.72, AUC: 0.75
Epoch [44/100] - [TRAIN] Loss: 0.5400, Accuracy: 74.47%, AUC: 0.74 [VAL] Loss: 0.5294, Accuracy: 74.78%, Precision: 0.76, Recall: 0.70, F1-Score: 0.73, AUC: 0.75
Epoch [45/100] - [TRAIN] Loss: 0.5356, Accuracy: 74.42%, AUC: 0.74 [VAL] Loss: 0.5268, Accuracy: 75.38%, Precision: 0.76, Recall: 0.71, F1-Score: 0.74, AUC: 0.75
Epoch [46/100] - [TRAIN] Loss: 0.5414, Accuracy: 74.17%, AUC: 0.74 [VAL] Loss: 0.5253, Accuracy: 74.59%, Precision: 0.77, Recall: 0.69, F1-Score: 0.73, AUC: 0.75
Epoch [47/100] - [TRAIN] Loss: 0.5386, Accuracy: 74.08%, AUC: 0.74 [VAL] Loss: 0.5332, Accuracy: 74.50%, Precision: 0.75, Recall: 0.70, F1-Score: 0.73, AUC: 0.74
Epoch [48/100] - [TRAIN] Loss: 0.5409, Accuracy: 74.31%, AUC: 0.74 [VAL] Loss: 0.5193, Accuracy: 75.63%, Precision: 0.77, Recall: 0.70, F1-Score: 0.73, AUC: 0.75
Epoch [49/100] - [TRAIN] Loss: 0.5377, Accuracy: 74.48%, AUC: 0.74 [VAL] Loss: 0.5292, Accuracy: 75.42%, Precision: 0.77, Recall: 0.70, F1-Score: 0.73, AUC: 0.75
Epoch [50/100] - [TRAIN] Loss: 0.5381, Accuracy: 74.33%, AUC: 0.74 [VAL] Loss: 0.5262, Accuracy: 75.34%, Precision: 0.78, Recall: 0.70, F1-Score: 0.73, AUC: 0.75
Epoch [51/100] - [TRAIN] Loss: 0.5384, Accuracy: 74.31%, AUC: 0.74 [VAL] Loss: 0.5330, Accuracy: 74.45%, Precision: 0.76, Recall: 0.69, F1-Score: 0.72, AUC: 0.74
Epoch [52/100] - [TRAIN] Loss: 0.5375, Accuracy: 74.42%, AUC: 0.74 [VAL] Loss: 0.5366, Accuracy: 74.19%, Precision: 0.75, Recall: 0.69, F1-Score: 0.72, AUC: 0.74
Epoch [53/100] - [TRAIN] Loss: 0.5407, Accuracy: 74.25%, AUC: 0.74 [VAL] Loss: 0.5238, Accuracy: 74.47%, Precision: 0.77, Recall: 0.69, F1-Score: 0.73, AUC: 0.74
Epoch [54/100] - [TRAIN] Loss: 0.5350, Accuracy: 74.63%, AUC: 0.75 [VAL] Loss: 0.5333, Accuracy: 74.01%, Precision: 0.76, Recall: 0.68, F1-Score: 0.72, AUC: 0.74
Epoch [55/100] - [TRAIN] Loss: 0.5404, Accuracy: 74.24%, AUC: 0.74 [VAL] Loss: 0.5257, Accuracy: 74.96%, Precision: 0.77, Recall: 0.69, F1-Score: 0.73, AUC: 0.75
Epoch [56/100] - [TRAIN] Loss: 0.5394, Accuracy: 74.20%, AUC: 0.74 [VAL] Loss: 0.5232, Accuracy: 75.16%, Precision: 0.77, Recall: 0.70, F1-Score: 0.73, AUC: 0.75
Epoch [57/100] - [TRAIN] Loss: 0.5400, Accuracy: 74.36%, AUC: 0.74 [VAL] Loss: 0.5328, Accuracy: 74.39%, Precision: 0.77, Recall: 0.69, F1-Score: 0.73, AUC: 0.74
Epoch [58/100] - [TRAIN] Loss: 0.5384, Accuracy: 74.38%, AUC: 0.74 [VAL] Loss: 0.5354, Accuracy: 74.43%, Precision: 0.76, Recall: 0.69, F1-Score: 0.72, AUC: 0.74
Epoch [59/100] - [TRAIN] Loss: 0.5387, Accuracy: 74.49%, AUC: 0.74 [VAL] Loss: 0.5288, Accuracy: 74.61%, Precision: 0.77, Recall: 0.70, F1-Score: 0.73, AUC: 0.75
Epoch [60/100] - [TRAIN] Loss: 0.5403, Accuracy: 74.19%, AUC: 0.74 [VAL] Loss: 0.5321, Accuracy: 74.64%, Precision: 0.76, Recall: 0.70, F1-Score: 0.73, AUC: 0.75
Epoch [61/100] - [TRAIN] Loss: 0.5409, Accuracy: 74.01%, AUC: 0.74 [VAL] Loss: 0.5283, Accuracy: 74.71%, Precision: 0.76, Recall: 0.70, F1-Score: 0.73, AUC: 0.75
Epoch [62/100] - [TRAIN] Loss: 0.5386, Accuracy: 74.20%, AUC: 0.74 [VAL] Loss: 0.5301, Accuracy: 74.53%, Precision: 0.77, Recall: 0.69, F1-Score: 0.73, AUC: 0.74
Epoch [63/100] - [TRAIN] Loss: 0.5398, Accuracy: 74.23%, AUC: 0.74 [VAL] Loss: 0.5279, Accuracy: 75.41%, Precision: 0.77, Recall: 0.70, F1-Score: 0.74, AUC: 0.75
Epoch [64/100] - [TRAIN] Loss: 0.5385, Accuracy: 74.24%, AUC: 0.74 [VAL] Loss: 0.5343, Accuracy: 74.62%, Precision: 0.77, Recall: 0.70, F1-Score: 0.73, AUC: 0.75
Epoch [65/100] - [TRAIN] Loss: 0.5369, Accuracy: 74.28%, AUC: 0.74 [VAL] Loss: 0.5285, Accuracy: 75.14%, Precision: 0.77, Recall: 0.70, F1-Score: 0.73, AUC: 0.75
Epoch [66/100] - [TRAIN] Loss: 0.5400, Accuracy: 74.10%, AUC: 0.74 [VAL] Loss: 0.5345, Accuracy: 74.42%, Precision: 0.77, Recall: 0.69, F1-Score: 0.73, AUC: 0.74
Epoch [67/100] - [TRAIN] Loss: 0.5417, Accuracy: 74.07%, AUC: 0.74 [VAL] Loss: 0.5249, Accuracy: 75.42%, Precision: 0.77, Recall: 0.70, F1-Score: 0.73, AUC: 0.75
Epoch [68/100] - [TRAIN] Loss: 0.5388, Accuracy: 74.32%, AUC: 0.74 [VAL] Loss: 0.5329, Accuracy: 74.43%, Precision: 0.76, Recall: 0.69, F1-Score: 0.73, AUC: 0.74
Epoch [69/100] - [TRAIN] Loss: 0.5395, Accuracy: 74.21%, AUC: 0.74 [VAL] Loss: 0.5330, Accuracy: 74.91%, Precision: 0.77, Recall: 0.69, F1-Score: 0.73, AUC: 0.75
Epoch [70/100] - [TRAIN] Loss: 0.5404, Accuracy: 74.24%, AUC: 0.74 [VAL] Loss: 0.5309, Accuracy: 74.57%, Precision: 0.77, Recall: 0.69, F1-Score: 0.73, AUC: 0.75
Epoch [71/100] - [TRAIN] Loss: 0.5396, Accuracy: 74.16%, AUC: 0.74 [VAL] Loss: 0.5336, Accuracy: 73.83%, Precision: 0.75, Recall: 0.69, F1-Score: 0.72, AUC: 0.74
Epoch [72/100] - [TRAIN] Loss: 0.5377, Accuracy: 74.42%, AUC: 0.74 [VAL] Loss: 0.5418, Accuracy: 73.43%, Precision: 0.75, Recall: 0.68, F1-Score: 0.71, AUC: 0.73
Epoch [73/100] - [TRAIN] Loss: 0.5399, Accuracy: 74.40%, AUC: 0.74 [VAL] Loss: 0.5297, Accuracy: 75.13%, Precision: 0.76, Recall: 0.70, F1-Score: 0.73, AUC: 0.75
Epoch [74/100] - [TRAIN] Loss: 0.5377, Accuracy: 74.54%, AUC: 0.74 [VAL] Loss: 0.5317, Accuracy: 74.27%, Precision: 0.76, Recall: 0.69, F1-Score: 0.72, AUC: 0.74
Epoch [75/100] - [TRAIN] Loss: 0.5412, Accuracy: 74.26%, AUC: 0.74 [VAL] Loss: 0.5360, Accuracy: 74.60%, Precision: 0.76, Recall: 0.70, F1-Score: 0.73, AUC: 0.74
Epoch [76/100] - [TRAIN] Loss: 0.5419, Accuracy: 74.22%, AUC: 0.74 [VAL] Loss: 0.5388, Accuracy: 73.99%, Precision: 0.75, Recall: 0.69, F1-Score: 0.72, AUC: 0.74
Epoch [77/100] - [TRAIN] Loss: 0.5392, Accuracy: 74.30%, AUC: 0.74 [VAL] Loss: 0.5338, Accuracy: 74.89%, Precision: 0.77, Recall: 0.70, F1-Score: 0.73, AUC: 0.75
Epoch [78/100] - [TRAIN] Loss: 0.5376, Accuracy: 74.39%, AUC: 0.74 [VAL] Loss: 0.5286, Accuracy: 74.54%, Precision: 0.76, Recall: 0.69, F1-Score: 0.73, AUC: 0.74
Epoch [79/100] - [TRAIN] Loss: 0.5367, Accuracy: 74.64%, AUC: 0.75 [VAL] Loss: 0.5257, Accuracy: 74.64%, Precision: 0.76, Recall: 0.70, F1-Score: 0.73, AUC: 0.75
Epoch [80/100] - [TRAIN] Loss: 0.5389, Accuracy: 74.23%, AUC: 0.74 [VAL] Loss: 0.5237, Accuracy: 74.78%, Precision: 0.76, Recall: 0.70, F1-Score: 0.73, AUC: 0.75
Epoch [81/100] - [TRAIN] Loss: 0.5358, Accuracy: 74.63%, AUC: 0.75 [VAL] Loss: 0.5314, Accuracy: 74.76%, Precision: 0.77, Recall: 0.69, F1-Score: 0.73, AUC: 0.75
Epoch [82/100] - [TRAIN] Loss: 0.5374, Accuracy: 74.52%, AUC: 0.74 [VAL] Loss: 0.5290, Accuracy: 75.07%, Precision: 0.77, Recall: 0.69, F1-Score: 0.73, AUC: 0.75
Epoch [83/100] - [TRAIN] Loss: 0.5376, Accuracy: 74.42%, AUC: 0.74 [VAL] Loss: 0.5347, Accuracy: 74.26%, Precision: 0.75, Recall: 0.69, F1-Score: 0.72, AUC: 0.74
Epoch [84/100] - [TRAIN] Loss: 0.5372, Accuracy: 74.42%, AUC: 0.74 [VAL] Loss: 0.5303, Accuracy: 74.63%, Precision: 0.77, Recall: 0.70, F1-Score: 0.73, AUC: 0.75
Epoch [85/100] - [TRAIN] Loss: 0.5367, Accuracy: 74.59%, AUC: 0.74 [VAL] Loss: 0.5345, Accuracy: 74.72%, Precision: 0.77, Recall: 0.70, F1-Score: 0.73, AUC: 0.75
Epoch [86/100] - [TRAIN] Loss: 0.5408, Accuracy: 74.38%, AUC: 0.74 [VAL] Loss: 0.5273, Accuracy: 74.49%, Precision: 0.77, Recall: 0.69, F1-Score: 0.73, AUC: 0.74
Epoch [87/100] - [TRAIN] Loss: 0.5354, Accuracy: 74.42%, AUC: 0.74 [VAL] Loss: 0.5199, Accuracy: 75.05%, Precision: 0.77, Recall: 0.70, F1-Score: 0.73, AUC: 0.75
Epoch [88/100] - [TRAIN] Loss: 0.5395, Accuracy: 74.27%, AUC: 0.74 [VAL] Loss: 0.5271, Accuracy: 75.00%, Precision: 0.76, Recall: 0.70, F1-Score: 0.73, AUC: 0.75
Epoch [89/100] - [TRAIN] Loss: 0.5389, Accuracy: 74.43%, AUC: 0.74 [VAL] Loss: 0.5386, Accuracy: 74.06%, Precision: 0.75, Recall: 0.70, F1-Score: 0.72, AUC: 0.74
Epoch [90/100] - [TRAIN] Loss: 0.5379, Accuracy: 74.30%, AUC: 0.74 [VAL] Loss: 0.5236, Accuracy: 75.06%, Precision: 0.77, Recall: 0.70, F1-Score: 0.73, AUC: 0.75
Epoch [91/100] - [TRAIN] Loss: 0.5426, Accuracy: 74.06%, AUC: 0.74 [VAL] Loss: 0.5295, Accuracy: 75.36%, Precision: 0.77, Recall: 0.70, F1-Score: 0.73, AUC: 0.75
Epoch [92/100] - [TRAIN] Loss: 0.5442, Accuracy: 74.00%, AUC: 0.74 [VAL] Loss: 0.5294, Accuracy: 74.40%, Precision: 0.76, Recall: 0.70, F1-Score: 0.73, AUC: 0.74
Epoch [93/100] - [TRAIN] Loss: 0.5361, Accuracy: 74.57%, AUC: 0.74 [VAL] Loss: 0.5309, Accuracy: 74.30%, Precision: 0.76, Recall: 0.69, F1-Score: 0.72, AUC: 0.74
Epoch [94/100] - [TRAIN] Loss: 0.5394, Accuracy: 74.28%, AUC: 0.74 [VAL] Loss: 0.5420, Accuracy: 73.50%, Precision: 0.75, Recall: 0.68, F1-Score: 0.72, AUC: 0.73
Epoch [95/100] - [TRAIN] Loss: 0.5400, Accuracy: 74.16%, AUC: 0.74 [VAL] Loss: 0.5235, Accuracy: 75.04%, Precision: 0.77, Recall: 0.70, F1-Score: 0.73, AUC: 0.75
Epoch [96/100] - [TRAIN] Loss: 0.5405, Accuracy: 74.18%, AUC: 0.74 [VAL] Loss: 0.5311, Accuracy: 74.73%, Precision: 0.76, Recall: 0.70, F1-Score: 0.73, AUC: 0.75
Epoch [97/100] - [TRAIN] Loss: 0.5385, Accuracy: 74.50%, AUC: 0.74 [VAL] Loss: 0.5478, Accuracy: 73.43%, Precision: 0.75, Recall: 0.69, F1-Score: 0.72, AUC: 0.73
Epoch [98/100] - [TRAIN] Loss: 0.5409, Accuracy: 74.02%, AUC: 0.74 [VAL] Loss: 0.5337, Accuracy: 75.23%, Precision: 0.77, Recall: 0.70, F1-Score: 0.73, AUC: 0.75
Epoch [99/100] - [TRAIN] Loss: 0.5410, Accuracy: 74.10%, AUC: 0.74 [VAL] Loss: 0.5287, Accuracy: 75.00%, Precision: 0.77, Recall: 0.70, F1-Score: 0.73, AUC: 0.75
Epoch [100/100] - [TRAIN] Loss: 0.5405, Accuracy: 74.39%, AUC: 0.74 [VAL] Loss: 0.5339, Accuracy: 74.47%, Precision: 0.76, Recall: 0.69, F1-Score: 0.72, AUC: 0.74
Accuracy Score on test set: 75.01 %
    AUC Score on test set: 0.75
    Precision: 0.7655
    Recall: 0.6987
    F1-Score: 0.7306

    Detailed Classification Report:
                  precision    recall  f1-score   support

           0       0.74      0.80      0.77      5151
           1       0.77      0.70      0.73      4849

    accuracy                           0.75     10000
   macro avg       0.75      0.75      0.75     10000
weighted avg       0.75      0.75      0.75     10000


    Confusion Matrix:
    [[4113 1038]
 [1461 3388]]
    
009-H3K9ac-H3K9me3
Epoch [1/100] - [TRAIN] Loss: 0.6418, Accuracy: 66.86%, AUC: 0.66 [VAL] Loss: 0.5707, Accuracy: 74.39%, Precision: 0.76, Recall: 0.69, F1-Score: 0.72, AUC: 0.74
Epoch [2/100] - [TRAIN] Loss: 0.5820, Accuracy: 73.72%, AUC: 0.74 [VAL] Loss: 0.5601, Accuracy: 74.20%, Precision: 0.76, Recall: 0.68, F1-Score: 0.72, AUC: 0.74
Epoch [3/100] - [TRAIN] Loss: 0.5755, Accuracy: 73.74%, AUC: 0.74 [VAL] Loss: 0.5559, Accuracy: 74.76%, Precision: 0.77, Recall: 0.70, F1-Score: 0.73, AUC: 0.75
Epoch [4/100] - [TRAIN] Loss: 0.5699, Accuracy: 73.75%, AUC: 0.74 [VAL] Loss: 0.5531, Accuracy: 74.33%, Precision: 0.76, Recall: 0.69, F1-Score: 0.72, AUC: 0.74
Epoch [5/100] - [TRAIN] Loss: 0.5625, Accuracy: 73.87%, AUC: 0.74 [VAL] Loss: 0.5486, Accuracy: 74.87%, Precision: 0.77, Recall: 0.69, F1-Score: 0.73, AUC: 0.75
Epoch [6/100] - [TRAIN] Loss: 0.5601, Accuracy: 73.73%, AUC: 0.74 [VAL] Loss: 0.5443, Accuracy: 74.86%, Precision: 0.77, Recall: 0.68, F1-Score: 0.72, AUC: 0.75
Epoch [7/100] - [TRAIN] Loss: 0.5592, Accuracy: 73.62%, AUC: 0.74 [VAL] Loss: 0.5423, Accuracy: 74.69%, Precision: 0.77, Recall: 0.69, F1-Score: 0.73, AUC: 0.75
Epoch [8/100] - [TRAIN] Loss: 0.5593, Accuracy: 73.59%, AUC: 0.73 [VAL] Loss: 0.5383, Accuracy: 75.21%, Precision: 0.78, Recall: 0.70, F1-Score: 0.74, AUC: 0.75
Epoch [9/100] - [TRAIN] Loss: 0.5533, Accuracy: 74.14%, AUC: 0.74 [VAL] Loss: 0.5393, Accuracy: 75.18%, Precision: 0.77, Recall: 0.69, F1-Score: 0.73, AUC: 0.75
Epoch [10/100] - [TRAIN] Loss: 0.5513, Accuracy: 73.95%, AUC: 0.74 [VAL] Loss: 0.5403, Accuracy: 75.22%, Precision: 0.78, Recall: 0.70, F1-Score: 0.74, AUC: 0.75
Epoch [11/100] - [TRAIN] Loss: 0.5514, Accuracy: 73.83%, AUC: 0.74 [VAL] Loss: 0.5389, Accuracy: 74.38%, Precision: 0.77, Recall: 0.68, F1-Score: 0.73, AUC: 0.74
Epoch [12/100] - [TRAIN] Loss: 0.5465, Accuracy: 74.27%, AUC: 0.74 [VAL] Loss: 0.5290, Accuracy: 75.45%, Precision: 0.77, Recall: 0.70, F1-Score: 0.73, AUC: 0.75
Epoch [13/100] - [TRAIN] Loss: 0.5499, Accuracy: 74.21%, AUC: 0.74 [VAL] Loss: 0.5340, Accuracy: 75.22%, Precision: 0.78, Recall: 0.69, F1-Score: 0.73, AUC: 0.75
Epoch [14/100] - [TRAIN] Loss: 0.5454, Accuracy: 74.36%, AUC: 0.74 [VAL] Loss: 0.5369, Accuracy: 75.52%, Precision: 0.79, Recall: 0.69, F1-Score: 0.74, AUC: 0.75
Epoch [15/100] - [TRAIN] Loss: 0.5471, Accuracy: 74.23%, AUC: 0.74 [VAL] Loss: 0.5411, Accuracy: 74.72%, Precision: 0.77, Recall: 0.69, F1-Score: 0.73, AUC: 0.75
Epoch [16/100] - [TRAIN] Loss: 0.5468, Accuracy: 74.15%, AUC: 0.74 [VAL] Loss: 0.5306, Accuracy: 74.70%, Precision: 0.77, Recall: 0.68, F1-Score: 0.72, AUC: 0.74
Epoch [17/100] - [TRAIN] Loss: 0.5443, Accuracy: 74.40%, AUC: 0.74 [VAL] Loss: 0.5338, Accuracy: 75.66%, Precision: 0.78, Recall: 0.70, F1-Score: 0.74, AUC: 0.76
Epoch [18/100] - [TRAIN] Loss: 0.5447, Accuracy: 74.18%, AUC: 0.74 [VAL] Loss: 0.5342, Accuracy: 74.56%, Precision: 0.77, Recall: 0.69, F1-Score: 0.73, AUC: 0.74
Epoch [19/100] - [TRAIN] Loss: 0.5466, Accuracy: 74.16%, AUC: 0.74 [VAL] Loss: 0.5269, Accuracy: 75.70%, Precision: 0.77, Recall: 0.71, F1-Score: 0.74, AUC: 0.76
Epoch [20/100] - [TRAIN] Loss: 0.5454, Accuracy: 73.84%, AUC: 0.74 [VAL] Loss: 0.5351, Accuracy: 74.27%, Precision: 0.77, Recall: 0.68, F1-Score: 0.72, AUC: 0.74
Epoch [21/100] - [TRAIN] Loss: 0.5424, Accuracy: 74.41%, AUC: 0.74 [VAL] Loss: 0.5438, Accuracy: 74.04%, Precision: 0.76, Recall: 0.69, F1-Score: 0.72, AUC: 0.74
Epoch [22/100] - [TRAIN] Loss: 0.5406, Accuracy: 74.52%, AUC: 0.74 [VAL] Loss: 0.5356, Accuracy: 74.74%, Precision: 0.77, Recall: 0.70, F1-Score: 0.73, AUC: 0.75
Epoch [23/100] - [TRAIN] Loss: 0.5431, Accuracy: 74.48%, AUC: 0.74 [VAL] Loss: 0.5338, Accuracy: 75.22%, Precision: 0.77, Recall: 0.69, F1-Score: 0.73, AUC: 0.75
Epoch [24/100] - [TRAIN] Loss: 0.5401, Accuracy: 74.59%, AUC: 0.74 [VAL] Loss: 0.5349, Accuracy: 74.96%, Precision: 0.76, Recall: 0.70, F1-Score: 0.73, AUC: 0.75
Epoch [25/100] - [TRAIN] Loss: 0.5418, Accuracy: 74.40%, AUC: 0.74 [VAL] Loss: 0.5317, Accuracy: 75.17%, Precision: 0.77, Recall: 0.71, F1-Score: 0.74, AUC: 0.75
Epoch [26/100] - [TRAIN] Loss: 0.5409, Accuracy: 74.40%, AUC: 0.74 [VAL] Loss: 0.5330, Accuracy: 74.85%, Precision: 0.77, Recall: 0.69, F1-Score: 0.73, AUC: 0.75
Epoch [27/100] - [TRAIN] Loss: 0.5457, Accuracy: 74.14%, AUC: 0.74 [VAL] Loss: 0.5286, Accuracy: 75.27%, Precision: 0.77, Recall: 0.70, F1-Score: 0.73, AUC: 0.75
Epoch [28/100] - [TRAIN] Loss: 0.5441, Accuracy: 74.25%, AUC: 0.74 [VAL] Loss: 0.5301, Accuracy: 74.76%, Precision: 0.77, Recall: 0.68, F1-Score: 0.73, AUC: 0.75
Epoch [29/100] - [TRAIN] Loss: 0.5434, Accuracy: 74.09%, AUC: 0.74 [VAL] Loss: 0.5279, Accuracy: 74.74%, Precision: 0.77, Recall: 0.69, F1-Score: 0.73, AUC: 0.75
Epoch [30/100] - [TRAIN] Loss: 0.5429, Accuracy: 74.41%, AUC: 0.74 [VAL] Loss: 0.5332, Accuracy: 74.90%, Precision: 0.77, Recall: 0.69, F1-Score: 0.73, AUC: 0.75
Epoch [31/100] - [TRAIN] Loss: 0.5428, Accuracy: 74.23%, AUC: 0.74 [VAL] Loss: 0.5181, Accuracy: 76.51%, Precision: 0.79, Recall: 0.71, F1-Score: 0.75, AUC: 0.76
Epoch [32/100] - [TRAIN] Loss: 0.5451, Accuracy: 74.08%, AUC: 0.74 [VAL] Loss: 0.5388, Accuracy: 74.78%, Precision: 0.77, Recall: 0.70, F1-Score: 0.73, AUC: 0.75
Epoch [33/100] - [TRAIN] Loss: 0.5420, Accuracy: 74.23%, AUC: 0.74 [VAL] Loss: 0.5316, Accuracy: 75.07%, Precision: 0.77, Recall: 0.70, F1-Score: 0.73, AUC: 0.75
Epoch [34/100] - [TRAIN] Loss: 0.5421, Accuracy: 74.43%, AUC: 0.74 [VAL] Loss: 0.5289, Accuracy: 75.17%, Precision: 0.77, Recall: 0.70, F1-Score: 0.74, AUC: 0.75
Epoch [35/100] - [TRAIN] Loss: 0.5412, Accuracy: 74.54%, AUC: 0.74 [VAL] Loss: 0.5345, Accuracy: 74.49%, Precision: 0.77, Recall: 0.69, F1-Score: 0.73, AUC: 0.74
Epoch [36/100] - [TRAIN] Loss: 0.5418, Accuracy: 74.31%, AUC: 0.74 [VAL] Loss: 0.5264, Accuracy: 75.60%, Precision: 0.77, Recall: 0.69, F1-Score: 0.73, AUC: 0.75
Epoch [37/100] - [TRAIN] Loss: 0.5431, Accuracy: 74.47%, AUC: 0.74 [VAL] Loss: 0.5315, Accuracy: 75.89%, Precision: 0.78, Recall: 0.71, F1-Score: 0.74, AUC: 0.76
Epoch [38/100] - [TRAIN] Loss: 0.5439, Accuracy: 74.31%, AUC: 0.74 [VAL] Loss: 0.5252, Accuracy: 75.09%, Precision: 0.77, Recall: 0.70, F1-Score: 0.73, AUC: 0.75
Epoch [39/100] - [TRAIN] Loss: 0.5460, Accuracy: 74.21%, AUC: 0.74 [VAL] Loss: 0.5317, Accuracy: 75.33%, Precision: 0.77, Recall: 0.70, F1-Score: 0.73, AUC: 0.75
Epoch [40/100] - [TRAIN] Loss: 0.5446, Accuracy: 74.33%, AUC: 0.74 [VAL] Loss: 0.5315, Accuracy: 75.59%, Precision: 0.77, Recall: 0.70, F1-Score: 0.74, AUC: 0.75
Epoch [41/100] - [TRAIN] Loss: 0.5428, Accuracy: 74.20%, AUC: 0.74 [VAL] Loss: 0.5330, Accuracy: 75.14%, Precision: 0.77, Recall: 0.70, F1-Score: 0.73, AUC: 0.75
Epoch [42/100] - [TRAIN] Loss: 0.5459, Accuracy: 74.21%, AUC: 0.74 [VAL] Loss: 0.5256, Accuracy: 75.00%, Precision: 0.77, Recall: 0.69, F1-Score: 0.73, AUC: 0.75
Epoch [43/100] - [TRAIN] Loss: 0.5423, Accuracy: 74.47%, AUC: 0.74 [VAL] Loss: 0.5290, Accuracy: 75.31%, Precision: 0.78, Recall: 0.70, F1-Score: 0.74, AUC: 0.75
Epoch [44/100] - [TRAIN] Loss: 0.5410, Accuracy: 74.30%, AUC: 0.74 [VAL] Loss: 0.5299, Accuracy: 75.46%, Precision: 0.78, Recall: 0.70, F1-Score: 0.73, AUC: 0.75
Epoch [45/100] - [TRAIN] Loss: 0.5430, Accuracy: 74.22%, AUC: 0.74 [VAL] Loss: 0.5293, Accuracy: 74.93%, Precision: 0.77, Recall: 0.69, F1-Score: 0.73, AUC: 0.75
Epoch [46/100] - [TRAIN] Loss: 0.5427, Accuracy: 74.26%, AUC: 0.74 [VAL] Loss: 0.5369, Accuracy: 74.55%, Precision: 0.77, Recall: 0.69, F1-Score: 0.73, AUC: 0.74
Epoch [47/100] - [TRAIN] Loss: 0.5434, Accuracy: 74.50%, AUC: 0.74 [VAL] Loss: 0.5321, Accuracy: 74.97%, Precision: 0.78, Recall: 0.69, F1-Score: 0.73, AUC: 0.75
Epoch [48/100] - [TRAIN] Loss: 0.5403, Accuracy: 74.45%, AUC: 0.74 [VAL] Loss: 0.5307, Accuracy: 74.58%, Precision: 0.77, Recall: 0.68, F1-Score: 0.73, AUC: 0.74
Epoch [49/100] - [TRAIN] Loss: 0.5428, Accuracy: 74.29%, AUC: 0.74 [VAL] Loss: 0.5325, Accuracy: 75.29%, Precision: 0.77, Recall: 0.70, F1-Score: 0.73, AUC: 0.75
Epoch [50/100] - [TRAIN] Loss: 0.5444, Accuracy: 74.22%, AUC: 0.74 [VAL] Loss: 0.5244, Accuracy: 76.05%, Precision: 0.78, Recall: 0.70, F1-Score: 0.74, AUC: 0.76
Epoch [51/100] - [TRAIN] Loss: 0.5431, Accuracy: 74.33%, AUC: 0.74 [VAL] Loss: 0.5355, Accuracy: 74.81%, Precision: 0.77, Recall: 0.70, F1-Score: 0.73, AUC: 0.75
Epoch [52/100] - [TRAIN] Loss: 0.5429, Accuracy: 74.19%, AUC: 0.74 [VAL] Loss: 0.5336, Accuracy: 74.71%, Precision: 0.78, Recall: 0.69, F1-Score: 0.73, AUC: 0.75
Epoch [53/100] - [TRAIN] Loss: 0.5407, Accuracy: 74.54%, AUC: 0.74 [VAL] Loss: 0.5305, Accuracy: 74.72%, Precision: 0.78, Recall: 0.69, F1-Score: 0.73, AUC: 0.75
Epoch [54/100] - [TRAIN] Loss: 0.5404, Accuracy: 74.48%, AUC: 0.74 [VAL] Loss: 0.5256, Accuracy: 75.44%, Precision: 0.76, Recall: 0.70, F1-Score: 0.73, AUC: 0.75
Epoch [55/100] - [TRAIN] Loss: 0.5403, Accuracy: 74.59%, AUC: 0.74 [VAL] Loss: 0.5298, Accuracy: 75.29%, Precision: 0.78, Recall: 0.70, F1-Score: 0.74, AUC: 0.75
Epoch [56/100] - [TRAIN] Loss: 0.5450, Accuracy: 74.26%, AUC: 0.74 [VAL] Loss: 0.5286, Accuracy: 74.95%, Precision: 0.78, Recall: 0.69, F1-Score: 0.73, AUC: 0.75
Epoch [57/100] - [TRAIN] Loss: 0.5416, Accuracy: 74.43%, AUC: 0.74 [VAL] Loss: 0.5273, Accuracy: 75.25%, Precision: 0.78, Recall: 0.69, F1-Score: 0.73, AUC: 0.75
Epoch [58/100] - [TRAIN] Loss: 0.5407, Accuracy: 74.49%, AUC: 0.74 [VAL] Loss: 0.5270, Accuracy: 75.11%, Precision: 0.77, Recall: 0.70, F1-Score: 0.73, AUC: 0.75
Epoch [59/100] - [TRAIN] Loss: 0.5419, Accuracy: 74.29%, AUC: 0.74 [VAL] Loss: 0.5294, Accuracy: 75.44%, Precision: 0.78, Recall: 0.70, F1-Score: 0.73, AUC: 0.75
Epoch [60/100] - [TRAIN] Loss: 0.5484, Accuracy: 73.98%, AUC: 0.74 [VAL] Loss: 0.5385, Accuracy: 75.08%, Precision: 0.76, Recall: 0.70, F1-Score: 0.73, AUC: 0.75
Epoch [61/100] - [TRAIN] Loss: 0.5433, Accuracy: 74.17%, AUC: 0.74 [VAL] Loss: 0.5369, Accuracy: 74.74%, Precision: 0.76, Recall: 0.69, F1-Score: 0.73, AUC: 0.75
Epoch [62/100] - [TRAIN] Loss: 0.5423, Accuracy: 74.42%, AUC: 0.74 [VAL] Loss: 0.5371, Accuracy: 74.59%, Precision: 0.77, Recall: 0.69, F1-Score: 0.73, AUC: 0.74
Epoch [63/100] - [TRAIN] Loss: 0.5424, Accuracy: 74.31%, AUC: 0.74 [VAL] Loss: 0.5302, Accuracy: 75.56%, Precision: 0.78, Recall: 0.70, F1-Score: 0.74, AUC: 0.75
Epoch [64/100] - [TRAIN] Loss: 0.5452, Accuracy: 74.39%, AUC: 0.74 [VAL] Loss: 0.5284, Accuracy: 75.14%, Precision: 0.77, Recall: 0.70, F1-Score: 0.73, AUC: 0.75
Epoch [65/100] - [TRAIN] Loss: 0.5453, Accuracy: 74.21%, AUC: 0.74 [VAL] Loss: 0.5268, Accuracy: 75.08%, Precision: 0.76, Recall: 0.70, F1-Score: 0.73, AUC: 0.75
Epoch [66/100] - [TRAIN] Loss: 0.5444, Accuracy: 74.12%, AUC: 0.74 [VAL] Loss: 0.5306, Accuracy: 75.53%, Precision: 0.77, Recall: 0.71, F1-Score: 0.74, AUC: 0.75
Epoch [67/100] - [TRAIN] Loss: 0.5437, Accuracy: 74.09%, AUC: 0.74 [VAL] Loss: 0.5302, Accuracy: 75.42%, Precision: 0.78, Recall: 0.69, F1-Score: 0.73, AUC: 0.75
Epoch [68/100] - [TRAIN] Loss: 0.5443, Accuracy: 74.31%, AUC: 0.74 [VAL] Loss: 0.5299, Accuracy: 74.93%, Precision: 0.77, Recall: 0.69, F1-Score: 0.73, AUC: 0.75
Epoch [69/100] - [TRAIN] Loss: 0.5456, Accuracy: 74.25%, AUC: 0.74 [VAL] Loss: 0.5324, Accuracy: 74.93%, Precision: 0.77, Recall: 0.69, F1-Score: 0.73, AUC: 0.75
Epoch [70/100] - [TRAIN] Loss: 0.5427, Accuracy: 74.36%, AUC: 0.74 [VAL] Loss: 0.5358, Accuracy: 74.80%, Precision: 0.78, Recall: 0.70, F1-Score: 0.73, AUC: 0.75
Epoch [71/100] - [TRAIN] Loss: 0.5417, Accuracy: 74.27%, AUC: 0.74 [VAL] Loss: 0.5320, Accuracy: 74.98%, Precision: 0.78, Recall: 0.69, F1-Score: 0.73, AUC: 0.75
Epoch [72/100] - [TRAIN] Loss: 0.5421, Accuracy: 74.34%, AUC: 0.74 [VAL] Loss: 0.5265, Accuracy: 75.49%, Precision: 0.78, Recall: 0.70, F1-Score: 0.74, AUC: 0.75
Epoch [73/100] - [TRAIN] Loss: 0.5446, Accuracy: 74.10%, AUC: 0.74 [VAL] Loss: 0.5301, Accuracy: 75.26%, Precision: 0.77, Recall: 0.70, F1-Score: 0.73, AUC: 0.75
Epoch [74/100] - [TRAIN] Loss: 0.5463, Accuracy: 74.11%, AUC: 0.74 [VAL] Loss: 0.5353, Accuracy: 75.02%, Precision: 0.77, Recall: 0.70, F1-Score: 0.73, AUC: 0.75
Epoch [75/100] - [TRAIN] Loss: 0.5462, Accuracy: 74.08%, AUC: 0.74 [VAL] Loss: 0.5267, Accuracy: 75.43%, Precision: 0.78, Recall: 0.70, F1-Score: 0.74, AUC: 0.75
Epoch [76/100] - [TRAIN] Loss: 0.5448, Accuracy: 74.12%, AUC: 0.74 [VAL] Loss: 0.5390, Accuracy: 74.58%, Precision: 0.76, Recall: 0.69, F1-Score: 0.73, AUC: 0.74
Epoch [77/100] - [TRAIN] Loss: 0.5416, Accuracy: 74.35%, AUC: 0.74 [VAL] Loss: 0.5324, Accuracy: 74.50%, Precision: 0.77, Recall: 0.69, F1-Score: 0.73, AUC: 0.74
Epoch [78/100] - [TRAIN] Loss: 0.5420, Accuracy: 74.41%, AUC: 0.74 [VAL] Loss: 0.5256, Accuracy: 75.66%, Precision: 0.77, Recall: 0.70, F1-Score: 0.74, AUC: 0.75
Epoch [79/100] - [TRAIN] Loss: 0.5433, Accuracy: 74.31%, AUC: 0.74 [VAL] Loss: 0.5271, Accuracy: 75.64%, Precision: 0.78, Recall: 0.70, F1-Score: 0.74, AUC: 0.75
Epoch [80/100] - [TRAIN] Loss: 0.5459, Accuracy: 74.17%, AUC: 0.74 [VAL] Loss: 0.5259, Accuracy: 75.42%, Precision: 0.77, Recall: 0.70, F1-Score: 0.74, AUC: 0.75
Epoch [81/100] - [TRAIN] Loss: 0.5452, Accuracy: 74.25%, AUC: 0.74 [VAL] Loss: 0.5290, Accuracy: 74.74%, Precision: 0.78, Recall: 0.69, F1-Score: 0.73, AUC: 0.75
Epoch [82/100] - [TRAIN] Loss: 0.5421, Accuracy: 74.27%, AUC: 0.74 [VAL] Loss: 0.5324, Accuracy: 75.06%, Precision: 0.77, Recall: 0.69, F1-Score: 0.73, AUC: 0.75
Epoch [83/100] - [TRAIN] Loss: 0.5420, Accuracy: 74.35%, AUC: 0.74 [VAL] Loss: 0.5310, Accuracy: 74.94%, Precision: 0.77, Recall: 0.70, F1-Score: 0.73, AUC: 0.75
Epoch [84/100] - [TRAIN] Loss: 0.5422, Accuracy: 74.21%, AUC: 0.74 [VAL] Loss: 0.5357, Accuracy: 75.17%, Precision: 0.77, Recall: 0.70, F1-Score: 0.73, AUC: 0.75
Epoch [85/100] - [TRAIN] Loss: 0.5437, Accuracy: 74.19%, AUC: 0.74 [VAL] Loss: 0.5313, Accuracy: 75.27%, Precision: 0.78, Recall: 0.69, F1-Score: 0.74, AUC: 0.75
Epoch [86/100] - [TRAIN] Loss: 0.5420, Accuracy: 74.31%, AUC: 0.74 [VAL] Loss: 0.5327, Accuracy: 74.47%, Precision: 0.77, Recall: 0.70, F1-Score: 0.73, AUC: 0.74
Epoch [87/100] - [TRAIN] Loss: 0.5425, Accuracy: 74.50%, AUC: 0.74 [VAL] Loss: 0.5301, Accuracy: 74.92%, Precision: 0.77, Recall: 0.68, F1-Score: 0.72, AUC: 0.75
Epoch [88/100] - [TRAIN] Loss: 0.5412, Accuracy: 74.43%, AUC: 0.74 [VAL] Loss: 0.5366, Accuracy: 74.78%, Precision: 0.76, Recall: 0.69, F1-Score: 0.72, AUC: 0.75
Epoch [89/100] - [TRAIN] Loss: 0.5394, Accuracy: 74.72%, AUC: 0.75 [VAL] Loss: 0.5283, Accuracy: 75.05%, Precision: 0.77, Recall: 0.70, F1-Score: 0.73, AUC: 0.75
Epoch [90/100] - [TRAIN] Loss: 0.5422, Accuracy: 74.33%, AUC: 0.74 [VAL] Loss: 0.5306, Accuracy: 75.12%, Precision: 0.77, Recall: 0.69, F1-Score: 0.73, AUC: 0.75
Epoch [91/100] - [TRAIN] Loss: 0.5435, Accuracy: 74.39%, AUC: 0.74 [VAL] Loss: 0.5226, Accuracy: 75.45%, Precision: 0.78, Recall: 0.70, F1-Score: 0.74, AUC: 0.75
Epoch [92/100] - [TRAIN] Loss: 0.5439, Accuracy: 74.18%, AUC: 0.74 [VAL] Loss: 0.5329, Accuracy: 74.96%, Precision: 0.77, Recall: 0.69, F1-Score: 0.73, AUC: 0.75
Epoch [93/100] - [TRAIN] Loss: 0.5407, Accuracy: 74.58%, AUC: 0.74 [VAL] Loss: 0.5332, Accuracy: 75.58%, Precision: 0.78, Recall: 0.70, F1-Score: 0.74, AUC: 0.76
Epoch [94/100] - [TRAIN] Loss: 0.5424, Accuracy: 74.26%, AUC: 0.74 [VAL] Loss: 0.5321, Accuracy: 74.45%, Precision: 0.77, Recall: 0.69, F1-Score: 0.73, AUC: 0.74
Epoch [95/100] - [TRAIN] Loss: 0.5428, Accuracy: 74.43%, AUC: 0.74 [VAL] Loss: 0.5274, Accuracy: 75.60%, Precision: 0.77, Recall: 0.71, F1-Score: 0.74, AUC: 0.75
Epoch [96/100] - [TRAIN] Loss: 0.5446, Accuracy: 74.22%, AUC: 0.74 [VAL] Loss: 0.5338, Accuracy: 75.02%, Precision: 0.77, Recall: 0.69, F1-Score: 0.73, AUC: 0.75
Epoch [97/100] - [TRAIN] Loss: 0.5467, Accuracy: 74.06%, AUC: 0.74 [VAL] Loss: 0.5307, Accuracy: 75.06%, Precision: 0.77, Recall: 0.70, F1-Score: 0.73, AUC: 0.75
Epoch [98/100] - [TRAIN] Loss: 0.5439, Accuracy: 74.30%, AUC: 0.74 [VAL] Loss: 0.5297, Accuracy: 75.03%, Precision: 0.76, Recall: 0.69, F1-Score: 0.73, AUC: 0.75
Epoch [99/100] - [TRAIN] Loss: 0.5447, Accuracy: 73.99%, AUC: 0.74 [VAL] Loss: 0.5341, Accuracy: 74.97%, Precision: 0.77, Recall: 0.69, F1-Score: 0.73, AUC: 0.75
Epoch [100/100] - [TRAIN] Loss: 0.5403, Accuracy: 74.43%, AUC: 0.74 [VAL] Loss: 0.5286, Accuracy: 75.37%, Precision: 0.78, Recall: 0.70, F1-Score: 0.74, AUC: 0.75
Accuracy Score on test set: 76.06 %
    AUC Score on test set: 0.76
    Precision: 0.7802
    Recall: 0.7070
    F1-Score: 0.7418

    Detailed Classification Report:
                  precision    recall  f1-score   support

           0       0.75      0.81      0.78      5136
           1       0.78      0.71      0.74      4864

    accuracy                           0.76     10000
   macro avg       0.76      0.76      0.76     10000
weighted avg       0.76      0.76      0.76     10000


    Confusion Matrix:
    [[4167  969]
 [1425 3439]]
    
Batch FINISHED!!!

Real-time duration: 8528.111919827 seconds
