Using device: cuda
Current CUDA device: 0
CUDA device name: Tesla V100-PCIE-16GB
020-H3K4me3-H3K27ac-H3K27me3
Epoch [1/100] - [TRAIN] Loss: 0.6202, Accuracy: 69.08%, AUC: 0.69 [VAL] Loss: 0.5989, Accuracy: 70.41%, Precision: 0.72, Recall: 0.62, F1-Score: 0.66, AUC: 0.70
Epoch [2/100] - [TRAIN] Loss: 0.5992, Accuracy: 70.75%, AUC: 0.70 [VAL] Loss: 0.5833, Accuracy: 71.15%, Precision: 0.73, Recall: 0.64, F1-Score: 0.68, AUC: 0.71
Epoch [3/100] - [TRAIN] Loss: 0.5913, Accuracy: 71.13%, AUC: 0.71 [VAL] Loss: 0.5777, Accuracy: 71.35%, Precision: 0.74, Recall: 0.60, F1-Score: 0.66, AUC: 0.71
Epoch [4/100] - [TRAIN] Loss: 0.5889, Accuracy: 71.27%, AUC: 0.71 [VAL] Loss: 0.5814, Accuracy: 70.67%, Precision: 0.72, Recall: 0.62, F1-Score: 0.66, AUC: 0.70
Epoch [5/100] - [TRAIN] Loss: 0.5846, Accuracy: 71.52%, AUC: 0.71 [VAL] Loss: 0.5849, Accuracy: 71.02%, Precision: 0.73, Recall: 0.61, F1-Score: 0.67, AUC: 0.71
Epoch [6/100] - [TRAIN] Loss: 0.5847, Accuracy: 71.27%, AUC: 0.71 [VAL] Loss: 0.5807, Accuracy: 71.25%, Precision: 0.71, Recall: 0.64, F1-Score: 0.67, AUC: 0.71
Epoch [7/100] - [TRAIN] Loss: 0.5853, Accuracy: 71.04%, AUC: 0.71 [VAL] Loss: 0.5744, Accuracy: 72.14%, Precision: 0.72, Recall: 0.66, F1-Score: 0.69, AUC: 0.72
Epoch [8/100] - [TRAIN] Loss: 0.5853, Accuracy: 71.04%, AUC: 0.71 [VAL] Loss: 0.5790, Accuracy: 71.08%, Precision: 0.72, Recall: 0.63, F1-Score: 0.67, AUC: 0.71
Epoch [9/100] - [TRAIN] Loss: 0.5797, Accuracy: 71.58%, AUC: 0.71 [VAL] Loss: 0.5741, Accuracy: 71.85%, Precision: 0.73, Recall: 0.64, F1-Score: 0.68, AUC: 0.71
Epoch [10/100] - [TRAIN] Loss: 0.5839, Accuracy: 71.19%, AUC: 0.71 [VAL] Loss: 0.5795, Accuracy: 71.79%, Precision: 0.74, Recall: 0.64, F1-Score: 0.69, AUC: 0.72
Epoch [11/100] - [TRAIN] Loss: 0.5824, Accuracy: 71.36%, AUC: 0.71 [VAL] Loss: 0.5813, Accuracy: 71.26%, Precision: 0.72, Recall: 0.64, F1-Score: 0.68, AUC: 0.71
Epoch [12/100] - [TRAIN] Loss: 0.5795, Accuracy: 71.46%, AUC: 0.71 [VAL] Loss: 0.5757, Accuracy: 71.53%, Precision: 0.73, Recall: 0.62, F1-Score: 0.67, AUC: 0.71
Epoch [13/100] - [TRAIN] Loss: 0.5787, Accuracy: 71.59%, AUC: 0.71 [VAL] Loss: 0.5719, Accuracy: 71.65%, Precision: 0.73, Recall: 0.64, F1-Score: 0.68, AUC: 0.71
Epoch [14/100] - [TRAIN] Loss: 0.5769, Accuracy: 71.56%, AUC: 0.71 [VAL] Loss: 0.5752, Accuracy: 71.14%, Precision: 0.72, Recall: 0.63, F1-Score: 0.67, AUC: 0.71
Epoch [15/100] - [TRAIN] Loss: 0.5772, Accuracy: 71.44%, AUC: 0.71 [VAL] Loss: 0.5765, Accuracy: 71.84%, Precision: 0.74, Recall: 0.63, F1-Score: 0.68, AUC: 0.71
Epoch [16/100] - [TRAIN] Loss: 0.5794, Accuracy: 71.42%, AUC: 0.71 [VAL] Loss: 0.5734, Accuracy: 71.54%, Precision: 0.73, Recall: 0.62, F1-Score: 0.67, AUC: 0.71
Epoch [17/100] - [TRAIN] Loss: 0.5779, Accuracy: 71.45%, AUC: 0.71 [VAL] Loss: 0.5680, Accuracy: 71.67%, Precision: 0.73, Recall: 0.64, F1-Score: 0.68, AUC: 0.71
Epoch [18/100] - [TRAIN] Loss: 0.5763, Accuracy: 71.47%, AUC: 0.71 [VAL] Loss: 0.5779, Accuracy: 70.71%, Precision: 0.72, Recall: 0.62, F1-Score: 0.67, AUC: 0.70
Epoch [19/100] - [TRAIN] Loss: 0.5787, Accuracy: 71.64%, AUC: 0.71 [VAL] Loss: 0.5788, Accuracy: 70.96%, Precision: 0.72, Recall: 0.62, F1-Score: 0.67, AUC: 0.70
Epoch [20/100] - [TRAIN] Loss: 0.5766, Accuracy: 71.76%, AUC: 0.71 [VAL] Loss: 0.5741, Accuracy: 71.36%, Precision: 0.74, Recall: 0.61, F1-Score: 0.67, AUC: 0.71
Epoch [21/100] - [TRAIN] Loss: 0.5777, Accuracy: 71.55%, AUC: 0.71 [VAL] Loss: 0.5703, Accuracy: 71.57%, Precision: 0.74, Recall: 0.61, F1-Score: 0.67, AUC: 0.71
Epoch [22/100] - [TRAIN] Loss: 0.5724, Accuracy: 71.97%, AUC: 0.72 [VAL] Loss: 0.5709, Accuracy: 71.56%, Precision: 0.74, Recall: 0.61, F1-Score: 0.67, AUC: 0.71
Epoch [23/100] - [TRAIN] Loss: 0.5741, Accuracy: 71.97%, AUC: 0.72 [VAL] Loss: 0.5631, Accuracy: 71.98%, Precision: 0.74, Recall: 0.64, F1-Score: 0.69, AUC: 0.72
Epoch [24/100] - [TRAIN] Loss: 0.5754, Accuracy: 71.80%, AUC: 0.71 [VAL] Loss: 0.5680, Accuracy: 71.50%, Precision: 0.72, Recall: 0.64, F1-Score: 0.68, AUC: 0.71
Epoch [25/100] - [TRAIN] Loss: 0.5755, Accuracy: 71.72%, AUC: 0.71 [VAL] Loss: 0.5743, Accuracy: 71.40%, Precision: 0.73, Recall: 0.63, F1-Score: 0.67, AUC: 0.71
Epoch [26/100] - [TRAIN] Loss: 0.5772, Accuracy: 71.46%, AUC: 0.71 [VAL] Loss: 0.5706, Accuracy: 71.44%, Precision: 0.74, Recall: 0.63, F1-Score: 0.68, AUC: 0.71
Epoch [27/100] - [TRAIN] Loss: 0.5749, Accuracy: 71.59%, AUC: 0.71 [VAL] Loss: 0.5762, Accuracy: 71.21%, Precision: 0.72, Recall: 0.63, F1-Score: 0.67, AUC: 0.71
Epoch [28/100] - [TRAIN] Loss: 0.5764, Accuracy: 71.41%, AUC: 0.71 [VAL] Loss: 0.5745, Accuracy: 70.81%, Precision: 0.72, Recall: 0.62, F1-Score: 0.67, AUC: 0.70
Epoch [29/100] - [TRAIN] Loss: 0.5748, Accuracy: 71.87%, AUC: 0.72 [VAL] Loss: 0.5617, Accuracy: 72.11%, Precision: 0.73, Recall: 0.64, F1-Score: 0.68, AUC: 0.72
Epoch [30/100] - [TRAIN] Loss: 0.5745, Accuracy: 71.72%, AUC: 0.71 [VAL] Loss: 0.5788, Accuracy: 71.01%, Precision: 0.73, Recall: 0.62, F1-Score: 0.67, AUC: 0.71
Epoch [31/100] - [TRAIN] Loss: 0.5776, Accuracy: 71.41%, AUC: 0.71 [VAL] Loss: 0.5693, Accuracy: 72.26%, Precision: 0.74, Recall: 0.63, F1-Score: 0.68, AUC: 0.72
Epoch [32/100] - [TRAIN] Loss: 0.5724, Accuracy: 71.93%, AUC: 0.72 [VAL] Loss: 0.5668, Accuracy: 72.30%, Precision: 0.74, Recall: 0.63, F1-Score: 0.68, AUC: 0.72
Epoch [33/100] - [TRAIN] Loss: 0.5745, Accuracy: 71.56%, AUC: 0.71 [VAL] Loss: 0.5755, Accuracy: 70.95%, Precision: 0.74, Recall: 0.62, F1-Score: 0.68, AUC: 0.71
Epoch [34/100] - [TRAIN] Loss: 0.5758, Accuracy: 71.53%, AUC: 0.71 [VAL] Loss: 0.5619, Accuracy: 72.40%, Precision: 0.75, Recall: 0.62, F1-Score: 0.68, AUC: 0.72
Epoch [35/100] - [TRAIN] Loss: 0.5716, Accuracy: 71.83%, AUC: 0.71 [VAL] Loss: 0.5719, Accuracy: 71.47%, Precision: 0.72, Recall: 0.64, F1-Score: 0.67, AUC: 0.71
Epoch [36/100] - [TRAIN] Loss: 0.5749, Accuracy: 71.64%, AUC: 0.71 [VAL] Loss: 0.5694, Accuracy: 71.82%, Precision: 0.74, Recall: 0.63, F1-Score: 0.68, AUC: 0.71
Epoch [37/100] - [TRAIN] Loss: 0.5721, Accuracy: 71.80%, AUC: 0.71 [VAL] Loss: 0.5753, Accuracy: 71.11%, Precision: 0.73, Recall: 0.62, F1-Score: 0.67, AUC: 0.71
Epoch [38/100] - [TRAIN] Loss: 0.5749, Accuracy: 71.69%, AUC: 0.71 [VAL] Loss: 0.5723, Accuracy: 71.77%, Precision: 0.75, Recall: 0.62, F1-Score: 0.68, AUC: 0.71
Epoch [39/100] - [TRAIN] Loss: 0.5718, Accuracy: 71.82%, AUC: 0.71 [VAL] Loss: 0.5671, Accuracy: 71.91%, Precision: 0.74, Recall: 0.64, F1-Score: 0.68, AUC: 0.72
Epoch [40/100] - [TRAIN] Loss: 0.5715, Accuracy: 71.84%, AUC: 0.71 [VAL] Loss: 0.5655, Accuracy: 72.46%, Precision: 0.76, Recall: 0.63, F1-Score: 0.69, AUC: 0.72
Epoch [41/100] - [TRAIN] Loss: 0.5707, Accuracy: 71.96%, AUC: 0.72 [VAL] Loss: 0.5678, Accuracy: 72.14%, Precision: 0.74, Recall: 0.62, F1-Score: 0.67, AUC: 0.71
Epoch [42/100] - [TRAIN] Loss: 0.5717, Accuracy: 71.86%, AUC: 0.72 [VAL] Loss: 0.5778, Accuracy: 70.68%, Precision: 0.73, Recall: 0.61, F1-Score: 0.67, AUC: 0.70
Epoch [43/100] - [TRAIN] Loss: 0.5699, Accuracy: 72.03%, AUC: 0.72 [VAL] Loss: 0.5774, Accuracy: 71.13%, Precision: 0.72, Recall: 0.62, F1-Score: 0.67, AUC: 0.71
Epoch [44/100] - [TRAIN] Loss: 0.5694, Accuracy: 72.10%, AUC: 0.72 [VAL] Loss: 0.5714, Accuracy: 71.44%, Precision: 0.73, Recall: 0.62, F1-Score: 0.67, AUC: 0.71
Epoch [45/100] - [TRAIN] Loss: 0.5743, Accuracy: 71.86%, AUC: 0.72 [VAL] Loss: 0.5633, Accuracy: 72.47%, Precision: 0.74, Recall: 0.64, F1-Score: 0.69, AUC: 0.72
Epoch [46/100] - [TRAIN] Loss: 0.5747, Accuracy: 71.57%, AUC: 0.71 [VAL] Loss: 0.5676, Accuracy: 71.87%, Precision: 0.75, Recall: 0.61, F1-Score: 0.67, AUC: 0.71
Epoch [47/100] - [TRAIN] Loss: 0.5717, Accuracy: 71.85%, AUC: 0.71 [VAL] Loss: 0.5759, Accuracy: 71.40%, Precision: 0.73, Recall: 0.63, F1-Score: 0.67, AUC: 0.71
Epoch [48/100] - [TRAIN] Loss: 0.5751, Accuracy: 71.75%, AUC: 0.71 [VAL] Loss: 0.5809, Accuracy: 70.55%, Precision: 0.72, Recall: 0.60, F1-Score: 0.65, AUC: 0.70
Epoch [49/100] - [TRAIN] Loss: 0.5739, Accuracy: 71.52%, AUC: 0.71 [VAL] Loss: 0.5764, Accuracy: 71.16%, Precision: 0.74, Recall: 0.62, F1-Score: 0.67, AUC: 0.71
Epoch [50/100] - [TRAIN] Loss: 0.5720, Accuracy: 71.97%, AUC: 0.72 [VAL] Loss: 0.5816, Accuracy: 71.17%, Precision: 0.73, Recall: 0.61, F1-Score: 0.67, AUC: 0.71
Epoch [51/100] - [TRAIN] Loss: 0.5730, Accuracy: 71.77%, AUC: 0.71 [VAL] Loss: 0.5709, Accuracy: 71.85%, Precision: 0.75, Recall: 0.62, F1-Score: 0.68, AUC: 0.71
Epoch [52/100] - [TRAIN] Loss: 0.5732, Accuracy: 71.61%, AUC: 0.71 [VAL] Loss: 0.5801, Accuracy: 71.05%, Precision: 0.74, Recall: 0.61, F1-Score: 0.67, AUC: 0.71
Epoch [53/100] - [TRAIN] Loss: 0.5727, Accuracy: 71.76%, AUC: 0.71 [VAL] Loss: 0.5820, Accuracy: 71.01%, Precision: 0.73, Recall: 0.62, F1-Score: 0.67, AUC: 0.71
Epoch [54/100] - [TRAIN] Loss: 0.5727, Accuracy: 71.82%, AUC: 0.71 [VAL] Loss: 0.5755, Accuracy: 70.47%, Precision: 0.73, Recall: 0.60, F1-Score: 0.66, AUC: 0.70
Epoch [55/100] - [TRAIN] Loss: 0.5739, Accuracy: 71.62%, AUC: 0.71 [VAL] Loss: 0.5700, Accuracy: 72.02%, Precision: 0.74, Recall: 0.62, F1-Score: 0.68, AUC: 0.71
Epoch [56/100] - [TRAIN] Loss: 0.5713, Accuracy: 71.89%, AUC: 0.72 [VAL] Loss: 0.5755, Accuracy: 70.80%, Precision: 0.72, Recall: 0.61, F1-Score: 0.66, AUC: 0.70
Epoch [57/100] - [TRAIN] Loss: 0.5735, Accuracy: 71.73%, AUC: 0.71 [VAL] Loss: 0.5701, Accuracy: 71.61%, Precision: 0.74, Recall: 0.61, F1-Score: 0.67, AUC: 0.71
Epoch [58/100] - [TRAIN] Loss: 0.5709, Accuracy: 71.92%, AUC: 0.72 [VAL] Loss: 0.5745, Accuracy: 71.39%, Precision: 0.74, Recall: 0.62, F1-Score: 0.67, AUC: 0.71
Epoch [59/100] - [TRAIN] Loss: 0.5739, Accuracy: 71.63%, AUC: 0.71 [VAL] Loss: 0.5678, Accuracy: 71.81%, Precision: 0.73, Recall: 0.62, F1-Score: 0.67, AUC: 0.71
Epoch [60/100] - [TRAIN] Loss: 0.5705, Accuracy: 72.00%, AUC: 0.72 [VAL] Loss: 0.5718, Accuracy: 71.51%, Precision: 0.73, Recall: 0.62, F1-Score: 0.67, AUC: 0.71
Epoch [61/100] - [TRAIN] Loss: 0.5740, Accuracy: 72.01%, AUC: 0.72 [VAL] Loss: 0.5716, Accuracy: 71.56%, Precision: 0.73, Recall: 0.61, F1-Score: 0.67, AUC: 0.71
Epoch [62/100] - [TRAIN] Loss: 0.5741, Accuracy: 71.50%, AUC: 0.71 [VAL] Loss: 0.5764, Accuracy: 71.14%, Precision: 0.72, Recall: 0.62, F1-Score: 0.66, AUC: 0.70
Epoch [63/100] - [TRAIN] Loss: 0.5717, Accuracy: 71.78%, AUC: 0.71 [VAL] Loss: 0.5680, Accuracy: 71.70%, Precision: 0.74, Recall: 0.62, F1-Score: 0.67, AUC: 0.71
Epoch [64/100] - [TRAIN] Loss: 0.5729, Accuracy: 71.84%, AUC: 0.71 [VAL] Loss: 0.5706, Accuracy: 71.19%, Precision: 0.73, Recall: 0.62, F1-Score: 0.67, AUC: 0.71
Epoch [65/100] - [TRAIN] Loss: 0.5721, Accuracy: 71.82%, AUC: 0.71 [VAL] Loss: 0.5794, Accuracy: 70.89%, Precision: 0.73, Recall: 0.62, F1-Score: 0.67, AUC: 0.70
Epoch [66/100] - [TRAIN] Loss: 0.5744, Accuracy: 71.83%, AUC: 0.71 [VAL] Loss: 0.5844, Accuracy: 71.05%, Precision: 0.72, Recall: 0.61, F1-Score: 0.66, AUC: 0.70
Epoch [67/100] - [TRAIN] Loss: 0.5738, Accuracy: 71.54%, AUC: 0.71 [VAL] Loss: 0.5797, Accuracy: 70.61%, Precision: 0.72, Recall: 0.61, F1-Score: 0.66, AUC: 0.70
Epoch [68/100] - [TRAIN] Loss: 0.5759, Accuracy: 71.57%, AUC: 0.71 [VAL] Loss: 0.5740, Accuracy: 71.23%, Precision: 0.73, Recall: 0.62, F1-Score: 0.67, AUC: 0.71
Epoch [69/100] - [TRAIN] Loss: 0.5748, Accuracy: 71.64%, AUC: 0.71 [VAL] Loss: 0.5731, Accuracy: 71.81%, Precision: 0.74, Recall: 0.62, F1-Score: 0.68, AUC: 0.71
Epoch [70/100] - [TRAIN] Loss: 0.5705, Accuracy: 71.84%, AUC: 0.71 [VAL] Loss: 0.5783, Accuracy: 71.19%, Precision: 0.73, Recall: 0.62, F1-Score: 0.67, AUC: 0.71
Epoch [71/100] - [TRAIN] Loss: 0.5719, Accuracy: 71.91%, AUC: 0.72 [VAL] Loss: 0.5691, Accuracy: 71.85%, Precision: 0.75, Recall: 0.62, F1-Score: 0.68, AUC: 0.72
Epoch [72/100] - [TRAIN] Loss: 0.5740, Accuracy: 71.79%, AUC: 0.71 [VAL] Loss: 0.5700, Accuracy: 71.82%, Precision: 0.74, Recall: 0.62, F1-Score: 0.68, AUC: 0.71
Epoch [73/100] - [TRAIN] Loss: 0.5727, Accuracy: 71.71%, AUC: 0.71 [VAL] Loss: 0.5669, Accuracy: 71.77%, Precision: 0.74, Recall: 0.62, F1-Score: 0.67, AUC: 0.71
Epoch [74/100] - [TRAIN] Loss: 0.5714, Accuracy: 71.72%, AUC: 0.71 [VAL] Loss: 0.5760, Accuracy: 70.85%, Precision: 0.72, Recall: 0.61, F1-Score: 0.66, AUC: 0.70
Epoch [75/100] - [TRAIN] Loss: 0.5713, Accuracy: 72.03%, AUC: 0.72 [VAL] Loss: 0.5696, Accuracy: 71.24%, Precision: 0.75, Recall: 0.61, F1-Score: 0.67, AUC: 0.71
Epoch [76/100] - [TRAIN] Loss: 0.5732, Accuracy: 71.74%, AUC: 0.71 [VAL] Loss: 0.5818, Accuracy: 70.56%, Precision: 0.72, Recall: 0.60, F1-Score: 0.66, AUC: 0.70
Epoch [77/100] - [TRAIN] Loss: 0.5727, Accuracy: 71.82%, AUC: 0.71 [VAL] Loss: 0.5688, Accuracy: 71.59%, Precision: 0.74, Recall: 0.63, F1-Score: 0.68, AUC: 0.71
Epoch [78/100] - [TRAIN] Loss: 0.5731, Accuracy: 71.96%, AUC: 0.72 [VAL] Loss: 0.5731, Accuracy: 71.40%, Precision: 0.74, Recall: 0.62, F1-Score: 0.67, AUC: 0.71
Epoch [79/100] - [TRAIN] Loss: 0.5720, Accuracy: 71.84%, AUC: 0.71 [VAL] Loss: 0.5865, Accuracy: 70.09%, Precision: 0.73, Recall: 0.59, F1-Score: 0.65, AUC: 0.70
Epoch [80/100] - [TRAIN] Loss: 0.5719, Accuracy: 71.99%, AUC: 0.72 [VAL] Loss: 0.5676, Accuracy: 72.20%, Precision: 0.73, Recall: 0.63, F1-Score: 0.68, AUC: 0.72
Epoch [81/100] - [TRAIN] Loss: 0.5725, Accuracy: 71.79%, AUC: 0.71 [VAL] Loss: 0.5690, Accuracy: 71.99%, Precision: 0.73, Recall: 0.62, F1-Score: 0.67, AUC: 0.71
Epoch [82/100] - [TRAIN] Loss: 0.5708, Accuracy: 71.79%, AUC: 0.71 [VAL] Loss: 0.5707, Accuracy: 71.87%, Precision: 0.74, Recall: 0.63, F1-Score: 0.68, AUC: 0.71
Epoch [83/100] - [TRAIN] Loss: 0.5729, Accuracy: 71.76%, AUC: 0.71 [VAL] Loss: 0.5704, Accuracy: 71.28%, Precision: 0.73, Recall: 0.61, F1-Score: 0.67, AUC: 0.71
Epoch [84/100] - [TRAIN] Loss: 0.5708, Accuracy: 71.93%, AUC: 0.72 [VAL] Loss: 0.5722, Accuracy: 71.66%, Precision: 0.73, Recall: 0.63, F1-Score: 0.67, AUC: 0.71
Epoch [85/100] - [TRAIN] Loss: 0.5729, Accuracy: 71.74%, AUC: 0.71 [VAL] Loss: 0.5685, Accuracy: 71.99%, Precision: 0.74, Recall: 0.63, F1-Score: 0.68, AUC: 0.71
Epoch [86/100] - [TRAIN] Loss: 0.5716, Accuracy: 71.91%, AUC: 0.72 [VAL] Loss: 0.5743, Accuracy: 71.13%, Precision: 0.74, Recall: 0.61, F1-Score: 0.67, AUC: 0.71
Epoch [87/100] - [TRAIN] Loss: 0.5746, Accuracy: 71.57%, AUC: 0.71 [VAL] Loss: 0.5764, Accuracy: 70.92%, Precision: 0.73, Recall: 0.62, F1-Score: 0.67, AUC: 0.70
Epoch [88/100] - [TRAIN] Loss: 0.5735, Accuracy: 71.78%, AUC: 0.71 [VAL] Loss: 0.5734, Accuracy: 71.28%, Precision: 0.74, Recall: 0.62, F1-Score: 0.67, AUC: 0.71
Epoch [89/100] - [TRAIN] Loss: 0.5712, Accuracy: 71.98%, AUC: 0.72 [VAL] Loss: 0.5779, Accuracy: 71.11%, Precision: 0.73, Recall: 0.61, F1-Score: 0.67, AUC: 0.71
Epoch [90/100] - [TRAIN] Loss: 0.5736, Accuracy: 71.68%, AUC: 0.71 [VAL] Loss: 0.5676, Accuracy: 72.00%, Precision: 0.73, Recall: 0.63, F1-Score: 0.68, AUC: 0.71
Epoch [91/100] - [TRAIN] Loss: 0.5744, Accuracy: 71.56%, AUC: 0.71 [VAL] Loss: 0.5728, Accuracy: 71.68%, Precision: 0.74, Recall: 0.62, F1-Score: 0.68, AUC: 0.71
Epoch [92/100] - [TRAIN] Loss: 0.5730, Accuracy: 71.83%, AUC: 0.71 [VAL] Loss: 0.5651, Accuracy: 72.17%, Precision: 0.75, Recall: 0.63, F1-Score: 0.68, AUC: 0.72
Epoch [93/100] - [TRAIN] Loss: 0.5713, Accuracy: 71.95%, AUC: 0.72 [VAL] Loss: 0.5687, Accuracy: 70.92%, Precision: 0.74, Recall: 0.61, F1-Score: 0.67, AUC: 0.71
Epoch [94/100] - [TRAIN] Loss: 0.5729, Accuracy: 71.77%, AUC: 0.71 [VAL] Loss: 0.5646, Accuracy: 72.29%, Precision: 0.73, Recall: 0.63, F1-Score: 0.68, AUC: 0.72
Epoch [95/100] - [TRAIN] Loss: 0.5705, Accuracy: 72.01%, AUC: 0.72 [VAL] Loss: 0.5679, Accuracy: 72.44%, Precision: 0.74, Recall: 0.64, F1-Score: 0.69, AUC: 0.72
Epoch [96/100] - [TRAIN] Loss: 0.5734, Accuracy: 71.54%, AUC: 0.71 [VAL] Loss: 0.5761, Accuracy: 71.60%, Precision: 0.73, Recall: 0.61, F1-Score: 0.67, AUC: 0.71
Epoch [97/100] - [TRAIN] Loss: 0.5744, Accuracy: 71.70%, AUC: 0.71 [VAL] Loss: 0.5754, Accuracy: 71.23%, Precision: 0.73, Recall: 0.62, F1-Score: 0.67, AUC: 0.71
Epoch [98/100] - [TRAIN] Loss: 0.5704, Accuracy: 71.92%, AUC: 0.72 [VAL] Loss: 0.5643, Accuracy: 72.17%, Precision: 0.74, Recall: 0.63, F1-Score: 0.68, AUC: 0.72
Epoch [99/100] - [TRAIN] Loss: 0.5733, Accuracy: 71.58%, AUC: 0.71 [VAL] Loss: 0.5794, Accuracy: 71.04%, Precision: 0.74, Recall: 0.61, F1-Score: 0.67, AUC: 0.71
Epoch [100/100] - [TRAIN] Loss: 0.5708, Accuracy: 71.98%, AUC: 0.72 [VAL] Loss: 0.5755, Accuracy: 70.99%, Precision: 0.72, Recall: 0.62, F1-Score: 0.67, AUC: 0.70
Accuracy Score on test set: 71.63 %
    AUC Score on test set: 0.71
    Precision: 0.7514
    Recall: 0.6188
    F1-Score: 0.6787

    Detailed Classification Report:
                  precision    recall  f1-score   support

           0       0.69      0.81      0.75      5158
           1       0.75      0.62      0.68      4842

    accuracy                           0.72     10000
   macro avg       0.72      0.71      0.71     10000
weighted avg       0.72      0.72      0.71     10000


    Confusion Matrix:
    [[4167  991]
 [1846 2996]]
    
021-H3K9ac-H3K9me3-H3K27ac
Epoch [1/100] - [TRAIN] Loss: 0.6217, Accuracy: 70.25%, AUC: 0.70 [VAL] Loss: 0.6049, Accuracy: 70.95%, Precision: 0.71, Recall: 0.63, F1-Score: 0.67, AUC: 0.70
Epoch [2/100] - [TRAIN] Loss: 0.6036, Accuracy: 71.18%, AUC: 0.71 [VAL] Loss: 0.5947, Accuracy: 71.32%, Precision: 0.72, Recall: 0.63, F1-Score: 0.67, AUC: 0.71
Epoch [3/100] - [TRAIN] Loss: 0.5948, Accuracy: 71.46%, AUC: 0.71 [VAL] Loss: 0.5841, Accuracy: 71.58%, Precision: 0.74, Recall: 0.60, F1-Score: 0.66, AUC: 0.71
Epoch [4/100] - [TRAIN] Loss: 0.5874, Accuracy: 71.84%, AUC: 0.71 [VAL] Loss: 0.5961, Accuracy: 70.72%, Precision: 0.72, Recall: 0.61, F1-Score: 0.66, AUC: 0.70
Epoch [5/100] - [TRAIN] Loss: 0.5871, Accuracy: 71.64%, AUC: 0.71 [VAL] Loss: 0.5832, Accuracy: 71.61%, Precision: 0.75, Recall: 0.61, F1-Score: 0.67, AUC: 0.71
Epoch [6/100] - [TRAIN] Loss: 0.5884, Accuracy: 71.61%, AUC: 0.71 [VAL] Loss: 0.5873, Accuracy: 71.16%, Precision: 0.75, Recall: 0.60, F1-Score: 0.67, AUC: 0.71
Epoch [7/100] - [TRAIN] Loss: 0.5855, Accuracy: 71.51%, AUC: 0.71 [VAL] Loss: 0.5847, Accuracy: 71.36%, Precision: 0.74, Recall: 0.59, F1-Score: 0.66, AUC: 0.71
Epoch [8/100] - [TRAIN] Loss: 0.5855, Accuracy: 71.53%, AUC: 0.71 [VAL] Loss: 0.5826, Accuracy: 71.56%, Precision: 0.74, Recall: 0.60, F1-Score: 0.66, AUC: 0.71
Epoch [9/100] - [TRAIN] Loss: 0.5867, Accuracy: 71.50%, AUC: 0.71 [VAL] Loss: 0.5768, Accuracy: 72.34%, Precision: 0.75, Recall: 0.62, F1-Score: 0.68, AUC: 0.72
Epoch [10/100] - [TRAIN] Loss: 0.5810, Accuracy: 71.75%, AUC: 0.71 [VAL] Loss: 0.5814, Accuracy: 71.50%, Precision: 0.74, Recall: 0.60, F1-Score: 0.66, AUC: 0.71
Epoch [11/100] - [TRAIN] Loss: 0.5814, Accuracy: 71.75%, AUC: 0.71 [VAL] Loss: 0.5840, Accuracy: 71.03%, Precision: 0.74, Recall: 0.61, F1-Score: 0.67, AUC: 0.71
Epoch [12/100] - [TRAIN] Loss: 0.5800, Accuracy: 71.96%, AUC: 0.71 [VAL] Loss: 0.5839, Accuracy: 71.25%, Precision: 0.73, Recall: 0.61, F1-Score: 0.67, AUC: 0.71
Epoch [13/100] - [TRAIN] Loss: 0.5824, Accuracy: 71.74%, AUC: 0.71 [VAL] Loss: 0.5791, Accuracy: 71.35%, Precision: 0.75, Recall: 0.60, F1-Score: 0.67, AUC: 0.71
Epoch [14/100] - [TRAIN] Loss: 0.5824, Accuracy: 71.29%, AUC: 0.71 [VAL] Loss: 0.5868, Accuracy: 70.90%, Precision: 0.74, Recall: 0.61, F1-Score: 0.67, AUC: 0.70
Epoch [15/100] - [TRAIN] Loss: 0.5790, Accuracy: 71.82%, AUC: 0.71 [VAL] Loss: 0.5788, Accuracy: 71.60%, Precision: 0.74, Recall: 0.62, F1-Score: 0.68, AUC: 0.71
Epoch [16/100] - [TRAIN] Loss: 0.5824, Accuracy: 71.78%, AUC: 0.71 [VAL] Loss: 0.5860, Accuracy: 71.15%, Precision: 0.74, Recall: 0.62, F1-Score: 0.67, AUC: 0.71
Epoch [17/100] - [TRAIN] Loss: 0.5788, Accuracy: 71.95%, AUC: 0.72 [VAL] Loss: 0.5841, Accuracy: 71.32%, Precision: 0.74, Recall: 0.61, F1-Score: 0.67, AUC: 0.71
Epoch [18/100] - [TRAIN] Loss: 0.5790, Accuracy: 72.07%, AUC: 0.72 [VAL] Loss: 0.5805, Accuracy: 71.95%, Precision: 0.74, Recall: 0.62, F1-Score: 0.67, AUC: 0.71
Epoch [19/100] - [TRAIN] Loss: 0.5833, Accuracy: 71.67%, AUC: 0.71 [VAL] Loss: 0.5765, Accuracy: 72.21%, Precision: 0.75, Recall: 0.61, F1-Score: 0.68, AUC: 0.72
Epoch [20/100] - [TRAIN] Loss: 0.5826, Accuracy: 71.55%, AUC: 0.71 [VAL] Loss: 0.5761, Accuracy: 72.32%, Precision: 0.75, Recall: 0.62, F1-Score: 0.68, AUC: 0.72
Epoch [21/100] - [TRAIN] Loss: 0.5788, Accuracy: 71.99%, AUC: 0.72 [VAL] Loss: 0.5794, Accuracy: 71.87%, Precision: 0.75, Recall: 0.61, F1-Score: 0.68, AUC: 0.71
Epoch [22/100] - [TRAIN] Loss: 0.5775, Accuracy: 71.97%, AUC: 0.71 [VAL] Loss: 0.5826, Accuracy: 71.34%, Precision: 0.74, Recall: 0.60, F1-Score: 0.66, AUC: 0.71
Epoch [23/100] - [TRAIN] Loss: 0.5806, Accuracy: 71.64%, AUC: 0.71 [VAL] Loss: 0.5879, Accuracy: 70.73%, Precision: 0.73, Recall: 0.61, F1-Score: 0.66, AUC: 0.70
Epoch [24/100] - [TRAIN] Loss: 0.5780, Accuracy: 71.94%, AUC: 0.71 [VAL] Loss: 0.5752, Accuracy: 71.94%, Precision: 0.75, Recall: 0.61, F1-Score: 0.68, AUC: 0.71
Epoch [25/100] - [TRAIN] Loss: 0.5811, Accuracy: 71.72%, AUC: 0.71 [VAL] Loss: 0.5856, Accuracy: 71.68%, Precision: 0.75, Recall: 0.62, F1-Score: 0.67, AUC: 0.71
Epoch [26/100] - [TRAIN] Loss: 0.5798, Accuracy: 71.77%, AUC: 0.71 [VAL] Loss: 0.5839, Accuracy: 71.41%, Precision: 0.73, Recall: 0.61, F1-Score: 0.67, AUC: 0.71
Epoch [27/100] - [TRAIN] Loss: 0.5820, Accuracy: 71.50%, AUC: 0.71 [VAL] Loss: 0.5888, Accuracy: 70.81%, Precision: 0.73, Recall: 0.60, F1-Score: 0.66, AUC: 0.70
Epoch [28/100] - [TRAIN] Loss: 0.5769, Accuracy: 72.02%, AUC: 0.72 [VAL] Loss: 0.5782, Accuracy: 71.76%, Precision: 0.75, Recall: 0.62, F1-Score: 0.68, AUC: 0.71
Epoch [29/100] - [TRAIN] Loss: 0.5839, Accuracy: 71.53%, AUC: 0.71 [VAL] Loss: 0.5834, Accuracy: 71.41%, Precision: 0.73, Recall: 0.62, F1-Score: 0.67, AUC: 0.71
Epoch [30/100] - [TRAIN] Loss: 0.5791, Accuracy: 71.55%, AUC: 0.71 [VAL] Loss: 0.5869, Accuracy: 70.95%, Precision: 0.73, Recall: 0.61, F1-Score: 0.66, AUC: 0.70
Epoch [31/100] - [TRAIN] Loss: 0.5805, Accuracy: 71.76%, AUC: 0.71 [VAL] Loss: 0.5787, Accuracy: 71.79%, Precision: 0.75, Recall: 0.61, F1-Score: 0.67, AUC: 0.71
Epoch [32/100] - [TRAIN] Loss: 0.5787, Accuracy: 71.76%, AUC: 0.71 [VAL] Loss: 0.5807, Accuracy: 71.59%, Precision: 0.74, Recall: 0.61, F1-Score: 0.67, AUC: 0.71
Epoch [33/100] - [TRAIN] Loss: 0.5803, Accuracy: 71.68%, AUC: 0.71 [VAL] Loss: 0.5776, Accuracy: 71.24%, Precision: 0.73, Recall: 0.61, F1-Score: 0.67, AUC: 0.71
Epoch [34/100] - [TRAIN] Loss: 0.5770, Accuracy: 72.10%, AUC: 0.72 [VAL] Loss: 0.5762, Accuracy: 71.81%, Precision: 0.74, Recall: 0.62, F1-Score: 0.67, AUC: 0.71
Epoch [35/100] - [TRAIN] Loss: 0.5824, Accuracy: 71.56%, AUC: 0.71 [VAL] Loss: 0.5778, Accuracy: 71.86%, Precision: 0.74, Recall: 0.61, F1-Score: 0.67, AUC: 0.71
Epoch [36/100] - [TRAIN] Loss: 0.5812, Accuracy: 71.42%, AUC: 0.71 [VAL] Loss: 0.5787, Accuracy: 71.18%, Precision: 0.74, Recall: 0.60, F1-Score: 0.66, AUC: 0.71
Epoch [37/100] - [TRAIN] Loss: 0.5825, Accuracy: 71.44%, AUC: 0.71 [VAL] Loss: 0.5794, Accuracy: 71.46%, Precision: 0.74, Recall: 0.61, F1-Score: 0.67, AUC: 0.71
Epoch [38/100] - [TRAIN] Loss: 0.5797, Accuracy: 71.73%, AUC: 0.71 [VAL] Loss: 0.5793, Accuracy: 71.48%, Precision: 0.73, Recall: 0.61, F1-Score: 0.67, AUC: 0.71
Epoch [39/100] - [TRAIN] Loss: 0.5814, Accuracy: 71.80%, AUC: 0.71 [VAL] Loss: 0.5732, Accuracy: 71.96%, Precision: 0.75, Recall: 0.62, F1-Score: 0.68, AUC: 0.71
Epoch [40/100] - [TRAIN] Loss: 0.5793, Accuracy: 71.80%, AUC: 0.71 [VAL] Loss: 0.5739, Accuracy: 71.98%, Precision: 0.74, Recall: 0.62, F1-Score: 0.68, AUC: 0.71
Epoch [41/100] - [TRAIN] Loss: 0.5820, Accuracy: 71.68%, AUC: 0.71 [VAL] Loss: 0.5775, Accuracy: 71.79%, Precision: 0.74, Recall: 0.61, F1-Score: 0.67, AUC: 0.71
Epoch [42/100] - [TRAIN] Loss: 0.5814, Accuracy: 71.63%, AUC: 0.71 [VAL] Loss: 0.5817, Accuracy: 71.75%, Precision: 0.75, Recall: 0.61, F1-Score: 0.67, AUC: 0.71
Epoch [43/100] - [TRAIN] Loss: 0.5815, Accuracy: 71.79%, AUC: 0.71 [VAL] Loss: 0.5826, Accuracy: 71.78%, Precision: 0.74, Recall: 0.61, F1-Score: 0.67, AUC: 0.71
Epoch [44/100] - [TRAIN] Loss: 0.5836, Accuracy: 71.58%, AUC: 0.71 [VAL] Loss: 0.5790, Accuracy: 72.17%, Precision: 0.75, Recall: 0.61, F1-Score: 0.67, AUC: 0.72
Epoch [45/100] - [TRAIN] Loss: 0.5796, Accuracy: 71.58%, AUC: 0.71 [VAL] Loss: 0.5786, Accuracy: 72.25%, Precision: 0.74, Recall: 0.62, F1-Score: 0.68, AUC: 0.72
Epoch [46/100] - [TRAIN] Loss: 0.5805, Accuracy: 71.82%, AUC: 0.71 [VAL] Loss: 0.5903, Accuracy: 71.41%, Precision: 0.74, Recall: 0.61, F1-Score: 0.67, AUC: 0.71
Epoch [47/100] - [TRAIN] Loss: 0.5777, Accuracy: 71.87%, AUC: 0.71 [VAL] Loss: 0.5837, Accuracy: 70.90%, Precision: 0.73, Recall: 0.61, F1-Score: 0.66, AUC: 0.70
Epoch [48/100] - [TRAIN] Loss: 0.5791, Accuracy: 71.85%, AUC: 0.71 [VAL] Loss: 0.5756, Accuracy: 72.49%, Precision: 0.75, Recall: 0.62, F1-Score: 0.68, AUC: 0.72
Epoch [49/100] - [TRAIN] Loss: 0.5777, Accuracy: 71.60%, AUC: 0.71 [VAL] Loss: 0.5827, Accuracy: 71.26%, Precision: 0.74, Recall: 0.61, F1-Score: 0.67, AUC: 0.71
Epoch [50/100] - [TRAIN] Loss: 0.5778, Accuracy: 71.86%, AUC: 0.71 [VAL] Loss: 0.5873, Accuracy: 71.19%, Precision: 0.74, Recall: 0.61, F1-Score: 0.67, AUC: 0.71
Epoch [51/100] - [TRAIN] Loss: 0.5800, Accuracy: 71.72%, AUC: 0.71 [VAL] Loss: 0.5775, Accuracy: 71.53%, Precision: 0.74, Recall: 0.60, F1-Score: 0.67, AUC: 0.71
Epoch [52/100] - [TRAIN] Loss: 0.5816, Accuracy: 71.47%, AUC: 0.71 [VAL] Loss: 0.5745, Accuracy: 71.81%, Precision: 0.74, Recall: 0.61, F1-Score: 0.67, AUC: 0.71
Epoch [53/100] - [TRAIN] Loss: 0.5788, Accuracy: 71.89%, AUC: 0.71 [VAL] Loss: 0.5851, Accuracy: 70.97%, Precision: 0.74, Recall: 0.60, F1-Score: 0.66, AUC: 0.70
Epoch [54/100] - [TRAIN] Loss: 0.5793, Accuracy: 71.82%, AUC: 0.71 [VAL] Loss: 0.5764, Accuracy: 71.82%, Precision: 0.74, Recall: 0.62, F1-Score: 0.67, AUC: 0.71
Epoch [55/100] - [TRAIN] Loss: 0.5818, Accuracy: 71.72%, AUC: 0.71 [VAL] Loss: 0.5813, Accuracy: 71.82%, Precision: 0.74, Recall: 0.61, F1-Score: 0.67, AUC: 0.71
Epoch [56/100] - [TRAIN] Loss: 0.5785, Accuracy: 71.93%, AUC: 0.71 [VAL] Loss: 0.5798, Accuracy: 72.02%, Precision: 0.75, Recall: 0.62, F1-Score: 0.68, AUC: 0.72
Epoch [57/100] - [TRAIN] Loss: 0.5783, Accuracy: 71.83%, AUC: 0.71 [VAL] Loss: 0.5799, Accuracy: 71.57%, Precision: 0.74, Recall: 0.62, F1-Score: 0.67, AUC: 0.71
Epoch [58/100] - [TRAIN] Loss: 0.5785, Accuracy: 72.03%, AUC: 0.72 [VAL] Loss: 0.5830, Accuracy: 71.79%, Precision: 0.74, Recall: 0.61, F1-Score: 0.67, AUC: 0.71
Epoch [59/100] - [TRAIN] Loss: 0.5814, Accuracy: 71.74%, AUC: 0.71 [VAL] Loss: 0.5746, Accuracy: 72.17%, Precision: 0.74, Recall: 0.62, F1-Score: 0.68, AUC: 0.72
Epoch [60/100] - [TRAIN] Loss: 0.5787, Accuracy: 71.94%, AUC: 0.71 [VAL] Loss: 0.5796, Accuracy: 71.75%, Precision: 0.74, Recall: 0.62, F1-Score: 0.67, AUC: 0.71
Epoch [61/100] - [TRAIN] Loss: 0.5805, Accuracy: 71.66%, AUC: 0.71 [VAL] Loss: 0.5809, Accuracy: 71.41%, Precision: 0.75, Recall: 0.61, F1-Score: 0.67, AUC: 0.71
Epoch [62/100] - [TRAIN] Loss: 0.5784, Accuracy: 71.97%, AUC: 0.71 [VAL] Loss: 0.5845, Accuracy: 71.66%, Precision: 0.74, Recall: 0.61, F1-Score: 0.67, AUC: 0.71
Epoch [63/100] - [TRAIN] Loss: 0.5801, Accuracy: 71.62%, AUC: 0.71 [VAL] Loss: 0.5728, Accuracy: 72.64%, Precision: 0.75, Recall: 0.63, F1-Score: 0.68, AUC: 0.72
Epoch [64/100] - [TRAIN] Loss: 0.5799, Accuracy: 71.70%, AUC: 0.71 [VAL] Loss: 0.5863, Accuracy: 71.49%, Precision: 0.74, Recall: 0.61, F1-Score: 0.67, AUC: 0.71
Epoch [65/100] - [TRAIN] Loss: 0.5816, Accuracy: 71.74%, AUC: 0.71 [VAL] Loss: 0.5795, Accuracy: 72.15%, Precision: 0.74, Recall: 0.62, F1-Score: 0.67, AUC: 0.72
Epoch [66/100] - [TRAIN] Loss: 0.5807, Accuracy: 71.70%, AUC: 0.71 [VAL] Loss: 0.5785, Accuracy: 71.17%, Precision: 0.74, Recall: 0.61, F1-Score: 0.67, AUC: 0.71
Epoch [67/100] - [TRAIN] Loss: 0.5789, Accuracy: 71.93%, AUC: 0.71 [VAL] Loss: 0.5930, Accuracy: 71.00%, Precision: 0.73, Recall: 0.60, F1-Score: 0.66, AUC: 0.70
Epoch [68/100] - [TRAIN] Loss: 0.5801, Accuracy: 71.50%, AUC: 0.71 [VAL] Loss: 0.5820, Accuracy: 71.56%, Precision: 0.73, Recall: 0.61, F1-Score: 0.67, AUC: 0.71
Epoch [69/100] - [TRAIN] Loss: 0.5823, Accuracy: 71.50%, AUC: 0.71 [VAL] Loss: 0.5834, Accuracy: 71.95%, Precision: 0.74, Recall: 0.62, F1-Score: 0.67, AUC: 0.71
Epoch [70/100] - [TRAIN] Loss: 0.5809, Accuracy: 71.75%, AUC: 0.71 [VAL] Loss: 0.5717, Accuracy: 72.00%, Precision: 0.75, Recall: 0.61, F1-Score: 0.67, AUC: 0.71
Epoch [71/100] - [TRAIN] Loss: 0.5804, Accuracy: 71.77%, AUC: 0.71 [VAL] Loss: 0.5869, Accuracy: 71.53%, Precision: 0.75, Recall: 0.61, F1-Score: 0.67, AUC: 0.71
Epoch [72/100] - [TRAIN] Loss: 0.5803, Accuracy: 71.66%, AUC: 0.71 [VAL] Loss: 0.5756, Accuracy: 72.08%, Precision: 0.75, Recall: 0.62, F1-Score: 0.68, AUC: 0.72
Epoch [73/100] - [TRAIN] Loss: 0.5781, Accuracy: 71.75%, AUC: 0.71 [VAL] Loss: 0.5840, Accuracy: 71.45%, Precision: 0.74, Recall: 0.61, F1-Score: 0.67, AUC: 0.71
Epoch [74/100] - [TRAIN] Loss: 0.5789, Accuracy: 71.87%, AUC: 0.71 [VAL] Loss: 0.5800, Accuracy: 71.68%, Precision: 0.75, Recall: 0.61, F1-Score: 0.67, AUC: 0.71
Epoch [75/100] - [TRAIN] Loss: 0.5788, Accuracy: 71.89%, AUC: 0.71 [VAL] Loss: 0.5836, Accuracy: 71.55%, Precision: 0.73, Recall: 0.61, F1-Score: 0.67, AUC: 0.71
Epoch [76/100] - [TRAIN] Loss: 0.5825, Accuracy: 71.66%, AUC: 0.71 [VAL] Loss: 0.5814, Accuracy: 71.86%, Precision: 0.74, Recall: 0.61, F1-Score: 0.67, AUC: 0.71
Epoch [77/100] - [TRAIN] Loss: 0.5805, Accuracy: 71.62%, AUC: 0.71 [VAL] Loss: 0.5748, Accuracy: 72.49%, Precision: 0.75, Recall: 0.63, F1-Score: 0.68, AUC: 0.72
Epoch [78/100] - [TRAIN] Loss: 0.5776, Accuracy: 71.82%, AUC: 0.71 [VAL] Loss: 0.5774, Accuracy: 72.08%, Precision: 0.74, Recall: 0.62, F1-Score: 0.67, AUC: 0.71
Epoch [79/100] - [TRAIN] Loss: 0.5808, Accuracy: 71.76%, AUC: 0.71 [VAL] Loss: 0.5853, Accuracy: 71.15%, Precision: 0.73, Recall: 0.61, F1-Score: 0.67, AUC: 0.71
Epoch [80/100] - [TRAIN] Loss: 0.5828, Accuracy: 71.71%, AUC: 0.71 [VAL] Loss: 0.5827, Accuracy: 70.94%, Precision: 0.74, Recall: 0.60, F1-Score: 0.66, AUC: 0.70
Epoch [81/100] - [TRAIN] Loss: 0.5780, Accuracy: 71.87%, AUC: 0.71 [VAL] Loss: 0.5849, Accuracy: 71.31%, Precision: 0.73, Recall: 0.61, F1-Score: 0.66, AUC: 0.71
Epoch [82/100] - [TRAIN] Loss: 0.5798, Accuracy: 71.77%, AUC: 0.71 [VAL] Loss: 0.5821, Accuracy: 71.17%, Precision: 0.74, Recall: 0.61, F1-Score: 0.67, AUC: 0.71
Epoch [83/100] - [TRAIN] Loss: 0.5784, Accuracy: 71.75%, AUC: 0.71 [VAL] Loss: 0.5863, Accuracy: 71.41%, Precision: 0.74, Recall: 0.61, F1-Score: 0.67, AUC: 0.71
Epoch [84/100] - [TRAIN] Loss: 0.5806, Accuracy: 71.74%, AUC: 0.71 [VAL] Loss: 0.5847, Accuracy: 70.98%, Precision: 0.73, Recall: 0.61, F1-Score: 0.66, AUC: 0.70
Epoch [85/100] - [TRAIN] Loss: 0.5798, Accuracy: 71.85%, AUC: 0.71 [VAL] Loss: 0.5830, Accuracy: 71.36%, Precision: 0.73, Recall: 0.60, F1-Score: 0.66, AUC: 0.71
Epoch [86/100] - [TRAIN] Loss: 0.5801, Accuracy: 71.67%, AUC: 0.71 [VAL] Loss: 0.5815, Accuracy: 71.48%, Precision: 0.74, Recall: 0.61, F1-Score: 0.67, AUC: 0.71
Epoch [87/100] - [TRAIN] Loss: 0.5778, Accuracy: 71.68%, AUC: 0.71 [VAL] Loss: 0.5841, Accuracy: 71.27%, Precision: 0.73, Recall: 0.61, F1-Score: 0.67, AUC: 0.71
Epoch [88/100] - [TRAIN] Loss: 0.5788, Accuracy: 71.84%, AUC: 0.71 [VAL] Loss: 0.5802, Accuracy: 71.49%, Precision: 0.75, Recall: 0.60, F1-Score: 0.67, AUC: 0.71
Epoch [89/100] - [TRAIN] Loss: 0.5770, Accuracy: 71.86%, AUC: 0.71 [VAL] Loss: 0.5752, Accuracy: 72.13%, Precision: 0.75, Recall: 0.61, F1-Score: 0.68, AUC: 0.72
Epoch [90/100] - [TRAIN] Loss: 0.5798, Accuracy: 71.75%, AUC: 0.71 [VAL] Loss: 0.5811, Accuracy: 72.18%, Precision: 0.75, Recall: 0.62, F1-Score: 0.68, AUC: 0.72
Epoch [91/100] - [TRAIN] Loss: 0.5781, Accuracy: 71.97%, AUC: 0.72 [VAL] Loss: 0.5768, Accuracy: 71.51%, Precision: 0.75, Recall: 0.61, F1-Score: 0.67, AUC: 0.71
Epoch [92/100] - [TRAIN] Loss: 0.5803, Accuracy: 71.94%, AUC: 0.71 [VAL] Loss: 0.5675, Accuracy: 72.02%, Precision: 0.75, Recall: 0.61, F1-Score: 0.67, AUC: 0.71
Epoch [93/100] - [TRAIN] Loss: 0.5797, Accuracy: 71.94%, AUC: 0.72 [VAL] Loss: 0.5757, Accuracy: 72.30%, Precision: 0.75, Recall: 0.62, F1-Score: 0.68, AUC: 0.72
Epoch [94/100] - [TRAIN] Loss: 0.5801, Accuracy: 71.68%, AUC: 0.71 [VAL] Loss: 0.5861, Accuracy: 71.27%, Precision: 0.74, Recall: 0.60, F1-Score: 0.66, AUC: 0.71
Epoch [95/100] - [TRAIN] Loss: 0.5790, Accuracy: 71.87%, AUC: 0.71 [VAL] Loss: 0.5818, Accuracy: 71.70%, Precision: 0.74, Recall: 0.61, F1-Score: 0.67, AUC: 0.71
Epoch [96/100] - [TRAIN] Loss: 0.5805, Accuracy: 71.65%, AUC: 0.71 [VAL] Loss: 0.5746, Accuracy: 71.96%, Precision: 0.74, Recall: 0.62, F1-Score: 0.67, AUC: 0.71
Epoch [97/100] - [TRAIN] Loss: 0.5816, Accuracy: 71.56%, AUC: 0.71 [VAL] Loss: 0.5834, Accuracy: 71.50%, Precision: 0.73, Recall: 0.61, F1-Score: 0.67, AUC: 0.71
Epoch [98/100] - [TRAIN] Loss: 0.5798, Accuracy: 71.78%, AUC: 0.71 [VAL] Loss: 0.5806, Accuracy: 71.66%, Precision: 0.74, Recall: 0.62, F1-Score: 0.68, AUC: 0.71
Epoch [99/100] - [TRAIN] Loss: 0.5780, Accuracy: 72.00%, AUC: 0.72 [VAL] Loss: 0.5866, Accuracy: 71.26%, Precision: 0.74, Recall: 0.61, F1-Score: 0.67, AUC: 0.71
Epoch [100/100] - [TRAIN] Loss: 0.5827, Accuracy: 71.47%, AUC: 0.71 [VAL] Loss: 0.5736, Accuracy: 71.44%, Precision: 0.73, Recall: 0.60, F1-Score: 0.66, AUC: 0.71
Accuracy Score on test set: 71.35 %
    AUC Score on test set: 0.71
    Precision: 0.7380
    Recall: 0.6140
    F1-Score: 0.6703

    Detailed Classification Report:
                  precision    recall  f1-score   support

           0       0.70      0.80      0.75      5256
           1       0.74      0.61      0.67      4744

    accuracy                           0.71     10000
   macro avg       0.72      0.71      0.71     10000
weighted avg       0.72      0.71      0.71     10000


    Confusion Matrix:
    [[4222 1034]
 [1831 2913]]
    
022-H3K9ac-H3K9me3-H3K27me3
Epoch [1/100] - [TRAIN] Loss: 0.6271, Accuracy: 67.63%, AUC: 0.68 [VAL] Loss: 0.5975, Accuracy: 70.36%, Precision: 0.68, Recall: 0.70, F1-Score: 0.69, AUC: 0.70
Epoch [2/100] - [TRAIN] Loss: 0.6034, Accuracy: 70.03%, AUC: 0.70 [VAL] Loss: 0.5930, Accuracy: 70.59%, Precision: 0.69, Recall: 0.67, F1-Score: 0.68, AUC: 0.70
Epoch [3/100] - [TRAIN] Loss: 0.5968, Accuracy: 70.78%, AUC: 0.71 [VAL] Loss: 0.5943, Accuracy: 71.27%, Precision: 0.72, Recall: 0.65, F1-Score: 0.68, AUC: 0.71
Epoch [4/100] - [TRAIN] Loss: 0.5888, Accuracy: 71.45%, AUC: 0.71 [VAL] Loss: 0.5791, Accuracy: 72.47%, Precision: 0.73, Recall: 0.66, F1-Score: 0.69, AUC: 0.72
Epoch [5/100] - [TRAIN] Loss: 0.5863, Accuracy: 71.51%, AUC: 0.71 [VAL] Loss: 0.5824, Accuracy: 71.32%, Precision: 0.71, Recall: 0.64, F1-Score: 0.68, AUC: 0.71
Epoch [6/100] - [TRAIN] Loss: 0.5868, Accuracy: 71.46%, AUC: 0.71 [VAL] Loss: 0.5855, Accuracy: 71.30%, Precision: 0.71, Recall: 0.65, F1-Score: 0.68, AUC: 0.71
Epoch [7/100] - [TRAIN] Loss: 0.5839, Accuracy: 71.52%, AUC: 0.71 [VAL] Loss: 0.5820, Accuracy: 71.48%, Precision: 0.73, Recall: 0.63, F1-Score: 0.67, AUC: 0.71
Epoch [8/100] - [TRAIN] Loss: 0.5854, Accuracy: 71.37%, AUC: 0.71 [VAL] Loss: 0.5848, Accuracy: 71.47%, Precision: 0.73, Recall: 0.62, F1-Score: 0.67, AUC: 0.71
Epoch [9/100] - [TRAIN] Loss: 0.5822, Accuracy: 71.64%, AUC: 0.71 [VAL] Loss: 0.5795, Accuracy: 71.83%, Precision: 0.73, Recall: 0.63, F1-Score: 0.68, AUC: 0.71
Epoch [10/100] - [TRAIN] Loss: 0.5804, Accuracy: 71.82%, AUC: 0.71 [VAL] Loss: 0.5794, Accuracy: 71.85%, Precision: 0.72, Recall: 0.64, F1-Score: 0.68, AUC: 0.71
Epoch [11/100] - [TRAIN] Loss: 0.5834, Accuracy: 71.64%, AUC: 0.71 [VAL] Loss: 0.5822, Accuracy: 71.63%, Precision: 0.73, Recall: 0.64, F1-Score: 0.68, AUC: 0.71
Epoch [12/100] - [TRAIN] Loss: 0.5837, Accuracy: 71.33%, AUC: 0.71 [VAL] Loss: 0.5795, Accuracy: 71.82%, Precision: 0.74, Recall: 0.64, F1-Score: 0.68, AUC: 0.71
Epoch [13/100] - [TRAIN] Loss: 0.5865, Accuracy: 71.34%, AUC: 0.71 [VAL] Loss: 0.5832, Accuracy: 71.66%, Precision: 0.73, Recall: 0.64, F1-Score: 0.68, AUC: 0.71
Epoch [14/100] - [TRAIN] Loss: 0.5799, Accuracy: 71.71%, AUC: 0.71 [VAL] Loss: 0.5814, Accuracy: 71.39%, Precision: 0.73, Recall: 0.64, F1-Score: 0.68, AUC: 0.71
Epoch [15/100] - [TRAIN] Loss: 0.5806, Accuracy: 71.66%, AUC: 0.71 [VAL] Loss: 0.5829, Accuracy: 71.69%, Precision: 0.73, Recall: 0.64, F1-Score: 0.68, AUC: 0.71
Epoch [16/100] - [TRAIN] Loss: 0.5812, Accuracy: 71.67%, AUC: 0.71 [VAL] Loss: 0.5733, Accuracy: 71.99%, Precision: 0.73, Recall: 0.64, F1-Score: 0.68, AUC: 0.71
Epoch [17/100] - [TRAIN] Loss: 0.5800, Accuracy: 71.66%, AUC: 0.71 [VAL] Loss: 0.5833, Accuracy: 71.69%, Precision: 0.73, Recall: 0.65, F1-Score: 0.69, AUC: 0.71
Epoch [18/100] - [TRAIN] Loss: 0.5790, Accuracy: 71.90%, AUC: 0.72 [VAL] Loss: 0.5846, Accuracy: 71.12%, Precision: 0.74, Recall: 0.62, F1-Score: 0.67, AUC: 0.71
Epoch [19/100] - [TRAIN] Loss: 0.5799, Accuracy: 71.72%, AUC: 0.71 [VAL] Loss: 0.5845, Accuracy: 71.39%, Precision: 0.73, Recall: 0.63, F1-Score: 0.67, AUC: 0.71
Epoch [20/100] - [TRAIN] Loss: 0.5794, Accuracy: 71.69%, AUC: 0.71 [VAL] Loss: 0.5762, Accuracy: 72.07%, Precision: 0.74, Recall: 0.64, F1-Score: 0.69, AUC: 0.72
Epoch [21/100] - [TRAIN] Loss: 0.5805, Accuracy: 71.67%, AUC: 0.71 [VAL] Loss: 0.5764, Accuracy: 71.23%, Precision: 0.72, Recall: 0.64, F1-Score: 0.67, AUC: 0.71
Epoch [22/100] - [TRAIN] Loss: 0.5821, Accuracy: 71.75%, AUC: 0.71 [VAL] Loss: 0.5829, Accuracy: 71.16%, Precision: 0.72, Recall: 0.63, F1-Score: 0.67, AUC: 0.71
Epoch [23/100] - [TRAIN] Loss: 0.5800, Accuracy: 71.61%, AUC: 0.71 [VAL] Loss: 0.5766, Accuracy: 71.52%, Precision: 0.73, Recall: 0.63, F1-Score: 0.68, AUC: 0.71
Epoch [24/100] - [TRAIN] Loss: 0.5798, Accuracy: 71.92%, AUC: 0.72 [VAL] Loss: 0.5841, Accuracy: 71.29%, Precision: 0.72, Recall: 0.62, F1-Score: 0.67, AUC: 0.71
Epoch [25/100] - [TRAIN] Loss: 0.5839, Accuracy: 71.39%, AUC: 0.71 [VAL] Loss: 0.5782, Accuracy: 71.77%, Precision: 0.73, Recall: 0.64, F1-Score: 0.68, AUC: 0.71
Epoch [26/100] - [TRAIN] Loss: 0.5790, Accuracy: 71.86%, AUC: 0.72 [VAL] Loss: 0.5817, Accuracy: 71.12%, Precision: 0.73, Recall: 0.62, F1-Score: 0.67, AUC: 0.71
Epoch [27/100] - [TRAIN] Loss: 0.5838, Accuracy: 71.53%, AUC: 0.71 [VAL] Loss: 0.5786, Accuracy: 71.47%, Precision: 0.72, Recall: 0.63, F1-Score: 0.67, AUC: 0.71
Epoch [28/100] - [TRAIN] Loss: 0.5814, Accuracy: 71.61%, AUC: 0.71 [VAL] Loss: 0.5913, Accuracy: 70.75%, Precision: 0.73, Recall: 0.63, F1-Score: 0.67, AUC: 0.70
Epoch [29/100] - [TRAIN] Loss: 0.5821, Accuracy: 71.68%, AUC: 0.71 [VAL] Loss: 0.5857, Accuracy: 70.66%, Precision: 0.72, Recall: 0.63, F1-Score: 0.67, AUC: 0.70
Epoch [30/100] - [TRAIN] Loss: 0.5827, Accuracy: 71.60%, AUC: 0.71 [VAL] Loss: 0.5776, Accuracy: 71.82%, Precision: 0.73, Recall: 0.64, F1-Score: 0.68, AUC: 0.71
Epoch [31/100] - [TRAIN] Loss: 0.5819, Accuracy: 71.62%, AUC: 0.71 [VAL] Loss: 0.5867, Accuracy: 71.13%, Precision: 0.74, Recall: 0.62, F1-Score: 0.67, AUC: 0.71
Epoch [32/100] - [TRAIN] Loss: 0.5791, Accuracy: 71.80%, AUC: 0.71 [VAL] Loss: 0.5883, Accuracy: 70.99%, Precision: 0.72, Recall: 0.63, F1-Score: 0.67, AUC: 0.71
Epoch [33/100] - [TRAIN] Loss: 0.5815, Accuracy: 71.56%, AUC: 0.71 [VAL] Loss: 0.5870, Accuracy: 71.05%, Precision: 0.72, Recall: 0.62, F1-Score: 0.67, AUC: 0.70
Epoch [34/100] - [TRAIN] Loss: 0.5809, Accuracy: 71.74%, AUC: 0.71 [VAL] Loss: 0.5898, Accuracy: 71.44%, Precision: 0.73, Recall: 0.62, F1-Score: 0.67, AUC: 0.71
Epoch [35/100] - [TRAIN] Loss: 0.5811, Accuracy: 71.49%, AUC: 0.71 [VAL] Loss: 0.5862, Accuracy: 72.13%, Precision: 0.73, Recall: 0.65, F1-Score: 0.69, AUC: 0.72
Epoch [36/100] - [TRAIN] Loss: 0.5785, Accuracy: 71.83%, AUC: 0.71 [VAL] Loss: 0.5803, Accuracy: 71.28%, Precision: 0.73, Recall: 0.63, F1-Score: 0.68, AUC: 0.71
Epoch [37/100] - [TRAIN] Loss: 0.5802, Accuracy: 71.69%, AUC: 0.71 [VAL] Loss: 0.5805, Accuracy: 71.63%, Precision: 0.73, Recall: 0.64, F1-Score: 0.68, AUC: 0.71
Epoch [38/100] - [TRAIN] Loss: 0.5826, Accuracy: 71.47%, AUC: 0.71 [VAL] Loss: 0.5887, Accuracy: 70.57%, Precision: 0.72, Recall: 0.62, F1-Score: 0.67, AUC: 0.70
Epoch [39/100] - [TRAIN] Loss: 0.5829, Accuracy: 71.47%, AUC: 0.71 [VAL] Loss: 0.5809, Accuracy: 71.52%, Precision: 0.73, Recall: 0.64, F1-Score: 0.68, AUC: 0.71
Epoch [40/100] - [TRAIN] Loss: 0.5800, Accuracy: 71.82%, AUC: 0.71 [VAL] Loss: 0.5733, Accuracy: 72.04%, Precision: 0.72, Recall: 0.65, F1-Score: 0.68, AUC: 0.72
Epoch [41/100] - [TRAIN] Loss: 0.5810, Accuracy: 71.67%, AUC: 0.71 [VAL] Loss: 0.5921, Accuracy: 70.93%, Precision: 0.74, Recall: 0.62, F1-Score: 0.67, AUC: 0.71
Epoch [42/100] - [TRAIN] Loss: 0.5818, Accuracy: 71.60%, AUC: 0.71 [VAL] Loss: 0.5836, Accuracy: 71.24%, Precision: 0.72, Recall: 0.63, F1-Score: 0.67, AUC: 0.71
Epoch [43/100] - [TRAIN] Loss: 0.5798, Accuracy: 71.87%, AUC: 0.72 [VAL] Loss: 0.5848, Accuracy: 70.93%, Precision: 0.72, Recall: 0.64, F1-Score: 0.67, AUC: 0.71
Epoch [44/100] - [TRAIN] Loss: 0.5801, Accuracy: 71.60%, AUC: 0.71 [VAL] Loss: 0.5845, Accuracy: 71.18%, Precision: 0.73, Recall: 0.62, F1-Score: 0.67, AUC: 0.71
Epoch [45/100] - [TRAIN] Loss: 0.5809, Accuracy: 71.78%, AUC: 0.71 [VAL] Loss: 0.5874, Accuracy: 71.05%, Precision: 0.72, Recall: 0.63, F1-Score: 0.67, AUC: 0.71
Epoch [46/100] - [TRAIN] Loss: 0.5785, Accuracy: 71.97%, AUC: 0.72 [VAL] Loss: 0.5832, Accuracy: 71.57%, Precision: 0.73, Recall: 0.63, F1-Score: 0.67, AUC: 0.71
Epoch [47/100] - [TRAIN] Loss: 0.5785, Accuracy: 71.91%, AUC: 0.72 [VAL] Loss: 0.5819, Accuracy: 72.04%, Precision: 0.73, Recall: 0.64, F1-Score: 0.68, AUC: 0.72
Epoch [48/100] - [TRAIN] Loss: 0.5808, Accuracy: 71.71%, AUC: 0.71 [VAL] Loss: 0.5767, Accuracy: 71.59%, Precision: 0.72, Recall: 0.64, F1-Score: 0.68, AUC: 0.71
Epoch [49/100] - [TRAIN] Loss: 0.5816, Accuracy: 71.68%, AUC: 0.71 [VAL] Loss: 0.5907, Accuracy: 70.59%, Precision: 0.73, Recall: 0.63, F1-Score: 0.67, AUC: 0.70
Epoch [50/100] - [TRAIN] Loss: 0.5777, Accuracy: 71.98%, AUC: 0.72 [VAL] Loss: 0.5842, Accuracy: 71.07%, Precision: 0.72, Recall: 0.63, F1-Score: 0.67, AUC: 0.71
Epoch [51/100] - [TRAIN] Loss: 0.5792, Accuracy: 71.85%, AUC: 0.72 [VAL] Loss: 0.5800, Accuracy: 71.54%, Precision: 0.72, Recall: 0.64, F1-Score: 0.68, AUC: 0.71
Epoch [52/100] - [TRAIN] Loss: 0.5792, Accuracy: 71.80%, AUC: 0.71 [VAL] Loss: 0.5777, Accuracy: 72.01%, Precision: 0.75, Recall: 0.64, F1-Score: 0.69, AUC: 0.72
Epoch [53/100] - [TRAIN] Loss: 0.5780, Accuracy: 71.95%, AUC: 0.72 [VAL] Loss: 0.5827, Accuracy: 71.04%, Precision: 0.72, Recall: 0.63, F1-Score: 0.67, AUC: 0.71
Epoch [54/100] - [TRAIN] Loss: 0.5802, Accuracy: 71.84%, AUC: 0.72 [VAL] Loss: 0.5867, Accuracy: 71.56%, Precision: 0.72, Recall: 0.64, F1-Score: 0.68, AUC: 0.71
Epoch [55/100] - [TRAIN] Loss: 0.5823, Accuracy: 71.80%, AUC: 0.71 [VAL] Loss: 0.5823, Accuracy: 71.62%, Precision: 0.72, Recall: 0.63, F1-Score: 0.67, AUC: 0.71
Epoch [56/100] - [TRAIN] Loss: 0.5818, Accuracy: 71.42%, AUC: 0.71 [VAL] Loss: 0.5797, Accuracy: 71.71%, Precision: 0.73, Recall: 0.63, F1-Score: 0.68, AUC: 0.71
Epoch [57/100] - [TRAIN] Loss: 0.5817, Accuracy: 71.70%, AUC: 0.71 [VAL] Loss: 0.5798, Accuracy: 71.70%, Precision: 0.73, Recall: 0.64, F1-Score: 0.68, AUC: 0.71
Epoch [58/100] - [TRAIN] Loss: 0.5812, Accuracy: 71.71%, AUC: 0.71 [VAL] Loss: 0.5882, Accuracy: 71.52%, Precision: 0.72, Recall: 0.63, F1-Score: 0.68, AUC: 0.71
Epoch [59/100] - [TRAIN] Loss: 0.5777, Accuracy: 71.97%, AUC: 0.72 [VAL] Loss: 0.5870, Accuracy: 71.06%, Precision: 0.72, Recall: 0.63, F1-Score: 0.67, AUC: 0.71
Epoch [60/100] - [TRAIN] Loss: 0.5786, Accuracy: 71.89%, AUC: 0.72 [VAL] Loss: 0.5789, Accuracy: 70.76%, Precision: 0.73, Recall: 0.63, F1-Score: 0.67, AUC: 0.70
Epoch [61/100] - [TRAIN] Loss: 0.5802, Accuracy: 71.54%, AUC: 0.71 [VAL] Loss: 0.5804, Accuracy: 71.27%, Precision: 0.73, Recall: 0.63, F1-Score: 0.68, AUC: 0.71
Epoch [62/100] - [TRAIN] Loss: 0.5798, Accuracy: 71.80%, AUC: 0.71 [VAL] Loss: 0.5774, Accuracy: 72.31%, Precision: 0.73, Recall: 0.64, F1-Score: 0.68, AUC: 0.72
Epoch [63/100] - [TRAIN] Loss: 0.5800, Accuracy: 71.74%, AUC: 0.71 [VAL] Loss: 0.5811, Accuracy: 71.24%, Precision: 0.73, Recall: 0.63, F1-Score: 0.67, AUC: 0.71
Epoch [64/100] - [TRAIN] Loss: 0.5814, Accuracy: 71.74%, AUC: 0.71 [VAL] Loss: 0.5799, Accuracy: 71.53%, Precision: 0.73, Recall: 0.63, F1-Score: 0.68, AUC: 0.71
Epoch [65/100] - [TRAIN] Loss: 0.5808, Accuracy: 71.65%, AUC: 0.71 [VAL] Loss: 0.5830, Accuracy: 71.55%, Precision: 0.72, Recall: 0.64, F1-Score: 0.68, AUC: 0.71
Epoch [66/100] - [TRAIN] Loss: 0.5806, Accuracy: 71.66%, AUC: 0.71 [VAL] Loss: 0.5835, Accuracy: 71.56%, Precision: 0.73, Recall: 0.63, F1-Score: 0.68, AUC: 0.71
Epoch [67/100] - [TRAIN] Loss: 0.5803, Accuracy: 71.61%, AUC: 0.71 [VAL] Loss: 0.5837, Accuracy: 71.14%, Precision: 0.72, Recall: 0.63, F1-Score: 0.68, AUC: 0.71
Epoch [68/100] - [TRAIN] Loss: 0.5771, Accuracy: 71.82%, AUC: 0.71 [VAL] Loss: 0.5854, Accuracy: 71.43%, Precision: 0.72, Recall: 0.64, F1-Score: 0.68, AUC: 0.71
Epoch [69/100] - [TRAIN] Loss: 0.5823, Accuracy: 71.70%, AUC: 0.71 [VAL] Loss: 0.5778, Accuracy: 71.67%, Precision: 0.74, Recall: 0.64, F1-Score: 0.68, AUC: 0.71
Epoch [70/100] - [TRAIN] Loss: 0.5810, Accuracy: 71.85%, AUC: 0.71 [VAL] Loss: 0.5784, Accuracy: 71.63%, Precision: 0.73, Recall: 0.64, F1-Score: 0.68, AUC: 0.71
Epoch [71/100] - [TRAIN] Loss: 0.5776, Accuracy: 71.98%, AUC: 0.72 [VAL] Loss: 0.5740, Accuracy: 71.59%, Precision: 0.74, Recall: 0.62, F1-Score: 0.67, AUC: 0.71
Epoch [72/100] - [TRAIN] Loss: 0.5819, Accuracy: 71.58%, AUC: 0.71 [VAL] Loss: 0.5923, Accuracy: 71.35%, Precision: 0.72, Recall: 0.63, F1-Score: 0.67, AUC: 0.71
Epoch [73/100] - [TRAIN] Loss: 0.5799, Accuracy: 71.71%, AUC: 0.71 [VAL] Loss: 0.5773, Accuracy: 71.87%, Precision: 0.73, Recall: 0.64, F1-Score: 0.68, AUC: 0.71
Epoch [74/100] - [TRAIN] Loss: 0.5801, Accuracy: 71.77%, AUC: 0.71 [VAL] Loss: 0.5854, Accuracy: 71.28%, Precision: 0.73, Recall: 0.62, F1-Score: 0.67, AUC: 0.71
Epoch [75/100] - [TRAIN] Loss: 0.5825, Accuracy: 71.41%, AUC: 0.71 [VAL] Loss: 0.5833, Accuracy: 71.13%, Precision: 0.73, Recall: 0.63, F1-Score: 0.68, AUC: 0.71
Epoch [76/100] - [TRAIN] Loss: 0.5794, Accuracy: 71.75%, AUC: 0.71 [VAL] Loss: 0.5801, Accuracy: 71.93%, Precision: 0.74, Recall: 0.64, F1-Score: 0.68, AUC: 0.72
Epoch [77/100] - [TRAIN] Loss: 0.5798, Accuracy: 71.72%, AUC: 0.71 [VAL] Loss: 0.5746, Accuracy: 72.67%, Precision: 0.74, Recall: 0.66, F1-Score: 0.70, AUC: 0.72
Epoch [78/100] - [TRAIN] Loss: 0.5787, Accuracy: 71.72%, AUC: 0.71 [VAL] Loss: 0.5804, Accuracy: 72.19%, Precision: 0.73, Recall: 0.64, F1-Score: 0.68, AUC: 0.72
Epoch [79/100] - [TRAIN] Loss: 0.5802, Accuracy: 71.63%, AUC: 0.71 [VAL] Loss: 0.5844, Accuracy: 71.14%, Precision: 0.72, Recall: 0.63, F1-Score: 0.67, AUC: 0.71
Epoch [80/100] - [TRAIN] Loss: 0.5804, Accuracy: 71.67%, AUC: 0.71 [VAL] Loss: 0.5701, Accuracy: 72.74%, Precision: 0.74, Recall: 0.65, F1-Score: 0.69, AUC: 0.72
Epoch [81/100] - [TRAIN] Loss: 0.5833, Accuracy: 71.37%, AUC: 0.71 [VAL] Loss: 0.5804, Accuracy: 71.77%, Precision: 0.73, Recall: 0.64, F1-Score: 0.68, AUC: 0.71
Epoch [82/100] - [TRAIN] Loss: 0.5818, Accuracy: 71.77%, AUC: 0.71 [VAL] Loss: 0.5820, Accuracy: 71.55%, Precision: 0.73, Recall: 0.63, F1-Score: 0.68, AUC: 0.71
Epoch [83/100] - [TRAIN] Loss: 0.5832, Accuracy: 71.76%, AUC: 0.71 [VAL] Loss: 0.5799, Accuracy: 72.50%, Precision: 0.73, Recall: 0.64, F1-Score: 0.68, AUC: 0.72
Epoch [84/100] - [TRAIN] Loss: 0.5821, Accuracy: 71.49%, AUC: 0.71 [VAL] Loss: 0.5834, Accuracy: 70.94%, Precision: 0.73, Recall: 0.62, F1-Score: 0.67, AUC: 0.71
Epoch [85/100] - [TRAIN] Loss: 0.5810, Accuracy: 71.71%, AUC: 0.71 [VAL] Loss: 0.5749, Accuracy: 72.06%, Precision: 0.73, Recall: 0.63, F1-Score: 0.68, AUC: 0.72
Epoch [86/100] - [TRAIN] Loss: 0.5808, Accuracy: 71.76%, AUC: 0.71 [VAL] Loss: 0.5824, Accuracy: 71.37%, Precision: 0.73, Recall: 0.62, F1-Score: 0.67, AUC: 0.71
Epoch [87/100] - [TRAIN] Loss: 0.5824, Accuracy: 71.43%, AUC: 0.71 [VAL] Loss: 0.5787, Accuracy: 71.91%, Precision: 0.74, Recall: 0.63, F1-Score: 0.68, AUC: 0.71
Epoch [88/100] - [TRAIN] Loss: 0.5799, Accuracy: 71.70%, AUC: 0.71 [VAL] Loss: 0.5819, Accuracy: 71.38%, Precision: 0.72, Recall: 0.64, F1-Score: 0.67, AUC: 0.71
Epoch [89/100] - [TRAIN] Loss: 0.5821, Accuracy: 71.62%, AUC: 0.71 [VAL] Loss: 0.5832, Accuracy: 70.83%, Precision: 0.73, Recall: 0.61, F1-Score: 0.67, AUC: 0.70
Epoch [90/100] - [TRAIN] Loss: 0.5804, Accuracy: 71.66%, AUC: 0.71 [VAL] Loss: 0.5755, Accuracy: 72.04%, Precision: 0.72, Recall: 0.64, F1-Score: 0.68, AUC: 0.71
Epoch [91/100] - [TRAIN] Loss: 0.5810, Accuracy: 71.69%, AUC: 0.71 [VAL] Loss: 0.5761, Accuracy: 71.93%, Precision: 0.73, Recall: 0.64, F1-Score: 0.68, AUC: 0.72
Epoch [92/100] - [TRAIN] Loss: 0.5789, Accuracy: 71.76%, AUC: 0.71 [VAL] Loss: 0.5822, Accuracy: 71.31%, Precision: 0.73, Recall: 0.63, F1-Score: 0.68, AUC: 0.71
Epoch [93/100] - [TRAIN] Loss: 0.5822, Accuracy: 71.58%, AUC: 0.71 [VAL] Loss: 0.5797, Accuracy: 71.57%, Precision: 0.73, Recall: 0.64, F1-Score: 0.68, AUC: 0.71
Epoch [94/100] - [TRAIN] Loss: 0.5843, Accuracy: 71.36%, AUC: 0.71 [VAL] Loss: 0.5759, Accuracy: 71.83%, Precision: 0.73, Recall: 0.64, F1-Score: 0.68, AUC: 0.71
Epoch [95/100] - [TRAIN] Loss: 0.5790, Accuracy: 71.95%, AUC: 0.72 [VAL] Loss: 0.5835, Accuracy: 70.83%, Precision: 0.72, Recall: 0.62, F1-Score: 0.67, AUC: 0.70
Epoch [96/100] - [TRAIN] Loss: 0.5809, Accuracy: 71.73%, AUC: 0.71 [VAL] Loss: 0.5844, Accuracy: 71.13%, Precision: 0.73, Recall: 0.63, F1-Score: 0.67, AUC: 0.71
Epoch [97/100] - [TRAIN] Loss: 0.5803, Accuracy: 71.47%, AUC: 0.71 [VAL] Loss: 0.5798, Accuracy: 72.09%, Precision: 0.74, Recall: 0.64, F1-Score: 0.68, AUC: 0.72
Epoch [98/100] - [TRAIN] Loss: 0.5831, Accuracy: 71.49%, AUC: 0.71 [VAL] Loss: 0.5778, Accuracy: 71.99%, Precision: 0.73, Recall: 0.64, F1-Score: 0.68, AUC: 0.71
Epoch [99/100] - [TRAIN] Loss: 0.5781, Accuracy: 71.73%, AUC: 0.71 [VAL] Loss: 0.5789, Accuracy: 71.68%, Precision: 0.72, Recall: 0.63, F1-Score: 0.68, AUC: 0.71
Epoch [100/100] - [TRAIN] Loss: 0.5813, Accuracy: 71.72%, AUC: 0.71 [VAL] Loss: 0.5829, Accuracy: 71.15%, Precision: 0.73, Recall: 0.63, F1-Score: 0.68, AUC: 0.71
Accuracy Score on test set: 71.76 %
    AUC Score on test set: 0.71
    Precision: 0.7389
    Recall: 0.6318
    F1-Score: 0.6811

    Detailed Classification Report:
                  precision    recall  f1-score   support

           0       0.70      0.80      0.75      5226
           1       0.74      0.63      0.68      4774

    accuracy                           0.72     10000
   macro avg       0.72      0.71      0.71     10000
weighted avg       0.72      0.72      0.72     10000


    Confusion Matrix:
    [[4160 1066]
 [1758 3016]]
    
023-H3K9ac-H3K27ac-H3K27me3
Epoch [1/100] - [TRAIN] Loss: 0.6248, Accuracy: 70.01%, AUC: 0.70 [VAL] Loss: 0.5964, Accuracy: 71.12%, Precision: 0.72, Recall: 0.63, F1-Score: 0.67, AUC: 0.71
Epoch [2/100] - [TRAIN] Loss: 0.6029, Accuracy: 71.10%, AUC: 0.71 [VAL] Loss: 0.5860, Accuracy: 72.20%, Precision: 0.72, Recall: 0.66, F1-Score: 0.69, AUC: 0.72
Epoch [3/100] - [TRAIN] Loss: 0.5961, Accuracy: 71.47%, AUC: 0.71 [VAL] Loss: 0.5932, Accuracy: 71.45%, Precision: 0.72, Recall: 0.65, F1-Score: 0.68, AUC: 0.71
Epoch [4/100] - [TRAIN] Loss: 0.5924, Accuracy: 71.27%, AUC: 0.71 [VAL] Loss: 0.5929, Accuracy: 70.92%, Precision: 0.72, Recall: 0.64, F1-Score: 0.67, AUC: 0.71
Epoch [5/100] - [TRAIN] Loss: 0.5911, Accuracy: 71.23%, AUC: 0.71 [VAL] Loss: 0.5882, Accuracy: 71.09%, Precision: 0.73, Recall: 0.63, F1-Score: 0.68, AUC: 0.71
Epoch [6/100] - [TRAIN] Loss: 0.5871, Accuracy: 71.51%, AUC: 0.71 [VAL] Loss: 0.5809, Accuracy: 71.67%, Precision: 0.73, Recall: 0.62, F1-Score: 0.67, AUC: 0.71
Epoch [7/100] - [TRAIN] Loss: 0.5866, Accuracy: 71.41%, AUC: 0.71 [VAL] Loss: 0.5885, Accuracy: 70.77%, Precision: 0.72, Recall: 0.61, F1-Score: 0.66, AUC: 0.70
Epoch [8/100] - [TRAIN] Loss: 0.5853, Accuracy: 71.52%, AUC: 0.71 [VAL] Loss: 0.5848, Accuracy: 71.90%, Precision: 0.75, Recall: 0.62, F1-Score: 0.68, AUC: 0.72
Epoch [9/100] - [TRAIN] Loss: 0.5833, Accuracy: 71.67%, AUC: 0.71 [VAL] Loss: 0.5856, Accuracy: 70.99%, Precision: 0.74, Recall: 0.61, F1-Score: 0.67, AUC: 0.71
Epoch [10/100] - [TRAIN] Loss: 0.5860, Accuracy: 71.52%, AUC: 0.71 [VAL] Loss: 0.5830, Accuracy: 71.96%, Precision: 0.74, Recall: 0.63, F1-Score: 0.68, AUC: 0.71
Epoch [11/100] - [TRAIN] Loss: 0.5819, Accuracy: 71.47%, AUC: 0.71 [VAL] Loss: 0.5801, Accuracy: 71.82%, Precision: 0.73, Recall: 0.65, F1-Score: 0.69, AUC: 0.72
Epoch [12/100] - [TRAIN] Loss: 0.5821, Accuracy: 71.84%, AUC: 0.71 [VAL] Loss: 0.5888, Accuracy: 71.12%, Precision: 0.73, Recall: 0.62, F1-Score: 0.67, AUC: 0.71
Epoch [13/100] - [TRAIN] Loss: 0.5800, Accuracy: 71.87%, AUC: 0.71 [VAL] Loss: 0.5851, Accuracy: 71.28%, Precision: 0.74, Recall: 0.62, F1-Score: 0.67, AUC: 0.71
Epoch [14/100] - [TRAIN] Loss: 0.5800, Accuracy: 71.85%, AUC: 0.71 [VAL] Loss: 0.5891, Accuracy: 70.52%, Precision: 0.73, Recall: 0.61, F1-Score: 0.67, AUC: 0.70
Epoch [15/100] - [TRAIN] Loss: 0.5802, Accuracy: 71.71%, AUC: 0.71 [VAL] Loss: 0.5799, Accuracy: 71.59%, Precision: 0.74, Recall: 0.61, F1-Score: 0.67, AUC: 0.71
Epoch [16/100] - [TRAIN] Loss: 0.5824, Accuracy: 71.39%, AUC: 0.71 [VAL] Loss: 0.5776, Accuracy: 72.45%, Precision: 0.74, Recall: 0.63, F1-Score: 0.68, AUC: 0.72
Epoch [17/100] - [TRAIN] Loss: 0.5790, Accuracy: 71.99%, AUC: 0.72 [VAL] Loss: 0.5805, Accuracy: 71.69%, Precision: 0.72, Recall: 0.62, F1-Score: 0.67, AUC: 0.71
Epoch [18/100] - [TRAIN] Loss: 0.5815, Accuracy: 71.42%, AUC: 0.71 [VAL] Loss: 0.5786, Accuracy: 71.17%, Precision: 0.74, Recall: 0.62, F1-Score: 0.68, AUC: 0.71
Epoch [19/100] - [TRAIN] Loss: 0.5793, Accuracy: 71.82%, AUC: 0.71 [VAL] Loss: 0.5764, Accuracy: 71.81%, Precision: 0.73, Recall: 0.63, F1-Score: 0.68, AUC: 0.71
Epoch [20/100] - [TRAIN] Loss: 0.5791, Accuracy: 71.79%, AUC: 0.71 [VAL] Loss: 0.5743, Accuracy: 71.84%, Precision: 0.74, Recall: 0.61, F1-Score: 0.67, AUC: 0.71
Epoch [21/100] - [TRAIN] Loss: 0.5769, Accuracy: 71.90%, AUC: 0.72 [VAL] Loss: 0.5795, Accuracy: 72.01%, Precision: 0.74, Recall: 0.63, F1-Score: 0.68, AUC: 0.71
Epoch [22/100] - [TRAIN] Loss: 0.5775, Accuracy: 71.92%, AUC: 0.72 [VAL] Loss: 0.5711, Accuracy: 72.68%, Precision: 0.74, Recall: 0.64, F1-Score: 0.69, AUC: 0.72
Epoch [23/100] - [TRAIN] Loss: 0.5771, Accuracy: 71.92%, AUC: 0.72 [VAL] Loss: 0.5777, Accuracy: 71.38%, Precision: 0.74, Recall: 0.62, F1-Score: 0.68, AUC: 0.71
Epoch [24/100] - [TRAIN] Loss: 0.5750, Accuracy: 72.00%, AUC: 0.72 [VAL] Loss: 0.5846, Accuracy: 70.82%, Precision: 0.73, Recall: 0.61, F1-Score: 0.66, AUC: 0.70
Epoch [25/100] - [TRAIN] Loss: 0.5764, Accuracy: 71.81%, AUC: 0.71 [VAL] Loss: 0.5794, Accuracy: 71.81%, Precision: 0.73, Recall: 0.63, F1-Score: 0.68, AUC: 0.71
Epoch [26/100] - [TRAIN] Loss: 0.5725, Accuracy: 72.07%, AUC: 0.72 [VAL] Loss: 0.5803, Accuracy: 71.15%, Precision: 0.74, Recall: 0.61, F1-Score: 0.67, AUC: 0.71
Epoch [27/100] - [TRAIN] Loss: 0.5751, Accuracy: 71.90%, AUC: 0.72 [VAL] Loss: 0.5816, Accuracy: 71.01%, Precision: 0.74, Recall: 0.61, F1-Score: 0.67, AUC: 0.71
Epoch [28/100] - [TRAIN] Loss: 0.5758, Accuracy: 71.87%, AUC: 0.72 [VAL] Loss: 0.5776, Accuracy: 71.64%, Precision: 0.73, Recall: 0.63, F1-Score: 0.68, AUC: 0.71
Epoch [29/100] - [TRAIN] Loss: 0.5742, Accuracy: 71.96%, AUC: 0.72 [VAL] Loss: 0.5754, Accuracy: 71.62%, Precision: 0.73, Recall: 0.63, F1-Score: 0.68, AUC: 0.71
Epoch [30/100] - [TRAIN] Loss: 0.5742, Accuracy: 71.98%, AUC: 0.72 [VAL] Loss: 0.5792, Accuracy: 71.63%, Precision: 0.73, Recall: 0.63, F1-Score: 0.68, AUC: 0.71
Epoch [31/100] - [TRAIN] Loss: 0.5727, Accuracy: 72.07%, AUC: 0.72 [VAL] Loss: 0.5776, Accuracy: 71.47%, Precision: 0.74, Recall: 0.63, F1-Score: 0.68, AUC: 0.71
Epoch [32/100] - [TRAIN] Loss: 0.5737, Accuracy: 72.16%, AUC: 0.72 [VAL] Loss: 0.5787, Accuracy: 71.78%, Precision: 0.73, Recall: 0.63, F1-Score: 0.68, AUC: 0.71
Epoch [33/100] - [TRAIN] Loss: 0.5754, Accuracy: 71.79%, AUC: 0.71 [VAL] Loss: 0.5791, Accuracy: 71.40%, Precision: 0.73, Recall: 0.62, F1-Score: 0.67, AUC: 0.71
Epoch [34/100] - [TRAIN] Loss: 0.5718, Accuracy: 72.07%, AUC: 0.72 [VAL] Loss: 0.5722, Accuracy: 72.52%, Precision: 0.74, Recall: 0.64, F1-Score: 0.69, AUC: 0.72
Epoch [35/100] - [TRAIN] Loss: 0.5733, Accuracy: 71.92%, AUC: 0.72 [VAL] Loss: 0.5792, Accuracy: 72.01%, Precision: 0.74, Recall: 0.63, F1-Score: 0.68, AUC: 0.72
Epoch [36/100] - [TRAIN] Loss: 0.5760, Accuracy: 71.84%, AUC: 0.71 [VAL] Loss: 0.5754, Accuracy: 72.22%, Precision: 0.74, Recall: 0.64, F1-Score: 0.69, AUC: 0.72
Epoch [37/100] - [TRAIN] Loss: 0.5713, Accuracy: 71.97%, AUC: 0.72 [VAL] Loss: 0.5785, Accuracy: 70.72%, Precision: 0.73, Recall: 0.62, F1-Score: 0.67, AUC: 0.70
Epoch [38/100] - [TRAIN] Loss: 0.5756, Accuracy: 71.90%, AUC: 0.72 [VAL] Loss: 0.5782, Accuracy: 71.74%, Precision: 0.73, Recall: 0.64, F1-Score: 0.68, AUC: 0.71
Epoch [39/100] - [TRAIN] Loss: 0.5753, Accuracy: 71.77%, AUC: 0.71 [VAL] Loss: 0.5757, Accuracy: 71.71%, Precision: 0.74, Recall: 0.63, F1-Score: 0.68, AUC: 0.71
Epoch [40/100] - [TRAIN] Loss: 0.5761, Accuracy: 71.62%, AUC: 0.71 [VAL] Loss: 0.5717, Accuracy: 71.93%, Precision: 0.74, Recall: 0.64, F1-Score: 0.69, AUC: 0.72
Epoch [41/100] - [TRAIN] Loss: 0.5719, Accuracy: 72.08%, AUC: 0.72 [VAL] Loss: 0.5802, Accuracy: 71.64%, Precision: 0.74, Recall: 0.63, F1-Score: 0.68, AUC: 0.71
Epoch [42/100] - [TRAIN] Loss: 0.5764, Accuracy: 71.86%, AUC: 0.72 [VAL] Loss: 0.5815, Accuracy: 71.62%, Precision: 0.73, Recall: 0.63, F1-Score: 0.68, AUC: 0.71
Epoch [43/100] - [TRAIN] Loss: 0.5767, Accuracy: 71.61%, AUC: 0.71 [VAL] Loss: 0.5747, Accuracy: 71.45%, Precision: 0.73, Recall: 0.62, F1-Score: 0.67, AUC: 0.71
Epoch [44/100] - [TRAIN] Loss: 0.5759, Accuracy: 71.91%, AUC: 0.72 [VAL] Loss: 0.5784, Accuracy: 71.92%, Precision: 0.74, Recall: 0.62, F1-Score: 0.68, AUC: 0.71
Epoch [45/100] - [TRAIN] Loss: 0.5770, Accuracy: 71.64%, AUC: 0.71 [VAL] Loss: 0.5724, Accuracy: 72.19%, Precision: 0.73, Recall: 0.64, F1-Score: 0.68, AUC: 0.72
Epoch [46/100] - [TRAIN] Loss: 0.5761, Accuracy: 71.91%, AUC: 0.72 [VAL] Loss: 0.5762, Accuracy: 71.02%, Precision: 0.72, Recall: 0.62, F1-Score: 0.67, AUC: 0.70
Epoch [47/100] - [TRAIN] Loss: 0.5732, Accuracy: 71.99%, AUC: 0.72 [VAL] Loss: 0.5793, Accuracy: 71.56%, Precision: 0.73, Recall: 0.63, F1-Score: 0.68, AUC: 0.71
Epoch [48/100] - [TRAIN] Loss: 0.5735, Accuracy: 71.92%, AUC: 0.72 [VAL] Loss: 0.5732, Accuracy: 71.56%, Precision: 0.73, Recall: 0.62, F1-Score: 0.67, AUC: 0.71
Epoch [49/100] - [TRAIN] Loss: 0.5767, Accuracy: 71.94%, AUC: 0.72 [VAL] Loss: 0.5775, Accuracy: 71.23%, Precision: 0.73, Recall: 0.63, F1-Score: 0.67, AUC: 0.71
Epoch [50/100] - [TRAIN] Loss: 0.5743, Accuracy: 72.16%, AUC: 0.72 [VAL] Loss: 0.5810, Accuracy: 70.92%, Precision: 0.72, Recall: 0.63, F1-Score: 0.67, AUC: 0.71
Epoch [51/100] - [TRAIN] Loss: 0.5752, Accuracy: 71.91%, AUC: 0.72 [VAL] Loss: 0.5798, Accuracy: 71.12%, Precision: 0.74, Recall: 0.62, F1-Score: 0.67, AUC: 0.71
Epoch [52/100] - [TRAIN] Loss: 0.5767, Accuracy: 71.74%, AUC: 0.71 [VAL] Loss: 0.5847, Accuracy: 70.42%, Precision: 0.71, Recall: 0.62, F1-Score: 0.66, AUC: 0.70
Epoch [53/100] - [TRAIN] Loss: 0.5765, Accuracy: 71.86%, AUC: 0.71 [VAL] Loss: 0.5813, Accuracy: 71.23%, Precision: 0.72, Recall: 0.62, F1-Score: 0.67, AUC: 0.71
Epoch [54/100] - [TRAIN] Loss: 0.5763, Accuracy: 71.73%, AUC: 0.71 [VAL] Loss: 0.5732, Accuracy: 71.50%, Precision: 0.73, Recall: 0.63, F1-Score: 0.67, AUC: 0.71
Epoch [55/100] - [TRAIN] Loss: 0.5748, Accuracy: 71.81%, AUC: 0.72 [VAL] Loss: 0.5717, Accuracy: 71.40%, Precision: 0.73, Recall: 0.63, F1-Score: 0.68, AUC: 0.71
Epoch [56/100] - [TRAIN] Loss: 0.5737, Accuracy: 72.03%, AUC: 0.72 [VAL] Loss: 0.5754, Accuracy: 72.02%, Precision: 0.74, Recall: 0.63, F1-Score: 0.68, AUC: 0.72
Epoch [57/100] - [TRAIN] Loss: 0.5736, Accuracy: 71.93%, AUC: 0.72 [VAL] Loss: 0.5761, Accuracy: 71.25%, Precision: 0.73, Recall: 0.62, F1-Score: 0.67, AUC: 0.71
Epoch [58/100] - [TRAIN] Loss: 0.5773, Accuracy: 71.86%, AUC: 0.72 [VAL] Loss: 0.5719, Accuracy: 71.80%, Precision: 0.73, Recall: 0.63, F1-Score: 0.68, AUC: 0.71
Epoch [59/100] - [TRAIN] Loss: 0.5756, Accuracy: 71.88%, AUC: 0.71 [VAL] Loss: 0.5695, Accuracy: 72.16%, Precision: 0.73, Recall: 0.64, F1-Score: 0.68, AUC: 0.72
Epoch [60/100] - [TRAIN] Loss: 0.5756, Accuracy: 71.94%, AUC: 0.72 [VAL] Loss: 0.5693, Accuracy: 72.10%, Precision: 0.74, Recall: 0.64, F1-Score: 0.69, AUC: 0.72
Epoch [61/100] - [TRAIN] Loss: 0.5768, Accuracy: 71.75%, AUC: 0.71 [VAL] Loss: 0.5755, Accuracy: 71.80%, Precision: 0.73, Recall: 0.63, F1-Score: 0.68, AUC: 0.71
Epoch [62/100] - [TRAIN] Loss: 0.5736, Accuracy: 72.00%, AUC: 0.72 [VAL] Loss: 0.5784, Accuracy: 71.28%, Precision: 0.72, Recall: 0.64, F1-Score: 0.68, AUC: 0.71
Epoch [63/100] - [TRAIN] Loss: 0.5773, Accuracy: 71.84%, AUC: 0.72 [VAL] Loss: 0.5733, Accuracy: 71.98%, Precision: 0.74, Recall: 0.63, F1-Score: 0.68, AUC: 0.72
Epoch [64/100] - [TRAIN] Loss: 0.5736, Accuracy: 71.94%, AUC: 0.72 [VAL] Loss: 0.5742, Accuracy: 71.47%, Precision: 0.72, Recall: 0.63, F1-Score: 0.67, AUC: 0.71
Epoch [65/100] - [TRAIN] Loss: 0.5748, Accuracy: 71.86%, AUC: 0.71 [VAL] Loss: 0.5833, Accuracy: 70.92%, Precision: 0.73, Recall: 0.62, F1-Score: 0.67, AUC: 0.71
Epoch [66/100] - [TRAIN] Loss: 0.5748, Accuracy: 71.62%, AUC: 0.71 [VAL] Loss: 0.5724, Accuracy: 71.94%, Precision: 0.73, Recall: 0.63, F1-Score: 0.68, AUC: 0.71
Epoch [67/100] - [TRAIN] Loss: 0.5761, Accuracy: 71.87%, AUC: 0.71 [VAL] Loss: 0.5743, Accuracy: 71.96%, Precision: 0.73, Recall: 0.63, F1-Score: 0.68, AUC: 0.71
Epoch [68/100] - [TRAIN] Loss: 0.5732, Accuracy: 72.02%, AUC: 0.72 [VAL] Loss: 0.5723, Accuracy: 71.77%, Precision: 0.73, Recall: 0.63, F1-Score: 0.68, AUC: 0.71
Epoch [69/100] - [TRAIN] Loss: 0.5757, Accuracy: 71.77%, AUC: 0.71 [VAL] Loss: 0.5748, Accuracy: 71.19%, Precision: 0.73, Recall: 0.62, F1-Score: 0.67, AUC: 0.71
Epoch [70/100] - [TRAIN] Loss: 0.5776, Accuracy: 71.78%, AUC: 0.71 [VAL] Loss: 0.5748, Accuracy: 71.91%, Precision: 0.74, Recall: 0.63, F1-Score: 0.68, AUC: 0.71
Epoch [71/100] - [TRAIN] Loss: 0.5758, Accuracy: 71.85%, AUC: 0.71 [VAL] Loss: 0.5750, Accuracy: 72.37%, Precision: 0.74, Recall: 0.65, F1-Score: 0.69, AUC: 0.72
Epoch [72/100] - [TRAIN] Loss: 0.5786, Accuracy: 71.79%, AUC: 0.71 [VAL] Loss: 0.5755, Accuracy: 71.85%, Precision: 0.74, Recall: 0.63, F1-Score: 0.68, AUC: 0.71
Epoch [73/100] - [TRAIN] Loss: 0.5784, Accuracy: 71.73%, AUC: 0.71 [VAL] Loss: 0.5721, Accuracy: 72.17%, Precision: 0.74, Recall: 0.64, F1-Score: 0.68, AUC: 0.72
Epoch [74/100] - [TRAIN] Loss: 0.5771, Accuracy: 71.80%, AUC: 0.71 [VAL] Loss: 0.5646, Accuracy: 72.35%, Precision: 0.75, Recall: 0.64, F1-Score: 0.69, AUC: 0.72
Epoch [75/100] - [TRAIN] Loss: 0.5748, Accuracy: 71.88%, AUC: 0.72 [VAL] Loss: 0.5782, Accuracy: 71.58%, Precision: 0.74, Recall: 0.63, F1-Score: 0.68, AUC: 0.71
Epoch [76/100] - [TRAIN] Loss: 0.5764, Accuracy: 71.66%, AUC: 0.71 [VAL] Loss: 0.5751, Accuracy: 71.98%, Precision: 0.74, Recall: 0.64, F1-Score: 0.68, AUC: 0.72
Epoch [77/100] - [TRAIN] Loss: 0.5771, Accuracy: 71.80%, AUC: 0.71 [VAL] Loss: 0.5701, Accuracy: 72.05%, Precision: 0.74, Recall: 0.63, F1-Score: 0.68, AUC: 0.72
Epoch [78/100] - [TRAIN] Loss: 0.5770, Accuracy: 71.67%, AUC: 0.71 [VAL] Loss: 0.5793, Accuracy: 71.23%, Precision: 0.72, Recall: 0.63, F1-Score: 0.67, AUC: 0.71
Epoch [79/100] - [TRAIN] Loss: 0.5746, Accuracy: 71.95%, AUC: 0.72 [VAL] Loss: 0.5793, Accuracy: 71.63%, Precision: 0.73, Recall: 0.62, F1-Score: 0.67, AUC: 0.71
Epoch [80/100] - [TRAIN] Loss: 0.5757, Accuracy: 71.89%, AUC: 0.71 [VAL] Loss: 0.5757, Accuracy: 71.74%, Precision: 0.73, Recall: 0.63, F1-Score: 0.67, AUC: 0.71
Epoch [81/100] - [TRAIN] Loss: 0.5708, Accuracy: 72.20%, AUC: 0.72 [VAL] Loss: 0.5655, Accuracy: 72.15%, Precision: 0.74, Recall: 0.63, F1-Score: 0.68, AUC: 0.72
Epoch [82/100] - [TRAIN] Loss: 0.5765, Accuracy: 71.61%, AUC: 0.71 [VAL] Loss: 0.5705, Accuracy: 71.42%, Precision: 0.73, Recall: 0.63, F1-Score: 0.67, AUC: 0.71
Epoch [83/100] - [TRAIN] Loss: 0.5709, Accuracy: 72.20%, AUC: 0.72 [VAL] Loss: 0.5712, Accuracy: 71.83%, Precision: 0.74, Recall: 0.63, F1-Score: 0.68, AUC: 0.71
Epoch [84/100] - [TRAIN] Loss: 0.5725, Accuracy: 72.17%, AUC: 0.72 [VAL] Loss: 0.5778, Accuracy: 71.78%, Precision: 0.74, Recall: 0.64, F1-Score: 0.69, AUC: 0.72
Epoch [85/100] - [TRAIN] Loss: 0.5746, Accuracy: 72.04%, AUC: 0.72 [VAL] Loss: 0.5781, Accuracy: 72.18%, Precision: 0.73, Recall: 0.64, F1-Score: 0.68, AUC: 0.72
Epoch [86/100] - [TRAIN] Loss: 0.5755, Accuracy: 71.74%, AUC: 0.71 [VAL] Loss: 0.5761, Accuracy: 71.43%, Precision: 0.73, Recall: 0.62, F1-Score: 0.67, AUC: 0.71
Epoch [87/100] - [TRAIN] Loss: 0.5737, Accuracy: 71.80%, AUC: 0.71 [VAL] Loss: 0.5766, Accuracy: 71.78%, Precision: 0.74, Recall: 0.63, F1-Score: 0.68, AUC: 0.71
Epoch [88/100] - [TRAIN] Loss: 0.5732, Accuracy: 72.15%, AUC: 0.72 [VAL] Loss: 0.5751, Accuracy: 72.04%, Precision: 0.73, Recall: 0.64, F1-Score: 0.68, AUC: 0.72
Epoch [89/100] - [TRAIN] Loss: 0.5790, Accuracy: 71.61%, AUC: 0.71 [VAL] Loss: 0.5763, Accuracy: 71.78%, Precision: 0.73, Recall: 0.63, F1-Score: 0.67, AUC: 0.71
Epoch [90/100] - [TRAIN] Loss: 0.5773, Accuracy: 71.72%, AUC: 0.71 [VAL] Loss: 0.5760, Accuracy: 71.53%, Precision: 0.73, Recall: 0.62, F1-Score: 0.67, AUC: 0.71
Epoch [91/100] - [TRAIN] Loss: 0.5747, Accuracy: 72.00%, AUC: 0.72 [VAL] Loss: 0.5784, Accuracy: 71.59%, Precision: 0.73, Recall: 0.63, F1-Score: 0.68, AUC: 0.71
Epoch [92/100] - [TRAIN] Loss: 0.5783, Accuracy: 71.76%, AUC: 0.71 [VAL] Loss: 0.5688, Accuracy: 72.31%, Precision: 0.74, Recall: 0.64, F1-Score: 0.68, AUC: 0.72
Epoch [93/100] - [TRAIN] Loss: 0.5730, Accuracy: 72.09%, AUC: 0.72 [VAL] Loss: 0.5718, Accuracy: 72.06%, Precision: 0.74, Recall: 0.63, F1-Score: 0.68, AUC: 0.72
Epoch [94/100] - [TRAIN] Loss: 0.5766, Accuracy: 71.77%, AUC: 0.71 [VAL] Loss: 0.5819, Accuracy: 71.11%, Precision: 0.72, Recall: 0.62, F1-Score: 0.67, AUC: 0.71
Epoch [95/100] - [TRAIN] Loss: 0.5750, Accuracy: 71.97%, AUC: 0.72 [VAL] Loss: 0.5781, Accuracy: 71.31%, Precision: 0.73, Recall: 0.62, F1-Score: 0.67, AUC: 0.71
Epoch [96/100] - [TRAIN] Loss: 0.5749, Accuracy: 71.89%, AUC: 0.72 [VAL] Loss: 0.5801, Accuracy: 71.61%, Precision: 0.74, Recall: 0.63, F1-Score: 0.68, AUC: 0.71
Epoch [97/100] - [TRAIN] Loss: 0.5751, Accuracy: 72.01%, AUC: 0.72 [VAL] Loss: 0.5733, Accuracy: 72.29%, Precision: 0.74, Recall: 0.63, F1-Score: 0.68, AUC: 0.72
Epoch [98/100] - [TRAIN] Loss: 0.5721, Accuracy: 72.02%, AUC: 0.72 [VAL] Loss: 0.5738, Accuracy: 71.38%, Precision: 0.72, Recall: 0.63, F1-Score: 0.67, AUC: 0.71
Epoch [99/100] - [TRAIN] Loss: 0.5785, Accuracy: 71.44%, AUC: 0.71 [VAL] Loss: 0.5743, Accuracy: 71.92%, Precision: 0.74, Recall: 0.63, F1-Score: 0.68, AUC: 0.71
Epoch [100/100] - [TRAIN] Loss: 0.5775, Accuracy: 71.73%, AUC: 0.71 [VAL] Loss: 0.5674, Accuracy: 71.92%, Precision: 0.74, Recall: 0.63, F1-Score: 0.68, AUC: 0.71
Accuracy Score on test set: 71.31 %
    AUC Score on test set: 0.71
    Precision: 0.7252
    Recall: 0.6217
    F1-Score: 0.6694

    Detailed Classification Report:
                  precision    recall  f1-score   support

           0       0.71      0.79      0.75      5327
           1       0.73      0.62      0.67      4673

    accuracy                           0.71     10000
   macro avg       0.72      0.71      0.71     10000
weighted avg       0.71      0.71      0.71     10000


    Confusion Matrix:
    [[4226 1101]
 [1768 2905]]
    
024-H3K9me3-H3K27ac-H3K27me3
Epoch [1/100] - [TRAIN] Loss: 0.6613, Accuracy: 64.91%, AUC: 0.65 [VAL] Loss: 0.6359, Accuracy: 68.08%, Precision: 0.66, Recall: 0.65, F1-Score: 0.66, AUC: 0.68
Epoch [2/100] - [TRAIN] Loss: 0.6359, Accuracy: 68.50%, AUC: 0.68 [VAL] Loss: 0.6162, Accuracy: 70.14%, Precision: 0.70, Recall: 0.64, F1-Score: 0.67, AUC: 0.70
Epoch [3/100] - [TRAIN] Loss: 0.6241, Accuracy: 69.28%, AUC: 0.69 [VAL] Loss: 0.6066, Accuracy: 70.64%, Precision: 0.71, Recall: 0.65, F1-Score: 0.68, AUC: 0.70
Epoch [4/100] - [TRAIN] Loss: 0.6218, Accuracy: 69.14%, AUC: 0.69 [VAL] Loss: 0.6018, Accuracy: 70.74%, Precision: 0.72, Recall: 0.63, F1-Score: 0.67, AUC: 0.70
Epoch [5/100] - [TRAIN] Loss: 0.6170, Accuracy: 69.45%, AUC: 0.69 [VAL] Loss: 0.6038, Accuracy: 70.28%, Precision: 0.71, Recall: 0.63, F1-Score: 0.66, AUC: 0.70
Epoch [6/100] - [TRAIN] Loss: 0.6143, Accuracy: 69.59%, AUC: 0.69 [VAL] Loss: 0.6021, Accuracy: 69.73%, Precision: 0.71, Recall: 0.60, F1-Score: 0.65, AUC: 0.69
Epoch [7/100] - [TRAIN] Loss: 0.6132, Accuracy: 69.74%, AUC: 0.69 [VAL] Loss: 0.5967, Accuracy: 70.44%, Precision: 0.71, Recall: 0.62, F1-Score: 0.66, AUC: 0.70
Epoch [8/100] - [TRAIN] Loss: 0.6103, Accuracy: 69.65%, AUC: 0.69 [VAL] Loss: 0.6015, Accuracy: 70.27%, Precision: 0.71, Recall: 0.61, F1-Score: 0.66, AUC: 0.70
Epoch [9/100] - [TRAIN] Loss: 0.6105, Accuracy: 69.52%, AUC: 0.69 [VAL] Loss: 0.6004, Accuracy: 70.09%, Precision: 0.70, Recall: 0.62, F1-Score: 0.66, AUC: 0.70
Epoch [10/100] - [TRAIN] Loss: 0.6064, Accuracy: 69.91%, AUC: 0.70 [VAL] Loss: 0.5953, Accuracy: 71.13%, Precision: 0.72, Recall: 0.62, F1-Score: 0.66, AUC: 0.70
Epoch [11/100] - [TRAIN] Loss: 0.6100, Accuracy: 69.56%, AUC: 0.69 [VAL] Loss: 0.5977, Accuracy: 70.09%, Precision: 0.71, Recall: 0.61, F1-Score: 0.66, AUC: 0.70
Epoch [12/100] - [TRAIN] Loss: 0.6077, Accuracy: 69.62%, AUC: 0.69 [VAL] Loss: 0.5931, Accuracy: 70.55%, Precision: 0.71, Recall: 0.62, F1-Score: 0.66, AUC: 0.70
Epoch [13/100] - [TRAIN] Loss: 0.6085, Accuracy: 69.48%, AUC: 0.69 [VAL] Loss: 0.6015, Accuracy: 69.84%, Precision: 0.70, Recall: 0.63, F1-Score: 0.66, AUC: 0.69
Epoch [14/100] - [TRAIN] Loss: 0.6067, Accuracy: 69.81%, AUC: 0.69 [VAL] Loss: 0.5934, Accuracy: 70.40%, Precision: 0.72, Recall: 0.61, F1-Score: 0.66, AUC: 0.70
Epoch [15/100] - [TRAIN] Loss: 0.6027, Accuracy: 69.90%, AUC: 0.70 [VAL] Loss: 0.5874, Accuracy: 70.71%, Precision: 0.72, Recall: 0.63, F1-Score: 0.67, AUC: 0.70
Epoch [16/100] - [TRAIN] Loss: 0.6042, Accuracy: 69.94%, AUC: 0.70 [VAL] Loss: 0.5926, Accuracy: 70.68%, Precision: 0.72, Recall: 0.62, F1-Score: 0.66, AUC: 0.70
Epoch [17/100] - [TRAIN] Loss: 0.6043, Accuracy: 69.93%, AUC: 0.70 [VAL] Loss: 0.5914, Accuracy: 70.26%, Precision: 0.71, Recall: 0.62, F1-Score: 0.66, AUC: 0.70
Epoch [18/100] - [TRAIN] Loss: 0.6012, Accuracy: 70.09%, AUC: 0.70 [VAL] Loss: 0.5923, Accuracy: 70.32%, Precision: 0.72, Recall: 0.61, F1-Score: 0.66, AUC: 0.70
Epoch [19/100] - [TRAIN] Loss: 0.6009, Accuracy: 70.34%, AUC: 0.70 [VAL] Loss: 0.5923, Accuracy: 70.30%, Precision: 0.71, Recall: 0.61, F1-Score: 0.66, AUC: 0.70
Epoch [20/100] - [TRAIN] Loss: 0.5985, Accuracy: 69.98%, AUC: 0.70 [VAL] Loss: 0.5930, Accuracy: 70.30%, Precision: 0.71, Recall: 0.61, F1-Score: 0.66, AUC: 0.70
Epoch [21/100] - [TRAIN] Loss: 0.6003, Accuracy: 70.11%, AUC: 0.70 [VAL] Loss: 0.5883, Accuracy: 70.60%, Precision: 0.72, Recall: 0.62, F1-Score: 0.67, AUC: 0.70
Epoch [22/100] - [TRAIN] Loss: 0.6033, Accuracy: 69.76%, AUC: 0.69 [VAL] Loss: 0.5849, Accuracy: 70.58%, Precision: 0.72, Recall: 0.63, F1-Score: 0.67, AUC: 0.70
Epoch [23/100] - [TRAIN] Loss: 0.5977, Accuracy: 70.22%, AUC: 0.70 [VAL] Loss: 0.5939, Accuracy: 69.76%, Precision: 0.71, Recall: 0.62, F1-Score: 0.66, AUC: 0.69
Epoch [24/100] - [TRAIN] Loss: 0.5978, Accuracy: 70.31%, AUC: 0.70 [VAL] Loss: 0.5940, Accuracy: 70.08%, Precision: 0.71, Recall: 0.61, F1-Score: 0.66, AUC: 0.70
Epoch [25/100] - [TRAIN] Loss: 0.5958, Accuracy: 70.33%, AUC: 0.70 [VAL] Loss: 0.5894, Accuracy: 70.71%, Precision: 0.72, Recall: 0.61, F1-Score: 0.66, AUC: 0.70
Epoch [26/100] - [TRAIN] Loss: 0.5995, Accuracy: 70.07%, AUC: 0.70 [VAL] Loss: 0.5903, Accuracy: 70.25%, Precision: 0.71, Recall: 0.61, F1-Score: 0.66, AUC: 0.70
Epoch [27/100] - [TRAIN] Loss: 0.6022, Accuracy: 69.76%, AUC: 0.69 [VAL] Loss: 0.5904, Accuracy: 70.16%, Precision: 0.71, Recall: 0.61, F1-Score: 0.66, AUC: 0.70
Epoch [28/100] - [TRAIN] Loss: 0.6001, Accuracy: 70.42%, AUC: 0.70 [VAL] Loss: 0.5902, Accuracy: 69.81%, Precision: 0.71, Recall: 0.62, F1-Score: 0.66, AUC: 0.69
Epoch [29/100] - [TRAIN] Loss: 0.6014, Accuracy: 69.85%, AUC: 0.70 [VAL] Loss: 0.5936, Accuracy: 70.66%, Precision: 0.71, Recall: 0.63, F1-Score: 0.67, AUC: 0.70
Epoch [30/100] - [TRAIN] Loss: 0.5963, Accuracy: 70.31%, AUC: 0.70 [VAL] Loss: 0.5958, Accuracy: 69.49%, Precision: 0.71, Recall: 0.60, F1-Score: 0.65, AUC: 0.69
Epoch [31/100] - [TRAIN] Loss: 0.5992, Accuracy: 69.78%, AUC: 0.69 [VAL] Loss: 0.5947, Accuracy: 70.17%, Precision: 0.72, Recall: 0.61, F1-Score: 0.66, AUC: 0.70
Epoch [32/100] - [TRAIN] Loss: 0.6001, Accuracy: 69.93%, AUC: 0.70 [VAL] Loss: 0.5923, Accuracy: 70.11%, Precision: 0.72, Recall: 0.62, F1-Score: 0.66, AUC: 0.70
Epoch [33/100] - [TRAIN] Loss: 0.6009, Accuracy: 70.01%, AUC: 0.70 [VAL] Loss: 0.5910, Accuracy: 70.46%, Precision: 0.72, Recall: 0.62, F1-Score: 0.67, AUC: 0.70
Epoch [34/100] - [TRAIN] Loss: 0.5981, Accuracy: 70.07%, AUC: 0.70 [VAL] Loss: 0.5897, Accuracy: 71.07%, Precision: 0.73, Recall: 0.63, F1-Score: 0.67, AUC: 0.71
Epoch [35/100] - [TRAIN] Loss: 0.6008, Accuracy: 69.99%, AUC: 0.70 [VAL] Loss: 0.5855, Accuracy: 71.29%, Precision: 0.72, Recall: 0.63, F1-Score: 0.67, AUC: 0.71
Epoch [36/100] - [TRAIN] Loss: 0.5999, Accuracy: 70.09%, AUC: 0.70 [VAL] Loss: 0.5942, Accuracy: 70.41%, Precision: 0.72, Recall: 0.61, F1-Score: 0.66, AUC: 0.70
Epoch [37/100] - [TRAIN] Loss: 0.5982, Accuracy: 70.10%, AUC: 0.70 [VAL] Loss: 0.5978, Accuracy: 69.38%, Precision: 0.70, Recall: 0.61, F1-Score: 0.65, AUC: 0.69
Epoch [38/100] - [TRAIN] Loss: 0.5981, Accuracy: 70.10%, AUC: 0.70 [VAL] Loss: 0.5913, Accuracy: 70.73%, Precision: 0.71, Recall: 0.62, F1-Score: 0.66, AUC: 0.70
Epoch [39/100] - [TRAIN] Loss: 0.5997, Accuracy: 70.09%, AUC: 0.70 [VAL] Loss: 0.5871, Accuracy: 70.52%, Precision: 0.72, Recall: 0.62, F1-Score: 0.66, AUC: 0.70
Epoch [40/100] - [TRAIN] Loss: 0.5986, Accuracy: 70.23%, AUC: 0.70 [VAL] Loss: 0.5896, Accuracy: 70.28%, Precision: 0.72, Recall: 0.62, F1-Score: 0.66, AUC: 0.70
Epoch [41/100] - [TRAIN] Loss: 0.6004, Accuracy: 70.06%, AUC: 0.70 [VAL] Loss: 0.5870, Accuracy: 70.46%, Precision: 0.71, Recall: 0.63, F1-Score: 0.67, AUC: 0.70
Epoch [42/100] - [TRAIN] Loss: 0.5987, Accuracy: 70.10%, AUC: 0.70 [VAL] Loss: 0.5970, Accuracy: 69.31%, Precision: 0.71, Recall: 0.61, F1-Score: 0.65, AUC: 0.69
Epoch [43/100] - [TRAIN] Loss: 0.6000, Accuracy: 70.21%, AUC: 0.70 [VAL] Loss: 0.5877, Accuracy: 70.77%, Precision: 0.72, Recall: 0.63, F1-Score: 0.67, AUC: 0.70
Epoch [44/100] - [TRAIN] Loss: 0.5996, Accuracy: 70.06%, AUC: 0.70 [VAL] Loss: 0.5946, Accuracy: 70.67%, Precision: 0.72, Recall: 0.63, F1-Score: 0.67, AUC: 0.70
Epoch [45/100] - [TRAIN] Loss: 0.6016, Accuracy: 69.87%, AUC: 0.70 [VAL] Loss: 0.5867, Accuracy: 70.34%, Precision: 0.71, Recall: 0.62, F1-Score: 0.66, AUC: 0.70
Epoch [46/100] - [TRAIN] Loss: 0.6024, Accuracy: 69.91%, AUC: 0.70 [VAL] Loss: 0.5859, Accuracy: 70.97%, Precision: 0.73, Recall: 0.62, F1-Score: 0.67, AUC: 0.71
Epoch [47/100] - [TRAIN] Loss: 0.5985, Accuracy: 70.18%, AUC: 0.70 [VAL] Loss: 0.5896, Accuracy: 69.74%, Precision: 0.71, Recall: 0.61, F1-Score: 0.66, AUC: 0.69
Epoch [48/100] - [TRAIN] Loss: 0.5984, Accuracy: 70.06%, AUC: 0.70 [VAL] Loss: 0.5913, Accuracy: 70.15%, Precision: 0.72, Recall: 0.61, F1-Score: 0.66, AUC: 0.70
Epoch [49/100] - [TRAIN] Loss: 0.5990, Accuracy: 70.18%, AUC: 0.70 [VAL] Loss: 0.5905, Accuracy: 70.45%, Precision: 0.71, Recall: 0.62, F1-Score: 0.66, AUC: 0.70
Epoch [50/100] - [TRAIN] Loss: 0.5984, Accuracy: 70.24%, AUC: 0.70 [VAL] Loss: 0.5858, Accuracy: 70.27%, Precision: 0.71, Recall: 0.62, F1-Score: 0.66, AUC: 0.70
Epoch [51/100] - [TRAIN] Loss: 0.5997, Accuracy: 70.04%, AUC: 0.70 [VAL] Loss: 0.5859, Accuracy: 71.33%, Precision: 0.72, Recall: 0.62, F1-Score: 0.67, AUC: 0.71
Epoch [52/100] - [TRAIN] Loss: 0.5985, Accuracy: 70.17%, AUC: 0.70 [VAL] Loss: 0.5862, Accuracy: 71.02%, Precision: 0.73, Recall: 0.62, F1-Score: 0.67, AUC: 0.71
Epoch [53/100] - [TRAIN] Loss: 0.5986, Accuracy: 70.06%, AUC: 0.70 [VAL] Loss: 0.5873, Accuracy: 70.29%, Precision: 0.71, Recall: 0.61, F1-Score: 0.66, AUC: 0.70
Epoch [54/100] - [TRAIN] Loss: 0.5985, Accuracy: 70.05%, AUC: 0.70 [VAL] Loss: 0.5920, Accuracy: 70.58%, Precision: 0.72, Recall: 0.62, F1-Score: 0.66, AUC: 0.70
Epoch [55/100] - [TRAIN] Loss: 0.5985, Accuracy: 69.98%, AUC: 0.70 [VAL] Loss: 0.5917, Accuracy: 69.89%, Precision: 0.70, Recall: 0.62, F1-Score: 0.66, AUC: 0.69
Epoch [56/100] - [TRAIN] Loss: 0.5987, Accuracy: 70.19%, AUC: 0.70 [VAL] Loss: 0.5921, Accuracy: 69.75%, Precision: 0.71, Recall: 0.62, F1-Score: 0.67, AUC: 0.70
Epoch [57/100] - [TRAIN] Loss: 0.5964, Accuracy: 70.16%, AUC: 0.70 [VAL] Loss: 0.5853, Accuracy: 70.85%, Precision: 0.71, Recall: 0.63, F1-Score: 0.67, AUC: 0.70
Epoch [58/100] - [TRAIN] Loss: 0.5991, Accuracy: 69.97%, AUC: 0.70 [VAL] Loss: 0.5975, Accuracy: 69.36%, Precision: 0.71, Recall: 0.62, F1-Score: 0.66, AUC: 0.69
Epoch [59/100] - [TRAIN] Loss: 0.6002, Accuracy: 70.02%, AUC: 0.70 [VAL] Loss: 0.5868, Accuracy: 70.63%, Precision: 0.73, Recall: 0.62, F1-Score: 0.67, AUC: 0.70
Epoch [60/100] - [TRAIN] Loss: 0.5970, Accuracy: 70.30%, AUC: 0.70 [VAL] Loss: 0.5918, Accuracy: 70.29%, Precision: 0.73, Recall: 0.62, F1-Score: 0.67, AUC: 0.70
Epoch [61/100] - [TRAIN] Loss: 0.5980, Accuracy: 70.32%, AUC: 0.70 [VAL] Loss: 0.5886, Accuracy: 70.38%, Precision: 0.71, Recall: 0.62, F1-Score: 0.66, AUC: 0.70
Epoch [62/100] - [TRAIN] Loss: 0.6008, Accuracy: 70.07%, AUC: 0.70 [VAL] Loss: 0.5933, Accuracy: 70.44%, Precision: 0.72, Recall: 0.62, F1-Score: 0.67, AUC: 0.70
Epoch [63/100] - [TRAIN] Loss: 0.5983, Accuracy: 70.12%, AUC: 0.70 [VAL] Loss: 0.5903, Accuracy: 70.46%, Precision: 0.72, Recall: 0.62, F1-Score: 0.66, AUC: 0.70
Epoch [64/100] - [TRAIN] Loss: 0.5981, Accuracy: 70.36%, AUC: 0.70 [VAL] Loss: 0.5930, Accuracy: 70.19%, Precision: 0.72, Recall: 0.62, F1-Score: 0.66, AUC: 0.70
Epoch [65/100] - [TRAIN] Loss: 0.5978, Accuracy: 70.11%, AUC: 0.70 [VAL] Loss: 0.5837, Accuracy: 70.62%, Precision: 0.71, Recall: 0.62, F1-Score: 0.66, AUC: 0.70
Epoch [66/100] - [TRAIN] Loss: 0.5976, Accuracy: 70.19%, AUC: 0.70 [VAL] Loss: 0.5916, Accuracy: 70.50%, Precision: 0.71, Recall: 0.62, F1-Score: 0.66, AUC: 0.70
Epoch [67/100] - [TRAIN] Loss: 0.6006, Accuracy: 69.97%, AUC: 0.70 [VAL] Loss: 0.5858, Accuracy: 70.85%, Precision: 0.73, Recall: 0.62, F1-Score: 0.67, AUC: 0.70
Epoch [68/100] - [TRAIN] Loss: 0.5989, Accuracy: 70.20%, AUC: 0.70 [VAL] Loss: 0.5869, Accuracy: 70.65%, Precision: 0.72, Recall: 0.62, F1-Score: 0.67, AUC: 0.70
Epoch [69/100] - [TRAIN] Loss: 0.5992, Accuracy: 70.04%, AUC: 0.70 [VAL] Loss: 0.5962, Accuracy: 69.72%, Precision: 0.72, Recall: 0.61, F1-Score: 0.66, AUC: 0.69
Epoch [70/100] - [TRAIN] Loss: 0.5995, Accuracy: 70.08%, AUC: 0.70 [VAL] Loss: 0.5854, Accuracy: 71.01%, Precision: 0.73, Recall: 0.62, F1-Score: 0.67, AUC: 0.71
Epoch [71/100] - [TRAIN] Loss: 0.5987, Accuracy: 70.16%, AUC: 0.70 [VAL] Loss: 0.5917, Accuracy: 70.46%, Precision: 0.71, Recall: 0.62, F1-Score: 0.66, AUC: 0.70
Epoch [72/100] - [TRAIN] Loss: 0.5992, Accuracy: 69.94%, AUC: 0.70 [VAL] Loss: 0.5909, Accuracy: 70.10%, Precision: 0.71, Recall: 0.62, F1-Score: 0.66, AUC: 0.70
Epoch [73/100] - [TRAIN] Loss: 0.5985, Accuracy: 70.09%, AUC: 0.70 [VAL] Loss: 0.5851, Accuracy: 71.35%, Precision: 0.71, Recall: 0.64, F1-Score: 0.67, AUC: 0.71
Epoch [74/100] - [TRAIN] Loss: 0.5989, Accuracy: 69.90%, AUC: 0.70 [VAL] Loss: 0.5962, Accuracy: 69.50%, Precision: 0.72, Recall: 0.61, F1-Score: 0.66, AUC: 0.69
Epoch [75/100] - [TRAIN] Loss: 0.5976, Accuracy: 70.00%, AUC: 0.70 [VAL] Loss: 0.5911, Accuracy: 70.17%, Precision: 0.70, Recall: 0.61, F1-Score: 0.65, AUC: 0.70
Epoch [76/100] - [TRAIN] Loss: 0.5987, Accuracy: 70.05%, AUC: 0.70 [VAL] Loss: 0.5914, Accuracy: 70.77%, Precision: 0.72, Recall: 0.63, F1-Score: 0.67, AUC: 0.70
Epoch [77/100] - [TRAIN] Loss: 0.5968, Accuracy: 70.33%, AUC: 0.70 [VAL] Loss: 0.5803, Accuracy: 71.78%, Precision: 0.73, Recall: 0.63, F1-Score: 0.68, AUC: 0.71
Epoch [78/100] - [TRAIN] Loss: 0.6010, Accuracy: 69.91%, AUC: 0.70 [VAL] Loss: 0.5830, Accuracy: 70.98%, Precision: 0.72, Recall: 0.62, F1-Score: 0.67, AUC: 0.71
Epoch [79/100] - [TRAIN] Loss: 0.6008, Accuracy: 69.91%, AUC: 0.70 [VAL] Loss: 0.5907, Accuracy: 70.28%, Precision: 0.71, Recall: 0.62, F1-Score: 0.66, AUC: 0.70
Epoch [80/100] - [TRAIN] Loss: 0.5997, Accuracy: 70.11%, AUC: 0.70 [VAL] Loss: 0.5875, Accuracy: 71.62%, Precision: 0.72, Recall: 0.63, F1-Score: 0.67, AUC: 0.71
Epoch [81/100] - [TRAIN] Loss: 0.6009, Accuracy: 69.90%, AUC: 0.70 [VAL] Loss: 0.5898, Accuracy: 70.74%, Precision: 0.73, Recall: 0.61, F1-Score: 0.66, AUC: 0.70
Epoch [82/100] - [TRAIN] Loss: 0.5969, Accuracy: 70.18%, AUC: 0.70 [VAL] Loss: 0.5842, Accuracy: 71.18%, Precision: 0.73, Recall: 0.63, F1-Score: 0.67, AUC: 0.71
Epoch [83/100] - [TRAIN] Loss: 0.6000, Accuracy: 69.94%, AUC: 0.70 [VAL] Loss: 0.5912, Accuracy: 70.80%, Precision: 0.73, Recall: 0.62, F1-Score: 0.67, AUC: 0.70
Epoch [84/100] - [TRAIN] Loss: 0.5980, Accuracy: 70.20%, AUC: 0.70 [VAL] Loss: 0.5890, Accuracy: 70.92%, Precision: 0.73, Recall: 0.62, F1-Score: 0.67, AUC: 0.71
Epoch [85/100] - [TRAIN] Loss: 0.5993, Accuracy: 69.97%, AUC: 0.70 [VAL] Loss: 0.5864, Accuracy: 70.72%, Precision: 0.71, Recall: 0.63, F1-Score: 0.67, AUC: 0.70
Epoch [86/100] - [TRAIN] Loss: 0.5987, Accuracy: 70.03%, AUC: 0.70 [VAL] Loss: 0.5940, Accuracy: 69.99%, Precision: 0.70, Recall: 0.62, F1-Score: 0.66, AUC: 0.69
Epoch [87/100] - [TRAIN] Loss: 0.5998, Accuracy: 69.85%, AUC: 0.70 [VAL] Loss: 0.5869, Accuracy: 70.63%, Precision: 0.73, Recall: 0.62, F1-Score: 0.67, AUC: 0.70
Epoch [88/100] - [TRAIN] Loss: 0.5975, Accuracy: 70.22%, AUC: 0.70 [VAL] Loss: 0.5905, Accuracy: 70.41%, Precision: 0.71, Recall: 0.61, F1-Score: 0.66, AUC: 0.70
Epoch [89/100] - [TRAIN] Loss: 0.5994, Accuracy: 70.05%, AUC: 0.70 [VAL] Loss: 0.5876, Accuracy: 71.13%, Precision: 0.72, Recall: 0.62, F1-Score: 0.67, AUC: 0.70
Epoch [90/100] - [TRAIN] Loss: 0.6059, Accuracy: 69.57%, AUC: 0.69 [VAL] Loss: 0.5958, Accuracy: 69.57%, Precision: 0.70, Recall: 0.62, F1-Score: 0.66, AUC: 0.69
Epoch [91/100] - [TRAIN] Loss: 0.5983, Accuracy: 70.14%, AUC: 0.70 [VAL] Loss: 0.5940, Accuracy: 70.25%, Precision: 0.71, Recall: 0.61, F1-Score: 0.66, AUC: 0.70
Epoch [92/100] - [TRAIN] Loss: 0.6012, Accuracy: 69.90%, AUC: 0.70 [VAL] Loss: 0.5943, Accuracy: 70.43%, Precision: 0.71, Recall: 0.62, F1-Score: 0.66, AUC: 0.70
Epoch [93/100] - [TRAIN] Loss: 0.6017, Accuracy: 69.92%, AUC: 0.70 [VAL] Loss: 0.5922, Accuracy: 69.84%, Precision: 0.71, Recall: 0.61, F1-Score: 0.66, AUC: 0.69
Epoch [94/100] - [TRAIN] Loss: 0.5994, Accuracy: 69.99%, AUC: 0.70 [VAL] Loss: 0.5869, Accuracy: 70.62%, Precision: 0.71, Recall: 0.62, F1-Score: 0.67, AUC: 0.70
Epoch [95/100] - [TRAIN] Loss: 0.5989, Accuracy: 70.23%, AUC: 0.70 [VAL] Loss: 0.5895, Accuracy: 70.89%, Precision: 0.71, Recall: 0.62, F1-Score: 0.66, AUC: 0.70
Epoch [96/100] - [TRAIN] Loss: 0.5978, Accuracy: 70.06%, AUC: 0.70 [VAL] Loss: 0.5867, Accuracy: 70.14%, Precision: 0.71, Recall: 0.61, F1-Score: 0.66, AUC: 0.70
Epoch [97/100] - [TRAIN] Loss: 0.5978, Accuracy: 70.36%, AUC: 0.70 [VAL] Loss: 0.5937, Accuracy: 70.47%, Precision: 0.71, Recall: 0.62, F1-Score: 0.66, AUC: 0.70
Epoch [98/100] - [TRAIN] Loss: 0.5976, Accuracy: 70.27%, AUC: 0.70 [VAL] Loss: 0.5871, Accuracy: 70.92%, Precision: 0.72, Recall: 0.63, F1-Score: 0.67, AUC: 0.70
Epoch [99/100] - [TRAIN] Loss: 0.5982, Accuracy: 70.17%, AUC: 0.70 [VAL] Loss: 0.5878, Accuracy: 70.29%, Precision: 0.72, Recall: 0.62, F1-Score: 0.67, AUC: 0.70
Epoch [100/100] - [TRAIN] Loss: 0.5991, Accuracy: 70.09%, AUC: 0.70 [VAL] Loss: 0.5900, Accuracy: 70.97%, Precision: 0.71, Recall: 0.62, F1-Score: 0.66, AUC: 0.70
Accuracy Score on test set: 70.34 %
    AUC Score on test set: 0.70
    Precision: 0.7069
    Recall: 0.6154
    F1-Score: 0.6580

    Detailed Classification Report:
                  precision    recall  f1-score   support

           0       0.70      0.78      0.74      5364
           1       0.71      0.62      0.66      4636

    accuracy                           0.70     10000
   macro avg       0.70      0.70      0.70     10000
weighted avg       0.70      0.70      0.70     10000


    Confusion Matrix:
    [[4181 1183]
 [1783 2853]]
    
Batch FINISHED!!!

Real-time duration: 9066.670350985 seconds
