Using device: cuda
Current CUDA device: 0
CUDA device name: Tesla V100-PCIE-16GB
000-H3K4me3
Epoch [1/100] - [TRAIN] Loss: 0.6444, Accuracy: 65.86%, AUC: 0.66 [VAL] Loss: 0.6216, Accuracy: 66.62%, Precision: 0.63, Recall: 0.71, F1-Score: 0.67, AUC: 0.67
Epoch [2/100] - [TRAIN] Loss: 0.6182, Accuracy: 68.26%, AUC: 0.68 [VAL] Loss: 0.6076, Accuracy: 70.63%, Precision: 0.69, Recall: 0.67, F1-Score: 0.68, AUC: 0.70
Epoch [3/100] - [TRAIN] Loss: 0.6134, Accuracy: 69.87%, AUC: 0.70 [VAL] Loss: 0.6073, Accuracy: 69.90%, Precision: 0.68, Recall: 0.66, F1-Score: 0.67, AUC: 0.70
Epoch [4/100] - [TRAIN] Loss: 0.6109, Accuracy: 69.76%, AUC: 0.70 [VAL] Loss: 0.6071, Accuracy: 69.99%, Precision: 0.69, Recall: 0.66, F1-Score: 0.67, AUC: 0.70
Epoch [5/100] - [TRAIN] Loss: 0.6105, Accuracy: 69.94%, AUC: 0.70 [VAL] Loss: 0.6062, Accuracy: 69.15%, Precision: 0.68, Recall: 0.64, F1-Score: 0.66, AUC: 0.69
Epoch [6/100] - [TRAIN] Loss: 0.6058, Accuracy: 70.28%, AUC: 0.70 [VAL] Loss: 0.6155, Accuracy: 69.08%, Precision: 0.68, Recall: 0.62, F1-Score: 0.65, AUC: 0.69
Epoch [7/100] - [TRAIN] Loss: 0.6085, Accuracy: 69.83%, AUC: 0.70 [VAL] Loss: 0.6042, Accuracy: 69.77%, Precision: 0.70, Recall: 0.63, F1-Score: 0.66, AUC: 0.69
Epoch [8/100] - [TRAIN] Loss: 0.6073, Accuracy: 69.74%, AUC: 0.69 [VAL] Loss: 0.6072, Accuracy: 69.56%, Precision: 0.70, Recall: 0.61, F1-Score: 0.65, AUC: 0.69
Epoch [9/100] - [TRAIN] Loss: 0.6057, Accuracy: 69.88%, AUC: 0.70 [VAL] Loss: 0.6047, Accuracy: 70.00%, Precision: 0.71, Recall: 0.61, F1-Score: 0.66, AUC: 0.69
Epoch [10/100] - [TRAIN] Loss: 0.6055, Accuracy: 69.88%, AUC: 0.70 [VAL] Loss: 0.6133, Accuracy: 68.76%, Precision: 0.70, Recall: 0.59, F1-Score: 0.64, AUC: 0.68
Epoch [11/100] - [TRAIN] Loss: 0.6000, Accuracy: 70.06%, AUC: 0.70 [VAL] Loss: 0.6018, Accuracy: 69.97%, Precision: 0.71, Recall: 0.63, F1-Score: 0.67, AUC: 0.70
Epoch [12/100] - [TRAIN] Loss: 0.6036, Accuracy: 70.06%, AUC: 0.70 [VAL] Loss: 0.6015, Accuracy: 70.40%, Precision: 0.70, Recall: 0.64, F1-Score: 0.67, AUC: 0.70
Epoch [13/100] - [TRAIN] Loss: 0.6036, Accuracy: 69.97%, AUC: 0.70 [VAL] Loss: 0.6043, Accuracy: 69.85%, Precision: 0.71, Recall: 0.62, F1-Score: 0.66, AUC: 0.70
Epoch [14/100] - [TRAIN] Loss: 0.6030, Accuracy: 70.02%, AUC: 0.70 [VAL] Loss: 0.6061, Accuracy: 69.60%, Precision: 0.71, Recall: 0.61, F1-Score: 0.65, AUC: 0.69
Epoch [15/100] - [TRAIN] Loss: 0.6017, Accuracy: 70.06%, AUC: 0.70 [VAL] Loss: 0.5998, Accuracy: 70.01%, Precision: 0.72, Recall: 0.61, F1-Score: 0.66, AUC: 0.70
Epoch [16/100] - [TRAIN] Loss: 0.6031, Accuracy: 69.95%, AUC: 0.70 [VAL] Loss: 0.6072, Accuracy: 69.44%, Precision: 0.70, Recall: 0.61, F1-Score: 0.65, AUC: 0.69
Epoch [17/100] - [TRAIN] Loss: 0.6008, Accuracy: 70.05%, AUC: 0.70 [VAL] Loss: 0.6016, Accuracy: 70.03%, Precision: 0.70, Recall: 0.61, F1-Score: 0.65, AUC: 0.69
Epoch [18/100] - [TRAIN] Loss: 0.6032, Accuracy: 69.84%, AUC: 0.69 [VAL] Loss: 0.6044, Accuracy: 69.95%, Precision: 0.71, Recall: 0.61, F1-Score: 0.65, AUC: 0.69
Epoch [19/100] - [TRAIN] Loss: 0.6006, Accuracy: 70.19%, AUC: 0.70 [VAL] Loss: 0.6046, Accuracy: 69.31%, Precision: 0.71, Recall: 0.60, F1-Score: 0.65, AUC: 0.69
Epoch [20/100] - [TRAIN] Loss: 0.6004, Accuracy: 70.13%, AUC: 0.70 [VAL] Loss: 0.5994, Accuracy: 70.27%, Precision: 0.71, Recall: 0.62, F1-Score: 0.66, AUC: 0.70
Epoch [21/100] - [TRAIN] Loss: 0.6009, Accuracy: 69.89%, AUC: 0.69 [VAL] Loss: 0.6048, Accuracy: 69.36%, Precision: 0.71, Recall: 0.59, F1-Score: 0.64, AUC: 0.69
Epoch [22/100] - [TRAIN] Loss: 0.5977, Accuracy: 70.16%, AUC: 0.70 [VAL] Loss: 0.6002, Accuracy: 70.35%, Precision: 0.72, Recall: 0.60, F1-Score: 0.65, AUC: 0.70
Epoch [23/100] - [TRAIN] Loss: 0.6011, Accuracy: 69.98%, AUC: 0.70 [VAL] Loss: 0.6042, Accuracy: 69.20%, Precision: 0.70, Recall: 0.60, F1-Score: 0.65, AUC: 0.69
Epoch [24/100] - [TRAIN] Loss: 0.5986, Accuracy: 70.06%, AUC: 0.70 [VAL] Loss: 0.6012, Accuracy: 70.03%, Precision: 0.71, Recall: 0.60, F1-Score: 0.65, AUC: 0.69
Epoch [25/100] - [TRAIN] Loss: 0.6023, Accuracy: 69.89%, AUC: 0.69 [VAL] Loss: 0.6026, Accuracy: 70.38%, Precision: 0.71, Recall: 0.61, F1-Score: 0.65, AUC: 0.70
Epoch [26/100] - [TRAIN] Loss: 0.6044, Accuracy: 69.92%, AUC: 0.69 [VAL] Loss: 0.6070, Accuracy: 69.87%, Precision: 0.71, Recall: 0.59, F1-Score: 0.64, AUC: 0.69
Epoch [27/100] - [TRAIN] Loss: 0.6012, Accuracy: 69.88%, AUC: 0.69 [VAL] Loss: 0.5998, Accuracy: 69.99%, Precision: 0.72, Recall: 0.60, F1-Score: 0.65, AUC: 0.69
Epoch [28/100] - [TRAIN] Loss: 0.6006, Accuracy: 70.05%, AUC: 0.70 [VAL] Loss: 0.5928, Accuracy: 70.17%, Precision: 0.72, Recall: 0.60, F1-Score: 0.66, AUC: 0.70
Epoch [29/100] - [TRAIN] Loss: 0.6005, Accuracy: 70.01%, AUC: 0.70 [VAL] Loss: 0.5938, Accuracy: 70.54%, Precision: 0.72, Recall: 0.62, F1-Score: 0.67, AUC: 0.70
Epoch [30/100] - [TRAIN] Loss: 0.5983, Accuracy: 70.01%, AUC: 0.70 [VAL] Loss: 0.6073, Accuracy: 69.32%, Precision: 0.71, Recall: 0.60, F1-Score: 0.65, AUC: 0.69
Epoch [31/100] - [TRAIN] Loss: 0.5999, Accuracy: 69.90%, AUC: 0.69 [VAL] Loss: 0.6021, Accuracy: 69.41%, Precision: 0.71, Recall: 0.60, F1-Score: 0.65, AUC: 0.69
Epoch [32/100] - [TRAIN] Loss: 0.5997, Accuracy: 70.01%, AUC: 0.70 [VAL] Loss: 0.5943, Accuracy: 70.40%, Precision: 0.71, Recall: 0.60, F1-Score: 0.65, AUC: 0.70
Epoch [33/100] - [TRAIN] Loss: 0.5978, Accuracy: 69.98%, AUC: 0.70 [VAL] Loss: 0.6004, Accuracy: 69.49%, Precision: 0.71, Recall: 0.60, F1-Score: 0.65, AUC: 0.69
Epoch [34/100] - [TRAIN] Loss: 0.6010, Accuracy: 69.85%, AUC: 0.69 [VAL] Loss: 0.5991, Accuracy: 69.65%, Precision: 0.72, Recall: 0.59, F1-Score: 0.65, AUC: 0.69
Epoch [35/100] - [TRAIN] Loss: 0.6033, Accuracy: 69.77%, AUC: 0.69 [VAL] Loss: 0.6034, Accuracy: 69.14%, Precision: 0.70, Recall: 0.60, F1-Score: 0.65, AUC: 0.69
Epoch [36/100] - [TRAIN] Loss: 0.5982, Accuracy: 70.05%, AUC: 0.70 [VAL] Loss: 0.5963, Accuracy: 70.58%, Precision: 0.72, Recall: 0.61, F1-Score: 0.66, AUC: 0.70
Epoch [37/100] - [TRAIN] Loss: 0.5986, Accuracy: 70.06%, AUC: 0.70 [VAL] Loss: 0.6057, Accuracy: 69.73%, Precision: 0.71, Recall: 0.60, F1-Score: 0.65, AUC: 0.69
Epoch [38/100] - [TRAIN] Loss: 0.5984, Accuracy: 70.17%, AUC: 0.70 [VAL] Loss: 0.6094, Accuracy: 69.72%, Precision: 0.71, Recall: 0.60, F1-Score: 0.65, AUC: 0.69
Epoch [39/100] - [TRAIN] Loss: 0.5987, Accuracy: 69.93%, AUC: 0.70 [VAL] Loss: 0.6038, Accuracy: 69.71%, Precision: 0.72, Recall: 0.60, F1-Score: 0.65, AUC: 0.69
Epoch [40/100] - [TRAIN] Loss: 0.5981, Accuracy: 70.14%, AUC: 0.70 [VAL] Loss: 0.5965, Accuracy: 70.78%, Precision: 0.72, Recall: 0.61, F1-Score: 0.66, AUC: 0.70
Epoch [41/100] - [TRAIN] Loss: 0.5967, Accuracy: 70.20%, AUC: 0.70 [VAL] Loss: 0.5973, Accuracy: 69.55%, Precision: 0.72, Recall: 0.60, F1-Score: 0.65, AUC: 0.69
Epoch [42/100] - [TRAIN] Loss: 0.5985, Accuracy: 69.89%, AUC: 0.69 [VAL] Loss: 0.6026, Accuracy: 69.76%, Precision: 0.71, Recall: 0.59, F1-Score: 0.65, AUC: 0.69
Epoch [43/100] - [TRAIN] Loss: 0.5997, Accuracy: 69.94%, AUC: 0.70 [VAL] Loss: 0.6026, Accuracy: 69.84%, Precision: 0.72, Recall: 0.60, F1-Score: 0.66, AUC: 0.69
Epoch [44/100] - [TRAIN] Loss: 0.6011, Accuracy: 69.95%, AUC: 0.69 [VAL] Loss: 0.6047, Accuracy: 69.23%, Precision: 0.70, Recall: 0.60, F1-Score: 0.65, AUC: 0.69
Epoch [45/100] - [TRAIN] Loss: 0.5983, Accuracy: 70.24%, AUC: 0.70 [VAL] Loss: 0.5966, Accuracy: 70.06%, Precision: 0.72, Recall: 0.61, F1-Score: 0.66, AUC: 0.70
Epoch [46/100] - [TRAIN] Loss: 0.5997, Accuracy: 69.94%, AUC: 0.70 [VAL] Loss: 0.6064, Accuracy: 69.52%, Precision: 0.71, Recall: 0.60, F1-Score: 0.65, AUC: 0.69
Epoch [47/100] - [TRAIN] Loss: 0.5957, Accuracy: 70.22%, AUC: 0.70 [VAL] Loss: 0.6016, Accuracy: 69.82%, Precision: 0.71, Recall: 0.60, F1-Score: 0.65, AUC: 0.69
Epoch [48/100] - [TRAIN] Loss: 0.5958, Accuracy: 70.32%, AUC: 0.70 [VAL] Loss: 0.5926, Accuracy: 71.20%, Precision: 0.72, Recall: 0.62, F1-Score: 0.67, AUC: 0.71
Epoch [49/100] - [TRAIN] Loss: 0.5990, Accuracy: 70.00%, AUC: 0.70 [VAL] Loss: 0.6081, Accuracy: 69.34%, Precision: 0.71, Recall: 0.60, F1-Score: 0.65, AUC: 0.69
Epoch [50/100] - [TRAIN] Loss: 0.6002, Accuracy: 69.97%, AUC: 0.70 [VAL] Loss: 0.6058, Accuracy: 69.28%, Precision: 0.71, Recall: 0.59, F1-Score: 0.64, AUC: 0.69
Epoch [51/100] - [TRAIN] Loss: 0.5994, Accuracy: 69.92%, AUC: 0.69 [VAL] Loss: 0.6024, Accuracy: 69.25%, Precision: 0.70, Recall: 0.59, F1-Score: 0.64, AUC: 0.69
Epoch [52/100] - [TRAIN] Loss: 0.5992, Accuracy: 69.96%, AUC: 0.69 [VAL] Loss: 0.5978, Accuracy: 69.98%, Precision: 0.71, Recall: 0.61, F1-Score: 0.66, AUC: 0.69
Epoch [53/100] - [TRAIN] Loss: 0.6002, Accuracy: 69.79%, AUC: 0.69 [VAL] Loss: 0.5918, Accuracy: 70.61%, Precision: 0.72, Recall: 0.61, F1-Score: 0.66, AUC: 0.70
Epoch [54/100] - [TRAIN] Loss: 0.5986, Accuracy: 70.17%, AUC: 0.70 [VAL] Loss: 0.6090, Accuracy: 68.63%, Precision: 0.71, Recall: 0.59, F1-Score: 0.64, AUC: 0.68
Epoch [55/100] - [TRAIN] Loss: 0.5978, Accuracy: 70.04%, AUC: 0.70 [VAL] Loss: 0.5953, Accuracy: 70.18%, Precision: 0.72, Recall: 0.60, F1-Score: 0.66, AUC: 0.70
Epoch [56/100] - [TRAIN] Loss: 0.5990, Accuracy: 70.04%, AUC: 0.70 [VAL] Loss: 0.6019, Accuracy: 70.58%, Precision: 0.72, Recall: 0.61, F1-Score: 0.66, AUC: 0.70
Epoch [57/100] - [TRAIN] Loss: 0.5974, Accuracy: 70.27%, AUC: 0.70 [VAL] Loss: 0.5953, Accuracy: 70.86%, Precision: 0.71, Recall: 0.62, F1-Score: 0.66, AUC: 0.70
Epoch [58/100] - [TRAIN] Loss: 0.5997, Accuracy: 69.98%, AUC: 0.70 [VAL] Loss: 0.6039, Accuracy: 70.05%, Precision: 0.71, Recall: 0.61, F1-Score: 0.66, AUC: 0.69
Epoch [59/100] - [TRAIN] Loss: 0.5971, Accuracy: 70.05%, AUC: 0.70 [VAL] Loss: 0.6073, Accuracy: 69.38%, Precision: 0.70, Recall: 0.60, F1-Score: 0.65, AUC: 0.69
Epoch [60/100] - [TRAIN] Loss: 0.6004, Accuracy: 70.16%, AUC: 0.70 [VAL] Loss: 0.6027, Accuracy: 69.66%, Precision: 0.72, Recall: 0.61, F1-Score: 0.66, AUC: 0.69
Epoch [61/100] - [TRAIN] Loss: 0.5967, Accuracy: 70.20%, AUC: 0.70 [VAL] Loss: 0.6035, Accuracy: 69.60%, Precision: 0.71, Recall: 0.60, F1-Score: 0.65, AUC: 0.69
Epoch [62/100] - [TRAIN] Loss: 0.5996, Accuracy: 70.25%, AUC: 0.70 [VAL] Loss: 0.5942, Accuracy: 70.11%, Precision: 0.71, Recall: 0.61, F1-Score: 0.65, AUC: 0.69
Epoch [63/100] - [TRAIN] Loss: 0.5991, Accuracy: 70.14%, AUC: 0.70 [VAL] Loss: 0.5983, Accuracy: 70.25%, Precision: 0.72, Recall: 0.61, F1-Score: 0.66, AUC: 0.70
Epoch [64/100] - [TRAIN] Loss: 0.5956, Accuracy: 70.08%, AUC: 0.70 [VAL] Loss: 0.6027, Accuracy: 69.59%, Precision: 0.71, Recall: 0.60, F1-Score: 0.65, AUC: 0.69
Epoch [65/100] - [TRAIN] Loss: 0.6007, Accuracy: 69.73%, AUC: 0.69 [VAL] Loss: 0.6012, Accuracy: 69.30%, Precision: 0.71, Recall: 0.60, F1-Score: 0.65, AUC: 0.69
Epoch [66/100] - [TRAIN] Loss: 0.5969, Accuracy: 70.07%, AUC: 0.70 [VAL] Loss: 0.5962, Accuracy: 69.72%, Precision: 0.71, Recall: 0.60, F1-Score: 0.65, AUC: 0.69
Epoch [67/100] - [TRAIN] Loss: 0.5986, Accuracy: 70.03%, AUC: 0.70 [VAL] Loss: 0.6065, Accuracy: 69.26%, Precision: 0.70, Recall: 0.60, F1-Score: 0.65, AUC: 0.69
Epoch [68/100] - [TRAIN] Loss: 0.6005, Accuracy: 69.73%, AUC: 0.69 [VAL] Loss: 0.6005, Accuracy: 69.78%, Precision: 0.72, Recall: 0.60, F1-Score: 0.66, AUC: 0.69
Epoch [69/100] - [TRAIN] Loss: 0.5999, Accuracy: 69.92%, AUC: 0.69 [VAL] Loss: 0.6049, Accuracy: 69.50%, Precision: 0.70, Recall: 0.61, F1-Score: 0.65, AUC: 0.69
Epoch [70/100] - [TRAIN] Loss: 0.5970, Accuracy: 70.13%, AUC: 0.70 [VAL] Loss: 0.5988, Accuracy: 70.16%, Precision: 0.73, Recall: 0.61, F1-Score: 0.66, AUC: 0.70
Epoch [71/100] - [TRAIN] Loss: 0.5979, Accuracy: 70.21%, AUC: 0.70 [VAL] Loss: 0.6060, Accuracy: 69.43%, Precision: 0.70, Recall: 0.60, F1-Score: 0.65, AUC: 0.69
Epoch [72/100] - [TRAIN] Loss: 0.5988, Accuracy: 69.97%, AUC: 0.69 [VAL] Loss: 0.5997, Accuracy: 70.11%, Precision: 0.71, Recall: 0.60, F1-Score: 0.65, AUC: 0.69
Epoch [73/100] - [TRAIN] Loss: 0.5996, Accuracy: 69.82%, AUC: 0.69 [VAL] Loss: 0.6104, Accuracy: 68.92%, Precision: 0.70, Recall: 0.60, F1-Score: 0.64, AUC: 0.68
Epoch [74/100] - [TRAIN] Loss: 0.6006, Accuracy: 69.77%, AUC: 0.69 [VAL] Loss: 0.6087, Accuracy: 69.46%, Precision: 0.71, Recall: 0.61, F1-Score: 0.65, AUC: 0.69
Epoch [75/100] - [TRAIN] Loss: 0.5989, Accuracy: 69.88%, AUC: 0.69 [VAL] Loss: 0.5956, Accuracy: 70.15%, Precision: 0.70, Recall: 0.62, F1-Score: 0.66, AUC: 0.70
Epoch [76/100] - [TRAIN] Loss: 0.6023, Accuracy: 69.72%, AUC: 0.69 [VAL] Loss: 0.6104, Accuracy: 68.52%, Precision: 0.70, Recall: 0.60, F1-Score: 0.64, AUC: 0.68
Epoch [77/100] - [TRAIN] Loss: 0.5984, Accuracy: 69.95%, AUC: 0.70 [VAL] Loss: 0.6133, Accuracy: 68.54%, Precision: 0.70, Recall: 0.59, F1-Score: 0.64, AUC: 0.68
Epoch [78/100] - [TRAIN] Loss: 0.6013, Accuracy: 69.68%, AUC: 0.69 [VAL] Loss: 0.6016, Accuracy: 70.41%, Precision: 0.71, Recall: 0.61, F1-Score: 0.66, AUC: 0.70
Epoch [79/100] - [TRAIN] Loss: 0.6018, Accuracy: 70.01%, AUC: 0.70 [VAL] Loss: 0.6033, Accuracy: 69.36%, Precision: 0.70, Recall: 0.60, F1-Score: 0.65, AUC: 0.69
Epoch [80/100] - [TRAIN] Loss: 0.6004, Accuracy: 69.73%, AUC: 0.69 [VAL] Loss: 0.6056, Accuracy: 69.60%, Precision: 0.72, Recall: 0.60, F1-Score: 0.65, AUC: 0.69
Epoch [81/100] - [TRAIN] Loss: 0.6030, Accuracy: 69.63%, AUC: 0.69 [VAL] Loss: 0.5995, Accuracy: 69.71%, Precision: 0.71, Recall: 0.59, F1-Score: 0.65, AUC: 0.69
Epoch [82/100] - [TRAIN] Loss: 0.6008, Accuracy: 70.17%, AUC: 0.70 [VAL] Loss: 0.6020, Accuracy: 69.26%, Precision: 0.71, Recall: 0.60, F1-Score: 0.65, AUC: 0.69
Epoch [83/100] - [TRAIN] Loss: 0.6003, Accuracy: 69.85%, AUC: 0.69 [VAL] Loss: 0.5969, Accuracy: 70.04%, Precision: 0.72, Recall: 0.60, F1-Score: 0.66, AUC: 0.70
Epoch [84/100] - [TRAIN] Loss: 0.5989, Accuracy: 69.97%, AUC: 0.70 [VAL] Loss: 0.5956, Accuracy: 70.17%, Precision: 0.72, Recall: 0.60, F1-Score: 0.66, AUC: 0.70
Epoch [85/100] - [TRAIN] Loss: 0.5995, Accuracy: 69.92%, AUC: 0.70 [VAL] Loss: 0.5957, Accuracy: 69.82%, Precision: 0.71, Recall: 0.61, F1-Score: 0.66, AUC: 0.69
Epoch [86/100] - [TRAIN] Loss: 0.5984, Accuracy: 70.19%, AUC: 0.70 [VAL] Loss: 0.5949, Accuracy: 70.36%, Precision: 0.72, Recall: 0.61, F1-Score: 0.66, AUC: 0.70
Epoch [87/100] - [TRAIN] Loss: 0.5993, Accuracy: 70.08%, AUC: 0.70 [VAL] Loss: 0.5979, Accuracy: 69.68%, Precision: 0.71, Recall: 0.60, F1-Score: 0.65, AUC: 0.69
Epoch [88/100] - [TRAIN] Loss: 0.5966, Accuracy: 70.04%, AUC: 0.70 [VAL] Loss: 0.6031, Accuracy: 69.48%, Precision: 0.71, Recall: 0.60, F1-Score: 0.65, AUC: 0.69
Epoch [89/100] - [TRAIN] Loss: 0.5960, Accuracy: 70.06%, AUC: 0.70 [VAL] Loss: 0.6004, Accuracy: 69.94%, Precision: 0.72, Recall: 0.60, F1-Score: 0.66, AUC: 0.70
Epoch [90/100] - [TRAIN] Loss: 0.5986, Accuracy: 69.89%, AUC: 0.69 [VAL] Loss: 0.5983, Accuracy: 70.36%, Precision: 0.72, Recall: 0.61, F1-Score: 0.66, AUC: 0.70
Epoch [91/100] - [TRAIN] Loss: 0.5990, Accuracy: 69.99%, AUC: 0.70 [VAL] Loss: 0.5974, Accuracy: 69.39%, Precision: 0.71, Recall: 0.60, F1-Score: 0.65, AUC: 0.69
Epoch [92/100] - [TRAIN] Loss: 0.5994, Accuracy: 69.93%, AUC: 0.69 [VAL] Loss: 0.6061, Accuracy: 69.42%, Precision: 0.72, Recall: 0.60, F1-Score: 0.65, AUC: 0.69
Epoch [93/100] - [TRAIN] Loss: 0.5995, Accuracy: 69.93%, AUC: 0.70 [VAL] Loss: 0.6003, Accuracy: 69.54%, Precision: 0.72, Recall: 0.61, F1-Score: 0.66, AUC: 0.69
Epoch [94/100] - [TRAIN] Loss: 0.5975, Accuracy: 70.10%, AUC: 0.70 [VAL] Loss: 0.6027, Accuracy: 69.43%, Precision: 0.71, Recall: 0.59, F1-Score: 0.64, AUC: 0.69
Epoch [95/100] - [TRAIN] Loss: 0.5974, Accuracy: 70.15%, AUC: 0.70 [VAL] Loss: 0.6052, Accuracy: 69.60%, Precision: 0.72, Recall: 0.59, F1-Score: 0.65, AUC: 0.69
Epoch [96/100] - [TRAIN] Loss: 0.5993, Accuracy: 69.75%, AUC: 0.69 [VAL] Loss: 0.5986, Accuracy: 69.47%, Precision: 0.70, Recall: 0.61, F1-Score: 0.65, AUC: 0.69
Epoch [97/100] - [TRAIN] Loss: 0.5989, Accuracy: 70.01%, AUC: 0.70 [VAL] Loss: 0.6035, Accuracy: 69.59%, Precision: 0.71, Recall: 0.60, F1-Score: 0.65, AUC: 0.69
Epoch [98/100] - [TRAIN] Loss: 0.5986, Accuracy: 70.08%, AUC: 0.70 [VAL] Loss: 0.6022, Accuracy: 70.39%, Precision: 0.73, Recall: 0.62, F1-Score: 0.67, AUC: 0.70
Epoch [99/100] - [TRAIN] Loss: 0.6004, Accuracy: 70.00%, AUC: 0.70 [VAL] Loss: 0.6060, Accuracy: 69.71%, Precision: 0.71, Recall: 0.60, F1-Score: 0.65, AUC: 0.69
Epoch [100/100] - [TRAIN] Loss: 0.5992, Accuracy: 69.83%, AUC: 0.69 [VAL] Loss: 0.5965, Accuracy: 69.59%, Precision: 0.72, Recall: 0.61, F1-Score: 0.66, AUC: 0.69
Accuracy Score on test set: 69.80 %
    AUC Score on test set: 0.69
    Precision: 0.7237
    Recall: 0.6059
    F1-Score: 0.6596

    Detailed Classification Report:
                  precision    recall  f1-score   support

           0       0.68      0.78      0.73      5171
           1       0.72      0.61      0.66      4829

    accuracy                           0.70     10000
   macro avg       0.70      0.69      0.69     10000
weighted avg       0.70      0.70      0.70     10000


    Confusion Matrix:
    [[4054 1117]
 [1903 2926]]
    
001-H3K9ac
Epoch [1/100] - [TRAIN] Loss: 0.6395, Accuracy: 66.79%, AUC: 0.67 [VAL] Loss: 0.6120, Accuracy: 67.36%, Precision: 0.63, Recall: 0.75, F1-Score: 0.68, AUC: 0.68
Epoch [2/100] - [TRAIN] Loss: 0.6134, Accuracy: 70.22%, AUC: 0.70 [VAL] Loss: 0.6064, Accuracy: 71.30%, Precision: 0.73, Recall: 0.63, F1-Score: 0.67, AUC: 0.71
Epoch [3/100] - [TRAIN] Loss: 0.6083, Accuracy: 71.26%, AUC: 0.71 [VAL] Loss: 0.5948, Accuracy: 71.55%, Precision: 0.72, Recall: 0.63, F1-Score: 0.67, AUC: 0.71
Epoch [4/100] - [TRAIN] Loss: 0.6027, Accuracy: 71.61%, AUC: 0.71 [VAL] Loss: 0.5980, Accuracy: 71.45%, Precision: 0.73, Recall: 0.63, F1-Score: 0.68, AUC: 0.71
Epoch [5/100] - [TRAIN] Loss: 0.5985, Accuracy: 71.83%, AUC: 0.71 [VAL] Loss: 0.5968, Accuracy: 70.90%, Precision: 0.72, Recall: 0.62, F1-Score: 0.67, AUC: 0.70
Epoch [6/100] - [TRAIN] Loss: 0.6001, Accuracy: 71.38%, AUC: 0.71 [VAL] Loss: 0.5942, Accuracy: 71.04%, Precision: 0.74, Recall: 0.61, F1-Score: 0.67, AUC: 0.71
Epoch [7/100] - [TRAIN] Loss: 0.5999, Accuracy: 71.39%, AUC: 0.71 [VAL] Loss: 0.5945, Accuracy: 71.38%, Precision: 0.73, Recall: 0.61, F1-Score: 0.67, AUC: 0.71
Epoch [8/100] - [TRAIN] Loss: 0.5941, Accuracy: 71.69%, AUC: 0.71 [VAL] Loss: 0.5903, Accuracy: 71.61%, Precision: 0.73, Recall: 0.63, F1-Score: 0.68, AUC: 0.71
Epoch [9/100] - [TRAIN] Loss: 0.5918, Accuracy: 71.79%, AUC: 0.71 [VAL] Loss: 0.5888, Accuracy: 71.41%, Precision: 0.74, Recall: 0.63, F1-Score: 0.68, AUC: 0.71
Epoch [10/100] - [TRAIN] Loss: 0.5942, Accuracy: 71.48%, AUC: 0.71 [VAL] Loss: 0.5927, Accuracy: 70.64%, Precision: 0.73, Recall: 0.60, F1-Score: 0.66, AUC: 0.70
Epoch [11/100] - [TRAIN] Loss: 0.5915, Accuracy: 71.65%, AUC: 0.71 [VAL] Loss: 0.6032, Accuracy: 70.68%, Precision: 0.74, Recall: 0.60, F1-Score: 0.66, AUC: 0.70
Epoch [12/100] - [TRAIN] Loss: 0.5913, Accuracy: 71.75%, AUC: 0.71 [VAL] Loss: 0.5856, Accuracy: 71.74%, Precision: 0.74, Recall: 0.61, F1-Score: 0.67, AUC: 0.71
Epoch [13/100] - [TRAIN] Loss: 0.5895, Accuracy: 71.73%, AUC: 0.71 [VAL] Loss: 0.5920, Accuracy: 71.38%, Precision: 0.74, Recall: 0.61, F1-Score: 0.67, AUC: 0.71
Epoch [14/100] - [TRAIN] Loss: 0.5891, Accuracy: 71.68%, AUC: 0.71 [VAL] Loss: 0.5914, Accuracy: 71.11%, Precision: 0.74, Recall: 0.61, F1-Score: 0.67, AUC: 0.71
Epoch [15/100] - [TRAIN] Loss: 0.5890, Accuracy: 71.65%, AUC: 0.71 [VAL] Loss: 0.5919, Accuracy: 71.07%, Precision: 0.73, Recall: 0.60, F1-Score: 0.66, AUC: 0.70
Epoch [16/100] - [TRAIN] Loss: 0.5892, Accuracy: 71.57%, AUC: 0.71 [VAL] Loss: 0.5870, Accuracy: 71.97%, Precision: 0.74, Recall: 0.61, F1-Score: 0.67, AUC: 0.71
Epoch [17/100] - [TRAIN] Loss: 0.5884, Accuracy: 71.79%, AUC: 0.71 [VAL] Loss: 0.5921, Accuracy: 71.08%, Precision: 0.73, Recall: 0.60, F1-Score: 0.66, AUC: 0.70
Epoch [18/100] - [TRAIN] Loss: 0.5870, Accuracy: 71.64%, AUC: 0.71 [VAL] Loss: 0.5785, Accuracy: 72.09%, Precision: 0.75, Recall: 0.62, F1-Score: 0.68, AUC: 0.72
Epoch [19/100] - [TRAIN] Loss: 0.5886, Accuracy: 71.77%, AUC: 0.71 [VAL] Loss: 0.5898, Accuracy: 71.30%, Precision: 0.73, Recall: 0.62, F1-Score: 0.67, AUC: 0.71
Epoch [20/100] - [TRAIN] Loss: 0.5845, Accuracy: 71.70%, AUC: 0.71 [VAL] Loss: 0.5827, Accuracy: 71.79%, Precision: 0.74, Recall: 0.62, F1-Score: 0.67, AUC: 0.71
Epoch [21/100] - [TRAIN] Loss: 0.5873, Accuracy: 71.69%, AUC: 0.71 [VAL] Loss: 0.5852, Accuracy: 71.49%, Precision: 0.75, Recall: 0.62, F1-Score: 0.68, AUC: 0.71
Epoch [22/100] - [TRAIN] Loss: 0.5849, Accuracy: 71.80%, AUC: 0.71 [VAL] Loss: 0.5869, Accuracy: 71.16%, Precision: 0.74, Recall: 0.60, F1-Score: 0.67, AUC: 0.71
Epoch [23/100] - [TRAIN] Loss: 0.5858, Accuracy: 71.91%, AUC: 0.71 [VAL] Loss: 0.5849, Accuracy: 71.60%, Precision: 0.74, Recall: 0.61, F1-Score: 0.67, AUC: 0.71
Epoch [24/100] - [TRAIN] Loss: 0.5875, Accuracy: 71.87%, AUC: 0.71 [VAL] Loss: 0.5867, Accuracy: 71.32%, Precision: 0.73, Recall: 0.61, F1-Score: 0.66, AUC: 0.71
Epoch [25/100] - [TRAIN] Loss: 0.5849, Accuracy: 71.76%, AUC: 0.71 [VAL] Loss: 0.5805, Accuracy: 71.90%, Precision: 0.76, Recall: 0.61, F1-Score: 0.68, AUC: 0.72
Epoch [26/100] - [TRAIN] Loss: 0.5855, Accuracy: 71.75%, AUC: 0.71 [VAL] Loss: 0.5872, Accuracy: 71.24%, Precision: 0.74, Recall: 0.60, F1-Score: 0.67, AUC: 0.71
Epoch [27/100] - [TRAIN] Loss: 0.5856, Accuracy: 71.70%, AUC: 0.71 [VAL] Loss: 0.5786, Accuracy: 72.07%, Precision: 0.75, Recall: 0.62, F1-Score: 0.68, AUC: 0.72
Epoch [28/100] - [TRAIN] Loss: 0.5867, Accuracy: 71.81%, AUC: 0.71 [VAL] Loss: 0.5867, Accuracy: 71.14%, Precision: 0.74, Recall: 0.61, F1-Score: 0.67, AUC: 0.71
Epoch [29/100] - [TRAIN] Loss: 0.5870, Accuracy: 71.78%, AUC: 0.71 [VAL] Loss: 0.5840, Accuracy: 71.89%, Precision: 0.73, Recall: 0.62, F1-Score: 0.67, AUC: 0.71
Epoch [30/100] - [TRAIN] Loss: 0.5878, Accuracy: 71.73%, AUC: 0.71 [VAL] Loss: 0.5872, Accuracy: 70.84%, Precision: 0.73, Recall: 0.60, F1-Score: 0.66, AUC: 0.70
Epoch [31/100] - [TRAIN] Loss: 0.5881, Accuracy: 71.63%, AUC: 0.71 [VAL] Loss: 0.5933, Accuracy: 70.36%, Precision: 0.73, Recall: 0.60, F1-Score: 0.66, AUC: 0.70
Epoch [32/100] - [TRAIN] Loss: 0.5839, Accuracy: 71.69%, AUC: 0.71 [VAL] Loss: 0.5869, Accuracy: 71.25%, Precision: 0.73, Recall: 0.62, F1-Score: 0.67, AUC: 0.71
Epoch [33/100] - [TRAIN] Loss: 0.5823, Accuracy: 71.93%, AUC: 0.71 [VAL] Loss: 0.5861, Accuracy: 71.33%, Precision: 0.74, Recall: 0.61, F1-Score: 0.67, AUC: 0.71
Epoch [34/100] - [TRAIN] Loss: 0.5856, Accuracy: 71.76%, AUC: 0.71 [VAL] Loss: 0.5848, Accuracy: 71.22%, Precision: 0.73, Recall: 0.61, F1-Score: 0.66, AUC: 0.71
Epoch [35/100] - [TRAIN] Loss: 0.5852, Accuracy: 71.72%, AUC: 0.71 [VAL] Loss: 0.5770, Accuracy: 72.23%, Precision: 0.75, Recall: 0.63, F1-Score: 0.68, AUC: 0.72
Epoch [36/100] - [TRAIN] Loss: 0.5826, Accuracy: 71.87%, AUC: 0.71 [VAL] Loss: 0.5851, Accuracy: 71.24%, Precision: 0.73, Recall: 0.61, F1-Score: 0.67, AUC: 0.71
Epoch [37/100] - [TRAIN] Loss: 0.5868, Accuracy: 71.72%, AUC: 0.71 [VAL] Loss: 0.5828, Accuracy: 71.73%, Precision: 0.74, Recall: 0.61, F1-Score: 0.67, AUC: 0.71
Epoch [38/100] - [TRAIN] Loss: 0.5838, Accuracy: 71.88%, AUC: 0.71 [VAL] Loss: 0.5942, Accuracy: 70.74%, Precision: 0.73, Recall: 0.61, F1-Score: 0.66, AUC: 0.70
Epoch [39/100] - [TRAIN] Loss: 0.5844, Accuracy: 71.64%, AUC: 0.71 [VAL] Loss: 0.5872, Accuracy: 71.46%, Precision: 0.73, Recall: 0.62, F1-Score: 0.67, AUC: 0.71
Epoch [40/100] - [TRAIN] Loss: 0.5877, Accuracy: 71.63%, AUC: 0.71 [VAL] Loss: 0.5916, Accuracy: 71.30%, Precision: 0.74, Recall: 0.61, F1-Score: 0.67, AUC: 0.71
Epoch [41/100] - [TRAIN] Loss: 0.5874, Accuracy: 71.89%, AUC: 0.71 [VAL] Loss: 0.5852, Accuracy: 71.40%, Precision: 0.74, Recall: 0.62, F1-Score: 0.67, AUC: 0.71
Epoch [42/100] - [TRAIN] Loss: 0.5832, Accuracy: 71.75%, AUC: 0.71 [VAL] Loss: 0.5801, Accuracy: 71.97%, Precision: 0.73, Recall: 0.63, F1-Score: 0.68, AUC: 0.71
Epoch [43/100] - [TRAIN] Loss: 0.5860, Accuracy: 71.92%, AUC: 0.71 [VAL] Loss: 0.5869, Accuracy: 71.45%, Precision: 0.74, Recall: 0.62, F1-Score: 0.67, AUC: 0.71
Epoch [44/100] - [TRAIN] Loss: 0.5835, Accuracy: 71.99%, AUC: 0.72 [VAL] Loss: 0.5858, Accuracy: 71.59%, Precision: 0.74, Recall: 0.62, F1-Score: 0.67, AUC: 0.71
Epoch [45/100] - [TRAIN] Loss: 0.5845, Accuracy: 71.92%, AUC: 0.71 [VAL] Loss: 0.5884, Accuracy: 70.83%, Precision: 0.73, Recall: 0.61, F1-Score: 0.66, AUC: 0.70
Epoch [46/100] - [TRAIN] Loss: 0.5865, Accuracy: 71.50%, AUC: 0.71 [VAL] Loss: 0.5855, Accuracy: 71.59%, Precision: 0.73, Recall: 0.61, F1-Score: 0.67, AUC: 0.71
Epoch [47/100] - [TRAIN] Loss: 0.5873, Accuracy: 71.55%, AUC: 0.71 [VAL] Loss: 0.5817, Accuracy: 72.12%, Precision: 0.75, Recall: 0.62, F1-Score: 0.68, AUC: 0.72
Epoch [48/100] - [TRAIN] Loss: 0.5850, Accuracy: 71.71%, AUC: 0.71 [VAL] Loss: 0.5919, Accuracy: 70.53%, Precision: 0.73, Recall: 0.60, F1-Score: 0.66, AUC: 0.70
Epoch [49/100] - [TRAIN] Loss: 0.5848, Accuracy: 71.80%, AUC: 0.71 [VAL] Loss: 0.5909, Accuracy: 71.43%, Precision: 0.72, Recall: 0.62, F1-Score: 0.67, AUC: 0.71
Epoch [50/100] - [TRAIN] Loss: 0.5861, Accuracy: 71.82%, AUC: 0.71 [VAL] Loss: 0.5937, Accuracy: 70.49%, Precision: 0.73, Recall: 0.60, F1-Score: 0.66, AUC: 0.70
Epoch [51/100] - [TRAIN] Loss: 0.5853, Accuracy: 71.68%, AUC: 0.71 [VAL] Loss: 0.5841, Accuracy: 71.95%, Precision: 0.74, Recall: 0.62, F1-Score: 0.68, AUC: 0.71
Epoch [52/100] - [TRAIN] Loss: 0.5852, Accuracy: 71.67%, AUC: 0.71 [VAL] Loss: 0.5817, Accuracy: 72.07%, Precision: 0.75, Recall: 0.63, F1-Score: 0.68, AUC: 0.72
Epoch [53/100] - [TRAIN] Loss: 0.5846, Accuracy: 71.78%, AUC: 0.71 [VAL] Loss: 0.5897, Accuracy: 70.78%, Precision: 0.73, Recall: 0.61, F1-Score: 0.67, AUC: 0.70
Epoch [54/100] - [TRAIN] Loss: 0.5835, Accuracy: 71.87%, AUC: 0.71 [VAL] Loss: 0.5873, Accuracy: 71.27%, Precision: 0.74, Recall: 0.60, F1-Score: 0.66, AUC: 0.71
Epoch [55/100] - [TRAIN] Loss: 0.5850, Accuracy: 71.70%, AUC: 0.71 [VAL] Loss: 0.5920, Accuracy: 70.62%, Precision: 0.73, Recall: 0.61, F1-Score: 0.66, AUC: 0.70
Epoch [56/100] - [TRAIN] Loss: 0.5878, Accuracy: 71.65%, AUC: 0.71 [VAL] Loss: 0.5869, Accuracy: 71.09%, Precision: 0.73, Recall: 0.62, F1-Score: 0.67, AUC: 0.71
Epoch [57/100] - [TRAIN] Loss: 0.5864, Accuracy: 71.92%, AUC: 0.71 [VAL] Loss: 0.5822, Accuracy: 71.65%, Precision: 0.73, Recall: 0.62, F1-Score: 0.67, AUC: 0.71
Epoch [58/100] - [TRAIN] Loss: 0.5837, Accuracy: 71.91%, AUC: 0.71 [VAL] Loss: 0.5844, Accuracy: 71.53%, Precision: 0.73, Recall: 0.61, F1-Score: 0.67, AUC: 0.71
Epoch [59/100] - [TRAIN] Loss: 0.5875, Accuracy: 71.55%, AUC: 0.71 [VAL] Loss: 0.5877, Accuracy: 71.71%, Precision: 0.73, Recall: 0.62, F1-Score: 0.67, AUC: 0.71
Epoch [60/100] - [TRAIN] Loss: 0.5877, Accuracy: 71.41%, AUC: 0.71 [VAL] Loss: 0.5889, Accuracy: 71.23%, Precision: 0.74, Recall: 0.60, F1-Score: 0.66, AUC: 0.71
Epoch [61/100] - [TRAIN] Loss: 0.5849, Accuracy: 71.85%, AUC: 0.71 [VAL] Loss: 0.5823, Accuracy: 71.66%, Precision: 0.74, Recall: 0.62, F1-Score: 0.67, AUC: 0.71
Epoch [62/100] - [TRAIN] Loss: 0.5835, Accuracy: 71.87%, AUC: 0.71 [VAL] Loss: 0.5864, Accuracy: 71.43%, Precision: 0.74, Recall: 0.62, F1-Score: 0.67, AUC: 0.71
Epoch [63/100] - [TRAIN] Loss: 0.5848, Accuracy: 71.71%, AUC: 0.71 [VAL] Loss: 0.5879, Accuracy: 71.45%, Precision: 0.73, Recall: 0.62, F1-Score: 0.67, AUC: 0.71
Epoch [64/100] - [TRAIN] Loss: 0.5862, Accuracy: 71.65%, AUC: 0.71 [VAL] Loss: 0.5962, Accuracy: 70.77%, Precision: 0.74, Recall: 0.60, F1-Score: 0.66, AUC: 0.70
Epoch [65/100] - [TRAIN] Loss: 0.5857, Accuracy: 71.92%, AUC: 0.71 [VAL] Loss: 0.5856, Accuracy: 71.48%, Precision: 0.74, Recall: 0.62, F1-Score: 0.67, AUC: 0.71
Epoch [66/100] - [TRAIN] Loss: 0.5858, Accuracy: 71.72%, AUC: 0.71 [VAL] Loss: 0.5890, Accuracy: 71.50%, Precision: 0.74, Recall: 0.61, F1-Score: 0.67, AUC: 0.71
Epoch [67/100] - [TRAIN] Loss: 0.5862, Accuracy: 71.80%, AUC: 0.71 [VAL] Loss: 0.5956, Accuracy: 70.57%, Precision: 0.72, Recall: 0.61, F1-Score: 0.66, AUC: 0.70
Epoch [68/100] - [TRAIN] Loss: 0.5827, Accuracy: 72.14%, AUC: 0.72 [VAL] Loss: 0.5858, Accuracy: 71.35%, Precision: 0.73, Recall: 0.62, F1-Score: 0.67, AUC: 0.71
Epoch [69/100] - [TRAIN] Loss: 0.5836, Accuracy: 72.00%, AUC: 0.72 [VAL] Loss: 0.5844, Accuracy: 71.82%, Precision: 0.75, Recall: 0.61, F1-Score: 0.67, AUC: 0.71
Epoch [70/100] - [TRAIN] Loss: 0.5844, Accuracy: 71.89%, AUC: 0.71 [VAL] Loss: 0.5907, Accuracy: 71.18%, Precision: 0.73, Recall: 0.62, F1-Score: 0.67, AUC: 0.71
Epoch [71/100] - [TRAIN] Loss: 0.5830, Accuracy: 71.94%, AUC: 0.71 [VAL] Loss: 0.5900, Accuracy: 71.57%, Precision: 0.74, Recall: 0.62, F1-Score: 0.67, AUC: 0.71
Epoch [72/100] - [TRAIN] Loss: 0.5865, Accuracy: 71.59%, AUC: 0.71 [VAL] Loss: 0.5741, Accuracy: 72.48%, Precision: 0.74, Recall: 0.63, F1-Score: 0.68, AUC: 0.72
Epoch [73/100] - [TRAIN] Loss: 0.5852, Accuracy: 71.98%, AUC: 0.71 [VAL] Loss: 0.5791, Accuracy: 72.05%, Precision: 0.75, Recall: 0.62, F1-Score: 0.68, AUC: 0.72
Epoch [74/100] - [TRAIN] Loss: 0.5872, Accuracy: 71.70%, AUC: 0.71 [VAL] Loss: 0.5789, Accuracy: 71.73%, Precision: 0.74, Recall: 0.61, F1-Score: 0.67, AUC: 0.71
Epoch [75/100] - [TRAIN] Loss: 0.5841, Accuracy: 71.80%, AUC: 0.71 [VAL] Loss: 0.5833, Accuracy: 71.46%, Precision: 0.75, Recall: 0.62, F1-Score: 0.68, AUC: 0.71
Epoch [76/100] - [TRAIN] Loss: 0.5849, Accuracy: 71.80%, AUC: 0.71 [VAL] Loss: 0.5878, Accuracy: 71.44%, Precision: 0.74, Recall: 0.61, F1-Score: 0.67, AUC: 0.71
Epoch [77/100] - [TRAIN] Loss: 0.5876, Accuracy: 71.61%, AUC: 0.71 [VAL] Loss: 0.5760, Accuracy: 72.97%, Precision: 0.75, Recall: 0.64, F1-Score: 0.69, AUC: 0.72
Epoch [78/100] - [TRAIN] Loss: 0.5862, Accuracy: 71.77%, AUC: 0.71 [VAL] Loss: 0.5873, Accuracy: 71.14%, Precision: 0.74, Recall: 0.61, F1-Score: 0.67, AUC: 0.71
Epoch [79/100] - [TRAIN] Loss: 0.5861, Accuracy: 71.82%, AUC: 0.71 [VAL] Loss: 0.5861, Accuracy: 70.86%, Precision: 0.74, Recall: 0.61, F1-Score: 0.67, AUC: 0.70
Epoch [80/100] - [TRAIN] Loss: 0.5845, Accuracy: 71.80%, AUC: 0.71 [VAL] Loss: 0.5829, Accuracy: 72.29%, Precision: 0.75, Recall: 0.63, F1-Score: 0.68, AUC: 0.72
Epoch [81/100] - [TRAIN] Loss: 0.5833, Accuracy: 72.06%, AUC: 0.72 [VAL] Loss: 0.5903, Accuracy: 70.70%, Precision: 0.73, Recall: 0.60, F1-Score: 0.66, AUC: 0.70
Epoch [82/100] - [TRAIN] Loss: 0.5841, Accuracy: 71.87%, AUC: 0.71 [VAL] Loss: 0.5887, Accuracy: 71.06%, Precision: 0.73, Recall: 0.62, F1-Score: 0.67, AUC: 0.71
Epoch [83/100] - [TRAIN] Loss: 0.5834, Accuracy: 72.03%, AUC: 0.72 [VAL] Loss: 0.5830, Accuracy: 71.68%, Precision: 0.74, Recall: 0.62, F1-Score: 0.67, AUC: 0.71
Epoch [84/100] - [TRAIN] Loss: 0.5840, Accuracy: 71.81%, AUC: 0.71 [VAL] Loss: 0.5809, Accuracy: 72.47%, Precision: 0.74, Recall: 0.63, F1-Score: 0.68, AUC: 0.72
Epoch [85/100] - [TRAIN] Loss: 0.5847, Accuracy: 71.84%, AUC: 0.71 [VAL] Loss: 0.5907, Accuracy: 71.41%, Precision: 0.73, Recall: 0.60, F1-Score: 0.66, AUC: 0.71
Epoch [86/100] - [TRAIN] Loss: 0.5866, Accuracy: 71.79%, AUC: 0.71 [VAL] Loss: 0.5852, Accuracy: 71.39%, Precision: 0.74, Recall: 0.62, F1-Score: 0.68, AUC: 0.71
Epoch [87/100] - [TRAIN] Loss: 0.5824, Accuracy: 71.78%, AUC: 0.71 [VAL] Loss: 0.5848, Accuracy: 71.18%, Precision: 0.72, Recall: 0.62, F1-Score: 0.67, AUC: 0.71
Epoch [88/100] - [TRAIN] Loss: 0.5845, Accuracy: 71.74%, AUC: 0.71 [VAL] Loss: 0.5865, Accuracy: 71.98%, Precision: 0.74, Recall: 0.63, F1-Score: 0.68, AUC: 0.71
Epoch [89/100] - [TRAIN] Loss: 0.5828, Accuracy: 72.08%, AUC: 0.72 [VAL] Loss: 0.5873, Accuracy: 71.63%, Precision: 0.74, Recall: 0.62, F1-Score: 0.67, AUC: 0.71
Epoch [90/100] - [TRAIN] Loss: 0.5848, Accuracy: 71.98%, AUC: 0.71 [VAL] Loss: 0.5920, Accuracy: 70.77%, Precision: 0.73, Recall: 0.61, F1-Score: 0.66, AUC: 0.70
Epoch [91/100] - [TRAIN] Loss: 0.5872, Accuracy: 71.45%, AUC: 0.71 [VAL] Loss: 0.5826, Accuracy: 70.80%, Precision: 0.73, Recall: 0.61, F1-Score: 0.67, AUC: 0.70
Epoch [92/100] - [TRAIN] Loss: 0.5820, Accuracy: 72.04%, AUC: 0.72 [VAL] Loss: 0.5851, Accuracy: 71.20%, Precision: 0.74, Recall: 0.62, F1-Score: 0.67, AUC: 0.71
Epoch [93/100] - [TRAIN] Loss: 0.5848, Accuracy: 71.75%, AUC: 0.71 [VAL] Loss: 0.5808, Accuracy: 71.96%, Precision: 0.74, Recall: 0.62, F1-Score: 0.67, AUC: 0.71
Epoch [94/100] - [TRAIN] Loss: 0.5856, Accuracy: 71.64%, AUC: 0.71 [VAL] Loss: 0.5834, Accuracy: 71.66%, Precision: 0.74, Recall: 0.62, F1-Score: 0.67, AUC: 0.71
Epoch [95/100] - [TRAIN] Loss: 0.5860, Accuracy: 71.74%, AUC: 0.71 [VAL] Loss: 0.5948, Accuracy: 70.97%, Precision: 0.74, Recall: 0.61, F1-Score: 0.67, AUC: 0.71
Epoch [96/100] - [TRAIN] Loss: 0.5844, Accuracy: 71.62%, AUC: 0.71 [VAL] Loss: 0.5879, Accuracy: 71.18%, Precision: 0.73, Recall: 0.62, F1-Score: 0.67, AUC: 0.71
Epoch [97/100] - [TRAIN] Loss: 0.5871, Accuracy: 71.50%, AUC: 0.71 [VAL] Loss: 0.5910, Accuracy: 70.93%, Precision: 0.73, Recall: 0.62, F1-Score: 0.67, AUC: 0.70
Epoch [98/100] - [TRAIN] Loss: 0.5843, Accuracy: 71.79%, AUC: 0.71 [VAL] Loss: 0.5859, Accuracy: 71.48%, Precision: 0.74, Recall: 0.61, F1-Score: 0.67, AUC: 0.71
Epoch [99/100] - [TRAIN] Loss: 0.5877, Accuracy: 71.63%, AUC: 0.71 [VAL] Loss: 0.5853, Accuracy: 71.85%, Precision: 0.74, Recall: 0.62, F1-Score: 0.68, AUC: 0.71
Epoch [100/100] - [TRAIN] Loss: 0.5854, Accuracy: 71.88%, AUC: 0.71 [VAL] Loss: 0.5827, Accuracy: 72.11%, Precision: 0.74, Recall: 0.62, F1-Score: 0.67, AUC: 0.71
Accuracy Score on test set: 71.53 %
    AUC Score on test set: 0.71
    Precision: 0.7347
    Recall: 0.6181
    F1-Score: 0.6714

    Detailed Classification Report:
                  precision    recall  f1-score   support

           0       0.70      0.80      0.75      5295
           1       0.73      0.62      0.67      4705

    accuracy                           0.72     10000
   macro avg       0.72      0.71      0.71     10000
weighted avg       0.72      0.72      0.71     10000


    Confusion Matrix:
    [[4245 1050]
 [1797 2908]]
    
002-H3K9me3
Epoch [1/100] - [TRAIN] Loss: 0.7249, Accuracy: 48.05%, AUC: 0.50 [VAL] Loss: 0.7206, Accuracy: 48.09%, Precision: 0.48, Recall: 0.98, F1-Score: 0.64, AUC: 0.50
Epoch [2/100] - [TRAIN] Loss: 0.7184, Accuracy: 50.72%, AUC: 0.50 [VAL] Loss: 0.7178, Accuracy: 52.43%, Precision: 0.51, Recall: 0.05, F1-Score: 0.09, AUC: 0.50
Epoch [3/100] - [TRAIN] Loss: 0.7163, Accuracy: 53.10%, AUC: 0.51 [VAL] Loss: 0.7148, Accuracy: 54.17%, Precision: 0.60, Recall: 0.03, F1-Score: 0.05, AUC: 0.51
Epoch [4/100] - [TRAIN] Loss: 0.7154, Accuracy: 53.04%, AUC: 0.51 [VAL] Loss: 0.7156, Accuracy: 52.62%, Precision: 0.55, Recall: 0.02, F1-Score: 0.04, AUC: 0.50
Epoch [5/100] - [TRAIN] Loss: 0.7146, Accuracy: 53.18%, AUC: 0.51 [VAL] Loss: 0.7135, Accuracy: 53.39%, Precision: 0.61, Recall: 0.03, F1-Score: 0.06, AUC: 0.51
Epoch [6/100] - [TRAIN] Loss: 0.7145, Accuracy: 52.98%, AUC: 0.51 [VAL] Loss: 0.7139, Accuracy: 53.09%, Precision: 0.58, Recall: 0.03, F1-Score: 0.05, AUC: 0.50
Epoch [7/100] - [TRAIN] Loss: 0.7135, Accuracy: 53.29%, AUC: 0.51 [VAL] Loss: 0.7142, Accuracy: 53.33%, Precision: 0.66, Recall: 0.03, F1-Score: 0.06, AUC: 0.51
Epoch [8/100] - [TRAIN] Loss: 0.7139, Accuracy: 53.21%, AUC: 0.51 [VAL] Loss: 0.7147, Accuracy: 53.25%, Precision: 0.62, Recall: 0.03, F1-Score: 0.06, AUC: 0.51
Epoch [9/100] - [TRAIN] Loss: 0.7138, Accuracy: 53.16%, AUC: 0.51 [VAL] Loss: 0.7130, Accuracy: 54.09%, Precision: 0.58, Recall: 0.03, F1-Score: 0.06, AUC: 0.51
Epoch [10/100] - [TRAIN] Loss: 0.7131, Accuracy: 53.38%, AUC: 0.51 [VAL] Loss: 0.7143, Accuracy: 53.11%, Precision: 0.62, Recall: 0.03, F1-Score: 0.06, AUC: 0.51
Epoch [11/100] - [TRAIN] Loss: 0.7129, Accuracy: 53.19%, AUC: 0.51 [VAL] Loss: 0.7131, Accuracy: 53.71%, Precision: 0.60, Recall: 0.03, F1-Score: 0.06, AUC: 0.51
Epoch [12/100] - [TRAIN] Loss: 0.7126, Accuracy: 53.27%, AUC: 0.51 [VAL] Loss: 0.7144, Accuracy: 53.16%, Precision: 0.57, Recall: 0.03, F1-Score: 0.06, AUC: 0.51
Epoch [13/100] - [TRAIN] Loss: 0.7128, Accuracy: 53.04%, AUC: 0.51 [VAL] Loss: 0.7147, Accuracy: 52.81%, Precision: 0.53, Recall: 0.03, F1-Score: 0.05, AUC: 0.50
Epoch [14/100] - [TRAIN] Loss: 0.7126, Accuracy: 53.08%, AUC: 0.51 [VAL] Loss: 0.7123, Accuracy: 53.47%, Precision: 0.59, Recall: 0.03, F1-Score: 0.06, AUC: 0.51
Epoch [15/100] - [TRAIN] Loss: 0.7123, Accuracy: 53.05%, AUC: 0.51 [VAL] Loss: 0.7132, Accuracy: 53.80%, Precision: 0.61, Recall: 0.03, F1-Score: 0.06, AUC: 0.51
Epoch [16/100] - [TRAIN] Loss: 0.7121, Accuracy: 53.18%, AUC: 0.51 [VAL] Loss: 0.7120, Accuracy: 53.32%, Precision: 0.64, Recall: 0.03, F1-Score: 0.06, AUC: 0.51
Epoch [17/100] - [TRAIN] Loss: 0.7122, Accuracy: 53.00%, AUC: 0.51 [VAL] Loss: 0.7125, Accuracy: 53.41%, Precision: 0.57, Recall: 0.03, F1-Score: 0.06, AUC: 0.51
Epoch [18/100] - [TRAIN] Loss: 0.7119, Accuracy: 53.20%, AUC: 0.51 [VAL] Loss: 0.7136, Accuracy: 53.90%, Precision: 0.59, Recall: 0.03, F1-Score: 0.06, AUC: 0.51
Epoch [19/100] - [TRAIN] Loss: 0.7119, Accuracy: 53.00%, AUC: 0.51 [VAL] Loss: 0.7113, Accuracy: 53.65%, Precision: 0.57, Recall: 0.03, F1-Score: 0.06, AUC: 0.51
Epoch [20/100] - [TRAIN] Loss: 0.7114, Accuracy: 53.46%, AUC: 0.51 [VAL] Loss: 0.7119, Accuracy: 53.01%, Precision: 0.57, Recall: 0.03, F1-Score: 0.05, AUC: 0.50
Epoch [21/100] - [TRAIN] Loss: 0.7116, Accuracy: 53.38%, AUC: 0.51 [VAL] Loss: 0.7134, Accuracy: 53.11%, Precision: 0.53, Recall: 0.03, F1-Score: 0.06, AUC: 0.50
Epoch [22/100] - [TRAIN] Loss: 0.7115, Accuracy: 53.18%, AUC: 0.51 [VAL] Loss: 0.7136, Accuracy: 52.24%, Precision: 0.58, Recall: 0.03, F1-Score: 0.06, AUC: 0.51
Epoch [23/100] - [TRAIN] Loss: 0.7109, Accuracy: 53.21%, AUC: 0.51 [VAL] Loss: 0.7117, Accuracy: 53.44%, Precision: 0.54, Recall: 0.03, F1-Score: 0.06, AUC: 0.50
Epoch [24/100] - [TRAIN] Loss: 0.7108, Accuracy: 53.63%, AUC: 0.51 [VAL] Loss: 0.7134, Accuracy: 53.07%, Precision: 0.60, Recall: 0.04, F1-Score: 0.07, AUC: 0.51
Epoch [25/100] - [TRAIN] Loss: 0.7108, Accuracy: 53.39%, AUC: 0.51 [VAL] Loss: 0.7123, Accuracy: 53.37%, Precision: 0.63, Recall: 0.04, F1-Score: 0.07, AUC: 0.51
Epoch [26/100] - [TRAIN] Loss: 0.7107, Accuracy: 53.23%, AUC: 0.51 [VAL] Loss: 0.7126, Accuracy: 53.21%, Precision: 0.55, Recall: 0.03, F1-Score: 0.06, AUC: 0.50
Epoch [27/100] - [TRAIN] Loss: 0.7108, Accuracy: 53.29%, AUC: 0.51 [VAL] Loss: 0.7128, Accuracy: 53.62%, Precision: 0.60, Recall: 0.03, F1-Score: 0.06, AUC: 0.51
Epoch [28/100] - [TRAIN] Loss: 0.7106, Accuracy: 53.53%, AUC: 0.51 [VAL] Loss: 0.7124, Accuracy: 53.49%, Precision: 0.57, Recall: 0.03, F1-Score: 0.06, AUC: 0.51
Epoch [29/100] - [TRAIN] Loss: 0.7108, Accuracy: 53.28%, AUC: 0.51 [VAL] Loss: 0.7124, Accuracy: 53.11%, Precision: 0.60, Recall: 0.03, F1-Score: 0.06, AUC: 0.51
Epoch [30/100] - [TRAIN] Loss: 0.7103, Accuracy: 53.45%, AUC: 0.51 [VAL] Loss: 0.7132, Accuracy: 52.86%, Precision: 0.58, Recall: 0.03, F1-Score: 0.06, AUC: 0.51
Epoch [31/100] - [TRAIN] Loss: 0.7112, Accuracy: 53.15%, AUC: 0.51 [VAL] Loss: 0.7118, Accuracy: 53.75%, Precision: 0.58, Recall: 0.04, F1-Score: 0.07, AUC: 0.51
Epoch [32/100] - [TRAIN] Loss: 0.7101, Accuracy: 53.42%, AUC: 0.51 [VAL] Loss: 0.7124, Accuracy: 53.76%, Precision: 0.57, Recall: 0.03, F1-Score: 0.06, AUC: 0.51
Epoch [33/100] - [TRAIN] Loss: 0.7111, Accuracy: 53.17%, AUC: 0.51 [VAL] Loss: 0.7125, Accuracy: 53.10%, Precision: 0.53, Recall: 0.03, F1-Score: 0.06, AUC: 0.50
Epoch [34/100] - [TRAIN] Loss: 0.7109, Accuracy: 53.28%, AUC: 0.51 [VAL] Loss: 0.7128, Accuracy: 53.58%, Precision: 0.55, Recall: 0.03, F1-Score: 0.06, AUC: 0.50
Epoch [35/100] - [TRAIN] Loss: 0.7107, Accuracy: 53.39%, AUC: 0.51 [VAL] Loss: 0.7112, Accuracy: 53.13%, Precision: 0.64, Recall: 0.04, F1-Score: 0.07, AUC: 0.51
Epoch [36/100] - [TRAIN] Loss: 0.7105, Accuracy: 53.34%, AUC: 0.51 [VAL] Loss: 0.7139, Accuracy: 52.67%, Precision: 0.53, Recall: 0.03, F1-Score: 0.05, AUC: 0.50
Epoch [37/100] - [TRAIN] Loss: 0.7108, Accuracy: 53.12%, AUC: 0.51 [VAL] Loss: 0.7132, Accuracy: 53.08%, Precision: 0.56, Recall: 0.03, F1-Score: 0.06, AUC: 0.50
Epoch [38/100] - [TRAIN] Loss: 0.7106, Accuracy: 53.12%, AUC: 0.51 [VAL] Loss: 0.7126, Accuracy: 52.91%, Precision: 0.57, Recall: 0.03, F1-Score: 0.06, AUC: 0.51
Epoch [39/100] - [TRAIN] Loss: 0.7111, Accuracy: 53.18%, AUC: 0.51 [VAL] Loss: 0.7138, Accuracy: 52.78%, Precision: 0.64, Recall: 0.04, F1-Score: 0.07, AUC: 0.51
Epoch [40/100] - [TRAIN] Loss: 0.7110, Accuracy: 53.50%, AUC: 0.51 [VAL] Loss: 0.7139, Accuracy: 53.12%, Precision: 0.52, Recall: 0.03, F1-Score: 0.05, AUC: 0.50
Epoch [41/100] - [TRAIN] Loss: 0.7109, Accuracy: 53.24%, AUC: 0.51 [VAL] Loss: 0.7130, Accuracy: 52.60%, Precision: 0.61, Recall: 0.03, F1-Score: 0.06, AUC: 0.51
Epoch [42/100] - [TRAIN] Loss: 0.7109, Accuracy: 53.11%, AUC: 0.51 [VAL] Loss: 0.7124, Accuracy: 52.66%, Precision: 0.58, Recall: 0.03, F1-Score: 0.06, AUC: 0.51
Epoch [43/100] - [TRAIN] Loss: 0.7111, Accuracy: 53.16%, AUC: 0.51 [VAL] Loss: 0.7123, Accuracy: 53.31%, Precision: 0.54, Recall: 0.03, F1-Score: 0.06, AUC: 0.50
Epoch [44/100] - [TRAIN] Loss: 0.7109, Accuracy: 53.16%, AUC: 0.51 [VAL] Loss: 0.7115, Accuracy: 53.15%, Precision: 0.63, Recall: 0.04, F1-Score: 0.07, AUC: 0.51
Epoch [45/100] - [TRAIN] Loss: 0.7109, Accuracy: 53.48%, AUC: 0.51 [VAL] Loss: 0.7116, Accuracy: 53.61%, Precision: 0.58, Recall: 0.03, F1-Score: 0.06, AUC: 0.51
Epoch [46/100] - [TRAIN] Loss: 0.7110, Accuracy: 53.21%, AUC: 0.51 [VAL] Loss: 0.7119, Accuracy: 53.91%, Precision: 0.57, Recall: 0.03, F1-Score: 0.06, AUC: 0.51
Epoch [47/100] - [TRAIN] Loss: 0.7114, Accuracy: 53.33%, AUC: 0.51 [VAL] Loss: 0.7124, Accuracy: 53.59%, Precision: 0.59, Recall: 0.04, F1-Score: 0.07, AUC: 0.51
Epoch [48/100] - [TRAIN] Loss: 0.7114, Accuracy: 53.07%, AUC: 0.51 [VAL] Loss: 0.7121, Accuracy: 53.22%, Precision: 0.56, Recall: 0.03, F1-Score: 0.06, AUC: 0.50
Epoch [49/100] - [TRAIN] Loss: 0.7106, Accuracy: 53.46%, AUC: 0.51 [VAL] Loss: 0.7117, Accuracy: 53.33%, Precision: 0.61, Recall: 0.03, F1-Score: 0.06, AUC: 0.51
Epoch [50/100] - [TRAIN] Loss: 0.7109, Accuracy: 53.32%, AUC: 0.51 [VAL] Loss: 0.7125, Accuracy: 53.08%, Precision: 0.58, Recall: 0.04, F1-Score: 0.07, AUC: 0.51
Epoch [51/100] - [TRAIN] Loss: 0.7110, Accuracy: 53.26%, AUC: 0.51 [VAL] Loss: 0.7112, Accuracy: 53.44%, Precision: 0.62, Recall: 0.03, F1-Score: 0.07, AUC: 0.51
Epoch [52/100] - [TRAIN] Loss: 0.7114, Accuracy: 53.06%, AUC: 0.51 [VAL] Loss: 0.7142, Accuracy: 53.26%, Precision: 0.59, Recall: 0.03, F1-Score: 0.06, AUC: 0.51
Epoch [53/100] - [TRAIN] Loss: 0.7107, Accuracy: 53.30%, AUC: 0.51 [VAL] Loss: 0.7130, Accuracy: 53.00%, Precision: 0.58, Recall: 0.03, F1-Score: 0.07, AUC: 0.51
Epoch [54/100] - [TRAIN] Loss: 0.7108, Accuracy: 53.35%, AUC: 0.51 [VAL] Loss: 0.7126, Accuracy: 53.35%, Precision: 0.59, Recall: 0.04, F1-Score: 0.07, AUC: 0.51
Epoch [55/100] - [TRAIN] Loss: 0.7114, Accuracy: 52.94%, AUC: 0.51 [VAL] Loss: 0.7112, Accuracy: 52.96%, Precision: 0.60, Recall: 0.03, F1-Score: 0.06, AUC: 0.51
Epoch [56/100] - [TRAIN] Loss: 0.7108, Accuracy: 53.39%, AUC: 0.51 [VAL] Loss: 0.7104, Accuracy: 54.02%, Precision: 0.57, Recall: 0.03, F1-Score: 0.06, AUC: 0.51
Epoch [57/100] - [TRAIN] Loss: 0.7108, Accuracy: 53.37%, AUC: 0.51 [VAL] Loss: 0.7121, Accuracy: 53.76%, Precision: 0.53, Recall: 0.03, F1-Score: 0.05, AUC: 0.50
Epoch [58/100] - [TRAIN] Loss: 0.7115, Accuracy: 53.26%, AUC: 0.51 [VAL] Loss: 0.7127, Accuracy: 53.24%, Precision: 0.58, Recall: 0.03, F1-Score: 0.06, AUC: 0.51
Epoch [59/100] - [TRAIN] Loss: 0.7112, Accuracy: 53.27%, AUC: 0.51 [VAL] Loss: 0.7113, Accuracy: 53.45%, Precision: 0.62, Recall: 0.03, F1-Score: 0.06, AUC: 0.51
Epoch [60/100] - [TRAIN] Loss: 0.7102, Accuracy: 53.52%, AUC: 0.51 [VAL] Loss: 0.7105, Accuracy: 54.31%, Precision: 0.58, Recall: 0.03, F1-Score: 0.06, AUC: 0.51
Epoch [61/100] - [TRAIN] Loss: 0.7108, Accuracy: 53.46%, AUC: 0.51 [VAL] Loss: 0.7126, Accuracy: 53.12%, Precision: 0.59, Recall: 0.03, F1-Score: 0.06, AUC: 0.51
Epoch [62/100] - [TRAIN] Loss: 0.7106, Accuracy: 53.41%, AUC: 0.51 [VAL] Loss: 0.7106, Accuracy: 53.97%, Precision: 0.60, Recall: 0.03, F1-Score: 0.06, AUC: 0.51
Epoch [63/100] - [TRAIN] Loss: 0.7104, Accuracy: 53.29%, AUC: 0.51 [VAL] Loss: 0.7119, Accuracy: 53.15%, Precision: 0.59, Recall: 0.03, F1-Score: 0.06, AUC: 0.51
Epoch [64/100] - [TRAIN] Loss: 0.7107, Accuracy: 53.27%, AUC: 0.51 [VAL] Loss: 0.7119, Accuracy: 52.67%, Precision: 0.60, Recall: 0.04, F1-Score: 0.07, AUC: 0.51
Epoch [65/100] - [TRAIN] Loss: 0.7104, Accuracy: 53.53%, AUC: 0.51 [VAL] Loss: 0.7123, Accuracy: 53.35%, Precision: 0.59, Recall: 0.03, F1-Score: 0.06, AUC: 0.51
Epoch [66/100] - [TRAIN] Loss: 0.7107, Accuracy: 53.18%, AUC: 0.51 [VAL] Loss: 0.7120, Accuracy: 52.92%, Precision: 0.58, Recall: 0.03, F1-Score: 0.06, AUC: 0.51
Epoch [67/100] - [TRAIN] Loss: 0.7110, Accuracy: 53.06%, AUC: 0.51 [VAL] Loss: 0.7117, Accuracy: 53.56%, Precision: 0.58, Recall: 0.03, F1-Score: 0.06, AUC: 0.51
Epoch [68/100] - [TRAIN] Loss: 0.7102, Accuracy: 53.32%, AUC: 0.51 [VAL] Loss: 0.7122, Accuracy: 53.22%, Precision: 0.59, Recall: 0.03, F1-Score: 0.06, AUC: 0.51
Epoch [69/100] - [TRAIN] Loss: 0.7106, Accuracy: 53.27%, AUC: 0.51 [VAL] Loss: 0.7107, Accuracy: 53.53%, Precision: 0.61, Recall: 0.04, F1-Score: 0.07, AUC: 0.51
Epoch [70/100] - [TRAIN] Loss: 0.7112, Accuracy: 53.24%, AUC: 0.51 [VAL] Loss: 0.7131, Accuracy: 52.89%, Precision: 0.56, Recall: 0.03, F1-Score: 0.06, AUC: 0.50
Epoch [71/100] - [TRAIN] Loss: 0.7110, Accuracy: 53.30%, AUC: 0.51 [VAL] Loss: 0.7123, Accuracy: 53.55%, Precision: 0.59, Recall: 0.03, F1-Score: 0.06, AUC: 0.51
Epoch [72/100] - [TRAIN] Loss: 0.7113, Accuracy: 53.34%, AUC: 0.51 [VAL] Loss: 0.7140, Accuracy: 52.88%, Precision: 0.61, Recall: 0.04, F1-Score: 0.07, AUC: 0.51
Epoch [73/100] - [TRAIN] Loss: 0.7112, Accuracy: 53.28%, AUC: 0.51 [VAL] Loss: 0.7126, Accuracy: 53.74%, Precision: 0.57, Recall: 0.03, F1-Score: 0.06, AUC: 0.51
Epoch [74/100] - [TRAIN] Loss: 0.7112, Accuracy: 53.35%, AUC: 0.51 [VAL] Loss: 0.7121, Accuracy: 52.40%, Precision: 0.57, Recall: 0.03, F1-Score: 0.06, AUC: 0.50
Epoch [75/100] - [TRAIN] Loss: 0.7112, Accuracy: 52.87%, AUC: 0.51 [VAL] Loss: 0.7118, Accuracy: 53.33%, Precision: 0.61, Recall: 0.03, F1-Score: 0.06, AUC: 0.51
Epoch [76/100] - [TRAIN] Loss: 0.7110, Accuracy: 53.16%, AUC: 0.51 [VAL] Loss: 0.7118, Accuracy: 53.06%, Precision: 0.58, Recall: 0.03, F1-Score: 0.06, AUC: 0.51
Epoch [77/100] - [TRAIN] Loss: 0.7106, Accuracy: 53.54%, AUC: 0.51 [VAL] Loss: 0.7128, Accuracy: 53.57%, Precision: 0.60, Recall: 0.04, F1-Score: 0.07, AUC: 0.51
Epoch [78/100] - [TRAIN] Loss: 0.7113, Accuracy: 53.30%, AUC: 0.51 [VAL] Loss: 0.7118, Accuracy: 53.05%, Precision: 0.60, Recall: 0.03, F1-Score: 0.06, AUC: 0.51
Epoch [79/100] - [TRAIN] Loss: 0.7110, Accuracy: 53.31%, AUC: 0.51 [VAL] Loss: 0.7111, Accuracy: 53.43%, Precision: 0.64, Recall: 0.04, F1-Score: 0.07, AUC: 0.51
Epoch [80/100] - [TRAIN] Loss: 0.7115, Accuracy: 53.13%, AUC: 0.51 [VAL] Loss: 0.7124, Accuracy: 53.48%, Precision: 0.60, Recall: 0.03, F1-Score: 0.06, AUC: 0.51
Epoch [81/100] - [TRAIN] Loss: 0.7105, Accuracy: 53.50%, AUC: 0.51 [VAL] Loss: 0.7145, Accuracy: 52.35%, Precision: 0.53, Recall: 0.03, F1-Score: 0.06, AUC: 0.50
Epoch [82/100] - [TRAIN] Loss: 0.7110, Accuracy: 52.98%, AUC: 0.51 [VAL] Loss: 0.7118, Accuracy: 53.37%, Precision: 0.55, Recall: 0.03, F1-Score: 0.05, AUC: 0.50
Epoch [83/100] - [TRAIN] Loss: 0.7110, Accuracy: 53.26%, AUC: 0.51 [VAL] Loss: 0.7123, Accuracy: 52.82%, Precision: 0.59, Recall: 0.03, F1-Score: 0.06, AUC: 0.51
Epoch [84/100] - [TRAIN] Loss: 0.7111, Accuracy: 53.34%, AUC: 0.51 [VAL] Loss: 0.7128, Accuracy: 53.01%, Precision: 0.57, Recall: 0.03, F1-Score: 0.06, AUC: 0.51
Epoch [85/100] - [TRAIN] Loss: 0.7106, Accuracy: 53.37%, AUC: 0.51 [VAL] Loss: 0.7122, Accuracy: 52.73%, Precision: 0.52, Recall: 0.03, F1-Score: 0.06, AUC: 0.50
Epoch [86/100] - [TRAIN] Loss: 0.7108, Accuracy: 53.28%, AUC: 0.51 [VAL] Loss: 0.7118, Accuracy: 52.30%, Precision: 0.58, Recall: 0.03, F1-Score: 0.06, AUC: 0.50
Epoch [87/100] - [TRAIN] Loss: 0.7108, Accuracy: 53.16%, AUC: 0.51 [VAL] Loss: 0.7114, Accuracy: 53.53%, Precision: 0.58, Recall: 0.03, F1-Score: 0.06, AUC: 0.51
Epoch [88/100] - [TRAIN] Loss: 0.7111, Accuracy: 53.18%, AUC: 0.51 [VAL] Loss: 0.7145, Accuracy: 52.97%, Precision: 0.59, Recall: 0.03, F1-Score: 0.06, AUC: 0.51
Epoch [89/100] - [TRAIN] Loss: 0.7113, Accuracy: 53.16%, AUC: 0.51 [VAL] Loss: 0.7120, Accuracy: 53.01%, Precision: 0.59, Recall: 0.04, F1-Score: 0.07, AUC: 0.51
Epoch [90/100] - [TRAIN] Loss: 0.7114, Accuracy: 52.94%, AUC: 0.51 [VAL] Loss: 0.7123, Accuracy: 53.32%, Precision: 0.55, Recall: 0.03, F1-Score: 0.06, AUC: 0.50
Epoch [91/100] - [TRAIN] Loss: 0.7107, Accuracy: 53.52%, AUC: 0.51 [VAL] Loss: 0.7134, Accuracy: 53.07%, Precision: 0.55, Recall: 0.03, F1-Score: 0.06, AUC: 0.50
Epoch [92/100] - [TRAIN] Loss: 0.7109, Accuracy: 53.35%, AUC: 0.51 [VAL] Loss: 0.7153, Accuracy: 52.00%, Precision: 0.58, Recall: 0.03, F1-Score: 0.06, AUC: 0.51
Epoch [93/100] - [TRAIN] Loss: 0.7107, Accuracy: 53.39%, AUC: 0.51 [VAL] Loss: 0.7131, Accuracy: 53.92%, Precision: 0.59, Recall: 0.03, F1-Score: 0.06, AUC: 0.51
Epoch [94/100] - [TRAIN] Loss: 0.7110, Accuracy: 52.97%, AUC: 0.51 [VAL] Loss: 0.7126, Accuracy: 53.64%, Precision: 0.55, Recall: 0.03, F1-Score: 0.06, AUC: 0.50
Epoch [95/100] - [TRAIN] Loss: 0.7109, Accuracy: 53.35%, AUC: 0.51 [VAL] Loss: 0.7109, Accuracy: 53.97%, Precision: 0.59, Recall: 0.03, F1-Score: 0.06, AUC: 0.51
Epoch [96/100] - [TRAIN] Loss: 0.7109, Accuracy: 53.54%, AUC: 0.51 [VAL] Loss: 0.7121, Accuracy: 52.90%, Precision: 0.55, Recall: 0.03, F1-Score: 0.06, AUC: 0.50
Epoch [97/100] - [TRAIN] Loss: 0.7110, Accuracy: 53.17%, AUC: 0.51 [VAL] Loss: 0.7128, Accuracy: 52.21%, Precision: 0.59, Recall: 0.03, F1-Score: 0.06, AUC: 0.51
Epoch [98/100] - [TRAIN] Loss: 0.7102, Accuracy: 53.65%, AUC: 0.51 [VAL] Loss: 0.7114, Accuracy: 53.63%, Precision: 0.56, Recall: 0.04, F1-Score: 0.07, AUC: 0.51
Epoch [99/100] - [TRAIN] Loss: 0.7108, Accuracy: 53.55%, AUC: 0.51 [VAL] Loss: 0.7132, Accuracy: 52.94%, Precision: 0.57, Recall: 0.03, F1-Score: 0.06, AUC: 0.50
Epoch [100/100] - [TRAIN] Loss: 0.7103, Accuracy: 53.49%, AUC: 0.51 [VAL] Loss: 0.7138, Accuracy: 52.68%, Precision: 0.52, Recall: 0.03, F1-Score: 0.06, AUC: 0.50
Accuracy Score on test set: 52.60 %
    AUC Score on test set: 0.50
    Precision: 0.5396
    Recall: 0.0315
    F1-Score: 0.0595

    Detailed Classification Report:
                  precision    recall  f1-score   support

           0       0.53      0.98      0.68      5238
           1       0.54      0.03      0.06      4762

    accuracy                           0.53     10000
   macro avg       0.53      0.50      0.37     10000
weighted avg       0.53      0.53      0.39     10000


    Confusion Matrix:
    [[5110  128]
 [4612  150]]
    
003-H3K27ac
Epoch [1/100] - [TRAIN] Loss: 0.6746, Accuracy: 62.53%, AUC: 0.63 [VAL] Loss: 0.6460, Accuracy: 65.78%, Precision: 0.61, Recall: 0.76, F1-Score: 0.68, AUC: 0.66
Epoch [2/100] - [TRAIN] Loss: 0.6499, Accuracy: 67.06%, AUC: 0.67 [VAL] Loss: 0.6321, Accuracy: 70.05%, Precision: 0.73, Recall: 0.57, F1-Score: 0.64, AUC: 0.69
Epoch [3/100] - [TRAIN] Loss: 0.6448, Accuracy: 68.96%, AUC: 0.68 [VAL] Loss: 0.6346, Accuracy: 69.63%, Precision: 0.74, Recall: 0.55, F1-Score: 0.63, AUC: 0.69
Epoch [4/100] - [TRAIN] Loss: 0.6408, Accuracy: 69.37%, AUC: 0.69 [VAL] Loss: 0.6162, Accuracy: 70.98%, Precision: 0.76, Recall: 0.57, F1-Score: 0.65, AUC: 0.70
Epoch [5/100] - [TRAIN] Loss: 0.6364, Accuracy: 69.72%, AUC: 0.69 [VAL] Loss: 0.6200, Accuracy: 70.26%, Precision: 0.76, Recall: 0.55, F1-Score: 0.64, AUC: 0.70
Epoch [6/100] - [TRAIN] Loss: 0.6306, Accuracy: 69.75%, AUC: 0.69 [VAL] Loss: 0.6207, Accuracy: 69.68%, Precision: 0.74, Recall: 0.54, F1-Score: 0.63, AUC: 0.69
Epoch [7/100] - [TRAIN] Loss: 0.6285, Accuracy: 69.58%, AUC: 0.69 [VAL] Loss: 0.6189, Accuracy: 69.81%, Precision: 0.75, Recall: 0.55, F1-Score: 0.63, AUC: 0.69
Epoch [8/100] - [TRAIN] Loss: 0.6268, Accuracy: 69.60%, AUC: 0.69 [VAL] Loss: 0.6181, Accuracy: 69.86%, Precision: 0.74, Recall: 0.56, F1-Score: 0.64, AUC: 0.69
Epoch [9/100] - [TRAIN] Loss: 0.6253, Accuracy: 69.70%, AUC: 0.69 [VAL] Loss: 0.6115, Accuracy: 69.58%, Precision: 0.74, Recall: 0.55, F1-Score: 0.63, AUC: 0.69
Epoch [10/100] - [TRAIN] Loss: 0.6239, Accuracy: 69.76%, AUC: 0.69 [VAL] Loss: 0.6060, Accuracy: 70.74%, Precision: 0.76, Recall: 0.56, F1-Score: 0.64, AUC: 0.70
Epoch [11/100] - [TRAIN] Loss: 0.6235, Accuracy: 69.50%, AUC: 0.69 [VAL] Loss: 0.6175, Accuracy: 69.16%, Precision: 0.73, Recall: 0.54, F1-Score: 0.62, AUC: 0.68
Epoch [12/100] - [TRAIN] Loss: 0.6236, Accuracy: 69.50%, AUC: 0.69 [VAL] Loss: 0.6048, Accuracy: 70.94%, Precision: 0.75, Recall: 0.57, F1-Score: 0.65, AUC: 0.70
Epoch [13/100] - [TRAIN] Loss: 0.6206, Accuracy: 69.90%, AUC: 0.69 [VAL] Loss: 0.6087, Accuracy: 69.88%, Precision: 0.74, Recall: 0.55, F1-Score: 0.63, AUC: 0.69
Epoch [14/100] - [TRAIN] Loss: 0.6171, Accuracy: 70.02%, AUC: 0.69 [VAL] Loss: 0.6036, Accuracy: 70.78%, Precision: 0.76, Recall: 0.58, F1-Score: 0.65, AUC: 0.70
Epoch [15/100] - [TRAIN] Loss: 0.6185, Accuracy: 70.02%, AUC: 0.69 [VAL] Loss: 0.5979, Accuracy: 71.61%, Precision: 0.75, Recall: 0.58, F1-Score: 0.65, AUC: 0.71
Epoch [16/100] - [TRAIN] Loss: 0.6174, Accuracy: 69.90%, AUC: 0.69 [VAL] Loss: 0.6041, Accuracy: 70.42%, Precision: 0.75, Recall: 0.56, F1-Score: 0.64, AUC: 0.70
Epoch [17/100] - [TRAIN] Loss: 0.6156, Accuracy: 69.69%, AUC: 0.69 [VAL] Loss: 0.6006, Accuracy: 70.39%, Precision: 0.74, Recall: 0.56, F1-Score: 0.64, AUC: 0.69
Epoch [18/100] - [TRAIN] Loss: 0.6147, Accuracy: 69.92%, AUC: 0.69 [VAL] Loss: 0.6073, Accuracy: 69.30%, Precision: 0.74, Recall: 0.54, F1-Score: 0.63, AUC: 0.69
Epoch [19/100] - [TRAIN] Loss: 0.6154, Accuracy: 69.83%, AUC: 0.69 [VAL] Loss: 0.6000, Accuracy: 70.45%, Precision: 0.75, Recall: 0.56, F1-Score: 0.64, AUC: 0.70
Epoch [20/100] - [TRAIN] Loss: 0.6121, Accuracy: 69.97%, AUC: 0.69 [VAL] Loss: 0.6037, Accuracy: 70.49%, Precision: 0.74, Recall: 0.57, F1-Score: 0.64, AUC: 0.70
Epoch [21/100] - [TRAIN] Loss: 0.6134, Accuracy: 70.02%, AUC: 0.69 [VAL] Loss: 0.6007, Accuracy: 71.08%, Precision: 0.75, Recall: 0.58, F1-Score: 0.65, AUC: 0.70
Epoch [22/100] - [TRAIN] Loss: 0.6124, Accuracy: 70.12%, AUC: 0.69 [VAL] Loss: 0.5981, Accuracy: 70.61%, Precision: 0.74, Recall: 0.57, F1-Score: 0.64, AUC: 0.70
Epoch [23/100] - [TRAIN] Loss: 0.6104, Accuracy: 70.07%, AUC: 0.69 [VAL] Loss: 0.5908, Accuracy: 71.38%, Precision: 0.75, Recall: 0.58, F1-Score: 0.66, AUC: 0.71
Epoch [24/100] - [TRAIN] Loss: 0.6113, Accuracy: 69.94%, AUC: 0.69 [VAL] Loss: 0.5987, Accuracy: 70.50%, Precision: 0.75, Recall: 0.56, F1-Score: 0.64, AUC: 0.70
Epoch [25/100] - [TRAIN] Loss: 0.6118, Accuracy: 70.15%, AUC: 0.70 [VAL] Loss: 0.6004, Accuracy: 69.46%, Precision: 0.74, Recall: 0.56, F1-Score: 0.64, AUC: 0.69
Epoch [26/100] - [TRAIN] Loss: 0.6135, Accuracy: 70.16%, AUC: 0.70 [VAL] Loss: 0.5967, Accuracy: 70.88%, Precision: 0.75, Recall: 0.58, F1-Score: 0.65, AUC: 0.70
Epoch [27/100] - [TRAIN] Loss: 0.6108, Accuracy: 70.01%, AUC: 0.69 [VAL] Loss: 0.6009, Accuracy: 70.78%, Precision: 0.76, Recall: 0.58, F1-Score: 0.65, AUC: 0.70
Epoch [28/100] - [TRAIN] Loss: 0.6119, Accuracy: 69.94%, AUC: 0.69 [VAL] Loss: 0.5960, Accuracy: 70.98%, Precision: 0.76, Recall: 0.57, F1-Score: 0.65, AUC: 0.70
Epoch [29/100] - [TRAIN] Loss: 0.6107, Accuracy: 70.11%, AUC: 0.70 [VAL] Loss: 0.6011, Accuracy: 70.13%, Precision: 0.74, Recall: 0.55, F1-Score: 0.63, AUC: 0.69
Epoch [30/100] - [TRAIN] Loss: 0.6108, Accuracy: 70.19%, AUC: 0.69 [VAL] Loss: 0.5983, Accuracy: 70.42%, Precision: 0.75, Recall: 0.57, F1-Score: 0.65, AUC: 0.70
Epoch [31/100] - [TRAIN] Loss: 0.6120, Accuracy: 69.96%, AUC: 0.69 [VAL] Loss: 0.5950, Accuracy: 71.24%, Precision: 0.76, Recall: 0.58, F1-Score: 0.66, AUC: 0.71
Epoch [32/100] - [TRAIN] Loss: 0.6146, Accuracy: 69.90%, AUC: 0.69 [VAL] Loss: 0.5944, Accuracy: 70.87%, Precision: 0.75, Recall: 0.57, F1-Score: 0.65, AUC: 0.70
Epoch [33/100] - [TRAIN] Loss: 0.6110, Accuracy: 69.93%, AUC: 0.69 [VAL] Loss: 0.6072, Accuracy: 69.89%, Precision: 0.73, Recall: 0.56, F1-Score: 0.63, AUC: 0.69
Epoch [34/100] - [TRAIN] Loss: 0.6122, Accuracy: 69.81%, AUC: 0.69 [VAL] Loss: 0.6022, Accuracy: 70.38%, Precision: 0.74, Recall: 0.57, F1-Score: 0.64, AUC: 0.70
Epoch [35/100] - [TRAIN] Loss: 0.6112, Accuracy: 70.07%, AUC: 0.69 [VAL] Loss: 0.6040, Accuracy: 70.28%, Precision: 0.75, Recall: 0.56, F1-Score: 0.64, AUC: 0.70
Epoch [36/100] - [TRAIN] Loss: 0.6128, Accuracy: 69.99%, AUC: 0.69 [VAL] Loss: 0.6014, Accuracy: 70.32%, Precision: 0.75, Recall: 0.56, F1-Score: 0.64, AUC: 0.70
Epoch [37/100] - [TRAIN] Loss: 0.6104, Accuracy: 70.25%, AUC: 0.70 [VAL] Loss: 0.5944, Accuracy: 70.51%, Precision: 0.75, Recall: 0.57, F1-Score: 0.65, AUC: 0.70
Epoch [38/100] - [TRAIN] Loss: 0.6114, Accuracy: 70.07%, AUC: 0.69 [VAL] Loss: 0.5968, Accuracy: 71.27%, Precision: 0.76, Recall: 0.58, F1-Score: 0.66, AUC: 0.71
Epoch [39/100] - [TRAIN] Loss: 0.6117, Accuracy: 69.97%, AUC: 0.69 [VAL] Loss: 0.6009, Accuracy: 70.85%, Precision: 0.75, Recall: 0.56, F1-Score: 0.64, AUC: 0.70
Epoch [40/100] - [TRAIN] Loss: 0.6133, Accuracy: 69.94%, AUC: 0.69 [VAL] Loss: 0.6013, Accuracy: 70.55%, Precision: 0.73, Recall: 0.57, F1-Score: 0.64, AUC: 0.70
Epoch [41/100] - [TRAIN] Loss: 0.6120, Accuracy: 70.04%, AUC: 0.69 [VAL] Loss: 0.5907, Accuracy: 71.06%, Precision: 0.76, Recall: 0.58, F1-Score: 0.66, AUC: 0.71
Epoch [42/100] - [TRAIN] Loss: 0.6120, Accuracy: 70.04%, AUC: 0.70 [VAL] Loss: 0.5987, Accuracy: 70.30%, Precision: 0.74, Recall: 0.56, F1-Score: 0.64, AUC: 0.69
Epoch [43/100] - [TRAIN] Loss: 0.6109, Accuracy: 70.14%, AUC: 0.70 [VAL] Loss: 0.6028, Accuracy: 70.00%, Precision: 0.74, Recall: 0.56, F1-Score: 0.64, AUC: 0.69
Epoch [44/100] - [TRAIN] Loss: 0.6132, Accuracy: 70.11%, AUC: 0.69 [VAL] Loss: 0.6008, Accuracy: 70.04%, Precision: 0.74, Recall: 0.56, F1-Score: 0.64, AUC: 0.69
Epoch [45/100] - [TRAIN] Loss: 0.6139, Accuracy: 69.79%, AUC: 0.69 [VAL] Loss: 0.6009, Accuracy: 70.39%, Precision: 0.75, Recall: 0.56, F1-Score: 0.64, AUC: 0.69
Epoch [46/100] - [TRAIN] Loss: 0.6134, Accuracy: 70.06%, AUC: 0.69 [VAL] Loss: 0.6015, Accuracy: 70.77%, Precision: 0.75, Recall: 0.57, F1-Score: 0.65, AUC: 0.70
Epoch [47/100] - [TRAIN] Loss: 0.6108, Accuracy: 70.13%, AUC: 0.70 [VAL] Loss: 0.6014, Accuracy: 70.33%, Precision: 0.74, Recall: 0.56, F1-Score: 0.64, AUC: 0.69
Epoch [48/100] - [TRAIN] Loss: 0.6110, Accuracy: 69.99%, AUC: 0.69 [VAL] Loss: 0.6014, Accuracy: 70.22%, Precision: 0.74, Recall: 0.56, F1-Score: 0.64, AUC: 0.69
Epoch [49/100] - [TRAIN] Loss: 0.6139, Accuracy: 69.53%, AUC: 0.69 [VAL] Loss: 0.5972, Accuracy: 70.64%, Precision: 0.75, Recall: 0.56, F1-Score: 0.64, AUC: 0.70
Epoch [50/100] - [TRAIN] Loss: 0.6134, Accuracy: 69.88%, AUC: 0.69 [VAL] Loss: 0.5971, Accuracy: 70.57%, Precision: 0.75, Recall: 0.58, F1-Score: 0.65, AUC: 0.70
Epoch [51/100] - [TRAIN] Loss: 0.6137, Accuracy: 70.01%, AUC: 0.69 [VAL] Loss: 0.6027, Accuracy: 70.10%, Precision: 0.75, Recall: 0.56, F1-Score: 0.65, AUC: 0.70
Epoch [52/100] - [TRAIN] Loss: 0.6126, Accuracy: 69.91%, AUC: 0.69 [VAL] Loss: 0.6031, Accuracy: 70.09%, Precision: 0.74, Recall: 0.56, F1-Score: 0.64, AUC: 0.69
Epoch [53/100] - [TRAIN] Loss: 0.6133, Accuracy: 69.91%, AUC: 0.69 [VAL] Loss: 0.6001, Accuracy: 70.60%, Precision: 0.74, Recall: 0.57, F1-Score: 0.65, AUC: 0.70
Epoch [54/100] - [TRAIN] Loss: 0.6125, Accuracy: 69.77%, AUC: 0.69 [VAL] Loss: 0.5995, Accuracy: 70.80%, Precision: 0.76, Recall: 0.57, F1-Score: 0.65, AUC: 0.70
Epoch [55/100] - [TRAIN] Loss: 0.6111, Accuracy: 70.09%, AUC: 0.69 [VAL] Loss: 0.5965, Accuracy: 70.90%, Precision: 0.75, Recall: 0.57, F1-Score: 0.65, AUC: 0.70
Epoch [56/100] - [TRAIN] Loss: 0.6094, Accuracy: 70.05%, AUC: 0.69 [VAL] Loss: 0.6014, Accuracy: 70.22%, Precision: 0.75, Recall: 0.56, F1-Score: 0.64, AUC: 0.70
Epoch [57/100] - [TRAIN] Loss: 0.6102, Accuracy: 70.27%, AUC: 0.70 [VAL] Loss: 0.5938, Accuracy: 70.64%, Precision: 0.74, Recall: 0.57, F1-Score: 0.64, AUC: 0.70
Epoch [58/100] - [TRAIN] Loss: 0.6145, Accuracy: 69.81%, AUC: 0.69 [VAL] Loss: 0.5997, Accuracy: 70.62%, Precision: 0.74, Recall: 0.57, F1-Score: 0.65, AUC: 0.70
Epoch [59/100] - [TRAIN] Loss: 0.6114, Accuracy: 69.90%, AUC: 0.69 [VAL] Loss: 0.5984, Accuracy: 70.82%, Precision: 0.74, Recall: 0.57, F1-Score: 0.64, AUC: 0.70
Epoch [60/100] - [TRAIN] Loss: 0.6142, Accuracy: 69.75%, AUC: 0.69 [VAL] Loss: 0.5998, Accuracy: 70.63%, Precision: 0.75, Recall: 0.57, F1-Score: 0.65, AUC: 0.70
Epoch [61/100] - [TRAIN] Loss: 0.6096, Accuracy: 70.18%, AUC: 0.70 [VAL] Loss: 0.6043, Accuracy: 70.10%, Precision: 0.73, Recall: 0.56, F1-Score: 0.64, AUC: 0.69
Epoch [62/100] - [TRAIN] Loss: 0.6106, Accuracy: 69.95%, AUC: 0.69 [VAL] Loss: 0.6004, Accuracy: 70.64%, Precision: 0.74, Recall: 0.57, F1-Score: 0.65, AUC: 0.70
Epoch [63/100] - [TRAIN] Loss: 0.6132, Accuracy: 69.76%, AUC: 0.69 [VAL] Loss: 0.5948, Accuracy: 70.92%, Precision: 0.76, Recall: 0.57, F1-Score: 0.65, AUC: 0.70
Epoch [64/100] - [TRAIN] Loss: 0.6138, Accuracy: 69.86%, AUC: 0.69 [VAL] Loss: 0.6030, Accuracy: 70.05%, Precision: 0.75, Recall: 0.56, F1-Score: 0.64, AUC: 0.69
Epoch [65/100] - [TRAIN] Loss: 0.6139, Accuracy: 70.06%, AUC: 0.69 [VAL] Loss: 0.6042, Accuracy: 70.09%, Precision: 0.74, Recall: 0.56, F1-Score: 0.64, AUC: 0.69
Epoch [66/100] - [TRAIN] Loss: 0.6091, Accuracy: 70.50%, AUC: 0.70 [VAL] Loss: 0.6010, Accuracy: 70.69%, Precision: 0.75, Recall: 0.56, F1-Score: 0.64, AUC: 0.70
Epoch [67/100] - [TRAIN] Loss: 0.6111, Accuracy: 69.92%, AUC: 0.69 [VAL] Loss: 0.6005, Accuracy: 70.95%, Precision: 0.74, Recall: 0.58, F1-Score: 0.65, AUC: 0.70
Epoch [68/100] - [TRAIN] Loss: 0.6135, Accuracy: 70.00%, AUC: 0.69 [VAL] Loss: 0.6006, Accuracy: 70.49%, Precision: 0.76, Recall: 0.56, F1-Score: 0.65, AUC: 0.70
Epoch [69/100] - [TRAIN] Loss: 0.6118, Accuracy: 70.04%, AUC: 0.69 [VAL] Loss: 0.5923, Accuracy: 71.49%, Precision: 0.75, Recall: 0.58, F1-Score: 0.65, AUC: 0.71
Epoch [70/100] - [TRAIN] Loss: 0.6109, Accuracy: 69.87%, AUC: 0.69 [VAL] Loss: 0.6022, Accuracy: 70.73%, Precision: 0.75, Recall: 0.57, F1-Score: 0.65, AUC: 0.70
Epoch [71/100] - [TRAIN] Loss: 0.6105, Accuracy: 69.96%, AUC: 0.69 [VAL] Loss: 0.6012, Accuracy: 70.79%, Precision: 0.75, Recall: 0.57, F1-Score: 0.65, AUC: 0.70
Epoch [72/100] - [TRAIN] Loss: 0.6080, Accuracy: 70.25%, AUC: 0.70 [VAL] Loss: 0.6057, Accuracy: 70.73%, Precision: 0.75, Recall: 0.56, F1-Score: 0.64, AUC: 0.70
Epoch [73/100] - [TRAIN] Loss: 0.6121, Accuracy: 69.91%, AUC: 0.69 [VAL] Loss: 0.5873, Accuracy: 71.34%, Precision: 0.75, Recall: 0.58, F1-Score: 0.66, AUC: 0.71
Epoch [74/100] - [TRAIN] Loss: 0.6119, Accuracy: 70.07%, AUC: 0.69 [VAL] Loss: 0.5991, Accuracy: 70.67%, Precision: 0.75, Recall: 0.57, F1-Score: 0.65, AUC: 0.70
Epoch [75/100] - [TRAIN] Loss: 0.6119, Accuracy: 70.16%, AUC: 0.69 [VAL] Loss: 0.5978, Accuracy: 70.65%, Precision: 0.75, Recall: 0.57, F1-Score: 0.65, AUC: 0.70
Epoch [76/100] - [TRAIN] Loss: 0.6131, Accuracy: 69.82%, AUC: 0.69 [VAL] Loss: 0.6023, Accuracy: 70.49%, Precision: 0.75, Recall: 0.57, F1-Score: 0.65, AUC: 0.70
Epoch [77/100] - [TRAIN] Loss: 0.6134, Accuracy: 69.66%, AUC: 0.69 [VAL] Loss: 0.5957, Accuracy: 70.98%, Precision: 0.75, Recall: 0.58, F1-Score: 0.65, AUC: 0.70
Epoch [78/100] - [TRAIN] Loss: 0.6099, Accuracy: 70.16%, AUC: 0.69 [VAL] Loss: 0.6039, Accuracy: 70.03%, Precision: 0.73, Recall: 0.55, F1-Score: 0.63, AUC: 0.69
Epoch [79/100] - [TRAIN] Loss: 0.6103, Accuracy: 70.11%, AUC: 0.69 [VAL] Loss: 0.5946, Accuracy: 71.32%, Precision: 0.75, Recall: 0.58, F1-Score: 0.65, AUC: 0.70
Epoch [80/100] - [TRAIN] Loss: 0.6118, Accuracy: 70.08%, AUC: 0.70 [VAL] Loss: 0.6026, Accuracy: 70.14%, Precision: 0.75, Recall: 0.56, F1-Score: 0.64, AUC: 0.70
Epoch [81/100] - [TRAIN] Loss: 0.6119, Accuracy: 70.07%, AUC: 0.69 [VAL] Loss: 0.6020, Accuracy: 70.42%, Precision: 0.75, Recall: 0.56, F1-Score: 0.64, AUC: 0.70
Epoch [82/100] - [TRAIN] Loss: 0.6089, Accuracy: 70.40%, AUC: 0.70 [VAL] Loss: 0.5976, Accuracy: 71.08%, Precision: 0.75, Recall: 0.57, F1-Score: 0.65, AUC: 0.70
Epoch [83/100] - [TRAIN] Loss: 0.6110, Accuracy: 69.97%, AUC: 0.69 [VAL] Loss: 0.5987, Accuracy: 70.68%, Precision: 0.74, Recall: 0.57, F1-Score: 0.64, AUC: 0.70
Epoch [84/100] - [TRAIN] Loss: 0.6113, Accuracy: 70.03%, AUC: 0.69 [VAL] Loss: 0.6020, Accuracy: 69.84%, Precision: 0.75, Recall: 0.56, F1-Score: 0.64, AUC: 0.69
Epoch [85/100] - [TRAIN] Loss: 0.6114, Accuracy: 70.08%, AUC: 0.69 [VAL] Loss: 0.5998, Accuracy: 70.78%, Precision: 0.75, Recall: 0.57, F1-Score: 0.65, AUC: 0.70
Epoch [86/100] - [TRAIN] Loss: 0.6124, Accuracy: 69.92%, AUC: 0.69 [VAL] Loss: 0.5979, Accuracy: 70.25%, Precision: 0.74, Recall: 0.57, F1-Score: 0.64, AUC: 0.70
Epoch [87/100] - [TRAIN] Loss: 0.6123, Accuracy: 69.93%, AUC: 0.69 [VAL] Loss: 0.5947, Accuracy: 70.44%, Precision: 0.75, Recall: 0.57, F1-Score: 0.65, AUC: 0.70
Epoch [88/100] - [TRAIN] Loss: 0.6119, Accuracy: 70.07%, AUC: 0.69 [VAL] Loss: 0.6055, Accuracy: 69.52%, Precision: 0.75, Recall: 0.55, F1-Score: 0.64, AUC: 0.69
Epoch [89/100] - [TRAIN] Loss: 0.6115, Accuracy: 70.22%, AUC: 0.70 [VAL] Loss: 0.5993, Accuracy: 70.69%, Precision: 0.75, Recall: 0.57, F1-Score: 0.65, AUC: 0.70
Epoch [90/100] - [TRAIN] Loss: 0.6115, Accuracy: 70.07%, AUC: 0.69 [VAL] Loss: 0.6007, Accuracy: 70.00%, Precision: 0.73, Recall: 0.56, F1-Score: 0.63, AUC: 0.69
Epoch [91/100] - [TRAIN] Loss: 0.6126, Accuracy: 70.01%, AUC: 0.69 [VAL] Loss: 0.6038, Accuracy: 69.25%, Precision: 0.74, Recall: 0.55, F1-Score: 0.63, AUC: 0.69
Epoch [92/100] - [TRAIN] Loss: 0.6115, Accuracy: 70.11%, AUC: 0.69 [VAL] Loss: 0.5965, Accuracy: 70.71%, Precision: 0.75, Recall: 0.57, F1-Score: 0.65, AUC: 0.70
Epoch [93/100] - [TRAIN] Loss: 0.6108, Accuracy: 70.09%, AUC: 0.69 [VAL] Loss: 0.5968, Accuracy: 70.44%, Precision: 0.76, Recall: 0.56, F1-Score: 0.65, AUC: 0.70
Epoch [94/100] - [TRAIN] Loss: 0.6116, Accuracy: 69.92%, AUC: 0.69 [VAL] Loss: 0.5976, Accuracy: 70.79%, Precision: 0.75, Recall: 0.57, F1-Score: 0.65, AUC: 0.70
Epoch [95/100] - [TRAIN] Loss: 0.6090, Accuracy: 70.16%, AUC: 0.70 [VAL] Loss: 0.6008, Accuracy: 70.96%, Precision: 0.75, Recall: 0.57, F1-Score: 0.65, AUC: 0.70
Epoch [96/100] - [TRAIN] Loss: 0.6103, Accuracy: 70.12%, AUC: 0.69 [VAL] Loss: 0.6004, Accuracy: 70.65%, Precision: 0.75, Recall: 0.57, F1-Score: 0.65, AUC: 0.70
Epoch [97/100] - [TRAIN] Loss: 0.6097, Accuracy: 70.23%, AUC: 0.70 [VAL] Loss: 0.5968, Accuracy: 71.24%, Precision: 0.76, Recall: 0.58, F1-Score: 0.66, AUC: 0.71
Epoch [98/100] - [TRAIN] Loss: 0.6103, Accuracy: 70.11%, AUC: 0.69 [VAL] Loss: 0.6010, Accuracy: 69.66%, Precision: 0.74, Recall: 0.56, F1-Score: 0.64, AUC: 0.69
Epoch [99/100] - [TRAIN] Loss: 0.6098, Accuracy: 70.09%, AUC: 0.69 [VAL] Loss: 0.6076, Accuracy: 70.01%, Precision: 0.74, Recall: 0.55, F1-Score: 0.63, AUC: 0.69
Epoch [100/100] - [TRAIN] Loss: 0.6132, Accuracy: 69.84%, AUC: 0.69 [VAL] Loss: 0.5984, Accuracy: 70.66%, Precision: 0.75, Recall: 0.56, F1-Score: 0.64, AUC: 0.70
Accuracy Score on test set: 70.50 %
    AUC Score on test set: 0.70
    Precision: 0.7562
    Recall: 0.5631
    F1-Score: 0.6455

    Detailed Classification Report:
                  precision    recall  f1-score   support

           0       0.68      0.83      0.75      5230
           1       0.76      0.56      0.65      4770

    accuracy                           0.70     10000
   macro avg       0.72      0.70      0.70     10000
weighted avg       0.71      0.70      0.70     10000


    Confusion Matrix:
    [[4364  866]
 [2084 2686]]
    
004-H3K27me3
Epoch [1/100] - [TRAIN] Loss: 0.7132, Accuracy: 54.12%, AUC: 0.54 [VAL] Loss: 0.7063, Accuracy: 57.56%, Precision: 0.58, Recall: 0.39, F1-Score: 0.47, AUC: 0.57
Epoch [2/100] - [TRAIN] Loss: 0.7038, Accuracy: 57.85%, AUC: 0.57 [VAL] Loss: 0.6974, Accuracy: 60.08%, Precision: 0.60, Recall: 0.47, F1-Score: 0.52, AUC: 0.59
Epoch [3/100] - [TRAIN] Loss: 0.6982, Accuracy: 59.56%, AUC: 0.59 [VAL] Loss: 0.6929, Accuracy: 59.97%, Precision: 0.60, Recall: 0.48, F1-Score: 0.53, AUC: 0.59
Epoch [4/100] - [TRAIN] Loss: 0.6948, Accuracy: 59.94%, AUC: 0.59 [VAL] Loss: 0.6922, Accuracy: 60.93%, Precision: 0.60, Recall: 0.49, F1-Score: 0.54, AUC: 0.60
Epoch [5/100] - [TRAIN] Loss: 0.6923, Accuracy: 60.23%, AUC: 0.60 [VAL] Loss: 0.6887, Accuracy: 60.56%, Precision: 0.60, Recall: 0.50, F1-Score: 0.54, AUC: 0.60
Epoch [6/100] - [TRAIN] Loss: 0.6902, Accuracy: 60.95%, AUC: 0.60 [VAL] Loss: 0.6871, Accuracy: 61.07%, Precision: 0.61, Recall: 0.50, F1-Score: 0.55, AUC: 0.61
Epoch [7/100] - [TRAIN] Loss: 0.6886, Accuracy: 60.84%, AUC: 0.60 [VAL] Loss: 0.6875, Accuracy: 60.48%, Precision: 0.60, Recall: 0.49, F1-Score: 0.53, AUC: 0.60
Epoch [8/100] - [TRAIN] Loss: 0.6863, Accuracy: 61.29%, AUC: 0.61 [VAL] Loss: 0.6839, Accuracy: 61.22%, Precision: 0.60, Recall: 0.50, F1-Score: 0.55, AUC: 0.61
Epoch [9/100] - [TRAIN] Loss: 0.6862, Accuracy: 61.37%, AUC: 0.61 [VAL] Loss: 0.6856, Accuracy: 61.14%, Precision: 0.60, Recall: 0.49, F1-Score: 0.54, AUC: 0.60
Epoch [10/100] - [TRAIN] Loss: 0.6836, Accuracy: 61.66%, AUC: 0.61 [VAL] Loss: 0.6833, Accuracy: 61.22%, Precision: 0.61, Recall: 0.51, F1-Score: 0.55, AUC: 0.61
Epoch [11/100] - [TRAIN] Loss: 0.6855, Accuracy: 61.32%, AUC: 0.61 [VAL] Loss: 0.6800, Accuracy: 62.68%, Precision: 0.63, Recall: 0.52, F1-Score: 0.57, AUC: 0.62
Epoch [12/100] - [TRAIN] Loss: 0.6855, Accuracy: 61.24%, AUC: 0.61 [VAL] Loss: 0.6817, Accuracy: 61.43%, Precision: 0.61, Recall: 0.50, F1-Score: 0.55, AUC: 0.61
Epoch [13/100] - [TRAIN] Loss: 0.6844, Accuracy: 61.21%, AUC: 0.61 [VAL] Loss: 0.6800, Accuracy: 61.39%, Precision: 0.62, Recall: 0.51, F1-Score: 0.56, AUC: 0.61
Epoch [14/100] - [TRAIN] Loss: 0.6825, Accuracy: 61.52%, AUC: 0.61 [VAL] Loss: 0.6818, Accuracy: 61.44%, Precision: 0.60, Recall: 0.50, F1-Score: 0.55, AUC: 0.61
Epoch [15/100] - [TRAIN] Loss: 0.6843, Accuracy: 61.44%, AUC: 0.61 [VAL] Loss: 0.6812, Accuracy: 61.34%, Precision: 0.59, Recall: 0.49, F1-Score: 0.54, AUC: 0.60
Epoch [16/100] - [TRAIN] Loss: 0.6824, Accuracy: 61.66%, AUC: 0.61 [VAL] Loss: 0.6788, Accuracy: 62.21%, Precision: 0.63, Recall: 0.51, F1-Score: 0.56, AUC: 0.62
Epoch [17/100] - [TRAIN] Loss: 0.6815, Accuracy: 61.76%, AUC: 0.61 [VAL] Loss: 0.6790, Accuracy: 62.04%, Precision: 0.62, Recall: 0.51, F1-Score: 0.56, AUC: 0.62
Epoch [18/100] - [TRAIN] Loss: 0.6803, Accuracy: 61.96%, AUC: 0.61 [VAL] Loss: 0.6819, Accuracy: 61.18%, Precision: 0.61, Recall: 0.50, F1-Score: 0.55, AUC: 0.61
Epoch [19/100] - [TRAIN] Loss: 0.6807, Accuracy: 61.73%, AUC: 0.61 [VAL] Loss: 0.6834, Accuracy: 61.09%, Precision: 0.61, Recall: 0.50, F1-Score: 0.55, AUC: 0.60
Epoch [20/100] - [TRAIN] Loss: 0.6802, Accuracy: 61.75%, AUC: 0.61 [VAL] Loss: 0.6766, Accuracy: 62.42%, Precision: 0.61, Recall: 0.52, F1-Score: 0.57, AUC: 0.62
Epoch [21/100] - [TRAIN] Loss: 0.6812, Accuracy: 61.52%, AUC: 0.61 [VAL] Loss: 0.6809, Accuracy: 61.23%, Precision: 0.60, Recall: 0.50, F1-Score: 0.55, AUC: 0.61
Epoch [22/100] - [TRAIN] Loss: 0.6799, Accuracy: 61.64%, AUC: 0.61 [VAL] Loss: 0.6793, Accuracy: 61.90%, Precision: 0.62, Recall: 0.52, F1-Score: 0.56, AUC: 0.61
Epoch [23/100] - [TRAIN] Loss: 0.6796, Accuracy: 61.77%, AUC: 0.61 [VAL] Loss: 0.6806, Accuracy: 61.65%, Precision: 0.62, Recall: 0.51, F1-Score: 0.56, AUC: 0.61
Epoch [24/100] - [TRAIN] Loss: 0.6799, Accuracy: 61.84%, AUC: 0.61 [VAL] Loss: 0.6750, Accuracy: 62.79%, Precision: 0.62, Recall: 0.53, F1-Score: 0.57, AUC: 0.62
Epoch [25/100] - [TRAIN] Loss: 0.6764, Accuracy: 62.33%, AUC: 0.62 [VAL] Loss: 0.6745, Accuracy: 62.24%, Precision: 0.61, Recall: 0.51, F1-Score: 0.56, AUC: 0.62
Epoch [26/100] - [TRAIN] Loss: 0.6761, Accuracy: 62.25%, AUC: 0.62 [VAL] Loss: 0.6726, Accuracy: 62.65%, Precision: 0.63, Recall: 0.52, F1-Score: 0.57, AUC: 0.62
Epoch [27/100] - [TRAIN] Loss: 0.6764, Accuracy: 62.19%, AUC: 0.62 [VAL] Loss: 0.6721, Accuracy: 62.73%, Precision: 0.62, Recall: 0.51, F1-Score: 0.56, AUC: 0.62
Epoch [28/100] - [TRAIN] Loss: 0.6787, Accuracy: 61.79%, AUC: 0.61 [VAL] Loss: 0.6763, Accuracy: 61.91%, Precision: 0.62, Recall: 0.51, F1-Score: 0.56, AUC: 0.61
Epoch [29/100] - [TRAIN] Loss: 0.6767, Accuracy: 62.24%, AUC: 0.62 [VAL] Loss: 0.6747, Accuracy: 62.15%, Precision: 0.62, Recall: 0.51, F1-Score: 0.56, AUC: 0.62
Epoch [30/100] - [TRAIN] Loss: 0.6761, Accuracy: 62.26%, AUC: 0.62 [VAL] Loss: 0.6753, Accuracy: 62.34%, Precision: 0.62, Recall: 0.53, F1-Score: 0.57, AUC: 0.62
Epoch [31/100] - [TRAIN] Loss: 0.6767, Accuracy: 62.20%, AUC: 0.62 [VAL] Loss: 0.6720, Accuracy: 62.69%, Precision: 0.62, Recall: 0.52, F1-Score: 0.57, AUC: 0.62
Epoch [32/100] - [TRAIN] Loss: 0.6753, Accuracy: 62.34%, AUC: 0.62 [VAL] Loss: 0.6752, Accuracy: 62.69%, Precision: 0.62, Recall: 0.52, F1-Score: 0.57, AUC: 0.62
Epoch [33/100] - [TRAIN] Loss: 0.6737, Accuracy: 62.59%, AUC: 0.62 [VAL] Loss: 0.6728, Accuracy: 62.68%, Precision: 0.61, Recall: 0.53, F1-Score: 0.57, AUC: 0.62
Epoch [34/100] - [TRAIN] Loss: 0.6763, Accuracy: 62.14%, AUC: 0.62 [VAL] Loss: 0.6726, Accuracy: 62.83%, Precision: 0.62, Recall: 0.53, F1-Score: 0.57, AUC: 0.62
Epoch [35/100] - [TRAIN] Loss: 0.6754, Accuracy: 62.36%, AUC: 0.62 [VAL] Loss: 0.6749, Accuracy: 61.97%, Precision: 0.61, Recall: 0.52, F1-Score: 0.56, AUC: 0.61
Epoch [36/100] - [TRAIN] Loss: 0.6741, Accuracy: 62.54%, AUC: 0.62 [VAL] Loss: 0.6758, Accuracy: 61.67%, Precision: 0.61, Recall: 0.51, F1-Score: 0.56, AUC: 0.61
Epoch [37/100] - [TRAIN] Loss: 0.6725, Accuracy: 62.78%, AUC: 0.62 [VAL] Loss: 0.6682, Accuracy: 63.18%, Precision: 0.63, Recall: 0.53, F1-Score: 0.58, AUC: 0.63
Epoch [38/100] - [TRAIN] Loss: 0.6745, Accuracy: 62.63%, AUC: 0.62 [VAL] Loss: 0.6719, Accuracy: 62.80%, Precision: 0.62, Recall: 0.53, F1-Score: 0.57, AUC: 0.62
Epoch [39/100] - [TRAIN] Loss: 0.6734, Accuracy: 62.55%, AUC: 0.62 [VAL] Loss: 0.6741, Accuracy: 62.65%, Precision: 0.62, Recall: 0.52, F1-Score: 0.57, AUC: 0.62
Epoch [40/100] - [TRAIN] Loss: 0.6741, Accuracy: 62.51%, AUC: 0.62 [VAL] Loss: 0.6700, Accuracy: 63.44%, Precision: 0.64, Recall: 0.52, F1-Score: 0.58, AUC: 0.63
Epoch [41/100] - [TRAIN] Loss: 0.6727, Accuracy: 62.64%, AUC: 0.62 [VAL] Loss: 0.6726, Accuracy: 62.37%, Precision: 0.63, Recall: 0.51, F1-Score: 0.57, AUC: 0.62
Epoch [42/100] - [TRAIN] Loss: 0.6717, Accuracy: 62.82%, AUC: 0.62 [VAL] Loss: 0.6716, Accuracy: 62.68%, Precision: 0.64, Recall: 0.52, F1-Score: 0.57, AUC: 0.62
Epoch [43/100] - [TRAIN] Loss: 0.6742, Accuracy: 62.33%, AUC: 0.62 [VAL] Loss: 0.6715, Accuracy: 62.38%, Precision: 0.63, Recall: 0.51, F1-Score: 0.57, AUC: 0.62
Epoch [44/100] - [TRAIN] Loss: 0.6737, Accuracy: 62.54%, AUC: 0.62 [VAL] Loss: 0.6694, Accuracy: 62.90%, Precision: 0.63, Recall: 0.52, F1-Score: 0.57, AUC: 0.62
Epoch [45/100] - [TRAIN] Loss: 0.6726, Accuracy: 62.81%, AUC: 0.62 [VAL] Loss: 0.6699, Accuracy: 62.58%, Precision: 0.63, Recall: 0.53, F1-Score: 0.58, AUC: 0.62
Epoch [46/100] - [TRAIN] Loss: 0.6714, Accuracy: 62.94%, AUC: 0.62 [VAL] Loss: 0.6722, Accuracy: 62.50%, Precision: 0.62, Recall: 0.52, F1-Score: 0.57, AUC: 0.62
Epoch [47/100] - [TRAIN] Loss: 0.6726, Accuracy: 62.78%, AUC: 0.62 [VAL] Loss: 0.6684, Accuracy: 63.31%, Precision: 0.64, Recall: 0.53, F1-Score: 0.58, AUC: 0.63
Epoch [48/100] - [TRAIN] Loss: 0.6741, Accuracy: 62.53%, AUC: 0.62 [VAL] Loss: 0.6705, Accuracy: 63.29%, Precision: 0.64, Recall: 0.53, F1-Score: 0.58, AUC: 0.63
Epoch [49/100] - [TRAIN] Loss: 0.6713, Accuracy: 62.79%, AUC: 0.62 [VAL] Loss: 0.6663, Accuracy: 63.10%, Precision: 0.62, Recall: 0.53, F1-Score: 0.57, AUC: 0.62
Epoch [50/100] - [TRAIN] Loss: 0.6729, Accuracy: 62.62%, AUC: 0.62 [VAL] Loss: 0.6708, Accuracy: 62.67%, Precision: 0.62, Recall: 0.54, F1-Score: 0.58, AUC: 0.62
Epoch [51/100] - [TRAIN] Loss: 0.6718, Accuracy: 62.72%, AUC: 0.62 [VAL] Loss: 0.6727, Accuracy: 62.28%, Precision: 0.61, Recall: 0.53, F1-Score: 0.57, AUC: 0.62
Epoch [52/100] - [TRAIN] Loss: 0.6710, Accuracy: 62.95%, AUC: 0.62 [VAL] Loss: 0.6685, Accuracy: 62.88%, Precision: 0.62, Recall: 0.53, F1-Score: 0.57, AUC: 0.62
Epoch [53/100] - [TRAIN] Loss: 0.6721, Accuracy: 62.55%, AUC: 0.62 [VAL] Loss: 0.6738, Accuracy: 61.85%, Precision: 0.61, Recall: 0.52, F1-Score: 0.56, AUC: 0.61
Epoch [54/100] - [TRAIN] Loss: 0.6734, Accuracy: 62.57%, AUC: 0.62 [VAL] Loss: 0.6698, Accuracy: 62.87%, Precision: 0.62, Recall: 0.53, F1-Score: 0.57, AUC: 0.62
Epoch [55/100] - [TRAIN] Loss: 0.6718, Accuracy: 62.72%, AUC: 0.62 [VAL] Loss: 0.6676, Accuracy: 63.40%, Precision: 0.63, Recall: 0.53, F1-Score: 0.58, AUC: 0.63
Epoch [56/100] - [TRAIN] Loss: 0.6718, Accuracy: 62.76%, AUC: 0.62 [VAL] Loss: 0.6686, Accuracy: 62.97%, Precision: 0.62, Recall: 0.52, F1-Score: 0.57, AUC: 0.62
Epoch [57/100] - [TRAIN] Loss: 0.6706, Accuracy: 62.88%, AUC: 0.62 [VAL] Loss: 0.6695, Accuracy: 62.95%, Precision: 0.63, Recall: 0.53, F1-Score: 0.58, AUC: 0.62
Epoch [58/100] - [TRAIN] Loss: 0.6729, Accuracy: 62.73%, AUC: 0.62 [VAL] Loss: 0.6696, Accuracy: 63.21%, Precision: 0.63, Recall: 0.53, F1-Score: 0.58, AUC: 0.63
Epoch [59/100] - [TRAIN] Loss: 0.6733, Accuracy: 62.72%, AUC: 0.62 [VAL] Loss: 0.6695, Accuracy: 62.21%, Precision: 0.62, Recall: 0.52, F1-Score: 0.56, AUC: 0.62
Epoch [60/100] - [TRAIN] Loss: 0.6717, Accuracy: 62.61%, AUC: 0.62 [VAL] Loss: 0.6684, Accuracy: 63.12%, Precision: 0.64, Recall: 0.53, F1-Score: 0.58, AUC: 0.63
Epoch [61/100] - [TRAIN] Loss: 0.6722, Accuracy: 62.86%, AUC: 0.62 [VAL] Loss: 0.6696, Accuracy: 62.82%, Precision: 0.64, Recall: 0.52, F1-Score: 0.57, AUC: 0.62
Epoch [62/100] - [TRAIN] Loss: 0.6721, Accuracy: 62.75%, AUC: 0.62 [VAL] Loss: 0.6707, Accuracy: 62.46%, Precision: 0.62, Recall: 0.52, F1-Score: 0.56, AUC: 0.62
Epoch [63/100] - [TRAIN] Loss: 0.6739, Accuracy: 62.38%, AUC: 0.62 [VAL] Loss: 0.6691, Accuracy: 63.06%, Precision: 0.63, Recall: 0.52, F1-Score: 0.57, AUC: 0.62
Epoch [64/100] - [TRAIN] Loss: 0.6717, Accuracy: 62.85%, AUC: 0.62 [VAL] Loss: 0.6685, Accuracy: 62.86%, Precision: 0.63, Recall: 0.53, F1-Score: 0.57, AUC: 0.62
Epoch [65/100] - [TRAIN] Loss: 0.6718, Accuracy: 62.66%, AUC: 0.62 [VAL] Loss: 0.6680, Accuracy: 62.85%, Precision: 0.62, Recall: 0.52, F1-Score: 0.57, AUC: 0.62
Epoch [66/100] - [TRAIN] Loss: 0.6726, Accuracy: 62.57%, AUC: 0.62 [VAL] Loss: 0.6712, Accuracy: 62.58%, Precision: 0.63, Recall: 0.53, F1-Score: 0.58, AUC: 0.62
Epoch [67/100] - [TRAIN] Loss: 0.6730, Accuracy: 62.48%, AUC: 0.62 [VAL] Loss: 0.6725, Accuracy: 62.08%, Precision: 0.63, Recall: 0.52, F1-Score: 0.57, AUC: 0.62
Epoch [68/100] - [TRAIN] Loss: 0.6711, Accuracy: 62.77%, AUC: 0.62 [VAL] Loss: 0.6740, Accuracy: 62.36%, Precision: 0.63, Recall: 0.53, F1-Score: 0.57, AUC: 0.62
Epoch [69/100] - [TRAIN] Loss: 0.6711, Accuracy: 62.88%, AUC: 0.62 [VAL] Loss: 0.6715, Accuracy: 62.52%, Precision: 0.63, Recall: 0.53, F1-Score: 0.58, AUC: 0.62
Epoch [70/100] - [TRAIN] Loss: 0.6732, Accuracy: 62.53%, AUC: 0.62 [VAL] Loss: 0.6650, Accuracy: 63.30%, Precision: 0.63, Recall: 0.54, F1-Score: 0.58, AUC: 0.63
Epoch [71/100] - [TRAIN] Loss: 0.6725, Accuracy: 62.75%, AUC: 0.62 [VAL] Loss: 0.6700, Accuracy: 63.08%, Precision: 0.61, Recall: 0.53, F1-Score: 0.57, AUC: 0.62
Epoch [72/100] - [TRAIN] Loss: 0.6724, Accuracy: 62.45%, AUC: 0.62 [VAL] Loss: 0.6716, Accuracy: 62.64%, Precision: 0.63, Recall: 0.53, F1-Score: 0.58, AUC: 0.62
Epoch [73/100] - [TRAIN] Loss: 0.6707, Accuracy: 62.94%, AUC: 0.62 [VAL] Loss: 0.6657, Accuracy: 63.83%, Precision: 0.64, Recall: 0.53, F1-Score: 0.58, AUC: 0.63
Epoch [74/100] - [TRAIN] Loss: 0.6718, Accuracy: 62.85%, AUC: 0.62 [VAL] Loss: 0.6713, Accuracy: 62.40%, Precision: 0.62, Recall: 0.52, F1-Score: 0.57, AUC: 0.62
Epoch [75/100] - [TRAIN] Loss: 0.6713, Accuracy: 62.81%, AUC: 0.62 [VAL] Loss: 0.6744, Accuracy: 61.87%, Precision: 0.62, Recall: 0.52, F1-Score: 0.56, AUC: 0.61
Epoch [76/100] - [TRAIN] Loss: 0.6700, Accuracy: 63.09%, AUC: 0.63 [VAL] Loss: 0.6686, Accuracy: 63.20%, Precision: 0.63, Recall: 0.54, F1-Score: 0.58, AUC: 0.63
Epoch [77/100] - [TRAIN] Loss: 0.6703, Accuracy: 62.93%, AUC: 0.62 [VAL] Loss: 0.6734, Accuracy: 62.25%, Precision: 0.61, Recall: 0.52, F1-Score: 0.56, AUC: 0.62
Epoch [78/100] - [TRAIN] Loss: 0.6713, Accuracy: 62.93%, AUC: 0.62 [VAL] Loss: 0.6736, Accuracy: 62.13%, Precision: 0.61, Recall: 0.52, F1-Score: 0.56, AUC: 0.61
Epoch [79/100] - [TRAIN] Loss: 0.6709, Accuracy: 62.61%, AUC: 0.62 [VAL] Loss: 0.6686, Accuracy: 62.93%, Precision: 0.63, Recall: 0.54, F1-Score: 0.58, AUC: 0.63
Epoch [80/100] - [TRAIN] Loss: 0.6723, Accuracy: 62.82%, AUC: 0.62 [VAL] Loss: 0.6707, Accuracy: 62.70%, Precision: 0.62, Recall: 0.53, F1-Score: 0.57, AUC: 0.62
Epoch [81/100] - [TRAIN] Loss: 0.6729, Accuracy: 62.56%, AUC: 0.62 [VAL] Loss: 0.6657, Accuracy: 63.45%, Precision: 0.62, Recall: 0.54, F1-Score: 0.58, AUC: 0.63
Epoch [82/100] - [TRAIN] Loss: 0.6721, Accuracy: 62.67%, AUC: 0.62 [VAL] Loss: 0.6745, Accuracy: 62.66%, Precision: 0.63, Recall: 0.52, F1-Score: 0.57, AUC: 0.62
Epoch [83/100] - [TRAIN] Loss: 0.6713, Accuracy: 62.95%, AUC: 0.62 [VAL] Loss: 0.6737, Accuracy: 62.25%, Precision: 0.62, Recall: 0.53, F1-Score: 0.57, AUC: 0.62
Epoch [84/100] - [TRAIN] Loss: 0.6725, Accuracy: 62.57%, AUC: 0.62 [VAL] Loss: 0.6694, Accuracy: 62.88%, Precision: 0.62, Recall: 0.53, F1-Score: 0.57, AUC: 0.62
Epoch [85/100] - [TRAIN] Loss: 0.6711, Accuracy: 62.93%, AUC: 0.62 [VAL] Loss: 0.6684, Accuracy: 62.86%, Precision: 0.63, Recall: 0.53, F1-Score: 0.57, AUC: 0.62
Epoch [86/100] - [TRAIN] Loss: 0.6719, Accuracy: 62.90%, AUC: 0.62 [VAL] Loss: 0.6686, Accuracy: 63.09%, Precision: 0.62, Recall: 0.53, F1-Score: 0.57, AUC: 0.62
Epoch [87/100] - [TRAIN] Loss: 0.6720, Accuracy: 62.84%, AUC: 0.62 [VAL] Loss: 0.6722, Accuracy: 62.33%, Precision: 0.62, Recall: 0.52, F1-Score: 0.57, AUC: 0.62
Epoch [88/100] - [TRAIN] Loss: 0.6729, Accuracy: 62.65%, AUC: 0.62 [VAL] Loss: 0.6640, Accuracy: 63.74%, Precision: 0.63, Recall: 0.54, F1-Score: 0.58, AUC: 0.63
Epoch [89/100] - [TRAIN] Loss: 0.6735, Accuracy: 62.59%, AUC: 0.62 [VAL] Loss: 0.6679, Accuracy: 63.21%, Precision: 0.63, Recall: 0.54, F1-Score: 0.58, AUC: 0.63
Epoch [90/100] - [TRAIN] Loss: 0.6733, Accuracy: 62.41%, AUC: 0.62 [VAL] Loss: 0.6707, Accuracy: 62.34%, Precision: 0.62, Recall: 0.52, F1-Score: 0.57, AUC: 0.62
Epoch [91/100] - [TRAIN] Loss: 0.6708, Accuracy: 63.01%, AUC: 0.63 [VAL] Loss: 0.6694, Accuracy: 63.23%, Precision: 0.63, Recall: 0.53, F1-Score: 0.58, AUC: 0.63
Epoch [92/100] - [TRAIN] Loss: 0.6721, Accuracy: 62.55%, AUC: 0.62 [VAL] Loss: 0.6716, Accuracy: 62.39%, Precision: 0.62, Recall: 0.53, F1-Score: 0.57, AUC: 0.62
Epoch [93/100] - [TRAIN] Loss: 0.6733, Accuracy: 62.70%, AUC: 0.62 [VAL] Loss: 0.6695, Accuracy: 63.07%, Precision: 0.64, Recall: 0.54, F1-Score: 0.58, AUC: 0.63
Epoch [94/100] - [TRAIN] Loss: 0.6733, Accuracy: 62.62%, AUC: 0.62 [VAL] Loss: 0.6710, Accuracy: 62.26%, Precision: 0.62, Recall: 0.52, F1-Score: 0.56, AUC: 0.62
Epoch [95/100] - [TRAIN] Loss: 0.6726, Accuracy: 62.65%, AUC: 0.62 [VAL] Loss: 0.6722, Accuracy: 62.93%, Precision: 0.62, Recall: 0.53, F1-Score: 0.57, AUC: 0.62
Epoch [96/100] - [TRAIN] Loss: 0.6716, Accuracy: 62.88%, AUC: 0.62 [VAL] Loss: 0.6647, Accuracy: 63.67%, Precision: 0.64, Recall: 0.54, F1-Score: 0.59, AUC: 0.63
Epoch [97/100] - [TRAIN] Loss: 0.6722, Accuracy: 62.65%, AUC: 0.62 [VAL] Loss: 0.6703, Accuracy: 62.54%, Precision: 0.61, Recall: 0.52, F1-Score: 0.56, AUC: 0.62
Epoch [98/100] - [TRAIN] Loss: 0.6716, Accuracy: 63.04%, AUC: 0.63 [VAL] Loss: 0.6680, Accuracy: 63.06%, Precision: 0.63, Recall: 0.53, F1-Score: 0.58, AUC: 0.63
Epoch [99/100] - [TRAIN] Loss: 0.6727, Accuracy: 62.53%, AUC: 0.62 [VAL] Loss: 0.6697, Accuracy: 62.95%, Precision: 0.63, Recall: 0.54, F1-Score: 0.58, AUC: 0.62
Epoch [100/100] - [TRAIN] Loss: 0.6700, Accuracy: 63.15%, AUC: 0.63 [VAL] Loss: 0.6711, Accuracy: 62.59%, Precision: 0.62, Recall: 0.54, F1-Score: 0.58, AUC: 0.62
Accuracy Score on test set: 63.24 %
    AUC Score on test set: 0.63
    Precision: 0.6257
    Recall: 0.5371
    F1-Score: 0.5781

    Detailed Classification Report:
                  precision    recall  f1-score   support

           0       0.64      0.72      0.67      5312
           1       0.63      0.54      0.58      4688

    accuracy                           0.63     10000
   macro avg       0.63      0.63      0.63     10000
weighted avg       0.63      0.63      0.63     10000


    Confusion Matrix:
    [[3806 1506]
 [2170 2518]]
    
Batch FINISHED!!!

Real-time duration: 8075.398601730 seconds
