Using device: cuda
Current CUDA device: 0
CUDA device name: Tesla V100-PCIE-16GB
020-H3K4me3-H3K27ac-H3K27me3
Epoch [1/100] - [TRAIN] Loss: 0.5395, Accuracy: 75.69%, AUC: 0.75 [VAL] Loss: 0.4925, Accuracy: 77.38%, Precision: 0.80, Recall: 0.73, F1-Score: 0.76, AUC: 0.77
Epoch [2/100] - [TRAIN] Loss: 0.5112, Accuracy: 76.81%, AUC: 0.77 [VAL] Loss: 0.4786, Accuracy: 78.15%, Precision: 0.81, Recall: 0.72, F1-Score: 0.76, AUC: 0.78
Epoch [3/100] - [TRAIN] Loss: 0.5016, Accuracy: 77.02%, AUC: 0.77 [VAL] Loss: 0.4771, Accuracy: 78.20%, Precision: 0.80, Recall: 0.73, F1-Score: 0.77, AUC: 0.78
Epoch [4/100] - [TRAIN] Loss: 0.4947, Accuracy: 77.27%, AUC: 0.77 [VAL] Loss: 0.4787, Accuracy: 77.32%, Precision: 0.80, Recall: 0.71, F1-Score: 0.75, AUC: 0.77
Epoch [5/100] - [TRAIN] Loss: 0.4932, Accuracy: 77.43%, AUC: 0.77 [VAL] Loss: 0.4732, Accuracy: 78.26%, Precision: 0.80, Recall: 0.73, F1-Score: 0.76, AUC: 0.78
Epoch [6/100] - [TRAIN] Loss: 0.4944, Accuracy: 77.33%, AUC: 0.77 [VAL] Loss: 0.4691, Accuracy: 78.28%, Precision: 0.81, Recall: 0.73, F1-Score: 0.77, AUC: 0.78
Epoch [7/100] - [TRAIN] Loss: 0.4912, Accuracy: 77.52%, AUC: 0.77 [VAL] Loss: 0.4703, Accuracy: 78.10%, Precision: 0.81, Recall: 0.72, F1-Score: 0.76, AUC: 0.78
Epoch [8/100] - [TRAIN] Loss: 0.4905, Accuracy: 77.59%, AUC: 0.77 [VAL] Loss: 0.4789, Accuracy: 77.63%, Precision: 0.79, Recall: 0.72, F1-Score: 0.76, AUC: 0.77
Epoch [9/100] - [TRAIN] Loss: 0.4879, Accuracy: 77.61%, AUC: 0.77 [VAL] Loss: 0.4813, Accuracy: 77.44%, Precision: 0.79, Recall: 0.72, F1-Score: 0.75, AUC: 0.77
Epoch [10/100] - [TRAIN] Loss: 0.4861, Accuracy: 77.46%, AUC: 0.77 [VAL] Loss: 0.4703, Accuracy: 77.95%, Precision: 0.81, Recall: 0.72, F1-Score: 0.76, AUC: 0.78
Epoch [11/100] - [TRAIN] Loss: 0.4864, Accuracy: 77.67%, AUC: 0.77 [VAL] Loss: 0.4660, Accuracy: 77.82%, Precision: 0.79, Recall: 0.73, F1-Score: 0.76, AUC: 0.78
Epoch [12/100] - [TRAIN] Loss: 0.4887, Accuracy: 77.53%, AUC: 0.77 [VAL] Loss: 0.4750, Accuracy: 78.45%, Precision: 0.80, Recall: 0.73, F1-Score: 0.77, AUC: 0.78
Epoch [13/100] - [TRAIN] Loss: 0.4879, Accuracy: 77.54%, AUC: 0.77 [VAL] Loss: 0.4632, Accuracy: 78.07%, Precision: 0.80, Recall: 0.73, F1-Score: 0.76, AUC: 0.78
Epoch [14/100] - [TRAIN] Loss: 0.4856, Accuracy: 77.62%, AUC: 0.77 [VAL] Loss: 0.4639, Accuracy: 78.33%, Precision: 0.81, Recall: 0.71, F1-Score: 0.76, AUC: 0.78
Epoch [15/100] - [TRAIN] Loss: 0.4878, Accuracy: 77.53%, AUC: 0.77 [VAL] Loss: 0.4694, Accuracy: 78.16%, Precision: 0.82, Recall: 0.71, F1-Score: 0.76, AUC: 0.78
Epoch [16/100] - [TRAIN] Loss: 0.4859, Accuracy: 77.65%, AUC: 0.77 [VAL] Loss: 0.4616, Accuracy: 78.64%, Precision: 0.81, Recall: 0.74, F1-Score: 0.77, AUC: 0.78
Epoch [17/100] - [TRAIN] Loss: 0.4819, Accuracy: 77.92%, AUC: 0.78 [VAL] Loss: 0.4600, Accuracy: 78.31%, Precision: 0.80, Recall: 0.73, F1-Score: 0.77, AUC: 0.78
Epoch [18/100] - [TRAIN] Loss: 0.4826, Accuracy: 77.78%, AUC: 0.78 [VAL] Loss: 0.4704, Accuracy: 78.36%, Precision: 0.81, Recall: 0.72, F1-Score: 0.76, AUC: 0.78
Epoch [19/100] - [TRAIN] Loss: 0.4826, Accuracy: 77.52%, AUC: 0.77 [VAL] Loss: 0.4728, Accuracy: 77.71%, Precision: 0.80, Recall: 0.72, F1-Score: 0.76, AUC: 0.78
Epoch [20/100] - [TRAIN] Loss: 0.4837, Accuracy: 77.64%, AUC: 0.77 [VAL] Loss: 0.4693, Accuracy: 78.08%, Precision: 0.81, Recall: 0.70, F1-Score: 0.76, AUC: 0.78
Epoch [21/100] - [TRAIN] Loss: 0.4811, Accuracy: 77.70%, AUC: 0.78 [VAL] Loss: 0.4720, Accuracy: 78.25%, Precision: 0.81, Recall: 0.73, F1-Score: 0.76, AUC: 0.78
Epoch [22/100] - [TRAIN] Loss: 0.4817, Accuracy: 77.77%, AUC: 0.78 [VAL] Loss: 0.4631, Accuracy: 78.77%, Precision: 0.81, Recall: 0.72, F1-Score: 0.76, AUC: 0.78
Epoch [23/100] - [TRAIN] Loss: 0.4807, Accuracy: 77.75%, AUC: 0.78 [VAL] Loss: 0.4670, Accuracy: 78.37%, Precision: 0.81, Recall: 0.73, F1-Score: 0.77, AUC: 0.78
Epoch [24/100] - [TRAIN] Loss: 0.4784, Accuracy: 77.91%, AUC: 0.78 [VAL] Loss: 0.4581, Accuracy: 78.48%, Precision: 0.81, Recall: 0.72, F1-Score: 0.76, AUC: 0.78
Epoch [25/100] - [TRAIN] Loss: 0.4833, Accuracy: 77.75%, AUC: 0.78 [VAL] Loss: 0.4644, Accuracy: 78.91%, Precision: 0.82, Recall: 0.73, F1-Score: 0.77, AUC: 0.79
Epoch [26/100] - [TRAIN] Loss: 0.4819, Accuracy: 77.81%, AUC: 0.78 [VAL] Loss: 0.4616, Accuracy: 78.78%, Precision: 0.81, Recall: 0.73, F1-Score: 0.76, AUC: 0.78
Epoch [27/100] - [TRAIN] Loss: 0.4784, Accuracy: 77.89%, AUC: 0.78 [VAL] Loss: 0.4643, Accuracy: 78.50%, Precision: 0.80, Recall: 0.73, F1-Score: 0.76, AUC: 0.78
Epoch [28/100] - [TRAIN] Loss: 0.4849, Accuracy: 77.46%, AUC: 0.77 [VAL] Loss: 0.4653, Accuracy: 78.63%, Precision: 0.81, Recall: 0.73, F1-Score: 0.77, AUC: 0.78
Epoch [29/100] - [TRAIN] Loss: 0.4777, Accuracy: 77.91%, AUC: 0.78 [VAL] Loss: 0.4716, Accuracy: 78.25%, Precision: 0.81, Recall: 0.72, F1-Score: 0.76, AUC: 0.78
Epoch [30/100] - [TRAIN] Loss: 0.4794, Accuracy: 77.77%, AUC: 0.78 [VAL] Loss: 0.4707, Accuracy: 78.42%, Precision: 0.81, Recall: 0.73, F1-Score: 0.77, AUC: 0.78
Epoch [31/100] - [TRAIN] Loss: 0.4792, Accuracy: 77.95%, AUC: 0.78 [VAL] Loss: 0.4713, Accuracy: 77.76%, Precision: 0.80, Recall: 0.72, F1-Score: 0.76, AUC: 0.78
Epoch [32/100] - [TRAIN] Loss: 0.4812, Accuracy: 77.53%, AUC: 0.77 [VAL] Loss: 0.4554, Accuracy: 78.79%, Precision: 0.81, Recall: 0.73, F1-Score: 0.77, AUC: 0.79
Epoch [33/100] - [TRAIN] Loss: 0.4788, Accuracy: 77.96%, AUC: 0.78 [VAL] Loss: 0.4595, Accuracy: 79.26%, Precision: 0.81, Recall: 0.74, F1-Score: 0.77, AUC: 0.79
Epoch [34/100] - [TRAIN] Loss: 0.4771, Accuracy: 77.97%, AUC: 0.78 [VAL] Loss: 0.4616, Accuracy: 78.22%, Precision: 0.81, Recall: 0.72, F1-Score: 0.76, AUC: 0.78
Epoch [35/100] - [TRAIN] Loss: 0.4808, Accuracy: 77.58%, AUC: 0.77 [VAL] Loss: 0.4744, Accuracy: 77.89%, Precision: 0.81, Recall: 0.72, F1-Score: 0.76, AUC: 0.78
Epoch [36/100] - [TRAIN] Loss: 0.4813, Accuracy: 77.67%, AUC: 0.77 [VAL] Loss: 0.4651, Accuracy: 78.69%, Precision: 0.81, Recall: 0.73, F1-Score: 0.77, AUC: 0.78
Epoch [37/100] - [TRAIN] Loss: 0.4792, Accuracy: 77.80%, AUC: 0.78 [VAL] Loss: 0.4646, Accuracy: 78.20%, Precision: 0.81, Recall: 0.72, F1-Score: 0.76, AUC: 0.78
Epoch [38/100] - [TRAIN] Loss: 0.4806, Accuracy: 77.73%, AUC: 0.78 [VAL] Loss: 0.4622, Accuracy: 79.11%, Precision: 0.81, Recall: 0.74, F1-Score: 0.77, AUC: 0.79
Epoch [39/100] - [TRAIN] Loss: 0.4810, Accuracy: 77.66%, AUC: 0.77 [VAL] Loss: 0.4617, Accuracy: 78.67%, Precision: 0.81, Recall: 0.73, F1-Score: 0.77, AUC: 0.78
Epoch [40/100] - [TRAIN] Loss: 0.4825, Accuracy: 77.61%, AUC: 0.77 [VAL] Loss: 0.4594, Accuracy: 78.54%, Precision: 0.81, Recall: 0.73, F1-Score: 0.77, AUC: 0.78
Epoch [41/100] - [TRAIN] Loss: 0.4786, Accuracy: 77.83%, AUC: 0.78 [VAL] Loss: 0.4649, Accuracy: 78.00%, Precision: 0.81, Recall: 0.72, F1-Score: 0.76, AUC: 0.78
Epoch [42/100] - [TRAIN] Loss: 0.4831, Accuracy: 77.73%, AUC: 0.78 [VAL] Loss: 0.4559, Accuracy: 78.83%, Precision: 0.82, Recall: 0.73, F1-Score: 0.77, AUC: 0.79
Epoch [43/100] - [TRAIN] Loss: 0.4825, Accuracy: 77.74%, AUC: 0.78 [VAL] Loss: 0.4666, Accuracy: 78.14%, Precision: 0.81, Recall: 0.72, F1-Score: 0.76, AUC: 0.78
Epoch [44/100] - [TRAIN] Loss: 0.4765, Accuracy: 77.93%, AUC: 0.78 [VAL] Loss: 0.4552, Accuracy: 79.37%, Precision: 0.82, Recall: 0.74, F1-Score: 0.78, AUC: 0.79
Epoch [45/100] - [TRAIN] Loss: 0.4830, Accuracy: 77.57%, AUC: 0.77 [VAL] Loss: 0.4695, Accuracy: 78.19%, Precision: 0.81, Recall: 0.72, F1-Score: 0.76, AUC: 0.78
Epoch [46/100] - [TRAIN] Loss: 0.4807, Accuracy: 77.94%, AUC: 0.78 [VAL] Loss: 0.4718, Accuracy: 77.93%, Precision: 0.80, Recall: 0.72, F1-Score: 0.76, AUC: 0.78
Epoch [47/100] - [TRAIN] Loss: 0.4767, Accuracy: 78.02%, AUC: 0.78 [VAL] Loss: 0.4667, Accuracy: 77.85%, Precision: 0.81, Recall: 0.72, F1-Score: 0.76, AUC: 0.78
Epoch [48/100] - [TRAIN] Loss: 0.4843, Accuracy: 77.49%, AUC: 0.77 [VAL] Loss: 0.4686, Accuracy: 78.00%, Precision: 0.80, Recall: 0.72, F1-Score: 0.76, AUC: 0.78
Epoch [49/100] - [TRAIN] Loss: 0.4805, Accuracy: 77.84%, AUC: 0.78 [VAL] Loss: 0.4676, Accuracy: 78.29%, Precision: 0.80, Recall: 0.73, F1-Score: 0.76, AUC: 0.78
Epoch [50/100] - [TRAIN] Loss: 0.4797, Accuracy: 78.01%, AUC: 0.78 [VAL] Loss: 0.4682, Accuracy: 78.49%, Precision: 0.81, Recall: 0.72, F1-Score: 0.76, AUC: 0.78
Epoch [51/100] - [TRAIN] Loss: 0.4801, Accuracy: 77.84%, AUC: 0.78 [VAL] Loss: 0.4661, Accuracy: 78.47%, Precision: 0.81, Recall: 0.73, F1-Score: 0.77, AUC: 0.78
Epoch [52/100] - [TRAIN] Loss: 0.4828, Accuracy: 77.58%, AUC: 0.77 [VAL] Loss: 0.4690, Accuracy: 78.94%, Precision: 0.81, Recall: 0.73, F1-Score: 0.77, AUC: 0.79
Epoch [53/100] - [TRAIN] Loss: 0.4821, Accuracy: 77.65%, AUC: 0.77 [VAL] Loss: 0.4618, Accuracy: 78.02%, Precision: 0.81, Recall: 0.73, F1-Score: 0.77, AUC: 0.78
Epoch [54/100] - [TRAIN] Loss: 0.4830, Accuracy: 77.84%, AUC: 0.78 [VAL] Loss: 0.4663, Accuracy: 78.30%, Precision: 0.82, Recall: 0.72, F1-Score: 0.76, AUC: 0.78
Epoch [55/100] - [TRAIN] Loss: 0.4799, Accuracy: 77.82%, AUC: 0.78 [VAL] Loss: 0.4682, Accuracy: 78.47%, Precision: 0.81, Recall: 0.72, F1-Score: 0.76, AUC: 0.78
Epoch [56/100] - [TRAIN] Loss: 0.4838, Accuracy: 77.57%, AUC: 0.77 [VAL] Loss: 0.4705, Accuracy: 78.35%, Precision: 0.80, Recall: 0.72, F1-Score: 0.76, AUC: 0.78
Epoch [57/100] - [TRAIN] Loss: 0.4834, Accuracy: 77.60%, AUC: 0.77 [VAL] Loss: 0.4726, Accuracy: 78.10%, Precision: 0.81, Recall: 0.72, F1-Score: 0.76, AUC: 0.78
Epoch [58/100] - [TRAIN] Loss: 0.4830, Accuracy: 77.84%, AUC: 0.78 [VAL] Loss: 0.4657, Accuracy: 78.36%, Precision: 0.80, Recall: 0.72, F1-Score: 0.76, AUC: 0.78
Epoch [59/100] - [TRAIN] Loss: 0.4795, Accuracy: 77.96%, AUC: 0.78 [VAL] Loss: 0.4653, Accuracy: 78.47%, Precision: 0.81, Recall: 0.72, F1-Score: 0.77, AUC: 0.78
Epoch [60/100] - [TRAIN] Loss: 0.4790, Accuracy: 77.92%, AUC: 0.78 [VAL] Loss: 0.4611, Accuracy: 79.10%, Precision: 0.82, Recall: 0.73, F1-Score: 0.77, AUC: 0.79
Epoch [61/100] - [TRAIN] Loss: 0.4842, Accuracy: 77.65%, AUC: 0.77 [VAL] Loss: 0.4604, Accuracy: 78.69%, Precision: 0.81, Recall: 0.73, F1-Score: 0.77, AUC: 0.79
Epoch [62/100] - [TRAIN] Loss: 0.4772, Accuracy: 77.97%, AUC: 0.78 [VAL] Loss: 0.4701, Accuracy: 77.97%, Precision: 0.81, Recall: 0.72, F1-Score: 0.76, AUC: 0.78
Epoch [63/100] - [TRAIN] Loss: 0.4801, Accuracy: 77.99%, AUC: 0.78 [VAL] Loss: 0.4676, Accuracy: 78.31%, Precision: 0.81, Recall: 0.73, F1-Score: 0.77, AUC: 0.78
Epoch [64/100] - [TRAIN] Loss: 0.4793, Accuracy: 77.84%, AUC: 0.78 [VAL] Loss: 0.4690, Accuracy: 78.53%, Precision: 0.81, Recall: 0.72, F1-Score: 0.76, AUC: 0.78
Epoch [65/100] - [TRAIN] Loss: 0.4811, Accuracy: 77.80%, AUC: 0.78 [VAL] Loss: 0.4615, Accuracy: 78.43%, Precision: 0.81, Recall: 0.72, F1-Score: 0.76, AUC: 0.78
Epoch [66/100] - [TRAIN] Loss: 0.4844, Accuracy: 77.58%, AUC: 0.77 [VAL] Loss: 0.4666, Accuracy: 77.82%, Precision: 0.81, Recall: 0.72, F1-Score: 0.76, AUC: 0.78
Epoch [67/100] - [TRAIN] Loss: 0.4806, Accuracy: 77.92%, AUC: 0.78 [VAL] Loss: 0.4663, Accuracy: 79.01%, Precision: 0.81, Recall: 0.73, F1-Score: 0.77, AUC: 0.79
Epoch [68/100] - [TRAIN] Loss: 0.4793, Accuracy: 78.01%, AUC: 0.78 [VAL] Loss: 0.4700, Accuracy: 78.64%, Precision: 0.81, Recall: 0.73, F1-Score: 0.77, AUC: 0.78
Epoch [69/100] - [TRAIN] Loss: 0.4803, Accuracy: 77.83%, AUC: 0.78 [VAL] Loss: 0.4752, Accuracy: 77.86%, Precision: 0.80, Recall: 0.73, F1-Score: 0.76, AUC: 0.78
Epoch [70/100] - [TRAIN] Loss: 0.4829, Accuracy: 77.55%, AUC: 0.77 [VAL] Loss: 0.4738, Accuracy: 78.19%, Precision: 0.81, Recall: 0.72, F1-Score: 0.76, AUC: 0.78
Epoch [71/100] - [TRAIN] Loss: 0.4783, Accuracy: 78.02%, AUC: 0.78 [VAL] Loss: 0.4703, Accuracy: 77.76%, Precision: 0.80, Recall: 0.72, F1-Score: 0.76, AUC: 0.78
Epoch [72/100] - [TRAIN] Loss: 0.4805, Accuracy: 77.67%, AUC: 0.77 [VAL] Loss: 0.4645, Accuracy: 79.13%, Precision: 0.81, Recall: 0.74, F1-Score: 0.77, AUC: 0.79
Epoch [73/100] - [TRAIN] Loss: 0.4766, Accuracy: 78.07%, AUC: 0.78 [VAL] Loss: 0.4577, Accuracy: 78.42%, Precision: 0.81, Recall: 0.73, F1-Score: 0.77, AUC: 0.78
Epoch [74/100] - [TRAIN] Loss: 0.4831, Accuracy: 77.68%, AUC: 0.78 [VAL] Loss: 0.4667, Accuracy: 78.64%, Precision: 0.81, Recall: 0.73, F1-Score: 0.77, AUC: 0.78
Epoch [75/100] - [TRAIN] Loss: 0.4812, Accuracy: 77.75%, AUC: 0.78 [VAL] Loss: 0.4694, Accuracy: 78.13%, Precision: 0.80, Recall: 0.73, F1-Score: 0.77, AUC: 0.78
Epoch [76/100] - [TRAIN] Loss: 0.4816, Accuracy: 77.92%, AUC: 0.78 [VAL] Loss: 0.4635, Accuracy: 78.66%, Precision: 0.82, Recall: 0.73, F1-Score: 0.77, AUC: 0.79
Epoch [77/100] - [TRAIN] Loss: 0.4847, Accuracy: 77.55%, AUC: 0.77 [VAL] Loss: 0.4616, Accuracy: 78.63%, Precision: 0.82, Recall: 0.72, F1-Score: 0.77, AUC: 0.79
Epoch [78/100] - [TRAIN] Loss: 0.4810, Accuracy: 77.71%, AUC: 0.78 [VAL] Loss: 0.4701, Accuracy: 77.85%, Precision: 0.80, Recall: 0.72, F1-Score: 0.76, AUC: 0.78
Epoch [79/100] - [TRAIN] Loss: 0.4798, Accuracy: 77.66%, AUC: 0.77 [VAL] Loss: 0.4674, Accuracy: 78.12%, Precision: 0.81, Recall: 0.71, F1-Score: 0.76, AUC: 0.78
Epoch [80/100] - [TRAIN] Loss: 0.4800, Accuracy: 77.78%, AUC: 0.78 [VAL] Loss: 0.4710, Accuracy: 77.69%, Precision: 0.80, Recall: 0.71, F1-Score: 0.76, AUC: 0.77
Epoch [81/100] - [TRAIN] Loss: 0.4810, Accuracy: 77.78%, AUC: 0.78 [VAL] Loss: 0.4594, Accuracy: 78.72%, Precision: 0.81, Recall: 0.73, F1-Score: 0.77, AUC: 0.79
Epoch [82/100] - [TRAIN] Loss: 0.4826, Accuracy: 77.80%, AUC: 0.78 [VAL] Loss: 0.4663, Accuracy: 78.36%, Precision: 0.82, Recall: 0.72, F1-Score: 0.77, AUC: 0.78
Epoch [83/100] - [TRAIN] Loss: 0.4779, Accuracy: 77.97%, AUC: 0.78 [VAL] Loss: 0.4553, Accuracy: 78.71%, Precision: 0.81, Recall: 0.73, F1-Score: 0.77, AUC: 0.78
Epoch [84/100] - [TRAIN] Loss: 0.4809, Accuracy: 77.79%, AUC: 0.78 [VAL] Loss: 0.4705, Accuracy: 77.75%, Precision: 0.81, Recall: 0.71, F1-Score: 0.76, AUC: 0.78
Epoch [85/100] - [TRAIN] Loss: 0.4808, Accuracy: 77.81%, AUC: 0.78 [VAL] Loss: 0.4666, Accuracy: 77.99%, Precision: 0.81, Recall: 0.72, F1-Score: 0.76, AUC: 0.78
Epoch [86/100] - [TRAIN] Loss: 0.4774, Accuracy: 77.99%, AUC: 0.78 [VAL] Loss: 0.4657, Accuracy: 78.58%, Precision: 0.80, Recall: 0.73, F1-Score: 0.77, AUC: 0.78
Epoch [87/100] - [TRAIN] Loss: 0.4820, Accuracy: 77.73%, AUC: 0.78 [VAL] Loss: 0.4624, Accuracy: 78.72%, Precision: 0.81, Recall: 0.73, F1-Score: 0.77, AUC: 0.78
Epoch [88/100] - [TRAIN] Loss: 0.4780, Accuracy: 77.95%, AUC: 0.78 [VAL] Loss: 0.4574, Accuracy: 79.03%, Precision: 0.82, Recall: 0.73, F1-Score: 0.77, AUC: 0.79
Epoch [89/100] - [TRAIN] Loss: 0.4811, Accuracy: 77.60%, AUC: 0.77 [VAL] Loss: 0.4674, Accuracy: 78.24%, Precision: 0.81, Recall: 0.72, F1-Score: 0.76, AUC: 0.78
Epoch [90/100] - [TRAIN] Loss: 0.4832, Accuracy: 77.68%, AUC: 0.78 [VAL] Loss: 0.4600, Accuracy: 79.02%, Precision: 0.81, Recall: 0.74, F1-Score: 0.77, AUC: 0.79
Epoch [91/100] - [TRAIN] Loss: 0.4814, Accuracy: 77.78%, AUC: 0.78 [VAL] Loss: 0.4609, Accuracy: 78.65%, Precision: 0.81, Recall: 0.72, F1-Score: 0.77, AUC: 0.78
Epoch [92/100] - [TRAIN] Loss: 0.4790, Accuracy: 77.98%, AUC: 0.78 [VAL] Loss: 0.4668, Accuracy: 78.14%, Precision: 0.81, Recall: 0.72, F1-Score: 0.76, AUC: 0.78
Epoch [93/100] - [TRAIN] Loss: 0.4790, Accuracy: 77.85%, AUC: 0.78 [VAL] Loss: 0.4656, Accuracy: 78.33%, Precision: 0.81, Recall: 0.73, F1-Score: 0.77, AUC: 0.78
Epoch [94/100] - [TRAIN] Loss: 0.4810, Accuracy: 77.95%, AUC: 0.78 [VAL] Loss: 0.4687, Accuracy: 78.24%, Precision: 0.80, Recall: 0.73, F1-Score: 0.76, AUC: 0.78
Epoch [95/100] - [TRAIN] Loss: 0.4833, Accuracy: 77.68%, AUC: 0.78 [VAL] Loss: 0.4715, Accuracy: 77.53%, Precision: 0.80, Recall: 0.72, F1-Score: 0.76, AUC: 0.77
Epoch [96/100] - [TRAIN] Loss: 0.4807, Accuracy: 77.70%, AUC: 0.78 [VAL] Loss: 0.4696, Accuracy: 77.82%, Precision: 0.81, Recall: 0.72, F1-Score: 0.76, AUC: 0.78
Epoch [97/100] - [TRAIN] Loss: 0.4816, Accuracy: 77.75%, AUC: 0.78 [VAL] Loss: 0.4671, Accuracy: 78.92%, Precision: 0.81, Recall: 0.73, F1-Score: 0.77, AUC: 0.79
Epoch [98/100] - [TRAIN] Loss: 0.4779, Accuracy: 77.98%, AUC: 0.78 [VAL] Loss: 0.4583, Accuracy: 78.66%, Precision: 0.81, Recall: 0.73, F1-Score: 0.77, AUC: 0.78
Epoch [99/100] - [TRAIN] Loss: 0.4790, Accuracy: 77.83%, AUC: 0.78 [VAL] Loss: 0.4640, Accuracy: 78.72%, Precision: 0.82, Recall: 0.72, F1-Score: 0.77, AUC: 0.79
Epoch [100/100] - [TRAIN] Loss: 0.4797, Accuracy: 77.90%, AUC: 0.78 [VAL] Loss: 0.4657, Accuracy: 78.62%, Precision: 0.81, Recall: 0.73, F1-Score: 0.77, AUC: 0.78
Accuracy Score on test set: 78.33 %
    AUC Score on test set: 0.78
    Precision: 0.8098
    Recall: 0.7232
    F1-Score: 0.7641

    Detailed Classification Report:
                  precision    recall  f1-score   support

           0       0.76      0.84      0.80      5148
           1       0.81      0.72      0.76      4852

    accuracy                           0.78     10000
   macro avg       0.79      0.78      0.78     10000
weighted avg       0.79      0.78      0.78     10000


    Confusion Matrix:
    [[4324  824]
 [1343 3509]]
    
021-H3K9ac-H3K9me3-H3K27ac
Epoch [1/100] - [TRAIN] Loss: 0.5532, Accuracy: 75.80%, AUC: 0.75 [VAL] Loss: 0.4990, Accuracy: 77.66%, Precision: 0.82, Recall: 0.69, F1-Score: 0.75, AUC: 0.77
Epoch [2/100] - [TRAIN] Loss: 0.5160, Accuracy: 77.26%, AUC: 0.77 [VAL] Loss: 0.4827, Accuracy: 78.45%, Precision: 0.83, Recall: 0.69, F1-Score: 0.75, AUC: 0.78
Epoch [3/100] - [TRAIN] Loss: 0.5072, Accuracy: 77.19%, AUC: 0.77 [VAL] Loss: 0.4859, Accuracy: 78.16%, Precision: 0.85, Recall: 0.68, F1-Score: 0.75, AUC: 0.78
Epoch [4/100] - [TRAIN] Loss: 0.5013, Accuracy: 77.48%, AUC: 0.77 [VAL] Loss: 0.4721, Accuracy: 78.53%, Precision: 0.84, Recall: 0.69, F1-Score: 0.76, AUC: 0.78
Epoch [5/100] - [TRAIN] Loss: 0.4981, Accuracy: 77.57%, AUC: 0.77 [VAL] Loss: 0.4746, Accuracy: 77.94%, Precision: 0.84, Recall: 0.69, F1-Score: 0.75, AUC: 0.78
Epoch [6/100] - [TRAIN] Loss: 0.4950, Accuracy: 77.78%, AUC: 0.78 [VAL] Loss: 0.4735, Accuracy: 77.94%, Precision: 0.84, Recall: 0.69, F1-Score: 0.75, AUC: 0.78
Epoch [7/100] - [TRAIN] Loss: 0.4927, Accuracy: 77.67%, AUC: 0.77 [VAL] Loss: 0.4657, Accuracy: 78.51%, Precision: 0.84, Recall: 0.69, F1-Score: 0.76, AUC: 0.78
Epoch [8/100] - [TRAIN] Loss: 0.4882, Accuracy: 77.94%, AUC: 0.78 [VAL] Loss: 0.4755, Accuracy: 78.03%, Precision: 0.83, Recall: 0.68, F1-Score: 0.75, AUC: 0.78
Epoch [9/100] - [TRAIN] Loss: 0.4894, Accuracy: 77.86%, AUC: 0.78 [VAL] Loss: 0.4724, Accuracy: 78.34%, Precision: 0.83, Recall: 0.70, F1-Score: 0.76, AUC: 0.78
Epoch [10/100] - [TRAIN] Loss: 0.4898, Accuracy: 77.59%, AUC: 0.77 [VAL] Loss: 0.4659, Accuracy: 78.44%, Precision: 0.84, Recall: 0.70, F1-Score: 0.76, AUC: 0.78
Epoch [11/100] - [TRAIN] Loss: 0.4849, Accuracy: 78.00%, AUC: 0.78 [VAL] Loss: 0.4730, Accuracy: 78.35%, Precision: 0.84, Recall: 0.69, F1-Score: 0.76, AUC: 0.78
Epoch [12/100] - [TRAIN] Loss: 0.4905, Accuracy: 77.72%, AUC: 0.77 [VAL] Loss: 0.4787, Accuracy: 77.73%, Precision: 0.83, Recall: 0.68, F1-Score: 0.75, AUC: 0.77
Epoch [13/100] - [TRAIN] Loss: 0.4820, Accuracy: 78.10%, AUC: 0.78 [VAL] Loss: 0.4731, Accuracy: 78.33%, Precision: 0.84, Recall: 0.68, F1-Score: 0.75, AUC: 0.78
Epoch [14/100] - [TRAIN] Loss: 0.4880, Accuracy: 77.75%, AUC: 0.77 [VAL] Loss: 0.4774, Accuracy: 77.82%, Precision: 0.83, Recall: 0.68, F1-Score: 0.75, AUC: 0.78
Epoch [15/100] - [TRAIN] Loss: 0.4887, Accuracy: 77.87%, AUC: 0.78 [VAL] Loss: 0.4614, Accuracy: 78.70%, Precision: 0.84, Recall: 0.70, F1-Score: 0.76, AUC: 0.79
Epoch [16/100] - [TRAIN] Loss: 0.4884, Accuracy: 77.63%, AUC: 0.77 [VAL] Loss: 0.4766, Accuracy: 78.01%, Precision: 0.82, Recall: 0.68, F1-Score: 0.75, AUC: 0.78
Epoch [17/100] - [TRAIN] Loss: 0.4890, Accuracy: 77.50%, AUC: 0.77 [VAL] Loss: 0.4786, Accuracy: 77.21%, Precision: 0.83, Recall: 0.68, F1-Score: 0.74, AUC: 0.77
Epoch [18/100] - [TRAIN] Loss: 0.4851, Accuracy: 78.01%, AUC: 0.78 [VAL] Loss: 0.4723, Accuracy: 78.13%, Precision: 0.83, Recall: 0.69, F1-Score: 0.75, AUC: 0.78
Epoch [19/100] - [TRAIN] Loss: 0.4867, Accuracy: 77.72%, AUC: 0.77 [VAL] Loss: 0.4722, Accuracy: 78.01%, Precision: 0.84, Recall: 0.68, F1-Score: 0.75, AUC: 0.78
Epoch [20/100] - [TRAIN] Loss: 0.4876, Accuracy: 77.79%, AUC: 0.77 [VAL] Loss: 0.4663, Accuracy: 78.66%, Precision: 0.83, Recall: 0.69, F1-Score: 0.76, AUC: 0.78
Epoch [21/100] - [TRAIN] Loss: 0.4874, Accuracy: 77.87%, AUC: 0.78 [VAL] Loss: 0.4694, Accuracy: 78.03%, Precision: 0.83, Recall: 0.68, F1-Score: 0.75, AUC: 0.78
Epoch [22/100] - [TRAIN] Loss: 0.4869, Accuracy: 77.71%, AUC: 0.77 [VAL] Loss: 0.4671, Accuracy: 78.37%, Precision: 0.83, Recall: 0.69, F1-Score: 0.75, AUC: 0.78
Epoch [23/100] - [TRAIN] Loss: 0.4900, Accuracy: 77.64%, AUC: 0.77 [VAL] Loss: 0.4806, Accuracy: 77.27%, Precision: 0.83, Recall: 0.68, F1-Score: 0.75, AUC: 0.77
Epoch [24/100] - [TRAIN] Loss: 0.4914, Accuracy: 77.47%, AUC: 0.77 [VAL] Loss: 0.4625, Accuracy: 78.43%, Precision: 0.84, Recall: 0.69, F1-Score: 0.76, AUC: 0.78
Epoch [25/100] - [TRAIN] Loss: 0.4838, Accuracy: 77.92%, AUC: 0.78 [VAL] Loss: 0.4603, Accuracy: 78.54%, Precision: 0.84, Recall: 0.69, F1-Score: 0.76, AUC: 0.78
Epoch [26/100] - [TRAIN] Loss: 0.4833, Accuracy: 78.05%, AUC: 0.78 [VAL] Loss: 0.4769, Accuracy: 77.21%, Precision: 0.83, Recall: 0.67, F1-Score: 0.74, AUC: 0.77
Epoch [27/100] - [TRAIN] Loss: 0.4880, Accuracy: 77.71%, AUC: 0.77 [VAL] Loss: 0.4727, Accuracy: 77.90%, Precision: 0.83, Recall: 0.68, F1-Score: 0.75, AUC: 0.78
Epoch [28/100] - [TRAIN] Loss: 0.4842, Accuracy: 78.14%, AUC: 0.78 [VAL] Loss: 0.4703, Accuracy: 78.04%, Precision: 0.83, Recall: 0.68, F1-Score: 0.75, AUC: 0.78
Epoch [29/100] - [TRAIN] Loss: 0.4869, Accuracy: 77.77%, AUC: 0.77 [VAL] Loss: 0.4729, Accuracy: 78.17%, Precision: 0.82, Recall: 0.68, F1-Score: 0.75, AUC: 0.78
Epoch [30/100] - [TRAIN] Loss: 0.4866, Accuracy: 77.77%, AUC: 0.77 [VAL] Loss: 0.4727, Accuracy: 78.26%, Precision: 0.83, Recall: 0.69, F1-Score: 0.75, AUC: 0.78
Epoch [31/100] - [TRAIN] Loss: 0.4861, Accuracy: 77.93%, AUC: 0.78 [VAL] Loss: 0.4703, Accuracy: 78.36%, Precision: 0.84, Recall: 0.68, F1-Score: 0.75, AUC: 0.78
Epoch [32/100] - [TRAIN] Loss: 0.4851, Accuracy: 77.86%, AUC: 0.78 [VAL] Loss: 0.4669, Accuracy: 78.39%, Precision: 0.83, Recall: 0.69, F1-Score: 0.75, AUC: 0.78
Epoch [33/100] - [TRAIN] Loss: 0.4857, Accuracy: 77.85%, AUC: 0.78 [VAL] Loss: 0.4646, Accuracy: 78.47%, Precision: 0.83, Recall: 0.69, F1-Score: 0.75, AUC: 0.78
Epoch [34/100] - [TRAIN] Loss: 0.4866, Accuracy: 77.87%, AUC: 0.78 [VAL] Loss: 0.4703, Accuracy: 78.67%, Precision: 0.83, Recall: 0.69, F1-Score: 0.76, AUC: 0.78
Epoch [35/100] - [TRAIN] Loss: 0.4904, Accuracy: 77.50%, AUC: 0.77 [VAL] Loss: 0.4657, Accuracy: 78.48%, Precision: 0.84, Recall: 0.69, F1-Score: 0.76, AUC: 0.78
Epoch [36/100] - [TRAIN] Loss: 0.4881, Accuracy: 77.74%, AUC: 0.77 [VAL] Loss: 0.4697, Accuracy: 78.33%, Precision: 0.84, Recall: 0.69, F1-Score: 0.76, AUC: 0.78
Epoch [37/100] - [TRAIN] Loss: 0.4870, Accuracy: 77.84%, AUC: 0.78 [VAL] Loss: 0.4721, Accuracy: 78.05%, Precision: 0.84, Recall: 0.68, F1-Score: 0.75, AUC: 0.78
Epoch [38/100] - [TRAIN] Loss: 0.4856, Accuracy: 78.00%, AUC: 0.78 [VAL] Loss: 0.4694, Accuracy: 78.42%, Precision: 0.83, Recall: 0.69, F1-Score: 0.76, AUC: 0.78
Epoch [39/100] - [TRAIN] Loss: 0.4869, Accuracy: 77.55%, AUC: 0.77 [VAL] Loss: 0.4733, Accuracy: 77.76%, Precision: 0.83, Recall: 0.68, F1-Score: 0.75, AUC: 0.78
Epoch [40/100] - [TRAIN] Loss: 0.4820, Accuracy: 78.31%, AUC: 0.78 [VAL] Loss: 0.4616, Accuracy: 78.38%, Precision: 0.85, Recall: 0.68, F1-Score: 0.76, AUC: 0.78
Epoch [41/100] - [TRAIN] Loss: 0.4862, Accuracy: 77.96%, AUC: 0.78 [VAL] Loss: 0.4559, Accuracy: 79.06%, Precision: 0.84, Recall: 0.70, F1-Score: 0.76, AUC: 0.79
Epoch [42/100] - [TRAIN] Loss: 0.4853, Accuracy: 77.83%, AUC: 0.78 [VAL] Loss: 0.4780, Accuracy: 77.84%, Precision: 0.83, Recall: 0.69, F1-Score: 0.75, AUC: 0.78
Epoch [43/100] - [TRAIN] Loss: 0.4883, Accuracy: 77.50%, AUC: 0.77 [VAL] Loss: 0.4634, Accuracy: 78.41%, Precision: 0.83, Recall: 0.69, F1-Score: 0.76, AUC: 0.78
Epoch [44/100] - [TRAIN] Loss: 0.4871, Accuracy: 77.61%, AUC: 0.77 [VAL] Loss: 0.4641, Accuracy: 78.57%, Precision: 0.83, Recall: 0.69, F1-Score: 0.76, AUC: 0.78
Epoch [45/100] - [TRAIN] Loss: 0.4855, Accuracy: 77.74%, AUC: 0.77 [VAL] Loss: 0.4643, Accuracy: 78.14%, Precision: 0.83, Recall: 0.69, F1-Score: 0.75, AUC: 0.78
Epoch [46/100] - [TRAIN] Loss: 0.4865, Accuracy: 77.77%, AUC: 0.77 [VAL] Loss: 0.4699, Accuracy: 78.13%, Precision: 0.83, Recall: 0.69, F1-Score: 0.75, AUC: 0.78
Epoch [47/100] - [TRAIN] Loss: 0.4854, Accuracy: 77.76%, AUC: 0.77 [VAL] Loss: 0.4689, Accuracy: 78.08%, Precision: 0.83, Recall: 0.69, F1-Score: 0.75, AUC: 0.78
Epoch [48/100] - [TRAIN] Loss: 0.4836, Accuracy: 78.05%, AUC: 0.78 [VAL] Loss: 0.4733, Accuracy: 78.12%, Precision: 0.83, Recall: 0.68, F1-Score: 0.75, AUC: 0.78
Epoch [49/100] - [TRAIN] Loss: 0.4900, Accuracy: 77.61%, AUC: 0.77 [VAL] Loss: 0.4635, Accuracy: 78.39%, Precision: 0.83, Recall: 0.70, F1-Score: 0.76, AUC: 0.78
Epoch [50/100] - [TRAIN] Loss: 0.4889, Accuracy: 77.57%, AUC: 0.77 [VAL] Loss: 0.4678, Accuracy: 78.15%, Precision: 0.85, Recall: 0.67, F1-Score: 0.75, AUC: 0.78
Epoch [51/100] - [TRAIN] Loss: 0.4872, Accuracy: 77.72%, AUC: 0.77 [VAL] Loss: 0.4642, Accuracy: 78.01%, Precision: 0.84, Recall: 0.68, F1-Score: 0.75, AUC: 0.78
Epoch [52/100] - [TRAIN] Loss: 0.4838, Accuracy: 77.89%, AUC: 0.78 [VAL] Loss: 0.4718, Accuracy: 78.41%, Precision: 0.84, Recall: 0.69, F1-Score: 0.76, AUC: 0.78
Epoch [53/100] - [TRAIN] Loss: 0.4836, Accuracy: 77.94%, AUC: 0.78 [VAL] Loss: 0.4698, Accuracy: 78.32%, Precision: 0.83, Recall: 0.70, F1-Score: 0.76, AUC: 0.78
Epoch [54/100] - [TRAIN] Loss: 0.4873, Accuracy: 77.84%, AUC: 0.78 [VAL] Loss: 0.4673, Accuracy: 78.80%, Precision: 0.84, Recall: 0.69, F1-Score: 0.76, AUC: 0.78
Epoch [55/100] - [TRAIN] Loss: 0.4885, Accuracy: 77.81%, AUC: 0.78 [VAL] Loss: 0.4775, Accuracy: 78.62%, Precision: 0.83, Recall: 0.69, F1-Score: 0.75, AUC: 0.78
Epoch [56/100] - [TRAIN] Loss: 0.4892, Accuracy: 77.68%, AUC: 0.77 [VAL] Loss: 0.4620, Accuracy: 78.88%, Precision: 0.83, Recall: 0.69, F1-Score: 0.76, AUC: 0.78
Epoch [57/100] - [TRAIN] Loss: 0.4883, Accuracy: 77.72%, AUC: 0.77 [VAL] Loss: 0.4673, Accuracy: 78.12%, Precision: 0.83, Recall: 0.69, F1-Score: 0.75, AUC: 0.78
Epoch [58/100] - [TRAIN] Loss: 0.4871, Accuracy: 77.38%, AUC: 0.77 [VAL] Loss: 0.4619, Accuracy: 78.98%, Precision: 0.83, Recall: 0.70, F1-Score: 0.76, AUC: 0.79
Epoch [59/100] - [TRAIN] Loss: 0.4850, Accuracy: 78.17%, AUC: 0.78 [VAL] Loss: 0.4632, Accuracy: 78.45%, Precision: 0.83, Recall: 0.68, F1-Score: 0.75, AUC: 0.78
Epoch [60/100] - [TRAIN] Loss: 0.4870, Accuracy: 77.84%, AUC: 0.78 [VAL] Loss: 0.4724, Accuracy: 77.50%, Precision: 0.82, Recall: 0.68, F1-Score: 0.74, AUC: 0.77
Epoch [61/100] - [TRAIN] Loss: 0.4859, Accuracy: 77.87%, AUC: 0.78 [VAL] Loss: 0.4679, Accuracy: 78.03%, Precision: 0.84, Recall: 0.68, F1-Score: 0.75, AUC: 0.78
Epoch [62/100] - [TRAIN] Loss: 0.4826, Accuracy: 77.94%, AUC: 0.78 [VAL] Loss: 0.4648, Accuracy: 78.22%, Precision: 0.84, Recall: 0.68, F1-Score: 0.75, AUC: 0.78
Epoch [63/100] - [TRAIN] Loss: 0.4831, Accuracy: 77.88%, AUC: 0.78 [VAL] Loss: 0.4693, Accuracy: 77.93%, Precision: 0.84, Recall: 0.68, F1-Score: 0.75, AUC: 0.78
Epoch [64/100] - [TRAIN] Loss: 0.4836, Accuracy: 77.96%, AUC: 0.78 [VAL] Loss: 0.4717, Accuracy: 78.01%, Precision: 0.83, Recall: 0.69, F1-Score: 0.75, AUC: 0.78
Epoch [65/100] - [TRAIN] Loss: 0.4862, Accuracy: 77.61%, AUC: 0.77 [VAL] Loss: 0.4641, Accuracy: 78.74%, Precision: 0.84, Recall: 0.69, F1-Score: 0.76, AUC: 0.78
Epoch [66/100] - [TRAIN] Loss: 0.4892, Accuracy: 77.79%, AUC: 0.78 [VAL] Loss: 0.4757, Accuracy: 77.64%, Precision: 0.84, Recall: 0.68, F1-Score: 0.75, AUC: 0.77
Epoch [67/100] - [TRAIN] Loss: 0.4889, Accuracy: 77.76%, AUC: 0.77 [VAL] Loss: 0.4771, Accuracy: 77.61%, Precision: 0.82, Recall: 0.68, F1-Score: 0.74, AUC: 0.77
Epoch [68/100] - [TRAIN] Loss: 0.4863, Accuracy: 77.86%, AUC: 0.78 [VAL] Loss: 0.4622, Accuracy: 78.80%, Precision: 0.84, Recall: 0.69, F1-Score: 0.76, AUC: 0.78
Epoch [69/100] - [TRAIN] Loss: 0.4876, Accuracy: 77.89%, AUC: 0.78 [VAL] Loss: 0.4778, Accuracy: 78.12%, Precision: 0.83, Recall: 0.68, F1-Score: 0.75, AUC: 0.78
Epoch [70/100] - [TRAIN] Loss: 0.4840, Accuracy: 77.91%, AUC: 0.78 [VAL] Loss: 0.4684, Accuracy: 78.04%, Precision: 0.84, Recall: 0.68, F1-Score: 0.75, AUC: 0.78
Epoch [71/100] - [TRAIN] Loss: 0.4867, Accuracy: 77.68%, AUC: 0.77 [VAL] Loss: 0.4672, Accuracy: 78.44%, Precision: 0.84, Recall: 0.69, F1-Score: 0.76, AUC: 0.78
Epoch [72/100] - [TRAIN] Loss: 0.4883, Accuracy: 77.64%, AUC: 0.77 [VAL] Loss: 0.4668, Accuracy: 78.44%, Precision: 0.83, Recall: 0.69, F1-Score: 0.76, AUC: 0.78
Epoch [73/100] - [TRAIN] Loss: 0.4850, Accuracy: 77.93%, AUC: 0.78 [VAL] Loss: 0.4700, Accuracy: 78.37%, Precision: 0.83, Recall: 0.69, F1-Score: 0.75, AUC: 0.78
Epoch [74/100] - [TRAIN] Loss: 0.4893, Accuracy: 77.48%, AUC: 0.77 [VAL] Loss: 0.4741, Accuracy: 77.98%, Precision: 0.84, Recall: 0.68, F1-Score: 0.75, AUC: 0.78
Epoch [75/100] - [TRAIN] Loss: 0.4892, Accuracy: 77.63%, AUC: 0.77 [VAL] Loss: 0.4639, Accuracy: 78.32%, Precision: 0.84, Recall: 0.68, F1-Score: 0.75, AUC: 0.78
Epoch [76/100] - [TRAIN] Loss: 0.4904, Accuracy: 77.59%, AUC: 0.77 [VAL] Loss: 0.4633, Accuracy: 78.46%, Precision: 0.83, Recall: 0.69, F1-Score: 0.76, AUC: 0.78
Epoch [77/100] - [TRAIN] Loss: 0.4841, Accuracy: 78.06%, AUC: 0.78 [VAL] Loss: 0.4651, Accuracy: 78.52%, Precision: 0.83, Recall: 0.69, F1-Score: 0.75, AUC: 0.78
Epoch [78/100] - [TRAIN] Loss: 0.4852, Accuracy: 77.96%, AUC: 0.78 [VAL] Loss: 0.4641, Accuracy: 78.73%, Precision: 0.84, Recall: 0.70, F1-Score: 0.76, AUC: 0.79
Epoch [79/100] - [TRAIN] Loss: 0.4855, Accuracy: 77.99%, AUC: 0.78 [VAL] Loss: 0.4701, Accuracy: 78.64%, Precision: 0.83, Recall: 0.70, F1-Score: 0.76, AUC: 0.78
Epoch [80/100] - [TRAIN] Loss: 0.4859, Accuracy: 77.79%, AUC: 0.77 [VAL] Loss: 0.4639, Accuracy: 78.62%, Precision: 0.84, Recall: 0.70, F1-Score: 0.76, AUC: 0.78
Epoch [81/100] - [TRAIN] Loss: 0.4867, Accuracy: 77.76%, AUC: 0.77 [VAL] Loss: 0.4702, Accuracy: 78.13%, Precision: 0.83, Recall: 0.69, F1-Score: 0.75, AUC: 0.78
Epoch [82/100] - [TRAIN] Loss: 0.4878, Accuracy: 77.77%, AUC: 0.77 [VAL] Loss: 0.4664, Accuracy: 78.53%, Precision: 0.83, Recall: 0.70, F1-Score: 0.76, AUC: 0.78
Epoch [83/100] - [TRAIN] Loss: 0.4855, Accuracy: 77.79%, AUC: 0.77 [VAL] Loss: 0.4626, Accuracy: 78.38%, Precision: 0.83, Recall: 0.69, F1-Score: 0.76, AUC: 0.78
Epoch [84/100] - [TRAIN] Loss: 0.4885, Accuracy: 77.60%, AUC: 0.77 [VAL] Loss: 0.4647, Accuracy: 78.48%, Precision: 0.83, Recall: 0.70, F1-Score: 0.76, AUC: 0.78
Epoch [85/100] - [TRAIN] Loss: 0.4882, Accuracy: 77.61%, AUC: 0.77 [VAL] Loss: 0.4717, Accuracy: 77.53%, Precision: 0.82, Recall: 0.68, F1-Score: 0.75, AUC: 0.77
Epoch [86/100] - [TRAIN] Loss: 0.4862, Accuracy: 77.89%, AUC: 0.78 [VAL] Loss: 0.4696, Accuracy: 78.20%, Precision: 0.84, Recall: 0.68, F1-Score: 0.75, AUC: 0.78
Epoch [87/100] - [TRAIN] Loss: 0.4861, Accuracy: 77.67%, AUC: 0.77 [VAL] Loss: 0.4670, Accuracy: 78.63%, Precision: 0.84, Recall: 0.69, F1-Score: 0.76, AUC: 0.78
Epoch [88/100] - [TRAIN] Loss: 0.4846, Accuracy: 77.92%, AUC: 0.78 [VAL] Loss: 0.4643, Accuracy: 78.62%, Precision: 0.83, Recall: 0.69, F1-Score: 0.76, AUC: 0.78
Epoch [89/100] - [TRAIN] Loss: 0.4877, Accuracy: 77.53%, AUC: 0.77 [VAL] Loss: 0.4638, Accuracy: 78.60%, Precision: 0.84, Recall: 0.70, F1-Score: 0.76, AUC: 0.78
Epoch [90/100] - [TRAIN] Loss: 0.4908, Accuracy: 77.27%, AUC: 0.77 [VAL] Loss: 0.4640, Accuracy: 78.45%, Precision: 0.82, Recall: 0.70, F1-Score: 0.76, AUC: 0.78
Epoch [91/100] - [TRAIN] Loss: 0.4824, Accuracy: 77.88%, AUC: 0.78 [VAL] Loss: 0.4762, Accuracy: 77.77%, Precision: 0.82, Recall: 0.69, F1-Score: 0.75, AUC: 0.77
Epoch [92/100] - [TRAIN] Loss: 0.4872, Accuracy: 77.79%, AUC: 0.78 [VAL] Loss: 0.4625, Accuracy: 77.97%, Precision: 0.84, Recall: 0.68, F1-Score: 0.75, AUC: 0.78
Epoch [93/100] - [TRAIN] Loss: 0.4857, Accuracy: 77.87%, AUC: 0.78 [VAL] Loss: 0.4697, Accuracy: 77.58%, Precision: 0.83, Recall: 0.67, F1-Score: 0.74, AUC: 0.77
Epoch [94/100] - [TRAIN] Loss: 0.4904, Accuracy: 77.81%, AUC: 0.78 [VAL] Loss: 0.4710, Accuracy: 78.22%, Precision: 0.83, Recall: 0.69, F1-Score: 0.75, AUC: 0.78
Epoch [95/100] - [TRAIN] Loss: 0.4884, Accuracy: 77.61%, AUC: 0.77 [VAL] Loss: 0.4722, Accuracy: 78.04%, Precision: 0.83, Recall: 0.68, F1-Score: 0.75, AUC: 0.78
Epoch [96/100] - [TRAIN] Loss: 0.4874, Accuracy: 77.77%, AUC: 0.77 [VAL] Loss: 0.4713, Accuracy: 78.05%, Precision: 0.84, Recall: 0.69, F1-Score: 0.75, AUC: 0.78
Epoch [97/100] - [TRAIN] Loss: 0.4886, Accuracy: 77.58%, AUC: 0.77 [VAL] Loss: 0.4723, Accuracy: 78.29%, Precision: 0.84, Recall: 0.68, F1-Score: 0.75, AUC: 0.78
Epoch [98/100] - [TRAIN] Loss: 0.4861, Accuracy: 77.78%, AUC: 0.77 [VAL] Loss: 0.4770, Accuracy: 77.47%, Precision: 0.83, Recall: 0.67, F1-Score: 0.74, AUC: 0.77
Epoch [99/100] - [TRAIN] Loss: 0.4879, Accuracy: 77.60%, AUC: 0.77 [VAL] Loss: 0.4677, Accuracy: 77.60%, Precision: 0.83, Recall: 0.68, F1-Score: 0.75, AUC: 0.77
Epoch [100/100] - [TRAIN] Loss: 0.4893, Accuracy: 77.60%, AUC: 0.77 [VAL] Loss: 0.4718, Accuracy: 78.48%, Precision: 0.84, Recall: 0.69, F1-Score: 0.75, AUC: 0.78
Accuracy Score on test set: 78.60 %
    AUC Score on test set: 0.78
    Precision: 0.8355
    Recall: 0.6891
    F1-Score: 0.7553

    Detailed Classification Report:
                  precision    recall  f1-score   support

           0       0.75      0.88      0.81      5208
           1       0.84      0.69      0.76      4792

    accuracy                           0.79     10000
   macro avg       0.79      0.78      0.78     10000
weighted avg       0.79      0.79      0.78     10000


    Confusion Matrix:
    [[4558  650]
 [1490 3302]]
    
022-H3K9ac-H3K9me3-H3K27me3
Epoch [1/100] - [TRAIN] Loss: 0.5568, Accuracy: 74.87%, AUC: 0.75 [VAL] Loss: 0.4968, Accuracy: 77.75%, Precision: 0.80, Recall: 0.73, F1-Score: 0.76, AUC: 0.78
Epoch [2/100] - [TRAIN] Loss: 0.5170, Accuracy: 76.81%, AUC: 0.77 [VAL] Loss: 0.4830, Accuracy: 78.27%, Precision: 0.79, Recall: 0.75, F1-Score: 0.77, AUC: 0.78
Epoch [3/100] - [TRAIN] Loss: 0.5030, Accuracy: 77.01%, AUC: 0.77 [VAL] Loss: 0.4785, Accuracy: 77.93%, Precision: 0.80, Recall: 0.72, F1-Score: 0.76, AUC: 0.78
Epoch [4/100] - [TRAIN] Loss: 0.4936, Accuracy: 77.35%, AUC: 0.77 [VAL] Loss: 0.4758, Accuracy: 78.12%, Precision: 0.81, Recall: 0.72, F1-Score: 0.76, AUC: 0.78
Epoch [5/100] - [TRAIN] Loss: 0.4925, Accuracy: 77.08%, AUC: 0.77 [VAL] Loss: 0.4813, Accuracy: 77.60%, Precision: 0.80, Recall: 0.72, F1-Score: 0.76, AUC: 0.77
Epoch [6/100] - [TRAIN] Loss: 0.4910, Accuracy: 77.26%, AUC: 0.77 [VAL] Loss: 0.4737, Accuracy: 77.93%, Precision: 0.80, Recall: 0.73, F1-Score: 0.76, AUC: 0.78
Epoch [7/100] - [TRAIN] Loss: 0.4886, Accuracy: 77.23%, AUC: 0.77 [VAL] Loss: 0.4734, Accuracy: 77.83%, Precision: 0.80, Recall: 0.71, F1-Score: 0.76, AUC: 0.78
Epoch [8/100] - [TRAIN] Loss: 0.4907, Accuracy: 76.94%, AUC: 0.77 [VAL] Loss: 0.4605, Accuracy: 79.07%, Precision: 0.82, Recall: 0.72, F1-Score: 0.77, AUC: 0.79
Epoch [9/100] - [TRAIN] Loss: 0.4876, Accuracy: 77.22%, AUC: 0.77 [VAL] Loss: 0.4619, Accuracy: 78.70%, Precision: 0.81, Recall: 0.73, F1-Score: 0.76, AUC: 0.78
Epoch [10/100] - [TRAIN] Loss: 0.4833, Accuracy: 77.56%, AUC: 0.77 [VAL] Loss: 0.4693, Accuracy: 77.61%, Precision: 0.80, Recall: 0.72, F1-Score: 0.76, AUC: 0.78
Epoch [11/100] - [TRAIN] Loss: 0.4822, Accuracy: 77.58%, AUC: 0.77 [VAL] Loss: 0.4647, Accuracy: 78.11%, Precision: 0.81, Recall: 0.70, F1-Score: 0.75, AUC: 0.78
Epoch [12/100] - [TRAIN] Loss: 0.4844, Accuracy: 77.38%, AUC: 0.77 [VAL] Loss: 0.4683, Accuracy: 78.09%, Precision: 0.81, Recall: 0.72, F1-Score: 0.76, AUC: 0.78
Epoch [13/100] - [TRAIN] Loss: 0.4855, Accuracy: 77.51%, AUC: 0.77 [VAL] Loss: 0.4582, Accuracy: 78.66%, Precision: 0.82, Recall: 0.71, F1-Score: 0.76, AUC: 0.78
Epoch [14/100] - [TRAIN] Loss: 0.4812, Accuracy: 77.53%, AUC: 0.77 [VAL] Loss: 0.4693, Accuracy: 77.59%, Precision: 0.80, Recall: 0.71, F1-Score: 0.75, AUC: 0.77
Epoch [15/100] - [TRAIN] Loss: 0.4819, Accuracy: 77.62%, AUC: 0.77 [VAL] Loss: 0.4696, Accuracy: 77.83%, Precision: 0.80, Recall: 0.72, F1-Score: 0.76, AUC: 0.78
Epoch [16/100] - [TRAIN] Loss: 0.4806, Accuracy: 77.80%, AUC: 0.78 [VAL] Loss: 0.4568, Accuracy: 78.52%, Precision: 0.81, Recall: 0.72, F1-Score: 0.76, AUC: 0.78
Epoch [17/100] - [TRAIN] Loss: 0.4793, Accuracy: 77.54%, AUC: 0.77 [VAL] Loss: 0.4637, Accuracy: 78.02%, Precision: 0.81, Recall: 0.72, F1-Score: 0.76, AUC: 0.78
Epoch [18/100] - [TRAIN] Loss: 0.4837, Accuracy: 77.58%, AUC: 0.77 [VAL] Loss: 0.4556, Accuracy: 78.58%, Precision: 0.80, Recall: 0.73, F1-Score: 0.77, AUC: 0.78
Epoch [19/100] - [TRAIN] Loss: 0.4804, Accuracy: 77.58%, AUC: 0.77 [VAL] Loss: 0.4690, Accuracy: 78.12%, Precision: 0.80, Recall: 0.73, F1-Score: 0.76, AUC: 0.78
Epoch [20/100] - [TRAIN] Loss: 0.4783, Accuracy: 77.88%, AUC: 0.78 [VAL] Loss: 0.4787, Accuracy: 77.29%, Precision: 0.79, Recall: 0.72, F1-Score: 0.75, AUC: 0.77
Epoch [21/100] - [TRAIN] Loss: 0.4796, Accuracy: 77.88%, AUC: 0.78 [VAL] Loss: 0.4615, Accuracy: 78.37%, Precision: 0.81, Recall: 0.71, F1-Score: 0.76, AUC: 0.78
Epoch [22/100] - [TRAIN] Loss: 0.4775, Accuracy: 77.64%, AUC: 0.77 [VAL] Loss: 0.4752, Accuracy: 77.68%, Precision: 0.81, Recall: 0.71, F1-Score: 0.75, AUC: 0.77
Epoch [23/100] - [TRAIN] Loss: 0.4799, Accuracy: 77.71%, AUC: 0.78 [VAL] Loss: 0.4699, Accuracy: 77.75%, Precision: 0.80, Recall: 0.71, F1-Score: 0.76, AUC: 0.78
Epoch [24/100] - [TRAIN] Loss: 0.4792, Accuracy: 77.52%, AUC: 0.77 [VAL] Loss: 0.4691, Accuracy: 78.20%, Precision: 0.82, Recall: 0.71, F1-Score: 0.76, AUC: 0.78
Epoch [25/100] - [TRAIN] Loss: 0.4778, Accuracy: 77.77%, AUC: 0.78 [VAL] Loss: 0.4694, Accuracy: 77.97%, Precision: 0.82, Recall: 0.71, F1-Score: 0.76, AUC: 0.78
Epoch [26/100] - [TRAIN] Loss: 0.4768, Accuracy: 77.75%, AUC: 0.78 [VAL] Loss: 0.4754, Accuracy: 77.57%, Precision: 0.81, Recall: 0.70, F1-Score: 0.75, AUC: 0.77
Epoch [27/100] - [TRAIN] Loss: 0.4807, Accuracy: 77.61%, AUC: 0.77 [VAL] Loss: 0.4599, Accuracy: 78.56%, Precision: 0.82, Recall: 0.72, F1-Score: 0.76, AUC: 0.78
Epoch [28/100] - [TRAIN] Loss: 0.4798, Accuracy: 77.60%, AUC: 0.77 [VAL] Loss: 0.4680, Accuracy: 78.37%, Precision: 0.82, Recall: 0.71, F1-Score: 0.76, AUC: 0.78
Epoch [29/100] - [TRAIN] Loss: 0.4798, Accuracy: 77.73%, AUC: 0.78 [VAL] Loss: 0.4649, Accuracy: 78.08%, Precision: 0.80, Recall: 0.72, F1-Score: 0.76, AUC: 0.78
Epoch [30/100] - [TRAIN] Loss: 0.4809, Accuracy: 77.69%, AUC: 0.78 [VAL] Loss: 0.4685, Accuracy: 77.56%, Precision: 0.81, Recall: 0.72, F1-Score: 0.76, AUC: 0.78
Epoch [31/100] - [TRAIN] Loss: 0.4758, Accuracy: 77.80%, AUC: 0.78 [VAL] Loss: 0.4652, Accuracy: 78.31%, Precision: 0.82, Recall: 0.72, F1-Score: 0.76, AUC: 0.78
Epoch [32/100] - [TRAIN] Loss: 0.4772, Accuracy: 77.71%, AUC: 0.78 [VAL] Loss: 0.4665, Accuracy: 78.58%, Precision: 0.81, Recall: 0.72, F1-Score: 0.76, AUC: 0.78
Epoch [33/100] - [TRAIN] Loss: 0.4814, Accuracy: 77.56%, AUC: 0.77 [VAL] Loss: 0.4679, Accuracy: 78.36%, Precision: 0.80, Recall: 0.72, F1-Score: 0.76, AUC: 0.78
Epoch [34/100] - [TRAIN] Loss: 0.4804, Accuracy: 77.60%, AUC: 0.77 [VAL] Loss: 0.4697, Accuracy: 78.37%, Precision: 0.81, Recall: 0.72, F1-Score: 0.76, AUC: 0.78
Epoch [35/100] - [TRAIN] Loss: 0.4792, Accuracy: 77.64%, AUC: 0.78 [VAL] Loss: 0.4598, Accuracy: 79.00%, Precision: 0.82, Recall: 0.73, F1-Score: 0.77, AUC: 0.79
Epoch [36/100] - [TRAIN] Loss: 0.4759, Accuracy: 77.88%, AUC: 0.78 [VAL] Loss: 0.4629, Accuracy: 78.41%, Precision: 0.81, Recall: 0.71, F1-Score: 0.76, AUC: 0.78
Epoch [37/100] - [TRAIN] Loss: 0.4771, Accuracy: 77.75%, AUC: 0.78 [VAL] Loss: 0.4785, Accuracy: 77.10%, Precision: 0.81, Recall: 0.70, F1-Score: 0.75, AUC: 0.77
Epoch [38/100] - [TRAIN] Loss: 0.4774, Accuracy: 77.79%, AUC: 0.78 [VAL] Loss: 0.4661, Accuracy: 78.09%, Precision: 0.81, Recall: 0.71, F1-Score: 0.76, AUC: 0.78
Epoch [39/100] - [TRAIN] Loss: 0.4777, Accuracy: 77.75%, AUC: 0.78 [VAL] Loss: 0.4649, Accuracy: 78.20%, Precision: 0.81, Recall: 0.71, F1-Score: 0.76, AUC: 0.78
Epoch [40/100] - [TRAIN] Loss: 0.4776, Accuracy: 77.80%, AUC: 0.78 [VAL] Loss: 0.4631, Accuracy: 78.60%, Precision: 0.81, Recall: 0.73, F1-Score: 0.77, AUC: 0.78
Epoch [41/100] - [TRAIN] Loss: 0.4749, Accuracy: 77.92%, AUC: 0.78 [VAL] Loss: 0.4648, Accuracy: 77.79%, Precision: 0.80, Recall: 0.71, F1-Score: 0.76, AUC: 0.78
Epoch [42/100] - [TRAIN] Loss: 0.4735, Accuracy: 77.83%, AUC: 0.78 [VAL] Loss: 0.4728, Accuracy: 78.04%, Precision: 0.80, Recall: 0.72, F1-Score: 0.76, AUC: 0.78
Epoch [43/100] - [TRAIN] Loss: 0.4794, Accuracy: 77.74%, AUC: 0.78 [VAL] Loss: 0.4694, Accuracy: 78.18%, Precision: 0.80, Recall: 0.72, F1-Score: 0.76, AUC: 0.78
Epoch [44/100] - [TRAIN] Loss: 0.4795, Accuracy: 77.72%, AUC: 0.78 [VAL] Loss: 0.4703, Accuracy: 77.61%, Precision: 0.81, Recall: 0.70, F1-Score: 0.75, AUC: 0.77
Epoch [45/100] - [TRAIN] Loss: 0.4759, Accuracy: 77.85%, AUC: 0.78 [VAL] Loss: 0.4632, Accuracy: 78.69%, Precision: 0.81, Recall: 0.72, F1-Score: 0.76, AUC: 0.78
Epoch [46/100] - [TRAIN] Loss: 0.4798, Accuracy: 77.69%, AUC: 0.78 [VAL] Loss: 0.4732, Accuracy: 78.15%, Precision: 0.82, Recall: 0.72, F1-Score: 0.76, AUC: 0.78
Epoch [47/100] - [TRAIN] Loss: 0.4775, Accuracy: 77.79%, AUC: 0.78 [VAL] Loss: 0.4691, Accuracy: 77.95%, Precision: 0.81, Recall: 0.72, F1-Score: 0.76, AUC: 0.78
Epoch [48/100] - [TRAIN] Loss: 0.4755, Accuracy: 77.84%, AUC: 0.78 [VAL] Loss: 0.4740, Accuracy: 77.50%, Precision: 0.80, Recall: 0.71, F1-Score: 0.75, AUC: 0.77
Epoch [49/100] - [TRAIN] Loss: 0.4810, Accuracy: 77.53%, AUC: 0.77 [VAL] Loss: 0.4524, Accuracy: 79.51%, Precision: 0.82, Recall: 0.73, F1-Score: 0.77, AUC: 0.79
Epoch [50/100] - [TRAIN] Loss: 0.4822, Accuracy: 77.44%, AUC: 0.77 [VAL] Loss: 0.4626, Accuracy: 78.86%, Precision: 0.82, Recall: 0.72, F1-Score: 0.77, AUC: 0.79
Epoch [51/100] - [TRAIN] Loss: 0.4782, Accuracy: 77.60%, AUC: 0.77 [VAL] Loss: 0.4676, Accuracy: 77.98%, Precision: 0.81, Recall: 0.70, F1-Score: 0.75, AUC: 0.78
Epoch [52/100] - [TRAIN] Loss: 0.4783, Accuracy: 77.67%, AUC: 0.78 [VAL] Loss: 0.4643, Accuracy: 78.85%, Precision: 0.82, Recall: 0.71, F1-Score: 0.76, AUC: 0.79
Epoch [53/100] - [TRAIN] Loss: 0.4791, Accuracy: 77.66%, AUC: 0.78 [VAL] Loss: 0.4623, Accuracy: 78.31%, Precision: 0.81, Recall: 0.72, F1-Score: 0.76, AUC: 0.78
Epoch [54/100] - [TRAIN] Loss: 0.4795, Accuracy: 77.70%, AUC: 0.78 [VAL] Loss: 0.4699, Accuracy: 77.93%, Precision: 0.80, Recall: 0.72, F1-Score: 0.76, AUC: 0.78
Epoch [55/100] - [TRAIN] Loss: 0.4803, Accuracy: 77.61%, AUC: 0.77 [VAL] Loss: 0.4698, Accuracy: 77.68%, Precision: 0.80, Recall: 0.71, F1-Score: 0.76, AUC: 0.77
Epoch [56/100] - [TRAIN] Loss: 0.4788, Accuracy: 77.71%, AUC: 0.78 [VAL] Loss: 0.4637, Accuracy: 78.42%, Precision: 0.81, Recall: 0.73, F1-Score: 0.77, AUC: 0.78
Epoch [57/100] - [TRAIN] Loss: 0.4757, Accuracy: 77.86%, AUC: 0.78 [VAL] Loss: 0.4624, Accuracy: 78.15%, Precision: 0.81, Recall: 0.72, F1-Score: 0.76, AUC: 0.78
Epoch [58/100] - [TRAIN] Loss: 0.4801, Accuracy: 77.54%, AUC: 0.77 [VAL] Loss: 0.4650, Accuracy: 78.70%, Precision: 0.82, Recall: 0.72, F1-Score: 0.77, AUC: 0.78
Epoch [59/100] - [TRAIN] Loss: 0.4754, Accuracy: 77.80%, AUC: 0.78 [VAL] Loss: 0.4707, Accuracy: 77.93%, Precision: 0.80, Recall: 0.71, F1-Score: 0.75, AUC: 0.78
Epoch [60/100] - [TRAIN] Loss: 0.4783, Accuracy: 77.61%, AUC: 0.77 [VAL] Loss: 0.4658, Accuracy: 78.28%, Precision: 0.81, Recall: 0.72, F1-Score: 0.76, AUC: 0.78
Epoch [61/100] - [TRAIN] Loss: 0.4773, Accuracy: 77.69%, AUC: 0.78 [VAL] Loss: 0.4602, Accuracy: 78.53%, Precision: 0.82, Recall: 0.71, F1-Score: 0.76, AUC: 0.78
Epoch [62/100] - [TRAIN] Loss: 0.4784, Accuracy: 77.52%, AUC: 0.77 [VAL] Loss: 0.4600, Accuracy: 78.02%, Precision: 0.81, Recall: 0.71, F1-Score: 0.76, AUC: 0.78
Epoch [63/100] - [TRAIN] Loss: 0.4766, Accuracy: 77.67%, AUC: 0.78 [VAL] Loss: 0.4596, Accuracy: 78.54%, Precision: 0.82, Recall: 0.72, F1-Score: 0.76, AUC: 0.78
Epoch [64/100] - [TRAIN] Loss: 0.4772, Accuracy: 77.78%, AUC: 0.78 [VAL] Loss: 0.4729, Accuracy: 78.28%, Precision: 0.81, Recall: 0.71, F1-Score: 0.76, AUC: 0.78
Epoch [65/100] - [TRAIN] Loss: 0.4770, Accuracy: 77.65%, AUC: 0.77 [VAL] Loss: 0.4677, Accuracy: 78.09%, Precision: 0.81, Recall: 0.71, F1-Score: 0.76, AUC: 0.78
Epoch [66/100] - [TRAIN] Loss: 0.4773, Accuracy: 77.79%, AUC: 0.78 [VAL] Loss: 0.4693, Accuracy: 78.27%, Precision: 0.81, Recall: 0.72, F1-Score: 0.76, AUC: 0.78
Epoch [67/100] - [TRAIN] Loss: 0.4790, Accuracy: 77.48%, AUC: 0.77 [VAL] Loss: 0.4521, Accuracy: 79.07%, Precision: 0.82, Recall: 0.72, F1-Score: 0.77, AUC: 0.79
Epoch [68/100] - [TRAIN] Loss: 0.4794, Accuracy: 77.70%, AUC: 0.78 [VAL] Loss: 0.4624, Accuracy: 78.12%, Precision: 0.81, Recall: 0.72, F1-Score: 0.76, AUC: 0.78
Epoch [69/100] - [TRAIN] Loss: 0.4788, Accuracy: 77.65%, AUC: 0.77 [VAL] Loss: 0.4614, Accuracy: 78.54%, Precision: 0.81, Recall: 0.72, F1-Score: 0.76, AUC: 0.78
Epoch [70/100] - [TRAIN] Loss: 0.4745, Accuracy: 77.82%, AUC: 0.78 [VAL] Loss: 0.4641, Accuracy: 78.44%, Precision: 0.81, Recall: 0.72, F1-Score: 0.76, AUC: 0.78
Epoch [71/100] - [TRAIN] Loss: 0.4802, Accuracy: 77.53%, AUC: 0.77 [VAL] Loss: 0.4667, Accuracy: 78.31%, Precision: 0.81, Recall: 0.71, F1-Score: 0.76, AUC: 0.78
Epoch [72/100] - [TRAIN] Loss: 0.4771, Accuracy: 77.95%, AUC: 0.78 [VAL] Loss: 0.4734, Accuracy: 77.54%, Precision: 0.80, Recall: 0.71, F1-Score: 0.75, AUC: 0.77
Epoch [73/100] - [TRAIN] Loss: 0.4780, Accuracy: 77.81%, AUC: 0.78 [VAL] Loss: 0.4711, Accuracy: 77.88%, Precision: 0.81, Recall: 0.71, F1-Score: 0.76, AUC: 0.78
Epoch [74/100] - [TRAIN] Loss: 0.4785, Accuracy: 77.72%, AUC: 0.78 [VAL] Loss: 0.4636, Accuracy: 78.66%, Precision: 0.81, Recall: 0.73, F1-Score: 0.77, AUC: 0.78
Epoch [75/100] - [TRAIN] Loss: 0.4811, Accuracy: 77.62%, AUC: 0.77 [VAL] Loss: 0.4596, Accuracy: 78.42%, Precision: 0.82, Recall: 0.72, F1-Score: 0.76, AUC: 0.78
Epoch [76/100] - [TRAIN] Loss: 0.4787, Accuracy: 77.73%, AUC: 0.78 [VAL] Loss: 0.4649, Accuracy: 78.61%, Precision: 0.81, Recall: 0.72, F1-Score: 0.76, AUC: 0.78
Epoch [77/100] - [TRAIN] Loss: 0.4795, Accuracy: 77.49%, AUC: 0.77 [VAL] Loss: 0.4624, Accuracy: 78.66%, Precision: 0.82, Recall: 0.72, F1-Score: 0.77, AUC: 0.78
Epoch [78/100] - [TRAIN] Loss: 0.4794, Accuracy: 77.65%, AUC: 0.77 [VAL] Loss: 0.4670, Accuracy: 78.83%, Precision: 0.82, Recall: 0.72, F1-Score: 0.77, AUC: 0.79
Epoch [79/100] - [TRAIN] Loss: 0.4763, Accuracy: 77.89%, AUC: 0.78 [VAL] Loss: 0.4666, Accuracy: 78.70%, Precision: 0.82, Recall: 0.72, F1-Score: 0.76, AUC: 0.78
Epoch [80/100] - [TRAIN] Loss: 0.4797, Accuracy: 77.77%, AUC: 0.78 [VAL] Loss: 0.4625, Accuracy: 78.44%, Precision: 0.81, Recall: 0.72, F1-Score: 0.77, AUC: 0.78
Epoch [81/100] - [TRAIN] Loss: 0.4781, Accuracy: 77.82%, AUC: 0.78 [VAL] Loss: 0.4668, Accuracy: 78.14%, Precision: 0.81, Recall: 0.71, F1-Score: 0.76, AUC: 0.78
Epoch [82/100] - [TRAIN] Loss: 0.4801, Accuracy: 77.49%, AUC: 0.77 [VAL] Loss: 0.4554, Accuracy: 78.75%, Precision: 0.82, Recall: 0.72, F1-Score: 0.77, AUC: 0.79
Epoch [83/100] - [TRAIN] Loss: 0.4803, Accuracy: 77.56%, AUC: 0.77 [VAL] Loss: 0.4606, Accuracy: 78.45%, Precision: 0.82, Recall: 0.72, F1-Score: 0.76, AUC: 0.78
Epoch [84/100] - [TRAIN] Loss: 0.4770, Accuracy: 77.75%, AUC: 0.78 [VAL] Loss: 0.4657, Accuracy: 78.27%, Precision: 0.81, Recall: 0.72, F1-Score: 0.76, AUC: 0.78
Epoch [85/100] - [TRAIN] Loss: 0.4782, Accuracy: 77.70%, AUC: 0.78 [VAL] Loss: 0.4684, Accuracy: 78.11%, Precision: 0.81, Recall: 0.72, F1-Score: 0.76, AUC: 0.78
Epoch [86/100] - [TRAIN] Loss: 0.4765, Accuracy: 77.80%, AUC: 0.78 [VAL] Loss: 0.4602, Accuracy: 78.46%, Precision: 0.82, Recall: 0.72, F1-Score: 0.77, AUC: 0.78
Epoch [87/100] - [TRAIN] Loss: 0.4758, Accuracy: 77.52%, AUC: 0.77 [VAL] Loss: 0.4663, Accuracy: 78.43%, Precision: 0.81, Recall: 0.72, F1-Score: 0.76, AUC: 0.78
Epoch [88/100] - [TRAIN] Loss: 0.4755, Accuracy: 77.82%, AUC: 0.78 [VAL] Loss: 0.4642, Accuracy: 78.48%, Precision: 0.81, Recall: 0.72, F1-Score: 0.77, AUC: 0.78
Epoch [89/100] - [TRAIN] Loss: 0.4803, Accuracy: 77.70%, AUC: 0.78 [VAL] Loss: 0.4728, Accuracy: 78.24%, Precision: 0.81, Recall: 0.72, F1-Score: 0.76, AUC: 0.78
Epoch [90/100] - [TRAIN] Loss: 0.4792, Accuracy: 77.77%, AUC: 0.78 [VAL] Loss: 0.4683, Accuracy: 77.65%, Precision: 0.81, Recall: 0.71, F1-Score: 0.76, AUC: 0.78
Epoch [91/100] - [TRAIN] Loss: 0.4757, Accuracy: 77.75%, AUC: 0.78 [VAL] Loss: 0.4719, Accuracy: 77.52%, Precision: 0.80, Recall: 0.71, F1-Score: 0.75, AUC: 0.77
Epoch [92/100] - [TRAIN] Loss: 0.4793, Accuracy: 77.69%, AUC: 0.78 [VAL] Loss: 0.4666, Accuracy: 78.43%, Precision: 0.82, Recall: 0.71, F1-Score: 0.76, AUC: 0.78
Epoch [93/100] - [TRAIN] Loss: 0.4801, Accuracy: 77.48%, AUC: 0.77 [VAL] Loss: 0.4634, Accuracy: 77.95%, Precision: 0.81, Recall: 0.71, F1-Score: 0.76, AUC: 0.78
Epoch [94/100] - [TRAIN] Loss: 0.4747, Accuracy: 77.70%, AUC: 0.78 [VAL] Loss: 0.4642, Accuracy: 78.53%, Precision: 0.82, Recall: 0.71, F1-Score: 0.76, AUC: 0.78
Epoch [95/100] - [TRAIN] Loss: 0.4762, Accuracy: 77.90%, AUC: 0.78 [VAL] Loss: 0.4591, Accuracy: 78.36%, Precision: 0.81, Recall: 0.72, F1-Score: 0.77, AUC: 0.78
Epoch [96/100] - [TRAIN] Loss: 0.4729, Accuracy: 77.95%, AUC: 0.78 [VAL] Loss: 0.4631, Accuracy: 78.38%, Precision: 0.81, Recall: 0.72, F1-Score: 0.77, AUC: 0.78
Epoch [97/100] - [TRAIN] Loss: 0.4792, Accuracy: 77.46%, AUC: 0.77 [VAL] Loss: 0.4604, Accuracy: 78.29%, Precision: 0.83, Recall: 0.72, F1-Score: 0.77, AUC: 0.78
Epoch [98/100] - [TRAIN] Loss: 0.4754, Accuracy: 77.93%, AUC: 0.78 [VAL] Loss: 0.4691, Accuracy: 77.81%, Precision: 0.81, Recall: 0.71, F1-Score: 0.76, AUC: 0.78
Epoch [99/100] - [TRAIN] Loss: 0.4771, Accuracy: 77.65%, AUC: 0.77 [VAL] Loss: 0.4644, Accuracy: 78.37%, Precision: 0.82, Recall: 0.71, F1-Score: 0.76, AUC: 0.78
Epoch [100/100] - [TRAIN] Loss: 0.4802, Accuracy: 77.78%, AUC: 0.78 [VAL] Loss: 0.4626, Accuracy: 78.18%, Precision: 0.82, Recall: 0.72, F1-Score: 0.76, AUC: 0.78
Accuracy Score on test set: 78.17 %
    AUC Score on test set: 0.78
    Precision: 0.8147
    Recall: 0.7153
    F1-Score: 0.7618

    Detailed Classification Report:
                  precision    recall  f1-score   support

           0       0.76      0.84      0.80      5121
           1       0.81      0.72      0.76      4879

    accuracy                           0.78     10000
   macro avg       0.79      0.78      0.78     10000
weighted avg       0.79      0.78      0.78     10000


    Confusion Matrix:
    [[4327  794]
 [1389 3490]]
    
023-H3K9ac-H3K27ac-H3K27me3
Epoch [1/100] - [TRAIN] Loss: 0.5531, Accuracy: 75.19%, AUC: 0.75 [VAL] Loss: 0.5058, Accuracy: 77.41%, Precision: 0.78, Recall: 0.74, F1-Score: 0.76, AUC: 0.77
Epoch [2/100] - [TRAIN] Loss: 0.5162, Accuracy: 76.62%, AUC: 0.76 [VAL] Loss: 0.4883, Accuracy: 77.14%, Precision: 0.78, Recall: 0.73, F1-Score: 0.76, AUC: 0.77
Epoch [3/100] - [TRAIN] Loss: 0.5078, Accuracy: 76.60%, AUC: 0.76 [VAL] Loss: 0.4885, Accuracy: 77.21%, Precision: 0.78, Recall: 0.73, F1-Score: 0.75, AUC: 0.77
Epoch [4/100] - [TRAIN] Loss: 0.5019, Accuracy: 76.89%, AUC: 0.77 [VAL] Loss: 0.4778, Accuracy: 78.05%, Precision: 0.81, Recall: 0.72, F1-Score: 0.76, AUC: 0.78
Epoch [5/100] - [TRAIN] Loss: 0.4960, Accuracy: 76.82%, AUC: 0.77 [VAL] Loss: 0.4776, Accuracy: 77.40%, Precision: 0.80, Recall: 0.71, F1-Score: 0.75, AUC: 0.77
Epoch [6/100] - [TRAIN] Loss: 0.4933, Accuracy: 77.12%, AUC: 0.77 [VAL] Loss: 0.4784, Accuracy: 77.89%, Precision: 0.81, Recall: 0.71, F1-Score: 0.76, AUC: 0.78
Epoch [7/100] - [TRAIN] Loss: 0.4925, Accuracy: 77.09%, AUC: 0.77 [VAL] Loss: 0.4783, Accuracy: 77.62%, Precision: 0.81, Recall: 0.71, F1-Score: 0.76, AUC: 0.77
Epoch [8/100] - [TRAIN] Loss: 0.4905, Accuracy: 77.51%, AUC: 0.77 [VAL] Loss: 0.4686, Accuracy: 78.87%, Precision: 0.82, Recall: 0.72, F1-Score: 0.77, AUC: 0.79
Epoch [9/100] - [TRAIN] Loss: 0.4836, Accuracy: 77.75%, AUC: 0.78 [VAL] Loss: 0.4736, Accuracy: 77.98%, Precision: 0.81, Recall: 0.71, F1-Score: 0.76, AUC: 0.78
Epoch [10/100] - [TRAIN] Loss: 0.4883, Accuracy: 77.55%, AUC: 0.77 [VAL] Loss: 0.4690, Accuracy: 78.16%, Precision: 0.81, Recall: 0.71, F1-Score: 0.76, AUC: 0.78
Epoch [11/100] - [TRAIN] Loss: 0.4890, Accuracy: 77.42%, AUC: 0.77 [VAL] Loss: 0.4754, Accuracy: 78.37%, Precision: 0.82, Recall: 0.71, F1-Score: 0.76, AUC: 0.78
Epoch [12/100] - [TRAIN] Loss: 0.4849, Accuracy: 77.48%, AUC: 0.77 [VAL] Loss: 0.4650, Accuracy: 78.09%, Precision: 0.81, Recall: 0.71, F1-Score: 0.76, AUC: 0.78
Epoch [13/100] - [TRAIN] Loss: 0.4856, Accuracy: 77.65%, AUC: 0.77 [VAL] Loss: 0.4639, Accuracy: 78.86%, Precision: 0.82, Recall: 0.73, F1-Score: 0.77, AUC: 0.79
Epoch [14/100] - [TRAIN] Loss: 0.4861, Accuracy: 77.53%, AUC: 0.77 [VAL] Loss: 0.4689, Accuracy: 77.63%, Precision: 0.80, Recall: 0.72, F1-Score: 0.76, AUC: 0.77
Epoch [15/100] - [TRAIN] Loss: 0.4822, Accuracy: 77.76%, AUC: 0.78 [VAL] Loss: 0.4729, Accuracy: 78.41%, Precision: 0.81, Recall: 0.72, F1-Score: 0.76, AUC: 0.78
Epoch [16/100] - [TRAIN] Loss: 0.4837, Accuracy: 77.64%, AUC: 0.77 [VAL] Loss: 0.4753, Accuracy: 77.84%, Precision: 0.81, Recall: 0.71, F1-Score: 0.76, AUC: 0.78
Epoch [17/100] - [TRAIN] Loss: 0.4825, Accuracy: 77.64%, AUC: 0.77 [VAL] Loss: 0.4691, Accuracy: 78.64%, Precision: 0.82, Recall: 0.72, F1-Score: 0.77, AUC: 0.79
Epoch [18/100] - [TRAIN] Loss: 0.4807, Accuracy: 77.66%, AUC: 0.77 [VAL] Loss: 0.4684, Accuracy: 78.41%, Precision: 0.82, Recall: 0.71, F1-Score: 0.76, AUC: 0.78
Epoch [19/100] - [TRAIN] Loss: 0.4833, Accuracy: 77.41%, AUC: 0.77 [VAL] Loss: 0.4662, Accuracy: 78.51%, Precision: 0.81, Recall: 0.73, F1-Score: 0.76, AUC: 0.78
Epoch [20/100] - [TRAIN] Loss: 0.4817, Accuracy: 77.49%, AUC: 0.77 [VAL] Loss: 0.4629, Accuracy: 78.67%, Precision: 0.81, Recall: 0.72, F1-Score: 0.76, AUC: 0.78
Epoch [21/100] - [TRAIN] Loss: 0.4823, Accuracy: 77.51%, AUC: 0.77 [VAL] Loss: 0.4665, Accuracy: 78.24%, Precision: 0.81, Recall: 0.71, F1-Score: 0.76, AUC: 0.78
Epoch [22/100] - [TRAIN] Loss: 0.4819, Accuracy: 77.72%, AUC: 0.78 [VAL] Loss: 0.4689, Accuracy: 78.33%, Precision: 0.82, Recall: 0.72, F1-Score: 0.76, AUC: 0.78
Epoch [23/100] - [TRAIN] Loss: 0.4806, Accuracy: 77.58%, AUC: 0.77 [VAL] Loss: 0.4609, Accuracy: 79.02%, Precision: 0.82, Recall: 0.72, F1-Score: 0.77, AUC: 0.79
Epoch [24/100] - [TRAIN] Loss: 0.4832, Accuracy: 77.66%, AUC: 0.77 [VAL] Loss: 0.4644, Accuracy: 78.75%, Precision: 0.83, Recall: 0.72, F1-Score: 0.77, AUC: 0.79
Epoch [25/100] - [TRAIN] Loss: 0.4815, Accuracy: 77.55%, AUC: 0.77 [VAL] Loss: 0.4684, Accuracy: 77.91%, Precision: 0.81, Recall: 0.71, F1-Score: 0.76, AUC: 0.78
Epoch [26/100] - [TRAIN] Loss: 0.4804, Accuracy: 77.75%, AUC: 0.78 [VAL] Loss: 0.4650, Accuracy: 78.31%, Precision: 0.81, Recall: 0.72, F1-Score: 0.76, AUC: 0.78
Epoch [27/100] - [TRAIN] Loss: 0.4788, Accuracy: 77.65%, AUC: 0.77 [VAL] Loss: 0.4729, Accuracy: 77.90%, Precision: 0.81, Recall: 0.71, F1-Score: 0.76, AUC: 0.78
Epoch [28/100] - [TRAIN] Loss: 0.4829, Accuracy: 77.58%, AUC: 0.77 [VAL] Loss: 0.4646, Accuracy: 78.08%, Precision: 0.82, Recall: 0.71, F1-Score: 0.76, AUC: 0.78
Epoch [29/100] - [TRAIN] Loss: 0.4811, Accuracy: 77.81%, AUC: 0.78 [VAL] Loss: 0.4656, Accuracy: 78.68%, Precision: 0.82, Recall: 0.72, F1-Score: 0.76, AUC: 0.78
Epoch [30/100] - [TRAIN] Loss: 0.4803, Accuracy: 77.84%, AUC: 0.78 [VAL] Loss: 0.4655, Accuracy: 78.13%, Precision: 0.81, Recall: 0.71, F1-Score: 0.75, AUC: 0.78
Epoch [31/100] - [TRAIN] Loss: 0.4811, Accuracy: 77.60%, AUC: 0.77 [VAL] Loss: 0.4739, Accuracy: 77.44%, Precision: 0.81, Recall: 0.69, F1-Score: 0.75, AUC: 0.77
Epoch [32/100] - [TRAIN] Loss: 0.4817, Accuracy: 77.74%, AUC: 0.78 [VAL] Loss: 0.4696, Accuracy: 78.63%, Precision: 0.81, Recall: 0.72, F1-Score: 0.76, AUC: 0.78
Epoch [33/100] - [TRAIN] Loss: 0.4819, Accuracy: 77.68%, AUC: 0.78 [VAL] Loss: 0.4615, Accuracy: 78.87%, Precision: 0.82, Recall: 0.72, F1-Score: 0.76, AUC: 0.79
Epoch [34/100] - [TRAIN] Loss: 0.4807, Accuracy: 77.77%, AUC: 0.78 [VAL] Loss: 0.4691, Accuracy: 77.91%, Precision: 0.81, Recall: 0.70, F1-Score: 0.75, AUC: 0.78
Epoch [35/100] - [TRAIN] Loss: 0.4815, Accuracy: 77.55%, AUC: 0.77 [VAL] Loss: 0.4659, Accuracy: 78.42%, Precision: 0.81, Recall: 0.72, F1-Score: 0.76, AUC: 0.78
Epoch [36/100] - [TRAIN] Loss: 0.4779, Accuracy: 77.87%, AUC: 0.78 [VAL] Loss: 0.4629, Accuracy: 78.82%, Precision: 0.83, Recall: 0.71, F1-Score: 0.76, AUC: 0.79
Epoch [37/100] - [TRAIN] Loss: 0.4801, Accuracy: 77.76%, AUC: 0.78 [VAL] Loss: 0.4590, Accuracy: 78.39%, Precision: 0.82, Recall: 0.71, F1-Score: 0.76, AUC: 0.78
Epoch [38/100] - [TRAIN] Loss: 0.4797, Accuracy: 77.65%, AUC: 0.77 [VAL] Loss: 0.4742, Accuracy: 77.90%, Precision: 0.81, Recall: 0.70, F1-Score: 0.75, AUC: 0.78
Epoch [39/100] - [TRAIN] Loss: 0.4796, Accuracy: 77.93%, AUC: 0.78 [VAL] Loss: 0.4711, Accuracy: 77.84%, Precision: 0.81, Recall: 0.71, F1-Score: 0.76, AUC: 0.78
Epoch [40/100] - [TRAIN] Loss: 0.4802, Accuracy: 77.77%, AUC: 0.78 [VAL] Loss: 0.4679, Accuracy: 78.56%, Precision: 0.82, Recall: 0.70, F1-Score: 0.76, AUC: 0.78
Epoch [41/100] - [TRAIN] Loss: 0.4812, Accuracy: 77.82%, AUC: 0.78 [VAL] Loss: 0.4663, Accuracy: 78.08%, Precision: 0.82, Recall: 0.71, F1-Score: 0.76, AUC: 0.78
Epoch [42/100] - [TRAIN] Loss: 0.4806, Accuracy: 77.82%, AUC: 0.78 [VAL] Loss: 0.4688, Accuracy: 78.63%, Precision: 0.82, Recall: 0.72, F1-Score: 0.77, AUC: 0.79
Epoch [43/100] - [TRAIN] Loss: 0.4802, Accuracy: 77.66%, AUC: 0.77 [VAL] Loss: 0.4654, Accuracy: 78.24%, Precision: 0.82, Recall: 0.71, F1-Score: 0.76, AUC: 0.78
Epoch [44/100] - [TRAIN] Loss: 0.4814, Accuracy: 77.72%, AUC: 0.78 [VAL] Loss: 0.4636, Accuracy: 78.42%, Precision: 0.82, Recall: 0.72, F1-Score: 0.77, AUC: 0.78
Epoch [45/100] - [TRAIN] Loss: 0.4778, Accuracy: 78.00%, AUC: 0.78 [VAL] Loss: 0.4681, Accuracy: 78.54%, Precision: 0.81, Recall: 0.72, F1-Score: 0.76, AUC: 0.78
Epoch [46/100] - [TRAIN] Loss: 0.4834, Accuracy: 77.74%, AUC: 0.78 [VAL] Loss: 0.4715, Accuracy: 77.64%, Precision: 0.81, Recall: 0.70, F1-Score: 0.75, AUC: 0.77
Epoch [47/100] - [TRAIN] Loss: 0.4818, Accuracy: 77.74%, AUC: 0.78 [VAL] Loss: 0.4670, Accuracy: 78.76%, Precision: 0.82, Recall: 0.72, F1-Score: 0.77, AUC: 0.79
Epoch [48/100] - [TRAIN] Loss: 0.4808, Accuracy: 77.59%, AUC: 0.77 [VAL] Loss: 0.4622, Accuracy: 78.45%, Precision: 0.82, Recall: 0.72, F1-Score: 0.77, AUC: 0.78
Epoch [49/100] - [TRAIN] Loss: 0.4827, Accuracy: 77.57%, AUC: 0.77 [VAL] Loss: 0.4611, Accuracy: 78.45%, Precision: 0.82, Recall: 0.71, F1-Score: 0.76, AUC: 0.78
Epoch [50/100] - [TRAIN] Loss: 0.4841, Accuracy: 77.55%, AUC: 0.77 [VAL] Loss: 0.4649, Accuracy: 78.53%, Precision: 0.82, Recall: 0.71, F1-Score: 0.76, AUC: 0.78
Epoch [51/100] - [TRAIN] Loss: 0.4817, Accuracy: 77.67%, AUC: 0.77 [VAL] Loss: 0.4710, Accuracy: 78.32%, Precision: 0.81, Recall: 0.72, F1-Score: 0.76, AUC: 0.78
Epoch [52/100] - [TRAIN] Loss: 0.4803, Accuracy: 77.86%, AUC: 0.78 [VAL] Loss: 0.4652, Accuracy: 78.36%, Precision: 0.81, Recall: 0.72, F1-Score: 0.76, AUC: 0.78
Epoch [53/100] - [TRAIN] Loss: 0.4804, Accuracy: 77.76%, AUC: 0.78 [VAL] Loss: 0.4764, Accuracy: 78.16%, Precision: 0.81, Recall: 0.71, F1-Score: 0.76, AUC: 0.78
Epoch [54/100] - [TRAIN] Loss: 0.4836, Accuracy: 77.34%, AUC: 0.77 [VAL] Loss: 0.4542, Accuracy: 79.08%, Precision: 0.83, Recall: 0.72, F1-Score: 0.77, AUC: 0.79
Epoch [55/100] - [TRAIN] Loss: 0.4828, Accuracy: 77.47%, AUC: 0.77 [VAL] Loss: 0.4676, Accuracy: 78.30%, Precision: 0.82, Recall: 0.71, F1-Score: 0.76, AUC: 0.78
Epoch [56/100] - [TRAIN] Loss: 0.4820, Accuracy: 77.87%, AUC: 0.78 [VAL] Loss: 0.4664, Accuracy: 78.28%, Precision: 0.82, Recall: 0.72, F1-Score: 0.76, AUC: 0.78
Epoch [57/100] - [TRAIN] Loss: 0.4797, Accuracy: 77.77%, AUC: 0.78 [VAL] Loss: 0.4648, Accuracy: 78.55%, Precision: 0.82, Recall: 0.71, F1-Score: 0.76, AUC: 0.78
Epoch [58/100] - [TRAIN] Loss: 0.4779, Accuracy: 77.95%, AUC: 0.78 [VAL] Loss: 0.4649, Accuracy: 78.75%, Precision: 0.81, Recall: 0.72, F1-Score: 0.76, AUC: 0.78
Epoch [59/100] - [TRAIN] Loss: 0.4768, Accuracy: 77.94%, AUC: 0.78 [VAL] Loss: 0.4591, Accuracy: 78.67%, Precision: 0.81, Recall: 0.72, F1-Score: 0.76, AUC: 0.78
Epoch [60/100] - [TRAIN] Loss: 0.4845, Accuracy: 77.78%, AUC: 0.78 [VAL] Loss: 0.4685, Accuracy: 77.97%, Precision: 0.81, Recall: 0.71, F1-Score: 0.76, AUC: 0.78
Epoch [61/100] - [TRAIN] Loss: 0.4832, Accuracy: 77.50%, AUC: 0.77 [VAL] Loss: 0.4676, Accuracy: 78.31%, Precision: 0.82, Recall: 0.71, F1-Score: 0.76, AUC: 0.78
Epoch [62/100] - [TRAIN] Loss: 0.4801, Accuracy: 77.87%, AUC: 0.78 [VAL] Loss: 0.4751, Accuracy: 77.51%, Precision: 0.81, Recall: 0.70, F1-Score: 0.75, AUC: 0.77
Epoch [63/100] - [TRAIN] Loss: 0.4767, Accuracy: 78.09%, AUC: 0.78 [VAL] Loss: 0.4587, Accuracy: 79.09%, Precision: 0.83, Recall: 0.72, F1-Score: 0.77, AUC: 0.79
Epoch [64/100] - [TRAIN] Loss: 0.4794, Accuracy: 77.58%, AUC: 0.77 [VAL] Loss: 0.4608, Accuracy: 78.73%, Precision: 0.82, Recall: 0.72, F1-Score: 0.77, AUC: 0.79
Epoch [65/100] - [TRAIN] Loss: 0.4838, Accuracy: 77.52%, AUC: 0.77 [VAL] Loss: 0.4617, Accuracy: 78.74%, Precision: 0.82, Recall: 0.72, F1-Score: 0.76, AUC: 0.78
Epoch [66/100] - [TRAIN] Loss: 0.4833, Accuracy: 77.48%, AUC: 0.77 [VAL] Loss: 0.4641, Accuracy: 78.39%, Precision: 0.82, Recall: 0.71, F1-Score: 0.76, AUC: 0.78
Epoch [67/100] - [TRAIN] Loss: 0.4789, Accuracy: 77.93%, AUC: 0.78 [VAL] Loss: 0.4669, Accuracy: 78.64%, Precision: 0.82, Recall: 0.72, F1-Score: 0.77, AUC: 0.78
Epoch [68/100] - [TRAIN] Loss: 0.4827, Accuracy: 77.61%, AUC: 0.77 [VAL] Loss: 0.4723, Accuracy: 77.96%, Precision: 0.82, Recall: 0.71, F1-Score: 0.76, AUC: 0.78
Epoch [69/100] - [TRAIN] Loss: 0.4801, Accuracy: 77.78%, AUC: 0.78 [VAL] Loss: 0.4611, Accuracy: 78.49%, Precision: 0.82, Recall: 0.72, F1-Score: 0.77, AUC: 0.78
Epoch [70/100] - [TRAIN] Loss: 0.4769, Accuracy: 78.02%, AUC: 0.78 [VAL] Loss: 0.4734, Accuracy: 78.04%, Precision: 0.81, Recall: 0.71, F1-Score: 0.76, AUC: 0.78
Epoch [71/100] - [TRAIN] Loss: 0.4821, Accuracy: 77.73%, AUC: 0.78 [VAL] Loss: 0.4671, Accuracy: 78.29%, Precision: 0.81, Recall: 0.71, F1-Score: 0.76, AUC: 0.78
Epoch [72/100] - [TRAIN] Loss: 0.4849, Accuracy: 77.47%, AUC: 0.77 [VAL] Loss: 0.4618, Accuracy: 78.95%, Precision: 0.82, Recall: 0.72, F1-Score: 0.77, AUC: 0.79
Epoch [73/100] - [TRAIN] Loss: 0.4820, Accuracy: 77.75%, AUC: 0.78 [VAL] Loss: 0.4681, Accuracy: 78.30%, Precision: 0.81, Recall: 0.72, F1-Score: 0.76, AUC: 0.78
Epoch [74/100] - [TRAIN] Loss: 0.4817, Accuracy: 77.68%, AUC: 0.78 [VAL] Loss: 0.4634, Accuracy: 78.52%, Precision: 0.82, Recall: 0.72, F1-Score: 0.77, AUC: 0.78
Epoch [75/100] - [TRAIN] Loss: 0.4801, Accuracy: 77.79%, AUC: 0.78 [VAL] Loss: 0.4722, Accuracy: 77.91%, Precision: 0.81, Recall: 0.71, F1-Score: 0.75, AUC: 0.78
Epoch [76/100] - [TRAIN] Loss: 0.4857, Accuracy: 77.52%, AUC: 0.77 [VAL] Loss: 0.4715, Accuracy: 78.06%, Precision: 0.81, Recall: 0.71, F1-Score: 0.76, AUC: 0.78
Epoch [77/100] - [TRAIN] Loss: 0.4803, Accuracy: 77.69%, AUC: 0.77 [VAL] Loss: 0.4718, Accuracy: 77.91%, Precision: 0.82, Recall: 0.71, F1-Score: 0.76, AUC: 0.78
Epoch [78/100] - [TRAIN] Loss: 0.4821, Accuracy: 77.72%, AUC: 0.78 [VAL] Loss: 0.4709, Accuracy: 78.23%, Precision: 0.82, Recall: 0.71, F1-Score: 0.76, AUC: 0.78
Epoch [79/100] - [TRAIN] Loss: 0.4850, Accuracy: 77.51%, AUC: 0.77 [VAL] Loss: 0.4655, Accuracy: 78.61%, Precision: 0.81, Recall: 0.72, F1-Score: 0.76, AUC: 0.78
Epoch [80/100] - [TRAIN] Loss: 0.4800, Accuracy: 77.85%, AUC: 0.78 [VAL] Loss: 0.4712, Accuracy: 77.66%, Precision: 0.81, Recall: 0.70, F1-Score: 0.75, AUC: 0.77
Epoch [81/100] - [TRAIN] Loss: 0.4842, Accuracy: 77.60%, AUC: 0.77 [VAL] Loss: 0.4666, Accuracy: 78.37%, Precision: 0.82, Recall: 0.71, F1-Score: 0.76, AUC: 0.78
Epoch [82/100] - [TRAIN] Loss: 0.4800, Accuracy: 77.63%, AUC: 0.77 [VAL] Loss: 0.4644, Accuracy: 78.14%, Precision: 0.81, Recall: 0.70, F1-Score: 0.75, AUC: 0.78
Epoch [83/100] - [TRAIN] Loss: 0.4848, Accuracy: 77.52%, AUC: 0.77 [VAL] Loss: 0.4599, Accuracy: 78.89%, Precision: 0.83, Recall: 0.72, F1-Score: 0.77, AUC: 0.79
Epoch [84/100] - [TRAIN] Loss: 0.4835, Accuracy: 77.75%, AUC: 0.78 [VAL] Loss: 0.4690, Accuracy: 78.19%, Precision: 0.81, Recall: 0.71, F1-Score: 0.76, AUC: 0.78
Epoch [85/100] - [TRAIN] Loss: 0.4840, Accuracy: 77.72%, AUC: 0.78 [VAL] Loss: 0.4623, Accuracy: 78.71%, Precision: 0.83, Recall: 0.71, F1-Score: 0.77, AUC: 0.79
Epoch [86/100] - [TRAIN] Loss: 0.4801, Accuracy: 77.77%, AUC: 0.78 [VAL] Loss: 0.4714, Accuracy: 78.42%, Precision: 0.81, Recall: 0.72, F1-Score: 0.76, AUC: 0.78
Epoch [87/100] - [TRAIN] Loss: 0.4817, Accuracy: 77.75%, AUC: 0.78 [VAL] Loss: 0.4604, Accuracy: 78.97%, Precision: 0.81, Recall: 0.72, F1-Score: 0.77, AUC: 0.79
Epoch [88/100] - [TRAIN] Loss: 0.4843, Accuracy: 77.53%, AUC: 0.77 [VAL] Loss: 0.4652, Accuracy: 78.40%, Precision: 0.82, Recall: 0.71, F1-Score: 0.76, AUC: 0.78
Epoch [89/100] - [TRAIN] Loss: 0.4827, Accuracy: 77.64%, AUC: 0.77 [VAL] Loss: 0.4672, Accuracy: 78.05%, Precision: 0.81, Recall: 0.71, F1-Score: 0.76, AUC: 0.78
Epoch [90/100] - [TRAIN] Loss: 0.4864, Accuracy: 77.36%, AUC: 0.77 [VAL] Loss: 0.4745, Accuracy: 78.20%, Precision: 0.81, Recall: 0.72, F1-Score: 0.76, AUC: 0.78
Epoch [91/100] - [TRAIN] Loss: 0.4814, Accuracy: 77.70%, AUC: 0.77 [VAL] Loss: 0.4608, Accuracy: 79.01%, Precision: 0.82, Recall: 0.72, F1-Score: 0.77, AUC: 0.79
Epoch [92/100] - [TRAIN] Loss: 0.4813, Accuracy: 77.71%, AUC: 0.78 [VAL] Loss: 0.4689, Accuracy: 78.47%, Precision: 0.82, Recall: 0.71, F1-Score: 0.76, AUC: 0.78
Epoch [93/100] - [TRAIN] Loss: 0.4815, Accuracy: 77.62%, AUC: 0.77 [VAL] Loss: 0.4647, Accuracy: 78.27%, Precision: 0.82, Recall: 0.71, F1-Score: 0.76, AUC: 0.78
Epoch [94/100] - [TRAIN] Loss: 0.4851, Accuracy: 77.59%, AUC: 0.77 [VAL] Loss: 0.4712, Accuracy: 78.51%, Precision: 0.82, Recall: 0.72, F1-Score: 0.76, AUC: 0.78
Epoch [95/100] - [TRAIN] Loss: 0.4816, Accuracy: 77.74%, AUC: 0.78 [VAL] Loss: 0.4685, Accuracy: 78.13%, Precision: 0.80, Recall: 0.71, F1-Score: 0.76, AUC: 0.78
Epoch [96/100] - [TRAIN] Loss: 0.4815, Accuracy: 77.75%, AUC: 0.78 [VAL] Loss: 0.4673, Accuracy: 78.42%, Precision: 0.82, Recall: 0.72, F1-Score: 0.77, AUC: 0.78
Epoch [97/100] - [TRAIN] Loss: 0.4819, Accuracy: 77.84%, AUC: 0.78 [VAL] Loss: 0.4660, Accuracy: 78.19%, Precision: 0.82, Recall: 0.71, F1-Score: 0.76, AUC: 0.78
Epoch [98/100] - [TRAIN] Loss: 0.4800, Accuracy: 77.69%, AUC: 0.77 [VAL] Loss: 0.4705, Accuracy: 78.43%, Precision: 0.82, Recall: 0.72, F1-Score: 0.77, AUC: 0.78
Epoch [99/100] - [TRAIN] Loss: 0.4786, Accuracy: 77.75%, AUC: 0.78 [VAL] Loss: 0.4693, Accuracy: 77.66%, Precision: 0.81, Recall: 0.70, F1-Score: 0.75, AUC: 0.77
Epoch [100/100] - [TRAIN] Loss: 0.4795, Accuracy: 77.69%, AUC: 0.78 [VAL] Loss: 0.4676, Accuracy: 78.18%, Precision: 0.81, Recall: 0.71, F1-Score: 0.76, AUC: 0.78
Accuracy Score on test set: 78.24 %
    AUC Score on test set: 0.78
    Precision: 0.8187
    Recall: 0.7087
    F1-Score: 0.7597

    Detailed Classification Report:
                  precision    recall  f1-score   support

           0       0.76      0.85      0.80      5146
           1       0.82      0.71      0.76      4854

    accuracy                           0.78     10000
   macro avg       0.79      0.78      0.78     10000
weighted avg       0.79      0.78      0.78     10000


    Confusion Matrix:
    [[4384  762]
 [1414 3440]]
    
024-H3K9me3-H3K27ac-H3K27me3
Epoch [1/100] - [TRAIN] Loss: 0.6149, Accuracy: 69.85%, AUC: 0.70 [VAL] Loss: 0.5737, Accuracy: 73.05%, Precision: 0.70, Recall: 0.76, F1-Score: 0.73, AUC: 0.73
Epoch [2/100] - [TRAIN] Loss: 0.5664, Accuracy: 73.91%, AUC: 0.74 [VAL] Loss: 0.5498, Accuracy: 74.36%, Precision: 0.73, Recall: 0.74, F1-Score: 0.74, AUC: 0.74
Epoch [3/100] - [TRAIN] Loss: 0.5522, Accuracy: 74.24%, AUC: 0.74 [VAL] Loss: 0.5495, Accuracy: 73.61%, Precision: 0.73, Recall: 0.72, F1-Score: 0.73, AUC: 0.74
Epoch [4/100] - [TRAIN] Loss: 0.5381, Accuracy: 74.96%, AUC: 0.75 [VAL] Loss: 0.5297, Accuracy: 75.12%, Precision: 0.77, Recall: 0.71, F1-Score: 0.74, AUC: 0.75
Epoch [5/100] - [TRAIN] Loss: 0.5395, Accuracy: 74.46%, AUC: 0.74 [VAL] Loss: 0.5184, Accuracy: 75.39%, Precision: 0.77, Recall: 0.71, F1-Score: 0.74, AUC: 0.75
Epoch [6/100] - [TRAIN] Loss: 0.5344, Accuracy: 74.64%, AUC: 0.75 [VAL] Loss: 0.5215, Accuracy: 75.43%, Precision: 0.78, Recall: 0.69, F1-Score: 0.73, AUC: 0.75
Epoch [7/100] - [TRAIN] Loss: 0.5331, Accuracy: 74.73%, AUC: 0.75 [VAL] Loss: 0.5127, Accuracy: 76.23%, Precision: 0.78, Recall: 0.70, F1-Score: 0.74, AUC: 0.76
Epoch [8/100] - [TRAIN] Loss: 0.5268, Accuracy: 74.91%, AUC: 0.75 [VAL] Loss: 0.5134, Accuracy: 75.70%, Precision: 0.79, Recall: 0.68, F1-Score: 0.73, AUC: 0.75
Epoch [9/100] - [TRAIN] Loss: 0.5263, Accuracy: 74.93%, AUC: 0.75 [VAL] Loss: 0.5113, Accuracy: 76.20%, Precision: 0.79, Recall: 0.69, F1-Score: 0.74, AUC: 0.76
Epoch [10/100] - [TRAIN] Loss: 0.5265, Accuracy: 74.94%, AUC: 0.75 [VAL] Loss: 0.5102, Accuracy: 75.83%, Precision: 0.79, Recall: 0.68, F1-Score: 0.73, AUC: 0.76
Epoch [11/100] - [TRAIN] Loss: 0.5219, Accuracy: 75.40%, AUC: 0.75 [VAL] Loss: 0.5117, Accuracy: 75.52%, Precision: 0.80, Recall: 0.68, F1-Score: 0.73, AUC: 0.75
Epoch [12/100] - [TRAIN] Loss: 0.5171, Accuracy: 75.75%, AUC: 0.76 [VAL] Loss: 0.5103, Accuracy: 75.58%, Precision: 0.79, Recall: 0.67, F1-Score: 0.73, AUC: 0.75
Epoch [13/100] - [TRAIN] Loss: 0.5227, Accuracy: 75.00%, AUC: 0.75 [VAL] Loss: 0.5126, Accuracy: 75.51%, Precision: 0.78, Recall: 0.69, F1-Score: 0.73, AUC: 0.75
Epoch [14/100] - [TRAIN] Loss: 0.5205, Accuracy: 75.42%, AUC: 0.75 [VAL] Loss: 0.5065, Accuracy: 76.15%, Precision: 0.80, Recall: 0.68, F1-Score: 0.74, AUC: 0.76
Epoch [15/100] - [TRAIN] Loss: 0.5194, Accuracy: 75.17%, AUC: 0.75 [VAL] Loss: 0.5114, Accuracy: 75.16%, Precision: 0.78, Recall: 0.69, F1-Score: 0.73, AUC: 0.75
Epoch [16/100] - [TRAIN] Loss: 0.5176, Accuracy: 75.32%, AUC: 0.75 [VAL] Loss: 0.5009, Accuracy: 76.01%, Precision: 0.80, Recall: 0.68, F1-Score: 0.74, AUC: 0.76
Epoch [17/100] - [TRAIN] Loss: 0.5170, Accuracy: 75.49%, AUC: 0.75 [VAL] Loss: 0.5084, Accuracy: 76.01%, Precision: 0.79, Recall: 0.68, F1-Score: 0.73, AUC: 0.76
Epoch [18/100] - [TRAIN] Loss: 0.5137, Accuracy: 75.50%, AUC: 0.75 [VAL] Loss: 0.5068, Accuracy: 75.79%, Precision: 0.79, Recall: 0.68, F1-Score: 0.73, AUC: 0.76
Epoch [19/100] - [TRAIN] Loss: 0.5153, Accuracy: 75.40%, AUC: 0.75 [VAL] Loss: 0.5015, Accuracy: 75.29%, Precision: 0.78, Recall: 0.68, F1-Score: 0.73, AUC: 0.75
Epoch [20/100] - [TRAIN] Loss: 0.5157, Accuracy: 75.49%, AUC: 0.75 [VAL] Loss: 0.5067, Accuracy: 75.89%, Precision: 0.79, Recall: 0.68, F1-Score: 0.73, AUC: 0.76
Epoch [21/100] - [TRAIN] Loss: 0.5129, Accuracy: 75.55%, AUC: 0.75 [VAL] Loss: 0.5042, Accuracy: 75.63%, Precision: 0.79, Recall: 0.68, F1-Score: 0.73, AUC: 0.75
Epoch [22/100] - [TRAIN] Loss: 0.5134, Accuracy: 75.42%, AUC: 0.75 [VAL] Loss: 0.5071, Accuracy: 76.41%, Precision: 0.81, Recall: 0.69, F1-Score: 0.74, AUC: 0.76
Epoch [23/100] - [TRAIN] Loss: 0.5124, Accuracy: 75.47%, AUC: 0.75 [VAL] Loss: 0.4973, Accuracy: 76.49%, Precision: 0.81, Recall: 0.67, F1-Score: 0.73, AUC: 0.76
Epoch [24/100] - [TRAIN] Loss: 0.5132, Accuracy: 75.27%, AUC: 0.75 [VAL] Loss: 0.5017, Accuracy: 76.07%, Precision: 0.80, Recall: 0.67, F1-Score: 0.73, AUC: 0.76
Epoch [25/100] - [TRAIN] Loss: 0.5099, Accuracy: 75.61%, AUC: 0.75 [VAL] Loss: 0.5000, Accuracy: 75.86%, Precision: 0.80, Recall: 0.67, F1-Score: 0.73, AUC: 0.76
Epoch [26/100] - [TRAIN] Loss: 0.5119, Accuracy: 75.69%, AUC: 0.75 [VAL] Loss: 0.5088, Accuracy: 75.74%, Precision: 0.79, Recall: 0.68, F1-Score: 0.73, AUC: 0.76
Epoch [27/100] - [TRAIN] Loss: 0.5118, Accuracy: 75.60%, AUC: 0.75 [VAL] Loss: 0.5017, Accuracy: 75.76%, Precision: 0.80, Recall: 0.67, F1-Score: 0.73, AUC: 0.75
Epoch [28/100] - [TRAIN] Loss: 0.5114, Accuracy: 75.64%, AUC: 0.75 [VAL] Loss: 0.4953, Accuracy: 75.58%, Precision: 0.79, Recall: 0.67, F1-Score: 0.73, AUC: 0.75
Epoch [29/100] - [TRAIN] Loss: 0.5114, Accuracy: 75.58%, AUC: 0.75 [VAL] Loss: 0.5033, Accuracy: 76.11%, Precision: 0.80, Recall: 0.68, F1-Score: 0.73, AUC: 0.76
Epoch [30/100] - [TRAIN] Loss: 0.5128, Accuracy: 75.41%, AUC: 0.75 [VAL] Loss: 0.4997, Accuracy: 76.40%, Precision: 0.80, Recall: 0.68, F1-Score: 0.73, AUC: 0.76
Epoch [31/100] - [TRAIN] Loss: 0.5100, Accuracy: 75.77%, AUC: 0.76 [VAL] Loss: 0.4985, Accuracy: 76.41%, Precision: 0.82, Recall: 0.67, F1-Score: 0.74, AUC: 0.76
Epoch [32/100] - [TRAIN] Loss: 0.5068, Accuracy: 75.84%, AUC: 0.76 [VAL] Loss: 0.5014, Accuracy: 76.37%, Precision: 0.80, Recall: 0.68, F1-Score: 0.74, AUC: 0.76
Epoch [33/100] - [TRAIN] Loss: 0.5119, Accuracy: 75.51%, AUC: 0.75 [VAL] Loss: 0.4946, Accuracy: 76.14%, Precision: 0.80, Recall: 0.67, F1-Score: 0.73, AUC: 0.76
Epoch [34/100] - [TRAIN] Loss: 0.5105, Accuracy: 75.62%, AUC: 0.75 [VAL] Loss: 0.4960, Accuracy: 76.56%, Precision: 0.80, Recall: 0.68, F1-Score: 0.74, AUC: 0.76
Epoch [35/100] - [TRAIN] Loss: 0.5139, Accuracy: 75.45%, AUC: 0.75 [VAL] Loss: 0.4996, Accuracy: 76.52%, Precision: 0.80, Recall: 0.69, F1-Score: 0.74, AUC: 0.76
Epoch [36/100] - [TRAIN] Loss: 0.5125, Accuracy: 75.46%, AUC: 0.75 [VAL] Loss: 0.4905, Accuracy: 76.59%, Precision: 0.80, Recall: 0.68, F1-Score: 0.74, AUC: 0.76
Epoch [37/100] - [TRAIN] Loss: 0.5106, Accuracy: 75.40%, AUC: 0.75 [VAL] Loss: 0.5025, Accuracy: 75.86%, Precision: 0.80, Recall: 0.66, F1-Score: 0.72, AUC: 0.75
Epoch [38/100] - [TRAIN] Loss: 0.5118, Accuracy: 75.42%, AUC: 0.75 [VAL] Loss: 0.5010, Accuracy: 75.66%, Precision: 0.81, Recall: 0.67, F1-Score: 0.73, AUC: 0.76
Epoch [39/100] - [TRAIN] Loss: 0.5122, Accuracy: 75.43%, AUC: 0.75 [VAL] Loss: 0.4998, Accuracy: 76.03%, Precision: 0.80, Recall: 0.67, F1-Score: 0.73, AUC: 0.76
Epoch [40/100] - [TRAIN] Loss: 0.5143, Accuracy: 75.36%, AUC: 0.75 [VAL] Loss: 0.4995, Accuracy: 76.41%, Precision: 0.80, Recall: 0.67, F1-Score: 0.73, AUC: 0.76
Epoch [41/100] - [TRAIN] Loss: 0.5114, Accuracy: 75.54%, AUC: 0.75 [VAL] Loss: 0.5054, Accuracy: 75.05%, Precision: 0.79, Recall: 0.66, F1-Score: 0.72, AUC: 0.75
Epoch [42/100] - [TRAIN] Loss: 0.5064, Accuracy: 75.91%, AUC: 0.76 [VAL] Loss: 0.4959, Accuracy: 76.32%, Precision: 0.81, Recall: 0.67, F1-Score: 0.74, AUC: 0.76
Epoch [43/100] - [TRAIN] Loss: 0.5116, Accuracy: 75.55%, AUC: 0.75 [VAL] Loss: 0.5003, Accuracy: 76.32%, Precision: 0.81, Recall: 0.67, F1-Score: 0.73, AUC: 0.76
Epoch [44/100] - [TRAIN] Loss: 0.5086, Accuracy: 75.75%, AUC: 0.76 [VAL] Loss: 0.4962, Accuracy: 76.37%, Precision: 0.80, Recall: 0.67, F1-Score: 0.73, AUC: 0.76
Epoch [45/100] - [TRAIN] Loss: 0.5106, Accuracy: 75.67%, AUC: 0.76 [VAL] Loss: 0.4915, Accuracy: 76.65%, Precision: 0.81, Recall: 0.69, F1-Score: 0.74, AUC: 0.76
Epoch [46/100] - [TRAIN] Loss: 0.5118, Accuracy: 75.46%, AUC: 0.75 [VAL] Loss: 0.4959, Accuracy: 75.57%, Precision: 0.80, Recall: 0.66, F1-Score: 0.72, AUC: 0.75
Epoch [47/100] - [TRAIN] Loss: 0.5091, Accuracy: 75.65%, AUC: 0.75 [VAL] Loss: 0.4954, Accuracy: 76.19%, Precision: 0.80, Recall: 0.68, F1-Score: 0.74, AUC: 0.76
Epoch [48/100] - [TRAIN] Loss: 0.5139, Accuracy: 75.32%, AUC: 0.75 [VAL] Loss: 0.5064, Accuracy: 75.49%, Precision: 0.81, Recall: 0.66, F1-Score: 0.73, AUC: 0.75
Epoch [49/100] - [TRAIN] Loss: 0.5102, Accuracy: 75.49%, AUC: 0.75 [VAL] Loss: 0.5006, Accuracy: 75.65%, Precision: 0.80, Recall: 0.67, F1-Score: 0.73, AUC: 0.75
Epoch [50/100] - [TRAIN] Loss: 0.5093, Accuracy: 75.62%, AUC: 0.75 [VAL] Loss: 0.4988, Accuracy: 75.92%, Precision: 0.80, Recall: 0.68, F1-Score: 0.73, AUC: 0.76
Epoch [51/100] - [TRAIN] Loss: 0.5114, Accuracy: 75.72%, AUC: 0.76 [VAL] Loss: 0.4941, Accuracy: 76.72%, Precision: 0.81, Recall: 0.67, F1-Score: 0.73, AUC: 0.76
Epoch [52/100] - [TRAIN] Loss: 0.5123, Accuracy: 75.67%, AUC: 0.75 [VAL] Loss: 0.4991, Accuracy: 76.12%, Precision: 0.80, Recall: 0.68, F1-Score: 0.73, AUC: 0.76
Epoch [53/100] - [TRAIN] Loss: 0.5100, Accuracy: 75.50%, AUC: 0.75 [VAL] Loss: 0.4991, Accuracy: 76.30%, Precision: 0.80, Recall: 0.68, F1-Score: 0.73, AUC: 0.76
Epoch [54/100] - [TRAIN] Loss: 0.5116, Accuracy: 75.45%, AUC: 0.75 [VAL] Loss: 0.5032, Accuracy: 76.24%, Precision: 0.80, Recall: 0.67, F1-Score: 0.73, AUC: 0.76
Epoch [55/100] - [TRAIN] Loss: 0.5104, Accuracy: 75.67%, AUC: 0.75 [VAL] Loss: 0.5090, Accuracy: 75.38%, Precision: 0.80, Recall: 0.66, F1-Score: 0.72, AUC: 0.75
Epoch [56/100] - [TRAIN] Loss: 0.5083, Accuracy: 75.83%, AUC: 0.76 [VAL] Loss: 0.4990, Accuracy: 75.49%, Precision: 0.80, Recall: 0.66, F1-Score: 0.72, AUC: 0.75
Epoch [57/100] - [TRAIN] Loss: 0.5113, Accuracy: 75.59%, AUC: 0.75 [VAL] Loss: 0.4994, Accuracy: 76.15%, Precision: 0.80, Recall: 0.67, F1-Score: 0.73, AUC: 0.76
Epoch [58/100] - [TRAIN] Loss: 0.5105, Accuracy: 75.78%, AUC: 0.76 [VAL] Loss: 0.5042, Accuracy: 75.77%, Precision: 0.80, Recall: 0.67, F1-Score: 0.73, AUC: 0.76
Epoch [59/100] - [TRAIN] Loss: 0.5094, Accuracy: 75.53%, AUC: 0.75 [VAL] Loss: 0.5032, Accuracy: 75.68%, Precision: 0.80, Recall: 0.66, F1-Score: 0.73, AUC: 0.75
Epoch [60/100] - [TRAIN] Loss: 0.5078, Accuracy: 75.70%, AUC: 0.76 [VAL] Loss: 0.4905, Accuracy: 76.70%, Precision: 0.82, Recall: 0.68, F1-Score: 0.74, AUC: 0.77
Epoch [61/100] - [TRAIN] Loss: 0.5131, Accuracy: 75.50%, AUC: 0.75 [VAL] Loss: 0.5044, Accuracy: 76.12%, Precision: 0.79, Recall: 0.68, F1-Score: 0.73, AUC: 0.76
Epoch [62/100] - [TRAIN] Loss: 0.5099, Accuracy: 75.40%, AUC: 0.75 [VAL] Loss: 0.5084, Accuracy: 76.01%, Precision: 0.79, Recall: 0.68, F1-Score: 0.73, AUC: 0.76
Epoch [63/100] - [TRAIN] Loss: 0.5113, Accuracy: 75.36%, AUC: 0.75 [VAL] Loss: 0.5005, Accuracy: 76.26%, Precision: 0.80, Recall: 0.68, F1-Score: 0.73, AUC: 0.76
Epoch [64/100] - [TRAIN] Loss: 0.5134, Accuracy: 75.39%, AUC: 0.75 [VAL] Loss: 0.5015, Accuracy: 75.71%, Precision: 0.80, Recall: 0.67, F1-Score: 0.73, AUC: 0.76
Epoch [65/100] - [TRAIN] Loss: 0.5149, Accuracy: 75.29%, AUC: 0.75 [VAL] Loss: 0.5075, Accuracy: 75.74%, Precision: 0.80, Recall: 0.67, F1-Score: 0.73, AUC: 0.75
Epoch [66/100] - [TRAIN] Loss: 0.5102, Accuracy: 75.73%, AUC: 0.76 [VAL] Loss: 0.5076, Accuracy: 75.63%, Precision: 0.78, Recall: 0.67, F1-Score: 0.72, AUC: 0.75
Epoch [67/100] - [TRAIN] Loss: 0.5097, Accuracy: 75.72%, AUC: 0.75 [VAL] Loss: 0.5051, Accuracy: 75.33%, Precision: 0.79, Recall: 0.67, F1-Score: 0.72, AUC: 0.75
Epoch [68/100] - [TRAIN] Loss: 0.5096, Accuracy: 75.73%, AUC: 0.76 [VAL] Loss: 0.4945, Accuracy: 76.68%, Precision: 0.81, Recall: 0.67, F1-Score: 0.73, AUC: 0.76
Epoch [69/100] - [TRAIN] Loss: 0.5102, Accuracy: 75.51%, AUC: 0.75 [VAL] Loss: 0.4946, Accuracy: 76.66%, Precision: 0.81, Recall: 0.68, F1-Score: 0.74, AUC: 0.76
Epoch [70/100] - [TRAIN] Loss: 0.5081, Accuracy: 75.77%, AUC: 0.76 [VAL] Loss: 0.5070, Accuracy: 75.99%, Precision: 0.81, Recall: 0.67, F1-Score: 0.73, AUC: 0.76
Epoch [71/100] - [TRAIN] Loss: 0.5088, Accuracy: 75.53%, AUC: 0.75 [VAL] Loss: 0.5001, Accuracy: 75.66%, Precision: 0.80, Recall: 0.67, F1-Score: 0.73, AUC: 0.75
Epoch [72/100] - [TRAIN] Loss: 0.5127, Accuracy: 75.67%, AUC: 0.75 [VAL] Loss: 0.5049, Accuracy: 75.80%, Precision: 0.80, Recall: 0.67, F1-Score: 0.73, AUC: 0.76
Epoch [73/100] - [TRAIN] Loss: 0.5114, Accuracy: 75.58%, AUC: 0.75 [VAL] Loss: 0.5013, Accuracy: 76.00%, Precision: 0.80, Recall: 0.68, F1-Score: 0.73, AUC: 0.76
Epoch [74/100] - [TRAIN] Loss: 0.5124, Accuracy: 75.55%, AUC: 0.75 [VAL] Loss: 0.4963, Accuracy: 76.27%, Precision: 0.81, Recall: 0.68, F1-Score: 0.74, AUC: 0.76
Epoch [75/100] - [TRAIN] Loss: 0.5108, Accuracy: 75.36%, AUC: 0.75 [VAL] Loss: 0.4957, Accuracy: 76.44%, Precision: 0.80, Recall: 0.68, F1-Score: 0.74, AUC: 0.76
Epoch [76/100] - [TRAIN] Loss: 0.5119, Accuracy: 75.54%, AUC: 0.75 [VAL] Loss: 0.4986, Accuracy: 76.11%, Precision: 0.80, Recall: 0.67, F1-Score: 0.73, AUC: 0.76
Epoch [77/100] - [TRAIN] Loss: 0.5091, Accuracy: 75.52%, AUC: 0.75 [VAL] Loss: 0.4990, Accuracy: 75.79%, Precision: 0.81, Recall: 0.67, F1-Score: 0.73, AUC: 0.76
Epoch [78/100] - [TRAIN] Loss: 0.5100, Accuracy: 75.57%, AUC: 0.75 [VAL] Loss: 0.5103, Accuracy: 74.52%, Precision: 0.79, Recall: 0.66, F1-Score: 0.72, AUC: 0.74
Epoch [79/100] - [TRAIN] Loss: 0.5124, Accuracy: 75.56%, AUC: 0.75 [VAL] Loss: 0.4934, Accuracy: 76.40%, Precision: 0.80, Recall: 0.68, F1-Score: 0.74, AUC: 0.76
Epoch [80/100] - [TRAIN] Loss: 0.5121, Accuracy: 75.36%, AUC: 0.75 [VAL] Loss: 0.4973, Accuracy: 76.29%, Precision: 0.80, Recall: 0.68, F1-Score: 0.73, AUC: 0.76
Epoch [81/100] - [TRAIN] Loss: 0.5120, Accuracy: 75.47%, AUC: 0.75 [VAL] Loss: 0.5035, Accuracy: 76.09%, Precision: 0.80, Recall: 0.68, F1-Score: 0.73, AUC: 0.76
Epoch [82/100] - [TRAIN] Loss: 0.5104, Accuracy: 75.76%, AUC: 0.76 [VAL] Loss: 0.5000, Accuracy: 75.74%, Precision: 0.80, Recall: 0.66, F1-Score: 0.73, AUC: 0.76
Epoch [83/100] - [TRAIN] Loss: 0.5128, Accuracy: 75.46%, AUC: 0.75 [VAL] Loss: 0.4981, Accuracy: 76.51%, Precision: 0.80, Recall: 0.68, F1-Score: 0.74, AUC: 0.76
Epoch [84/100] - [TRAIN] Loss: 0.5126, Accuracy: 75.44%, AUC: 0.75 [VAL] Loss: 0.5054, Accuracy: 75.52%, Precision: 0.81, Recall: 0.66, F1-Score: 0.73, AUC: 0.75
Epoch [85/100] - [TRAIN] Loss: 0.5085, Accuracy: 75.77%, AUC: 0.76 [VAL] Loss: 0.5001, Accuracy: 75.53%, Precision: 0.79, Recall: 0.67, F1-Score: 0.72, AUC: 0.75
Epoch [86/100] - [TRAIN] Loss: 0.5094, Accuracy: 75.75%, AUC: 0.76 [VAL] Loss: 0.4930, Accuracy: 76.21%, Precision: 0.80, Recall: 0.68, F1-Score: 0.73, AUC: 0.76
Epoch [87/100] - [TRAIN] Loss: 0.5100, Accuracy: 75.71%, AUC: 0.76 [VAL] Loss: 0.5055, Accuracy: 75.72%, Precision: 0.79, Recall: 0.66, F1-Score: 0.72, AUC: 0.75
Epoch [88/100] - [TRAIN] Loss: 0.5143, Accuracy: 75.27%, AUC: 0.75 [VAL] Loss: 0.5047, Accuracy: 75.55%, Precision: 0.80, Recall: 0.66, F1-Score: 0.72, AUC: 0.75
Epoch [89/100] - [TRAIN] Loss: 0.5094, Accuracy: 75.45%, AUC: 0.75 [VAL] Loss: 0.4974, Accuracy: 76.25%, Precision: 0.80, Recall: 0.69, F1-Score: 0.74, AUC: 0.76
Epoch [90/100] - [TRAIN] Loss: 0.5102, Accuracy: 75.53%, AUC: 0.75 [VAL] Loss: 0.4985, Accuracy: 76.20%, Precision: 0.80, Recall: 0.68, F1-Score: 0.73, AUC: 0.76
Epoch [91/100] - [TRAIN] Loss: 0.5109, Accuracy: 75.57%, AUC: 0.75 [VAL] Loss: 0.5012, Accuracy: 75.82%, Precision: 0.80, Recall: 0.67, F1-Score: 0.73, AUC: 0.76
Epoch [92/100] - [TRAIN] Loss: 0.5088, Accuracy: 75.86%, AUC: 0.76 [VAL] Loss: 0.4981, Accuracy: 76.61%, Precision: 0.80, Recall: 0.67, F1-Score: 0.73, AUC: 0.76
Epoch [93/100] - [TRAIN] Loss: 0.5113, Accuracy: 75.60%, AUC: 0.75 [VAL] Loss: 0.4968, Accuracy: 76.03%, Precision: 0.80, Recall: 0.68, F1-Score: 0.73, AUC: 0.76
Epoch [94/100] - [TRAIN] Loss: 0.5088, Accuracy: 75.45%, AUC: 0.75 [VAL] Loss: 0.5087, Accuracy: 75.52%, Precision: 0.81, Recall: 0.67, F1-Score: 0.73, AUC: 0.75
Epoch [95/100] - [TRAIN] Loss: 0.5104, Accuracy: 75.47%, AUC: 0.75 [VAL] Loss: 0.5004, Accuracy: 76.39%, Precision: 0.81, Recall: 0.68, F1-Score: 0.74, AUC: 0.76
Epoch [96/100] - [TRAIN] Loss: 0.5100, Accuracy: 75.64%, AUC: 0.75 [VAL] Loss: 0.5076, Accuracy: 75.39%, Precision: 0.79, Recall: 0.67, F1-Score: 0.72, AUC: 0.75
Epoch [97/100] - [TRAIN] Loss: 0.5115, Accuracy: 75.53%, AUC: 0.75 [VAL] Loss: 0.5022, Accuracy: 76.29%, Precision: 0.80, Recall: 0.67, F1-Score: 0.73, AUC: 0.76
Epoch [98/100] - [TRAIN] Loss: 0.5094, Accuracy: 75.79%, AUC: 0.76 [VAL] Loss: 0.5031, Accuracy: 75.95%, Precision: 0.79, Recall: 0.68, F1-Score: 0.73, AUC: 0.76
Epoch [99/100] - [TRAIN] Loss: 0.5127, Accuracy: 75.63%, AUC: 0.75 [VAL] Loss: 0.4957, Accuracy: 76.04%, Precision: 0.80, Recall: 0.68, F1-Score: 0.73, AUC: 0.76
Epoch [100/100] - [TRAIN] Loss: 0.5123, Accuracy: 75.66%, AUC: 0.75 [VAL] Loss: 0.5028, Accuracy: 75.48%, Precision: 0.79, Recall: 0.67, F1-Score: 0.73, AUC: 0.75
Accuracy Score on test set: 75.41 %
    AUC Score on test set: 0.75
    Precision: 0.7895
    Recall: 0.6705
    F1-Score: 0.7252

    Detailed Classification Report:
                  precision    recall  f1-score   support

           0       0.73      0.83      0.78      5162
           1       0.79      0.67      0.73      4838

    accuracy                           0.75     10000
   macro avg       0.76      0.75      0.75     10000
weighted avg       0.76      0.75      0.75     10000


    Confusion Matrix:
    [[4297  865]
 [1594 3244]]
    
Batch FINISHED!!!

Real-time duration: 8925.445599664 seconds
