Using device: cuda
Current CUDA device: 0
CUDA device name: Tesla V100-PCIE-16GB
005-H3K4me3-H3K9ac
Epoch [1/100] - [TRAIN] Loss: 0.5429, Accuracy: 75.61%, AUC: 0.75 [VAL] Loss: 0.4868, Accuracy: 78.28%, Precision: 0.80, Recall: 0.74, F1-Score: 0.77, AUC: 0.78
Epoch [2/100] - [TRAIN] Loss: 0.5142, Accuracy: 77.00%, AUC: 0.77 [VAL] Loss: 0.4823, Accuracy: 77.86%, Precision: 0.80, Recall: 0.73, F1-Score: 0.76, AUC: 0.78
Epoch [3/100] - [TRAIN] Loss: 0.5120, Accuracy: 76.76%, AUC: 0.77 [VAL] Loss: 0.4752, Accuracy: 78.36%, Precision: 0.81, Recall: 0.72, F1-Score: 0.76, AUC: 0.78
Epoch [4/100] - [TRAIN] Loss: 0.5027, Accuracy: 77.33%, AUC: 0.77 [VAL] Loss: 0.4888, Accuracy: 77.76%, Precision: 0.79, Recall: 0.73, F1-Score: 0.76, AUC: 0.78
Epoch [5/100] - [TRAIN] Loss: 0.5042, Accuracy: 77.33%, AUC: 0.77 [VAL] Loss: 0.4742, Accuracy: 78.17%, Precision: 0.81, Recall: 0.71, F1-Score: 0.75, AUC: 0.78
Epoch [6/100] - [TRAIN] Loss: 0.4992, Accuracy: 77.38%, AUC: 0.77 [VAL] Loss: 0.4732, Accuracy: 78.12%, Precision: 0.81, Recall: 0.71, F1-Score: 0.76, AUC: 0.78
Epoch [7/100] - [TRAIN] Loss: 0.4977, Accuracy: 77.45%, AUC: 0.77 [VAL] Loss: 0.4666, Accuracy: 79.04%, Precision: 0.82, Recall: 0.73, F1-Score: 0.77, AUC: 0.79
Epoch [8/100] - [TRAIN] Loss: 0.4985, Accuracy: 77.28%, AUC: 0.77 [VAL] Loss: 0.4796, Accuracy: 77.60%, Precision: 0.80, Recall: 0.72, F1-Score: 0.76, AUC: 0.77
Epoch [9/100] - [TRAIN] Loss: 0.4947, Accuracy: 77.51%, AUC: 0.77 [VAL] Loss: 0.4780, Accuracy: 77.91%, Precision: 0.81, Recall: 0.70, F1-Score: 0.75, AUC: 0.78
Epoch [10/100] - [TRAIN] Loss: 0.4952, Accuracy: 77.36%, AUC: 0.77 [VAL] Loss: 0.4695, Accuracy: 78.59%, Precision: 0.82, Recall: 0.71, F1-Score: 0.76, AUC: 0.78
Epoch [11/100] - [TRAIN] Loss: 0.4922, Accuracy: 77.67%, AUC: 0.77 [VAL] Loss: 0.4606, Accuracy: 79.01%, Precision: 0.83, Recall: 0.72, F1-Score: 0.77, AUC: 0.79
Epoch [12/100] - [TRAIN] Loss: 0.4909, Accuracy: 77.71%, AUC: 0.77 [VAL] Loss: 0.4695, Accuracy: 77.85%, Precision: 0.82, Recall: 0.71, F1-Score: 0.76, AUC: 0.78
Epoch [13/100] - [TRAIN] Loss: 0.4893, Accuracy: 77.63%, AUC: 0.77 [VAL] Loss: 0.4776, Accuracy: 77.68%, Precision: 0.81, Recall: 0.71, F1-Score: 0.76, AUC: 0.78
Epoch [14/100] - [TRAIN] Loss: 0.4894, Accuracy: 77.84%, AUC: 0.78 [VAL] Loss: 0.4671, Accuracy: 78.43%, Precision: 0.82, Recall: 0.72, F1-Score: 0.77, AUC: 0.78
Epoch [15/100] - [TRAIN] Loss: 0.4884, Accuracy: 77.66%, AUC: 0.77 [VAL] Loss: 0.4665, Accuracy: 78.61%, Precision: 0.83, Recall: 0.71, F1-Score: 0.76, AUC: 0.78
Epoch [16/100] - [TRAIN] Loss: 0.4934, Accuracy: 77.66%, AUC: 0.77 [VAL] Loss: 0.4549, Accuracy: 79.30%, Precision: 0.82, Recall: 0.74, F1-Score: 0.78, AUC: 0.79
Epoch [17/100] - [TRAIN] Loss: 0.4937, Accuracy: 77.42%, AUC: 0.77 [VAL] Loss: 0.4752, Accuracy: 78.11%, Precision: 0.82, Recall: 0.70, F1-Score: 0.76, AUC: 0.78
Epoch [18/100] - [TRAIN] Loss: 0.4884, Accuracy: 77.61%, AUC: 0.77 [VAL] Loss: 0.4650, Accuracy: 78.61%, Precision: 0.82, Recall: 0.72, F1-Score: 0.77, AUC: 0.78
Epoch [19/100] - [TRAIN] Loss: 0.4922, Accuracy: 77.70%, AUC: 0.77 [VAL] Loss: 0.4615, Accuracy: 78.62%, Precision: 0.82, Recall: 0.72, F1-Score: 0.77, AUC: 0.78
Epoch [20/100] - [TRAIN] Loss: 0.4883, Accuracy: 77.70%, AUC: 0.77 [VAL] Loss: 0.4657, Accuracy: 78.83%, Precision: 0.83, Recall: 0.70, F1-Score: 0.76, AUC: 0.78
Epoch [21/100] - [TRAIN] Loss: 0.4836, Accuracy: 77.91%, AUC: 0.78 [VAL] Loss: 0.4799, Accuracy: 77.62%, Precision: 0.81, Recall: 0.70, F1-Score: 0.75, AUC: 0.77
Epoch [22/100] - [TRAIN] Loss: 0.4875, Accuracy: 77.74%, AUC: 0.78 [VAL] Loss: 0.4619, Accuracy: 78.56%, Precision: 0.81, Recall: 0.73, F1-Score: 0.77, AUC: 0.78
Epoch [23/100] - [TRAIN] Loss: 0.4877, Accuracy: 77.64%, AUC: 0.77 [VAL] Loss: 0.4682, Accuracy: 78.07%, Precision: 0.82, Recall: 0.71, F1-Score: 0.76, AUC: 0.78
Epoch [24/100] - [TRAIN] Loss: 0.4871, Accuracy: 77.85%, AUC: 0.78 [VAL] Loss: 0.4742, Accuracy: 77.61%, Precision: 0.83, Recall: 0.69, F1-Score: 0.75, AUC: 0.78
Epoch [25/100] - [TRAIN] Loss: 0.4862, Accuracy: 77.86%, AUC: 0.78 [VAL] Loss: 0.4697, Accuracy: 78.18%, Precision: 0.82, Recall: 0.71, F1-Score: 0.76, AUC: 0.78
Epoch [26/100] - [TRAIN] Loss: 0.4876, Accuracy: 77.87%, AUC: 0.78 [VAL] Loss: 0.4613, Accuracy: 79.01%, Precision: 0.82, Recall: 0.72, F1-Score: 0.76, AUC: 0.79
Epoch [27/100] - [TRAIN] Loss: 0.4907, Accuracy: 77.55%, AUC: 0.77 [VAL] Loss: 0.4672, Accuracy: 77.88%, Precision: 0.82, Recall: 0.69, F1-Score: 0.75, AUC: 0.78
Epoch [28/100] - [TRAIN] Loss: 0.4841, Accuracy: 77.90%, AUC: 0.78 [VAL] Loss: 0.4737, Accuracy: 77.75%, Precision: 0.82, Recall: 0.70, F1-Score: 0.75, AUC: 0.78
Epoch [29/100] - [TRAIN] Loss: 0.4881, Accuracy: 77.77%, AUC: 0.77 [VAL] Loss: 0.4692, Accuracy: 78.13%, Precision: 0.83, Recall: 0.70, F1-Score: 0.76, AUC: 0.78
Epoch [30/100] - [TRAIN] Loss: 0.4846, Accuracy: 77.82%, AUC: 0.78 [VAL] Loss: 0.4628, Accuracy: 78.28%, Precision: 0.82, Recall: 0.71, F1-Score: 0.76, AUC: 0.78
Epoch [31/100] - [TRAIN] Loss: 0.4879, Accuracy: 77.50%, AUC: 0.77 [VAL] Loss: 0.4651, Accuracy: 78.72%, Precision: 0.83, Recall: 0.71, F1-Score: 0.76, AUC: 0.78
Epoch [32/100] - [TRAIN] Loss: 0.4858, Accuracy: 77.76%, AUC: 0.78 [VAL] Loss: 0.4726, Accuracy: 77.76%, Precision: 0.82, Recall: 0.70, F1-Score: 0.76, AUC: 0.78
Epoch [33/100] - [TRAIN] Loss: 0.4880, Accuracy: 77.23%, AUC: 0.77 [VAL] Loss: 0.4585, Accuracy: 78.93%, Precision: 0.83, Recall: 0.71, F1-Score: 0.77, AUC: 0.79
Epoch [34/100] - [TRAIN] Loss: 0.4863, Accuracy: 77.64%, AUC: 0.77 [VAL] Loss: 0.4736, Accuracy: 78.05%, Precision: 0.82, Recall: 0.70, F1-Score: 0.76, AUC: 0.78
Epoch [35/100] - [TRAIN] Loss: 0.4866, Accuracy: 77.62%, AUC: 0.77 [VAL] Loss: 0.4668, Accuracy: 78.03%, Precision: 0.82, Recall: 0.70, F1-Score: 0.76, AUC: 0.78
Epoch [36/100] - [TRAIN] Loss: 0.4859, Accuracy: 77.78%, AUC: 0.77 [VAL] Loss: 0.4662, Accuracy: 77.96%, Precision: 0.82, Recall: 0.70, F1-Score: 0.76, AUC: 0.78
Epoch [37/100] - [TRAIN] Loss: 0.4886, Accuracy: 77.51%, AUC: 0.77 [VAL] Loss: 0.4698, Accuracy: 78.15%, Precision: 0.82, Recall: 0.70, F1-Score: 0.75, AUC: 0.78
Epoch [38/100] - [TRAIN] Loss: 0.4867, Accuracy: 77.65%, AUC: 0.77 [VAL] Loss: 0.4646, Accuracy: 79.02%, Precision: 0.83, Recall: 0.71, F1-Score: 0.77, AUC: 0.79
Epoch [39/100] - [TRAIN] Loss: 0.4883, Accuracy: 77.61%, AUC: 0.77 [VAL] Loss: 0.4638, Accuracy: 78.68%, Precision: 0.82, Recall: 0.71, F1-Score: 0.76, AUC: 0.78
Epoch [40/100] - [TRAIN] Loss: 0.4866, Accuracy: 77.82%, AUC: 0.78 [VAL] Loss: 0.4693, Accuracy: 78.20%, Precision: 0.83, Recall: 0.70, F1-Score: 0.76, AUC: 0.78
Epoch [41/100] - [TRAIN] Loss: 0.4873, Accuracy: 77.68%, AUC: 0.77 [VAL] Loss: 0.4610, Accuracy: 79.01%, Precision: 0.83, Recall: 0.72, F1-Score: 0.77, AUC: 0.79
Epoch [42/100] - [TRAIN] Loss: 0.4894, Accuracy: 77.51%, AUC: 0.77 [VAL] Loss: 0.4651, Accuracy: 78.19%, Precision: 0.82, Recall: 0.71, F1-Score: 0.76, AUC: 0.78
Epoch [43/100] - [TRAIN] Loss: 0.4897, Accuracy: 77.55%, AUC: 0.77 [VAL] Loss: 0.4647, Accuracy: 78.68%, Precision: 0.83, Recall: 0.71, F1-Score: 0.76, AUC: 0.78
Epoch [44/100] - [TRAIN] Loss: 0.4880, Accuracy: 77.55%, AUC: 0.77 [VAL] Loss: 0.4717, Accuracy: 78.48%, Precision: 0.82, Recall: 0.70, F1-Score: 0.76, AUC: 0.78
Epoch [45/100] - [TRAIN] Loss: 0.4851, Accuracy: 77.80%, AUC: 0.78 [VAL] Loss: 0.4634, Accuracy: 78.92%, Precision: 0.82, Recall: 0.71, F1-Score: 0.76, AUC: 0.79
Epoch [46/100] - [TRAIN] Loss: 0.4849, Accuracy: 77.87%, AUC: 0.78 [VAL] Loss: 0.4718, Accuracy: 78.20%, Precision: 0.82, Recall: 0.70, F1-Score: 0.76, AUC: 0.78
Epoch [47/100] - [TRAIN] Loss: 0.4844, Accuracy: 77.75%, AUC: 0.78 [VAL] Loss: 0.4664, Accuracy: 77.95%, Precision: 0.82, Recall: 0.70, F1-Score: 0.75, AUC: 0.78
Epoch [48/100] - [TRAIN] Loss: 0.4888, Accuracy: 77.76%, AUC: 0.78 [VAL] Loss: 0.4709, Accuracy: 77.86%, Precision: 0.82, Recall: 0.70, F1-Score: 0.76, AUC: 0.78
Epoch [49/100] - [TRAIN] Loss: 0.4882, Accuracy: 77.59%, AUC: 0.77 [VAL] Loss: 0.4619, Accuracy: 78.44%, Precision: 0.82, Recall: 0.70, F1-Score: 0.76, AUC: 0.78
Epoch [50/100] - [TRAIN] Loss: 0.4847, Accuracy: 77.75%, AUC: 0.78 [VAL] Loss: 0.4591, Accuracy: 79.42%, Precision: 0.84, Recall: 0.71, F1-Score: 0.77, AUC: 0.79
Epoch [51/100] - [TRAIN] Loss: 0.4868, Accuracy: 77.72%, AUC: 0.77 [VAL] Loss: 0.4680, Accuracy: 77.79%, Precision: 0.82, Recall: 0.70, F1-Score: 0.75, AUC: 0.78
Epoch [52/100] - [TRAIN] Loss: 0.4868, Accuracy: 77.72%, AUC: 0.78 [VAL] Loss: 0.4627, Accuracy: 78.53%, Precision: 0.83, Recall: 0.71, F1-Score: 0.76, AUC: 0.78
Epoch [53/100] - [TRAIN] Loss: 0.4864, Accuracy: 77.74%, AUC: 0.77 [VAL] Loss: 0.4697, Accuracy: 78.96%, Precision: 0.83, Recall: 0.71, F1-Score: 0.77, AUC: 0.79
Epoch [54/100] - [TRAIN] Loss: 0.4873, Accuracy: 77.89%, AUC: 0.78 [VAL] Loss: 0.4729, Accuracy: 78.09%, Precision: 0.81, Recall: 0.70, F1-Score: 0.75, AUC: 0.78
Epoch [55/100] - [TRAIN] Loss: 0.4862, Accuracy: 77.59%, AUC: 0.77 [VAL] Loss: 0.4659, Accuracy: 78.16%, Precision: 0.82, Recall: 0.70, F1-Score: 0.76, AUC: 0.78
Epoch [56/100] - [TRAIN] Loss: 0.4866, Accuracy: 77.70%, AUC: 0.77 [VAL] Loss: 0.4684, Accuracy: 78.08%, Precision: 0.82, Recall: 0.70, F1-Score: 0.75, AUC: 0.78
Epoch [57/100] - [TRAIN] Loss: 0.4880, Accuracy: 77.72%, AUC: 0.77 [VAL] Loss: 0.4585, Accuracy: 78.96%, Precision: 0.82, Recall: 0.71, F1-Score: 0.76, AUC: 0.79
Epoch [58/100] - [TRAIN] Loss: 0.4870, Accuracy: 77.71%, AUC: 0.77 [VAL] Loss: 0.4690, Accuracy: 77.82%, Precision: 0.81, Recall: 0.70, F1-Score: 0.75, AUC: 0.78
Epoch [59/100] - [TRAIN] Loss: 0.4887, Accuracy: 77.63%, AUC: 0.77 [VAL] Loss: 0.4671, Accuracy: 78.43%, Precision: 0.82, Recall: 0.71, F1-Score: 0.76, AUC: 0.78
Epoch [60/100] - [TRAIN] Loss: 0.4878, Accuracy: 77.44%, AUC: 0.77 [VAL] Loss: 0.4653, Accuracy: 78.34%, Precision: 0.82, Recall: 0.71, F1-Score: 0.76, AUC: 0.78
Epoch [61/100] - [TRAIN] Loss: 0.4867, Accuracy: 77.78%, AUC: 0.78 [VAL] Loss: 0.4622, Accuracy: 78.69%, Precision: 0.83, Recall: 0.71, F1-Score: 0.76, AUC: 0.78
Epoch [62/100] - [TRAIN] Loss: 0.4854, Accuracy: 77.78%, AUC: 0.78 [VAL] Loss: 0.4627, Accuracy: 78.30%, Precision: 0.82, Recall: 0.71, F1-Score: 0.76, AUC: 0.78
Epoch [63/100] - [TRAIN] Loss: 0.4850, Accuracy: 77.70%, AUC: 0.77 [VAL] Loss: 0.4760, Accuracy: 77.78%, Precision: 0.82, Recall: 0.70, F1-Score: 0.76, AUC: 0.78
Epoch [64/100] - [TRAIN] Loss: 0.4843, Accuracy: 77.90%, AUC: 0.78 [VAL] Loss: 0.4604, Accuracy: 78.55%, Precision: 0.82, Recall: 0.71, F1-Score: 0.76, AUC: 0.78
Epoch [65/100] - [TRAIN] Loss: 0.4857, Accuracy: 77.66%, AUC: 0.77 [VAL] Loss: 0.4642, Accuracy: 78.10%, Precision: 0.83, Recall: 0.69, F1-Score: 0.76, AUC: 0.78
Epoch [66/100] - [TRAIN] Loss: 0.4828, Accuracy: 77.96%, AUC: 0.78 [VAL] Loss: 0.4673, Accuracy: 78.37%, Precision: 0.81, Recall: 0.71, F1-Score: 0.76, AUC: 0.78
Epoch [67/100] - [TRAIN] Loss: 0.4859, Accuracy: 77.71%, AUC: 0.77 [VAL] Loss: 0.4678, Accuracy: 77.97%, Precision: 0.82, Recall: 0.70, F1-Score: 0.76, AUC: 0.78
Epoch [68/100] - [TRAIN] Loss: 0.4839, Accuracy: 77.86%, AUC: 0.78 [VAL] Loss: 0.4693, Accuracy: 78.48%, Precision: 0.82, Recall: 0.71, F1-Score: 0.76, AUC: 0.78
Epoch [69/100] - [TRAIN] Loss: 0.4848, Accuracy: 77.86%, AUC: 0.78 [VAL] Loss: 0.4653, Accuracy: 78.35%, Precision: 0.83, Recall: 0.71, F1-Score: 0.76, AUC: 0.78
Epoch [70/100] - [TRAIN] Loss: 0.4883, Accuracy: 77.82%, AUC: 0.78 [VAL] Loss: 0.4810, Accuracy: 77.46%, Precision: 0.82, Recall: 0.70, F1-Score: 0.75, AUC: 0.77
Epoch [71/100] - [TRAIN] Loss: 0.4871, Accuracy: 77.68%, AUC: 0.77 [VAL] Loss: 0.4632, Accuracy: 78.35%, Precision: 0.82, Recall: 0.71, F1-Score: 0.76, AUC: 0.78
Epoch [72/100] - [TRAIN] Loss: 0.4874, Accuracy: 77.63%, AUC: 0.77 [VAL] Loss: 0.4625, Accuracy: 78.59%, Precision: 0.83, Recall: 0.71, F1-Score: 0.77, AUC: 0.78
Epoch [73/100] - [TRAIN] Loss: 0.4825, Accuracy: 78.07%, AUC: 0.78 [VAL] Loss: 0.4658, Accuracy: 78.53%, Precision: 0.81, Recall: 0.72, F1-Score: 0.76, AUC: 0.78
Epoch [74/100] - [TRAIN] Loss: 0.4871, Accuracy: 77.63%, AUC: 0.77 [VAL] Loss: 0.4604, Accuracy: 78.73%, Precision: 0.82, Recall: 0.71, F1-Score: 0.76, AUC: 0.78
Epoch [75/100] - [TRAIN] Loss: 0.4841, Accuracy: 77.97%, AUC: 0.78 [VAL] Loss: 0.4659, Accuracy: 78.31%, Precision: 0.82, Recall: 0.71, F1-Score: 0.76, AUC: 0.78
Epoch [76/100] - [TRAIN] Loss: 0.4845, Accuracy: 77.87%, AUC: 0.78 [VAL] Loss: 0.4676, Accuracy: 78.41%, Precision: 0.82, Recall: 0.71, F1-Score: 0.76, AUC: 0.78
Epoch [77/100] - [TRAIN] Loss: 0.4845, Accuracy: 77.97%, AUC: 0.78 [VAL] Loss: 0.4697, Accuracy: 77.94%, Precision: 0.82, Recall: 0.71, F1-Score: 0.76, AUC: 0.78
Epoch [78/100] - [TRAIN] Loss: 0.4861, Accuracy: 77.79%, AUC: 0.78 [VAL] Loss: 0.4593, Accuracy: 78.43%, Precision: 0.82, Recall: 0.71, F1-Score: 0.76, AUC: 0.78
Epoch [79/100] - [TRAIN] Loss: 0.4858, Accuracy: 77.74%, AUC: 0.78 [VAL] Loss: 0.4638, Accuracy: 78.62%, Precision: 0.82, Recall: 0.71, F1-Score: 0.76, AUC: 0.78
Epoch [80/100] - [TRAIN] Loss: 0.4873, Accuracy: 77.69%, AUC: 0.77 [VAL] Loss: 0.4687, Accuracy: 78.57%, Precision: 0.82, Recall: 0.71, F1-Score: 0.76, AUC: 0.78
Epoch [81/100] - [TRAIN] Loss: 0.4857, Accuracy: 78.09%, AUC: 0.78 [VAL] Loss: 0.4618, Accuracy: 78.56%, Precision: 0.83, Recall: 0.71, F1-Score: 0.77, AUC: 0.78
Epoch [82/100] - [TRAIN] Loss: 0.4844, Accuracy: 77.94%, AUC: 0.78 [VAL] Loss: 0.4724, Accuracy: 77.86%, Precision: 0.82, Recall: 0.70, F1-Score: 0.75, AUC: 0.78
Epoch [83/100] - [TRAIN] Loss: 0.4878, Accuracy: 77.75%, AUC: 0.77 [VAL] Loss: 0.4668, Accuracy: 78.09%, Precision: 0.81, Recall: 0.70, F1-Score: 0.75, AUC: 0.78
Epoch [84/100] - [TRAIN] Loss: 0.4880, Accuracy: 77.62%, AUC: 0.77 [VAL] Loss: 0.4637, Accuracy: 78.66%, Precision: 0.82, Recall: 0.71, F1-Score: 0.76, AUC: 0.78
Epoch [85/100] - [TRAIN] Loss: 0.4883, Accuracy: 77.51%, AUC: 0.77 [VAL] Loss: 0.4696, Accuracy: 78.22%, Precision: 0.82, Recall: 0.71, F1-Score: 0.76, AUC: 0.78
Epoch [86/100] - [TRAIN] Loss: 0.4845, Accuracy: 77.75%, AUC: 0.77 [VAL] Loss: 0.4690, Accuracy: 77.87%, Precision: 0.81, Recall: 0.70, F1-Score: 0.75, AUC: 0.78
Epoch [87/100] - [TRAIN] Loss: 0.4869, Accuracy: 77.72%, AUC: 0.77 [VAL] Loss: 0.4652, Accuracy: 78.87%, Precision: 0.82, Recall: 0.71, F1-Score: 0.76, AUC: 0.79
Epoch [88/100] - [TRAIN] Loss: 0.4867, Accuracy: 77.62%, AUC: 0.77 [VAL] Loss: 0.4614, Accuracy: 78.97%, Precision: 0.82, Recall: 0.73, F1-Score: 0.77, AUC: 0.79
Epoch [89/100] - [TRAIN] Loss: 0.4871, Accuracy: 77.63%, AUC: 0.77 [VAL] Loss: 0.4659, Accuracy: 79.10%, Precision: 0.83, Recall: 0.72, F1-Score: 0.77, AUC: 0.79
Epoch [90/100] - [TRAIN] Loss: 0.4847, Accuracy: 77.90%, AUC: 0.78 [VAL] Loss: 0.4702, Accuracy: 77.97%, Precision: 0.82, Recall: 0.70, F1-Score: 0.75, AUC: 0.78
Epoch [91/100] - [TRAIN] Loss: 0.4849, Accuracy: 77.73%, AUC: 0.77 [VAL] Loss: 0.4653, Accuracy: 78.56%, Precision: 0.81, Recall: 0.71, F1-Score: 0.76, AUC: 0.78
Epoch [92/100] - [TRAIN] Loss: 0.4848, Accuracy: 77.78%, AUC: 0.78 [VAL] Loss: 0.4715, Accuracy: 77.47%, Precision: 0.81, Recall: 0.69, F1-Score: 0.75, AUC: 0.77
Epoch [93/100] - [TRAIN] Loss: 0.4880, Accuracy: 77.55%, AUC: 0.77 [VAL] Loss: 0.4629, Accuracy: 78.46%, Precision: 0.82, Recall: 0.71, F1-Score: 0.76, AUC: 0.78
Epoch [94/100] - [TRAIN] Loss: 0.4854, Accuracy: 77.68%, AUC: 0.77 [VAL] Loss: 0.4634, Accuracy: 78.15%, Precision: 0.82, Recall: 0.70, F1-Score: 0.76, AUC: 0.78
Epoch [95/100] - [TRAIN] Loss: 0.4872, Accuracy: 77.73%, AUC: 0.78 [VAL] Loss: 0.4637, Accuracy: 77.97%, Precision: 0.82, Recall: 0.70, F1-Score: 0.76, AUC: 0.78
Epoch [96/100] - [TRAIN] Loss: 0.4837, Accuracy: 77.69%, AUC: 0.77 [VAL] Loss: 0.4744, Accuracy: 77.50%, Precision: 0.81, Recall: 0.70, F1-Score: 0.75, AUC: 0.77
Epoch [97/100] - [TRAIN] Loss: 0.4856, Accuracy: 77.63%, AUC: 0.77 [VAL] Loss: 0.4625, Accuracy: 78.35%, Precision: 0.82, Recall: 0.70, F1-Score: 0.76, AUC: 0.78
Epoch [98/100] - [TRAIN] Loss: 0.4872, Accuracy: 77.60%, AUC: 0.77 [VAL] Loss: 0.4624, Accuracy: 78.17%, Precision: 0.82, Recall: 0.70, F1-Score: 0.76, AUC: 0.78
Epoch [99/100] - [TRAIN] Loss: 0.4883, Accuracy: 77.75%, AUC: 0.78 [VAL] Loss: 0.4657, Accuracy: 78.64%, Precision: 0.82, Recall: 0.71, F1-Score: 0.76, AUC: 0.78
Epoch [100/100] - [TRAIN] Loss: 0.4828, Accuracy: 77.79%, AUC: 0.78 [VAL] Loss: 0.4584, Accuracy: 78.80%, Precision: 0.82, Recall: 0.72, F1-Score: 0.76, AUC: 0.78
Accuracy Score on test set: 78.33 %
    AUC Score on test set: 0.78
    Precision: 0.8209
    Recall: 0.7039
    F1-Score: 0.7579

    Detailed Classification Report:
                  precision    recall  f1-score   support

           0       0.76      0.86      0.80      5181
           1       0.82      0.70      0.76      4819

    accuracy                           0.78     10000
   macro avg       0.79      0.78      0.78     10000
weighted avg       0.79      0.78      0.78     10000


    Confusion Matrix:
    [[4441  740]
 [1427 3392]]
    
006-H3K4me3-H3K9me3
Epoch [1/100] - [TRAIN] Loss: 0.5646, Accuracy: 72.29%, AUC: 0.72 [VAL] Loss: 0.5121, Accuracy: 74.32%, Precision: 0.71, Recall: 0.79, F1-Score: 0.75, AUC: 0.74
Epoch [2/100] - [TRAIN] Loss: 0.5386, Accuracy: 74.36%, AUC: 0.74 [VAL] Loss: 0.5111, Accuracy: 76.19%, Precision: 0.76, Recall: 0.74, F1-Score: 0.75, AUC: 0.76
Epoch [3/100] - [TRAIN] Loss: 0.5389, Accuracy: 74.93%, AUC: 0.75 [VAL] Loss: 0.5070, Accuracy: 76.30%, Precision: 0.78, Recall: 0.72, F1-Score: 0.75, AUC: 0.76
Epoch [4/100] - [TRAIN] Loss: 0.5310, Accuracy: 75.23%, AUC: 0.75 [VAL] Loss: 0.4938, Accuracy: 77.64%, Precision: 0.78, Recall: 0.75, F1-Score: 0.76, AUC: 0.78
Epoch [5/100] - [TRAIN] Loss: 0.5317, Accuracy: 75.22%, AUC: 0.75 [VAL] Loss: 0.4989, Accuracy: 76.39%, Precision: 0.79, Recall: 0.70, F1-Score: 0.74, AUC: 0.76
Epoch [6/100] - [TRAIN] Loss: 0.5294, Accuracy: 75.27%, AUC: 0.75 [VAL] Loss: 0.4974, Accuracy: 76.55%, Precision: 0.78, Recall: 0.71, F1-Score: 0.74, AUC: 0.76
Epoch [7/100] - [TRAIN] Loss: 0.5296, Accuracy: 75.31%, AUC: 0.75 [VAL] Loss: 0.5001, Accuracy: 76.71%, Precision: 0.79, Recall: 0.71, F1-Score: 0.75, AUC: 0.77
Epoch [8/100] - [TRAIN] Loss: 0.5243, Accuracy: 75.55%, AUC: 0.75 [VAL] Loss: 0.5055, Accuracy: 76.62%, Precision: 0.79, Recall: 0.72, F1-Score: 0.75, AUC: 0.77
Epoch [9/100] - [TRAIN] Loss: 0.5259, Accuracy: 75.38%, AUC: 0.75 [VAL] Loss: 0.5008, Accuracy: 76.57%, Precision: 0.80, Recall: 0.70, F1-Score: 0.74, AUC: 0.76
Epoch [10/100] - [TRAIN] Loss: 0.5225, Accuracy: 75.60%, AUC: 0.75 [VAL] Loss: 0.5007, Accuracy: 76.46%, Precision: 0.79, Recall: 0.69, F1-Score: 0.74, AUC: 0.76
Epoch [11/100] - [TRAIN] Loss: 0.5249, Accuracy: 75.27%, AUC: 0.75 [VAL] Loss: 0.5017, Accuracy: 76.20%, Precision: 0.78, Recall: 0.70, F1-Score: 0.74, AUC: 0.76
Epoch [12/100] - [TRAIN] Loss: 0.5242, Accuracy: 75.42%, AUC: 0.75 [VAL] Loss: 0.4960, Accuracy: 76.84%, Precision: 0.79, Recall: 0.71, F1-Score: 0.75, AUC: 0.77
Epoch [13/100] - [TRAIN] Loss: 0.5210, Accuracy: 75.78%, AUC: 0.76 [VAL] Loss: 0.4942, Accuracy: 76.92%, Precision: 0.80, Recall: 0.70, F1-Score: 0.75, AUC: 0.77
Epoch [14/100] - [TRAIN] Loss: 0.5238, Accuracy: 75.51%, AUC: 0.75 [VAL] Loss: 0.5029, Accuracy: 76.43%, Precision: 0.79, Recall: 0.70, F1-Score: 0.74, AUC: 0.76
Epoch [15/100] - [TRAIN] Loss: 0.5254, Accuracy: 75.31%, AUC: 0.75 [VAL] Loss: 0.4957, Accuracy: 76.65%, Precision: 0.79, Recall: 0.71, F1-Score: 0.74, AUC: 0.76
Epoch [16/100] - [TRAIN] Loss: 0.5229, Accuracy: 75.67%, AUC: 0.75 [VAL] Loss: 0.5006, Accuracy: 76.18%, Precision: 0.79, Recall: 0.69, F1-Score: 0.74, AUC: 0.76
Epoch [17/100] - [TRAIN] Loss: 0.5259, Accuracy: 75.29%, AUC: 0.75 [VAL] Loss: 0.4882, Accuracy: 77.52%, Precision: 0.80, Recall: 0.73, F1-Score: 0.76, AUC: 0.77
Epoch [18/100] - [TRAIN] Loss: 0.5241, Accuracy: 75.49%, AUC: 0.75 [VAL] Loss: 0.4938, Accuracy: 76.97%, Precision: 0.80, Recall: 0.71, F1-Score: 0.75, AUC: 0.77
Epoch [19/100] - [TRAIN] Loss: 0.5273, Accuracy: 75.10%, AUC: 0.75 [VAL] Loss: 0.4946, Accuracy: 77.13%, Precision: 0.79, Recall: 0.70, F1-Score: 0.75, AUC: 0.77
Epoch [20/100] - [TRAIN] Loss: 0.5223, Accuracy: 75.35%, AUC: 0.75 [VAL] Loss: 0.4892, Accuracy: 77.32%, Precision: 0.80, Recall: 0.70, F1-Score: 0.75, AUC: 0.77
Epoch [21/100] - [TRAIN] Loss: 0.5244, Accuracy: 75.44%, AUC: 0.75 [VAL] Loss: 0.4932, Accuracy: 77.14%, Precision: 0.81, Recall: 0.70, F1-Score: 0.75, AUC: 0.77
Epoch [22/100] - [TRAIN] Loss: 0.5242, Accuracy: 75.42%, AUC: 0.75 [VAL] Loss: 0.4943, Accuracy: 76.02%, Precision: 0.79, Recall: 0.69, F1-Score: 0.74, AUC: 0.76
Epoch [23/100] - [TRAIN] Loss: 0.5256, Accuracy: 75.25%, AUC: 0.75 [VAL] Loss: 0.4940, Accuracy: 76.75%, Precision: 0.80, Recall: 0.70, F1-Score: 0.75, AUC: 0.77
Epoch [24/100] - [TRAIN] Loss: 0.5248, Accuracy: 75.60%, AUC: 0.75 [VAL] Loss: 0.4955, Accuracy: 76.79%, Precision: 0.79, Recall: 0.70, F1-Score: 0.74, AUC: 0.77
Epoch [25/100] - [TRAIN] Loss: 0.5231, Accuracy: 75.56%, AUC: 0.75 [VAL] Loss: 0.5014, Accuracy: 76.45%, Precision: 0.80, Recall: 0.69, F1-Score: 0.74, AUC: 0.76
Epoch [26/100] - [TRAIN] Loss: 0.5267, Accuracy: 75.38%, AUC: 0.75 [VAL] Loss: 0.4992, Accuracy: 76.75%, Precision: 0.79, Recall: 0.70, F1-Score: 0.74, AUC: 0.76
Epoch [27/100] - [TRAIN] Loss: 0.5243, Accuracy: 75.51%, AUC: 0.75 [VAL] Loss: 0.5034, Accuracy: 76.11%, Precision: 0.80, Recall: 0.69, F1-Score: 0.74, AUC: 0.76
Epoch [28/100] - [TRAIN] Loss: 0.5253, Accuracy: 75.23%, AUC: 0.75 [VAL] Loss: 0.5002, Accuracy: 76.34%, Precision: 0.79, Recall: 0.69, F1-Score: 0.74, AUC: 0.76
Epoch [29/100] - [TRAIN] Loss: 0.5237, Accuracy: 75.57%, AUC: 0.75 [VAL] Loss: 0.4864, Accuracy: 77.41%, Precision: 0.80, Recall: 0.71, F1-Score: 0.75, AUC: 0.77
Epoch [30/100] - [TRAIN] Loss: 0.5253, Accuracy: 75.33%, AUC: 0.75 [VAL] Loss: 0.4935, Accuracy: 77.20%, Precision: 0.80, Recall: 0.71, F1-Score: 0.75, AUC: 0.77
Epoch [31/100] - [TRAIN] Loss: 0.5251, Accuracy: 75.33%, AUC: 0.75 [VAL] Loss: 0.4988, Accuracy: 75.83%, Precision: 0.78, Recall: 0.70, F1-Score: 0.74, AUC: 0.76
Epoch [32/100] - [TRAIN] Loss: 0.5238, Accuracy: 75.45%, AUC: 0.75 [VAL] Loss: 0.4896, Accuracy: 77.07%, Precision: 0.80, Recall: 0.70, F1-Score: 0.75, AUC: 0.77
Epoch [33/100] - [TRAIN] Loss: 0.5244, Accuracy: 75.34%, AUC: 0.75 [VAL] Loss: 0.4949, Accuracy: 76.83%, Precision: 0.80, Recall: 0.70, F1-Score: 0.75, AUC: 0.77
Epoch [34/100] - [TRAIN] Loss: 0.5252, Accuracy: 75.33%, AUC: 0.75 [VAL] Loss: 0.4948, Accuracy: 76.50%, Precision: 0.79, Recall: 0.70, F1-Score: 0.74, AUC: 0.76
Epoch [35/100] - [TRAIN] Loss: 0.5240, Accuracy: 75.40%, AUC: 0.75 [VAL] Loss: 0.5088, Accuracy: 75.48%, Precision: 0.79, Recall: 0.69, F1-Score: 0.73, AUC: 0.75
Epoch [36/100] - [TRAIN] Loss: 0.5249, Accuracy: 75.35%, AUC: 0.75 [VAL] Loss: 0.4954, Accuracy: 76.70%, Precision: 0.79, Recall: 0.70, F1-Score: 0.74, AUC: 0.76
Epoch [37/100] - [TRAIN] Loss: 0.5252, Accuracy: 75.49%, AUC: 0.75 [VAL] Loss: 0.4966, Accuracy: 76.24%, Precision: 0.78, Recall: 0.70, F1-Score: 0.74, AUC: 0.76
Epoch [38/100] - [TRAIN] Loss: 0.5246, Accuracy: 75.40%, AUC: 0.75 [VAL] Loss: 0.4936, Accuracy: 76.79%, Precision: 0.79, Recall: 0.71, F1-Score: 0.75, AUC: 0.77
Epoch [39/100] - [TRAIN] Loss: 0.5228, Accuracy: 75.57%, AUC: 0.75 [VAL] Loss: 0.4979, Accuracy: 76.50%, Precision: 0.78, Recall: 0.70, F1-Score: 0.74, AUC: 0.76
Epoch [40/100] - [TRAIN] Loss: 0.5253, Accuracy: 75.39%, AUC: 0.75 [VAL] Loss: 0.4997, Accuracy: 76.62%, Precision: 0.79, Recall: 0.71, F1-Score: 0.74, AUC: 0.76
Epoch [41/100] - [TRAIN] Loss: 0.5221, Accuracy: 75.46%, AUC: 0.75 [VAL] Loss: 0.4977, Accuracy: 76.70%, Precision: 0.79, Recall: 0.70, F1-Score: 0.74, AUC: 0.76
Epoch [42/100] - [TRAIN] Loss: 0.5287, Accuracy: 75.25%, AUC: 0.75 [VAL] Loss: 0.4989, Accuracy: 76.39%, Precision: 0.79, Recall: 0.69, F1-Score: 0.74, AUC: 0.76
Epoch [43/100] - [TRAIN] Loss: 0.5266, Accuracy: 75.30%, AUC: 0.75 [VAL] Loss: 0.5005, Accuracy: 76.22%, Precision: 0.78, Recall: 0.70, F1-Score: 0.74, AUC: 0.76
Epoch [44/100] - [TRAIN] Loss: 0.5249, Accuracy: 75.48%, AUC: 0.75 [VAL] Loss: 0.5020, Accuracy: 76.11%, Precision: 0.79, Recall: 0.69, F1-Score: 0.74, AUC: 0.76
Epoch [45/100] - [TRAIN] Loss: 0.5306, Accuracy: 74.95%, AUC: 0.75 [VAL] Loss: 0.5051, Accuracy: 76.08%, Precision: 0.78, Recall: 0.70, F1-Score: 0.74, AUC: 0.76
Epoch [46/100] - [TRAIN] Loss: 0.5266, Accuracy: 75.25%, AUC: 0.75 [VAL] Loss: 0.4930, Accuracy: 76.92%, Precision: 0.79, Recall: 0.71, F1-Score: 0.75, AUC: 0.77
Epoch [47/100] - [TRAIN] Loss: 0.5236, Accuracy: 75.31%, AUC: 0.75 [VAL] Loss: 0.5023, Accuracy: 76.29%, Precision: 0.79, Recall: 0.70, F1-Score: 0.74, AUC: 0.76
Epoch [48/100] - [TRAIN] Loss: 0.5246, Accuracy: 75.52%, AUC: 0.75 [VAL] Loss: 0.4980, Accuracy: 76.95%, Precision: 0.80, Recall: 0.71, F1-Score: 0.75, AUC: 0.77
Epoch [49/100] - [TRAIN] Loss: 0.5249, Accuracy: 75.40%, AUC: 0.75 [VAL] Loss: 0.4975, Accuracy: 76.08%, Precision: 0.78, Recall: 0.70, F1-Score: 0.74, AUC: 0.76
Epoch [50/100] - [TRAIN] Loss: 0.5219, Accuracy: 75.70%, AUC: 0.75 [VAL] Loss: 0.4947, Accuracy: 76.97%, Precision: 0.80, Recall: 0.70, F1-Score: 0.75, AUC: 0.77
Epoch [51/100] - [TRAIN] Loss: 0.5270, Accuracy: 75.27%, AUC: 0.75 [VAL] Loss: 0.4961, Accuracy: 76.41%, Precision: 0.79, Recall: 0.70, F1-Score: 0.74, AUC: 0.76
Epoch [52/100] - [TRAIN] Loss: 0.5276, Accuracy: 75.22%, AUC: 0.75 [VAL] Loss: 0.5016, Accuracy: 76.29%, Precision: 0.79, Recall: 0.69, F1-Score: 0.74, AUC: 0.76
Epoch [53/100] - [TRAIN] Loss: 0.5219, Accuracy: 75.61%, AUC: 0.75 [VAL] Loss: 0.4932, Accuracy: 76.55%, Precision: 0.79, Recall: 0.70, F1-Score: 0.74, AUC: 0.76
Epoch [54/100] - [TRAIN] Loss: 0.5240, Accuracy: 75.56%, AUC: 0.75 [VAL] Loss: 0.4953, Accuracy: 76.65%, Precision: 0.78, Recall: 0.71, F1-Score: 0.74, AUC: 0.76
Epoch [55/100] - [TRAIN] Loss: 0.5276, Accuracy: 75.02%, AUC: 0.75 [VAL] Loss: 0.4921, Accuracy: 76.76%, Precision: 0.78, Recall: 0.70, F1-Score: 0.74, AUC: 0.76
Epoch [56/100] - [TRAIN] Loss: 0.5240, Accuracy: 75.38%, AUC: 0.75 [VAL] Loss: 0.5025, Accuracy: 76.57%, Precision: 0.78, Recall: 0.71, F1-Score: 0.74, AUC: 0.76
Epoch [57/100] - [TRAIN] Loss: 0.5239, Accuracy: 75.37%, AUC: 0.75 [VAL] Loss: 0.4941, Accuracy: 76.88%, Precision: 0.79, Recall: 0.71, F1-Score: 0.75, AUC: 0.77
Epoch [58/100] - [TRAIN] Loss: 0.5233, Accuracy: 75.41%, AUC: 0.75 [VAL] Loss: 0.4912, Accuracy: 77.56%, Precision: 0.80, Recall: 0.71, F1-Score: 0.76, AUC: 0.77
Epoch [59/100] - [TRAIN] Loss: 0.5216, Accuracy: 75.51%, AUC: 0.75 [VAL] Loss: 0.5052, Accuracy: 75.94%, Precision: 0.78, Recall: 0.70, F1-Score: 0.74, AUC: 0.76
Epoch [60/100] - [TRAIN] Loss: 0.5284, Accuracy: 75.05%, AUC: 0.75 [VAL] Loss: 0.4972, Accuracy: 76.96%, Precision: 0.80, Recall: 0.70, F1-Score: 0.75, AUC: 0.77
Epoch [61/100] - [TRAIN] Loss: 0.5224, Accuracy: 75.60%, AUC: 0.75 [VAL] Loss: 0.4896, Accuracy: 77.32%, Precision: 0.80, Recall: 0.71, F1-Score: 0.75, AUC: 0.77
Epoch [62/100] - [TRAIN] Loss: 0.5231, Accuracy: 75.72%, AUC: 0.75 [VAL] Loss: 0.4901, Accuracy: 76.87%, Precision: 0.80, Recall: 0.71, F1-Score: 0.75, AUC: 0.77
Epoch [63/100] - [TRAIN] Loss: 0.5244, Accuracy: 75.41%, AUC: 0.75 [VAL] Loss: 0.4945, Accuracy: 77.17%, Precision: 0.80, Recall: 0.70, F1-Score: 0.75, AUC: 0.77
Epoch [64/100] - [TRAIN] Loss: 0.5243, Accuracy: 75.62%, AUC: 0.75 [VAL] Loss: 0.5047, Accuracy: 75.73%, Precision: 0.79, Recall: 0.69, F1-Score: 0.74, AUC: 0.76
Epoch [65/100] - [TRAIN] Loss: 0.5256, Accuracy: 75.12%, AUC: 0.75 [VAL] Loss: 0.4968, Accuracy: 76.85%, Precision: 0.79, Recall: 0.70, F1-Score: 0.74, AUC: 0.76
Epoch [66/100] - [TRAIN] Loss: 0.5245, Accuracy: 75.56%, AUC: 0.75 [VAL] Loss: 0.4939, Accuracy: 77.23%, Precision: 0.80, Recall: 0.72, F1-Score: 0.76, AUC: 0.77
Epoch [67/100] - [TRAIN] Loss: 0.5237, Accuracy: 75.58%, AUC: 0.75 [VAL] Loss: 0.4929, Accuracy: 76.93%, Precision: 0.80, Recall: 0.69, F1-Score: 0.74, AUC: 0.77
Epoch [68/100] - [TRAIN] Loss: 0.5249, Accuracy: 75.41%, AUC: 0.75 [VAL] Loss: 0.5028, Accuracy: 76.67%, Precision: 0.79, Recall: 0.71, F1-Score: 0.75, AUC: 0.77
Epoch [69/100] - [TRAIN] Loss: 0.5241, Accuracy: 75.56%, AUC: 0.75 [VAL] Loss: 0.5012, Accuracy: 76.46%, Precision: 0.79, Recall: 0.71, F1-Score: 0.75, AUC: 0.76
Epoch [70/100] - [TRAIN] Loss: 0.5240, Accuracy: 75.53%, AUC: 0.75 [VAL] Loss: 0.4954, Accuracy: 76.78%, Precision: 0.79, Recall: 0.71, F1-Score: 0.75, AUC: 0.77
Epoch [71/100] - [TRAIN] Loss: 0.5212, Accuracy: 75.75%, AUC: 0.75 [VAL] Loss: 0.4917, Accuracy: 76.79%, Precision: 0.80, Recall: 0.70, F1-Score: 0.75, AUC: 0.77
Epoch [72/100] - [TRAIN] Loss: 0.5226, Accuracy: 75.64%, AUC: 0.75 [VAL] Loss: 0.4956, Accuracy: 76.72%, Precision: 0.79, Recall: 0.70, F1-Score: 0.74, AUC: 0.76
Epoch [73/100] - [TRAIN] Loss: 0.5262, Accuracy: 75.19%, AUC: 0.75 [VAL] Loss: 0.4997, Accuracy: 76.40%, Precision: 0.79, Recall: 0.70, F1-Score: 0.74, AUC: 0.76
Epoch [74/100] - [TRAIN] Loss: 0.5245, Accuracy: 75.41%, AUC: 0.75 [VAL] Loss: 0.4921, Accuracy: 77.36%, Precision: 0.80, Recall: 0.71, F1-Score: 0.75, AUC: 0.77
Epoch [75/100] - [TRAIN] Loss: 0.5220, Accuracy: 75.39%, AUC: 0.75 [VAL] Loss: 0.4999, Accuracy: 76.82%, Precision: 0.79, Recall: 0.72, F1-Score: 0.75, AUC: 0.77
Epoch [76/100] - [TRAIN] Loss: 0.5234, Accuracy: 75.34%, AUC: 0.75 [VAL] Loss: 0.5034, Accuracy: 76.68%, Precision: 0.79, Recall: 0.70, F1-Score: 0.74, AUC: 0.76
Epoch [77/100] - [TRAIN] Loss: 0.5229, Accuracy: 75.37%, AUC: 0.75 [VAL] Loss: 0.4990, Accuracy: 76.30%, Precision: 0.80, Recall: 0.70, F1-Score: 0.74, AUC: 0.76
Epoch [78/100] - [TRAIN] Loss: 0.5281, Accuracy: 75.11%, AUC: 0.75 [VAL] Loss: 0.4960, Accuracy: 77.18%, Precision: 0.79, Recall: 0.71, F1-Score: 0.75, AUC: 0.77
Epoch [79/100] - [TRAIN] Loss: 0.5287, Accuracy: 75.14%, AUC: 0.75 [VAL] Loss: 0.5023, Accuracy: 75.89%, Precision: 0.78, Recall: 0.69, F1-Score: 0.73, AUC: 0.76
Epoch [80/100] - [TRAIN] Loss: 0.5238, Accuracy: 75.45%, AUC: 0.75 [VAL] Loss: 0.4879, Accuracy: 76.95%, Precision: 0.80, Recall: 0.70, F1-Score: 0.75, AUC: 0.77
Epoch [81/100] - [TRAIN] Loss: 0.5265, Accuracy: 75.45%, AUC: 0.75 [VAL] Loss: 0.5040, Accuracy: 76.07%, Precision: 0.78, Recall: 0.70, F1-Score: 0.74, AUC: 0.76
Epoch [82/100] - [TRAIN] Loss: 0.5212, Accuracy: 75.55%, AUC: 0.75 [VAL] Loss: 0.4989, Accuracy: 76.77%, Precision: 0.78, Recall: 0.71, F1-Score: 0.74, AUC: 0.76
Epoch [83/100] - [TRAIN] Loss: 0.5252, Accuracy: 75.37%, AUC: 0.75 [VAL] Loss: 0.5052, Accuracy: 76.16%, Precision: 0.78, Recall: 0.70, F1-Score: 0.74, AUC: 0.76
Epoch [84/100] - [TRAIN] Loss: 0.5251, Accuracy: 75.33%, AUC: 0.75 [VAL] Loss: 0.5008, Accuracy: 76.54%, Precision: 0.78, Recall: 0.70, F1-Score: 0.74, AUC: 0.76
Epoch [85/100] - [TRAIN] Loss: 0.5224, Accuracy: 75.48%, AUC: 0.75 [VAL] Loss: 0.5029, Accuracy: 76.42%, Precision: 0.79, Recall: 0.70, F1-Score: 0.74, AUC: 0.76
Epoch [86/100] - [TRAIN] Loss: 0.5228, Accuracy: 75.38%, AUC: 0.75 [VAL] Loss: 0.5027, Accuracy: 76.25%, Precision: 0.79, Recall: 0.71, F1-Score: 0.74, AUC: 0.76
Epoch [87/100] - [TRAIN] Loss: 0.5206, Accuracy: 75.54%, AUC: 0.75 [VAL] Loss: 0.4949, Accuracy: 77.30%, Precision: 0.80, Recall: 0.70, F1-Score: 0.75, AUC: 0.77
Epoch [88/100] - [TRAIN] Loss: 0.5226, Accuracy: 75.40%, AUC: 0.75 [VAL] Loss: 0.4946, Accuracy: 76.45%, Precision: 0.80, Recall: 0.70, F1-Score: 0.74, AUC: 0.76
Epoch [89/100] - [TRAIN] Loss: 0.5239, Accuracy: 75.48%, AUC: 0.75 [VAL] Loss: 0.5009, Accuracy: 76.25%, Precision: 0.79, Recall: 0.70, F1-Score: 0.74, AUC: 0.76
Epoch [90/100] - [TRAIN] Loss: 0.5246, Accuracy: 75.48%, AUC: 0.75 [VAL] Loss: 0.4920, Accuracy: 77.55%, Precision: 0.80, Recall: 0.71, F1-Score: 0.75, AUC: 0.77
Epoch [91/100] - [TRAIN] Loss: 0.5237, Accuracy: 75.48%, AUC: 0.75 [VAL] Loss: 0.4998, Accuracy: 76.54%, Precision: 0.78, Recall: 0.70, F1-Score: 0.74, AUC: 0.76
Epoch [92/100] - [TRAIN] Loss: 0.5225, Accuracy: 75.70%, AUC: 0.76 [VAL] Loss: 0.5059, Accuracy: 75.62%, Precision: 0.78, Recall: 0.69, F1-Score: 0.73, AUC: 0.75
Epoch [93/100] - [TRAIN] Loss: 0.5271, Accuracy: 75.38%, AUC: 0.75 [VAL] Loss: 0.5066, Accuracy: 76.21%, Precision: 0.78, Recall: 0.69, F1-Score: 0.73, AUC: 0.76
Epoch [94/100] - [TRAIN] Loss: 0.5257, Accuracy: 75.26%, AUC: 0.75 [VAL] Loss: 0.5023, Accuracy: 76.17%, Precision: 0.78, Recall: 0.69, F1-Score: 0.73, AUC: 0.76
Epoch [95/100] - [TRAIN] Loss: 0.5232, Accuracy: 75.49%, AUC: 0.75 [VAL] Loss: 0.5037, Accuracy: 76.71%, Precision: 0.80, Recall: 0.70, F1-Score: 0.75, AUC: 0.77
Epoch [96/100] - [TRAIN] Loss: 0.5283, Accuracy: 75.14%, AUC: 0.75 [VAL] Loss: 0.4986, Accuracy: 76.50%, Precision: 0.79, Recall: 0.70, F1-Score: 0.74, AUC: 0.76
Epoch [97/100] - [TRAIN] Loss: 0.5263, Accuracy: 75.41%, AUC: 0.75 [VAL] Loss: 0.5009, Accuracy: 76.09%, Precision: 0.79, Recall: 0.70, F1-Score: 0.74, AUC: 0.76
Epoch [98/100] - [TRAIN] Loss: 0.5250, Accuracy: 75.42%, AUC: 0.75 [VAL] Loss: 0.4929, Accuracy: 76.59%, Precision: 0.79, Recall: 0.71, F1-Score: 0.75, AUC: 0.76
Epoch [99/100] - [TRAIN] Loss: 0.5266, Accuracy: 75.38%, AUC: 0.75 [VAL] Loss: 0.4969, Accuracy: 76.42%, Precision: 0.79, Recall: 0.70, F1-Score: 0.74, AUC: 0.76
Epoch [100/100] - [TRAIN] Loss: 0.5223, Accuracy: 75.41%, AUC: 0.75 [VAL] Loss: 0.4941, Accuracy: 76.95%, Precision: 0.79, Recall: 0.70, F1-Score: 0.74, AUC: 0.77
Accuracy Score on test set: 76.09 %
    AUC Score on test set: 0.76
    Precision: 0.7867
    Recall: 0.6991
    F1-Score: 0.7403

    Detailed Classification Report:
                  precision    recall  f1-score   support

           0       0.74      0.82      0.78      5125
           1       0.79      0.70      0.74      4875

    accuracy                           0.76     10000
   macro avg       0.76      0.76      0.76     10000
weighted avg       0.76      0.76      0.76     10000


    Confusion Matrix:
    [[4201  924]
 [1467 3408]]
    
007-H3K4me3-H3K27ac
Epoch [1/100] - [TRAIN] Loss: 0.5509, Accuracy: 74.14%, AUC: 0.74 [VAL] Loss: 0.5003, Accuracy: 77.53%, Precision: 0.78, Recall: 0.75, F1-Score: 0.76, AUC: 0.77
Epoch [2/100] - [TRAIN] Loss: 0.5243, Accuracy: 76.26%, AUC: 0.76 [VAL] Loss: 0.4807, Accuracy: 78.38%, Precision: 0.79, Recall: 0.75, F1-Score: 0.77, AUC: 0.78
Epoch [3/100] - [TRAIN] Loss: 0.5134, Accuracy: 76.79%, AUC: 0.77 [VAL] Loss: 0.4847, Accuracy: 78.30%, Precision: 0.79, Recall: 0.75, F1-Score: 0.77, AUC: 0.78
Epoch [4/100] - [TRAIN] Loss: 0.5117, Accuracy: 76.70%, AUC: 0.77 [VAL] Loss: 0.4857, Accuracy: 77.93%, Precision: 0.79, Recall: 0.73, F1-Score: 0.76, AUC: 0.78
Epoch [5/100] - [TRAIN] Loss: 0.5061, Accuracy: 77.34%, AUC: 0.77 [VAL] Loss: 0.4752, Accuracy: 78.46%, Precision: 0.79, Recall: 0.74, F1-Score: 0.77, AUC: 0.78
Epoch [6/100] - [TRAIN] Loss: 0.5069, Accuracy: 77.07%, AUC: 0.77 [VAL] Loss: 0.4788, Accuracy: 78.56%, Precision: 0.80, Recall: 0.74, F1-Score: 0.77, AUC: 0.78
Epoch [7/100] - [TRAIN] Loss: 0.5053, Accuracy: 77.27%, AUC: 0.77 [VAL] Loss: 0.4737, Accuracy: 78.67%, Precision: 0.81, Recall: 0.74, F1-Score: 0.77, AUC: 0.79
Epoch [8/100] - [TRAIN] Loss: 0.5004, Accuracy: 77.39%, AUC: 0.77 [VAL] Loss: 0.4846, Accuracy: 77.49%, Precision: 0.80, Recall: 0.73, F1-Score: 0.76, AUC: 0.77
Epoch [9/100] - [TRAIN] Loss: 0.5039, Accuracy: 77.17%, AUC: 0.77 [VAL] Loss: 0.4908, Accuracy: 77.44%, Precision: 0.79, Recall: 0.73, F1-Score: 0.76, AUC: 0.77
Epoch [10/100] - [TRAIN] Loss: 0.5015, Accuracy: 77.28%, AUC: 0.77 [VAL] Loss: 0.4850, Accuracy: 77.64%, Precision: 0.79, Recall: 0.73, F1-Score: 0.76, AUC: 0.77
Epoch [11/100] - [TRAIN] Loss: 0.4962, Accuracy: 77.38%, AUC: 0.77 [VAL] Loss: 0.4772, Accuracy: 78.59%, Precision: 0.80, Recall: 0.74, F1-Score: 0.77, AUC: 0.78
Epoch [12/100] - [TRAIN] Loss: 0.4981, Accuracy: 77.28%, AUC: 0.77 [VAL] Loss: 0.4818, Accuracy: 78.00%, Precision: 0.80, Recall: 0.72, F1-Score: 0.76, AUC: 0.78
Epoch [13/100] - [TRAIN] Loss: 0.4968, Accuracy: 77.54%, AUC: 0.77 [VAL] Loss: 0.4670, Accuracy: 78.52%, Precision: 0.81, Recall: 0.73, F1-Score: 0.77, AUC: 0.78
Epoch [14/100] - [TRAIN] Loss: 0.4968, Accuracy: 77.47%, AUC: 0.77 [VAL] Loss: 0.4738, Accuracy: 78.78%, Precision: 0.80, Recall: 0.74, F1-Score: 0.77, AUC: 0.79
Epoch [15/100] - [TRAIN] Loss: 0.4962, Accuracy: 77.45%, AUC: 0.77 [VAL] Loss: 0.4742, Accuracy: 78.49%, Precision: 0.80, Recall: 0.74, F1-Score: 0.77, AUC: 0.78
Epoch [16/100] - [TRAIN] Loss: 0.4961, Accuracy: 77.63%, AUC: 0.77 [VAL] Loss: 0.4829, Accuracy: 77.23%, Precision: 0.82, Recall: 0.70, F1-Score: 0.75, AUC: 0.77
Epoch [17/100] - [TRAIN] Loss: 0.4934, Accuracy: 77.57%, AUC: 0.77 [VAL] Loss: 0.4836, Accuracy: 78.02%, Precision: 0.81, Recall: 0.71, F1-Score: 0.76, AUC: 0.78
Epoch [18/100] - [TRAIN] Loss: 0.4974, Accuracy: 77.36%, AUC: 0.77 [VAL] Loss: 0.4826, Accuracy: 77.37%, Precision: 0.79, Recall: 0.72, F1-Score: 0.75, AUC: 0.77
Epoch [19/100] - [TRAIN] Loss: 0.4932, Accuracy: 77.41%, AUC: 0.77 [VAL] Loss: 0.4829, Accuracy: 77.69%, Precision: 0.81, Recall: 0.71, F1-Score: 0.76, AUC: 0.78
Epoch [20/100] - [TRAIN] Loss: 0.4950, Accuracy: 77.45%, AUC: 0.77 [VAL] Loss: 0.4723, Accuracy: 78.45%, Precision: 0.81, Recall: 0.73, F1-Score: 0.77, AUC: 0.78
Epoch [21/100] - [TRAIN] Loss: 0.4952, Accuracy: 77.42%, AUC: 0.77 [VAL] Loss: 0.4784, Accuracy: 78.21%, Precision: 0.81, Recall: 0.72, F1-Score: 0.76, AUC: 0.78
Epoch [22/100] - [TRAIN] Loss: 0.4956, Accuracy: 77.52%, AUC: 0.77 [VAL] Loss: 0.4667, Accuracy: 78.43%, Precision: 0.81, Recall: 0.72, F1-Score: 0.76, AUC: 0.78
Epoch [23/100] - [TRAIN] Loss: 0.4943, Accuracy: 77.50%, AUC: 0.77 [VAL] Loss: 0.4700, Accuracy: 78.82%, Precision: 0.81, Recall: 0.73, F1-Score: 0.77, AUC: 0.79
Epoch [24/100] - [TRAIN] Loss: 0.4926, Accuracy: 77.61%, AUC: 0.77 [VAL] Loss: 0.4725, Accuracy: 78.35%, Precision: 0.81, Recall: 0.72, F1-Score: 0.76, AUC: 0.78
Epoch [25/100] - [TRAIN] Loss: 0.4965, Accuracy: 77.33%, AUC: 0.77 [VAL] Loss: 0.4727, Accuracy: 78.55%, Precision: 0.81, Recall: 0.73, F1-Score: 0.77, AUC: 0.78
Epoch [26/100] - [TRAIN] Loss: 0.4916, Accuracy: 77.56%, AUC: 0.77 [VAL] Loss: 0.4735, Accuracy: 77.93%, Precision: 0.81, Recall: 0.71, F1-Score: 0.76, AUC: 0.78
Epoch [27/100] - [TRAIN] Loss: 0.4949, Accuracy: 77.35%, AUC: 0.77 [VAL] Loss: 0.4791, Accuracy: 77.94%, Precision: 0.81, Recall: 0.72, F1-Score: 0.76, AUC: 0.78
Epoch [28/100] - [TRAIN] Loss: 0.4928, Accuracy: 77.56%, AUC: 0.77 [VAL] Loss: 0.4710, Accuracy: 78.19%, Precision: 0.80, Recall: 0.73, F1-Score: 0.76, AUC: 0.78
Epoch [29/100] - [TRAIN] Loss: 0.4948, Accuracy: 77.48%, AUC: 0.77 [VAL] Loss: 0.4766, Accuracy: 77.73%, Precision: 0.81, Recall: 0.71, F1-Score: 0.76, AUC: 0.78
Epoch [30/100] - [TRAIN] Loss: 0.4954, Accuracy: 77.47%, AUC: 0.77 [VAL] Loss: 0.4738, Accuracy: 78.31%, Precision: 0.81, Recall: 0.72, F1-Score: 0.76, AUC: 0.78
Epoch [31/100] - [TRAIN] Loss: 0.4925, Accuracy: 77.55%, AUC: 0.77 [VAL] Loss: 0.4700, Accuracy: 78.54%, Precision: 0.81, Recall: 0.73, F1-Score: 0.77, AUC: 0.78
Epoch [32/100] - [TRAIN] Loss: 0.4983, Accuracy: 77.35%, AUC: 0.77 [VAL] Loss: 0.4794, Accuracy: 77.61%, Precision: 0.80, Recall: 0.71, F1-Score: 0.75, AUC: 0.77
Epoch [33/100] - [TRAIN] Loss: 0.4941, Accuracy: 77.72%, AUC: 0.77 [VAL] Loss: 0.4716, Accuracy: 78.15%, Precision: 0.80, Recall: 0.72, F1-Score: 0.76, AUC: 0.78
Epoch [34/100] - [TRAIN] Loss: 0.4937, Accuracy: 77.44%, AUC: 0.77 [VAL] Loss: 0.4750, Accuracy: 77.91%, Precision: 0.80, Recall: 0.73, F1-Score: 0.76, AUC: 0.78
Epoch [35/100] - [TRAIN] Loss: 0.4903, Accuracy: 77.78%, AUC: 0.78 [VAL] Loss: 0.4811, Accuracy: 77.72%, Precision: 0.80, Recall: 0.71, F1-Score: 0.75, AUC: 0.77
Epoch [36/100] - [TRAIN] Loss: 0.4930, Accuracy: 77.48%, AUC: 0.77 [VAL] Loss: 0.4774, Accuracy: 78.09%, Precision: 0.80, Recall: 0.72, F1-Score: 0.76, AUC: 0.78
Epoch [37/100] - [TRAIN] Loss: 0.4957, Accuracy: 77.49%, AUC: 0.77 [VAL] Loss: 0.4700, Accuracy: 79.25%, Precision: 0.81, Recall: 0.74, F1-Score: 0.77, AUC: 0.79
Epoch [38/100] - [TRAIN] Loss: 0.4939, Accuracy: 77.52%, AUC: 0.77 [VAL] Loss: 0.4661, Accuracy: 78.73%, Precision: 0.81, Recall: 0.73, F1-Score: 0.77, AUC: 0.79
Epoch [39/100] - [TRAIN] Loss: 0.4942, Accuracy: 77.59%, AUC: 0.77 [VAL] Loss: 0.4720, Accuracy: 78.07%, Precision: 0.80, Recall: 0.72, F1-Score: 0.76, AUC: 0.78
Epoch [40/100] - [TRAIN] Loss: 0.4995, Accuracy: 77.22%, AUC: 0.77 [VAL] Loss: 0.4762, Accuracy: 78.37%, Precision: 0.81, Recall: 0.72, F1-Score: 0.76, AUC: 0.78
Epoch [41/100] - [TRAIN] Loss: 0.4933, Accuracy: 77.36%, AUC: 0.77 [VAL] Loss: 0.4775, Accuracy: 78.15%, Precision: 0.81, Recall: 0.72, F1-Score: 0.76, AUC: 0.78
Epoch [42/100] - [TRAIN] Loss: 0.4934, Accuracy: 77.52%, AUC: 0.77 [VAL] Loss: 0.4654, Accuracy: 79.14%, Precision: 0.82, Recall: 0.73, F1-Score: 0.77, AUC: 0.79
Epoch [43/100] - [TRAIN] Loss: 0.4966, Accuracy: 77.52%, AUC: 0.77 [VAL] Loss: 0.4762, Accuracy: 78.09%, Precision: 0.81, Recall: 0.72, F1-Score: 0.76, AUC: 0.78
Epoch [44/100] - [TRAIN] Loss: 0.4952, Accuracy: 77.44%, AUC: 0.77 [VAL] Loss: 0.4757, Accuracy: 78.21%, Precision: 0.81, Recall: 0.72, F1-Score: 0.76, AUC: 0.78
Epoch [45/100] - [TRAIN] Loss: 0.4940, Accuracy: 77.47%, AUC: 0.77 [VAL] Loss: 0.4718, Accuracy: 78.38%, Precision: 0.82, Recall: 0.72, F1-Score: 0.77, AUC: 0.78
Epoch [46/100] - [TRAIN] Loss: 0.4927, Accuracy: 77.65%, AUC: 0.77 [VAL] Loss: 0.4752, Accuracy: 77.76%, Precision: 0.80, Recall: 0.72, F1-Score: 0.76, AUC: 0.78
Epoch [47/100] - [TRAIN] Loss: 0.4956, Accuracy: 77.58%, AUC: 0.77 [VAL] Loss: 0.4847, Accuracy: 77.53%, Precision: 0.79, Recall: 0.72, F1-Score: 0.75, AUC: 0.77
Epoch [48/100] - [TRAIN] Loss: 0.4958, Accuracy: 77.25%, AUC: 0.77 [VAL] Loss: 0.4700, Accuracy: 78.47%, Precision: 0.81, Recall: 0.72, F1-Score: 0.76, AUC: 0.78
Epoch [49/100] - [TRAIN] Loss: 0.4913, Accuracy: 77.68%, AUC: 0.78 [VAL] Loss: 0.4829, Accuracy: 77.96%, Precision: 0.81, Recall: 0.71, F1-Score: 0.76, AUC: 0.78
Epoch [50/100] - [TRAIN] Loss: 0.4923, Accuracy: 77.62%, AUC: 0.77 [VAL] Loss: 0.4722, Accuracy: 78.41%, Precision: 0.80, Recall: 0.73, F1-Score: 0.77, AUC: 0.78
Epoch [51/100] - [TRAIN] Loss: 0.4938, Accuracy: 77.54%, AUC: 0.77 [VAL] Loss: 0.4798, Accuracy: 77.85%, Precision: 0.80, Recall: 0.72, F1-Score: 0.76, AUC: 0.78
Epoch [52/100] - [TRAIN] Loss: 0.4936, Accuracy: 77.52%, AUC: 0.77 [VAL] Loss: 0.4668, Accuracy: 78.59%, Precision: 0.82, Recall: 0.73, F1-Score: 0.77, AUC: 0.78
Epoch [53/100] - [TRAIN] Loss: 0.4900, Accuracy: 77.72%, AUC: 0.78 [VAL] Loss: 0.4862, Accuracy: 77.64%, Precision: 0.80, Recall: 0.71, F1-Score: 0.75, AUC: 0.77
Epoch [54/100] - [TRAIN] Loss: 0.4960, Accuracy: 77.48%, AUC: 0.77 [VAL] Loss: 0.4742, Accuracy: 78.11%, Precision: 0.80, Recall: 0.72, F1-Score: 0.76, AUC: 0.78
Epoch [55/100] - [TRAIN] Loss: 0.4924, Accuracy: 77.68%, AUC: 0.78 [VAL] Loss: 0.4803, Accuracy: 77.42%, Precision: 0.80, Recall: 0.71, F1-Score: 0.75, AUC: 0.77
Epoch [56/100] - [TRAIN] Loss: 0.4946, Accuracy: 77.70%, AUC: 0.77 [VAL] Loss: 0.4712, Accuracy: 78.50%, Precision: 0.81, Recall: 0.72, F1-Score: 0.76, AUC: 0.78
Epoch [57/100] - [TRAIN] Loss: 0.4951, Accuracy: 77.50%, AUC: 0.77 [VAL] Loss: 0.4744, Accuracy: 78.33%, Precision: 0.80, Recall: 0.73, F1-Score: 0.76, AUC: 0.78
Epoch [58/100] - [TRAIN] Loss: 0.4960, Accuracy: 77.67%, AUC: 0.77 [VAL] Loss: 0.4764, Accuracy: 78.09%, Precision: 0.81, Recall: 0.72, F1-Score: 0.76, AUC: 0.78
Epoch [59/100] - [TRAIN] Loss: 0.4964, Accuracy: 77.49%, AUC: 0.77 [VAL] Loss: 0.4703, Accuracy: 78.57%, Precision: 0.80, Recall: 0.73, F1-Score: 0.76, AUC: 0.78
Epoch [60/100] - [TRAIN] Loss: 0.4921, Accuracy: 77.53%, AUC: 0.77 [VAL] Loss: 0.4653, Accuracy: 78.89%, Precision: 0.82, Recall: 0.73, F1-Score: 0.77, AUC: 0.79
Epoch [61/100] - [TRAIN] Loss: 0.4945, Accuracy: 77.41%, AUC: 0.77 [VAL] Loss: 0.4721, Accuracy: 78.41%, Precision: 0.81, Recall: 0.73, F1-Score: 0.77, AUC: 0.78
Epoch [62/100] - [TRAIN] Loss: 0.4947, Accuracy: 77.62%, AUC: 0.77 [VAL] Loss: 0.4786, Accuracy: 78.10%, Precision: 0.81, Recall: 0.72, F1-Score: 0.76, AUC: 0.78
Epoch [63/100] - [TRAIN] Loss: 0.4928, Accuracy: 77.56%, AUC: 0.77 [VAL] Loss: 0.4732, Accuracy: 78.30%, Precision: 0.81, Recall: 0.73, F1-Score: 0.77, AUC: 0.78
Epoch [64/100] - [TRAIN] Loss: 0.4974, Accuracy: 77.24%, AUC: 0.77 [VAL] Loss: 0.4701, Accuracy: 77.92%, Precision: 0.79, Recall: 0.73, F1-Score: 0.76, AUC: 0.78
Epoch [65/100] - [TRAIN] Loss: 0.4936, Accuracy: 77.45%, AUC: 0.77 [VAL] Loss: 0.4756, Accuracy: 78.18%, Precision: 0.80, Recall: 0.72, F1-Score: 0.76, AUC: 0.78
Epoch [66/100] - [TRAIN] Loss: 0.4903, Accuracy: 77.73%, AUC: 0.78 [VAL] Loss: 0.4814, Accuracy: 78.42%, Precision: 0.81, Recall: 0.73, F1-Score: 0.76, AUC: 0.78
Epoch [67/100] - [TRAIN] Loss: 0.4952, Accuracy: 77.52%, AUC: 0.77 [VAL] Loss: 0.4725, Accuracy: 78.60%, Precision: 0.81, Recall: 0.73, F1-Score: 0.77, AUC: 0.78
Epoch [68/100] - [TRAIN] Loss: 0.4910, Accuracy: 77.58%, AUC: 0.77 [VAL] Loss: 0.4737, Accuracy: 78.20%, Precision: 0.80, Recall: 0.73, F1-Score: 0.76, AUC: 0.78
Epoch [69/100] - [TRAIN] Loss: 0.4955, Accuracy: 77.42%, AUC: 0.77 [VAL] Loss: 0.4685, Accuracy: 78.56%, Precision: 0.81, Recall: 0.73, F1-Score: 0.77, AUC: 0.78
Epoch [70/100] - [TRAIN] Loss: 0.4942, Accuracy: 77.38%, AUC: 0.77 [VAL] Loss: 0.4804, Accuracy: 77.77%, Precision: 0.80, Recall: 0.72, F1-Score: 0.76, AUC: 0.78
Epoch [71/100] - [TRAIN] Loss: 0.4949, Accuracy: 77.42%, AUC: 0.77 [VAL] Loss: 0.4692, Accuracy: 78.83%, Precision: 0.80, Recall: 0.73, F1-Score: 0.77, AUC: 0.79
Epoch [72/100] - [TRAIN] Loss: 0.4942, Accuracy: 77.66%, AUC: 0.77 [VAL] Loss: 0.4781, Accuracy: 77.54%, Precision: 0.80, Recall: 0.71, F1-Score: 0.75, AUC: 0.77
Epoch [73/100] - [TRAIN] Loss: 0.4951, Accuracy: 77.42%, AUC: 0.77 [VAL] Loss: 0.4770, Accuracy: 78.13%, Precision: 0.81, Recall: 0.72, F1-Score: 0.76, AUC: 0.78
Epoch [74/100] - [TRAIN] Loss: 0.4954, Accuracy: 77.42%, AUC: 0.77 [VAL] Loss: 0.4792, Accuracy: 78.05%, Precision: 0.81, Recall: 0.72, F1-Score: 0.76, AUC: 0.78
Epoch [75/100] - [TRAIN] Loss: 0.4927, Accuracy: 77.56%, AUC: 0.77 [VAL] Loss: 0.4772, Accuracy: 77.97%, Precision: 0.80, Recall: 0.72, F1-Score: 0.76, AUC: 0.78
Epoch [76/100] - [TRAIN] Loss: 0.4947, Accuracy: 77.52%, AUC: 0.77 [VAL] Loss: 0.4740, Accuracy: 77.82%, Precision: 0.81, Recall: 0.72, F1-Score: 0.76, AUC: 0.78
Epoch [77/100] - [TRAIN] Loss: 0.4947, Accuracy: 77.50%, AUC: 0.77 [VAL] Loss: 0.4742, Accuracy: 78.18%, Precision: 0.80, Recall: 0.73, F1-Score: 0.77, AUC: 0.78
Epoch [78/100] - [TRAIN] Loss: 0.4929, Accuracy: 77.44%, AUC: 0.77 [VAL] Loss: 0.4642, Accuracy: 78.96%, Precision: 0.81, Recall: 0.74, F1-Score: 0.77, AUC: 0.79
Epoch [79/100] - [TRAIN] Loss: 0.4939, Accuracy: 77.66%, AUC: 0.77 [VAL] Loss: 0.4794, Accuracy: 78.22%, Precision: 0.80, Recall: 0.73, F1-Score: 0.76, AUC: 0.78
Epoch [80/100] - [TRAIN] Loss: 0.4932, Accuracy: 77.65%, AUC: 0.77 [VAL] Loss: 0.4692, Accuracy: 78.00%, Precision: 0.81, Recall: 0.72, F1-Score: 0.76, AUC: 0.78
Epoch [81/100] - [TRAIN] Loss: 0.4950, Accuracy: 77.40%, AUC: 0.77 [VAL] Loss: 0.4690, Accuracy: 78.63%, Precision: 0.81, Recall: 0.73, F1-Score: 0.77, AUC: 0.79
Epoch [82/100] - [TRAIN] Loss: 0.4933, Accuracy: 77.54%, AUC: 0.77 [VAL] Loss: 0.4680, Accuracy: 78.51%, Precision: 0.81, Recall: 0.74, F1-Score: 0.77, AUC: 0.78
Epoch [83/100] - [TRAIN] Loss: 0.4952, Accuracy: 77.42%, AUC: 0.77 [VAL] Loss: 0.4749, Accuracy: 78.30%, Precision: 0.81, Recall: 0.72, F1-Score: 0.76, AUC: 0.78
Epoch [84/100] - [TRAIN] Loss: 0.4946, Accuracy: 77.53%, AUC: 0.77 [VAL] Loss: 0.4849, Accuracy: 77.25%, Precision: 0.79, Recall: 0.71, F1-Score: 0.75, AUC: 0.77
Epoch [85/100] - [TRAIN] Loss: 0.4933, Accuracy: 77.68%, AUC: 0.78 [VAL] Loss: 0.4785, Accuracy: 77.59%, Precision: 0.80, Recall: 0.72, F1-Score: 0.76, AUC: 0.77
Epoch [86/100] - [TRAIN] Loss: 0.4927, Accuracy: 77.53%, AUC: 0.77 [VAL] Loss: 0.4601, Accuracy: 78.73%, Precision: 0.81, Recall: 0.73, F1-Score: 0.77, AUC: 0.79
Epoch [87/100] - [TRAIN] Loss: 0.4979, Accuracy: 77.17%, AUC: 0.77 [VAL] Loss: 0.4798, Accuracy: 78.17%, Precision: 0.81, Recall: 0.73, F1-Score: 0.76, AUC: 0.78
Epoch [88/100] - [TRAIN] Loss: 0.4923, Accuracy: 77.64%, AUC: 0.77 [VAL] Loss: 0.4711, Accuracy: 77.75%, Precision: 0.81, Recall: 0.72, F1-Score: 0.76, AUC: 0.78
Epoch [89/100] - [TRAIN] Loss: 0.4916, Accuracy: 77.63%, AUC: 0.77 [VAL] Loss: 0.4750, Accuracy: 78.60%, Precision: 0.82, Recall: 0.73, F1-Score: 0.77, AUC: 0.78
Epoch [90/100] - [TRAIN] Loss: 0.4942, Accuracy: 77.47%, AUC: 0.77 [VAL] Loss: 0.4697, Accuracy: 78.40%, Precision: 0.80, Recall: 0.73, F1-Score: 0.76, AUC: 0.78
Epoch [91/100] - [TRAIN] Loss: 0.4926, Accuracy: 77.49%, AUC: 0.77 [VAL] Loss: 0.4768, Accuracy: 78.37%, Precision: 0.82, Recall: 0.72, F1-Score: 0.77, AUC: 0.78
Epoch [92/100] - [TRAIN] Loss: 0.4953, Accuracy: 77.30%, AUC: 0.77 [VAL] Loss: 0.4863, Accuracy: 78.07%, Precision: 0.80, Recall: 0.72, F1-Score: 0.76, AUC: 0.78
Epoch [93/100] - [TRAIN] Loss: 0.4946, Accuracy: 77.49%, AUC: 0.77 [VAL] Loss: 0.4749, Accuracy: 77.53%, Precision: 0.80, Recall: 0.71, F1-Score: 0.75, AUC: 0.77
Epoch [94/100] - [TRAIN] Loss: 0.4939, Accuracy: 77.55%, AUC: 0.77 [VAL] Loss: 0.4724, Accuracy: 78.38%, Precision: 0.81, Recall: 0.72, F1-Score: 0.76, AUC: 0.78
Epoch [95/100] - [TRAIN] Loss: 0.4973, Accuracy: 77.32%, AUC: 0.77 [VAL] Loss: 0.4826, Accuracy: 78.05%, Precision: 0.80, Recall: 0.72, F1-Score: 0.76, AUC: 0.78
Epoch [96/100] - [TRAIN] Loss: 0.4950, Accuracy: 77.46%, AUC: 0.77 [VAL] Loss: 0.4682, Accuracy: 78.72%, Precision: 0.81, Recall: 0.73, F1-Score: 0.77, AUC: 0.79
Epoch [97/100] - [TRAIN] Loss: 0.4918, Accuracy: 77.58%, AUC: 0.77 [VAL] Loss: 0.4776, Accuracy: 77.83%, Precision: 0.80, Recall: 0.72, F1-Score: 0.76, AUC: 0.78
Epoch [98/100] - [TRAIN] Loss: 0.4926, Accuracy: 77.66%, AUC: 0.78 [VAL] Loss: 0.4758, Accuracy: 77.60%, Precision: 0.80, Recall: 0.72, F1-Score: 0.76, AUC: 0.77
Epoch [99/100] - [TRAIN] Loss: 0.4909, Accuracy: 77.47%, AUC: 0.77 [VAL] Loss: 0.4819, Accuracy: 77.72%, Precision: 0.80, Recall: 0.72, F1-Score: 0.76, AUC: 0.78
Epoch [100/100] - [TRAIN] Loss: 0.4964, Accuracy: 77.25%, AUC: 0.77 [VAL] Loss: 0.4770, Accuracy: 78.20%, Precision: 0.80, Recall: 0.73, F1-Score: 0.76, AUC: 0.78
Accuracy Score on test set: 78.03 %
    AUC Score on test set: 0.78
    Precision: 0.7990
    Recall: 0.7258
    F1-Score: 0.7606

    Detailed Classification Report:
                  precision    recall  f1-score   support

           0       0.77      0.83      0.80      5190
           1       0.80      0.73      0.76      4810

    accuracy                           0.78     10000
   macro avg       0.78      0.78      0.78     10000
weighted avg       0.78      0.78      0.78     10000


    Confusion Matrix:
    [[4312  878]
 [1319 3491]]
    
008-H3K4me3-H3K27me3
Epoch [1/100] - [TRAIN] Loss: 0.5622, Accuracy: 73.77%, AUC: 0.74 [VAL] Loss: 0.5041, Accuracy: 76.60%, Precision: 0.78, Recall: 0.71, F1-Score: 0.75, AUC: 0.76
Epoch [2/100] - [TRAIN] Loss: 0.5314, Accuracy: 75.20%, AUC: 0.75 [VAL] Loss: 0.4948, Accuracy: 77.01%, Precision: 0.79, Recall: 0.72, F1-Score: 0.75, AUC: 0.77
Epoch [3/100] - [TRAIN] Loss: 0.5221, Accuracy: 75.54%, AUC: 0.75 [VAL] Loss: 0.4840, Accuracy: 77.10%, Precision: 0.78, Recall: 0.74, F1-Score: 0.76, AUC: 0.77
Epoch [4/100] - [TRAIN] Loss: 0.5184, Accuracy: 75.73%, AUC: 0.76 [VAL] Loss: 0.4907, Accuracy: 77.30%, Precision: 0.78, Recall: 0.73, F1-Score: 0.76, AUC: 0.77
Epoch [5/100] - [TRAIN] Loss: 0.5148, Accuracy: 75.78%, AUC: 0.76 [VAL] Loss: 0.4844, Accuracy: 77.48%, Precision: 0.77, Recall: 0.73, F1-Score: 0.75, AUC: 0.77
Epoch [6/100] - [TRAIN] Loss: 0.5165, Accuracy: 75.77%, AUC: 0.76 [VAL] Loss: 0.4852, Accuracy: 76.99%, Precision: 0.79, Recall: 0.72, F1-Score: 0.75, AUC: 0.77
Epoch [7/100] - [TRAIN] Loss: 0.5143, Accuracy: 75.62%, AUC: 0.75 [VAL] Loss: 0.4912, Accuracy: 76.58%, Precision: 0.79, Recall: 0.71, F1-Score: 0.74, AUC: 0.76
Epoch [8/100] - [TRAIN] Loss: 0.5124, Accuracy: 75.83%, AUC: 0.76 [VAL] Loss: 0.4938, Accuracy: 76.06%, Precision: 0.77, Recall: 0.71, F1-Score: 0.74, AUC: 0.76
Epoch [9/100] - [TRAIN] Loss: 0.5098, Accuracy: 75.94%, AUC: 0.76 [VAL] Loss: 0.4957, Accuracy: 76.38%, Precision: 0.79, Recall: 0.72, F1-Score: 0.75, AUC: 0.76
Epoch [10/100] - [TRAIN] Loss: 0.5140, Accuracy: 75.70%, AUC: 0.76 [VAL] Loss: 0.4886, Accuracy: 76.93%, Precision: 0.79, Recall: 0.72, F1-Score: 0.75, AUC: 0.77
Epoch [11/100] - [TRAIN] Loss: 0.5126, Accuracy: 75.57%, AUC: 0.75 [VAL] Loss: 0.4861, Accuracy: 76.66%, Precision: 0.78, Recall: 0.71, F1-Score: 0.75, AUC: 0.76
Epoch [12/100] - [TRAIN] Loss: 0.5113, Accuracy: 75.98%, AUC: 0.76 [VAL] Loss: 0.4950, Accuracy: 76.63%, Precision: 0.78, Recall: 0.72, F1-Score: 0.75, AUC: 0.76
Epoch [13/100] - [TRAIN] Loss: 0.5120, Accuracy: 75.78%, AUC: 0.76 [VAL] Loss: 0.4914, Accuracy: 76.59%, Precision: 0.78, Recall: 0.72, F1-Score: 0.75, AUC: 0.76
Epoch [14/100] - [TRAIN] Loss: 0.5129, Accuracy: 75.69%, AUC: 0.76 [VAL] Loss: 0.4995, Accuracy: 76.40%, Precision: 0.78, Recall: 0.71, F1-Score: 0.75, AUC: 0.76
Epoch [15/100] - [TRAIN] Loss: 0.5129, Accuracy: 75.79%, AUC: 0.76 [VAL] Loss: 0.4868, Accuracy: 76.83%, Precision: 0.78, Recall: 0.72, F1-Score: 0.75, AUC: 0.77
Epoch [16/100] - [TRAIN] Loss: 0.5123, Accuracy: 75.90%, AUC: 0.76 [VAL] Loss: 0.4871, Accuracy: 77.04%, Precision: 0.78, Recall: 0.72, F1-Score: 0.75, AUC: 0.77
Epoch [17/100] - [TRAIN] Loss: 0.5112, Accuracy: 75.92%, AUC: 0.76 [VAL] Loss: 0.4908, Accuracy: 77.12%, Precision: 0.79, Recall: 0.72, F1-Score: 0.75, AUC: 0.77
Epoch [18/100] - [TRAIN] Loss: 0.5117, Accuracy: 75.76%, AUC: 0.76 [VAL] Loss: 0.4861, Accuracy: 77.41%, Precision: 0.78, Recall: 0.73, F1-Score: 0.75, AUC: 0.77
Epoch [19/100] - [TRAIN] Loss: 0.5087, Accuracy: 76.03%, AUC: 0.76 [VAL] Loss: 0.4899, Accuracy: 76.67%, Precision: 0.78, Recall: 0.72, F1-Score: 0.75, AUC: 0.76
Epoch [20/100] - [TRAIN] Loss: 0.5121, Accuracy: 75.80%, AUC: 0.76 [VAL] Loss: 0.4827, Accuracy: 77.30%, Precision: 0.79, Recall: 0.73, F1-Score: 0.76, AUC: 0.77
Epoch [21/100] - [TRAIN] Loss: 0.5150, Accuracy: 75.72%, AUC: 0.76 [VAL] Loss: 0.4818, Accuracy: 77.36%, Precision: 0.79, Recall: 0.73, F1-Score: 0.76, AUC: 0.77
Epoch [22/100] - [TRAIN] Loss: 0.5122, Accuracy: 75.79%, AUC: 0.76 [VAL] Loss: 0.4901, Accuracy: 77.13%, Precision: 0.79, Recall: 0.71, F1-Score: 0.75, AUC: 0.77
Epoch [23/100] - [TRAIN] Loss: 0.5123, Accuracy: 75.87%, AUC: 0.76 [VAL] Loss: 0.4878, Accuracy: 76.79%, Precision: 0.79, Recall: 0.72, F1-Score: 0.75, AUC: 0.77
Epoch [24/100] - [TRAIN] Loss: 0.5133, Accuracy: 75.88%, AUC: 0.76 [VAL] Loss: 0.4837, Accuracy: 76.90%, Precision: 0.79, Recall: 0.72, F1-Score: 0.75, AUC: 0.77
Epoch [25/100] - [TRAIN] Loss: 0.5142, Accuracy: 75.76%, AUC: 0.76 [VAL] Loss: 0.4901, Accuracy: 76.58%, Precision: 0.78, Recall: 0.72, F1-Score: 0.75, AUC: 0.76
Epoch [26/100] - [TRAIN] Loss: 0.5111, Accuracy: 75.92%, AUC: 0.76 [VAL] Loss: 0.4969, Accuracy: 76.51%, Precision: 0.78, Recall: 0.71, F1-Score: 0.74, AUC: 0.76
Epoch [27/100] - [TRAIN] Loss: 0.5139, Accuracy: 75.83%, AUC: 0.76 [VAL] Loss: 0.4891, Accuracy: 77.05%, Precision: 0.79, Recall: 0.72, F1-Score: 0.76, AUC: 0.77
Epoch [28/100] - [TRAIN] Loss: 0.5136, Accuracy: 75.66%, AUC: 0.76 [VAL] Loss: 0.4878, Accuracy: 77.12%, Precision: 0.78, Recall: 0.73, F1-Score: 0.76, AUC: 0.77
Epoch [29/100] - [TRAIN] Loss: 0.5115, Accuracy: 76.05%, AUC: 0.76 [VAL] Loss: 0.4833, Accuracy: 77.05%, Precision: 0.79, Recall: 0.72, F1-Score: 0.76, AUC: 0.77
Epoch [30/100] - [TRAIN] Loss: 0.5099, Accuracy: 76.00%, AUC: 0.76 [VAL] Loss: 0.4965, Accuracy: 76.81%, Precision: 0.79, Recall: 0.71, F1-Score: 0.75, AUC: 0.77
Epoch [31/100] - [TRAIN] Loss: 0.5117, Accuracy: 76.00%, AUC: 0.76 [VAL] Loss: 0.4848, Accuracy: 77.31%, Precision: 0.79, Recall: 0.72, F1-Score: 0.76, AUC: 0.77
Epoch [32/100] - [TRAIN] Loss: 0.5123, Accuracy: 75.94%, AUC: 0.76 [VAL] Loss: 0.4857, Accuracy: 76.48%, Precision: 0.78, Recall: 0.72, F1-Score: 0.75, AUC: 0.76
Epoch [33/100] - [TRAIN] Loss: 0.5105, Accuracy: 75.90%, AUC: 0.76 [VAL] Loss: 0.4954, Accuracy: 76.62%, Precision: 0.78, Recall: 0.71, F1-Score: 0.74, AUC: 0.76
Epoch [34/100] - [TRAIN] Loss: 0.5122, Accuracy: 75.77%, AUC: 0.76 [VAL] Loss: 0.4888, Accuracy: 76.45%, Precision: 0.78, Recall: 0.71, F1-Score: 0.74, AUC: 0.76
Epoch [35/100] - [TRAIN] Loss: 0.5105, Accuracy: 75.80%, AUC: 0.76 [VAL] Loss: 0.4876, Accuracy: 76.83%, Precision: 0.79, Recall: 0.71, F1-Score: 0.75, AUC: 0.77
Epoch [36/100] - [TRAIN] Loss: 0.5122, Accuracy: 75.92%, AUC: 0.76 [VAL] Loss: 0.4866, Accuracy: 76.61%, Precision: 0.78, Recall: 0.72, F1-Score: 0.75, AUC: 0.76
Epoch [37/100] - [TRAIN] Loss: 0.5118, Accuracy: 75.94%, AUC: 0.76 [VAL] Loss: 0.4832, Accuracy: 76.99%, Precision: 0.78, Recall: 0.72, F1-Score: 0.75, AUC: 0.77
Epoch [38/100] - [TRAIN] Loss: 0.5129, Accuracy: 75.71%, AUC: 0.76 [VAL] Loss: 0.4887, Accuracy: 76.80%, Precision: 0.78, Recall: 0.71, F1-Score: 0.75, AUC: 0.77
Epoch [39/100] - [TRAIN] Loss: 0.5112, Accuracy: 75.87%, AUC: 0.76 [VAL] Loss: 0.4890, Accuracy: 76.55%, Precision: 0.77, Recall: 0.73, F1-Score: 0.75, AUC: 0.76
Epoch [40/100] - [TRAIN] Loss: 0.5116, Accuracy: 75.87%, AUC: 0.76 [VAL] Loss: 0.4913, Accuracy: 76.33%, Precision: 0.78, Recall: 0.72, F1-Score: 0.74, AUC: 0.76
Epoch [41/100] - [TRAIN] Loss: 0.5109, Accuracy: 75.88%, AUC: 0.76 [VAL] Loss: 0.4904, Accuracy: 76.45%, Precision: 0.79, Recall: 0.71, F1-Score: 0.74, AUC: 0.76
Epoch [42/100] - [TRAIN] Loss: 0.5111, Accuracy: 75.97%, AUC: 0.76 [VAL] Loss: 0.4861, Accuracy: 76.84%, Precision: 0.79, Recall: 0.72, F1-Score: 0.75, AUC: 0.77
Epoch [43/100] - [TRAIN] Loss: 0.5137, Accuracy: 75.61%, AUC: 0.75 [VAL] Loss: 0.4907, Accuracy: 76.48%, Precision: 0.78, Recall: 0.71, F1-Score: 0.74, AUC: 0.76
Epoch [44/100] - [TRAIN] Loss: 0.5112, Accuracy: 75.92%, AUC: 0.76 [VAL] Loss: 0.4895, Accuracy: 76.85%, Precision: 0.79, Recall: 0.71, F1-Score: 0.75, AUC: 0.77
Epoch [45/100] - [TRAIN] Loss: 0.5112, Accuracy: 75.91%, AUC: 0.76 [VAL] Loss: 0.4848, Accuracy: 77.49%, Precision: 0.78, Recall: 0.73, F1-Score: 0.75, AUC: 0.77
Epoch [46/100] - [TRAIN] Loss: 0.5117, Accuracy: 75.82%, AUC: 0.76 [VAL] Loss: 0.4933, Accuracy: 76.87%, Precision: 0.79, Recall: 0.71, F1-Score: 0.75, AUC: 0.77
Epoch [47/100] - [TRAIN] Loss: 0.5119, Accuracy: 75.95%, AUC: 0.76 [VAL] Loss: 0.4964, Accuracy: 76.84%, Precision: 0.78, Recall: 0.71, F1-Score: 0.75, AUC: 0.77
Epoch [48/100] - [TRAIN] Loss: 0.5118, Accuracy: 75.87%, AUC: 0.76 [VAL] Loss: 0.4940, Accuracy: 76.54%, Precision: 0.78, Recall: 0.71, F1-Score: 0.75, AUC: 0.76
Epoch [49/100] - [TRAIN] Loss: 0.5115, Accuracy: 75.89%, AUC: 0.76 [VAL] Loss: 0.4945, Accuracy: 76.42%, Precision: 0.78, Recall: 0.71, F1-Score: 0.74, AUC: 0.76
Epoch [50/100] - [TRAIN] Loss: 0.5137, Accuracy: 75.84%, AUC: 0.76 [VAL] Loss: 0.4780, Accuracy: 77.50%, Precision: 0.79, Recall: 0.72, F1-Score: 0.75, AUC: 0.77
Epoch [51/100] - [TRAIN] Loss: 0.5114, Accuracy: 75.89%, AUC: 0.76 [VAL] Loss: 0.4845, Accuracy: 76.71%, Precision: 0.80, Recall: 0.71, F1-Score: 0.75, AUC: 0.77
Epoch [52/100] - [TRAIN] Loss: 0.5119, Accuracy: 75.95%, AUC: 0.76 [VAL] Loss: 0.4907, Accuracy: 76.27%, Precision: 0.77, Recall: 0.72, F1-Score: 0.74, AUC: 0.76
Epoch [53/100] - [TRAIN] Loss: 0.5091, Accuracy: 75.86%, AUC: 0.76 [VAL] Loss: 0.4916, Accuracy: 76.88%, Precision: 0.79, Recall: 0.71, F1-Score: 0.75, AUC: 0.77
Epoch [54/100] - [TRAIN] Loss: 0.5090, Accuracy: 75.86%, AUC: 0.76 [VAL] Loss: 0.4884, Accuracy: 76.86%, Precision: 0.78, Recall: 0.72, F1-Score: 0.75, AUC: 0.77
Epoch [55/100] - [TRAIN] Loss: 0.5125, Accuracy: 75.85%, AUC: 0.76 [VAL] Loss: 0.4984, Accuracy: 75.95%, Precision: 0.78, Recall: 0.71, F1-Score: 0.74, AUC: 0.76
Epoch [56/100] - [TRAIN] Loss: 0.5128, Accuracy: 75.78%, AUC: 0.76 [VAL] Loss: 0.4932, Accuracy: 76.12%, Precision: 0.78, Recall: 0.70, F1-Score: 0.74, AUC: 0.76
Epoch [57/100] - [TRAIN] Loss: 0.5122, Accuracy: 76.11%, AUC: 0.76 [VAL] Loss: 0.4829, Accuracy: 77.41%, Precision: 0.79, Recall: 0.73, F1-Score: 0.76, AUC: 0.77
Epoch [58/100] - [TRAIN] Loss: 0.5119, Accuracy: 75.87%, AUC: 0.76 [VAL] Loss: 0.4881, Accuracy: 76.65%, Precision: 0.79, Recall: 0.71, F1-Score: 0.74, AUC: 0.76
Epoch [59/100] - [TRAIN] Loss: 0.5098, Accuracy: 76.15%, AUC: 0.76 [VAL] Loss: 0.4892, Accuracy: 76.95%, Precision: 0.78, Recall: 0.72, F1-Score: 0.75, AUC: 0.77
Epoch [60/100] - [TRAIN] Loss: 0.5132, Accuracy: 75.75%, AUC: 0.76 [VAL] Loss: 0.4813, Accuracy: 77.46%, Precision: 0.79, Recall: 0.73, F1-Score: 0.76, AUC: 0.77
Epoch [61/100] - [TRAIN] Loss: 0.5131, Accuracy: 75.95%, AUC: 0.76 [VAL] Loss: 0.4850, Accuracy: 76.50%, Precision: 0.78, Recall: 0.72, F1-Score: 0.75, AUC: 0.76
Epoch [62/100] - [TRAIN] Loss: 0.5103, Accuracy: 76.10%, AUC: 0.76 [VAL] Loss: 0.4920, Accuracy: 76.93%, Precision: 0.78, Recall: 0.72, F1-Score: 0.75, AUC: 0.77
Epoch [63/100] - [TRAIN] Loss: 0.5111, Accuracy: 76.02%, AUC: 0.76 [VAL] Loss: 0.4938, Accuracy: 76.21%, Precision: 0.78, Recall: 0.72, F1-Score: 0.75, AUC: 0.76
Epoch [64/100] - [TRAIN] Loss: 0.5140, Accuracy: 75.73%, AUC: 0.76 [VAL] Loss: 0.4843, Accuracy: 76.89%, Precision: 0.79, Recall: 0.72, F1-Score: 0.75, AUC: 0.77
Epoch [65/100] - [TRAIN] Loss: 0.5114, Accuracy: 75.81%, AUC: 0.76 [VAL] Loss: 0.4836, Accuracy: 77.72%, Precision: 0.79, Recall: 0.72, F1-Score: 0.76, AUC: 0.77
Epoch [66/100] - [TRAIN] Loss: 0.5131, Accuracy: 75.83%, AUC: 0.76 [VAL] Loss: 0.4880, Accuracy: 76.94%, Precision: 0.79, Recall: 0.72, F1-Score: 0.75, AUC: 0.77
Epoch [67/100] - [TRAIN] Loss: 0.5093, Accuracy: 75.99%, AUC: 0.76 [VAL] Loss: 0.4830, Accuracy: 77.05%, Precision: 0.80, Recall: 0.72, F1-Score: 0.76, AUC: 0.77
Epoch [68/100] - [TRAIN] Loss: 0.5108, Accuracy: 75.97%, AUC: 0.76 [VAL] Loss: 0.4940, Accuracy: 76.51%, Precision: 0.78, Recall: 0.71, F1-Score: 0.75, AUC: 0.76
Epoch [69/100] - [TRAIN] Loss: 0.5137, Accuracy: 75.53%, AUC: 0.75 [VAL] Loss: 0.4909, Accuracy: 76.43%, Precision: 0.79, Recall: 0.71, F1-Score: 0.75, AUC: 0.76
Epoch [70/100] - [TRAIN] Loss: 0.5114, Accuracy: 75.98%, AUC: 0.76 [VAL] Loss: 0.4955, Accuracy: 76.81%, Precision: 0.78, Recall: 0.72, F1-Score: 0.75, AUC: 0.77
Epoch [71/100] - [TRAIN] Loss: 0.5106, Accuracy: 75.94%, AUC: 0.76 [VAL] Loss: 0.4872, Accuracy: 76.91%, Precision: 0.78, Recall: 0.72, F1-Score: 0.75, AUC: 0.77
Epoch [72/100] - [TRAIN] Loss: 0.5151, Accuracy: 75.58%, AUC: 0.75 [VAL] Loss: 0.4870, Accuracy: 76.56%, Precision: 0.78, Recall: 0.72, F1-Score: 0.75, AUC: 0.76
Epoch [73/100] - [TRAIN] Loss: 0.5118, Accuracy: 75.91%, AUC: 0.76 [VAL] Loss: 0.4946, Accuracy: 76.16%, Precision: 0.78, Recall: 0.72, F1-Score: 0.75, AUC: 0.76
Epoch [74/100] - [TRAIN] Loss: 0.5107, Accuracy: 75.91%, AUC: 0.76 [VAL] Loss: 0.4899, Accuracy: 76.79%, Precision: 0.78, Recall: 0.72, F1-Score: 0.75, AUC: 0.77
Epoch [75/100] - [TRAIN] Loss: 0.5119, Accuracy: 75.80%, AUC: 0.76 [VAL] Loss: 0.4851, Accuracy: 76.88%, Precision: 0.78, Recall: 0.73, F1-Score: 0.75, AUC: 0.77
Epoch [76/100] - [TRAIN] Loss: 0.5120, Accuracy: 75.76%, AUC: 0.76 [VAL] Loss: 0.4857, Accuracy: 76.77%, Precision: 0.79, Recall: 0.71, F1-Score: 0.75, AUC: 0.77
Epoch [77/100] - [TRAIN] Loss: 0.5138, Accuracy: 75.84%, AUC: 0.76 [VAL] Loss: 0.4910, Accuracy: 76.44%, Precision: 0.79, Recall: 0.71, F1-Score: 0.75, AUC: 0.76
Epoch [78/100] - [TRAIN] Loss: 0.5105, Accuracy: 75.96%, AUC: 0.76 [VAL] Loss: 0.4987, Accuracy: 76.29%, Precision: 0.77, Recall: 0.72, F1-Score: 0.74, AUC: 0.76
Epoch [79/100] - [TRAIN] Loss: 0.5106, Accuracy: 76.01%, AUC: 0.76 [VAL] Loss: 0.4881, Accuracy: 76.71%, Precision: 0.78, Recall: 0.72, F1-Score: 0.75, AUC: 0.77
Epoch [80/100] - [TRAIN] Loss: 0.5119, Accuracy: 76.07%, AUC: 0.76 [VAL] Loss: 0.4923, Accuracy: 76.20%, Precision: 0.78, Recall: 0.70, F1-Score: 0.74, AUC: 0.76
Epoch [81/100] - [TRAIN] Loss: 0.5109, Accuracy: 75.84%, AUC: 0.76 [VAL] Loss: 0.4909, Accuracy: 76.67%, Precision: 0.78, Recall: 0.72, F1-Score: 0.75, AUC: 0.77
Epoch [82/100] - [TRAIN] Loss: 0.5132, Accuracy: 75.50%, AUC: 0.75 [VAL] Loss: 0.4850, Accuracy: 76.69%, Precision: 0.78, Recall: 0.72, F1-Score: 0.75, AUC: 0.77
Epoch [83/100] - [TRAIN] Loss: 0.5126, Accuracy: 75.89%, AUC: 0.76 [VAL] Loss: 0.4808, Accuracy: 76.68%, Precision: 0.78, Recall: 0.72, F1-Score: 0.75, AUC: 0.77
Epoch [84/100] - [TRAIN] Loss: 0.5127, Accuracy: 75.72%, AUC: 0.76 [VAL] Loss: 0.4936, Accuracy: 76.24%, Precision: 0.77, Recall: 0.72, F1-Score: 0.75, AUC: 0.76
Epoch [85/100] - [TRAIN] Loss: 0.5101, Accuracy: 76.06%, AUC: 0.76 [VAL] Loss: 0.4816, Accuracy: 77.00%, Precision: 0.79, Recall: 0.72, F1-Score: 0.75, AUC: 0.77
Epoch [86/100] - [TRAIN] Loss: 0.5154, Accuracy: 75.72%, AUC: 0.76 [VAL] Loss: 0.4874, Accuracy: 76.82%, Precision: 0.79, Recall: 0.72, F1-Score: 0.75, AUC: 0.77
Epoch [87/100] - [TRAIN] Loss: 0.5096, Accuracy: 76.03%, AUC: 0.76 [VAL] Loss: 0.4907, Accuracy: 76.12%, Precision: 0.78, Recall: 0.71, F1-Score: 0.74, AUC: 0.76
Epoch [88/100] - [TRAIN] Loss: 0.5126, Accuracy: 75.86%, AUC: 0.76 [VAL] Loss: 0.4895, Accuracy: 76.57%, Precision: 0.78, Recall: 0.71, F1-Score: 0.75, AUC: 0.76
Epoch [89/100] - [TRAIN] Loss: 0.5105, Accuracy: 76.03%, AUC: 0.76 [VAL] Loss: 0.4935, Accuracy: 76.72%, Precision: 0.79, Recall: 0.71, F1-Score: 0.75, AUC: 0.77
Epoch [90/100] - [TRAIN] Loss: 0.5113, Accuracy: 75.79%, AUC: 0.76 [VAL] Loss: 0.4964, Accuracy: 76.29%, Precision: 0.78, Recall: 0.71, F1-Score: 0.75, AUC: 0.76
Epoch [91/100] - [TRAIN] Loss: 0.5092, Accuracy: 75.86%, AUC: 0.76 [VAL] Loss: 0.4855, Accuracy: 76.96%, Precision: 0.78, Recall: 0.72, F1-Score: 0.75, AUC: 0.77
Epoch [92/100] - [TRAIN] Loss: 0.5127, Accuracy: 75.97%, AUC: 0.76 [VAL] Loss: 0.4893, Accuracy: 76.34%, Precision: 0.78, Recall: 0.71, F1-Score: 0.74, AUC: 0.76
Epoch [93/100] - [TRAIN] Loss: 0.5115, Accuracy: 75.90%, AUC: 0.76 [VAL] Loss: 0.4922, Accuracy: 77.00%, Precision: 0.79, Recall: 0.72, F1-Score: 0.76, AUC: 0.77
Epoch [94/100] - [TRAIN] Loss: 0.5122, Accuracy: 75.88%, AUC: 0.76 [VAL] Loss: 0.4908, Accuracy: 76.50%, Precision: 0.78, Recall: 0.71, F1-Score: 0.75, AUC: 0.76
Epoch [95/100] - [TRAIN] Loss: 0.5122, Accuracy: 76.00%, AUC: 0.76 [VAL] Loss: 0.4776, Accuracy: 77.43%, Precision: 0.79, Recall: 0.71, F1-Score: 0.75, AUC: 0.77
Epoch [96/100] - [TRAIN] Loss: 0.5122, Accuracy: 75.79%, AUC: 0.76 [VAL] Loss: 0.4887, Accuracy: 76.54%, Precision: 0.78, Recall: 0.71, F1-Score: 0.75, AUC: 0.76
Epoch [97/100] - [TRAIN] Loss: 0.5078, Accuracy: 76.02%, AUC: 0.76 [VAL] Loss: 0.4877, Accuracy: 76.85%, Precision: 0.79, Recall: 0.72, F1-Score: 0.75, AUC: 0.77
Epoch [98/100] - [TRAIN] Loss: 0.5119, Accuracy: 75.83%, AUC: 0.76 [VAL] Loss: 0.4871, Accuracy: 77.46%, Precision: 0.79, Recall: 0.72, F1-Score: 0.76, AUC: 0.77
Epoch [99/100] - [TRAIN] Loss: 0.5099, Accuracy: 76.09%, AUC: 0.76 [VAL] Loss: 0.4970, Accuracy: 76.40%, Precision: 0.79, Recall: 0.70, F1-Score: 0.74, AUC: 0.76
Epoch [100/100] - [TRAIN] Loss: 0.5134, Accuracy: 75.82%, AUC: 0.76 [VAL] Loss: 0.4920, Accuracy: 76.18%, Precision: 0.79, Recall: 0.71, F1-Score: 0.74, AUC: 0.76
Accuracy Score on test set: 76.03 %
    AUC Score on test set: 0.76
    Precision: 0.7735
    Recall: 0.7076
    F1-Score: 0.7391

    Detailed Classification Report:
                  precision    recall  f1-score   support

           0       0.75      0.81      0.78      5202
           1       0.77      0.71      0.74      4798

    accuracy                           0.76     10000
   macro avg       0.76      0.76      0.76     10000
weighted avg       0.76      0.76      0.76     10000


    Confusion Matrix:
    [[4208  994]
 [1403 3395]]
    
009-H3K9ac-H3K9me3
Epoch [1/100] - [TRAIN] Loss: 0.5587, Accuracy: 74.52%, AUC: 0.74 [VAL] Loss: 0.5001, Accuracy: 78.54%, Precision: 0.81, Recall: 0.72, F1-Score: 0.77, AUC: 0.78
Epoch [2/100] - [TRAIN] Loss: 0.5148, Accuracy: 77.08%, AUC: 0.77 [VAL] Loss: 0.4948, Accuracy: 77.58%, Precision: 0.81, Recall: 0.71, F1-Score: 0.76, AUC: 0.77
Epoch [3/100] - [TRAIN] Loss: 0.5085, Accuracy: 77.32%, AUC: 0.77 [VAL] Loss: 0.4805, Accuracy: 77.91%, Precision: 0.81, Recall: 0.71, F1-Score: 0.76, AUC: 0.78
Epoch [4/100] - [TRAIN] Loss: 0.5059, Accuracy: 77.19%, AUC: 0.77 [VAL] Loss: 0.4836, Accuracy: 78.31%, Precision: 0.82, Recall: 0.71, F1-Score: 0.76, AUC: 0.78
Epoch [5/100] - [TRAIN] Loss: 0.4997, Accuracy: 77.33%, AUC: 0.77 [VAL] Loss: 0.4750, Accuracy: 78.63%, Precision: 0.82, Recall: 0.71, F1-Score: 0.76, AUC: 0.78
Epoch [6/100] - [TRAIN] Loss: 0.5003, Accuracy: 77.12%, AUC: 0.77 [VAL] Loss: 0.4825, Accuracy: 77.91%, Precision: 0.81, Recall: 0.71, F1-Score: 0.76, AUC: 0.78
Epoch [7/100] - [TRAIN] Loss: 0.5007, Accuracy: 77.33%, AUC: 0.77 [VAL] Loss: 0.4743, Accuracy: 78.33%, Precision: 0.82, Recall: 0.71, F1-Score: 0.76, AUC: 0.78
Epoch [8/100] - [TRAIN] Loss: 0.4980, Accuracy: 77.50%, AUC: 0.77 [VAL] Loss: 0.4730, Accuracy: 78.14%, Precision: 0.81, Recall: 0.70, F1-Score: 0.75, AUC: 0.78
Epoch [9/100] - [TRAIN] Loss: 0.4947, Accuracy: 77.64%, AUC: 0.77 [VAL] Loss: 0.4785, Accuracy: 77.85%, Precision: 0.82, Recall: 0.70, F1-Score: 0.75, AUC: 0.78
Epoch [10/100] - [TRAIN] Loss: 0.4953, Accuracy: 77.23%, AUC: 0.77 [VAL] Loss: 0.4757, Accuracy: 78.53%, Precision: 0.82, Recall: 0.71, F1-Score: 0.76, AUC: 0.78
Epoch [11/100] - [TRAIN] Loss: 0.4915, Accuracy: 77.66%, AUC: 0.77 [VAL] Loss: 0.4802, Accuracy: 78.40%, Precision: 0.81, Recall: 0.71, F1-Score: 0.76, AUC: 0.78
Epoch [12/100] - [TRAIN] Loss: 0.4926, Accuracy: 77.42%, AUC: 0.77 [VAL] Loss: 0.4670, Accuracy: 78.84%, Precision: 0.82, Recall: 0.72, F1-Score: 0.77, AUC: 0.79
Epoch [13/100] - [TRAIN] Loss: 0.4900, Accuracy: 77.88%, AUC: 0.78 [VAL] Loss: 0.4755, Accuracy: 78.01%, Precision: 0.82, Recall: 0.69, F1-Score: 0.75, AUC: 0.78
Epoch [14/100] - [TRAIN] Loss: 0.4916, Accuracy: 77.67%, AUC: 0.77 [VAL] Loss: 0.4658, Accuracy: 78.77%, Precision: 0.82, Recall: 0.71, F1-Score: 0.76, AUC: 0.78
Epoch [15/100] - [TRAIN] Loss: 0.4857, Accuracy: 77.93%, AUC: 0.78 [VAL] Loss: 0.4658, Accuracy: 78.92%, Precision: 0.83, Recall: 0.70, F1-Score: 0.76, AUC: 0.78
Epoch [16/100] - [TRAIN] Loss: 0.4902, Accuracy: 77.42%, AUC: 0.77 [VAL] Loss: 0.4786, Accuracy: 78.31%, Precision: 0.82, Recall: 0.71, F1-Score: 0.76, AUC: 0.78
Epoch [17/100] - [TRAIN] Loss: 0.4924, Accuracy: 77.33%, AUC: 0.77 [VAL] Loss: 0.4701, Accuracy: 77.57%, Precision: 0.82, Recall: 0.70, F1-Score: 0.75, AUC: 0.77
Epoch [18/100] - [TRAIN] Loss: 0.4892, Accuracy: 77.75%, AUC: 0.77 [VAL] Loss: 0.4616, Accuracy: 78.63%, Precision: 0.83, Recall: 0.69, F1-Score: 0.76, AUC: 0.78
Epoch [19/100] - [TRAIN] Loss: 0.4899, Accuracy: 77.83%, AUC: 0.78 [VAL] Loss: 0.4697, Accuracy: 78.58%, Precision: 0.82, Recall: 0.71, F1-Score: 0.76, AUC: 0.78
Epoch [20/100] - [TRAIN] Loss: 0.4877, Accuracy: 77.62%, AUC: 0.77 [VAL] Loss: 0.4627, Accuracy: 78.89%, Precision: 0.82, Recall: 0.71, F1-Score: 0.76, AUC: 0.79
Epoch [21/100] - [TRAIN] Loss: 0.4876, Accuracy: 77.67%, AUC: 0.77 [VAL] Loss: 0.4649, Accuracy: 78.86%, Precision: 0.83, Recall: 0.71, F1-Score: 0.77, AUC: 0.79
Epoch [22/100] - [TRAIN] Loss: 0.4886, Accuracy: 77.80%, AUC: 0.78 [VAL] Loss: 0.4732, Accuracy: 78.04%, Precision: 0.82, Recall: 0.70, F1-Score: 0.76, AUC: 0.78
Epoch [23/100] - [TRAIN] Loss: 0.4893, Accuracy: 77.78%, AUC: 0.78 [VAL] Loss: 0.4669, Accuracy: 78.38%, Precision: 0.81, Recall: 0.72, F1-Score: 0.76, AUC: 0.78
Epoch [24/100] - [TRAIN] Loss: 0.4889, Accuracy: 77.72%, AUC: 0.77 [VAL] Loss: 0.4590, Accuracy: 78.94%, Precision: 0.83, Recall: 0.72, F1-Score: 0.77, AUC: 0.79
Epoch [25/100] - [TRAIN] Loss: 0.4878, Accuracy: 77.76%, AUC: 0.78 [VAL] Loss: 0.4700, Accuracy: 77.75%, Precision: 0.82, Recall: 0.70, F1-Score: 0.76, AUC: 0.78
Epoch [26/100] - [TRAIN] Loss: 0.4870, Accuracy: 77.72%, AUC: 0.77 [VAL] Loss: 0.4610, Accuracy: 78.45%, Precision: 0.82, Recall: 0.70, F1-Score: 0.76, AUC: 0.78
Epoch [27/100] - [TRAIN] Loss: 0.4859, Accuracy: 77.84%, AUC: 0.78 [VAL] Loss: 0.4628, Accuracy: 78.59%, Precision: 0.82, Recall: 0.71, F1-Score: 0.76, AUC: 0.78
Epoch [28/100] - [TRAIN] Loss: 0.4827, Accuracy: 77.80%, AUC: 0.78 [VAL] Loss: 0.4736, Accuracy: 78.02%, Precision: 0.82, Recall: 0.70, F1-Score: 0.75, AUC: 0.78
Epoch [29/100] - [TRAIN] Loss: 0.4837, Accuracy: 77.94%, AUC: 0.78 [VAL] Loss: 0.4584, Accuracy: 79.39%, Precision: 0.83, Recall: 0.71, F1-Score: 0.77, AUC: 0.79
Epoch [30/100] - [TRAIN] Loss: 0.4860, Accuracy: 77.77%, AUC: 0.78 [VAL] Loss: 0.4734, Accuracy: 78.29%, Precision: 0.81, Recall: 0.71, F1-Score: 0.76, AUC: 0.78
Epoch [31/100] - [TRAIN] Loss: 0.4858, Accuracy: 77.71%, AUC: 0.77 [VAL] Loss: 0.4597, Accuracy: 78.88%, Precision: 0.82, Recall: 0.73, F1-Score: 0.77, AUC: 0.79
Epoch [32/100] - [TRAIN] Loss: 0.4837, Accuracy: 78.08%, AUC: 0.78 [VAL] Loss: 0.4719, Accuracy: 78.20%, Precision: 0.82, Recall: 0.71, F1-Score: 0.76, AUC: 0.78
Epoch [33/100] - [TRAIN] Loss: 0.4875, Accuracy: 77.86%, AUC: 0.78 [VAL] Loss: 0.4615, Accuracy: 79.06%, Precision: 0.82, Recall: 0.73, F1-Score: 0.77, AUC: 0.79
Epoch [34/100] - [TRAIN] Loss: 0.4833, Accuracy: 78.03%, AUC: 0.78 [VAL] Loss: 0.4684, Accuracy: 78.55%, Precision: 0.81, Recall: 0.72, F1-Score: 0.76, AUC: 0.78
Epoch [35/100] - [TRAIN] Loss: 0.4832, Accuracy: 77.84%, AUC: 0.78 [VAL] Loss: 0.4683, Accuracy: 78.44%, Precision: 0.82, Recall: 0.70, F1-Score: 0.76, AUC: 0.78
Epoch [36/100] - [TRAIN] Loss: 0.4823, Accuracy: 77.97%, AUC: 0.78 [VAL] Loss: 0.4675, Accuracy: 78.26%, Precision: 0.82, Recall: 0.71, F1-Score: 0.76, AUC: 0.78
Epoch [37/100] - [TRAIN] Loss: 0.4847, Accuracy: 77.84%, AUC: 0.78 [VAL] Loss: 0.4669, Accuracy: 78.54%, Precision: 0.81, Recall: 0.71, F1-Score: 0.76, AUC: 0.78
Epoch [38/100] - [TRAIN] Loss: 0.4823, Accuracy: 77.96%, AUC: 0.78 [VAL] Loss: 0.4732, Accuracy: 77.94%, Precision: 0.81, Recall: 0.71, F1-Score: 0.76, AUC: 0.78
Epoch [39/100] - [TRAIN] Loss: 0.4852, Accuracy: 77.78%, AUC: 0.78 [VAL] Loss: 0.4670, Accuracy: 78.53%, Precision: 0.81, Recall: 0.72, F1-Score: 0.76, AUC: 0.78
Epoch [40/100] - [TRAIN] Loss: 0.4828, Accuracy: 77.97%, AUC: 0.78 [VAL] Loss: 0.4619, Accuracy: 78.77%, Precision: 0.81, Recall: 0.72, F1-Score: 0.76, AUC: 0.78
Epoch [41/100] - [TRAIN] Loss: 0.4851, Accuracy: 77.69%, AUC: 0.77 [VAL] Loss: 0.4632, Accuracy: 78.07%, Precision: 0.82, Recall: 0.71, F1-Score: 0.76, AUC: 0.78
Epoch [42/100] - [TRAIN] Loss: 0.4849, Accuracy: 77.90%, AUC: 0.78 [VAL] Loss: 0.4720, Accuracy: 77.86%, Precision: 0.82, Recall: 0.70, F1-Score: 0.76, AUC: 0.78
Epoch [43/100] - [TRAIN] Loss: 0.4807, Accuracy: 77.93%, AUC: 0.78 [VAL] Loss: 0.4707, Accuracy: 78.89%, Precision: 0.82, Recall: 0.72, F1-Score: 0.77, AUC: 0.79
Epoch [44/100] - [TRAIN] Loss: 0.4850, Accuracy: 77.69%, AUC: 0.78 [VAL] Loss: 0.4670, Accuracy: 78.39%, Precision: 0.82, Recall: 0.71, F1-Score: 0.76, AUC: 0.78
Epoch [45/100] - [TRAIN] Loss: 0.4830, Accuracy: 77.98%, AUC: 0.78 [VAL] Loss: 0.4601, Accuracy: 79.15%, Precision: 0.83, Recall: 0.72, F1-Score: 0.77, AUC: 0.79
Epoch [46/100] - [TRAIN] Loss: 0.4858, Accuracy: 77.77%, AUC: 0.78 [VAL] Loss: 0.4604, Accuracy: 78.77%, Precision: 0.82, Recall: 0.71, F1-Score: 0.76, AUC: 0.78
Epoch [47/100] - [TRAIN] Loss: 0.4802, Accuracy: 77.93%, AUC: 0.78 [VAL] Loss: 0.4720, Accuracy: 78.57%, Precision: 0.82, Recall: 0.71, F1-Score: 0.76, AUC: 0.78
Epoch [48/100] - [TRAIN] Loss: 0.4835, Accuracy: 77.90%, AUC: 0.78 [VAL] Loss: 0.4645, Accuracy: 78.34%, Precision: 0.82, Recall: 0.72, F1-Score: 0.76, AUC: 0.78
Epoch [49/100] - [TRAIN] Loss: 0.4832, Accuracy: 77.98%, AUC: 0.78 [VAL] Loss: 0.4579, Accuracy: 78.60%, Precision: 0.82, Recall: 0.71, F1-Score: 0.76, AUC: 0.78
Epoch [50/100] - [TRAIN] Loss: 0.4822, Accuracy: 78.11%, AUC: 0.78 [VAL] Loss: 0.4663, Accuracy: 78.21%, Precision: 0.82, Recall: 0.70, F1-Score: 0.76, AUC: 0.78
Epoch [51/100] - [TRAIN] Loss: 0.4826, Accuracy: 77.97%, AUC: 0.78 [VAL] Loss: 0.4609, Accuracy: 78.35%, Precision: 0.81, Recall: 0.71, F1-Score: 0.76, AUC: 0.78
Epoch [52/100] - [TRAIN] Loss: 0.4874, Accuracy: 77.69%, AUC: 0.77 [VAL] Loss: 0.4750, Accuracy: 78.31%, Precision: 0.81, Recall: 0.71, F1-Score: 0.76, AUC: 0.78
Epoch [53/100] - [TRAIN] Loss: 0.4819, Accuracy: 77.78%, AUC: 0.78 [VAL] Loss: 0.4704, Accuracy: 78.05%, Precision: 0.81, Recall: 0.71, F1-Score: 0.76, AUC: 0.78
Epoch [54/100] - [TRAIN] Loss: 0.4841, Accuracy: 77.84%, AUC: 0.78 [VAL] Loss: 0.4662, Accuracy: 78.35%, Precision: 0.81, Recall: 0.71, F1-Score: 0.76, AUC: 0.78
Epoch [55/100] - [TRAIN] Loss: 0.4813, Accuracy: 78.00%, AUC: 0.78 [VAL] Loss: 0.4775, Accuracy: 78.24%, Precision: 0.81, Recall: 0.71, F1-Score: 0.76, AUC: 0.78
Epoch [56/100] - [TRAIN] Loss: 0.4856, Accuracy: 77.79%, AUC: 0.78 [VAL] Loss: 0.4731, Accuracy: 77.71%, Precision: 0.81, Recall: 0.70, F1-Score: 0.75, AUC: 0.77
Epoch [57/100] - [TRAIN] Loss: 0.4865, Accuracy: 77.55%, AUC: 0.77 [VAL] Loss: 0.4615, Accuracy: 79.04%, Precision: 0.82, Recall: 0.72, F1-Score: 0.77, AUC: 0.79
Epoch [58/100] - [TRAIN] Loss: 0.4854, Accuracy: 77.65%, AUC: 0.77 [VAL] Loss: 0.4751, Accuracy: 78.13%, Precision: 0.82, Recall: 0.71, F1-Score: 0.76, AUC: 0.78
Epoch [59/100] - [TRAIN] Loss: 0.4872, Accuracy: 77.41%, AUC: 0.77 [VAL] Loss: 0.4690, Accuracy: 78.73%, Precision: 0.82, Recall: 0.72, F1-Score: 0.77, AUC: 0.79
Epoch [60/100] - [TRAIN] Loss: 0.4823, Accuracy: 77.86%, AUC: 0.78 [VAL] Loss: 0.4688, Accuracy: 78.37%, Precision: 0.81, Recall: 0.72, F1-Score: 0.76, AUC: 0.78
Epoch [61/100] - [TRAIN] Loss: 0.4809, Accuracy: 77.83%, AUC: 0.78 [VAL] Loss: 0.4752, Accuracy: 78.36%, Precision: 0.81, Recall: 0.72, F1-Score: 0.76, AUC: 0.78
Epoch [62/100] - [TRAIN] Loss: 0.4820, Accuracy: 78.00%, AUC: 0.78 [VAL] Loss: 0.4632, Accuracy: 78.48%, Precision: 0.82, Recall: 0.71, F1-Score: 0.76, AUC: 0.78
Epoch [63/100] - [TRAIN] Loss: 0.4805, Accuracy: 78.00%, AUC: 0.78 [VAL] Loss: 0.4561, Accuracy: 78.77%, Precision: 0.83, Recall: 0.72, F1-Score: 0.77, AUC: 0.79
Epoch [64/100] - [TRAIN] Loss: 0.4856, Accuracy: 77.81%, AUC: 0.78 [VAL] Loss: 0.4638, Accuracy: 78.51%, Precision: 0.82, Recall: 0.71, F1-Score: 0.76, AUC: 0.78
Epoch [65/100] - [TRAIN] Loss: 0.4822, Accuracy: 77.83%, AUC: 0.78 [VAL] Loss: 0.4671, Accuracy: 78.40%, Precision: 0.81, Recall: 0.72, F1-Score: 0.77, AUC: 0.78
Epoch [66/100] - [TRAIN] Loss: 0.4823, Accuracy: 77.74%, AUC: 0.78 [VAL] Loss: 0.4675, Accuracy: 78.72%, Precision: 0.82, Recall: 0.72, F1-Score: 0.76, AUC: 0.78
Epoch [67/100] - [TRAIN] Loss: 0.4824, Accuracy: 77.85%, AUC: 0.78 [VAL] Loss: 0.4659, Accuracy: 78.59%, Precision: 0.82, Recall: 0.71, F1-Score: 0.77, AUC: 0.78
Epoch [68/100] - [TRAIN] Loss: 0.4855, Accuracy: 77.66%, AUC: 0.77 [VAL] Loss: 0.4673, Accuracy: 78.64%, Precision: 0.82, Recall: 0.72, F1-Score: 0.76, AUC: 0.78
Epoch [69/100] - [TRAIN] Loss: 0.4821, Accuracy: 77.89%, AUC: 0.78 [VAL] Loss: 0.4696, Accuracy: 78.11%, Precision: 0.81, Recall: 0.71, F1-Score: 0.76, AUC: 0.78
Epoch [70/100] - [TRAIN] Loss: 0.4822, Accuracy: 77.89%, AUC: 0.78 [VAL] Loss: 0.4625, Accuracy: 78.98%, Precision: 0.83, Recall: 0.71, F1-Score: 0.77, AUC: 0.79
Epoch [71/100] - [TRAIN] Loss: 0.4837, Accuracy: 77.83%, AUC: 0.78 [VAL] Loss: 0.4683, Accuracy: 78.16%, Precision: 0.82, Recall: 0.71, F1-Score: 0.76, AUC: 0.78
Epoch [72/100] - [TRAIN] Loss: 0.4816, Accuracy: 77.95%, AUC: 0.78 [VAL] Loss: 0.4578, Accuracy: 78.81%, Precision: 0.82, Recall: 0.72, F1-Score: 0.77, AUC: 0.79
Epoch [73/100] - [TRAIN] Loss: 0.4857, Accuracy: 77.80%, AUC: 0.78 [VAL] Loss: 0.4684, Accuracy: 78.12%, Precision: 0.82, Recall: 0.71, F1-Score: 0.76, AUC: 0.78
Epoch [74/100] - [TRAIN] Loss: 0.4830, Accuracy: 77.65%, AUC: 0.77 [VAL] Loss: 0.4776, Accuracy: 77.96%, Precision: 0.81, Recall: 0.70, F1-Score: 0.75, AUC: 0.78
Epoch [75/100] - [TRAIN] Loss: 0.4784, Accuracy: 78.10%, AUC: 0.78 [VAL] Loss: 0.4689, Accuracy: 78.11%, Precision: 0.82, Recall: 0.71, F1-Score: 0.76, AUC: 0.78
Epoch [76/100] - [TRAIN] Loss: 0.4807, Accuracy: 78.06%, AUC: 0.78 [VAL] Loss: 0.4590, Accuracy: 78.76%, Precision: 0.82, Recall: 0.72, F1-Score: 0.76, AUC: 0.78
Epoch [77/100] - [TRAIN] Loss: 0.4849, Accuracy: 77.66%, AUC: 0.77 [VAL] Loss: 0.4597, Accuracy: 78.53%, Precision: 0.82, Recall: 0.71, F1-Score: 0.76, AUC: 0.78
Epoch [78/100] - [TRAIN] Loss: 0.4846, Accuracy: 77.58%, AUC: 0.77 [VAL] Loss: 0.4703, Accuracy: 78.23%, Precision: 0.81, Recall: 0.72, F1-Score: 0.76, AUC: 0.78
Epoch [79/100] - [TRAIN] Loss: 0.4855, Accuracy: 77.94%, AUC: 0.78 [VAL] Loss: 0.4678, Accuracy: 77.92%, Precision: 0.82, Recall: 0.71, F1-Score: 0.76, AUC: 0.78
Epoch [80/100] - [TRAIN] Loss: 0.4837, Accuracy: 77.93%, AUC: 0.78 [VAL] Loss: 0.4628, Accuracy: 78.07%, Precision: 0.81, Recall: 0.71, F1-Score: 0.76, AUC: 0.78
Epoch [81/100] - [TRAIN] Loss: 0.4844, Accuracy: 77.63%, AUC: 0.77 [VAL] Loss: 0.4620, Accuracy: 78.46%, Precision: 0.82, Recall: 0.71, F1-Score: 0.76, AUC: 0.78
Epoch [82/100] - [TRAIN] Loss: 0.4878, Accuracy: 77.72%, AUC: 0.77 [VAL] Loss: 0.4713, Accuracy: 78.08%, Precision: 0.81, Recall: 0.71, F1-Score: 0.76, AUC: 0.78
Epoch [83/100] - [TRAIN] Loss: 0.4842, Accuracy: 77.63%, AUC: 0.77 [VAL] Loss: 0.4734, Accuracy: 77.99%, Precision: 0.80, Recall: 0.71, F1-Score: 0.76, AUC: 0.78
Epoch [84/100] - [TRAIN] Loss: 0.4840, Accuracy: 77.82%, AUC: 0.78 [VAL] Loss: 0.4714, Accuracy: 78.19%, Precision: 0.81, Recall: 0.71, F1-Score: 0.76, AUC: 0.78
Epoch [85/100] - [TRAIN] Loss: 0.4816, Accuracy: 77.88%, AUC: 0.78 [VAL] Loss: 0.4668, Accuracy: 79.08%, Precision: 0.83, Recall: 0.72, F1-Score: 0.77, AUC: 0.79
Epoch [86/100] - [TRAIN] Loss: 0.4865, Accuracy: 77.83%, AUC: 0.78 [VAL] Loss: 0.4680, Accuracy: 78.18%, Precision: 0.82, Recall: 0.71, F1-Score: 0.76, AUC: 0.78
Epoch [87/100] - [TRAIN] Loss: 0.4818, Accuracy: 77.97%, AUC: 0.78 [VAL] Loss: 0.4601, Accuracy: 78.98%, Precision: 0.83, Recall: 0.72, F1-Score: 0.77, AUC: 0.79
Epoch [88/100] - [TRAIN] Loss: 0.4868, Accuracy: 77.39%, AUC: 0.77 [VAL] Loss: 0.4604, Accuracy: 79.31%, Precision: 0.82, Recall: 0.72, F1-Score: 0.77, AUC: 0.79
Epoch [89/100] - [TRAIN] Loss: 0.4840, Accuracy: 77.95%, AUC: 0.78 [VAL] Loss: 0.4575, Accuracy: 78.68%, Precision: 0.82, Recall: 0.72, F1-Score: 0.77, AUC: 0.79
Epoch [90/100] - [TRAIN] Loss: 0.4821, Accuracy: 77.98%, AUC: 0.78 [VAL] Loss: 0.4706, Accuracy: 78.68%, Precision: 0.82, Recall: 0.72, F1-Score: 0.76, AUC: 0.78
Epoch [91/100] - [TRAIN] Loss: 0.4819, Accuracy: 77.85%, AUC: 0.78 [VAL] Loss: 0.4744, Accuracy: 77.69%, Precision: 0.82, Recall: 0.70, F1-Score: 0.76, AUC: 0.78
Epoch [92/100] - [TRAIN] Loss: 0.4845, Accuracy: 77.89%, AUC: 0.78 [VAL] Loss: 0.4688, Accuracy: 78.34%, Precision: 0.81, Recall: 0.71, F1-Score: 0.76, AUC: 0.78
Epoch [93/100] - [TRAIN] Loss: 0.4831, Accuracy: 77.80%, AUC: 0.78 [VAL] Loss: 0.4585, Accuracy: 78.86%, Precision: 0.82, Recall: 0.72, F1-Score: 0.77, AUC: 0.79
Epoch [94/100] - [TRAIN] Loss: 0.4859, Accuracy: 77.52%, AUC: 0.77 [VAL] Loss: 0.4655, Accuracy: 78.58%, Precision: 0.82, Recall: 0.72, F1-Score: 0.77, AUC: 0.78
Epoch [95/100] - [TRAIN] Loss: 0.4824, Accuracy: 77.73%, AUC: 0.78 [VAL] Loss: 0.4665, Accuracy: 79.24%, Precision: 0.83, Recall: 0.72, F1-Score: 0.77, AUC: 0.79
Epoch [96/100] - [TRAIN] Loss: 0.4818, Accuracy: 77.97%, AUC: 0.78 [VAL] Loss: 0.4672, Accuracy: 78.46%, Precision: 0.82, Recall: 0.71, F1-Score: 0.76, AUC: 0.78
Epoch [97/100] - [TRAIN] Loss: 0.4830, Accuracy: 78.03%, AUC: 0.78 [VAL] Loss: 0.4749, Accuracy: 78.18%, Precision: 0.81, Recall: 0.71, F1-Score: 0.76, AUC: 0.78
Epoch [98/100] - [TRAIN] Loss: 0.4844, Accuracy: 78.03%, AUC: 0.78 [VAL] Loss: 0.4663, Accuracy: 78.74%, Precision: 0.82, Recall: 0.72, F1-Score: 0.77, AUC: 0.79
Epoch [99/100] - [TRAIN] Loss: 0.4874, Accuracy: 77.63%, AUC: 0.77 [VAL] Loss: 0.4578, Accuracy: 78.87%, Precision: 0.82, Recall: 0.72, F1-Score: 0.77, AUC: 0.79
Epoch [100/100] - [TRAIN] Loss: 0.4813, Accuracy: 78.03%, AUC: 0.78 [VAL] Loss: 0.4615, Accuracy: 79.01%, Precision: 0.83, Recall: 0.72, F1-Score: 0.77, AUC: 0.79
Accuracy Score on test set: 78.36 %
    AUC Score on test set: 0.78
    Precision: 0.8065
    Recall: 0.7224
    F1-Score: 0.7621

    Detailed Classification Report:
                  precision    recall  f1-score   support

           0       0.77      0.84      0.80      5201
           1       0.81      0.72      0.76      4799

    accuracy                           0.78     10000
   macro avg       0.79      0.78      0.78     10000
weighted avg       0.79      0.78      0.78     10000


    Confusion Matrix:
    [[4369  832]
 [1332 3467]]
    
Batch FINISHED!!!

Real-time duration: 8735.040823213 seconds
