Using device: cuda
Current CUDA device: 0
CUDA device name: Tesla V100-PCIE-16GB
015-H3K4me3-H3K9ac-H3K9me3
Epoch [1/100] - [TRAIN] Loss: 0.5451, Accuracy: 75.22%, AUC: 0.75 [VAL] Loss: 0.4925, Accuracy: 77.89%, Precision: 0.79, Recall: 0.74, F1-Score: 0.76, AUC: 0.78
Epoch [2/100] - [TRAIN] Loss: 0.5132, Accuracy: 76.79%, AUC: 0.77 [VAL] Loss: 0.4832, Accuracy: 78.29%, Precision: 0.81, Recall: 0.71, F1-Score: 0.76, AUC: 0.78
Epoch [3/100] - [TRAIN] Loss: 0.5080, Accuracy: 77.08%, AUC: 0.77 [VAL] Loss: 0.4832, Accuracy: 77.50%, Precision: 0.79, Recall: 0.72, F1-Score: 0.75, AUC: 0.77
Epoch [4/100] - [TRAIN] Loss: 0.5032, Accuracy: 77.17%, AUC: 0.77 [VAL] Loss: 0.4743, Accuracy: 78.36%, Precision: 0.81, Recall: 0.73, F1-Score: 0.77, AUC: 0.78
Epoch [5/100] - [TRAIN] Loss: 0.4999, Accuracy: 77.25%, AUC: 0.77 [VAL] Loss: 0.4790, Accuracy: 77.81%, Precision: 0.81, Recall: 0.71, F1-Score: 0.76, AUC: 0.78
Epoch [6/100] - [TRAIN] Loss: 0.4903, Accuracy: 77.55%, AUC: 0.77 [VAL] Loss: 0.4725, Accuracy: 78.41%, Precision: 0.81, Recall: 0.71, F1-Score: 0.76, AUC: 0.78
Epoch [7/100] - [TRAIN] Loss: 0.4938, Accuracy: 77.50%, AUC: 0.77 [VAL] Loss: 0.4651, Accuracy: 78.51%, Precision: 0.81, Recall: 0.73, F1-Score: 0.77, AUC: 0.78
Epoch [8/100] - [TRAIN] Loss: 0.4920, Accuracy: 77.65%, AUC: 0.77 [VAL] Loss: 0.4596, Accuracy: 79.18%, Precision: 0.82, Recall: 0.73, F1-Score: 0.77, AUC: 0.79
Epoch [9/100] - [TRAIN] Loss: 0.4914, Accuracy: 77.52%, AUC: 0.77 [VAL] Loss: 0.4697, Accuracy: 78.03%, Precision: 0.81, Recall: 0.70, F1-Score: 0.75, AUC: 0.78
Epoch [10/100] - [TRAIN] Loss: 0.4875, Accuracy: 77.77%, AUC: 0.78 [VAL] Loss: 0.4589, Accuracy: 78.89%, Precision: 0.82, Recall: 0.72, F1-Score: 0.77, AUC: 0.79
Epoch [11/100] - [TRAIN] Loss: 0.4894, Accuracy: 77.52%, AUC: 0.77 [VAL] Loss: 0.4674, Accuracy: 78.68%, Precision: 0.82, Recall: 0.72, F1-Score: 0.76, AUC: 0.78
Epoch [12/100] - [TRAIN] Loss: 0.4871, Accuracy: 77.67%, AUC: 0.77 [VAL] Loss: 0.4717, Accuracy: 78.27%, Precision: 0.81, Recall: 0.72, F1-Score: 0.77, AUC: 0.78
Epoch [13/100] - [TRAIN] Loss: 0.4866, Accuracy: 77.82%, AUC: 0.78 [VAL] Loss: 0.4677, Accuracy: 78.33%, Precision: 0.81, Recall: 0.71, F1-Score: 0.76, AUC: 0.78
Epoch [14/100] - [TRAIN] Loss: 0.4865, Accuracy: 77.60%, AUC: 0.77 [VAL] Loss: 0.4617, Accuracy: 78.12%, Precision: 0.82, Recall: 0.71, F1-Score: 0.76, AUC: 0.78
Epoch [15/100] - [TRAIN] Loss: 0.4880, Accuracy: 77.67%, AUC: 0.77 [VAL] Loss: 0.4684, Accuracy: 78.32%, Precision: 0.81, Recall: 0.71, F1-Score: 0.76, AUC: 0.78
Epoch [16/100] - [TRAIN] Loss: 0.4861, Accuracy: 77.56%, AUC: 0.77 [VAL] Loss: 0.4739, Accuracy: 78.20%, Precision: 0.82, Recall: 0.70, F1-Score: 0.76, AUC: 0.78
Epoch [17/100] - [TRAIN] Loss: 0.4877, Accuracy: 77.50%, AUC: 0.77 [VAL] Loss: 0.4587, Accuracy: 78.74%, Precision: 0.83, Recall: 0.71, F1-Score: 0.77, AUC: 0.79
Epoch [18/100] - [TRAIN] Loss: 0.4839, Accuracy: 77.73%, AUC: 0.77 [VAL] Loss: 0.4687, Accuracy: 78.41%, Precision: 0.82, Recall: 0.70, F1-Score: 0.76, AUC: 0.78
Epoch [19/100] - [TRAIN] Loss: 0.4840, Accuracy: 77.64%, AUC: 0.77 [VAL] Loss: 0.4624, Accuracy: 78.58%, Precision: 0.83, Recall: 0.71, F1-Score: 0.76, AUC: 0.78
Epoch [20/100] - [TRAIN] Loss: 0.4892, Accuracy: 77.63%, AUC: 0.77 [VAL] Loss: 0.4612, Accuracy: 78.59%, Precision: 0.82, Recall: 0.72, F1-Score: 0.76, AUC: 0.78
Epoch [21/100] - [TRAIN] Loss: 0.4865, Accuracy: 77.61%, AUC: 0.77 [VAL] Loss: 0.4645, Accuracy: 78.76%, Precision: 0.82, Recall: 0.72, F1-Score: 0.76, AUC: 0.79
Epoch [22/100] - [TRAIN] Loss: 0.4892, Accuracy: 77.54%, AUC: 0.77 [VAL] Loss: 0.4653, Accuracy: 78.50%, Precision: 0.82, Recall: 0.71, F1-Score: 0.76, AUC: 0.78
Epoch [23/100] - [TRAIN] Loss: 0.4850, Accuracy: 77.77%, AUC: 0.78 [VAL] Loss: 0.4630, Accuracy: 78.51%, Precision: 0.82, Recall: 0.71, F1-Score: 0.76, AUC: 0.78
Epoch [24/100] - [TRAIN] Loss: 0.4824, Accuracy: 77.94%, AUC: 0.78 [VAL] Loss: 0.4686, Accuracy: 77.59%, Precision: 0.81, Recall: 0.70, F1-Score: 0.75, AUC: 0.77
Epoch [25/100] - [TRAIN] Loss: 0.4829, Accuracy: 77.86%, AUC: 0.78 [VAL] Loss: 0.4696, Accuracy: 78.52%, Precision: 0.82, Recall: 0.71, F1-Score: 0.76, AUC: 0.78
Epoch [26/100] - [TRAIN] Loss: 0.4837, Accuracy: 77.77%, AUC: 0.78 [VAL] Loss: 0.4679, Accuracy: 77.89%, Precision: 0.81, Recall: 0.70, F1-Score: 0.76, AUC: 0.78
Epoch [27/100] - [TRAIN] Loss: 0.4844, Accuracy: 77.67%, AUC: 0.77 [VAL] Loss: 0.4631, Accuracy: 78.60%, Precision: 0.82, Recall: 0.71, F1-Score: 0.76, AUC: 0.78
Epoch [28/100] - [TRAIN] Loss: 0.4863, Accuracy: 77.80%, AUC: 0.78 [VAL] Loss: 0.4535, Accuracy: 78.81%, Precision: 0.83, Recall: 0.71, F1-Score: 0.77, AUC: 0.79
Epoch [29/100] - [TRAIN] Loss: 0.4842, Accuracy: 77.90%, AUC: 0.78 [VAL] Loss: 0.4589, Accuracy: 79.04%, Precision: 0.82, Recall: 0.72, F1-Score: 0.77, AUC: 0.79
Epoch [30/100] - [TRAIN] Loss: 0.4831, Accuracy: 77.93%, AUC: 0.78 [VAL] Loss: 0.4558, Accuracy: 78.97%, Precision: 0.82, Recall: 0.72, F1-Score: 0.77, AUC: 0.79
Epoch [31/100] - [TRAIN] Loss: 0.4828, Accuracy: 78.14%, AUC: 0.78 [VAL] Loss: 0.4661, Accuracy: 77.66%, Precision: 0.81, Recall: 0.70, F1-Score: 0.75, AUC: 0.78
Epoch [32/100] - [TRAIN] Loss: 0.4827, Accuracy: 77.89%, AUC: 0.78 [VAL] Loss: 0.4671, Accuracy: 77.91%, Precision: 0.82, Recall: 0.70, F1-Score: 0.75, AUC: 0.78
Epoch [33/100] - [TRAIN] Loss: 0.4850, Accuracy: 77.79%, AUC: 0.78 [VAL] Loss: 0.4702, Accuracy: 78.07%, Precision: 0.82, Recall: 0.70, F1-Score: 0.76, AUC: 0.78
Epoch [34/100] - [TRAIN] Loss: 0.4844, Accuracy: 77.74%, AUC: 0.78 [VAL] Loss: 0.4608, Accuracy: 78.74%, Precision: 0.83, Recall: 0.71, F1-Score: 0.76, AUC: 0.78
Epoch [35/100] - [TRAIN] Loss: 0.4843, Accuracy: 77.82%, AUC: 0.78 [VAL] Loss: 0.4646, Accuracy: 78.03%, Precision: 0.82, Recall: 0.70, F1-Score: 0.76, AUC: 0.78
Epoch [36/100] - [TRAIN] Loss: 0.4847, Accuracy: 77.72%, AUC: 0.78 [VAL] Loss: 0.4612, Accuracy: 78.25%, Precision: 0.82, Recall: 0.70, F1-Score: 0.76, AUC: 0.78
Epoch [37/100] - [TRAIN] Loss: 0.4838, Accuracy: 77.91%, AUC: 0.78 [VAL] Loss: 0.4713, Accuracy: 78.09%, Precision: 0.81, Recall: 0.71, F1-Score: 0.76, AUC: 0.78
Epoch [38/100] - [TRAIN] Loss: 0.4846, Accuracy: 77.89%, AUC: 0.78 [VAL] Loss: 0.4602, Accuracy: 78.31%, Precision: 0.82, Recall: 0.70, F1-Score: 0.76, AUC: 0.78
Epoch [39/100] - [TRAIN] Loss: 0.4838, Accuracy: 77.80%, AUC: 0.78 [VAL] Loss: 0.4583, Accuracy: 78.65%, Precision: 0.82, Recall: 0.72, F1-Score: 0.76, AUC: 0.78
Epoch [40/100] - [TRAIN] Loss: 0.4861, Accuracy: 77.64%, AUC: 0.77 [VAL] Loss: 0.4622, Accuracy: 78.50%, Precision: 0.82, Recall: 0.71, F1-Score: 0.76, AUC: 0.78
Epoch [41/100] - [TRAIN] Loss: 0.4881, Accuracy: 77.44%, AUC: 0.77 [VAL] Loss: 0.4695, Accuracy: 77.75%, Precision: 0.81, Recall: 0.70, F1-Score: 0.75, AUC: 0.77
Epoch [42/100] - [TRAIN] Loss: 0.4842, Accuracy: 77.71%, AUC: 0.77 [VAL] Loss: 0.4596, Accuracy: 78.53%, Precision: 0.83, Recall: 0.71, F1-Score: 0.76, AUC: 0.78
Epoch [43/100] - [TRAIN] Loss: 0.4830, Accuracy: 77.84%, AUC: 0.78 [VAL] Loss: 0.4695, Accuracy: 78.04%, Precision: 0.81, Recall: 0.71, F1-Score: 0.76, AUC: 0.78
Epoch [44/100] - [TRAIN] Loss: 0.4816, Accuracy: 77.85%, AUC: 0.78 [VAL] Loss: 0.4605, Accuracy: 78.71%, Precision: 0.83, Recall: 0.71, F1-Score: 0.77, AUC: 0.79
Epoch [45/100] - [TRAIN] Loss: 0.4839, Accuracy: 77.77%, AUC: 0.78 [VAL] Loss: 0.4729, Accuracy: 78.27%, Precision: 0.82, Recall: 0.70, F1-Score: 0.76, AUC: 0.78
Epoch [46/100] - [TRAIN] Loss: 0.4837, Accuracy: 77.67%, AUC: 0.77 [VAL] Loss: 0.4634, Accuracy: 78.39%, Precision: 0.82, Recall: 0.71, F1-Score: 0.76, AUC: 0.78
Epoch [47/100] - [TRAIN] Loss: 0.4843, Accuracy: 77.59%, AUC: 0.77 [VAL] Loss: 0.4729, Accuracy: 78.15%, Precision: 0.81, Recall: 0.70, F1-Score: 0.75, AUC: 0.78
Epoch [48/100] - [TRAIN] Loss: 0.4853, Accuracy: 77.80%, AUC: 0.78 [VAL] Loss: 0.4636, Accuracy: 78.42%, Precision: 0.83, Recall: 0.71, F1-Score: 0.76, AUC: 0.78
Epoch [49/100] - [TRAIN] Loss: 0.4840, Accuracy: 77.75%, AUC: 0.78 [VAL] Loss: 0.4578, Accuracy: 78.51%, Precision: 0.82, Recall: 0.72, F1-Score: 0.76, AUC: 0.78
Epoch [50/100] - [TRAIN] Loss: 0.4854, Accuracy: 77.68%, AUC: 0.77 [VAL] Loss: 0.4598, Accuracy: 78.65%, Precision: 0.81, Recall: 0.72, F1-Score: 0.76, AUC: 0.78
Epoch [51/100] - [TRAIN] Loss: 0.4823, Accuracy: 77.88%, AUC: 0.78 [VAL] Loss: 0.4636, Accuracy: 78.90%, Precision: 0.82, Recall: 0.72, F1-Score: 0.77, AUC: 0.79
Epoch [52/100] - [TRAIN] Loss: 0.4836, Accuracy: 77.66%, AUC: 0.77 [VAL] Loss: 0.4666, Accuracy: 78.42%, Precision: 0.82, Recall: 0.71, F1-Score: 0.76, AUC: 0.78
Epoch [53/100] - [TRAIN] Loss: 0.4850, Accuracy: 77.67%, AUC: 0.77 [VAL] Loss: 0.4602, Accuracy: 78.56%, Precision: 0.82, Recall: 0.71, F1-Score: 0.76, AUC: 0.78
Epoch [54/100] - [TRAIN] Loss: 0.4851, Accuracy: 77.66%, AUC: 0.77 [VAL] Loss: 0.4722, Accuracy: 77.77%, Precision: 0.81, Recall: 0.70, F1-Score: 0.75, AUC: 0.78
Epoch [55/100] - [TRAIN] Loss: 0.4844, Accuracy: 77.68%, AUC: 0.77 [VAL] Loss: 0.4641, Accuracy: 78.30%, Precision: 0.82, Recall: 0.71, F1-Score: 0.76, AUC: 0.78
Epoch [56/100] - [TRAIN] Loss: 0.4858, Accuracy: 77.73%, AUC: 0.78 [VAL] Loss: 0.4677, Accuracy: 78.13%, Precision: 0.82, Recall: 0.70, F1-Score: 0.76, AUC: 0.78
Epoch [57/100] - [TRAIN] Loss: 0.4826, Accuracy: 77.86%, AUC: 0.78 [VAL] Loss: 0.4659, Accuracy: 78.53%, Precision: 0.82, Recall: 0.71, F1-Score: 0.76, AUC: 0.78
Epoch [58/100] - [TRAIN] Loss: 0.4811, Accuracy: 77.82%, AUC: 0.78 [VAL] Loss: 0.4680, Accuracy: 78.50%, Precision: 0.82, Recall: 0.71, F1-Score: 0.76, AUC: 0.78
Epoch [59/100] - [TRAIN] Loss: 0.4850, Accuracy: 77.84%, AUC: 0.78 [VAL] Loss: 0.4619, Accuracy: 78.72%, Precision: 0.82, Recall: 0.72, F1-Score: 0.77, AUC: 0.79
Epoch [60/100] - [TRAIN] Loss: 0.4814, Accuracy: 78.00%, AUC: 0.78 [VAL] Loss: 0.4677, Accuracy: 78.14%, Precision: 0.81, Recall: 0.71, F1-Score: 0.76, AUC: 0.78
Epoch [61/100] - [TRAIN] Loss: 0.4823, Accuracy: 77.83%, AUC: 0.78 [VAL] Loss: 0.4689, Accuracy: 78.69%, Precision: 0.82, Recall: 0.71, F1-Score: 0.76, AUC: 0.78
Epoch [62/100] - [TRAIN] Loss: 0.4837, Accuracy: 78.03%, AUC: 0.78 [VAL] Loss: 0.4615, Accuracy: 78.58%, Precision: 0.81, Recall: 0.71, F1-Score: 0.76, AUC: 0.78
Epoch [63/100] - [TRAIN] Loss: 0.4866, Accuracy: 77.64%, AUC: 0.77 [VAL] Loss: 0.4649, Accuracy: 78.33%, Precision: 0.82, Recall: 0.70, F1-Score: 0.76, AUC: 0.78
Epoch [64/100] - [TRAIN] Loss: 0.4839, Accuracy: 77.88%, AUC: 0.78 [VAL] Loss: 0.4638, Accuracy: 78.83%, Precision: 0.83, Recall: 0.72, F1-Score: 0.77, AUC: 0.79
Epoch [65/100] - [TRAIN] Loss: 0.4822, Accuracy: 78.02%, AUC: 0.78 [VAL] Loss: 0.4647, Accuracy: 78.58%, Precision: 0.82, Recall: 0.71, F1-Score: 0.76, AUC: 0.78
Epoch [66/100] - [TRAIN] Loss: 0.4839, Accuracy: 77.61%, AUC: 0.77 [VAL] Loss: 0.4663, Accuracy: 78.35%, Precision: 0.81, Recall: 0.71, F1-Score: 0.76, AUC: 0.78
Epoch [67/100] - [TRAIN] Loss: 0.4859, Accuracy: 77.68%, AUC: 0.77 [VAL] Loss: 0.4621, Accuracy: 78.56%, Precision: 0.82, Recall: 0.72, F1-Score: 0.76, AUC: 0.78
Epoch [68/100] - [TRAIN] Loss: 0.4838, Accuracy: 77.70%, AUC: 0.77 [VAL] Loss: 0.4592, Accuracy: 78.90%, Precision: 0.82, Recall: 0.71, F1-Score: 0.76, AUC: 0.79
Epoch [69/100] - [TRAIN] Loss: 0.4817, Accuracy: 78.03%, AUC: 0.78 [VAL] Loss: 0.4586, Accuracy: 79.14%, Precision: 0.82, Recall: 0.72, F1-Score: 0.77, AUC: 0.79
Epoch [70/100] - [TRAIN] Loss: 0.4872, Accuracy: 77.60%, AUC: 0.77 [VAL] Loss: 0.4644, Accuracy: 78.20%, Precision: 0.82, Recall: 0.71, F1-Score: 0.76, AUC: 0.78
Epoch [71/100] - [TRAIN] Loss: 0.4855, Accuracy: 77.94%, AUC: 0.78 [VAL] Loss: 0.4679, Accuracy: 78.35%, Precision: 0.82, Recall: 0.71, F1-Score: 0.76, AUC: 0.78
Epoch [72/100] - [TRAIN] Loss: 0.4818, Accuracy: 77.79%, AUC: 0.78 [VAL] Loss: 0.4673, Accuracy: 78.38%, Precision: 0.82, Recall: 0.71, F1-Score: 0.76, AUC: 0.78
Epoch [73/100] - [TRAIN] Loss: 0.4825, Accuracy: 77.79%, AUC: 0.78 [VAL] Loss: 0.4618, Accuracy: 78.65%, Precision: 0.82, Recall: 0.71, F1-Score: 0.76, AUC: 0.78
Epoch [74/100] - [TRAIN] Loss: 0.4817, Accuracy: 77.83%, AUC: 0.78 [VAL] Loss: 0.4569, Accuracy: 78.91%, Precision: 0.83, Recall: 0.72, F1-Score: 0.77, AUC: 0.79
Epoch [75/100] - [TRAIN] Loss: 0.4842, Accuracy: 77.75%, AUC: 0.78 [VAL] Loss: 0.4591, Accuracy: 78.92%, Precision: 0.82, Recall: 0.72, F1-Score: 0.77, AUC: 0.79
Epoch [76/100] - [TRAIN] Loss: 0.4861, Accuracy: 77.70%, AUC: 0.77 [VAL] Loss: 0.4613, Accuracy: 78.50%, Precision: 0.83, Recall: 0.71, F1-Score: 0.76, AUC: 0.78
Epoch [77/100] - [TRAIN] Loss: 0.4847, Accuracy: 77.62%, AUC: 0.77 [VAL] Loss: 0.4691, Accuracy: 77.69%, Precision: 0.81, Recall: 0.70, F1-Score: 0.75, AUC: 0.78
Epoch [78/100] - [TRAIN] Loss: 0.4834, Accuracy: 77.87%, AUC: 0.78 [VAL] Loss: 0.4615, Accuracy: 78.54%, Precision: 0.81, Recall: 0.71, F1-Score: 0.76, AUC: 0.78
Epoch [79/100] - [TRAIN] Loss: 0.4868, Accuracy: 77.78%, AUC: 0.78 [VAL] Loss: 0.4600, Accuracy: 78.70%, Precision: 0.81, Recall: 0.72, F1-Score: 0.77, AUC: 0.78
Epoch [80/100] - [TRAIN] Loss: 0.4844, Accuracy: 77.96%, AUC: 0.78 [VAL] Loss: 0.4651, Accuracy: 78.47%, Precision: 0.82, Recall: 0.71, F1-Score: 0.76, AUC: 0.78
Epoch [81/100] - [TRAIN] Loss: 0.4853, Accuracy: 77.73%, AUC: 0.78 [VAL] Loss: 0.4574, Accuracy: 78.14%, Precision: 0.82, Recall: 0.70, F1-Score: 0.76, AUC: 0.78
Epoch [82/100] - [TRAIN] Loss: 0.4839, Accuracy: 77.75%, AUC: 0.78 [VAL] Loss: 0.4627, Accuracy: 78.48%, Precision: 0.82, Recall: 0.71, F1-Score: 0.76, AUC: 0.78
Epoch [83/100] - [TRAIN] Loss: 0.4871, Accuracy: 77.67%, AUC: 0.77 [VAL] Loss: 0.4589, Accuracy: 79.33%, Precision: 0.82, Recall: 0.73, F1-Score: 0.77, AUC: 0.79
Epoch [84/100] - [TRAIN] Loss: 0.4864, Accuracy: 77.72%, AUC: 0.78 [VAL] Loss: 0.4673, Accuracy: 78.94%, Precision: 0.82, Recall: 0.72, F1-Score: 0.77, AUC: 0.79
Epoch [85/100] - [TRAIN] Loss: 0.4857, Accuracy: 77.70%, AUC: 0.77 [VAL] Loss: 0.4655, Accuracy: 78.19%, Precision: 0.82, Recall: 0.71, F1-Score: 0.76, AUC: 0.78
Epoch [86/100] - [TRAIN] Loss: 0.4817, Accuracy: 77.94%, AUC: 0.78 [VAL] Loss: 0.4646, Accuracy: 78.22%, Precision: 0.81, Recall: 0.71, F1-Score: 0.76, AUC: 0.78
Epoch [87/100] - [TRAIN] Loss: 0.4873, Accuracy: 77.56%, AUC: 0.77 [VAL] Loss: 0.4621, Accuracy: 78.99%, Precision: 0.83, Recall: 0.72, F1-Score: 0.77, AUC: 0.79
Epoch [88/100] - [TRAIN] Loss: 0.4812, Accuracy: 77.82%, AUC: 0.78 [VAL] Loss: 0.4708, Accuracy: 78.00%, Precision: 0.82, Recall: 0.70, F1-Score: 0.76, AUC: 0.78
Epoch [89/100] - [TRAIN] Loss: 0.4841, Accuracy: 77.78%, AUC: 0.78 [VAL] Loss: 0.4609, Accuracy: 78.72%, Precision: 0.82, Recall: 0.71, F1-Score: 0.76, AUC: 0.78
Epoch [90/100] - [TRAIN] Loss: 0.4829, Accuracy: 77.76%, AUC: 0.78 [VAL] Loss: 0.4692, Accuracy: 77.65%, Precision: 0.81, Recall: 0.70, F1-Score: 0.75, AUC: 0.77
Epoch [91/100] - [TRAIN] Loss: 0.4795, Accuracy: 78.08%, AUC: 0.78 [VAL] Loss: 0.4765, Accuracy: 77.51%, Precision: 0.81, Recall: 0.70, F1-Score: 0.75, AUC: 0.77
Epoch [92/100] - [TRAIN] Loss: 0.4837, Accuracy: 77.69%, AUC: 0.77 [VAL] Loss: 0.4635, Accuracy: 78.68%, Precision: 0.83, Recall: 0.71, F1-Score: 0.76, AUC: 0.78
Epoch [93/100] - [TRAIN] Loss: 0.4843, Accuracy: 77.86%, AUC: 0.78 [VAL] Loss: 0.4653, Accuracy: 78.95%, Precision: 0.82, Recall: 0.72, F1-Score: 0.77, AUC: 0.79
Epoch [94/100] - [TRAIN] Loss: 0.4821, Accuracy: 78.08%, AUC: 0.78 [VAL] Loss: 0.4578, Accuracy: 78.69%, Precision: 0.83, Recall: 0.71, F1-Score: 0.77, AUC: 0.79
Epoch [95/100] - [TRAIN] Loss: 0.4864, Accuracy: 77.53%, AUC: 0.77 [VAL] Loss: 0.4636, Accuracy: 77.89%, Precision: 0.83, Recall: 0.70, F1-Score: 0.76, AUC: 0.78
Epoch [96/100] - [TRAIN] Loss: 0.4861, Accuracy: 77.68%, AUC: 0.77 [VAL] Loss: 0.4605, Accuracy: 79.03%, Precision: 0.83, Recall: 0.72, F1-Score: 0.77, AUC: 0.79
Epoch [97/100] - [TRAIN] Loss: 0.4878, Accuracy: 77.62%, AUC: 0.77 [VAL] Loss: 0.4731, Accuracy: 78.18%, Precision: 0.82, Recall: 0.70, F1-Score: 0.76, AUC: 0.78
Epoch [98/100] - [TRAIN] Loss: 0.4823, Accuracy: 77.76%, AUC: 0.78 [VAL] Loss: 0.4714, Accuracy: 77.82%, Precision: 0.82, Recall: 0.70, F1-Score: 0.75, AUC: 0.78
Epoch [99/100] - [TRAIN] Loss: 0.4821, Accuracy: 77.78%, AUC: 0.78 [VAL] Loss: 0.4655, Accuracy: 78.17%, Precision: 0.82, Recall: 0.71, F1-Score: 0.76, AUC: 0.78
Epoch [100/100] - [TRAIN] Loss: 0.4823, Accuracy: 77.96%, AUC: 0.78 [VAL] Loss: 0.4665, Accuracy: 78.54%, Precision: 0.82, Recall: 0.71, F1-Score: 0.76, AUC: 0.78
Accuracy Score on test set: 78.22 %
    AUC Score on test set: 0.78
    Precision: 0.8102
    Recall: 0.7120
    F1-Score: 0.7579

    Detailed Classification Report:
                  precision    recall  f1-score   support

           0       0.76      0.85      0.80      5211
           1       0.81      0.71      0.76      4789

    accuracy                           0.78     10000
   macro avg       0.79      0.78      0.78     10000
weighted avg       0.79      0.78      0.78     10000


    Confusion Matrix:
    [[4412  799]
 [1379 3410]]
    
016-H3K4me3-H3K9ac-H3K27ac
Epoch [1/100] - [TRAIN] Loss: 0.5339, Accuracy: 75.95%, AUC: 0.76 [VAL] Loss: 0.4799, Accuracy: 78.56%, Precision: 0.82, Recall: 0.71, F1-Score: 0.76, AUC: 0.78
Epoch [2/100] - [TRAIN] Loss: 0.5084, Accuracy: 76.84%, AUC: 0.77 [VAL] Loss: 0.4750, Accuracy: 78.34%, Precision: 0.82, Recall: 0.73, F1-Score: 0.77, AUC: 0.78
Epoch [3/100] - [TRAIN] Loss: 0.5009, Accuracy: 77.35%, AUC: 0.77 [VAL] Loss: 0.4782, Accuracy: 78.04%, Precision: 0.81, Recall: 0.71, F1-Score: 0.76, AUC: 0.78
Epoch [4/100] - [TRAIN] Loss: 0.4987, Accuracy: 77.38%, AUC: 0.77 [VAL] Loss: 0.4665, Accuracy: 78.82%, Precision: 0.81, Recall: 0.73, F1-Score: 0.77, AUC: 0.79
Epoch [5/100] - [TRAIN] Loss: 0.4927, Accuracy: 77.64%, AUC: 0.77 [VAL] Loss: 0.4689, Accuracy: 78.28%, Precision: 0.82, Recall: 0.71, F1-Score: 0.76, AUC: 0.78
Epoch [6/100] - [TRAIN] Loss: 0.4924, Accuracy: 77.65%, AUC: 0.77 [VAL] Loss: 0.4723, Accuracy: 78.35%, Precision: 0.81, Recall: 0.72, F1-Score: 0.77, AUC: 0.78
Epoch [7/100] - [TRAIN] Loss: 0.4925, Accuracy: 77.53%, AUC: 0.77 [VAL] Loss: 0.4745, Accuracy: 78.29%, Precision: 0.82, Recall: 0.71, F1-Score: 0.76, AUC: 0.78
Epoch [8/100] - [TRAIN] Loss: 0.4885, Accuracy: 77.93%, AUC: 0.78 [VAL] Loss: 0.4634, Accuracy: 79.01%, Precision: 0.82, Recall: 0.72, F1-Score: 0.77, AUC: 0.79
Epoch [9/100] - [TRAIN] Loss: 0.4887, Accuracy: 77.76%, AUC: 0.78 [VAL] Loss: 0.4651, Accuracy: 78.66%, Precision: 0.82, Recall: 0.71, F1-Score: 0.76, AUC: 0.78
Epoch [10/100] - [TRAIN] Loss: 0.4896, Accuracy: 77.70%, AUC: 0.77 [VAL] Loss: 0.4620, Accuracy: 78.59%, Precision: 0.83, Recall: 0.70, F1-Score: 0.76, AUC: 0.78
Epoch [11/100] - [TRAIN] Loss: 0.4845, Accuracy: 77.93%, AUC: 0.78 [VAL] Loss: 0.4570, Accuracy: 79.51%, Precision: 0.83, Recall: 0.73, F1-Score: 0.77, AUC: 0.79
Epoch [12/100] - [TRAIN] Loss: 0.4880, Accuracy: 77.73%, AUC: 0.77 [VAL] Loss: 0.4530, Accuracy: 78.90%, Precision: 0.83, Recall: 0.71, F1-Score: 0.76, AUC: 0.79
Epoch [13/100] - [TRAIN] Loss: 0.4875, Accuracy: 77.74%, AUC: 0.78 [VAL] Loss: 0.4703, Accuracy: 78.12%, Precision: 0.83, Recall: 0.69, F1-Score: 0.75, AUC: 0.78
Epoch [14/100] - [TRAIN] Loss: 0.4836, Accuracy: 77.98%, AUC: 0.78 [VAL] Loss: 0.4615, Accuracy: 78.94%, Precision: 0.83, Recall: 0.72, F1-Score: 0.77, AUC: 0.79
Epoch [15/100] - [TRAIN] Loss: 0.4818, Accuracy: 77.91%, AUC: 0.78 [VAL] Loss: 0.4717, Accuracy: 78.36%, Precision: 0.82, Recall: 0.70, F1-Score: 0.76, AUC: 0.78
Epoch [16/100] - [TRAIN] Loss: 0.4829, Accuracy: 78.16%, AUC: 0.78 [VAL] Loss: 0.4635, Accuracy: 78.52%, Precision: 0.82, Recall: 0.72, F1-Score: 0.76, AUC: 0.78
Epoch [17/100] - [TRAIN] Loss: 0.4820, Accuracy: 78.03%, AUC: 0.78 [VAL] Loss: 0.4617, Accuracy: 78.74%, Precision: 0.82, Recall: 0.71, F1-Score: 0.76, AUC: 0.78
Epoch [18/100] - [TRAIN] Loss: 0.4865, Accuracy: 77.78%, AUC: 0.78 [VAL] Loss: 0.4608, Accuracy: 78.84%, Precision: 0.82, Recall: 0.71, F1-Score: 0.76, AUC: 0.79
Epoch [19/100] - [TRAIN] Loss: 0.4850, Accuracy: 77.72%, AUC: 0.78 [VAL] Loss: 0.4583, Accuracy: 78.30%, Precision: 0.82, Recall: 0.71, F1-Score: 0.76, AUC: 0.78
Epoch [20/100] - [TRAIN] Loss: 0.4835, Accuracy: 77.84%, AUC: 0.78 [VAL] Loss: 0.4613, Accuracy: 79.14%, Precision: 0.82, Recall: 0.72, F1-Score: 0.77, AUC: 0.79
Epoch [21/100] - [TRAIN] Loss: 0.4857, Accuracy: 77.84%, AUC: 0.78 [VAL] Loss: 0.4595, Accuracy: 78.68%, Precision: 0.83, Recall: 0.70, F1-Score: 0.76, AUC: 0.78
Epoch [22/100] - [TRAIN] Loss: 0.4801, Accuracy: 78.08%, AUC: 0.78 [VAL] Loss: 0.4583, Accuracy: 78.66%, Precision: 0.82, Recall: 0.71, F1-Score: 0.76, AUC: 0.78
Epoch [23/100] - [TRAIN] Loss: 0.4811, Accuracy: 78.01%, AUC: 0.78 [VAL] Loss: 0.4576, Accuracy: 79.03%, Precision: 0.82, Recall: 0.72, F1-Score: 0.76, AUC: 0.79
Epoch [24/100] - [TRAIN] Loss: 0.4825, Accuracy: 78.04%, AUC: 0.78 [VAL] Loss: 0.4555, Accuracy: 79.58%, Precision: 0.83, Recall: 0.73, F1-Score: 0.78, AUC: 0.79
Epoch [25/100] - [TRAIN] Loss: 0.4823, Accuracy: 77.83%, AUC: 0.78 [VAL] Loss: 0.4685, Accuracy: 78.65%, Precision: 0.82, Recall: 0.72, F1-Score: 0.77, AUC: 0.78
Epoch [26/100] - [TRAIN] Loss: 0.4819, Accuracy: 77.88%, AUC: 0.78 [VAL] Loss: 0.4615, Accuracy: 78.85%, Precision: 0.82, Recall: 0.72, F1-Score: 0.76, AUC: 0.79
Epoch [27/100] - [TRAIN] Loss: 0.4805, Accuracy: 78.14%, AUC: 0.78 [VAL] Loss: 0.4686, Accuracy: 78.13%, Precision: 0.82, Recall: 0.71, F1-Score: 0.76, AUC: 0.78
Epoch [28/100] - [TRAIN] Loss: 0.4836, Accuracy: 77.71%, AUC: 0.77 [VAL] Loss: 0.4553, Accuracy: 78.88%, Precision: 0.82, Recall: 0.71, F1-Score: 0.76, AUC: 0.79
Epoch [29/100] - [TRAIN] Loss: 0.4806, Accuracy: 78.22%, AUC: 0.78 [VAL] Loss: 0.4660, Accuracy: 78.66%, Precision: 0.82, Recall: 0.72, F1-Score: 0.77, AUC: 0.78
Epoch [30/100] - [TRAIN] Loss: 0.4817, Accuracy: 77.77%, AUC: 0.78 [VAL] Loss: 0.4636, Accuracy: 78.54%, Precision: 0.81, Recall: 0.71, F1-Score: 0.76, AUC: 0.78
Epoch [31/100] - [TRAIN] Loss: 0.4815, Accuracy: 77.90%, AUC: 0.78 [VAL] Loss: 0.4633, Accuracy: 78.44%, Precision: 0.81, Recall: 0.72, F1-Score: 0.76, AUC: 0.78
Epoch [32/100] - [TRAIN] Loss: 0.4843, Accuracy: 77.82%, AUC: 0.78 [VAL] Loss: 0.4698, Accuracy: 78.05%, Precision: 0.81, Recall: 0.71, F1-Score: 0.76, AUC: 0.78
Epoch [33/100] - [TRAIN] Loss: 0.4817, Accuracy: 77.91%, AUC: 0.78 [VAL] Loss: 0.4538, Accuracy: 79.05%, Precision: 0.82, Recall: 0.72, F1-Score: 0.77, AUC: 0.79
Epoch [34/100] - [TRAIN] Loss: 0.4821, Accuracy: 77.80%, AUC: 0.78 [VAL] Loss: 0.4705, Accuracy: 77.55%, Precision: 0.81, Recall: 0.70, F1-Score: 0.75, AUC: 0.77
Epoch [35/100] - [TRAIN] Loss: 0.4800, Accuracy: 78.04%, AUC: 0.78 [VAL] Loss: 0.4578, Accuracy: 78.63%, Precision: 0.82, Recall: 0.71, F1-Score: 0.76, AUC: 0.78
Epoch [36/100] - [TRAIN] Loss: 0.4810, Accuracy: 77.97%, AUC: 0.78 [VAL] Loss: 0.4668, Accuracy: 78.20%, Precision: 0.82, Recall: 0.71, F1-Score: 0.76, AUC: 0.78
Epoch [37/100] - [TRAIN] Loss: 0.4768, Accuracy: 78.32%, AUC: 0.78 [VAL] Loss: 0.4629, Accuracy: 78.30%, Precision: 0.82, Recall: 0.71, F1-Score: 0.76, AUC: 0.78
Epoch [38/100] - [TRAIN] Loss: 0.4833, Accuracy: 77.90%, AUC: 0.78 [VAL] Loss: 0.4579, Accuracy: 78.59%, Precision: 0.83, Recall: 0.71, F1-Score: 0.76, AUC: 0.78
Epoch [39/100] - [TRAIN] Loss: 0.4802, Accuracy: 78.11%, AUC: 0.78 [VAL] Loss: 0.4603, Accuracy: 78.61%, Precision: 0.83, Recall: 0.71, F1-Score: 0.76, AUC: 0.78
Epoch [40/100] - [TRAIN] Loss: 0.4801, Accuracy: 78.00%, AUC: 0.78 [VAL] Loss: 0.4615, Accuracy: 79.19%, Precision: 0.82, Recall: 0.71, F1-Score: 0.77, AUC: 0.79
Epoch [41/100] - [TRAIN] Loss: 0.4799, Accuracy: 77.94%, AUC: 0.78 [VAL] Loss: 0.4604, Accuracy: 78.49%, Precision: 0.82, Recall: 0.71, F1-Score: 0.76, AUC: 0.78
Epoch [42/100] - [TRAIN] Loss: 0.4848, Accuracy: 77.68%, AUC: 0.77 [VAL] Loss: 0.4607, Accuracy: 78.81%, Precision: 0.82, Recall: 0.72, F1-Score: 0.76, AUC: 0.78
Epoch [43/100] - [TRAIN] Loss: 0.4785, Accuracy: 78.13%, AUC: 0.78 [VAL] Loss: 0.4528, Accuracy: 79.28%, Precision: 0.82, Recall: 0.73, F1-Score: 0.77, AUC: 0.79
Epoch [44/100] - [TRAIN] Loss: 0.4826, Accuracy: 77.88%, AUC: 0.78 [VAL] Loss: 0.4613, Accuracy: 78.47%, Precision: 0.82, Recall: 0.72, F1-Score: 0.76, AUC: 0.78
Epoch [45/100] - [TRAIN] Loss: 0.4825, Accuracy: 77.87%, AUC: 0.78 [VAL] Loss: 0.4674, Accuracy: 78.48%, Precision: 0.82, Recall: 0.71, F1-Score: 0.76, AUC: 0.78
Epoch [46/100] - [TRAIN] Loss: 0.4792, Accuracy: 78.27%, AUC: 0.78 [VAL] Loss: 0.4709, Accuracy: 77.73%, Precision: 0.81, Recall: 0.70, F1-Score: 0.75, AUC: 0.77
Epoch [47/100] - [TRAIN] Loss: 0.4818, Accuracy: 78.09%, AUC: 0.78 [VAL] Loss: 0.4630, Accuracy: 78.63%, Precision: 0.82, Recall: 0.72, F1-Score: 0.77, AUC: 0.78
Epoch [48/100] - [TRAIN] Loss: 0.4844, Accuracy: 77.83%, AUC: 0.78 [VAL] Loss: 0.4604, Accuracy: 78.96%, Precision: 0.82, Recall: 0.71, F1-Score: 0.76, AUC: 0.79
Epoch [49/100] - [TRAIN] Loss: 0.4824, Accuracy: 77.87%, AUC: 0.78 [VAL] Loss: 0.4635, Accuracy: 78.24%, Precision: 0.82, Recall: 0.71, F1-Score: 0.76, AUC: 0.78
Epoch [50/100] - [TRAIN] Loss: 0.4837, Accuracy: 77.84%, AUC: 0.78 [VAL] Loss: 0.4543, Accuracy: 79.23%, Precision: 0.83, Recall: 0.72, F1-Score: 0.77, AUC: 0.79
Epoch [51/100] - [TRAIN] Loss: 0.4813, Accuracy: 78.01%, AUC: 0.78 [VAL] Loss: 0.4600, Accuracy: 78.73%, Precision: 0.82, Recall: 0.72, F1-Score: 0.77, AUC: 0.79
Epoch [52/100] - [TRAIN] Loss: 0.4835, Accuracy: 78.15%, AUC: 0.78 [VAL] Loss: 0.4730, Accuracy: 77.82%, Precision: 0.81, Recall: 0.71, F1-Score: 0.75, AUC: 0.78
Epoch [53/100] - [TRAIN] Loss: 0.4809, Accuracy: 77.89%, AUC: 0.78 [VAL] Loss: 0.4579, Accuracy: 79.44%, Precision: 0.82, Recall: 0.72, F1-Score: 0.77, AUC: 0.79
Epoch [54/100] - [TRAIN] Loss: 0.4793, Accuracy: 78.07%, AUC: 0.78 [VAL] Loss: 0.4564, Accuracy: 79.04%, Precision: 0.83, Recall: 0.71, F1-Score: 0.76, AUC: 0.79
Epoch [55/100] - [TRAIN] Loss: 0.4847, Accuracy: 77.94%, AUC: 0.78 [VAL] Loss: 0.4687, Accuracy: 78.40%, Precision: 0.82, Recall: 0.71, F1-Score: 0.76, AUC: 0.78
Epoch [56/100] - [TRAIN] Loss: 0.4783, Accuracy: 78.30%, AUC: 0.78 [VAL] Loss: 0.4580, Accuracy: 78.83%, Precision: 0.82, Recall: 0.72, F1-Score: 0.77, AUC: 0.79
Epoch [57/100] - [TRAIN] Loss: 0.4852, Accuracy: 77.82%, AUC: 0.78 [VAL] Loss: 0.4723, Accuracy: 77.83%, Precision: 0.81, Recall: 0.71, F1-Score: 0.76, AUC: 0.78
Epoch [58/100] - [TRAIN] Loss: 0.4781, Accuracy: 78.01%, AUC: 0.78 [VAL] Loss: 0.4670, Accuracy: 78.17%, Precision: 0.81, Recall: 0.71, F1-Score: 0.76, AUC: 0.78
Epoch [59/100] - [TRAIN] Loss: 0.4782, Accuracy: 78.10%, AUC: 0.78 [VAL] Loss: 0.4759, Accuracy: 78.28%, Precision: 0.81, Recall: 0.71, F1-Score: 0.76, AUC: 0.78
Epoch [60/100] - [TRAIN] Loss: 0.4823, Accuracy: 77.84%, AUC: 0.78 [VAL] Loss: 0.4602, Accuracy: 79.01%, Precision: 0.83, Recall: 0.72, F1-Score: 0.77, AUC: 0.79
Epoch [61/100] - [TRAIN] Loss: 0.4811, Accuracy: 78.11%, AUC: 0.78 [VAL] Loss: 0.4647, Accuracy: 78.33%, Precision: 0.82, Recall: 0.71, F1-Score: 0.76, AUC: 0.78
Epoch [62/100] - [TRAIN] Loss: 0.4813, Accuracy: 77.85%, AUC: 0.78 [VAL] Loss: 0.4670, Accuracy: 77.72%, Precision: 0.81, Recall: 0.71, F1-Score: 0.75, AUC: 0.77
Epoch [63/100] - [TRAIN] Loss: 0.4811, Accuracy: 78.02%, AUC: 0.78 [VAL] Loss: 0.4622, Accuracy: 78.86%, Precision: 0.82, Recall: 0.71, F1-Score: 0.76, AUC: 0.79
Epoch [64/100] - [TRAIN] Loss: 0.4787, Accuracy: 78.10%, AUC: 0.78 [VAL] Loss: 0.4643, Accuracy: 78.39%, Precision: 0.82, Recall: 0.71, F1-Score: 0.76, AUC: 0.78
Epoch [65/100] - [TRAIN] Loss: 0.4830, Accuracy: 78.13%, AUC: 0.78 [VAL] Loss: 0.4582, Accuracy: 78.86%, Precision: 0.83, Recall: 0.72, F1-Score: 0.77, AUC: 0.79
Epoch [66/100] - [TRAIN] Loss: 0.4818, Accuracy: 77.97%, AUC: 0.78 [VAL] Loss: 0.4645, Accuracy: 78.69%, Precision: 0.82, Recall: 0.72, F1-Score: 0.77, AUC: 0.79
Epoch [67/100] - [TRAIN] Loss: 0.4765, Accuracy: 78.39%, AUC: 0.78 [VAL] Loss: 0.4626, Accuracy: 78.43%, Precision: 0.82, Recall: 0.72, F1-Score: 0.77, AUC: 0.78
Epoch [68/100] - [TRAIN] Loss: 0.4814, Accuracy: 78.05%, AUC: 0.78 [VAL] Loss: 0.4597, Accuracy: 78.84%, Precision: 0.82, Recall: 0.71, F1-Score: 0.76, AUC: 0.79
Epoch [69/100] - [TRAIN] Loss: 0.4795, Accuracy: 78.20%, AUC: 0.78 [VAL] Loss: 0.4624, Accuracy: 78.81%, Precision: 0.83, Recall: 0.71, F1-Score: 0.76, AUC: 0.79
Epoch [70/100] - [TRAIN] Loss: 0.4856, Accuracy: 77.75%, AUC: 0.78 [VAL] Loss: 0.4699, Accuracy: 78.29%, Precision: 0.82, Recall: 0.71, F1-Score: 0.76, AUC: 0.78
Epoch [71/100] - [TRAIN] Loss: 0.4826, Accuracy: 77.86%, AUC: 0.78 [VAL] Loss: 0.4606, Accuracy: 78.55%, Precision: 0.82, Recall: 0.71, F1-Score: 0.76, AUC: 0.78
Epoch [72/100] - [TRAIN] Loss: 0.4822, Accuracy: 78.01%, AUC: 0.78 [VAL] Loss: 0.4677, Accuracy: 78.24%, Precision: 0.82, Recall: 0.71, F1-Score: 0.76, AUC: 0.78
Epoch [73/100] - [TRAIN] Loss: 0.4825, Accuracy: 77.84%, AUC: 0.78 [VAL] Loss: 0.4618, Accuracy: 78.72%, Precision: 0.82, Recall: 0.71, F1-Score: 0.76, AUC: 0.78
Epoch [74/100] - [TRAIN] Loss: 0.4812, Accuracy: 77.87%, AUC: 0.78 [VAL] Loss: 0.4658, Accuracy: 78.52%, Precision: 0.82, Recall: 0.72, F1-Score: 0.76, AUC: 0.78
Epoch [75/100] - [TRAIN] Loss: 0.4853, Accuracy: 77.76%, AUC: 0.78 [VAL] Loss: 0.4676, Accuracy: 78.25%, Precision: 0.81, Recall: 0.71, F1-Score: 0.76, AUC: 0.78
Epoch [76/100] - [TRAIN] Loss: 0.4804, Accuracy: 77.89%, AUC: 0.78 [VAL] Loss: 0.4597, Accuracy: 78.52%, Precision: 0.83, Recall: 0.70, F1-Score: 0.76, AUC: 0.78
Epoch [77/100] - [TRAIN] Loss: 0.4823, Accuracy: 77.83%, AUC: 0.78 [VAL] Loss: 0.4599, Accuracy: 78.53%, Precision: 0.81, Recall: 0.72, F1-Score: 0.76, AUC: 0.78
Epoch [78/100] - [TRAIN] Loss: 0.4859, Accuracy: 77.65%, AUC: 0.77 [VAL] Loss: 0.4660, Accuracy: 78.23%, Precision: 0.82, Recall: 0.71, F1-Score: 0.76, AUC: 0.78
Epoch [79/100] - [TRAIN] Loss: 0.4819, Accuracy: 77.92%, AUC: 0.78 [VAL] Loss: 0.4669, Accuracy: 78.50%, Precision: 0.81, Recall: 0.71, F1-Score: 0.76, AUC: 0.78
Epoch [80/100] - [TRAIN] Loss: 0.4828, Accuracy: 78.07%, AUC: 0.78 [VAL] Loss: 0.4595, Accuracy: 78.33%, Precision: 0.82, Recall: 0.72, F1-Score: 0.76, AUC: 0.78
Epoch [81/100] - [TRAIN] Loss: 0.4823, Accuracy: 77.80%, AUC: 0.78 [VAL] Loss: 0.4653, Accuracy: 78.50%, Precision: 0.82, Recall: 0.71, F1-Score: 0.76, AUC: 0.78
Epoch [82/100] - [TRAIN] Loss: 0.4857, Accuracy: 77.74%, AUC: 0.78 [VAL] Loss: 0.4690, Accuracy: 78.18%, Precision: 0.81, Recall: 0.72, F1-Score: 0.76, AUC: 0.78
Epoch [83/100] - [TRAIN] Loss: 0.4819, Accuracy: 78.00%, AUC: 0.78 [VAL] Loss: 0.4770, Accuracy: 77.50%, Precision: 0.82, Recall: 0.70, F1-Score: 0.75, AUC: 0.77
Epoch [84/100] - [TRAIN] Loss: 0.4829, Accuracy: 77.88%, AUC: 0.78 [VAL] Loss: 0.4649, Accuracy: 79.01%, Precision: 0.82, Recall: 0.72, F1-Score: 0.77, AUC: 0.79
Epoch [85/100] - [TRAIN] Loss: 0.4771, Accuracy: 78.08%, AUC: 0.78 [VAL] Loss: 0.4638, Accuracy: 78.57%, Precision: 0.82, Recall: 0.71, F1-Score: 0.76, AUC: 0.78
Epoch [86/100] - [TRAIN] Loss: 0.4831, Accuracy: 77.94%, AUC: 0.78 [VAL] Loss: 0.4610, Accuracy: 78.45%, Precision: 0.82, Recall: 0.71, F1-Score: 0.76, AUC: 0.78
Epoch [87/100] - [TRAIN] Loss: 0.4836, Accuracy: 77.90%, AUC: 0.78 [VAL] Loss: 0.4728, Accuracy: 77.90%, Precision: 0.82, Recall: 0.70, F1-Score: 0.75, AUC: 0.78
Epoch [88/100] - [TRAIN] Loss: 0.4830, Accuracy: 77.91%, AUC: 0.78 [VAL] Loss: 0.4581, Accuracy: 78.82%, Precision: 0.81, Recall: 0.72, F1-Score: 0.76, AUC: 0.79
Epoch [89/100] - [TRAIN] Loss: 0.4800, Accuracy: 78.12%, AUC: 0.78 [VAL] Loss: 0.4599, Accuracy: 78.93%, Precision: 0.83, Recall: 0.71, F1-Score: 0.77, AUC: 0.79
Epoch [90/100] - [TRAIN] Loss: 0.4784, Accuracy: 78.09%, AUC: 0.78 [VAL] Loss: 0.4627, Accuracy: 78.32%, Precision: 0.82, Recall: 0.71, F1-Score: 0.76, AUC: 0.78
Epoch [91/100] - [TRAIN] Loss: 0.4834, Accuracy: 77.83%, AUC: 0.78 [VAL] Loss: 0.4668, Accuracy: 78.70%, Precision: 0.82, Recall: 0.71, F1-Score: 0.76, AUC: 0.78
Epoch [92/100] - [TRAIN] Loss: 0.4827, Accuracy: 78.01%, AUC: 0.78 [VAL] Loss: 0.4658, Accuracy: 78.56%, Precision: 0.82, Recall: 0.72, F1-Score: 0.76, AUC: 0.78
Epoch [93/100] - [TRAIN] Loss: 0.4812, Accuracy: 78.08%, AUC: 0.78 [VAL] Loss: 0.4667, Accuracy: 78.37%, Precision: 0.81, Recall: 0.72, F1-Score: 0.76, AUC: 0.78
Epoch [94/100] - [TRAIN] Loss: 0.4817, Accuracy: 77.89%, AUC: 0.78 [VAL] Loss: 0.4686, Accuracy: 77.60%, Precision: 0.80, Recall: 0.70, F1-Score: 0.75, AUC: 0.77
Epoch [95/100] - [TRAIN] Loss: 0.4820, Accuracy: 78.00%, AUC: 0.78 [VAL] Loss: 0.4620, Accuracy: 78.38%, Precision: 0.82, Recall: 0.71, F1-Score: 0.76, AUC: 0.78
Epoch [96/100] - [TRAIN] Loss: 0.4803, Accuracy: 78.04%, AUC: 0.78 [VAL] Loss: 0.4691, Accuracy: 78.47%, Precision: 0.82, Recall: 0.71, F1-Score: 0.77, AUC: 0.78
Epoch [97/100] - [TRAIN] Loss: 0.4821, Accuracy: 78.14%, AUC: 0.78 [VAL] Loss: 0.4669, Accuracy: 78.27%, Precision: 0.82, Recall: 0.71, F1-Score: 0.76, AUC: 0.78
Epoch [98/100] - [TRAIN] Loss: 0.4819, Accuracy: 77.89%, AUC: 0.78 [VAL] Loss: 0.4637, Accuracy: 78.30%, Precision: 0.81, Recall: 0.71, F1-Score: 0.76, AUC: 0.78
Epoch [99/100] - [TRAIN] Loss: 0.4825, Accuracy: 77.94%, AUC: 0.78 [VAL] Loss: 0.4653, Accuracy: 78.10%, Precision: 0.83, Recall: 0.71, F1-Score: 0.76, AUC: 0.78
Epoch [100/100] - [TRAIN] Loss: 0.4825, Accuracy: 77.79%, AUC: 0.78 [VAL] Loss: 0.4537, Accuracy: 79.29%, Precision: 0.83, Recall: 0.72, F1-Score: 0.77, AUC: 0.79
Accuracy Score on test set: 78.46 %
    AUC Score on test set: 0.78
    Precision: 0.8149
    Recall: 0.7138
    F1-Score: 0.7610

    Detailed Classification Report:
                  precision    recall  f1-score   support

           0       0.76      0.85      0.80      5196
           1       0.81      0.71      0.76      4804

    accuracy                           0.78     10000
   macro avg       0.79      0.78      0.78     10000
weighted avg       0.79      0.78      0.78     10000


    Confusion Matrix:
    [[4417  779]
 [1375 3429]]
    
017-H3K4me3-H3K9ac-H3K27me3
Epoch [1/100] - [TRAIN] Loss: 0.5342, Accuracy: 75.86%, AUC: 0.76 [VAL] Loss: 0.4808, Accuracy: 77.72%, Precision: 0.81, Recall: 0.70, F1-Score: 0.75, AUC: 0.77
Epoch [2/100] - [TRAIN] Loss: 0.5037, Accuracy: 77.03%, AUC: 0.77 [VAL] Loss: 0.4702, Accuracy: 78.75%, Precision: 0.82, Recall: 0.73, F1-Score: 0.77, AUC: 0.79
Epoch [3/100] - [TRAIN] Loss: 0.4975, Accuracy: 77.34%, AUC: 0.77 [VAL] Loss: 0.4735, Accuracy: 78.69%, Precision: 0.78, Recall: 0.76, F1-Score: 0.77, AUC: 0.79
Epoch [4/100] - [TRAIN] Loss: 0.4959, Accuracy: 77.23%, AUC: 0.77 [VAL] Loss: 0.4735, Accuracy: 78.26%, Precision: 0.80, Recall: 0.74, F1-Score: 0.77, AUC: 0.78
Epoch [5/100] - [TRAIN] Loss: 0.4912, Accuracy: 77.50%, AUC: 0.77 [VAL] Loss: 0.4599, Accuracy: 78.38%, Precision: 0.81, Recall: 0.74, F1-Score: 0.77, AUC: 0.78
Epoch [6/100] - [TRAIN] Loss: 0.4923, Accuracy: 77.38%, AUC: 0.77 [VAL] Loss: 0.4753, Accuracy: 77.21%, Precision: 0.79, Recall: 0.72, F1-Score: 0.75, AUC: 0.77
Epoch [7/100] - [TRAIN] Loss: 0.4912, Accuracy: 77.49%, AUC: 0.77 [VAL] Loss: 0.4511, Accuracy: 79.32%, Precision: 0.82, Recall: 0.74, F1-Score: 0.78, AUC: 0.79
Epoch [8/100] - [TRAIN] Loss: 0.4855, Accuracy: 77.47%, AUC: 0.77 [VAL] Loss: 0.4655, Accuracy: 78.40%, Precision: 0.80, Recall: 0.74, F1-Score: 0.77, AUC: 0.78
Epoch [9/100] - [TRAIN] Loss: 0.4825, Accuracy: 77.64%, AUC: 0.77 [VAL] Loss: 0.4661, Accuracy: 78.36%, Precision: 0.80, Recall: 0.73, F1-Score: 0.77, AUC: 0.78
Epoch [10/100] - [TRAIN] Loss: 0.4856, Accuracy: 77.55%, AUC: 0.77 [VAL] Loss: 0.4681, Accuracy: 77.98%, Precision: 0.80, Recall: 0.72, F1-Score: 0.76, AUC: 0.78
Epoch [11/100] - [TRAIN] Loss: 0.4853, Accuracy: 77.44%, AUC: 0.77 [VAL] Loss: 0.4607, Accuracy: 78.44%, Precision: 0.81, Recall: 0.72, F1-Score: 0.76, AUC: 0.78
Epoch [12/100] - [TRAIN] Loss: 0.4840, Accuracy: 77.56%, AUC: 0.77 [VAL] Loss: 0.4665, Accuracy: 78.04%, Precision: 0.81, Recall: 0.72, F1-Score: 0.76, AUC: 0.78
Epoch [13/100] - [TRAIN] Loss: 0.4882, Accuracy: 77.39%, AUC: 0.77 [VAL] Loss: 0.4682, Accuracy: 78.11%, Precision: 0.81, Recall: 0.72, F1-Score: 0.76, AUC: 0.78
Epoch [14/100] - [TRAIN] Loss: 0.4800, Accuracy: 77.78%, AUC: 0.78 [VAL] Loss: 0.4578, Accuracy: 78.20%, Precision: 0.81, Recall: 0.73, F1-Score: 0.76, AUC: 0.78
Epoch [15/100] - [TRAIN] Loss: 0.4810, Accuracy: 77.86%, AUC: 0.78 [VAL] Loss: 0.4645, Accuracy: 78.10%, Precision: 0.80, Recall: 0.72, F1-Score: 0.76, AUC: 0.78
Epoch [16/100] - [TRAIN] Loss: 0.4824, Accuracy: 77.62%, AUC: 0.77 [VAL] Loss: 0.4591, Accuracy: 78.47%, Precision: 0.80, Recall: 0.73, F1-Score: 0.77, AUC: 0.78
Epoch [17/100] - [TRAIN] Loss: 0.4828, Accuracy: 77.89%, AUC: 0.78 [VAL] Loss: 0.4640, Accuracy: 78.39%, Precision: 0.81, Recall: 0.72, F1-Score: 0.76, AUC: 0.78
Epoch [18/100] - [TRAIN] Loss: 0.4815, Accuracy: 77.83%, AUC: 0.78 [VAL] Loss: 0.4619, Accuracy: 78.15%, Precision: 0.81, Recall: 0.72, F1-Score: 0.76, AUC: 0.78
Epoch [19/100] - [TRAIN] Loss: 0.4811, Accuracy: 77.68%, AUC: 0.77 [VAL] Loss: 0.4690, Accuracy: 77.88%, Precision: 0.81, Recall: 0.71, F1-Score: 0.75, AUC: 0.78
Epoch [20/100] - [TRAIN] Loss: 0.4790, Accuracy: 77.83%, AUC: 0.78 [VAL] Loss: 0.4665, Accuracy: 78.09%, Precision: 0.81, Recall: 0.71, F1-Score: 0.76, AUC: 0.78
Epoch [21/100] - [TRAIN] Loss: 0.4810, Accuracy: 77.66%, AUC: 0.77 [VAL] Loss: 0.4658, Accuracy: 77.95%, Precision: 0.81, Recall: 0.72, F1-Score: 0.76, AUC: 0.78
Epoch [22/100] - [TRAIN] Loss: 0.4813, Accuracy: 77.63%, AUC: 0.77 [VAL] Loss: 0.4527, Accuracy: 79.15%, Precision: 0.82, Recall: 0.73, F1-Score: 0.77, AUC: 0.79
Epoch [23/100] - [TRAIN] Loss: 0.4797, Accuracy: 77.91%, AUC: 0.78 [VAL] Loss: 0.4623, Accuracy: 78.47%, Precision: 0.81, Recall: 0.72, F1-Score: 0.76, AUC: 0.78
Epoch [24/100] - [TRAIN] Loss: 0.4834, Accuracy: 77.59%, AUC: 0.77 [VAL] Loss: 0.4570, Accuracy: 78.41%, Precision: 0.81, Recall: 0.72, F1-Score: 0.76, AUC: 0.78
Epoch [25/100] - [TRAIN] Loss: 0.4835, Accuracy: 77.78%, AUC: 0.78 [VAL] Loss: 0.4522, Accuracy: 78.89%, Precision: 0.83, Recall: 0.72, F1-Score: 0.77, AUC: 0.79
Epoch [26/100] - [TRAIN] Loss: 0.4816, Accuracy: 77.60%, AUC: 0.77 [VAL] Loss: 0.4589, Accuracy: 78.25%, Precision: 0.81, Recall: 0.72, F1-Score: 0.76, AUC: 0.78
Epoch [27/100] - [TRAIN] Loss: 0.4770, Accuracy: 78.04%, AUC: 0.78 [VAL] Loss: 0.4598, Accuracy: 78.73%, Precision: 0.81, Recall: 0.72, F1-Score: 0.76, AUC: 0.78
Epoch [28/100] - [TRAIN] Loss: 0.4820, Accuracy: 77.88%, AUC: 0.78 [VAL] Loss: 0.4802, Accuracy: 77.22%, Precision: 0.80, Recall: 0.71, F1-Score: 0.75, AUC: 0.77
Epoch [29/100] - [TRAIN] Loss: 0.4796, Accuracy: 78.02%, AUC: 0.78 [VAL] Loss: 0.4602, Accuracy: 78.67%, Precision: 0.82, Recall: 0.72, F1-Score: 0.77, AUC: 0.78
Epoch [30/100] - [TRAIN] Loss: 0.4820, Accuracy: 77.66%, AUC: 0.77 [VAL] Loss: 0.4579, Accuracy: 78.67%, Precision: 0.81, Recall: 0.73, F1-Score: 0.77, AUC: 0.79
Epoch [31/100] - [TRAIN] Loss: 0.4861, Accuracy: 77.55%, AUC: 0.77 [VAL] Loss: 0.4608, Accuracy: 78.70%, Precision: 0.82, Recall: 0.72, F1-Score: 0.76, AUC: 0.78
Epoch [32/100] - [TRAIN] Loss: 0.4782, Accuracy: 77.85%, AUC: 0.78 [VAL] Loss: 0.4622, Accuracy: 78.09%, Precision: 0.81, Recall: 0.72, F1-Score: 0.76, AUC: 0.78
Epoch [33/100] - [TRAIN] Loss: 0.4799, Accuracy: 77.84%, AUC: 0.78 [VAL] Loss: 0.4644, Accuracy: 78.25%, Precision: 0.81, Recall: 0.72, F1-Score: 0.76, AUC: 0.78
Epoch [34/100] - [TRAIN] Loss: 0.4812, Accuracy: 77.83%, AUC: 0.78 [VAL] Loss: 0.4637, Accuracy: 78.45%, Precision: 0.81, Recall: 0.71, F1-Score: 0.76, AUC: 0.78
Epoch [35/100] - [TRAIN] Loss: 0.4814, Accuracy: 77.65%, AUC: 0.77 [VAL] Loss: 0.4604, Accuracy: 78.33%, Precision: 0.81, Recall: 0.72, F1-Score: 0.76, AUC: 0.78
Epoch [36/100] - [TRAIN] Loss: 0.4831, Accuracy: 77.53%, AUC: 0.77 [VAL] Loss: 0.4678, Accuracy: 78.17%, Precision: 0.81, Recall: 0.71, F1-Score: 0.76, AUC: 0.78
Epoch [37/100] - [TRAIN] Loss: 0.4816, Accuracy: 77.64%, AUC: 0.77 [VAL] Loss: 0.4665, Accuracy: 77.97%, Precision: 0.81, Recall: 0.71, F1-Score: 0.76, AUC: 0.78
Epoch [38/100] - [TRAIN] Loss: 0.4825, Accuracy: 77.81%, AUC: 0.78 [VAL] Loss: 0.4632, Accuracy: 77.96%, Precision: 0.81, Recall: 0.71, F1-Score: 0.75, AUC: 0.78
Epoch [39/100] - [TRAIN] Loss: 0.4795, Accuracy: 77.91%, AUC: 0.78 [VAL] Loss: 0.4598, Accuracy: 78.34%, Precision: 0.81, Recall: 0.72, F1-Score: 0.76, AUC: 0.78
Epoch [40/100] - [TRAIN] Loss: 0.4825, Accuracy: 77.83%, AUC: 0.78 [VAL] Loss: 0.4685, Accuracy: 78.38%, Precision: 0.83, Recall: 0.71, F1-Score: 0.77, AUC: 0.78
Epoch [41/100] - [TRAIN] Loss: 0.4838, Accuracy: 77.51%, AUC: 0.77 [VAL] Loss: 0.4663, Accuracy: 77.91%, Precision: 0.80, Recall: 0.72, F1-Score: 0.76, AUC: 0.78
Epoch [42/100] - [TRAIN] Loss: 0.4795, Accuracy: 77.62%, AUC: 0.77 [VAL] Loss: 0.4699, Accuracy: 77.89%, Precision: 0.81, Recall: 0.71, F1-Score: 0.76, AUC: 0.78
Epoch [43/100] - [TRAIN] Loss: 0.4811, Accuracy: 77.76%, AUC: 0.78 [VAL] Loss: 0.4660, Accuracy: 78.34%, Precision: 0.81, Recall: 0.73, F1-Score: 0.76, AUC: 0.78
Epoch [44/100] - [TRAIN] Loss: 0.4862, Accuracy: 77.39%, AUC: 0.77 [VAL] Loss: 0.4560, Accuracy: 78.74%, Precision: 0.81, Recall: 0.73, F1-Score: 0.77, AUC: 0.79
Epoch [45/100] - [TRAIN] Loss: 0.4816, Accuracy: 77.76%, AUC: 0.78 [VAL] Loss: 0.4644, Accuracy: 78.44%, Precision: 0.81, Recall: 0.73, F1-Score: 0.76, AUC: 0.78
Epoch [46/100] - [TRAIN] Loss: 0.4827, Accuracy: 77.78%, AUC: 0.78 [VAL] Loss: 0.4636, Accuracy: 79.06%, Precision: 0.81, Recall: 0.73, F1-Score: 0.77, AUC: 0.79
Epoch [47/100] - [TRAIN] Loss: 0.4812, Accuracy: 77.68%, AUC: 0.77 [VAL] Loss: 0.4571, Accuracy: 78.67%, Precision: 0.82, Recall: 0.72, F1-Score: 0.76, AUC: 0.78
Epoch [48/100] - [TRAIN] Loss: 0.4811, Accuracy: 77.64%, AUC: 0.77 [VAL] Loss: 0.4607, Accuracy: 78.46%, Precision: 0.81, Recall: 0.72, F1-Score: 0.76, AUC: 0.78
Epoch [49/100] - [TRAIN] Loss: 0.4774, Accuracy: 77.80%, AUC: 0.78 [VAL] Loss: 0.4657, Accuracy: 78.25%, Precision: 0.81, Recall: 0.72, F1-Score: 0.76, AUC: 0.78
Epoch [50/100] - [TRAIN] Loss: 0.4790, Accuracy: 77.86%, AUC: 0.78 [VAL] Loss: 0.4663, Accuracy: 78.20%, Precision: 0.82, Recall: 0.71, F1-Score: 0.76, AUC: 0.78
Epoch [51/100] - [TRAIN] Loss: 0.4819, Accuracy: 77.72%, AUC: 0.78 [VAL] Loss: 0.4659, Accuracy: 78.30%, Precision: 0.81, Recall: 0.71, F1-Score: 0.76, AUC: 0.78
Epoch [52/100] - [TRAIN] Loss: 0.4810, Accuracy: 77.70%, AUC: 0.77 [VAL] Loss: 0.4686, Accuracy: 77.99%, Precision: 0.81, Recall: 0.71, F1-Score: 0.75, AUC: 0.78
Epoch [53/100] - [TRAIN] Loss: 0.4800, Accuracy: 77.83%, AUC: 0.78 [VAL] Loss: 0.4649, Accuracy: 78.45%, Precision: 0.81, Recall: 0.72, F1-Score: 0.76, AUC: 0.78
Epoch [54/100] - [TRAIN] Loss: 0.4811, Accuracy: 77.58%, AUC: 0.77 [VAL] Loss: 0.4670, Accuracy: 78.19%, Precision: 0.81, Recall: 0.72, F1-Score: 0.76, AUC: 0.78
Epoch [55/100] - [TRAIN] Loss: 0.4797, Accuracy: 77.72%, AUC: 0.78 [VAL] Loss: 0.4582, Accuracy: 78.53%, Precision: 0.82, Recall: 0.72, F1-Score: 0.76, AUC: 0.78
Epoch [56/100] - [TRAIN] Loss: 0.4802, Accuracy: 77.82%, AUC: 0.78 [VAL] Loss: 0.4685, Accuracy: 78.45%, Precision: 0.82, Recall: 0.71, F1-Score: 0.76, AUC: 0.78
Epoch [57/100] - [TRAIN] Loss: 0.4834, Accuracy: 77.68%, AUC: 0.77 [VAL] Loss: 0.4640, Accuracy: 78.00%, Precision: 0.81, Recall: 0.71, F1-Score: 0.76, AUC: 0.78
Epoch [58/100] - [TRAIN] Loss: 0.4805, Accuracy: 77.74%, AUC: 0.78 [VAL] Loss: 0.4616, Accuracy: 78.80%, Precision: 0.82, Recall: 0.72, F1-Score: 0.77, AUC: 0.79
Epoch [59/100] - [TRAIN] Loss: 0.4838, Accuracy: 77.47%, AUC: 0.77 [VAL] Loss: 0.4657, Accuracy: 78.08%, Precision: 0.80, Recall: 0.72, F1-Score: 0.76, AUC: 0.78
Epoch [60/100] - [TRAIN] Loss: 0.4835, Accuracy: 77.50%, AUC: 0.77 [VAL] Loss: 0.4664, Accuracy: 77.92%, Precision: 0.81, Recall: 0.71, F1-Score: 0.76, AUC: 0.78
Epoch [61/100] - [TRAIN] Loss: 0.4807, Accuracy: 77.93%, AUC: 0.78 [VAL] Loss: 0.4677, Accuracy: 78.62%, Precision: 0.82, Recall: 0.72, F1-Score: 0.77, AUC: 0.78
Epoch [62/100] - [TRAIN] Loss: 0.4802, Accuracy: 77.96%, AUC: 0.78 [VAL] Loss: 0.4674, Accuracy: 78.01%, Precision: 0.81, Recall: 0.71, F1-Score: 0.76, AUC: 0.78
Epoch [63/100] - [TRAIN] Loss: 0.4850, Accuracy: 77.63%, AUC: 0.77 [VAL] Loss: 0.4661, Accuracy: 77.94%, Precision: 0.81, Recall: 0.71, F1-Score: 0.76, AUC: 0.78
Epoch [64/100] - [TRAIN] Loss: 0.4812, Accuracy: 77.84%, AUC: 0.78 [VAL] Loss: 0.4735, Accuracy: 77.59%, Precision: 0.80, Recall: 0.71, F1-Score: 0.75, AUC: 0.77
Epoch [65/100] - [TRAIN] Loss: 0.4799, Accuracy: 77.96%, AUC: 0.78 [VAL] Loss: 0.4610, Accuracy: 78.48%, Precision: 0.81, Recall: 0.72, F1-Score: 0.76, AUC: 0.78
Epoch [66/100] - [TRAIN] Loss: 0.4836, Accuracy: 77.61%, AUC: 0.77 [VAL] Loss: 0.4605, Accuracy: 78.10%, Precision: 0.82, Recall: 0.71, F1-Score: 0.76, AUC: 0.78
Epoch [67/100] - [TRAIN] Loss: 0.4792, Accuracy: 78.03%, AUC: 0.78 [VAL] Loss: 0.4595, Accuracy: 78.54%, Precision: 0.82, Recall: 0.73, F1-Score: 0.77, AUC: 0.78
Epoch [68/100] - [TRAIN] Loss: 0.4826, Accuracy: 77.60%, AUC: 0.77 [VAL] Loss: 0.4611, Accuracy: 78.38%, Precision: 0.81, Recall: 0.72, F1-Score: 0.76, AUC: 0.78
Epoch [69/100] - [TRAIN] Loss: 0.4850, Accuracy: 77.48%, AUC: 0.77 [VAL] Loss: 0.4604, Accuracy: 78.29%, Precision: 0.81, Recall: 0.72, F1-Score: 0.76, AUC: 0.78
Epoch [70/100] - [TRAIN] Loss: 0.4789, Accuracy: 77.96%, AUC: 0.78 [VAL] Loss: 0.4588, Accuracy: 78.90%, Precision: 0.82, Recall: 0.72, F1-Score: 0.77, AUC: 0.79
Epoch [71/100] - [TRAIN] Loss: 0.4798, Accuracy: 77.88%, AUC: 0.78 [VAL] Loss: 0.4632, Accuracy: 78.46%, Precision: 0.81, Recall: 0.72, F1-Score: 0.76, AUC: 0.78
Epoch [72/100] - [TRAIN] Loss: 0.4781, Accuracy: 78.01%, AUC: 0.78 [VAL] Loss: 0.4639, Accuracy: 78.32%, Precision: 0.81, Recall: 0.72, F1-Score: 0.76, AUC: 0.78
Epoch [73/100] - [TRAIN] Loss: 0.4791, Accuracy: 77.86%, AUC: 0.78 [VAL] Loss: 0.4662, Accuracy: 78.13%, Precision: 0.81, Recall: 0.72, F1-Score: 0.76, AUC: 0.78
Epoch [74/100] - [TRAIN] Loss: 0.4826, Accuracy: 77.77%, AUC: 0.78 [VAL] Loss: 0.4618, Accuracy: 78.39%, Precision: 0.81, Recall: 0.71, F1-Score: 0.76, AUC: 0.78
Epoch [75/100] - [TRAIN] Loss: 0.4776, Accuracy: 77.86%, AUC: 0.78 [VAL] Loss: 0.4719, Accuracy: 77.58%, Precision: 0.82, Recall: 0.71, F1-Score: 0.76, AUC: 0.77
Epoch [76/100] - [TRAIN] Loss: 0.4826, Accuracy: 77.74%, AUC: 0.78 [VAL] Loss: 0.4716, Accuracy: 77.61%, Precision: 0.80, Recall: 0.71, F1-Score: 0.76, AUC: 0.77
Epoch [77/100] - [TRAIN] Loss: 0.4818, Accuracy: 77.70%, AUC: 0.77 [VAL] Loss: 0.4557, Accuracy: 79.05%, Precision: 0.82, Recall: 0.72, F1-Score: 0.77, AUC: 0.79
Epoch [78/100] - [TRAIN] Loss: 0.4840, Accuracy: 77.61%, AUC: 0.77 [VAL] Loss: 0.4605, Accuracy: 78.08%, Precision: 0.81, Recall: 0.72, F1-Score: 0.76, AUC: 0.78
Epoch [79/100] - [TRAIN] Loss: 0.4844, Accuracy: 77.53%, AUC: 0.77 [VAL] Loss: 0.4687, Accuracy: 77.95%, Precision: 0.82, Recall: 0.71, F1-Score: 0.76, AUC: 0.78
Epoch [80/100] - [TRAIN] Loss: 0.4801, Accuracy: 77.72%, AUC: 0.77 [VAL] Loss: 0.4678, Accuracy: 78.18%, Precision: 0.81, Recall: 0.72, F1-Score: 0.76, AUC: 0.78
Epoch [81/100] - [TRAIN] Loss: 0.4820, Accuracy: 77.60%, AUC: 0.77 [VAL] Loss: 0.4537, Accuracy: 79.07%, Precision: 0.81, Recall: 0.73, F1-Score: 0.77, AUC: 0.79
Epoch [82/100] - [TRAIN] Loss: 0.4797, Accuracy: 78.01%, AUC: 0.78 [VAL] Loss: 0.4603, Accuracy: 78.74%, Precision: 0.82, Recall: 0.72, F1-Score: 0.76, AUC: 0.78
Epoch [83/100] - [TRAIN] Loss: 0.4796, Accuracy: 77.85%, AUC: 0.78 [VAL] Loss: 0.4583, Accuracy: 79.39%, Precision: 0.82, Recall: 0.73, F1-Score: 0.77, AUC: 0.79
Epoch [84/100] - [TRAIN] Loss: 0.4771, Accuracy: 77.83%, AUC: 0.78 [VAL] Loss: 0.4671, Accuracy: 78.32%, Precision: 0.82, Recall: 0.71, F1-Score: 0.76, AUC: 0.78
Epoch [85/100] - [TRAIN] Loss: 0.4820, Accuracy: 77.73%, AUC: 0.78 [VAL] Loss: 0.4739, Accuracy: 77.51%, Precision: 0.80, Recall: 0.71, F1-Score: 0.75, AUC: 0.77
Epoch [86/100] - [TRAIN] Loss: 0.4796, Accuracy: 77.85%, AUC: 0.78 [VAL] Loss: 0.4618, Accuracy: 78.54%, Precision: 0.81, Recall: 0.72, F1-Score: 0.76, AUC: 0.78
Epoch [87/100] - [TRAIN] Loss: 0.4799, Accuracy: 77.94%, AUC: 0.78 [VAL] Loss: 0.4616, Accuracy: 78.27%, Precision: 0.80, Recall: 0.72, F1-Score: 0.76, AUC: 0.78
Epoch [88/100] - [TRAIN] Loss: 0.4768, Accuracy: 77.94%, AUC: 0.78 [VAL] Loss: 0.4643, Accuracy: 78.63%, Precision: 0.81, Recall: 0.72, F1-Score: 0.76, AUC: 0.78
Epoch [89/100] - [TRAIN] Loss: 0.4836, Accuracy: 77.75%, AUC: 0.78 [VAL] Loss: 0.4533, Accuracy: 78.71%, Precision: 0.82, Recall: 0.72, F1-Score: 0.77, AUC: 0.78
Epoch [90/100] - [TRAIN] Loss: 0.4827, Accuracy: 77.65%, AUC: 0.77 [VAL] Loss: 0.4663, Accuracy: 78.17%, Precision: 0.80, Recall: 0.72, F1-Score: 0.76, AUC: 0.78
Epoch [91/100] - [TRAIN] Loss: 0.4806, Accuracy: 77.67%, AUC: 0.77 [VAL] Loss: 0.4617, Accuracy: 78.66%, Precision: 0.82, Recall: 0.71, F1-Score: 0.76, AUC: 0.78
Epoch [92/100] - [TRAIN] Loss: 0.4815, Accuracy: 77.59%, AUC: 0.77 [VAL] Loss: 0.4626, Accuracy: 78.09%, Precision: 0.81, Recall: 0.72, F1-Score: 0.76, AUC: 0.78
Epoch [93/100] - [TRAIN] Loss: 0.4837, Accuracy: 77.53%, AUC: 0.77 [VAL] Loss: 0.4643, Accuracy: 78.45%, Precision: 0.81, Recall: 0.73, F1-Score: 0.77, AUC: 0.78
Epoch [94/100] - [TRAIN] Loss: 0.4819, Accuracy: 77.67%, AUC: 0.77 [VAL] Loss: 0.4607, Accuracy: 78.81%, Precision: 0.82, Recall: 0.72, F1-Score: 0.77, AUC: 0.79
Epoch [95/100] - [TRAIN] Loss: 0.4820, Accuracy: 77.69%, AUC: 0.77 [VAL] Loss: 0.4683, Accuracy: 78.07%, Precision: 0.80, Recall: 0.71, F1-Score: 0.76, AUC: 0.78
Epoch [96/100] - [TRAIN] Loss: 0.4794, Accuracy: 77.62%, AUC: 0.77 [VAL] Loss: 0.4581, Accuracy: 78.57%, Precision: 0.82, Recall: 0.72, F1-Score: 0.76, AUC: 0.78
Epoch [97/100] - [TRAIN] Loss: 0.4805, Accuracy: 77.74%, AUC: 0.78 [VAL] Loss: 0.4592, Accuracy: 78.28%, Precision: 0.82, Recall: 0.71, F1-Score: 0.76, AUC: 0.78
Epoch [98/100] - [TRAIN] Loss: 0.4799, Accuracy: 77.72%, AUC: 0.78 [VAL] Loss: 0.4631, Accuracy: 78.89%, Precision: 0.81, Recall: 0.72, F1-Score: 0.77, AUC: 0.79
Epoch [99/100] - [TRAIN] Loss: 0.4828, Accuracy: 77.68%, AUC: 0.77 [VAL] Loss: 0.4595, Accuracy: 78.55%, Precision: 0.81, Recall: 0.72, F1-Score: 0.77, AUC: 0.78
Epoch [100/100] - [TRAIN] Loss: 0.4807, Accuracy: 77.70%, AUC: 0.78 [VAL] Loss: 0.4650, Accuracy: 78.45%, Precision: 0.81, Recall: 0.71, F1-Score: 0.76, AUC: 0.78
Accuracy Score on test set: 78.77 %
    AUC Score on test set: 0.79
    Precision: 0.8114
    Recall: 0.7268
    F1-Score: 0.7668

    Detailed Classification Report:
                  precision    recall  f1-score   support

           0       0.77      0.84      0.81      5198
           1       0.81      0.73      0.77      4802

    accuracy                           0.79     10000
   macro avg       0.79      0.79      0.79     10000
weighted avg       0.79      0.79      0.79     10000


    Confusion Matrix:
    [[4387  811]
 [1312 3490]]
    
018-H3K4me3-H3K9me3-H3K27ac
Epoch [1/100] - [TRAIN] Loss: 0.5415, Accuracy: 74.17%, AUC: 0.74 [VAL] Loss: 0.4951, Accuracy: 77.65%, Precision: 0.76, Recall: 0.77, F1-Score: 0.77, AUC: 0.78
Epoch [2/100] - [TRAIN] Loss: 0.5185, Accuracy: 76.13%, AUC: 0.76 [VAL] Loss: 0.4831, Accuracy: 77.75%, Precision: 0.78, Recall: 0.75, F1-Score: 0.77, AUC: 0.78
Epoch [3/100] - [TRAIN] Loss: 0.5122, Accuracy: 76.70%, AUC: 0.77 [VAL] Loss: 0.4862, Accuracy: 78.12%, Precision: 0.79, Recall: 0.75, F1-Score: 0.77, AUC: 0.78
Epoch [4/100] - [TRAIN] Loss: 0.5067, Accuracy: 77.11%, AUC: 0.77 [VAL] Loss: 0.4891, Accuracy: 77.40%, Precision: 0.78, Recall: 0.72, F1-Score: 0.75, AUC: 0.77
Epoch [5/100] - [TRAIN] Loss: 0.5038, Accuracy: 77.30%, AUC: 0.77 [VAL] Loss: 0.4791, Accuracy: 78.19%, Precision: 0.80, Recall: 0.74, F1-Score: 0.77, AUC: 0.78
Epoch [6/100] - [TRAIN] Loss: 0.5007, Accuracy: 77.42%, AUC: 0.77 [VAL] Loss: 0.4788, Accuracy: 78.08%, Precision: 0.79, Recall: 0.74, F1-Score: 0.76, AUC: 0.78
Epoch [7/100] - [TRAIN] Loss: 0.4995, Accuracy: 77.22%, AUC: 0.77 [VAL] Loss: 0.4833, Accuracy: 77.62%, Precision: 0.80, Recall: 0.73, F1-Score: 0.76, AUC: 0.78
Epoch [8/100] - [TRAIN] Loss: 0.5017, Accuracy: 77.45%, AUC: 0.77 [VAL] Loss: 0.4752, Accuracy: 78.62%, Precision: 0.81, Recall: 0.73, F1-Score: 0.77, AUC: 0.78
Epoch [9/100] - [TRAIN] Loss: 0.5002, Accuracy: 77.41%, AUC: 0.77 [VAL] Loss: 0.4719, Accuracy: 78.68%, Precision: 0.81, Recall: 0.73, F1-Score: 0.76, AUC: 0.78
Epoch [10/100] - [TRAIN] Loss: 0.4980, Accuracy: 77.47%, AUC: 0.77 [VAL] Loss: 0.4764, Accuracy: 78.82%, Precision: 0.82, Recall: 0.72, F1-Score: 0.77, AUC: 0.79
Epoch [11/100] - [TRAIN] Loss: 0.4976, Accuracy: 77.50%, AUC: 0.77 [VAL] Loss: 0.4699, Accuracy: 78.64%, Precision: 0.81, Recall: 0.73, F1-Score: 0.77, AUC: 0.78
Epoch [12/100] - [TRAIN] Loss: 0.4955, Accuracy: 77.28%, AUC: 0.77 [VAL] Loss: 0.4773, Accuracy: 77.99%, Precision: 0.80, Recall: 0.73, F1-Score: 0.76, AUC: 0.78
Epoch [13/100] - [TRAIN] Loss: 0.4943, Accuracy: 77.40%, AUC: 0.77 [VAL] Loss: 0.4668, Accuracy: 79.04%, Precision: 0.81, Recall: 0.74, F1-Score: 0.77, AUC: 0.79
Epoch [14/100] - [TRAIN] Loss: 0.4941, Accuracy: 77.58%, AUC: 0.77 [VAL] Loss: 0.4669, Accuracy: 78.90%, Precision: 0.81, Recall: 0.74, F1-Score: 0.77, AUC: 0.79
Epoch [15/100] - [TRAIN] Loss: 0.4925, Accuracy: 77.57%, AUC: 0.77 [VAL] Loss: 0.4737, Accuracy: 78.11%, Precision: 0.80, Recall: 0.73, F1-Score: 0.76, AUC: 0.78
Epoch [16/100] - [TRAIN] Loss: 0.4878, Accuracy: 77.74%, AUC: 0.78 [VAL] Loss: 0.4746, Accuracy: 77.77%, Precision: 0.80, Recall: 0.73, F1-Score: 0.76, AUC: 0.78
Epoch [17/100] - [TRAIN] Loss: 0.4974, Accuracy: 77.47%, AUC: 0.77 [VAL] Loss: 0.4608, Accuracy: 79.24%, Precision: 0.81, Recall: 0.75, F1-Score: 0.78, AUC: 0.79
Epoch [18/100] - [TRAIN] Loss: 0.4955, Accuracy: 77.25%, AUC: 0.77 [VAL] Loss: 0.4634, Accuracy: 78.61%, Precision: 0.81, Recall: 0.73, F1-Score: 0.77, AUC: 0.78
Epoch [19/100] - [TRAIN] Loss: 0.4901, Accuracy: 77.67%, AUC: 0.78 [VAL] Loss: 0.4735, Accuracy: 78.31%, Precision: 0.79, Recall: 0.74, F1-Score: 0.76, AUC: 0.78
Epoch [20/100] - [TRAIN] Loss: 0.4960, Accuracy: 77.17%, AUC: 0.77 [VAL] Loss: 0.4662, Accuracy: 78.49%, Precision: 0.80, Recall: 0.73, F1-Score: 0.77, AUC: 0.78
Epoch [21/100] - [TRAIN] Loss: 0.4898, Accuracy: 77.71%, AUC: 0.78 [VAL] Loss: 0.4749, Accuracy: 78.11%, Precision: 0.81, Recall: 0.72, F1-Score: 0.76, AUC: 0.78
Epoch [22/100] - [TRAIN] Loss: 0.4914, Accuracy: 77.51%, AUC: 0.77 [VAL] Loss: 0.4694, Accuracy: 78.42%, Precision: 0.81, Recall: 0.73, F1-Score: 0.77, AUC: 0.78
Epoch [23/100] - [TRAIN] Loss: 0.4882, Accuracy: 77.58%, AUC: 0.77 [VAL] Loss: 0.4771, Accuracy: 77.79%, Precision: 0.79, Recall: 0.72, F1-Score: 0.76, AUC: 0.78
Epoch [24/100] - [TRAIN] Loss: 0.4921, Accuracy: 77.48%, AUC: 0.77 [VAL] Loss: 0.4755, Accuracy: 77.58%, Precision: 0.81, Recall: 0.71, F1-Score: 0.75, AUC: 0.77
Epoch [25/100] - [TRAIN] Loss: 0.4890, Accuracy: 77.60%, AUC: 0.77 [VAL] Loss: 0.4783, Accuracy: 78.24%, Precision: 0.80, Recall: 0.73, F1-Score: 0.76, AUC: 0.78
Epoch [26/100] - [TRAIN] Loss: 0.4900, Accuracy: 77.56%, AUC: 0.77 [VAL] Loss: 0.4715, Accuracy: 78.61%, Precision: 0.81, Recall: 0.72, F1-Score: 0.76, AUC: 0.78
Epoch [27/100] - [TRAIN] Loss: 0.4852, Accuracy: 78.03%, AUC: 0.78 [VAL] Loss: 0.4702, Accuracy: 78.51%, Precision: 0.81, Recall: 0.73, F1-Score: 0.77, AUC: 0.78
Epoch [28/100] - [TRAIN] Loss: 0.4887, Accuracy: 77.68%, AUC: 0.78 [VAL] Loss: 0.4700, Accuracy: 78.16%, Precision: 0.80, Recall: 0.72, F1-Score: 0.76, AUC: 0.78
Epoch [29/100] - [TRAIN] Loss: 0.4912, Accuracy: 77.34%, AUC: 0.77 [VAL] Loss: 0.4735, Accuracy: 78.37%, Precision: 0.81, Recall: 0.73, F1-Score: 0.77, AUC: 0.78
Epoch [30/100] - [TRAIN] Loss: 0.4879, Accuracy: 77.63%, AUC: 0.77 [VAL] Loss: 0.4735, Accuracy: 77.34%, Precision: 0.80, Recall: 0.71, F1-Score: 0.75, AUC: 0.77
Epoch [31/100] - [TRAIN] Loss: 0.4875, Accuracy: 77.64%, AUC: 0.77 [VAL] Loss: 0.4744, Accuracy: 77.47%, Precision: 0.79, Recall: 0.72, F1-Score: 0.75, AUC: 0.77
Epoch [32/100] - [TRAIN] Loss: 0.4881, Accuracy: 77.77%, AUC: 0.78 [VAL] Loss: 0.4743, Accuracy: 78.35%, Precision: 0.80, Recall: 0.73, F1-Score: 0.76, AUC: 0.78
Epoch [33/100] - [TRAIN] Loss: 0.4899, Accuracy: 77.54%, AUC: 0.77 [VAL] Loss: 0.4697, Accuracy: 78.30%, Precision: 0.81, Recall: 0.73, F1-Score: 0.76, AUC: 0.78
Epoch [34/100] - [TRAIN] Loss: 0.4906, Accuracy: 77.65%, AUC: 0.77 [VAL] Loss: 0.4679, Accuracy: 78.70%, Precision: 0.80, Recall: 0.73, F1-Score: 0.77, AUC: 0.78
Epoch [35/100] - [TRAIN] Loss: 0.4914, Accuracy: 77.52%, AUC: 0.77 [VAL] Loss: 0.4711, Accuracy: 78.18%, Precision: 0.81, Recall: 0.72, F1-Score: 0.76, AUC: 0.78
Epoch [36/100] - [TRAIN] Loss: 0.4907, Accuracy: 77.56%, AUC: 0.77 [VAL] Loss: 0.4685, Accuracy: 78.55%, Precision: 0.81, Recall: 0.72, F1-Score: 0.77, AUC: 0.78
Epoch [37/100] - [TRAIN] Loss: 0.4926, Accuracy: 77.37%, AUC: 0.77 [VAL] Loss: 0.4840, Accuracy: 77.47%, Precision: 0.80, Recall: 0.72, F1-Score: 0.76, AUC: 0.77
Epoch [38/100] - [TRAIN] Loss: 0.4925, Accuracy: 77.37%, AUC: 0.77 [VAL] Loss: 0.4681, Accuracy: 78.30%, Precision: 0.80, Recall: 0.73, F1-Score: 0.77, AUC: 0.78
Epoch [39/100] - [TRAIN] Loss: 0.4932, Accuracy: 77.53%, AUC: 0.77 [VAL] Loss: 0.4705, Accuracy: 78.42%, Precision: 0.81, Recall: 0.73, F1-Score: 0.77, AUC: 0.78
Epoch [40/100] - [TRAIN] Loss: 0.4923, Accuracy: 77.38%, AUC: 0.77 [VAL] Loss: 0.4701, Accuracy: 78.42%, Precision: 0.81, Recall: 0.73, F1-Score: 0.77, AUC: 0.78
Epoch [41/100] - [TRAIN] Loss: 0.4902, Accuracy: 77.60%, AUC: 0.77 [VAL] Loss: 0.4698, Accuracy: 78.60%, Precision: 0.81, Recall: 0.73, F1-Score: 0.77, AUC: 0.78
Epoch [42/100] - [TRAIN] Loss: 0.4892, Accuracy: 77.75%, AUC: 0.78 [VAL] Loss: 0.4719, Accuracy: 78.48%, Precision: 0.82, Recall: 0.72, F1-Score: 0.77, AUC: 0.78
Epoch [43/100] - [TRAIN] Loss: 0.4920, Accuracy: 77.33%, AUC: 0.77 [VAL] Loss: 0.4685, Accuracy: 78.55%, Precision: 0.81, Recall: 0.72, F1-Score: 0.77, AUC: 0.78
Epoch [44/100] - [TRAIN] Loss: 0.4871, Accuracy: 77.68%, AUC: 0.77 [VAL] Loss: 0.4651, Accuracy: 78.39%, Precision: 0.80, Recall: 0.73, F1-Score: 0.76, AUC: 0.78
Epoch [45/100] - [TRAIN] Loss: 0.4904, Accuracy: 77.53%, AUC: 0.77 [VAL] Loss: 0.4780, Accuracy: 77.87%, Precision: 0.82, Recall: 0.71, F1-Score: 0.76, AUC: 0.78
Epoch [46/100] - [TRAIN] Loss: 0.4913, Accuracy: 77.62%, AUC: 0.77 [VAL] Loss: 0.4735, Accuracy: 78.29%, Precision: 0.79, Recall: 0.73, F1-Score: 0.76, AUC: 0.78
Epoch [47/100] - [TRAIN] Loss: 0.4901, Accuracy: 77.48%, AUC: 0.77 [VAL] Loss: 0.4698, Accuracy: 78.23%, Precision: 0.81, Recall: 0.73, F1-Score: 0.77, AUC: 0.78
Epoch [48/100] - [TRAIN] Loss: 0.4857, Accuracy: 77.88%, AUC: 0.78 [VAL] Loss: 0.4625, Accuracy: 79.19%, Precision: 0.81, Recall: 0.74, F1-Score: 0.77, AUC: 0.79
Epoch [49/100] - [TRAIN] Loss: 0.4901, Accuracy: 77.74%, AUC: 0.78 [VAL] Loss: 0.4715, Accuracy: 77.70%, Precision: 0.80, Recall: 0.71, F1-Score: 0.75, AUC: 0.77
Epoch [50/100] - [TRAIN] Loss: 0.4895, Accuracy: 77.60%, AUC: 0.77 [VAL] Loss: 0.4668, Accuracy: 78.49%, Precision: 0.81, Recall: 0.73, F1-Score: 0.76, AUC: 0.78
Epoch [51/100] - [TRAIN] Loss: 0.4884, Accuracy: 77.68%, AUC: 0.78 [VAL] Loss: 0.4732, Accuracy: 78.19%, Precision: 0.81, Recall: 0.72, F1-Score: 0.76, AUC: 0.78
Epoch [52/100] - [TRAIN] Loss: 0.4918, Accuracy: 77.55%, AUC: 0.77 [VAL] Loss: 0.4792, Accuracy: 77.92%, Precision: 0.81, Recall: 0.72, F1-Score: 0.76, AUC: 0.78
Epoch [53/100] - [TRAIN] Loss: 0.4904, Accuracy: 77.60%, AUC: 0.77 [VAL] Loss: 0.4729, Accuracy: 77.86%, Precision: 0.81, Recall: 0.72, F1-Score: 0.76, AUC: 0.78
Epoch [54/100] - [TRAIN] Loss: 0.4884, Accuracy: 77.75%, AUC: 0.78 [VAL] Loss: 0.4685, Accuracy: 78.63%, Precision: 0.81, Recall: 0.73, F1-Score: 0.77, AUC: 0.78
Epoch [55/100] - [TRAIN] Loss: 0.4896, Accuracy: 77.45%, AUC: 0.77 [VAL] Loss: 0.4642, Accuracy: 78.56%, Precision: 0.81, Recall: 0.73, F1-Score: 0.77, AUC: 0.78
Epoch [56/100] - [TRAIN] Loss: 0.4875, Accuracy: 77.97%, AUC: 0.78 [VAL] Loss: 0.4746, Accuracy: 78.16%, Precision: 0.81, Recall: 0.72, F1-Score: 0.76, AUC: 0.78
Epoch [57/100] - [TRAIN] Loss: 0.4905, Accuracy: 77.49%, AUC: 0.77 [VAL] Loss: 0.4769, Accuracy: 77.82%, Precision: 0.81, Recall: 0.72, F1-Score: 0.76, AUC: 0.78
Epoch [58/100] - [TRAIN] Loss: 0.4895, Accuracy: 77.64%, AUC: 0.77 [VAL] Loss: 0.4628, Accuracy: 78.23%, Precision: 0.80, Recall: 0.73, F1-Score: 0.76, AUC: 0.78
Epoch [59/100] - [TRAIN] Loss: 0.4900, Accuracy: 77.52%, AUC: 0.77 [VAL] Loss: 0.4741, Accuracy: 78.33%, Precision: 0.81, Recall: 0.73, F1-Score: 0.76, AUC: 0.78
Epoch [60/100] - [TRAIN] Loss: 0.4893, Accuracy: 77.69%, AUC: 0.77 [VAL] Loss: 0.4639, Accuracy: 78.61%, Precision: 0.80, Recall: 0.73, F1-Score: 0.77, AUC: 0.78
Epoch [61/100] - [TRAIN] Loss: 0.4895, Accuracy: 77.64%, AUC: 0.77 [VAL] Loss: 0.4673, Accuracy: 78.67%, Precision: 0.81, Recall: 0.73, F1-Score: 0.76, AUC: 0.78
Epoch [62/100] - [TRAIN] Loss: 0.4895, Accuracy: 77.58%, AUC: 0.77 [VAL] Loss: 0.4642, Accuracy: 78.53%, Precision: 0.81, Recall: 0.73, F1-Score: 0.77, AUC: 0.78
Epoch [63/100] - [TRAIN] Loss: 0.4925, Accuracy: 77.38%, AUC: 0.77 [VAL] Loss: 0.4711, Accuracy: 78.68%, Precision: 0.81, Recall: 0.73, F1-Score: 0.77, AUC: 0.78
Epoch [64/100] - [TRAIN] Loss: 0.4910, Accuracy: 77.47%, AUC: 0.77 [VAL] Loss: 0.4714, Accuracy: 78.33%, Precision: 0.81, Recall: 0.73, F1-Score: 0.77, AUC: 0.78
Epoch [65/100] - [TRAIN] Loss: 0.4925, Accuracy: 77.23%, AUC: 0.77 [VAL] Loss: 0.4691, Accuracy: 78.21%, Precision: 0.81, Recall: 0.72, F1-Score: 0.76, AUC: 0.78
Epoch [66/100] - [TRAIN] Loss: 0.4942, Accuracy: 77.25%, AUC: 0.77 [VAL] Loss: 0.4684, Accuracy: 78.41%, Precision: 0.81, Recall: 0.74, F1-Score: 0.77, AUC: 0.78
Epoch [67/100] - [TRAIN] Loss: 0.4901, Accuracy: 77.75%, AUC: 0.78 [VAL] Loss: 0.4706, Accuracy: 78.14%, Precision: 0.81, Recall: 0.72, F1-Score: 0.76, AUC: 0.78
Epoch [68/100] - [TRAIN] Loss: 0.4906, Accuracy: 77.51%, AUC: 0.77 [VAL] Loss: 0.4663, Accuracy: 78.11%, Precision: 0.80, Recall: 0.72, F1-Score: 0.76, AUC: 0.78
Epoch [69/100] - [TRAIN] Loss: 0.4908, Accuracy: 77.58%, AUC: 0.77 [VAL] Loss: 0.4776, Accuracy: 77.66%, Precision: 0.81, Recall: 0.71, F1-Score: 0.76, AUC: 0.78
Epoch [70/100] - [TRAIN] Loss: 0.4895, Accuracy: 77.45%, AUC: 0.77 [VAL] Loss: 0.4680, Accuracy: 78.05%, Precision: 0.81, Recall: 0.71, F1-Score: 0.76, AUC: 0.78
Epoch [71/100] - [TRAIN] Loss: 0.4913, Accuracy: 77.35%, AUC: 0.77 [VAL] Loss: 0.4725, Accuracy: 78.49%, Precision: 0.80, Recall: 0.72, F1-Score: 0.76, AUC: 0.78
Epoch [72/100] - [TRAIN] Loss: 0.4881, Accuracy: 77.71%, AUC: 0.78 [VAL] Loss: 0.4721, Accuracy: 78.13%, Precision: 0.80, Recall: 0.73, F1-Score: 0.76, AUC: 0.78
Epoch [73/100] - [TRAIN] Loss: 0.4897, Accuracy: 77.45%, AUC: 0.77 [VAL] Loss: 0.4676, Accuracy: 78.31%, Precision: 0.81, Recall: 0.72, F1-Score: 0.76, AUC: 0.78
Epoch [74/100] - [TRAIN] Loss: 0.4865, Accuracy: 77.82%, AUC: 0.78 [VAL] Loss: 0.4645, Accuracy: 78.88%, Precision: 0.81, Recall: 0.73, F1-Score: 0.77, AUC: 0.79
Epoch [75/100] - [TRAIN] Loss: 0.4909, Accuracy: 77.49%, AUC: 0.77 [VAL] Loss: 0.4819, Accuracy: 77.31%, Precision: 0.80, Recall: 0.71, F1-Score: 0.75, AUC: 0.77
Epoch [76/100] - [TRAIN] Loss: 0.4880, Accuracy: 77.73%, AUC: 0.78 [VAL] Loss: 0.4649, Accuracy: 78.55%, Precision: 0.81, Recall: 0.73, F1-Score: 0.77, AUC: 0.78
Epoch [77/100] - [TRAIN] Loss: 0.4886, Accuracy: 77.66%, AUC: 0.77 [VAL] Loss: 0.4704, Accuracy: 78.58%, Precision: 0.80, Recall: 0.73, F1-Score: 0.77, AUC: 0.78
Epoch [78/100] - [TRAIN] Loss: 0.4864, Accuracy: 77.77%, AUC: 0.78 [VAL] Loss: 0.4723, Accuracy: 78.21%, Precision: 0.81, Recall: 0.72, F1-Score: 0.76, AUC: 0.78
Epoch [79/100] - [TRAIN] Loss: 0.4901, Accuracy: 77.58%, AUC: 0.77 [VAL] Loss: 0.4705, Accuracy: 78.07%, Precision: 0.82, Recall: 0.72, F1-Score: 0.77, AUC: 0.78
Epoch [80/100] - [TRAIN] Loss: 0.4892, Accuracy: 77.70%, AUC: 0.77 [VAL] Loss: 0.4707, Accuracy: 77.58%, Precision: 0.80, Recall: 0.72, F1-Score: 0.76, AUC: 0.77
Epoch [81/100] - [TRAIN] Loss: 0.4926, Accuracy: 77.49%, AUC: 0.77 [VAL] Loss: 0.4760, Accuracy: 78.30%, Precision: 0.81, Recall: 0.73, F1-Score: 0.77, AUC: 0.78
Epoch [82/100] - [TRAIN] Loss: 0.4879, Accuracy: 77.79%, AUC: 0.78 [VAL] Loss: 0.4767, Accuracy: 78.13%, Precision: 0.80, Recall: 0.72, F1-Score: 0.76, AUC: 0.78
Epoch [83/100] - [TRAIN] Loss: 0.4901, Accuracy: 77.78%, AUC: 0.78 [VAL] Loss: 0.4660, Accuracy: 78.24%, Precision: 0.81, Recall: 0.72, F1-Score: 0.77, AUC: 0.78
Epoch [84/100] - [TRAIN] Loss: 0.4874, Accuracy: 77.81%, AUC: 0.78 [VAL] Loss: 0.4753, Accuracy: 77.78%, Precision: 0.80, Recall: 0.72, F1-Score: 0.76, AUC: 0.78
Epoch [85/100] - [TRAIN] Loss: 0.4900, Accuracy: 77.66%, AUC: 0.77 [VAL] Loss: 0.4655, Accuracy: 78.89%, Precision: 0.82, Recall: 0.73, F1-Score: 0.77, AUC: 0.79
Epoch [86/100] - [TRAIN] Loss: 0.4919, Accuracy: 77.42%, AUC: 0.77 [VAL] Loss: 0.4728, Accuracy: 78.01%, Precision: 0.82, Recall: 0.71, F1-Score: 0.76, AUC: 0.78
Epoch [87/100] - [TRAIN] Loss: 0.4873, Accuracy: 77.94%, AUC: 0.78 [VAL] Loss: 0.4672, Accuracy: 78.55%, Precision: 0.81, Recall: 0.73, F1-Score: 0.77, AUC: 0.78
Epoch [88/100] - [TRAIN] Loss: 0.4902, Accuracy: 77.59%, AUC: 0.77 [VAL] Loss: 0.4698, Accuracy: 78.66%, Precision: 0.81, Recall: 0.73, F1-Score: 0.77, AUC: 0.79
Epoch [89/100] - [TRAIN] Loss: 0.4892, Accuracy: 77.55%, AUC: 0.77 [VAL] Loss: 0.4650, Accuracy: 78.58%, Precision: 0.81, Recall: 0.73, F1-Score: 0.77, AUC: 0.78
Epoch [90/100] - [TRAIN] Loss: 0.4876, Accuracy: 77.76%, AUC: 0.78 [VAL] Loss: 0.4595, Accuracy: 78.81%, Precision: 0.81, Recall: 0.73, F1-Score: 0.77, AUC: 0.79
Epoch [91/100] - [TRAIN] Loss: 0.4913, Accuracy: 77.53%, AUC: 0.77 [VAL] Loss: 0.4730, Accuracy: 78.66%, Precision: 0.81, Recall: 0.73, F1-Score: 0.77, AUC: 0.78
Epoch [92/100] - [TRAIN] Loss: 0.4893, Accuracy: 77.64%, AUC: 0.77 [VAL] Loss: 0.4731, Accuracy: 77.75%, Precision: 0.80, Recall: 0.71, F1-Score: 0.75, AUC: 0.77
Epoch [93/100] - [TRAIN] Loss: 0.4904, Accuracy: 77.56%, AUC: 0.77 [VAL] Loss: 0.4631, Accuracy: 78.82%, Precision: 0.82, Recall: 0.72, F1-Score: 0.77, AUC: 0.79
Epoch [94/100] - [TRAIN] Loss: 0.4912, Accuracy: 77.62%, AUC: 0.77 [VAL] Loss: 0.4789, Accuracy: 78.05%, Precision: 0.80, Recall: 0.72, F1-Score: 0.76, AUC: 0.78
Epoch [95/100] - [TRAIN] Loss: 0.4878, Accuracy: 77.58%, AUC: 0.77 [VAL] Loss: 0.4683, Accuracy: 78.23%, Precision: 0.81, Recall: 0.73, F1-Score: 0.77, AUC: 0.78
Epoch [96/100] - [TRAIN] Loss: 0.4926, Accuracy: 77.55%, AUC: 0.77 [VAL] Loss: 0.4793, Accuracy: 77.71%, Precision: 0.80, Recall: 0.72, F1-Score: 0.76, AUC: 0.78
Epoch [97/100] - [TRAIN] Loss: 0.4926, Accuracy: 77.16%, AUC: 0.77 [VAL] Loss: 0.4739, Accuracy: 77.77%, Precision: 0.81, Recall: 0.71, F1-Score: 0.76, AUC: 0.78
Epoch [98/100] - [TRAIN] Loss: 0.4908, Accuracy: 77.58%, AUC: 0.77 [VAL] Loss: 0.4654, Accuracy: 78.43%, Precision: 0.81, Recall: 0.73, F1-Score: 0.77, AUC: 0.78
Epoch [99/100] - [TRAIN] Loss: 0.4932, Accuracy: 77.37%, AUC: 0.77 [VAL] Loss: 0.4748, Accuracy: 77.68%, Precision: 0.80, Recall: 0.72, F1-Score: 0.76, AUC: 0.78
Epoch [100/100] - [TRAIN] Loss: 0.4900, Accuracy: 77.67%, AUC: 0.77 [VAL] Loss: 0.4739, Accuracy: 77.93%, Precision: 0.81, Recall: 0.71, F1-Score: 0.76, AUC: 0.78
Accuracy Score on test set: 78.09 %
    AUC Score on test set: 0.78
    Precision: 0.8058
    Recall: 0.7191
    F1-Score: 0.7600

    Detailed Classification Report:
                  precision    recall  f1-score   support

           0       0.76      0.84      0.80      5176
           1       0.81      0.72      0.76      4824

    accuracy                           0.78     10000
   macro avg       0.78      0.78      0.78     10000
weighted avg       0.78      0.78      0.78     10000


    Confusion Matrix:
    [[4340  836]
 [1355 3469]]
    
019-H3K4me3-H3K9me3-H3K27me3
Epoch [1/100] - [TRAIN] Loss: 0.5555, Accuracy: 74.14%, AUC: 0.74 [VAL] Loss: 0.4970, Accuracy: 77.39%, Precision: 0.79, Recall: 0.72, F1-Score: 0.75, AUC: 0.77
Epoch [2/100] - [TRAIN] Loss: 0.5302, Accuracy: 75.40%, AUC: 0.75 [VAL] Loss: 0.4912, Accuracy: 77.13%, Precision: 0.79, Recall: 0.72, F1-Score: 0.75, AUC: 0.77
Epoch [3/100] - [TRAIN] Loss: 0.5247, Accuracy: 75.35%, AUC: 0.75 [VAL] Loss: 0.4908, Accuracy: 77.00%, Precision: 0.80, Recall: 0.71, F1-Score: 0.75, AUC: 0.77
Epoch [4/100] - [TRAIN] Loss: 0.5158, Accuracy: 75.72%, AUC: 0.76 [VAL] Loss: 0.5005, Accuracy: 76.34%, Precision: 0.79, Recall: 0.69, F1-Score: 0.74, AUC: 0.76
Epoch [5/100] - [TRAIN] Loss: 0.5133, Accuracy: 75.94%, AUC: 0.76 [VAL] Loss: 0.4906, Accuracy: 76.27%, Precision: 0.78, Recall: 0.71, F1-Score: 0.74, AUC: 0.76
Epoch [6/100] - [TRAIN] Loss: 0.5134, Accuracy: 75.67%, AUC: 0.76 [VAL] Loss: 0.4871, Accuracy: 77.01%, Precision: 0.78, Recall: 0.73, F1-Score: 0.76, AUC: 0.77
Epoch [7/100] - [TRAIN] Loss: 0.5116, Accuracy: 75.93%, AUC: 0.76 [VAL] Loss: 0.4859, Accuracy: 77.31%, Precision: 0.78, Recall: 0.74, F1-Score: 0.76, AUC: 0.77
Epoch [8/100] - [TRAIN] Loss: 0.5098, Accuracy: 76.00%, AUC: 0.76 [VAL] Loss: 0.4930, Accuracy: 76.87%, Precision: 0.78, Recall: 0.71, F1-Score: 0.75, AUC: 0.77
Epoch [9/100] - [TRAIN] Loss: 0.5050, Accuracy: 76.09%, AUC: 0.76 [VAL] Loss: 0.4916, Accuracy: 76.90%, Precision: 0.78, Recall: 0.72, F1-Score: 0.75, AUC: 0.77
Epoch [10/100] - [TRAIN] Loss: 0.5107, Accuracy: 75.83%, AUC: 0.76 [VAL] Loss: 0.4814, Accuracy: 76.62%, Precision: 0.80, Recall: 0.69, F1-Score: 0.74, AUC: 0.76
Epoch [11/100] - [TRAIN] Loss: 0.5054, Accuracy: 76.08%, AUC: 0.76 [VAL] Loss: 0.4845, Accuracy: 77.03%, Precision: 0.80, Recall: 0.71, F1-Score: 0.75, AUC: 0.77
Epoch [12/100] - [TRAIN] Loss: 0.5067, Accuracy: 76.02%, AUC: 0.76 [VAL] Loss: 0.4956, Accuracy: 76.12%, Precision: 0.79, Recall: 0.70, F1-Score: 0.74, AUC: 0.76
Epoch [13/100] - [TRAIN] Loss: 0.5058, Accuracy: 76.16%, AUC: 0.76 [VAL] Loss: 0.4855, Accuracy: 76.74%, Precision: 0.79, Recall: 0.71, F1-Score: 0.75, AUC: 0.77
Epoch [14/100] - [TRAIN] Loss: 0.5052, Accuracy: 75.93%, AUC: 0.76 [VAL] Loss: 0.4784, Accuracy: 77.04%, Precision: 0.80, Recall: 0.71, F1-Score: 0.75, AUC: 0.77
Epoch [15/100] - [TRAIN] Loss: 0.5038, Accuracy: 75.95%, AUC: 0.76 [VAL] Loss: 0.4850, Accuracy: 77.17%, Precision: 0.79, Recall: 0.72, F1-Score: 0.75, AUC: 0.77
Epoch [16/100] - [TRAIN] Loss: 0.5060, Accuracy: 75.91%, AUC: 0.76 [VAL] Loss: 0.4830, Accuracy: 76.81%, Precision: 0.79, Recall: 0.72, F1-Score: 0.75, AUC: 0.77
Epoch [17/100] - [TRAIN] Loss: 0.4998, Accuracy: 76.34%, AUC: 0.76 [VAL] Loss: 0.4870, Accuracy: 76.54%, Precision: 0.79, Recall: 0.71, F1-Score: 0.75, AUC: 0.76
Epoch [18/100] - [TRAIN] Loss: 0.5057, Accuracy: 75.96%, AUC: 0.76 [VAL] Loss: 0.4833, Accuracy: 77.06%, Precision: 0.79, Recall: 0.71, F1-Score: 0.75, AUC: 0.77
Epoch [19/100] - [TRAIN] Loss: 0.5056, Accuracy: 75.89%, AUC: 0.76 [VAL] Loss: 0.4811, Accuracy: 76.84%, Precision: 0.78, Recall: 0.72, F1-Score: 0.75, AUC: 0.77
Epoch [20/100] - [TRAIN] Loss: 0.5070, Accuracy: 75.81%, AUC: 0.76 [VAL] Loss: 0.4787, Accuracy: 77.72%, Precision: 0.79, Recall: 0.73, F1-Score: 0.76, AUC: 0.78
Epoch [21/100] - [TRAIN] Loss: 0.5072, Accuracy: 75.94%, AUC: 0.76 [VAL] Loss: 0.4929, Accuracy: 76.22%, Precision: 0.78, Recall: 0.71, F1-Score: 0.74, AUC: 0.76
Epoch [22/100] - [TRAIN] Loss: 0.5030, Accuracy: 76.13%, AUC: 0.76 [VAL] Loss: 0.4811, Accuracy: 76.87%, Precision: 0.78, Recall: 0.73, F1-Score: 0.75, AUC: 0.77
Epoch [23/100] - [TRAIN] Loss: 0.5031, Accuracy: 75.95%, AUC: 0.76 [VAL] Loss: 0.4873, Accuracy: 76.31%, Precision: 0.78, Recall: 0.71, F1-Score: 0.74, AUC: 0.76
Epoch [24/100] - [TRAIN] Loss: 0.5024, Accuracy: 76.01%, AUC: 0.76 [VAL] Loss: 0.4776, Accuracy: 76.80%, Precision: 0.78, Recall: 0.71, F1-Score: 0.74, AUC: 0.77
Epoch [25/100] - [TRAIN] Loss: 0.5028, Accuracy: 76.09%, AUC: 0.76 [VAL] Loss: 0.4815, Accuracy: 76.68%, Precision: 0.79, Recall: 0.71, F1-Score: 0.75, AUC: 0.77
Epoch [26/100] - [TRAIN] Loss: 0.4998, Accuracy: 76.23%, AUC: 0.76 [VAL] Loss: 0.4815, Accuracy: 77.03%, Precision: 0.79, Recall: 0.71, F1-Score: 0.75, AUC: 0.77
Epoch [27/100] - [TRAIN] Loss: 0.5057, Accuracy: 75.93%, AUC: 0.76 [VAL] Loss: 0.4815, Accuracy: 77.26%, Precision: 0.80, Recall: 0.71, F1-Score: 0.75, AUC: 0.77
Epoch [28/100] - [TRAIN] Loss: 0.5017, Accuracy: 76.16%, AUC: 0.76 [VAL] Loss: 0.4889, Accuracy: 76.00%, Precision: 0.79, Recall: 0.70, F1-Score: 0.74, AUC: 0.76
Epoch [29/100] - [TRAIN] Loss: 0.4989, Accuracy: 76.00%, AUC: 0.76 [VAL] Loss: 0.4943, Accuracy: 75.99%, Precision: 0.77, Recall: 0.71, F1-Score: 0.74, AUC: 0.76
Epoch [30/100] - [TRAIN] Loss: 0.5023, Accuracy: 75.95%, AUC: 0.76 [VAL] Loss: 0.4723, Accuracy: 77.52%, Precision: 0.80, Recall: 0.72, F1-Score: 0.76, AUC: 0.77
Epoch [31/100] - [TRAIN] Loss: 0.5022, Accuracy: 75.92%, AUC: 0.76 [VAL] Loss: 0.4754, Accuracy: 77.71%, Precision: 0.80, Recall: 0.72, F1-Score: 0.76, AUC: 0.78
Epoch [32/100] - [TRAIN] Loss: 0.5015, Accuracy: 76.05%, AUC: 0.76 [VAL] Loss: 0.4774, Accuracy: 77.61%, Precision: 0.80, Recall: 0.73, F1-Score: 0.76, AUC: 0.78
Epoch [33/100] - [TRAIN] Loss: 0.5030, Accuracy: 76.29%, AUC: 0.76 [VAL] Loss: 0.4801, Accuracy: 77.01%, Precision: 0.77, Recall: 0.72, F1-Score: 0.75, AUC: 0.77
Epoch [34/100] - [TRAIN] Loss: 0.5006, Accuracy: 76.43%, AUC: 0.76 [VAL] Loss: 0.4814, Accuracy: 76.81%, Precision: 0.78, Recall: 0.71, F1-Score: 0.74, AUC: 0.76
Epoch [35/100] - [TRAIN] Loss: 0.5050, Accuracy: 75.92%, AUC: 0.76 [VAL] Loss: 0.4806, Accuracy: 76.89%, Precision: 0.79, Recall: 0.72, F1-Score: 0.75, AUC: 0.77
Epoch [36/100] - [TRAIN] Loss: 0.5035, Accuracy: 76.14%, AUC: 0.76 [VAL] Loss: 0.4889, Accuracy: 76.38%, Precision: 0.78, Recall: 0.70, F1-Score: 0.74, AUC: 0.76
Epoch [37/100] - [TRAIN] Loss: 0.4997, Accuracy: 76.29%, AUC: 0.76 [VAL] Loss: 0.4784, Accuracy: 77.24%, Precision: 0.79, Recall: 0.72, F1-Score: 0.75, AUC: 0.77
Epoch [38/100] - [TRAIN] Loss: 0.5043, Accuracy: 75.96%, AUC: 0.76 [VAL] Loss: 0.4836, Accuracy: 76.77%, Precision: 0.79, Recall: 0.71, F1-Score: 0.75, AUC: 0.77
Epoch [39/100] - [TRAIN] Loss: 0.5028, Accuracy: 76.01%, AUC: 0.76 [VAL] Loss: 0.4746, Accuracy: 77.25%, Precision: 0.80, Recall: 0.72, F1-Score: 0.76, AUC: 0.77
Epoch [40/100] - [TRAIN] Loss: 0.5026, Accuracy: 76.22%, AUC: 0.76 [VAL] Loss: 0.4814, Accuracy: 76.69%, Precision: 0.79, Recall: 0.72, F1-Score: 0.75, AUC: 0.77
Epoch [41/100] - [TRAIN] Loss: 0.5005, Accuracy: 76.22%, AUC: 0.76 [VAL] Loss: 0.4855, Accuracy: 76.17%, Precision: 0.78, Recall: 0.70, F1-Score: 0.74, AUC: 0.76
Epoch [42/100] - [TRAIN] Loss: 0.5067, Accuracy: 75.84%, AUC: 0.76 [VAL] Loss: 0.4846, Accuracy: 76.48%, Precision: 0.78, Recall: 0.71, F1-Score: 0.74, AUC: 0.76
Epoch [43/100] - [TRAIN] Loss: 0.5013, Accuracy: 76.18%, AUC: 0.76 [VAL] Loss: 0.4848, Accuracy: 76.57%, Precision: 0.79, Recall: 0.71, F1-Score: 0.74, AUC: 0.76
Epoch [44/100] - [TRAIN] Loss: 0.5029, Accuracy: 76.02%, AUC: 0.76 [VAL] Loss: 0.4812, Accuracy: 76.87%, Precision: 0.79, Recall: 0.72, F1-Score: 0.76, AUC: 0.77
Epoch [45/100] - [TRAIN] Loss: 0.5021, Accuracy: 76.01%, AUC: 0.76 [VAL] Loss: 0.4721, Accuracy: 77.53%, Precision: 0.79, Recall: 0.72, F1-Score: 0.76, AUC: 0.77
Epoch [46/100] - [TRAIN] Loss: 0.5015, Accuracy: 76.17%, AUC: 0.76 [VAL] Loss: 0.4824, Accuracy: 76.36%, Precision: 0.78, Recall: 0.71, F1-Score: 0.75, AUC: 0.76
Epoch [47/100] - [TRAIN] Loss: 0.5041, Accuracy: 76.07%, AUC: 0.76 [VAL] Loss: 0.4881, Accuracy: 76.61%, Precision: 0.78, Recall: 0.71, F1-Score: 0.75, AUC: 0.76
Epoch [48/100] - [TRAIN] Loss: 0.4992, Accuracy: 76.25%, AUC: 0.76 [VAL] Loss: 0.4819, Accuracy: 76.70%, Precision: 0.78, Recall: 0.71, F1-Score: 0.75, AUC: 0.77
Epoch [49/100] - [TRAIN] Loss: 0.5025, Accuracy: 75.89%, AUC: 0.76 [VAL] Loss: 0.4686, Accuracy: 78.28%, Precision: 0.80, Recall: 0.73, F1-Score: 0.76, AUC: 0.78
Epoch [50/100] - [TRAIN] Loss: 0.5045, Accuracy: 75.85%, AUC: 0.76 [VAL] Loss: 0.4751, Accuracy: 77.50%, Precision: 0.80, Recall: 0.72, F1-Score: 0.76, AUC: 0.77
Epoch [51/100] - [TRAIN] Loss: 0.5022, Accuracy: 76.05%, AUC: 0.76 [VAL] Loss: 0.4823, Accuracy: 77.30%, Precision: 0.79, Recall: 0.72, F1-Score: 0.75, AUC: 0.77
Epoch [52/100] - [TRAIN] Loss: 0.5036, Accuracy: 76.04%, AUC: 0.76 [VAL] Loss: 0.4845, Accuracy: 77.26%, Precision: 0.79, Recall: 0.72, F1-Score: 0.75, AUC: 0.77
Epoch [53/100] - [TRAIN] Loss: 0.5016, Accuracy: 76.06%, AUC: 0.76 [VAL] Loss: 0.4722, Accuracy: 77.16%, Precision: 0.79, Recall: 0.72, F1-Score: 0.75, AUC: 0.77
Epoch [54/100] - [TRAIN] Loss: 0.5013, Accuracy: 75.97%, AUC: 0.76 [VAL] Loss: 0.4837, Accuracy: 76.99%, Precision: 0.79, Recall: 0.71, F1-Score: 0.75, AUC: 0.77
Epoch [55/100] - [TRAIN] Loss: 0.5011, Accuracy: 76.21%, AUC: 0.76 [VAL] Loss: 0.4805, Accuracy: 77.02%, Precision: 0.79, Recall: 0.72, F1-Score: 0.75, AUC: 0.77
Epoch [56/100] - [TRAIN] Loss: 0.5040, Accuracy: 76.00%, AUC: 0.76 [VAL] Loss: 0.4852, Accuracy: 76.73%, Precision: 0.79, Recall: 0.71, F1-Score: 0.75, AUC: 0.77
Epoch [57/100] - [TRAIN] Loss: 0.5031, Accuracy: 76.12%, AUC: 0.76 [VAL] Loss: 0.4805, Accuracy: 77.06%, Precision: 0.79, Recall: 0.72, F1-Score: 0.75, AUC: 0.77
Epoch [58/100] - [TRAIN] Loss: 0.5056, Accuracy: 75.76%, AUC: 0.76 [VAL] Loss: 0.4810, Accuracy: 77.05%, Precision: 0.79, Recall: 0.72, F1-Score: 0.75, AUC: 0.77
Epoch [59/100] - [TRAIN] Loss: 0.5015, Accuracy: 76.19%, AUC: 0.76 [VAL] Loss: 0.4802, Accuracy: 76.88%, Precision: 0.79, Recall: 0.71, F1-Score: 0.75, AUC: 0.77
Epoch [60/100] - [TRAIN] Loss: 0.5040, Accuracy: 75.94%, AUC: 0.76 [VAL] Loss: 0.4751, Accuracy: 77.26%, Precision: 0.79, Recall: 0.72, F1-Score: 0.75, AUC: 0.77
Epoch [61/100] - [TRAIN] Loss: 0.5057, Accuracy: 75.78%, AUC: 0.76 [VAL] Loss: 0.4828, Accuracy: 77.00%, Precision: 0.79, Recall: 0.71, F1-Score: 0.75, AUC: 0.77
Epoch [62/100] - [TRAIN] Loss: 0.4976, Accuracy: 76.21%, AUC: 0.76 [VAL] Loss: 0.4822, Accuracy: 76.82%, Precision: 0.79, Recall: 0.72, F1-Score: 0.75, AUC: 0.77
Epoch [63/100] - [TRAIN] Loss: 0.5017, Accuracy: 76.34%, AUC: 0.76 [VAL] Loss: 0.4828, Accuracy: 76.50%, Precision: 0.79, Recall: 0.70, F1-Score: 0.75, AUC: 0.76
Epoch [64/100] - [TRAIN] Loss: 0.5037, Accuracy: 76.07%, AUC: 0.76 [VAL] Loss: 0.4779, Accuracy: 77.14%, Precision: 0.79, Recall: 0.72, F1-Score: 0.75, AUC: 0.77
Epoch [65/100] - [TRAIN] Loss: 0.4981, Accuracy: 76.19%, AUC: 0.76 [VAL] Loss: 0.4770, Accuracy: 76.79%, Precision: 0.78, Recall: 0.72, F1-Score: 0.75, AUC: 0.77
Epoch [66/100] - [TRAIN] Loss: 0.5053, Accuracy: 75.79%, AUC: 0.76 [VAL] Loss: 0.4861, Accuracy: 76.33%, Precision: 0.78, Recall: 0.70, F1-Score: 0.74, AUC: 0.76
Epoch [67/100] - [TRAIN] Loss: 0.5041, Accuracy: 76.13%, AUC: 0.76 [VAL] Loss: 0.4724, Accuracy: 77.38%, Precision: 0.80, Recall: 0.72, F1-Score: 0.75, AUC: 0.77
Epoch [68/100] - [TRAIN] Loss: 0.5030, Accuracy: 76.25%, AUC: 0.76 [VAL] Loss: 0.4865, Accuracy: 76.78%, Precision: 0.79, Recall: 0.71, F1-Score: 0.75, AUC: 0.77
Epoch [69/100] - [TRAIN] Loss: 0.5036, Accuracy: 76.02%, AUC: 0.76 [VAL] Loss: 0.4828, Accuracy: 76.75%, Precision: 0.78, Recall: 0.72, F1-Score: 0.75, AUC: 0.77
Epoch [70/100] - [TRAIN] Loss: 0.5033, Accuracy: 76.01%, AUC: 0.76 [VAL] Loss: 0.4882, Accuracy: 76.65%, Precision: 0.79, Recall: 0.71, F1-Score: 0.75, AUC: 0.76
Epoch [71/100] - [TRAIN] Loss: 0.5003, Accuracy: 76.19%, AUC: 0.76 [VAL] Loss: 0.4696, Accuracy: 77.84%, Precision: 0.80, Recall: 0.73, F1-Score: 0.76, AUC: 0.78
Epoch [72/100] - [TRAIN] Loss: 0.5025, Accuracy: 75.94%, AUC: 0.76 [VAL] Loss: 0.4793, Accuracy: 76.96%, Precision: 0.78, Recall: 0.72, F1-Score: 0.75, AUC: 0.77
Epoch [73/100] - [TRAIN] Loss: 0.5020, Accuracy: 75.93%, AUC: 0.76 [VAL] Loss: 0.4828, Accuracy: 76.52%, Precision: 0.79, Recall: 0.70, F1-Score: 0.75, AUC: 0.76
Epoch [74/100] - [TRAIN] Loss: 0.5050, Accuracy: 76.03%, AUC: 0.76 [VAL] Loss: 0.4815, Accuracy: 76.97%, Precision: 0.78, Recall: 0.72, F1-Score: 0.75, AUC: 0.77
Epoch [75/100] - [TRAIN] Loss: 0.5032, Accuracy: 76.07%, AUC: 0.76 [VAL] Loss: 0.4813, Accuracy: 76.62%, Precision: 0.78, Recall: 0.71, F1-Score: 0.75, AUC: 0.76
Epoch [76/100] - [TRAIN] Loss: 0.5005, Accuracy: 76.31%, AUC: 0.76 [VAL] Loss: 0.4782, Accuracy: 77.64%, Precision: 0.80, Recall: 0.72, F1-Score: 0.76, AUC: 0.78
Epoch [77/100] - [TRAIN] Loss: 0.5036, Accuracy: 76.07%, AUC: 0.76 [VAL] Loss: 0.4809, Accuracy: 76.67%, Precision: 0.79, Recall: 0.71, F1-Score: 0.75, AUC: 0.76
Epoch [78/100] - [TRAIN] Loss: 0.5011, Accuracy: 76.16%, AUC: 0.76 [VAL] Loss: 0.4795, Accuracy: 77.36%, Precision: 0.79, Recall: 0.72, F1-Score: 0.75, AUC: 0.77
Epoch [79/100] - [TRAIN] Loss: 0.5022, Accuracy: 76.11%, AUC: 0.76 [VAL] Loss: 0.4834, Accuracy: 76.39%, Precision: 0.78, Recall: 0.71, F1-Score: 0.74, AUC: 0.76
Epoch [80/100] - [TRAIN] Loss: 0.5015, Accuracy: 76.03%, AUC: 0.76 [VAL] Loss: 0.4750, Accuracy: 77.01%, Precision: 0.79, Recall: 0.71, F1-Score: 0.75, AUC: 0.77
Epoch [81/100] - [TRAIN] Loss: 0.5043, Accuracy: 75.99%, AUC: 0.76 [VAL] Loss: 0.4824, Accuracy: 77.00%, Precision: 0.79, Recall: 0.72, F1-Score: 0.75, AUC: 0.77
Epoch [82/100] - [TRAIN] Loss: 0.5005, Accuracy: 76.18%, AUC: 0.76 [VAL] Loss: 0.4803, Accuracy: 76.61%, Precision: 0.78, Recall: 0.71, F1-Score: 0.75, AUC: 0.76
Epoch [83/100] - [TRAIN] Loss: 0.5053, Accuracy: 75.85%, AUC: 0.76 [VAL] Loss: 0.4842, Accuracy: 76.57%, Precision: 0.79, Recall: 0.72, F1-Score: 0.75, AUC: 0.77
Epoch [84/100] - [TRAIN] Loss: 0.5027, Accuracy: 76.11%, AUC: 0.76 [VAL] Loss: 0.4773, Accuracy: 77.49%, Precision: 0.80, Recall: 0.71, F1-Score: 0.75, AUC: 0.77
Epoch [85/100] - [TRAIN] Loss: 0.5001, Accuracy: 76.35%, AUC: 0.76 [VAL] Loss: 0.4857, Accuracy: 76.90%, Precision: 0.79, Recall: 0.71, F1-Score: 0.75, AUC: 0.77
Epoch [86/100] - [TRAIN] Loss: 0.5016, Accuracy: 76.09%, AUC: 0.76 [VAL] Loss: 0.4856, Accuracy: 76.11%, Precision: 0.79, Recall: 0.69, F1-Score: 0.74, AUC: 0.76
Epoch [87/100] - [TRAIN] Loss: 0.4994, Accuracy: 76.25%, AUC: 0.76 [VAL] Loss: 0.4820, Accuracy: 77.19%, Precision: 0.79, Recall: 0.72, F1-Score: 0.75, AUC: 0.77
Epoch [88/100] - [TRAIN] Loss: 0.5015, Accuracy: 75.97%, AUC: 0.76 [VAL] Loss: 0.4800, Accuracy: 77.03%, Precision: 0.79, Recall: 0.71, F1-Score: 0.75, AUC: 0.77
Epoch [89/100] - [TRAIN] Loss: 0.5007, Accuracy: 76.27%, AUC: 0.76 [VAL] Loss: 0.4848, Accuracy: 76.69%, Precision: 0.79, Recall: 0.71, F1-Score: 0.75, AUC: 0.77
Epoch [90/100] - [TRAIN] Loss: 0.5036, Accuracy: 76.00%, AUC: 0.76 [VAL] Loss: 0.4821, Accuracy: 76.40%, Precision: 0.79, Recall: 0.70, F1-Score: 0.74, AUC: 0.76
Epoch [91/100] - [TRAIN] Loss: 0.5052, Accuracy: 76.10%, AUC: 0.76 [VAL] Loss: 0.4817, Accuracy: 76.73%, Precision: 0.78, Recall: 0.72, F1-Score: 0.75, AUC: 0.77
Epoch [92/100] - [TRAIN] Loss: 0.5029, Accuracy: 76.02%, AUC: 0.76 [VAL] Loss: 0.4792, Accuracy: 76.72%, Precision: 0.79, Recall: 0.71, F1-Score: 0.75, AUC: 0.77
Epoch [93/100] - [TRAIN] Loss: 0.4997, Accuracy: 76.31%, AUC: 0.76 [VAL] Loss: 0.4860, Accuracy: 76.49%, Precision: 0.79, Recall: 0.71, F1-Score: 0.75, AUC: 0.76
Epoch [94/100] - [TRAIN] Loss: 0.5009, Accuracy: 76.02%, AUC: 0.76 [VAL] Loss: 0.4768, Accuracy: 77.62%, Precision: 0.79, Recall: 0.73, F1-Score: 0.76, AUC: 0.77
Epoch [95/100] - [TRAIN] Loss: 0.5036, Accuracy: 75.96%, AUC: 0.76 [VAL] Loss: 0.4900, Accuracy: 76.80%, Precision: 0.79, Recall: 0.71, F1-Score: 0.75, AUC: 0.77
Epoch [96/100] - [TRAIN] Loss: 0.5019, Accuracy: 76.18%, AUC: 0.76 [VAL] Loss: 0.4890, Accuracy: 75.94%, Precision: 0.78, Recall: 0.71, F1-Score: 0.74, AUC: 0.76
Epoch [97/100] - [TRAIN] Loss: 0.4994, Accuracy: 76.28%, AUC: 0.76 [VAL] Loss: 0.4779, Accuracy: 76.67%, Precision: 0.79, Recall: 0.71, F1-Score: 0.75, AUC: 0.76
Epoch [98/100] - [TRAIN] Loss: 0.5040, Accuracy: 76.03%, AUC: 0.76 [VAL] Loss: 0.4862, Accuracy: 76.34%, Precision: 0.78, Recall: 0.71, F1-Score: 0.74, AUC: 0.76
Epoch [99/100] - [TRAIN] Loss: 0.5051, Accuracy: 75.83%, AUC: 0.76 [VAL] Loss: 0.4872, Accuracy: 76.39%, Precision: 0.78, Recall: 0.72, F1-Score: 0.75, AUC: 0.76
Epoch [100/100] - [TRAIN] Loss: 0.4991, Accuracy: 76.40%, AUC: 0.76 [VAL] Loss: 0.4797, Accuracy: 76.99%, Precision: 0.79, Recall: 0.71, F1-Score: 0.75, AUC: 0.77
Accuracy Score on test set: 77.28 %
    AUC Score on test set: 0.77
    Precision: 0.7954
    Recall: 0.7139
    F1-Score: 0.7525

    Detailed Classification Report:
                  precision    recall  f1-score   support

           0       0.76      0.83      0.79      5163
           1       0.80      0.71      0.75      4837

    accuracy                           0.77     10000
   macro avg       0.78      0.77      0.77     10000
weighted avg       0.77      0.77      0.77     10000


    Confusion Matrix:
    [[4275  888]
 [1384 3453]]
    
Batch FINISHED!!!

Real-time duration: 9122.658891745 seconds
