   h3k4me3_0  h3k4me3_1  h3k4me3_2  ...  h3k27me3_3997  h3k27me3_3998  h3k27me3_3999
0        0.0        0.0        0.0  ...            0.0            0.0            0.0
1        0.0        0.0        0.0  ...            0.0            0.0            0.0
2        0.0        0.0        0.0  ...            0.0            0.0            0.0
3        0.0        0.0        0.0  ...            0.0            0.0            0.0
4        0.0        0.0        0.0  ...            0.0            0.0            0.0

[5 rows x 20000 columns]
(1000, 20000)
   h_value_1
0   0.000000
1   0.047392
2   0.000000
3   2.468570
4   2.468570
(1000, 1)
Fitting 3 folds for each of 108 candidates, totalling 324 fits
Best parameters found: {'colsample_bytree': 1.0, 'learning_rate': 0.2, 'max_depth': 7, 'n_estimators': 100, 'subsample': 0.8}
Best R2 score from GridSearchCV: 0.006980518500010173
MSE: 7875.162849368669
RMSE: 88.74211429399611
MAE: 73.25030090890668
R2 Score: -5.697911739349365

Real-time duration: 375.948998116 seconds
