MSE: 21536.051035868397
RMSE: 146.75166450799935
MAE: 25.709386006185483
R2 Score: 0.13507390022277832

Test set Mean Squared Error: 21536.051035868397
Test set R-squared: 0.13507390022277832
    train-rmse-mean  train-rmse-std  test-rmse-mean  test-rmse-std
0        119.160218        3.734322      116.366817      31.887266
1        117.011063        3.724398      115.292667      32.478841
2        114.839330        3.754110      114.512441      32.895891
3        113.029156        3.869735      113.861037      33.261362
4        111.376236        3.887287      113.284779      33.708886
..              ...             ...             ...            ...
95        86.067024        4.691941      113.505564      40.263336
96        86.017646        4.688942      113.539769      40.212604
97        85.961729        4.694477      113.664893      40.098061
98        85.901585        4.683844      113.767391      40.017167
99        85.832818        4.701196      113.623404      40.148981

[100 rows x 4 columns]

Real-time duration: 958.049823108 seconds
