   h3k4me3_0  h3k4me3_1  h3k4me3_2  ...  h3k27me3_3997  h3k27me3_3998  h3k27me3_3999
0        0.0        0.0        0.0  ...            0.0            0.0            0.0
1        0.0        0.0        0.0  ...            0.0            0.0            0.0
2        0.0        0.0        0.0  ...            0.0            0.0            0.0
3        0.0        0.0        0.0  ...            0.0            0.0            0.0
4        0.0        0.0        0.0  ...            0.0            0.0            0.0

[5 rows x 20000 columns]
(59366, 20000)
   h_value_1
0   0.000000
1   0.047392
2   0.000000
3   2.468570
4   2.468570
(59366, 1)
MSE: 20098.119616912445
RMSE: 141.76783703263743
MAE: 24.81772500499026
R2 Score: 0.19282382726669312

Real-time duration: 432.418881817 seconds
