Using device: cuda
Current CUDA device: 0
CUDA device name: Tesla V100-PCIE-16GB
030-H3K4me3-H3K9ac-H3K9me3-H3K27ac-H3K27me3
Epoch [1/100] - [TRAIN] Loss: 0.5668, Accuracy: 73.76%, AUC: 0.74 [VAL] Loss: 0.5236, Accuracy: 75.35%, Precision: 0.73, Recall: 0.80, F1-Score: 0.76, AUC: 0.75
Epoch [2/100] - [TRAIN] Loss: 0.5292, Accuracy: 75.28%, AUC: 0.75 [VAL] Loss: 0.5144, Accuracy: 75.39%, Precision: 0.74, Recall: 0.76, F1-Score: 0.75, AUC: 0.75
Epoch [3/100] - [TRAIN] Loss: 0.5238, Accuracy: 75.55%, AUC: 0.76 [VAL] Loss: 0.5038, Accuracy: 76.43%, Precision: 0.77, Recall: 0.73, F1-Score: 0.75, AUC: 0.76
Epoch [4/100] - [TRAIN] Loss: 0.5201, Accuracy: 75.80%, AUC: 0.76 [VAL] Loss: 0.5059, Accuracy: 76.60%, Precision: 0.75, Recall: 0.76, F1-Score: 0.76, AUC: 0.77
Epoch [5/100] - [TRAIN] Loss: 0.5180, Accuracy: 75.88%, AUC: 0.76 [VAL] Loss: 0.5066, Accuracy: 76.54%, Precision: 0.77, Recall: 0.74, F1-Score: 0.75, AUC: 0.76
Epoch [6/100] - [TRAIN] Loss: 0.5157, Accuracy: 75.97%, AUC: 0.76 [VAL] Loss: 0.5083, Accuracy: 76.24%, Precision: 0.77, Recall: 0.74, F1-Score: 0.76, AUC: 0.76
Epoch [7/100] - [TRAIN] Loss: 0.5151, Accuracy: 75.79%, AUC: 0.76 [VAL] Loss: 0.5014, Accuracy: 77.12%, Precision: 0.77, Recall: 0.76, F1-Score: 0.76, AUC: 0.77
Epoch [8/100] - [TRAIN] Loss: 0.5154, Accuracy: 76.03%, AUC: 0.76 [VAL] Loss: 0.4970, Accuracy: 76.69%, Precision: 0.77, Recall: 0.75, F1-Score: 0.76, AUC: 0.77
Epoch [9/100] - [TRAIN] Loss: 0.5151, Accuracy: 75.71%, AUC: 0.76 [VAL] Loss: 0.5105, Accuracy: 76.12%, Precision: 0.75, Recall: 0.74, F1-Score: 0.75, AUC: 0.76
Epoch [10/100] - [TRAIN] Loss: 0.5133, Accuracy: 76.21%, AUC: 0.76 [VAL] Loss: 0.4993, Accuracy: 76.61%, Precision: 0.77, Recall: 0.74, F1-Score: 0.75, AUC: 0.77
Epoch [11/100] - [TRAIN] Loss: 0.5139, Accuracy: 75.84%, AUC: 0.76 [VAL] Loss: 0.5092, Accuracy: 75.71%, Precision: 0.76, Recall: 0.72, F1-Score: 0.74, AUC: 0.76
Epoch [12/100] - [TRAIN] Loss: 0.5118, Accuracy: 76.22%, AUC: 0.76 [VAL] Loss: 0.5048, Accuracy: 76.68%, Precision: 0.78, Recall: 0.74, F1-Score: 0.76, AUC: 0.77
Epoch [13/100] - [TRAIN] Loss: 0.5104, Accuracy: 76.06%, AUC: 0.76 [VAL] Loss: 0.5028, Accuracy: 76.30%, Precision: 0.76, Recall: 0.74, F1-Score: 0.75, AUC: 0.76
Epoch [14/100] - [TRAIN] Loss: 0.5090, Accuracy: 76.16%, AUC: 0.76 [VAL] Loss: 0.5008, Accuracy: 76.81%, Precision: 0.77, Recall: 0.74, F1-Score: 0.76, AUC: 0.77
Epoch [15/100] - [TRAIN] Loss: 0.5117, Accuracy: 75.99%, AUC: 0.76 [VAL] Loss: 0.4973, Accuracy: 77.12%, Precision: 0.78, Recall: 0.75, F1-Score: 0.76, AUC: 0.77
Epoch [16/100] - [TRAIN] Loss: 0.5092, Accuracy: 76.07%, AUC: 0.76 [VAL] Loss: 0.5081, Accuracy: 76.09%, Precision: 0.77, Recall: 0.73, F1-Score: 0.75, AUC: 0.76
Epoch [17/100] - [TRAIN] Loss: 0.5131, Accuracy: 76.11%, AUC: 0.76 [VAL] Loss: 0.4966, Accuracy: 77.07%, Precision: 0.78, Recall: 0.75, F1-Score: 0.76, AUC: 0.77
Epoch [18/100] - [TRAIN] Loss: 0.5120, Accuracy: 76.10%, AUC: 0.76 [VAL] Loss: 0.5009, Accuracy: 76.91%, Precision: 0.77, Recall: 0.74, F1-Score: 0.76, AUC: 0.77
Epoch [19/100] - [TRAIN] Loss: 0.5106, Accuracy: 76.01%, AUC: 0.76 [VAL] Loss: 0.4962, Accuracy: 77.19%, Precision: 0.77, Recall: 0.75, F1-Score: 0.76, AUC: 0.77
Epoch [20/100] - [TRAIN] Loss: 0.5102, Accuracy: 76.06%, AUC: 0.76 [VAL] Loss: 0.5032, Accuracy: 76.82%, Precision: 0.77, Recall: 0.75, F1-Score: 0.76, AUC: 0.77
Epoch [21/100] - [TRAIN] Loss: 0.5103, Accuracy: 76.14%, AUC: 0.76 [VAL] Loss: 0.4989, Accuracy: 76.85%, Precision: 0.77, Recall: 0.75, F1-Score: 0.76, AUC: 0.77
Epoch [22/100] - [TRAIN] Loss: 0.5093, Accuracy: 76.19%, AUC: 0.76 [VAL] Loss: 0.4982, Accuracy: 77.12%, Precision: 0.78, Recall: 0.74, F1-Score: 0.76, AUC: 0.77
Epoch [23/100] - [TRAIN] Loss: 0.5105, Accuracy: 76.03%, AUC: 0.76 [VAL] Loss: 0.5029, Accuracy: 76.58%, Precision: 0.77, Recall: 0.74, F1-Score: 0.76, AUC: 0.77
Epoch [24/100] - [TRAIN] Loss: 0.5088, Accuracy: 76.23%, AUC: 0.76 [VAL] Loss: 0.4985, Accuracy: 76.53%, Precision: 0.77, Recall: 0.74, F1-Score: 0.76, AUC: 0.76
Epoch [25/100] - [TRAIN] Loss: 0.5078, Accuracy: 76.20%, AUC: 0.76 [VAL] Loss: 0.4987, Accuracy: 76.69%, Precision: 0.76, Recall: 0.75, F1-Score: 0.76, AUC: 0.77
Epoch [26/100] - [TRAIN] Loss: 0.5108, Accuracy: 76.15%, AUC: 0.76 [VAL] Loss: 0.5005, Accuracy: 76.84%, Precision: 0.77, Recall: 0.74, F1-Score: 0.76, AUC: 0.77
Epoch [27/100] - [TRAIN] Loss: 0.5103, Accuracy: 76.17%, AUC: 0.76 [VAL] Loss: 0.5010, Accuracy: 76.77%, Precision: 0.77, Recall: 0.75, F1-Score: 0.76, AUC: 0.77
Epoch [28/100] - [TRAIN] Loss: 0.5111, Accuracy: 75.95%, AUC: 0.76 [VAL] Loss: 0.4984, Accuracy: 77.13%, Precision: 0.77, Recall: 0.74, F1-Score: 0.76, AUC: 0.77
Epoch [29/100] - [TRAIN] Loss: 0.5115, Accuracy: 75.92%, AUC: 0.76 [VAL] Loss: 0.5066, Accuracy: 76.58%, Precision: 0.77, Recall: 0.74, F1-Score: 0.76, AUC: 0.77
Epoch [30/100] - [TRAIN] Loss: 0.5102, Accuracy: 76.18%, AUC: 0.76 [VAL] Loss: 0.4910, Accuracy: 77.42%, Precision: 0.77, Recall: 0.75, F1-Score: 0.76, AUC: 0.77
Epoch [31/100] - [TRAIN] Loss: 0.5119, Accuracy: 75.94%, AUC: 0.76 [VAL] Loss: 0.5051, Accuracy: 76.44%, Precision: 0.77, Recall: 0.74, F1-Score: 0.75, AUC: 0.76
Epoch [32/100] - [TRAIN] Loss: 0.5122, Accuracy: 75.98%, AUC: 0.76 [VAL] Loss: 0.4978, Accuracy: 76.34%, Precision: 0.77, Recall: 0.74, F1-Score: 0.75, AUC: 0.76
Epoch [33/100] - [TRAIN] Loss: 0.5098, Accuracy: 76.12%, AUC: 0.76 [VAL] Loss: 0.4996, Accuracy: 76.69%, Precision: 0.78, Recall: 0.74, F1-Score: 0.76, AUC: 0.77
Epoch [34/100] - [TRAIN] Loss: 0.5123, Accuracy: 76.13%, AUC: 0.76 [VAL] Loss: 0.5051, Accuracy: 76.47%, Precision: 0.77, Recall: 0.74, F1-Score: 0.76, AUC: 0.76
Epoch [35/100] - [TRAIN] Loss: 0.5115, Accuracy: 75.98%, AUC: 0.76 [VAL] Loss: 0.4936, Accuracy: 76.99%, Precision: 0.77, Recall: 0.74, F1-Score: 0.76, AUC: 0.77
Epoch [36/100] - [TRAIN] Loss: 0.5097, Accuracy: 76.33%, AUC: 0.76 [VAL] Loss: 0.4961, Accuracy: 77.37%, Precision: 0.78, Recall: 0.75, F1-Score: 0.76, AUC: 0.77
Epoch [37/100] - [TRAIN] Loss: 0.5110, Accuracy: 76.12%, AUC: 0.76 [VAL] Loss: 0.5069, Accuracy: 76.37%, Precision: 0.77, Recall: 0.74, F1-Score: 0.75, AUC: 0.76
Epoch [38/100] - [TRAIN] Loss: 0.5092, Accuracy: 76.16%, AUC: 0.76 [VAL] Loss: 0.4957, Accuracy: 76.55%, Precision: 0.77, Recall: 0.73, F1-Score: 0.75, AUC: 0.76
Epoch [39/100] - [TRAIN] Loss: 0.5133, Accuracy: 76.28%, AUC: 0.76 [VAL] Loss: 0.4947, Accuracy: 76.86%, Precision: 0.78, Recall: 0.74, F1-Score: 0.76, AUC: 0.77
Epoch [40/100] - [TRAIN] Loss: 0.5107, Accuracy: 76.37%, AUC: 0.76 [VAL] Loss: 0.5006, Accuracy: 76.27%, Precision: 0.77, Recall: 0.74, F1-Score: 0.75, AUC: 0.76
Epoch [41/100] - [TRAIN] Loss: 0.5090, Accuracy: 76.24%, AUC: 0.76 [VAL] Loss: 0.5033, Accuracy: 76.15%, Precision: 0.76, Recall: 0.74, F1-Score: 0.75, AUC: 0.76
Epoch [42/100] - [TRAIN] Loss: 0.5138, Accuracy: 75.97%, AUC: 0.76 [VAL] Loss: 0.4957, Accuracy: 77.24%, Precision: 0.78, Recall: 0.75, F1-Score: 0.76, AUC: 0.77
Epoch [43/100] - [TRAIN] Loss: 0.5092, Accuracy: 76.05%, AUC: 0.76 [VAL] Loss: 0.5086, Accuracy: 75.96%, Precision: 0.76, Recall: 0.73, F1-Score: 0.75, AUC: 0.76
Epoch [44/100] - [TRAIN] Loss: 0.5112, Accuracy: 76.14%, AUC: 0.76 [VAL] Loss: 0.4990, Accuracy: 76.49%, Precision: 0.77, Recall: 0.74, F1-Score: 0.76, AUC: 0.76
Epoch [45/100] - [TRAIN] Loss: 0.5076, Accuracy: 76.30%, AUC: 0.76 [VAL] Loss: 0.4967, Accuracy: 76.67%, Precision: 0.78, Recall: 0.74, F1-Score: 0.76, AUC: 0.77
Epoch [46/100] - [TRAIN] Loss: 0.5104, Accuracy: 76.27%, AUC: 0.76 [VAL] Loss: 0.4922, Accuracy: 77.24%, Precision: 0.78, Recall: 0.74, F1-Score: 0.76, AUC: 0.77
Epoch [47/100] - [TRAIN] Loss: 0.5102, Accuracy: 76.11%, AUC: 0.76 [VAL] Loss: 0.4986, Accuracy: 77.01%, Precision: 0.77, Recall: 0.75, F1-Score: 0.76, AUC: 0.77
Epoch [48/100] - [TRAIN] Loss: 0.5091, Accuracy: 76.03%, AUC: 0.76 [VAL] Loss: 0.5127, Accuracy: 75.96%, Precision: 0.77, Recall: 0.74, F1-Score: 0.75, AUC: 0.76
Epoch [49/100] - [TRAIN] Loss: 0.5085, Accuracy: 76.33%, AUC: 0.76 [VAL] Loss: 0.4974, Accuracy: 76.76%, Precision: 0.78, Recall: 0.74, F1-Score: 0.76, AUC: 0.77
Epoch [50/100] - [TRAIN] Loss: 0.5072, Accuracy: 76.20%, AUC: 0.76 [VAL] Loss: 0.5014, Accuracy: 76.53%, Precision: 0.77, Recall: 0.74, F1-Score: 0.76, AUC: 0.76
Epoch [51/100] - [TRAIN] Loss: 0.5104, Accuracy: 76.14%, AUC: 0.76 [VAL] Loss: 0.5001, Accuracy: 76.55%, Precision: 0.77, Recall: 0.75, F1-Score: 0.76, AUC: 0.77
Epoch [52/100] - [TRAIN] Loss: 0.5080, Accuracy: 76.38%, AUC: 0.76 [VAL] Loss: 0.4951, Accuracy: 76.46%, Precision: 0.77, Recall: 0.74, F1-Score: 0.75, AUC: 0.76
Epoch [53/100] - [TRAIN] Loss: 0.5080, Accuracy: 76.25%, AUC: 0.76 [VAL] Loss: 0.4955, Accuracy: 77.47%, Precision: 0.77, Recall: 0.75, F1-Score: 0.76, AUC: 0.77
Epoch [54/100] - [TRAIN] Loss: 0.5095, Accuracy: 76.03%, AUC: 0.76 [VAL] Loss: 0.5001, Accuracy: 76.65%, Precision: 0.77, Recall: 0.74, F1-Score: 0.76, AUC: 0.77
Epoch [55/100] - [TRAIN] Loss: 0.5085, Accuracy: 76.25%, AUC: 0.76 [VAL] Loss: 0.4960, Accuracy: 77.11%, Precision: 0.77, Recall: 0.75, F1-Score: 0.76, AUC: 0.77
Epoch [56/100] - [TRAIN] Loss: 0.5098, Accuracy: 76.16%, AUC: 0.76 [VAL] Loss: 0.5026, Accuracy: 76.53%, Precision: 0.78, Recall: 0.73, F1-Score: 0.75, AUC: 0.76
Epoch [57/100] - [TRAIN] Loss: 0.5100, Accuracy: 76.12%, AUC: 0.76 [VAL] Loss: 0.5016, Accuracy: 76.90%, Precision: 0.78, Recall: 0.74, F1-Score: 0.76, AUC: 0.77
Epoch [58/100] - [TRAIN] Loss: 0.5082, Accuracy: 76.33%, AUC: 0.76 [VAL] Loss: 0.4968, Accuracy: 76.92%, Precision: 0.76, Recall: 0.75, F1-Score: 0.76, AUC: 0.77
Epoch [59/100] - [TRAIN] Loss: 0.5114, Accuracy: 76.04%, AUC: 0.76 [VAL] Loss: 0.4966, Accuracy: 77.01%, Precision: 0.78, Recall: 0.74, F1-Score: 0.76, AUC: 0.77
Epoch [60/100] - [TRAIN] Loss: 0.5089, Accuracy: 76.22%, AUC: 0.76 [VAL] Loss: 0.5020, Accuracy: 76.61%, Precision: 0.78, Recall: 0.74, F1-Score: 0.76, AUC: 0.77
Epoch [61/100] - [TRAIN] Loss: 0.5107, Accuracy: 76.03%, AUC: 0.76 [VAL] Loss: 0.4957, Accuracy: 76.60%, Precision: 0.77, Recall: 0.73, F1-Score: 0.75, AUC: 0.77
Epoch [62/100] - [TRAIN] Loss: 0.5105, Accuracy: 75.89%, AUC: 0.76 [VAL] Loss: 0.4961, Accuracy: 77.18%, Precision: 0.77, Recall: 0.75, F1-Score: 0.76, AUC: 0.77
Epoch [63/100] - [TRAIN] Loss: 0.5090, Accuracy: 76.13%, AUC: 0.76 [VAL] Loss: 0.5003, Accuracy: 76.46%, Precision: 0.77, Recall: 0.74, F1-Score: 0.76, AUC: 0.76
Epoch [64/100] - [TRAIN] Loss: 0.5054, Accuracy: 76.59%, AUC: 0.77 [VAL] Loss: 0.5042, Accuracy: 76.46%, Precision: 0.77, Recall: 0.74, F1-Score: 0.75, AUC: 0.76
Epoch [65/100] - [TRAIN] Loss: 0.5078, Accuracy: 76.28%, AUC: 0.76 [VAL] Loss: 0.4919, Accuracy: 77.33%, Precision: 0.79, Recall: 0.75, F1-Score: 0.77, AUC: 0.77
Epoch [66/100] - [TRAIN] Loss: 0.5120, Accuracy: 76.04%, AUC: 0.76 [VAL] Loss: 0.4978, Accuracy: 76.75%, Precision: 0.77, Recall: 0.74, F1-Score: 0.75, AUC: 0.77
Epoch [67/100] - [TRAIN] Loss: 0.5122, Accuracy: 76.05%, AUC: 0.76 [VAL] Loss: 0.5031, Accuracy: 76.70%, Precision: 0.77, Recall: 0.74, F1-Score: 0.76, AUC: 0.77
Epoch [68/100] - [TRAIN] Loss: 0.5118, Accuracy: 75.91%, AUC: 0.76 [VAL] Loss: 0.4998, Accuracy: 76.60%, Precision: 0.77, Recall: 0.74, F1-Score: 0.76, AUC: 0.77
Epoch [69/100] - [TRAIN] Loss: 0.5078, Accuracy: 76.34%, AUC: 0.76 [VAL] Loss: 0.4977, Accuracy: 77.07%, Precision: 0.77, Recall: 0.74, F1-Score: 0.76, AUC: 0.77
Epoch [70/100] - [TRAIN] Loss: 0.5114, Accuracy: 75.98%, AUC: 0.76 [VAL] Loss: 0.4969, Accuracy: 76.51%, Precision: 0.77, Recall: 0.74, F1-Score: 0.76, AUC: 0.76
Epoch [71/100] - [TRAIN] Loss: 0.5111, Accuracy: 76.10%, AUC: 0.76 [VAL] Loss: 0.5031, Accuracy: 76.74%, Precision: 0.77, Recall: 0.75, F1-Score: 0.76, AUC: 0.77
Epoch [72/100] - [TRAIN] Loss: 0.5094, Accuracy: 76.15%, AUC: 0.76 [VAL] Loss: 0.4999, Accuracy: 77.12%, Precision: 0.78, Recall: 0.74, F1-Score: 0.76, AUC: 0.77
Epoch [73/100] - [TRAIN] Loss: 0.5111, Accuracy: 76.05%, AUC: 0.76 [VAL] Loss: 0.4951, Accuracy: 77.26%, Precision: 0.77, Recall: 0.75, F1-Score: 0.76, AUC: 0.77
Epoch [74/100] - [TRAIN] Loss: 0.5108, Accuracy: 76.10%, AUC: 0.76 [VAL] Loss: 0.4913, Accuracy: 77.30%, Precision: 0.78, Recall: 0.75, F1-Score: 0.76, AUC: 0.77
Epoch [75/100] - [TRAIN] Loss: 0.5127, Accuracy: 75.93%, AUC: 0.76 [VAL] Loss: 0.4944, Accuracy: 77.56%, Precision: 0.78, Recall: 0.75, F1-Score: 0.77, AUC: 0.78
Epoch [76/100] - [TRAIN] Loss: 0.5132, Accuracy: 75.91%, AUC: 0.76 [VAL] Loss: 0.5004, Accuracy: 76.63%, Precision: 0.77, Recall: 0.75, F1-Score: 0.76, AUC: 0.77
Epoch [77/100] - [TRAIN] Loss: 0.5119, Accuracy: 76.14%, AUC: 0.76 [VAL] Loss: 0.5025, Accuracy: 76.38%, Precision: 0.76, Recall: 0.74, F1-Score: 0.75, AUC: 0.76
Epoch [78/100] - [TRAIN] Loss: 0.5122, Accuracy: 75.98%, AUC: 0.76 [VAL] Loss: 0.5096, Accuracy: 76.14%, Precision: 0.75, Recall: 0.74, F1-Score: 0.75, AUC: 0.76
Epoch [79/100] - [TRAIN] Loss: 0.5102, Accuracy: 76.22%, AUC: 0.76 [VAL] Loss: 0.4993, Accuracy: 77.01%, Precision: 0.78, Recall: 0.74, F1-Score: 0.76, AUC: 0.77
Epoch [80/100] - [TRAIN] Loss: 0.5125, Accuracy: 76.09%, AUC: 0.76 [VAL] Loss: 0.5073, Accuracy: 76.34%, Precision: 0.77, Recall: 0.74, F1-Score: 0.75, AUC: 0.76
Epoch [81/100] - [TRAIN] Loss: 0.5126, Accuracy: 75.95%, AUC: 0.76 [VAL] Loss: 0.4985, Accuracy: 77.44%, Precision: 0.78, Recall: 0.75, F1-Score: 0.77, AUC: 0.77
Epoch [82/100] - [TRAIN] Loss: 0.5127, Accuracy: 76.22%, AUC: 0.76 [VAL] Loss: 0.5026, Accuracy: 76.41%, Precision: 0.77, Recall: 0.74, F1-Score: 0.75, AUC: 0.76
Epoch [83/100] - [TRAIN] Loss: 0.5093, Accuracy: 76.20%, AUC: 0.76 [VAL] Loss: 0.4933, Accuracy: 77.21%, Precision: 0.78, Recall: 0.75, F1-Score: 0.76, AUC: 0.77
Epoch [84/100] - [TRAIN] Loss: 0.5116, Accuracy: 76.07%, AUC: 0.76 [VAL] Loss: 0.5022, Accuracy: 76.98%, Precision: 0.77, Recall: 0.74, F1-Score: 0.76, AUC: 0.77
Epoch [85/100] - [TRAIN] Loss: 0.5104, Accuracy: 76.02%, AUC: 0.76 [VAL] Loss: 0.5139, Accuracy: 76.01%, Precision: 0.76, Recall: 0.73, F1-Score: 0.75, AUC: 0.76
Epoch [86/100] - [TRAIN] Loss: 0.5093, Accuracy: 76.20%, AUC: 0.76 [VAL] Loss: 0.5034, Accuracy: 76.65%, Precision: 0.77, Recall: 0.74, F1-Score: 0.76, AUC: 0.77
Epoch [87/100] - [TRAIN] Loss: 0.5106, Accuracy: 76.05%, AUC: 0.76 [VAL] Loss: 0.4990, Accuracy: 76.72%, Precision: 0.77, Recall: 0.74, F1-Score: 0.76, AUC: 0.77
Epoch [88/100] - [TRAIN] Loss: 0.5152, Accuracy: 75.79%, AUC: 0.76 [VAL] Loss: 0.4973, Accuracy: 76.87%, Precision: 0.76, Recall: 0.75, F1-Score: 0.76, AUC: 0.77
Epoch [89/100] - [TRAIN] Loss: 0.5112, Accuracy: 76.05%, AUC: 0.76 [VAL] Loss: 0.4986, Accuracy: 77.13%, Precision: 0.76, Recall: 0.76, F1-Score: 0.76, AUC: 0.77
Epoch [90/100] - [TRAIN] Loss: 0.5109, Accuracy: 76.17%, AUC: 0.76 [VAL] Loss: 0.4971, Accuracy: 76.78%, Precision: 0.77, Recall: 0.75, F1-Score: 0.76, AUC: 0.77
Epoch [91/100] - [TRAIN] Loss: 0.5108, Accuracy: 75.94%, AUC: 0.76 [VAL] Loss: 0.4946, Accuracy: 77.46%, Precision: 0.78, Recall: 0.75, F1-Score: 0.77, AUC: 0.77
Epoch [92/100] - [TRAIN] Loss: 0.5110, Accuracy: 76.00%, AUC: 0.76 [VAL] Loss: 0.4990, Accuracy: 76.99%, Precision: 0.77, Recall: 0.74, F1-Score: 0.76, AUC: 0.77
Epoch [93/100] - [TRAIN] Loss: 0.5074, Accuracy: 76.37%, AUC: 0.76 [VAL] Loss: 0.5031, Accuracy: 75.93%, Precision: 0.76, Recall: 0.74, F1-Score: 0.75, AUC: 0.76
Epoch [94/100] - [TRAIN] Loss: 0.5106, Accuracy: 76.22%, AUC: 0.76 [VAL] Loss: 0.4962, Accuracy: 76.54%, Precision: 0.77, Recall: 0.75, F1-Score: 0.76, AUC: 0.76
Epoch [95/100] - [TRAIN] Loss: 0.5135, Accuracy: 75.90%, AUC: 0.76 [VAL] Loss: 0.5060, Accuracy: 76.57%, Precision: 0.77, Recall: 0.74, F1-Score: 0.76, AUC: 0.77
Epoch [96/100] - [TRAIN] Loss: 0.5100, Accuracy: 76.06%, AUC: 0.76 [VAL] Loss: 0.4952, Accuracy: 77.60%, Precision: 0.78, Recall: 0.75, F1-Score: 0.76, AUC: 0.78
Epoch [97/100] - [TRAIN] Loss: 0.5087, Accuracy: 76.39%, AUC: 0.76 [VAL] Loss: 0.5035, Accuracy: 76.83%, Precision: 0.76, Recall: 0.75, F1-Score: 0.76, AUC: 0.77
Epoch [98/100] - [TRAIN] Loss: 0.5098, Accuracy: 76.21%, AUC: 0.76 [VAL] Loss: 0.4976, Accuracy: 77.31%, Precision: 0.78, Recall: 0.75, F1-Score: 0.76, AUC: 0.77
Epoch [99/100] - [TRAIN] Loss: 0.5082, Accuracy: 76.22%, AUC: 0.76 [VAL] Loss: 0.5026, Accuracy: 76.92%, Precision: 0.77, Recall: 0.75, F1-Score: 0.76, AUC: 0.77
Epoch [100/100] - [TRAIN] Loss: 0.5118, Accuracy: 76.05%, AUC: 0.76 [VAL] Loss: 0.4910, Accuracy: 77.08%, Precision: 0.77, Recall: 0.75, F1-Score: 0.76, AUC: 0.77
Accuracy Score on test set: 76.17 %
    AUC Score on test set: 0.76
    Precision: 0.7646
    Recall: 0.7430
    F1-Score: 0.7536

    Detailed Classification Report:
                  precision    recall  f1-score   support

           0       0.76      0.78      0.77      5094
           1       0.76      0.74      0.75      4906

    accuracy                           0.76     10000
   macro avg       0.76      0.76      0.76     10000
weighted avg       0.76      0.76      0.76     10000


    Confusion Matrix:
    [[3972 1122]
 [1261 3645]]
    

Real-time duration: 2168.224378265 seconds
