Using device: cuda
Current CUDA device: 0
CUDA device name: Tesla V100-PCIE-16GB
025-H3K4me3-H3K9ac-H3K9me3-H3K27ac
Epoch [1/100] - [TRAIN] Loss: 0.5673, Accuracy: 74.21%, AUC: 0.74 [VAL] Loss: 0.5252, Accuracy: 76.10%, Precision: 0.75, Recall: 0.76, F1-Score: 0.76, AUC: 0.76
Epoch [2/100] - [TRAIN] Loss: 0.5373, Accuracy: 75.30%, AUC: 0.75 [VAL] Loss: 0.5166, Accuracy: 76.44%, Precision: 0.78, Recall: 0.72, F1-Score: 0.75, AUC: 0.76
Epoch [3/100] - [TRAIN] Loss: 0.5311, Accuracy: 75.55%, AUC: 0.75 [VAL] Loss: 0.5094, Accuracy: 77.13%, Precision: 0.77, Recall: 0.75, F1-Score: 0.76, AUC: 0.77
Epoch [4/100] - [TRAIN] Loss: 0.5291, Accuracy: 75.56%, AUC: 0.75 [VAL] Loss: 0.5133, Accuracy: 76.26%, Precision: 0.78, Recall: 0.73, F1-Score: 0.75, AUC: 0.76
Epoch [5/100] - [TRAIN] Loss: 0.5253, Accuracy: 75.75%, AUC: 0.76 [VAL] Loss: 0.5117, Accuracy: 77.16%, Precision: 0.78, Recall: 0.76, F1-Score: 0.77, AUC: 0.77
Epoch [6/100] - [TRAIN] Loss: 0.5229, Accuracy: 75.63%, AUC: 0.76 [VAL] Loss: 0.5087, Accuracy: 76.65%, Precision: 0.77, Recall: 0.74, F1-Score: 0.76, AUC: 0.77
Epoch [7/100] - [TRAIN] Loss: 0.5245, Accuracy: 75.61%, AUC: 0.76 [VAL] Loss: 0.5159, Accuracy: 76.14%, Precision: 0.78, Recall: 0.73, F1-Score: 0.75, AUC: 0.76
Epoch [8/100] - [TRAIN] Loss: 0.5212, Accuracy: 75.84%, AUC: 0.76 [VAL] Loss: 0.5084, Accuracy: 76.19%, Precision: 0.78, Recall: 0.73, F1-Score: 0.75, AUC: 0.76
Epoch [9/100] - [TRAIN] Loss: 0.5253, Accuracy: 75.52%, AUC: 0.75 [VAL] Loss: 0.5037, Accuracy: 77.11%, Precision: 0.78, Recall: 0.74, F1-Score: 0.76, AUC: 0.77
Epoch [10/100] - [TRAIN] Loss: 0.5172, Accuracy: 76.12%, AUC: 0.76 [VAL] Loss: 0.5163, Accuracy: 75.87%, Precision: 0.77, Recall: 0.73, F1-Score: 0.75, AUC: 0.76
Epoch [11/100] - [TRAIN] Loss: 0.5176, Accuracy: 76.22%, AUC: 0.76 [VAL] Loss: 0.5131, Accuracy: 76.28%, Precision: 0.77, Recall: 0.74, F1-Score: 0.75, AUC: 0.76
Epoch [12/100] - [TRAIN] Loss: 0.5214, Accuracy: 75.80%, AUC: 0.76 [VAL] Loss: 0.5060, Accuracy: 77.08%, Precision: 0.78, Recall: 0.73, F1-Score: 0.76, AUC: 0.77
Epoch [13/100] - [TRAIN] Loss: 0.5162, Accuracy: 75.98%, AUC: 0.76 [VAL] Loss: 0.5043, Accuracy: 76.71%, Precision: 0.78, Recall: 0.73, F1-Score: 0.75, AUC: 0.77
Epoch [14/100] - [TRAIN] Loss: 0.5189, Accuracy: 75.78%, AUC: 0.76 [VAL] Loss: 0.5068, Accuracy: 76.14%, Precision: 0.77, Recall: 0.73, F1-Score: 0.75, AUC: 0.76
Epoch [15/100] - [TRAIN] Loss: 0.5184, Accuracy: 75.93%, AUC: 0.76 [VAL] Loss: 0.5074, Accuracy: 76.71%, Precision: 0.78, Recall: 0.73, F1-Score: 0.75, AUC: 0.77
Epoch [16/100] - [TRAIN] Loss: 0.5158, Accuracy: 75.88%, AUC: 0.76 [VAL] Loss: 0.5128, Accuracy: 76.90%, Precision: 0.79, Recall: 0.73, F1-Score: 0.76, AUC: 0.77
Epoch [17/100] - [TRAIN] Loss: 0.5172, Accuracy: 76.02%, AUC: 0.76 [VAL] Loss: 0.5037, Accuracy: 77.02%, Precision: 0.78, Recall: 0.73, F1-Score: 0.76, AUC: 0.77
Epoch [18/100] - [TRAIN] Loss: 0.5114, Accuracy: 76.26%, AUC: 0.76 [VAL] Loss: 0.4992, Accuracy: 77.47%, Precision: 0.79, Recall: 0.74, F1-Score: 0.77, AUC: 0.77
Epoch [19/100] - [TRAIN] Loss: 0.5152, Accuracy: 76.06%, AUC: 0.76 [VAL] Loss: 0.4979, Accuracy: 77.22%, Precision: 0.78, Recall: 0.74, F1-Score: 0.76, AUC: 0.77
Epoch [20/100] - [TRAIN] Loss: 0.5194, Accuracy: 75.85%, AUC: 0.76 [VAL] Loss: 0.5027, Accuracy: 76.90%, Precision: 0.78, Recall: 0.73, F1-Score: 0.75, AUC: 0.77
Epoch [21/100] - [TRAIN] Loss: 0.5139, Accuracy: 76.25%, AUC: 0.76 [VAL] Loss: 0.4936, Accuracy: 77.52%, Precision: 0.78, Recall: 0.74, F1-Score: 0.76, AUC: 0.77
Epoch [22/100] - [TRAIN] Loss: 0.5160, Accuracy: 76.16%, AUC: 0.76 [VAL] Loss: 0.5038, Accuracy: 77.06%, Precision: 0.78, Recall: 0.74, F1-Score: 0.76, AUC: 0.77
Epoch [23/100] - [TRAIN] Loss: 0.5180, Accuracy: 75.95%, AUC: 0.76 [VAL] Loss: 0.5014, Accuracy: 76.96%, Precision: 0.77, Recall: 0.74, F1-Score: 0.75, AUC: 0.77
Epoch [24/100] - [TRAIN] Loss: 0.5166, Accuracy: 76.04%, AUC: 0.76 [VAL] Loss: 0.5016, Accuracy: 77.14%, Precision: 0.78, Recall: 0.75, F1-Score: 0.76, AUC: 0.77
Epoch [25/100] - [TRAIN] Loss: 0.5169, Accuracy: 75.82%, AUC: 0.76 [VAL] Loss: 0.5000, Accuracy: 77.22%, Precision: 0.77, Recall: 0.75, F1-Score: 0.76, AUC: 0.77
Epoch [26/100] - [TRAIN] Loss: 0.5115, Accuracy: 76.30%, AUC: 0.76 [VAL] Loss: 0.4987, Accuracy: 76.65%, Precision: 0.78, Recall: 0.73, F1-Score: 0.76, AUC: 0.77
Epoch [27/100] - [TRAIN] Loss: 0.5155, Accuracy: 76.29%, AUC: 0.76 [VAL] Loss: 0.5111, Accuracy: 76.43%, Precision: 0.77, Recall: 0.74, F1-Score: 0.75, AUC: 0.76
Epoch [28/100] - [TRAIN] Loss: 0.5136, Accuracy: 76.23%, AUC: 0.76 [VAL] Loss: 0.5053, Accuracy: 76.45%, Precision: 0.78, Recall: 0.73, F1-Score: 0.75, AUC: 0.76
Epoch [29/100] - [TRAIN] Loss: 0.5137, Accuracy: 76.46%, AUC: 0.76 [VAL] Loss: 0.5068, Accuracy: 76.77%, Precision: 0.78, Recall: 0.74, F1-Score: 0.76, AUC: 0.77
Epoch [30/100] - [TRAIN] Loss: 0.5130, Accuracy: 76.14%, AUC: 0.76 [VAL] Loss: 0.5066, Accuracy: 76.66%, Precision: 0.78, Recall: 0.73, F1-Score: 0.75, AUC: 0.77
Epoch [31/100] - [TRAIN] Loss: 0.5135, Accuracy: 76.14%, AUC: 0.76 [VAL] Loss: 0.5133, Accuracy: 76.45%, Precision: 0.77, Recall: 0.73, F1-Score: 0.75, AUC: 0.76
Epoch [32/100] - [TRAIN] Loss: 0.5103, Accuracy: 76.16%, AUC: 0.76 [VAL] Loss: 0.5092, Accuracy: 76.48%, Precision: 0.77, Recall: 0.73, F1-Score: 0.75, AUC: 0.76
Epoch [33/100] - [TRAIN] Loss: 0.5158, Accuracy: 76.01%, AUC: 0.76 [VAL] Loss: 0.4992, Accuracy: 77.38%, Precision: 0.79, Recall: 0.74, F1-Score: 0.76, AUC: 0.77
Epoch [34/100] - [TRAIN] Loss: 0.5160, Accuracy: 76.34%, AUC: 0.76 [VAL] Loss: 0.5102, Accuracy: 76.61%, Precision: 0.77, Recall: 0.74, F1-Score: 0.75, AUC: 0.77
Epoch [35/100] - [TRAIN] Loss: 0.5118, Accuracy: 76.35%, AUC: 0.76 [VAL] Loss: 0.5040, Accuracy: 76.78%, Precision: 0.78, Recall: 0.73, F1-Score: 0.75, AUC: 0.77
Epoch [36/100] - [TRAIN] Loss: 0.5158, Accuracy: 75.91%, AUC: 0.76 [VAL] Loss: 0.5065, Accuracy: 76.94%, Precision: 0.78, Recall: 0.74, F1-Score: 0.76, AUC: 0.77
Epoch [37/100] - [TRAIN] Loss: 0.5176, Accuracy: 75.95%, AUC: 0.76 [VAL] Loss: 0.5031, Accuracy: 76.81%, Precision: 0.77, Recall: 0.74, F1-Score: 0.75, AUC: 0.77
Epoch [38/100] - [TRAIN] Loss: 0.5129, Accuracy: 76.14%, AUC: 0.76 [VAL] Loss: 0.5001, Accuracy: 77.30%, Precision: 0.79, Recall: 0.73, F1-Score: 0.76, AUC: 0.77
Epoch [39/100] - [TRAIN] Loss: 0.5173, Accuracy: 76.08%, AUC: 0.76 [VAL] Loss: 0.5026, Accuracy: 77.51%, Precision: 0.78, Recall: 0.75, F1-Score: 0.76, AUC: 0.77
Epoch [40/100] - [TRAIN] Loss: 0.5143, Accuracy: 76.03%, AUC: 0.76 [VAL] Loss: 0.5008, Accuracy: 77.17%, Precision: 0.78, Recall: 0.74, F1-Score: 0.76, AUC: 0.77
Epoch [41/100] - [TRAIN] Loss: 0.5145, Accuracy: 76.15%, AUC: 0.76 [VAL] Loss: 0.5029, Accuracy: 77.03%, Precision: 0.78, Recall: 0.74, F1-Score: 0.76, AUC: 0.77
Epoch [42/100] - [TRAIN] Loss: 0.5158, Accuracy: 76.13%, AUC: 0.76 [VAL] Loss: 0.5067, Accuracy: 76.88%, Precision: 0.78, Recall: 0.74, F1-Score: 0.76, AUC: 0.77
Epoch [43/100] - [TRAIN] Loss: 0.5137, Accuracy: 76.13%, AUC: 0.76 [VAL] Loss: 0.5138, Accuracy: 76.09%, Precision: 0.77, Recall: 0.72, F1-Score: 0.75, AUC: 0.76
Epoch [44/100] - [TRAIN] Loss: 0.5189, Accuracy: 75.82%, AUC: 0.76 [VAL] Loss: 0.5052, Accuracy: 76.67%, Precision: 0.77, Recall: 0.73, F1-Score: 0.75, AUC: 0.77
Epoch [45/100] - [TRAIN] Loss: 0.5116, Accuracy: 76.15%, AUC: 0.76 [VAL] Loss: 0.5006, Accuracy: 77.29%, Precision: 0.78, Recall: 0.74, F1-Score: 0.76, AUC: 0.77
Epoch [46/100] - [TRAIN] Loss: 0.5154, Accuracy: 76.20%, AUC: 0.76 [VAL] Loss: 0.5125, Accuracy: 76.27%, Precision: 0.77, Recall: 0.73, F1-Score: 0.75, AUC: 0.76
Epoch [47/100] - [TRAIN] Loss: 0.5172, Accuracy: 75.97%, AUC: 0.76 [VAL] Loss: 0.5052, Accuracy: 76.48%, Precision: 0.78, Recall: 0.73, F1-Score: 0.76, AUC: 0.76
Epoch [48/100] - [TRAIN] Loss: 0.5149, Accuracy: 76.14%, AUC: 0.76 [VAL] Loss: 0.4980, Accuracy: 76.88%, Precision: 0.78, Recall: 0.73, F1-Score: 0.76, AUC: 0.77
Epoch [49/100] - [TRAIN] Loss: 0.5148, Accuracy: 76.23%, AUC: 0.76 [VAL] Loss: 0.5124, Accuracy: 76.46%, Precision: 0.77, Recall: 0.74, F1-Score: 0.75, AUC: 0.76
Epoch [50/100] - [TRAIN] Loss: 0.5170, Accuracy: 75.91%, AUC: 0.76 [VAL] Loss: 0.5128, Accuracy: 76.43%, Precision: 0.78, Recall: 0.73, F1-Score: 0.75, AUC: 0.76
Epoch [51/100] - [TRAIN] Loss: 0.5143, Accuracy: 76.05%, AUC: 0.76 [VAL] Loss: 0.5031, Accuracy: 76.92%, Precision: 0.78, Recall: 0.74, F1-Score: 0.76, AUC: 0.77
Epoch [52/100] - [TRAIN] Loss: 0.5172, Accuracy: 76.08%, AUC: 0.76 [VAL] Loss: 0.5016, Accuracy: 76.64%, Precision: 0.78, Recall: 0.73, F1-Score: 0.75, AUC: 0.77
Epoch [53/100] - [TRAIN] Loss: 0.5164, Accuracy: 75.97%, AUC: 0.76 [VAL] Loss: 0.5031, Accuracy: 76.76%, Precision: 0.77, Recall: 0.74, F1-Score: 0.76, AUC: 0.77
Epoch [54/100] - [TRAIN] Loss: 0.5158, Accuracy: 76.31%, AUC: 0.76 [VAL] Loss: 0.5066, Accuracy: 76.60%, Precision: 0.78, Recall: 0.73, F1-Score: 0.75, AUC: 0.77
Epoch [55/100] - [TRAIN] Loss: 0.5125, Accuracy: 76.35%, AUC: 0.76 [VAL] Loss: 0.4981, Accuracy: 77.32%, Precision: 0.78, Recall: 0.74, F1-Score: 0.76, AUC: 0.77
Epoch [56/100] - [TRAIN] Loss: 0.5170, Accuracy: 76.00%, AUC: 0.76 [VAL] Loss: 0.5065, Accuracy: 76.63%, Precision: 0.78, Recall: 0.74, F1-Score: 0.76, AUC: 0.77
Epoch [57/100] - [TRAIN] Loss: 0.5130, Accuracy: 76.11%, AUC: 0.76 [VAL] Loss: 0.5011, Accuracy: 76.59%, Precision: 0.77, Recall: 0.74, F1-Score: 0.75, AUC: 0.77
Epoch [58/100] - [TRAIN] Loss: 0.5131, Accuracy: 76.13%, AUC: 0.76 [VAL] Loss: 0.5079, Accuracy: 76.25%, Precision: 0.78, Recall: 0.72, F1-Score: 0.75, AUC: 0.76
Epoch [59/100] - [TRAIN] Loss: 0.5175, Accuracy: 75.90%, AUC: 0.76 [VAL] Loss: 0.5052, Accuracy: 76.30%, Precision: 0.77, Recall: 0.73, F1-Score: 0.75, AUC: 0.76
Epoch [60/100] - [TRAIN] Loss: 0.5128, Accuracy: 76.33%, AUC: 0.76 [VAL] Loss: 0.5020, Accuracy: 76.80%, Precision: 0.78, Recall: 0.73, F1-Score: 0.75, AUC: 0.77
Epoch [61/100] - [TRAIN] Loss: 0.5145, Accuracy: 75.97%, AUC: 0.76 [VAL] Loss: 0.5068, Accuracy: 76.62%, Precision: 0.78, Recall: 0.73, F1-Score: 0.75, AUC: 0.77
Epoch [62/100] - [TRAIN] Loss: 0.5158, Accuracy: 76.02%, AUC: 0.76 [VAL] Loss: 0.5052, Accuracy: 76.46%, Precision: 0.78, Recall: 0.73, F1-Score: 0.76, AUC: 0.76
Epoch [63/100] - [TRAIN] Loss: 0.5179, Accuracy: 75.98%, AUC: 0.76 [VAL] Loss: 0.5060, Accuracy: 76.93%, Precision: 0.78, Recall: 0.73, F1-Score: 0.75, AUC: 0.77
Epoch [64/100] - [TRAIN] Loss: 0.5157, Accuracy: 76.14%, AUC: 0.76 [VAL] Loss: 0.4973, Accuracy: 77.20%, Precision: 0.78, Recall: 0.74, F1-Score: 0.76, AUC: 0.77
Epoch [65/100] - [TRAIN] Loss: 0.5129, Accuracy: 76.17%, AUC: 0.76 [VAL] Loss: 0.4958, Accuracy: 77.20%, Precision: 0.78, Recall: 0.74, F1-Score: 0.76, AUC: 0.77
Epoch [66/100] - [TRAIN] Loss: 0.5161, Accuracy: 76.23%, AUC: 0.76 [VAL] Loss: 0.5013, Accuracy: 77.20%, Precision: 0.79, Recall: 0.73, F1-Score: 0.76, AUC: 0.77
Epoch [67/100] - [TRAIN] Loss: 0.5166, Accuracy: 75.98%, AUC: 0.76 [VAL] Loss: 0.4980, Accuracy: 77.22%, Precision: 0.78, Recall: 0.73, F1-Score: 0.75, AUC: 0.77
Epoch [68/100] - [TRAIN] Loss: 0.5154, Accuracy: 76.04%, AUC: 0.76 [VAL] Loss: 0.4971, Accuracy: 77.09%, Precision: 0.78, Recall: 0.73, F1-Score: 0.75, AUC: 0.77
Epoch [69/100] - [TRAIN] Loss: 0.5142, Accuracy: 76.24%, AUC: 0.76 [VAL] Loss: 0.5101, Accuracy: 76.66%, Precision: 0.79, Recall: 0.73, F1-Score: 0.76, AUC: 0.77
Epoch [70/100] - [TRAIN] Loss: 0.5130, Accuracy: 76.25%, AUC: 0.76 [VAL] Loss: 0.5086, Accuracy: 76.67%, Precision: 0.78, Recall: 0.74, F1-Score: 0.76, AUC: 0.77
Epoch [71/100] - [TRAIN] Loss: 0.5141, Accuracy: 76.11%, AUC: 0.76 [VAL] Loss: 0.5009, Accuracy: 76.99%, Precision: 0.78, Recall: 0.73, F1-Score: 0.75, AUC: 0.77
Epoch [72/100] - [TRAIN] Loss: 0.5117, Accuracy: 76.41%, AUC: 0.76 [VAL] Loss: 0.5010, Accuracy: 77.37%, Precision: 0.79, Recall: 0.74, F1-Score: 0.77, AUC: 0.77
Epoch [73/100] - [TRAIN] Loss: 0.5137, Accuracy: 76.28%, AUC: 0.76 [VAL] Loss: 0.5027, Accuracy: 76.61%, Precision: 0.77, Recall: 0.74, F1-Score: 0.75, AUC: 0.77
Epoch [74/100] - [TRAIN] Loss: 0.5143, Accuracy: 76.20%, AUC: 0.76 [VAL] Loss: 0.5056, Accuracy: 76.43%, Precision: 0.78, Recall: 0.73, F1-Score: 0.75, AUC: 0.76
Epoch [75/100] - [TRAIN] Loss: 0.5143, Accuracy: 76.24%, AUC: 0.76 [VAL] Loss: 0.4953, Accuracy: 77.39%, Precision: 0.79, Recall: 0.74, F1-Score: 0.76, AUC: 0.77
Epoch [76/100] - [TRAIN] Loss: 0.5158, Accuracy: 76.02%, AUC: 0.76 [VAL] Loss: 0.5010, Accuracy: 76.76%, Precision: 0.78, Recall: 0.73, F1-Score: 0.75, AUC: 0.77
Epoch [77/100] - [TRAIN] Loss: 0.5148, Accuracy: 76.12%, AUC: 0.76 [VAL] Loss: 0.5078, Accuracy: 76.79%, Precision: 0.78, Recall: 0.73, F1-Score: 0.76, AUC: 0.77
Epoch [78/100] - [TRAIN] Loss: 0.5126, Accuracy: 76.28%, AUC: 0.76 [VAL] Loss: 0.5116, Accuracy: 76.28%, Precision: 0.77, Recall: 0.73, F1-Score: 0.75, AUC: 0.76
Epoch [79/100] - [TRAIN] Loss: 0.5128, Accuracy: 76.33%, AUC: 0.76 [VAL] Loss: 0.5093, Accuracy: 76.79%, Precision: 0.78, Recall: 0.73, F1-Score: 0.75, AUC: 0.77
Epoch [80/100] - [TRAIN] Loss: 0.5129, Accuracy: 76.22%, AUC: 0.76 [VAL] Loss: 0.5099, Accuracy: 76.97%, Precision: 0.78, Recall: 0.74, F1-Score: 0.76, AUC: 0.77
Epoch [81/100] - [TRAIN] Loss: 0.5150, Accuracy: 76.06%, AUC: 0.76 [VAL] Loss: 0.5069, Accuracy: 76.90%, Precision: 0.78, Recall: 0.73, F1-Score: 0.75, AUC: 0.77
Epoch [82/100] - [TRAIN] Loss: 0.5183, Accuracy: 75.88%, AUC: 0.76 [VAL] Loss: 0.5047, Accuracy: 76.48%, Precision: 0.78, Recall: 0.73, F1-Score: 0.75, AUC: 0.76
Epoch [83/100] - [TRAIN] Loss: 0.5120, Accuracy: 76.32%, AUC: 0.76 [VAL] Loss: 0.5076, Accuracy: 76.82%, Precision: 0.78, Recall: 0.74, F1-Score: 0.76, AUC: 0.77
Epoch [84/100] - [TRAIN] Loss: 0.5162, Accuracy: 76.03%, AUC: 0.76 [VAL] Loss: 0.5007, Accuracy: 77.20%, Precision: 0.79, Recall: 0.73, F1-Score: 0.76, AUC: 0.77
Epoch [85/100] - [TRAIN] Loss: 0.5142, Accuracy: 76.08%, AUC: 0.76 [VAL] Loss: 0.5041, Accuracy: 76.86%, Precision: 0.78, Recall: 0.73, F1-Score: 0.76, AUC: 0.77
Epoch [86/100] - [TRAIN] Loss: 0.5141, Accuracy: 76.11%, AUC: 0.76 [VAL] Loss: 0.5060, Accuracy: 76.28%, Precision: 0.78, Recall: 0.72, F1-Score: 0.75, AUC: 0.76
Epoch [87/100] - [TRAIN] Loss: 0.5153, Accuracy: 76.11%, AUC: 0.76 [VAL] Loss: 0.5073, Accuracy: 76.56%, Precision: 0.78, Recall: 0.73, F1-Score: 0.76, AUC: 0.77
Epoch [88/100] - [TRAIN] Loss: 0.5168, Accuracy: 76.05%, AUC: 0.76 [VAL] Loss: 0.4984, Accuracy: 76.88%, Precision: 0.78, Recall: 0.74, F1-Score: 0.76, AUC: 0.77
Epoch [89/100] - [TRAIN] Loss: 0.5156, Accuracy: 76.01%, AUC: 0.76 [VAL] Loss: 0.5138, Accuracy: 76.46%, Precision: 0.77, Recall: 0.74, F1-Score: 0.75, AUC: 0.76
Epoch [90/100] - [TRAIN] Loss: 0.5167, Accuracy: 76.11%, AUC: 0.76 [VAL] Loss: 0.5057, Accuracy: 76.59%, Precision: 0.78, Recall: 0.73, F1-Score: 0.75, AUC: 0.77
Epoch [91/100] - [TRAIN] Loss: 0.5131, Accuracy: 76.30%, AUC: 0.76 [VAL] Loss: 0.5057, Accuracy: 76.93%, Precision: 0.77, Recall: 0.74, F1-Score: 0.75, AUC: 0.77
Epoch [92/100] - [TRAIN] Loss: 0.5168, Accuracy: 76.06%, AUC: 0.76 [VAL] Loss: 0.5155, Accuracy: 76.42%, Precision: 0.77, Recall: 0.73, F1-Score: 0.75, AUC: 0.76
Epoch [93/100] - [TRAIN] Loss: 0.5154, Accuracy: 76.11%, AUC: 0.76 [VAL] Loss: 0.4999, Accuracy: 76.88%, Precision: 0.78, Recall: 0.73, F1-Score: 0.75, AUC: 0.77
Epoch [94/100] - [TRAIN] Loss: 0.5127, Accuracy: 76.03%, AUC: 0.76 [VAL] Loss: 0.5063, Accuracy: 77.14%, Precision: 0.78, Recall: 0.74, F1-Score: 0.76, AUC: 0.77
Epoch [95/100] - [TRAIN] Loss: 0.5174, Accuracy: 75.90%, AUC: 0.76 [VAL] Loss: 0.5067, Accuracy: 76.58%, Precision: 0.77, Recall: 0.73, F1-Score: 0.75, AUC: 0.76
Epoch [96/100] - [TRAIN] Loss: 0.5154, Accuracy: 76.12%, AUC: 0.76 [VAL] Loss: 0.4999, Accuracy: 77.09%, Precision: 0.78, Recall: 0.73, F1-Score: 0.76, AUC: 0.77
Epoch [97/100] - [TRAIN] Loss: 0.5167, Accuracy: 75.91%, AUC: 0.76 [VAL] Loss: 0.5065, Accuracy: 76.88%, Precision: 0.78, Recall: 0.74, F1-Score: 0.76, AUC: 0.77
Epoch [98/100] - [TRAIN] Loss: 0.5120, Accuracy: 76.46%, AUC: 0.76 [VAL] Loss: 0.5102, Accuracy: 76.53%, Precision: 0.77, Recall: 0.73, F1-Score: 0.75, AUC: 0.76
Epoch [99/100] - [TRAIN] Loss: 0.5155, Accuracy: 76.10%, AUC: 0.76 [VAL] Loss: 0.4958, Accuracy: 77.50%, Precision: 0.79, Recall: 0.74, F1-Score: 0.76, AUC: 0.77
Epoch [100/100] - [TRAIN] Loss: 0.5150, Accuracy: 76.06%, AUC: 0.76 [VAL] Loss: 0.5044, Accuracy: 76.75%, Precision: 0.77, Recall: 0.73, F1-Score: 0.75, AUC: 0.77
Accuracy Score on test set: 76.80 %
    AUC Score on test set: 0.77
    Precision: 0.7799
    Recall: 0.7296
    F1-Score: 0.7539

    Detailed Classification Report:
                  precision    recall  f1-score   support

           0       0.76      0.80      0.78      5130
           1       0.78      0.73      0.75      4870

    accuracy                           0.77     10000
   macro avg       0.77      0.77      0.77     10000
weighted avg       0.77      0.77      0.77     10000


    Confusion Matrix:
    [[4127 1003]
 [1317 3553]]
    
026-H3K4me3-H3K9ac-H3K9me3-H3K27me3
Epoch [1/100] - [TRAIN] Loss: 0.5740, Accuracy: 72.77%, AUC: 0.73 [VAL] Loss: 0.5354, Accuracy: 74.56%, Precision: 0.73, Recall: 0.78, F1-Score: 0.75, AUC: 0.75
Epoch [2/100] - [TRAIN] Loss: 0.5396, Accuracy: 74.48%, AUC: 0.75 [VAL] Loss: 0.5170, Accuracy: 75.11%, Precision: 0.74, Recall: 0.76, F1-Score: 0.75, AUC: 0.75
Epoch [3/100] - [TRAIN] Loss: 0.5320, Accuracy: 74.91%, AUC: 0.75 [VAL] Loss: 0.5172, Accuracy: 75.76%, Precision: 0.75, Recall: 0.75, F1-Score: 0.75, AUC: 0.76
Epoch [4/100] - [TRAIN] Loss: 0.5288, Accuracy: 75.09%, AUC: 0.75 [VAL] Loss: 0.5132, Accuracy: 76.31%, Precision: 0.77, Recall: 0.74, F1-Score: 0.76, AUC: 0.76
Epoch [5/100] - [TRAIN] Loss: 0.5229, Accuracy: 75.22%, AUC: 0.75 [VAL] Loss: 0.5136, Accuracy: 76.04%, Precision: 0.77, Recall: 0.72, F1-Score: 0.75, AUC: 0.76
Epoch [6/100] - [TRAIN] Loss: 0.5261, Accuracy: 75.23%, AUC: 0.75 [VAL] Loss: 0.5072, Accuracy: 77.07%, Precision: 0.78, Recall: 0.75, F1-Score: 0.76, AUC: 0.77
Epoch [7/100] - [TRAIN] Loss: 0.5268, Accuracy: 75.05%, AUC: 0.75 [VAL] Loss: 0.5195, Accuracy: 75.60%, Precision: 0.75, Recall: 0.74, F1-Score: 0.75, AUC: 0.76
Epoch [8/100] - [TRAIN] Loss: 0.5213, Accuracy: 75.45%, AUC: 0.75 [VAL] Loss: 0.5234, Accuracy: 75.27%, Precision: 0.76, Recall: 0.73, F1-Score: 0.75, AUC: 0.75
Epoch [9/100] - [TRAIN] Loss: 0.5258, Accuracy: 75.35%, AUC: 0.75 [VAL] Loss: 0.5076, Accuracy: 75.54%, Precision: 0.76, Recall: 0.72, F1-Score: 0.74, AUC: 0.75
Epoch [10/100] - [TRAIN] Loss: 0.5230, Accuracy: 75.48%, AUC: 0.75 [VAL] Loss: 0.5208, Accuracy: 75.09%, Precision: 0.75, Recall: 0.73, F1-Score: 0.74, AUC: 0.75
Epoch [11/100] - [TRAIN] Loss: 0.5204, Accuracy: 75.22%, AUC: 0.75 [VAL] Loss: 0.5067, Accuracy: 76.48%, Precision: 0.77, Recall: 0.74, F1-Score: 0.75, AUC: 0.76
Epoch [12/100] - [TRAIN] Loss: 0.5226, Accuracy: 75.15%, AUC: 0.75 [VAL] Loss: 0.5101, Accuracy: 76.26%, Precision: 0.77, Recall: 0.72, F1-Score: 0.75, AUC: 0.76
Epoch [13/100] - [TRAIN] Loss: 0.5192, Accuracy: 75.58%, AUC: 0.76 [VAL] Loss: 0.5062, Accuracy: 76.24%, Precision: 0.76, Recall: 0.74, F1-Score: 0.75, AUC: 0.76
Epoch [14/100] - [TRAIN] Loss: 0.5207, Accuracy: 75.39%, AUC: 0.75 [VAL] Loss: 0.5140, Accuracy: 75.72%, Precision: 0.77, Recall: 0.73, F1-Score: 0.75, AUC: 0.76
Epoch [15/100] - [TRAIN] Loss: 0.5207, Accuracy: 75.56%, AUC: 0.76 [VAL] Loss: 0.5082, Accuracy: 75.92%, Precision: 0.77, Recall: 0.73, F1-Score: 0.75, AUC: 0.76
Epoch [16/100] - [TRAIN] Loss: 0.5190, Accuracy: 75.50%, AUC: 0.75 [VAL] Loss: 0.5039, Accuracy: 76.51%, Precision: 0.77, Recall: 0.74, F1-Score: 0.75, AUC: 0.76
Epoch [17/100] - [TRAIN] Loss: 0.5178, Accuracy: 75.62%, AUC: 0.76 [VAL] Loss: 0.5152, Accuracy: 75.95%, Precision: 0.77, Recall: 0.73, F1-Score: 0.75, AUC: 0.76
Epoch [18/100] - [TRAIN] Loss: 0.5190, Accuracy: 75.54%, AUC: 0.75 [VAL] Loss: 0.5078, Accuracy: 76.32%, Precision: 0.77, Recall: 0.72, F1-Score: 0.75, AUC: 0.76
Epoch [19/100] - [TRAIN] Loss: 0.5184, Accuracy: 75.50%, AUC: 0.75 [VAL] Loss: 0.5102, Accuracy: 76.17%, Precision: 0.77, Recall: 0.72, F1-Score: 0.75, AUC: 0.76
Epoch [20/100] - [TRAIN] Loss: 0.5193, Accuracy: 75.38%, AUC: 0.75 [VAL] Loss: 0.5070, Accuracy: 76.25%, Precision: 0.77, Recall: 0.73, F1-Score: 0.75, AUC: 0.76
Epoch [21/100] - [TRAIN] Loss: 0.5205, Accuracy: 75.54%, AUC: 0.75 [VAL] Loss: 0.5127, Accuracy: 75.92%, Precision: 0.77, Recall: 0.72, F1-Score: 0.74, AUC: 0.76
Epoch [22/100] - [TRAIN] Loss: 0.5173, Accuracy: 75.75%, AUC: 0.76 [VAL] Loss: 0.5126, Accuracy: 76.18%, Precision: 0.78, Recall: 0.72, F1-Score: 0.75, AUC: 0.76
Epoch [23/100] - [TRAIN] Loss: 0.5187, Accuracy: 75.50%, AUC: 0.75 [VAL] Loss: 0.5095, Accuracy: 76.15%, Precision: 0.77, Recall: 0.73, F1-Score: 0.75, AUC: 0.76
Epoch [24/100] - [TRAIN] Loss: 0.5196, Accuracy: 75.56%, AUC: 0.75 [VAL] Loss: 0.5085, Accuracy: 75.88%, Precision: 0.77, Recall: 0.71, F1-Score: 0.74, AUC: 0.76
Epoch [25/100] - [TRAIN] Loss: 0.5161, Accuracy: 75.64%, AUC: 0.76 [VAL] Loss: 0.5066, Accuracy: 76.05%, Precision: 0.78, Recall: 0.72, F1-Score: 0.75, AUC: 0.76
Epoch [26/100] - [TRAIN] Loss: 0.5168, Accuracy: 75.61%, AUC: 0.76 [VAL] Loss: 0.5049, Accuracy: 76.99%, Precision: 0.79, Recall: 0.73, F1-Score: 0.76, AUC: 0.77
Epoch [27/100] - [TRAIN] Loss: 0.5162, Accuracy: 75.40%, AUC: 0.75 [VAL] Loss: 0.5168, Accuracy: 75.71%, Precision: 0.77, Recall: 0.72, F1-Score: 0.74, AUC: 0.76
Epoch [28/100] - [TRAIN] Loss: 0.5154, Accuracy: 75.71%, AUC: 0.76 [VAL] Loss: 0.5094, Accuracy: 76.19%, Precision: 0.77, Recall: 0.73, F1-Score: 0.75, AUC: 0.76
Epoch [29/100] - [TRAIN] Loss: 0.5200, Accuracy: 75.39%, AUC: 0.75 [VAL] Loss: 0.5094, Accuracy: 76.22%, Precision: 0.78, Recall: 0.73, F1-Score: 0.75, AUC: 0.76
Epoch [30/100] - [TRAIN] Loss: 0.5123, Accuracy: 75.85%, AUC: 0.76 [VAL] Loss: 0.5154, Accuracy: 75.62%, Precision: 0.77, Recall: 0.72, F1-Score: 0.75, AUC: 0.76
Epoch [31/100] - [TRAIN] Loss: 0.5158, Accuracy: 75.58%, AUC: 0.76 [VAL] Loss: 0.5023, Accuracy: 76.47%, Precision: 0.77, Recall: 0.73, F1-Score: 0.75, AUC: 0.76
Epoch [32/100] - [TRAIN] Loss: 0.5152, Accuracy: 75.65%, AUC: 0.76 [VAL] Loss: 0.5061, Accuracy: 76.48%, Precision: 0.77, Recall: 0.73, F1-Score: 0.75, AUC: 0.76
Epoch [33/100] - [TRAIN] Loss: 0.5164, Accuracy: 75.76%, AUC: 0.76 [VAL] Loss: 0.5072, Accuracy: 76.46%, Precision: 0.77, Recall: 0.74, F1-Score: 0.75, AUC: 0.76
Epoch [34/100] - [TRAIN] Loss: 0.5181, Accuracy: 75.65%, AUC: 0.76 [VAL] Loss: 0.5046, Accuracy: 76.51%, Precision: 0.78, Recall: 0.73, F1-Score: 0.75, AUC: 0.76
Epoch [35/100] - [TRAIN] Loss: 0.5167, Accuracy: 75.56%, AUC: 0.75 [VAL] Loss: 0.5052, Accuracy: 76.75%, Precision: 0.79, Recall: 0.73, F1-Score: 0.76, AUC: 0.77
Epoch [36/100] - [TRAIN] Loss: 0.5166, Accuracy: 75.67%, AUC: 0.76 [VAL] Loss: 0.5027, Accuracy: 76.62%, Precision: 0.78, Recall: 0.73, F1-Score: 0.75, AUC: 0.77
Epoch [37/100] - [TRAIN] Loss: 0.5165, Accuracy: 75.72%, AUC: 0.76 [VAL] Loss: 0.5109, Accuracy: 76.15%, Precision: 0.77, Recall: 0.72, F1-Score: 0.74, AUC: 0.76
Epoch [38/100] - [TRAIN] Loss: 0.5148, Accuracy: 75.68%, AUC: 0.76 [VAL] Loss: 0.5094, Accuracy: 75.86%, Precision: 0.77, Recall: 0.72, F1-Score: 0.74, AUC: 0.76
Epoch [39/100] - [TRAIN] Loss: 0.5186, Accuracy: 75.60%, AUC: 0.76 [VAL] Loss: 0.5100, Accuracy: 75.50%, Precision: 0.76, Recall: 0.72, F1-Score: 0.74, AUC: 0.75
Epoch [40/100] - [TRAIN] Loss: 0.5164, Accuracy: 75.70%, AUC: 0.76 [VAL] Loss: 0.5176, Accuracy: 75.49%, Precision: 0.76, Recall: 0.72, F1-Score: 0.74, AUC: 0.75
Epoch [41/100] - [TRAIN] Loss: 0.5144, Accuracy: 75.62%, AUC: 0.76 [VAL] Loss: 0.5084, Accuracy: 75.87%, Precision: 0.77, Recall: 0.72, F1-Score: 0.75, AUC: 0.76
Epoch [42/100] - [TRAIN] Loss: 0.5191, Accuracy: 75.47%, AUC: 0.75 [VAL] Loss: 0.5129, Accuracy: 75.73%, Precision: 0.77, Recall: 0.71, F1-Score: 0.74, AUC: 0.76
Epoch [43/100] - [TRAIN] Loss: 0.5157, Accuracy: 75.72%, AUC: 0.76 [VAL] Loss: 0.5054, Accuracy: 76.34%, Precision: 0.77, Recall: 0.73, F1-Score: 0.75, AUC: 0.76
Epoch [44/100] - [TRAIN] Loss: 0.5139, Accuracy: 75.72%, AUC: 0.76 [VAL] Loss: 0.5077, Accuracy: 77.01%, Precision: 0.77, Recall: 0.73, F1-Score: 0.75, AUC: 0.77
Epoch [45/100] - [TRAIN] Loss: 0.5191, Accuracy: 75.27%, AUC: 0.75 [VAL] Loss: 0.5102, Accuracy: 75.89%, Precision: 0.77, Recall: 0.73, F1-Score: 0.75, AUC: 0.76
Epoch [46/100] - [TRAIN] Loss: 0.5164, Accuracy: 75.50%, AUC: 0.75 [VAL] Loss: 0.5051, Accuracy: 76.38%, Precision: 0.78, Recall: 0.73, F1-Score: 0.75, AUC: 0.76
Epoch [47/100] - [TRAIN] Loss: 0.5175, Accuracy: 75.70%, AUC: 0.76 [VAL] Loss: 0.5074, Accuracy: 75.81%, Precision: 0.77, Recall: 0.72, F1-Score: 0.74, AUC: 0.76
Epoch [48/100] - [TRAIN] Loss: 0.5182, Accuracy: 75.63%, AUC: 0.76 [VAL] Loss: 0.5052, Accuracy: 76.12%, Precision: 0.78, Recall: 0.73, F1-Score: 0.75, AUC: 0.76
Epoch [49/100] - [TRAIN] Loss: 0.5141, Accuracy: 75.67%, AUC: 0.76 [VAL] Loss: 0.4967, Accuracy: 77.12%, Precision: 0.78, Recall: 0.74, F1-Score: 0.76, AUC: 0.77
Epoch [50/100] - [TRAIN] Loss: 0.5167, Accuracy: 75.75%, AUC: 0.76 [VAL] Loss: 0.5058, Accuracy: 76.10%, Precision: 0.77, Recall: 0.73, F1-Score: 0.75, AUC: 0.76
Epoch [51/100] - [TRAIN] Loss: 0.5175, Accuracy: 75.33%, AUC: 0.75 [VAL] Loss: 0.5030, Accuracy: 76.19%, Precision: 0.78, Recall: 0.72, F1-Score: 0.75, AUC: 0.76
Epoch [52/100] - [TRAIN] Loss: 0.5181, Accuracy: 75.53%, AUC: 0.75 [VAL] Loss: 0.5038, Accuracy: 76.95%, Precision: 0.77, Recall: 0.73, F1-Score: 0.75, AUC: 0.77
Epoch [53/100] - [TRAIN] Loss: 0.5164, Accuracy: 75.53%, AUC: 0.75 [VAL] Loss: 0.5135, Accuracy: 75.80%, Precision: 0.77, Recall: 0.73, F1-Score: 0.75, AUC: 0.76
Epoch [54/100] - [TRAIN] Loss: 0.5176, Accuracy: 75.60%, AUC: 0.76 [VAL] Loss: 0.5072, Accuracy: 76.25%, Precision: 0.77, Recall: 0.73, F1-Score: 0.75, AUC: 0.76
Epoch [55/100] - [TRAIN] Loss: 0.5163, Accuracy: 75.73%, AUC: 0.76 [VAL] Loss: 0.5190, Accuracy: 75.27%, Precision: 0.76, Recall: 0.71, F1-Score: 0.74, AUC: 0.75
Epoch [56/100] - [TRAIN] Loss: 0.5166, Accuracy: 75.66%, AUC: 0.76 [VAL] Loss: 0.5095, Accuracy: 75.98%, Precision: 0.77, Recall: 0.73, F1-Score: 0.75, AUC: 0.76
Epoch [57/100] - [TRAIN] Loss: 0.5222, Accuracy: 75.36%, AUC: 0.75 [VAL] Loss: 0.5071, Accuracy: 76.50%, Precision: 0.78, Recall: 0.73, F1-Score: 0.76, AUC: 0.76
Epoch [58/100] - [TRAIN] Loss: 0.5190, Accuracy: 75.48%, AUC: 0.75 [VAL] Loss: 0.5130, Accuracy: 75.89%, Precision: 0.77, Recall: 0.73, F1-Score: 0.75, AUC: 0.76
Epoch [59/100] - [TRAIN] Loss: 0.5169, Accuracy: 75.69%, AUC: 0.76 [VAL] Loss: 0.5146, Accuracy: 76.05%, Precision: 0.77, Recall: 0.72, F1-Score: 0.75, AUC: 0.76
Epoch [60/100] - [TRAIN] Loss: 0.5195, Accuracy: 75.38%, AUC: 0.75 [VAL] Loss: 0.5044, Accuracy: 76.97%, Precision: 0.78, Recall: 0.73, F1-Score: 0.76, AUC: 0.77
Epoch [61/100] - [TRAIN] Loss: 0.5184, Accuracy: 75.42%, AUC: 0.75 [VAL] Loss: 0.5100, Accuracy: 76.08%, Precision: 0.77, Recall: 0.72, F1-Score: 0.74, AUC: 0.76
Epoch [62/100] - [TRAIN] Loss: 0.5182, Accuracy: 75.68%, AUC: 0.76 [VAL] Loss: 0.5035, Accuracy: 76.56%, Precision: 0.77, Recall: 0.74, F1-Score: 0.75, AUC: 0.76
Epoch [63/100] - [TRAIN] Loss: 0.5187, Accuracy: 75.41%, AUC: 0.75 [VAL] Loss: 0.5112, Accuracy: 75.78%, Precision: 0.76, Recall: 0.72, F1-Score: 0.74, AUC: 0.76
Epoch [64/100] - [TRAIN] Loss: 0.5189, Accuracy: 75.51%, AUC: 0.75 [VAL] Loss: 0.5178, Accuracy: 75.20%, Precision: 0.76, Recall: 0.72, F1-Score: 0.74, AUC: 0.75
Epoch [65/100] - [TRAIN] Loss: 0.5198, Accuracy: 75.23%, AUC: 0.75 [VAL] Loss: 0.5066, Accuracy: 76.46%, Precision: 0.78, Recall: 0.73, F1-Score: 0.75, AUC: 0.76
Epoch [66/100] - [TRAIN] Loss: 0.5158, Accuracy: 75.76%, AUC: 0.76 [VAL] Loss: 0.5026, Accuracy: 76.09%, Precision: 0.78, Recall: 0.72, F1-Score: 0.75, AUC: 0.76
Epoch [67/100] - [TRAIN] Loss: 0.5176, Accuracy: 75.62%, AUC: 0.76 [VAL] Loss: 0.5066, Accuracy: 76.15%, Precision: 0.77, Recall: 0.72, F1-Score: 0.75, AUC: 0.76
Epoch [68/100] - [TRAIN] Loss: 0.5171, Accuracy: 75.67%, AUC: 0.76 [VAL] Loss: 0.5025, Accuracy: 76.48%, Precision: 0.78, Recall: 0.73, F1-Score: 0.75, AUC: 0.76
Epoch [69/100] - [TRAIN] Loss: 0.5139, Accuracy: 75.83%, AUC: 0.76 [VAL] Loss: 0.5085, Accuracy: 76.31%, Precision: 0.76, Recall: 0.74, F1-Score: 0.75, AUC: 0.76
Epoch [70/100] - [TRAIN] Loss: 0.5172, Accuracy: 75.61%, AUC: 0.76 [VAL] Loss: 0.5014, Accuracy: 77.09%, Precision: 0.77, Recall: 0.73, F1-Score: 0.75, AUC: 0.77
Epoch [71/100] - [TRAIN] Loss: 0.5153, Accuracy: 75.59%, AUC: 0.76 [VAL] Loss: 0.5083, Accuracy: 76.30%, Precision: 0.78, Recall: 0.72, F1-Score: 0.75, AUC: 0.76
Epoch [72/100] - [TRAIN] Loss: 0.5178, Accuracy: 75.51%, AUC: 0.75 [VAL] Loss: 0.5071, Accuracy: 76.16%, Precision: 0.78, Recall: 0.72, F1-Score: 0.75, AUC: 0.76
Epoch [73/100] - [TRAIN] Loss: 0.5156, Accuracy: 75.84%, AUC: 0.76 [VAL] Loss: 0.5058, Accuracy: 76.61%, Precision: 0.78, Recall: 0.73, F1-Score: 0.75, AUC: 0.77
Epoch [74/100] - [TRAIN] Loss: 0.5205, Accuracy: 75.53%, AUC: 0.75 [VAL] Loss: 0.5061, Accuracy: 75.94%, Precision: 0.77, Recall: 0.72, F1-Score: 0.75, AUC: 0.76
Epoch [75/100] - [TRAIN] Loss: 0.5147, Accuracy: 75.62%, AUC: 0.76 [VAL] Loss: 0.5119, Accuracy: 75.42%, Precision: 0.77, Recall: 0.72, F1-Score: 0.74, AUC: 0.75
Epoch [76/100] - [TRAIN] Loss: 0.5169, Accuracy: 75.71%, AUC: 0.76 [VAL] Loss: 0.5112, Accuracy: 76.56%, Precision: 0.77, Recall: 0.74, F1-Score: 0.76, AUC: 0.77
Epoch [77/100] - [TRAIN] Loss: 0.5175, Accuracy: 75.50%, AUC: 0.75 [VAL] Loss: 0.5149, Accuracy: 75.77%, Precision: 0.76, Recall: 0.72, F1-Score: 0.74, AUC: 0.76
Epoch [78/100] - [TRAIN] Loss: 0.5176, Accuracy: 75.50%, AUC: 0.75 [VAL] Loss: 0.5065, Accuracy: 76.30%, Precision: 0.78, Recall: 0.73, F1-Score: 0.75, AUC: 0.76
Epoch [79/100] - [TRAIN] Loss: 0.5202, Accuracy: 75.32%, AUC: 0.75 [VAL] Loss: 0.4977, Accuracy: 76.88%, Precision: 0.78, Recall: 0.73, F1-Score: 0.75, AUC: 0.77
Epoch [80/100] - [TRAIN] Loss: 0.5168, Accuracy: 75.78%, AUC: 0.76 [VAL] Loss: 0.5128, Accuracy: 75.61%, Precision: 0.76, Recall: 0.73, F1-Score: 0.74, AUC: 0.76
Epoch [81/100] - [TRAIN] Loss: 0.5149, Accuracy: 75.77%, AUC: 0.76 [VAL] Loss: 0.5084, Accuracy: 76.55%, Precision: 0.77, Recall: 0.73, F1-Score: 0.75, AUC: 0.76
Epoch [82/100] - [TRAIN] Loss: 0.5178, Accuracy: 75.53%, AUC: 0.75 [VAL] Loss: 0.5062, Accuracy: 76.36%, Precision: 0.78, Recall: 0.72, F1-Score: 0.75, AUC: 0.76
Epoch [83/100] - [TRAIN] Loss: 0.5180, Accuracy: 75.52%, AUC: 0.75 [VAL] Loss: 0.5048, Accuracy: 76.25%, Precision: 0.77, Recall: 0.72, F1-Score: 0.75, AUC: 0.76
Epoch [84/100] - [TRAIN] Loss: 0.5194, Accuracy: 75.57%, AUC: 0.76 [VAL] Loss: 0.5073, Accuracy: 76.38%, Precision: 0.78, Recall: 0.73, F1-Score: 0.75, AUC: 0.76
Epoch [85/100] - [TRAIN] Loss: 0.5167, Accuracy: 75.76%, AUC: 0.76 [VAL] Loss: 0.5064, Accuracy: 76.56%, Precision: 0.78, Recall: 0.72, F1-Score: 0.75, AUC: 0.76
Epoch [86/100] - [TRAIN] Loss: 0.5146, Accuracy: 75.71%, AUC: 0.76 [VAL] Loss: 0.4996, Accuracy: 76.40%, Precision: 0.78, Recall: 0.72, F1-Score: 0.75, AUC: 0.76
Epoch [87/100] - [TRAIN] Loss: 0.5165, Accuracy: 75.58%, AUC: 0.76 [VAL] Loss: 0.5121, Accuracy: 76.06%, Precision: 0.78, Recall: 0.72, F1-Score: 0.75, AUC: 0.76
Epoch [88/100] - [TRAIN] Loss: 0.5173, Accuracy: 75.43%, AUC: 0.75 [VAL] Loss: 0.5064, Accuracy: 76.69%, Precision: 0.77, Recall: 0.73, F1-Score: 0.75, AUC: 0.77
Epoch [89/100] - [TRAIN] Loss: 0.5175, Accuracy: 75.68%, AUC: 0.76 [VAL] Loss: 0.5093, Accuracy: 76.42%, Precision: 0.76, Recall: 0.73, F1-Score: 0.75, AUC: 0.76
Epoch [90/100] - [TRAIN] Loss: 0.5181, Accuracy: 75.19%, AUC: 0.75 [VAL] Loss: 0.5075, Accuracy: 76.26%, Precision: 0.77, Recall: 0.73, F1-Score: 0.75, AUC: 0.76
Epoch [91/100] - [TRAIN] Loss: 0.5189, Accuracy: 75.69%, AUC: 0.76 [VAL] Loss: 0.5050, Accuracy: 76.31%, Precision: 0.77, Recall: 0.73, F1-Score: 0.75, AUC: 0.76
Epoch [92/100] - [TRAIN] Loss: 0.5157, Accuracy: 75.58%, AUC: 0.76 [VAL] Loss: 0.5070, Accuracy: 76.59%, Precision: 0.77, Recall: 0.73, F1-Score: 0.75, AUC: 0.76
Epoch [93/100] - [TRAIN] Loss: 0.5170, Accuracy: 75.62%, AUC: 0.76 [VAL] Loss: 0.5098, Accuracy: 75.87%, Precision: 0.77, Recall: 0.73, F1-Score: 0.75, AUC: 0.76
Epoch [94/100] - [TRAIN] Loss: 0.5168, Accuracy: 75.73%, AUC: 0.76 [VAL] Loss: 0.5044, Accuracy: 76.58%, Precision: 0.77, Recall: 0.74, F1-Score: 0.76, AUC: 0.77
Epoch [95/100] - [TRAIN] Loss: 0.5149, Accuracy: 75.66%, AUC: 0.76 [VAL] Loss: 0.5051, Accuracy: 76.70%, Precision: 0.77, Recall: 0.73, F1-Score: 0.75, AUC: 0.77
Epoch [96/100] - [TRAIN] Loss: 0.5167, Accuracy: 75.58%, AUC: 0.76 [VAL] Loss: 0.5118, Accuracy: 75.94%, Precision: 0.76, Recall: 0.73, F1-Score: 0.75, AUC: 0.76
Epoch [97/100] - [TRAIN] Loss: 0.5165, Accuracy: 75.69%, AUC: 0.76 [VAL] Loss: 0.5090, Accuracy: 76.50%, Precision: 0.77, Recall: 0.73, F1-Score: 0.75, AUC: 0.76
Epoch [98/100] - [TRAIN] Loss: 0.5218, Accuracy: 75.34%, AUC: 0.75 [VAL] Loss: 0.5062, Accuracy: 76.13%, Precision: 0.78, Recall: 0.72, F1-Score: 0.75, AUC: 0.76
Epoch [99/100] - [TRAIN] Loss: 0.5146, Accuracy: 75.66%, AUC: 0.76 [VAL] Loss: 0.5086, Accuracy: 76.45%, Precision: 0.77, Recall: 0.73, F1-Score: 0.75, AUC: 0.76
Epoch [100/100] - [TRAIN] Loss: 0.5165, Accuracy: 75.74%, AUC: 0.76 [VAL] Loss: 0.5084, Accuracy: 75.67%, Precision: 0.77, Recall: 0.71, F1-Score: 0.74, AUC: 0.76
Accuracy Score on test set: 76.25 %
    AUC Score on test set: 0.76
    Precision: 0.7759
    Recall: 0.7275
    F1-Score: 0.7509

    Detailed Classification Report:
                  precision    recall  f1-score   support

           0       0.75      0.80      0.77      5079
           1       0.78      0.73      0.75      4921

    accuracy                           0.76     10000
   macro avg       0.76      0.76      0.76     10000
weighted avg       0.76      0.76      0.76     10000


    Confusion Matrix:
    [[4045 1034]
 [1341 3580]]
    
027-H3K4me3-H3K9ac-H3K27ac-H3K27me3
Epoch [1/100] - [TRAIN] Loss: 0.5678, Accuracy: 74.01%, AUC: 0.74 [VAL] Loss: 0.5179, Accuracy: 76.50%, Precision: 0.77, Recall: 0.74, F1-Score: 0.76, AUC: 0.76
Epoch [2/100] - [TRAIN] Loss: 0.5364, Accuracy: 75.03%, AUC: 0.75 [VAL] Loss: 0.5172, Accuracy: 76.40%, Precision: 0.77, Recall: 0.74, F1-Score: 0.75, AUC: 0.76
Epoch [3/100] - [TRAIN] Loss: 0.5234, Accuracy: 75.73%, AUC: 0.76 [VAL] Loss: 0.5136, Accuracy: 76.39%, Precision: 0.77, Recall: 0.74, F1-Score: 0.75, AUC: 0.76
Epoch [4/100] - [TRAIN] Loss: 0.5225, Accuracy: 75.81%, AUC: 0.76 [VAL] Loss: 0.5000, Accuracy: 77.18%, Precision: 0.78, Recall: 0.75, F1-Score: 0.76, AUC: 0.77
Epoch [5/100] - [TRAIN] Loss: 0.5239, Accuracy: 75.67%, AUC: 0.76 [VAL] Loss: 0.5114, Accuracy: 76.32%, Precision: 0.76, Recall: 0.74, F1-Score: 0.75, AUC: 0.76
Epoch [6/100] - [TRAIN] Loss: 0.5175, Accuracy: 75.95%, AUC: 0.76 [VAL] Loss: 0.5050, Accuracy: 76.73%, Precision: 0.79, Recall: 0.73, F1-Score: 0.76, AUC: 0.77
Epoch [7/100] - [TRAIN] Loss: 0.5190, Accuracy: 75.91%, AUC: 0.76 [VAL] Loss: 0.5042, Accuracy: 76.81%, Precision: 0.77, Recall: 0.75, F1-Score: 0.76, AUC: 0.77
Epoch [8/100] - [TRAIN] Loss: 0.5157, Accuracy: 75.97%, AUC: 0.76 [VAL] Loss: 0.5077, Accuracy: 76.16%, Precision: 0.78, Recall: 0.72, F1-Score: 0.75, AUC: 0.76
Epoch [9/100] - [TRAIN] Loss: 0.5173, Accuracy: 75.95%, AUC: 0.76 [VAL] Loss: 0.4965, Accuracy: 76.65%, Precision: 0.77, Recall: 0.75, F1-Score: 0.76, AUC: 0.77
Epoch [10/100] - [TRAIN] Loss: 0.5176, Accuracy: 75.79%, AUC: 0.76 [VAL] Loss: 0.5075, Accuracy: 76.67%, Precision: 0.78, Recall: 0.73, F1-Score: 0.76, AUC: 0.77
Epoch [11/100] - [TRAIN] Loss: 0.5149, Accuracy: 75.93%, AUC: 0.76 [VAL] Loss: 0.5004, Accuracy: 76.80%, Precision: 0.78, Recall: 0.74, F1-Score: 0.76, AUC: 0.77
Epoch [12/100] - [TRAIN] Loss: 0.5165, Accuracy: 75.77%, AUC: 0.76 [VAL] Loss: 0.4968, Accuracy: 77.07%, Precision: 0.78, Recall: 0.74, F1-Score: 0.76, AUC: 0.77
Epoch [13/100] - [TRAIN] Loss: 0.5163, Accuracy: 75.86%, AUC: 0.76 [VAL] Loss: 0.5045, Accuracy: 76.69%, Precision: 0.78, Recall: 0.72, F1-Score: 0.75, AUC: 0.77
Epoch [14/100] - [TRAIN] Loss: 0.5148, Accuracy: 75.84%, AUC: 0.76 [VAL] Loss: 0.4930, Accuracy: 77.44%, Precision: 0.78, Recall: 0.74, F1-Score: 0.76, AUC: 0.77
Epoch [15/100] - [TRAIN] Loss: 0.5122, Accuracy: 76.22%, AUC: 0.76 [VAL] Loss: 0.5043, Accuracy: 76.70%, Precision: 0.78, Recall: 0.72, F1-Score: 0.75, AUC: 0.77
Epoch [16/100] - [TRAIN] Loss: 0.5111, Accuracy: 76.10%, AUC: 0.76 [VAL] Loss: 0.4984, Accuracy: 77.08%, Precision: 0.76, Recall: 0.75, F1-Score: 0.76, AUC: 0.77
Epoch [17/100] - [TRAIN] Loss: 0.5136, Accuracy: 75.92%, AUC: 0.76 [VAL] Loss: 0.4927, Accuracy: 77.30%, Precision: 0.79, Recall: 0.74, F1-Score: 0.76, AUC: 0.77
Epoch [18/100] - [TRAIN] Loss: 0.5122, Accuracy: 76.16%, AUC: 0.76 [VAL] Loss: 0.5019, Accuracy: 76.93%, Precision: 0.78, Recall: 0.74, F1-Score: 0.76, AUC: 0.77
Epoch [19/100] - [TRAIN] Loss: 0.5142, Accuracy: 75.98%, AUC: 0.76 [VAL] Loss: 0.5010, Accuracy: 76.77%, Precision: 0.78, Recall: 0.75, F1-Score: 0.76, AUC: 0.77
Epoch [20/100] - [TRAIN] Loss: 0.5124, Accuracy: 76.05%, AUC: 0.76 [VAL] Loss: 0.5020, Accuracy: 76.75%, Precision: 0.77, Recall: 0.74, F1-Score: 0.75, AUC: 0.77
Epoch [21/100] - [TRAIN] Loss: 0.5121, Accuracy: 76.09%, AUC: 0.76 [VAL] Loss: 0.5037, Accuracy: 76.52%, Precision: 0.78, Recall: 0.72, F1-Score: 0.75, AUC: 0.76
Epoch [22/100] - [TRAIN] Loss: 0.5103, Accuracy: 76.00%, AUC: 0.76 [VAL] Loss: 0.5038, Accuracy: 76.85%, Precision: 0.78, Recall: 0.74, F1-Score: 0.76, AUC: 0.77
Epoch [23/100] - [TRAIN] Loss: 0.5131, Accuracy: 75.94%, AUC: 0.76 [VAL] Loss: 0.5023, Accuracy: 76.66%, Precision: 0.78, Recall: 0.71, F1-Score: 0.75, AUC: 0.76
Epoch [24/100] - [TRAIN] Loss: 0.5112, Accuracy: 76.20%, AUC: 0.76 [VAL] Loss: 0.4938, Accuracy: 77.42%, Precision: 0.78, Recall: 0.75, F1-Score: 0.76, AUC: 0.77
Epoch [25/100] - [TRAIN] Loss: 0.5094, Accuracy: 76.16%, AUC: 0.76 [VAL] Loss: 0.4998, Accuracy: 76.68%, Precision: 0.77, Recall: 0.73, F1-Score: 0.75, AUC: 0.77
Epoch [26/100] - [TRAIN] Loss: 0.5085, Accuracy: 76.13%, AUC: 0.76 [VAL] Loss: 0.4930, Accuracy: 76.88%, Precision: 0.77, Recall: 0.73, F1-Score: 0.75, AUC: 0.77
Epoch [27/100] - [TRAIN] Loss: 0.5107, Accuracy: 76.05%, AUC: 0.76 [VAL] Loss: 0.5075, Accuracy: 76.38%, Precision: 0.76, Recall: 0.73, F1-Score: 0.75, AUC: 0.76
Epoch [28/100] - [TRAIN] Loss: 0.5091, Accuracy: 76.05%, AUC: 0.76 [VAL] Loss: 0.4942, Accuracy: 77.39%, Precision: 0.78, Recall: 0.75, F1-Score: 0.77, AUC: 0.77
Epoch [29/100] - [TRAIN] Loss: 0.5082, Accuracy: 76.45%, AUC: 0.76 [VAL] Loss: 0.5042, Accuracy: 76.79%, Precision: 0.77, Recall: 0.73, F1-Score: 0.75, AUC: 0.77
Epoch [30/100] - [TRAIN] Loss: 0.5095, Accuracy: 76.22%, AUC: 0.76 [VAL] Loss: 0.5034, Accuracy: 76.58%, Precision: 0.77, Recall: 0.73, F1-Score: 0.75, AUC: 0.76
Epoch [31/100] - [TRAIN] Loss: 0.5096, Accuracy: 76.29%, AUC: 0.76 [VAL] Loss: 0.4989, Accuracy: 76.99%, Precision: 0.78, Recall: 0.74, F1-Score: 0.76, AUC: 0.77
Epoch [32/100] - [TRAIN] Loss: 0.5114, Accuracy: 76.13%, AUC: 0.76 [VAL] Loss: 0.5021, Accuracy: 77.02%, Precision: 0.78, Recall: 0.74, F1-Score: 0.76, AUC: 0.77
Epoch [33/100] - [TRAIN] Loss: 0.5112, Accuracy: 76.16%, AUC: 0.76 [VAL] Loss: 0.5011, Accuracy: 76.46%, Precision: 0.78, Recall: 0.72, F1-Score: 0.75, AUC: 0.76
Epoch [34/100] - [TRAIN] Loss: 0.5116, Accuracy: 76.02%, AUC: 0.76 [VAL] Loss: 0.4869, Accuracy: 77.56%, Precision: 0.79, Recall: 0.74, F1-Score: 0.76, AUC: 0.77
Epoch [35/100] - [TRAIN] Loss: 0.5103, Accuracy: 76.40%, AUC: 0.76 [VAL] Loss: 0.5064, Accuracy: 76.51%, Precision: 0.77, Recall: 0.74, F1-Score: 0.75, AUC: 0.76
Epoch [36/100] - [TRAIN] Loss: 0.5105, Accuracy: 76.26%, AUC: 0.76 [VAL] Loss: 0.5043, Accuracy: 76.47%, Precision: 0.77, Recall: 0.73, F1-Score: 0.75, AUC: 0.76
Epoch [37/100] - [TRAIN] Loss: 0.5108, Accuracy: 76.18%, AUC: 0.76 [VAL] Loss: 0.4979, Accuracy: 77.21%, Precision: 0.78, Recall: 0.74, F1-Score: 0.76, AUC: 0.77
Epoch [38/100] - [TRAIN] Loss: 0.5126, Accuracy: 75.95%, AUC: 0.76 [VAL] Loss: 0.5119, Accuracy: 76.56%, Precision: 0.78, Recall: 0.73, F1-Score: 0.75, AUC: 0.76
Epoch [39/100] - [TRAIN] Loss: 0.5082, Accuracy: 76.45%, AUC: 0.76 [VAL] Loss: 0.5017, Accuracy: 76.66%, Precision: 0.77, Recall: 0.74, F1-Score: 0.75, AUC: 0.77
Epoch [40/100] - [TRAIN] Loss: 0.5114, Accuracy: 76.17%, AUC: 0.76 [VAL] Loss: 0.5002, Accuracy: 76.38%, Precision: 0.78, Recall: 0.73, F1-Score: 0.75, AUC: 0.76
Epoch [41/100] - [TRAIN] Loss: 0.5115, Accuracy: 76.18%, AUC: 0.76 [VAL] Loss: 0.5050, Accuracy: 76.77%, Precision: 0.78, Recall: 0.73, F1-Score: 0.76, AUC: 0.77
Epoch [42/100] - [TRAIN] Loss: 0.5104, Accuracy: 76.28%, AUC: 0.76 [VAL] Loss: 0.4969, Accuracy: 77.37%, Precision: 0.79, Recall: 0.74, F1-Score: 0.77, AUC: 0.77
Epoch [43/100] - [TRAIN] Loss: 0.5099, Accuracy: 76.14%, AUC: 0.76 [VAL] Loss: 0.4918, Accuracy: 77.26%, Precision: 0.79, Recall: 0.74, F1-Score: 0.76, AUC: 0.77
Epoch [44/100] - [TRAIN] Loss: 0.5091, Accuracy: 76.13%, AUC: 0.76 [VAL] Loss: 0.4994, Accuracy: 76.61%, Precision: 0.78, Recall: 0.73, F1-Score: 0.75, AUC: 0.77
Epoch [45/100] - [TRAIN] Loss: 0.5068, Accuracy: 76.38%, AUC: 0.76 [VAL] Loss: 0.5012, Accuracy: 76.86%, Precision: 0.78, Recall: 0.74, F1-Score: 0.75, AUC: 0.77
Epoch [46/100] - [TRAIN] Loss: 0.5097, Accuracy: 76.37%, AUC: 0.76 [VAL] Loss: 0.4982, Accuracy: 77.17%, Precision: 0.79, Recall: 0.74, F1-Score: 0.76, AUC: 0.77
Epoch [47/100] - [TRAIN] Loss: 0.5077, Accuracy: 76.14%, AUC: 0.76 [VAL] Loss: 0.4996, Accuracy: 76.89%, Precision: 0.77, Recall: 0.74, F1-Score: 0.75, AUC: 0.77
Epoch [48/100] - [TRAIN] Loss: 0.5088, Accuracy: 76.21%, AUC: 0.76 [VAL] Loss: 0.4989, Accuracy: 77.12%, Precision: 0.78, Recall: 0.73, F1-Score: 0.76, AUC: 0.77
Epoch [49/100] - [TRAIN] Loss: 0.5092, Accuracy: 76.09%, AUC: 0.76 [VAL] Loss: 0.5035, Accuracy: 76.96%, Precision: 0.78, Recall: 0.73, F1-Score: 0.75, AUC: 0.77
Epoch [50/100] - [TRAIN] Loss: 0.5091, Accuracy: 76.28%, AUC: 0.76 [VAL] Loss: 0.4934, Accuracy: 77.39%, Precision: 0.78, Recall: 0.74, F1-Score: 0.76, AUC: 0.77
Epoch [51/100] - [TRAIN] Loss: 0.5110, Accuracy: 76.11%, AUC: 0.76 [VAL] Loss: 0.5008, Accuracy: 76.51%, Precision: 0.78, Recall: 0.73, F1-Score: 0.75, AUC: 0.76
Epoch [52/100] - [TRAIN] Loss: 0.5102, Accuracy: 76.04%, AUC: 0.76 [VAL] Loss: 0.5002, Accuracy: 77.27%, Precision: 0.78, Recall: 0.74, F1-Score: 0.76, AUC: 0.77
Epoch [53/100] - [TRAIN] Loss: 0.5089, Accuracy: 76.14%, AUC: 0.76 [VAL] Loss: 0.5048, Accuracy: 76.82%, Precision: 0.78, Recall: 0.73, F1-Score: 0.76, AUC: 0.77
Epoch [54/100] - [TRAIN] Loss: 0.5086, Accuracy: 76.26%, AUC: 0.76 [VAL] Loss: 0.5036, Accuracy: 76.21%, Precision: 0.77, Recall: 0.73, F1-Score: 0.75, AUC: 0.76
Epoch [55/100] - [TRAIN] Loss: 0.5091, Accuracy: 75.99%, AUC: 0.76 [VAL] Loss: 0.5020, Accuracy: 76.76%, Precision: 0.78, Recall: 0.74, F1-Score: 0.76, AUC: 0.77
Epoch [56/100] - [TRAIN] Loss: 0.5115, Accuracy: 76.05%, AUC: 0.76 [VAL] Loss: 0.5051, Accuracy: 76.65%, Precision: 0.77, Recall: 0.73, F1-Score: 0.75, AUC: 0.77
Epoch [57/100] - [TRAIN] Loss: 0.5095, Accuracy: 76.10%, AUC: 0.76 [VAL] Loss: 0.4975, Accuracy: 76.65%, Precision: 0.78, Recall: 0.73, F1-Score: 0.75, AUC: 0.77
Epoch [58/100] - [TRAIN] Loss: 0.5110, Accuracy: 76.11%, AUC: 0.76 [VAL] Loss: 0.5042, Accuracy: 76.45%, Precision: 0.78, Recall: 0.73, F1-Score: 0.75, AUC: 0.76
Epoch [59/100] - [TRAIN] Loss: 0.5099, Accuracy: 76.08%, AUC: 0.76 [VAL] Loss: 0.5039, Accuracy: 76.06%, Precision: 0.77, Recall: 0.72, F1-Score: 0.74, AUC: 0.76
Epoch [60/100] - [TRAIN] Loss: 0.5094, Accuracy: 76.16%, AUC: 0.76 [VAL] Loss: 0.4994, Accuracy: 76.84%, Precision: 0.78, Recall: 0.73, F1-Score: 0.76, AUC: 0.77
Epoch [61/100] - [TRAIN] Loss: 0.5114, Accuracy: 76.17%, AUC: 0.76 [VAL] Loss: 0.4978, Accuracy: 76.61%, Precision: 0.78, Recall: 0.73, F1-Score: 0.75, AUC: 0.77
Epoch [62/100] - [TRAIN] Loss: 0.5143, Accuracy: 75.87%, AUC: 0.76 [VAL] Loss: 0.5078, Accuracy: 75.99%, Precision: 0.77, Recall: 0.73, F1-Score: 0.75, AUC: 0.76
Epoch [63/100] - [TRAIN] Loss: 0.5109, Accuracy: 76.20%, AUC: 0.76 [VAL] Loss: 0.5005, Accuracy: 77.13%, Precision: 0.77, Recall: 0.74, F1-Score: 0.75, AUC: 0.77
Epoch [64/100] - [TRAIN] Loss: 0.5110, Accuracy: 76.21%, AUC: 0.76 [VAL] Loss: 0.5006, Accuracy: 76.38%, Precision: 0.78, Recall: 0.73, F1-Score: 0.75, AUC: 0.76
Epoch [65/100] - [TRAIN] Loss: 0.5077, Accuracy: 76.22%, AUC: 0.76 [VAL] Loss: 0.5108, Accuracy: 75.84%, Precision: 0.78, Recall: 0.72, F1-Score: 0.75, AUC: 0.76
Epoch [66/100] - [TRAIN] Loss: 0.5108, Accuracy: 76.03%, AUC: 0.76 [VAL] Loss: 0.4925, Accuracy: 77.63%, Precision: 0.78, Recall: 0.75, F1-Score: 0.76, AUC: 0.78
Epoch [67/100] - [TRAIN] Loss: 0.5078, Accuracy: 76.39%, AUC: 0.76 [VAL] Loss: 0.5061, Accuracy: 76.56%, Precision: 0.78, Recall: 0.73, F1-Score: 0.75, AUC: 0.76
Epoch [68/100] - [TRAIN] Loss: 0.5111, Accuracy: 76.15%, AUC: 0.76 [VAL] Loss: 0.5020, Accuracy: 76.45%, Precision: 0.78, Recall: 0.73, F1-Score: 0.75, AUC: 0.76
Epoch [69/100] - [TRAIN] Loss: 0.5126, Accuracy: 75.79%, AUC: 0.76 [VAL] Loss: 0.4982, Accuracy: 76.58%, Precision: 0.77, Recall: 0.73, F1-Score: 0.75, AUC: 0.76
Epoch [70/100] - [TRAIN] Loss: 0.5091, Accuracy: 76.23%, AUC: 0.76 [VAL] Loss: 0.5032, Accuracy: 76.30%, Precision: 0.78, Recall: 0.72, F1-Score: 0.75, AUC: 0.76
Epoch [71/100] - [TRAIN] Loss: 0.5075, Accuracy: 76.34%, AUC: 0.76 [VAL] Loss: 0.5006, Accuracy: 76.79%, Precision: 0.77, Recall: 0.73, F1-Score: 0.75, AUC: 0.77
Epoch [72/100] - [TRAIN] Loss: 0.5113, Accuracy: 76.16%, AUC: 0.76 [VAL] Loss: 0.5023, Accuracy: 77.24%, Precision: 0.78, Recall: 0.73, F1-Score: 0.75, AUC: 0.77
Epoch [73/100] - [TRAIN] Loss: 0.5086, Accuracy: 76.37%, AUC: 0.76 [VAL] Loss: 0.5090, Accuracy: 76.25%, Precision: 0.78, Recall: 0.72, F1-Score: 0.75, AUC: 0.76
Epoch [74/100] - [TRAIN] Loss: 0.5094, Accuracy: 76.17%, AUC: 0.76 [VAL] Loss: 0.4976, Accuracy: 77.21%, Precision: 0.79, Recall: 0.73, F1-Score: 0.76, AUC: 0.77
Epoch [75/100] - [TRAIN] Loss: 0.5144, Accuracy: 75.91%, AUC: 0.76 [VAL] Loss: 0.4971, Accuracy: 77.32%, Precision: 0.79, Recall: 0.74, F1-Score: 0.76, AUC: 0.77
Epoch [76/100] - [TRAIN] Loss: 0.5116, Accuracy: 75.97%, AUC: 0.76 [VAL] Loss: 0.4989, Accuracy: 76.89%, Precision: 0.77, Recall: 0.74, F1-Score: 0.75, AUC: 0.77
Epoch [77/100] - [TRAIN] Loss: 0.5095, Accuracy: 76.22%, AUC: 0.76 [VAL] Loss: 0.5031, Accuracy: 76.66%, Precision: 0.78, Recall: 0.73, F1-Score: 0.75, AUC: 0.77
Epoch [78/100] - [TRAIN] Loss: 0.5137, Accuracy: 75.94%, AUC: 0.76 [VAL] Loss: 0.5002, Accuracy: 76.72%, Precision: 0.78, Recall: 0.73, F1-Score: 0.75, AUC: 0.77
Epoch [79/100] - [TRAIN] Loss: 0.5113, Accuracy: 75.92%, AUC: 0.76 [VAL] Loss: 0.5019, Accuracy: 76.58%, Precision: 0.78, Recall: 0.73, F1-Score: 0.76, AUC: 0.77
Epoch [80/100] - [TRAIN] Loss: 0.5101, Accuracy: 76.28%, AUC: 0.76 [VAL] Loss: 0.5018, Accuracy: 76.89%, Precision: 0.78, Recall: 0.73, F1-Score: 0.76, AUC: 0.77
Epoch [81/100] - [TRAIN] Loss: 0.5082, Accuracy: 76.54%, AUC: 0.76 [VAL] Loss: 0.5065, Accuracy: 76.41%, Precision: 0.77, Recall: 0.72, F1-Score: 0.75, AUC: 0.76
Epoch [82/100] - [TRAIN] Loss: 0.5104, Accuracy: 76.10%, AUC: 0.76 [VAL] Loss: 0.4976, Accuracy: 76.91%, Precision: 0.78, Recall: 0.73, F1-Score: 0.76, AUC: 0.77
Epoch [83/100] - [TRAIN] Loss: 0.5116, Accuracy: 76.11%, AUC: 0.76 [VAL] Loss: 0.5080, Accuracy: 76.45%, Precision: 0.77, Recall: 0.73, F1-Score: 0.75, AUC: 0.76
Epoch [84/100] - [TRAIN] Loss: 0.5083, Accuracy: 76.18%, AUC: 0.76 [VAL] Loss: 0.5018, Accuracy: 77.25%, Precision: 0.79, Recall: 0.74, F1-Score: 0.76, AUC: 0.77
Epoch [85/100] - [TRAIN] Loss: 0.5112, Accuracy: 76.05%, AUC: 0.76 [VAL] Loss: 0.4971, Accuracy: 76.79%, Precision: 0.78, Recall: 0.73, F1-Score: 0.75, AUC: 0.77
Epoch [86/100] - [TRAIN] Loss: 0.5129, Accuracy: 76.06%, AUC: 0.76 [VAL] Loss: 0.5046, Accuracy: 77.02%, Precision: 0.78, Recall: 0.74, F1-Score: 0.76, AUC: 0.77
Epoch [87/100] - [TRAIN] Loss: 0.5073, Accuracy: 76.45%, AUC: 0.76 [VAL] Loss: 0.5053, Accuracy: 76.85%, Precision: 0.78, Recall: 0.74, F1-Score: 0.76, AUC: 0.77
Epoch [88/100] - [TRAIN] Loss: 0.5113, Accuracy: 76.21%, AUC: 0.76 [VAL] Loss: 0.4970, Accuracy: 77.07%, Precision: 0.78, Recall: 0.74, F1-Score: 0.76, AUC: 0.77
Epoch [89/100] - [TRAIN] Loss: 0.5093, Accuracy: 76.20%, AUC: 0.76 [VAL] Loss: 0.5025, Accuracy: 76.64%, Precision: 0.78, Recall: 0.73, F1-Score: 0.76, AUC: 0.77
Epoch [90/100] - [TRAIN] Loss: 0.5117, Accuracy: 76.11%, AUC: 0.76 [VAL] Loss: 0.5008, Accuracy: 76.70%, Precision: 0.77, Recall: 0.74, F1-Score: 0.76, AUC: 0.77
Epoch [91/100] - [TRAIN] Loss: 0.5101, Accuracy: 76.02%, AUC: 0.76 [VAL] Loss: 0.5016, Accuracy: 76.89%, Precision: 0.78, Recall: 0.73, F1-Score: 0.76, AUC: 0.77
Epoch [92/100] - [TRAIN] Loss: 0.5097, Accuracy: 76.16%, AUC: 0.76 [VAL] Loss: 0.5069, Accuracy: 76.38%, Precision: 0.77, Recall: 0.73, F1-Score: 0.75, AUC: 0.76
Epoch [93/100] - [TRAIN] Loss: 0.5116, Accuracy: 76.00%, AUC: 0.76 [VAL] Loss: 0.5078, Accuracy: 76.36%, Precision: 0.77, Recall: 0.73, F1-Score: 0.75, AUC: 0.76
Epoch [94/100] - [TRAIN] Loss: 0.5102, Accuracy: 76.14%, AUC: 0.76 [VAL] Loss: 0.5051, Accuracy: 76.51%, Precision: 0.78, Recall: 0.73, F1-Score: 0.75, AUC: 0.76
Epoch [95/100] - [TRAIN] Loss: 0.5074, Accuracy: 76.09%, AUC: 0.76 [VAL] Loss: 0.4942, Accuracy: 77.24%, Precision: 0.77, Recall: 0.74, F1-Score: 0.76, AUC: 0.77
Epoch [96/100] - [TRAIN] Loss: 0.5108, Accuracy: 76.00%, AUC: 0.76 [VAL] Loss: 0.4931, Accuracy: 76.73%, Precision: 0.77, Recall: 0.73, F1-Score: 0.75, AUC: 0.77
Epoch [97/100] - [TRAIN] Loss: 0.5096, Accuracy: 76.19%, AUC: 0.76 [VAL] Loss: 0.4957, Accuracy: 77.05%, Precision: 0.78, Recall: 0.73, F1-Score: 0.76, AUC: 0.77
Epoch [98/100] - [TRAIN] Loss: 0.5109, Accuracy: 76.17%, AUC: 0.76 [VAL] Loss: 0.5075, Accuracy: 76.47%, Precision: 0.78, Recall: 0.73, F1-Score: 0.75, AUC: 0.76
Epoch [99/100] - [TRAIN] Loss: 0.5092, Accuracy: 76.18%, AUC: 0.76 [VAL] Loss: 0.5039, Accuracy: 77.01%, Precision: 0.78, Recall: 0.73, F1-Score: 0.76, AUC: 0.77
Epoch [100/100] - [TRAIN] Loss: 0.5112, Accuracy: 76.12%, AUC: 0.76 [VAL] Loss: 0.5012, Accuracy: 76.60%, Precision: 0.77, Recall: 0.74, F1-Score: 0.75, AUC: 0.77
Accuracy Score on test set: 76.65 %
    AUC Score on test set: 0.77
    Precision: 0.7765
    Recall: 0.7365
    F1-Score: 0.7560

    Detailed Classification Report:
                  precision    recall  f1-score   support

           0       0.76      0.80      0.78      5089
           1       0.78      0.74      0.76      4911

    accuracy                           0.77     10000
   macro avg       0.77      0.77      0.77     10000
weighted avg       0.77      0.77      0.77     10000


    Confusion Matrix:
    [[4048 1041]
 [1294 3617]]
    
028-H3K4me3-H3K9me3-H3K27ac-H3K27me3
Epoch [1/100] - [TRAIN] Loss: 0.5712, Accuracy: 72.99%, AUC: 0.73 [VAL] Loss: 0.5274, Accuracy: 75.45%, Precision: 0.73, Recall: 0.78, F1-Score: 0.75, AUC: 0.76
Epoch [2/100] - [TRAIN] Loss: 0.5343, Accuracy: 75.03%, AUC: 0.75 [VAL] Loss: 0.5153, Accuracy: 75.98%, Precision: 0.75, Recall: 0.77, F1-Score: 0.76, AUC: 0.76
Epoch [3/100] - [TRAIN] Loss: 0.5248, Accuracy: 75.37%, AUC: 0.75 [VAL] Loss: 0.5112, Accuracy: 76.35%, Precision: 0.76, Recall: 0.74, F1-Score: 0.75, AUC: 0.76
Epoch [4/100] - [TRAIN] Loss: 0.5237, Accuracy: 75.42%, AUC: 0.75 [VAL] Loss: 0.5125, Accuracy: 75.89%, Precision: 0.77, Recall: 0.74, F1-Score: 0.75, AUC: 0.76
Epoch [5/100] - [TRAIN] Loss: 0.5179, Accuracy: 75.91%, AUC: 0.76 [VAL] Loss: 0.5110, Accuracy: 76.04%, Precision: 0.76, Recall: 0.75, F1-Score: 0.76, AUC: 0.76
Epoch [6/100] - [TRAIN] Loss: 0.5218, Accuracy: 75.70%, AUC: 0.76 [VAL] Loss: 0.5173, Accuracy: 76.16%, Precision: 0.77, Recall: 0.73, F1-Score: 0.75, AUC: 0.76
Epoch [7/100] - [TRAIN] Loss: 0.5174, Accuracy: 75.87%, AUC: 0.76 [VAL] Loss: 0.4970, Accuracy: 76.92%, Precision: 0.78, Recall: 0.74, F1-Score: 0.76, AUC: 0.77
Epoch [8/100] - [TRAIN] Loss: 0.5189, Accuracy: 75.92%, AUC: 0.76 [VAL] Loss: 0.5072, Accuracy: 76.81%, Precision: 0.78, Recall: 0.74, F1-Score: 0.76, AUC: 0.77
Epoch [9/100] - [TRAIN] Loss: 0.5184, Accuracy: 75.59%, AUC: 0.76 [VAL] Loss: 0.5029, Accuracy: 76.83%, Precision: 0.77, Recall: 0.75, F1-Score: 0.76, AUC: 0.77
Epoch [10/100] - [TRAIN] Loss: 0.5173, Accuracy: 75.78%, AUC: 0.76 [VAL] Loss: 0.5046, Accuracy: 76.87%, Precision: 0.77, Recall: 0.74, F1-Score: 0.76, AUC: 0.77
Epoch [11/100] - [TRAIN] Loss: 0.5159, Accuracy: 75.95%, AUC: 0.76 [VAL] Loss: 0.5009, Accuracy: 76.68%, Precision: 0.77, Recall: 0.74, F1-Score: 0.76, AUC: 0.77
Epoch [12/100] - [TRAIN] Loss: 0.5173, Accuracy: 75.79%, AUC: 0.76 [VAL] Loss: 0.5030, Accuracy: 76.05%, Precision: 0.78, Recall: 0.71, F1-Score: 0.74, AUC: 0.76
Epoch [13/100] - [TRAIN] Loss: 0.5168, Accuracy: 75.75%, AUC: 0.76 [VAL] Loss: 0.5025, Accuracy: 77.01%, Precision: 0.78, Recall: 0.74, F1-Score: 0.76, AUC: 0.77
Epoch [14/100] - [TRAIN] Loss: 0.5116, Accuracy: 76.15%, AUC: 0.76 [VAL] Loss: 0.5039, Accuracy: 76.87%, Precision: 0.78, Recall: 0.75, F1-Score: 0.76, AUC: 0.77
Epoch [15/100] - [TRAIN] Loss: 0.5137, Accuracy: 76.05%, AUC: 0.76 [VAL] Loss: 0.5083, Accuracy: 76.33%, Precision: 0.77, Recall: 0.73, F1-Score: 0.75, AUC: 0.76
Epoch [16/100] - [TRAIN] Loss: 0.5147, Accuracy: 75.89%, AUC: 0.76 [VAL] Loss: 0.4949, Accuracy: 77.05%, Precision: 0.78, Recall: 0.74, F1-Score: 0.76, AUC: 0.77
Epoch [17/100] - [TRAIN] Loss: 0.5144, Accuracy: 75.98%, AUC: 0.76 [VAL] Loss: 0.5045, Accuracy: 76.48%, Precision: 0.77, Recall: 0.74, F1-Score: 0.75, AUC: 0.76
Epoch [18/100] - [TRAIN] Loss: 0.5164, Accuracy: 75.65%, AUC: 0.76 [VAL] Loss: 0.5072, Accuracy: 76.04%, Precision: 0.76, Recall: 0.73, F1-Score: 0.74, AUC: 0.76
Epoch [19/100] - [TRAIN] Loss: 0.5141, Accuracy: 75.79%, AUC: 0.76 [VAL] Loss: 0.5000, Accuracy: 76.95%, Precision: 0.77, Recall: 0.74, F1-Score: 0.76, AUC: 0.77
Epoch [20/100] - [TRAIN] Loss: 0.5150, Accuracy: 75.87%, AUC: 0.76 [VAL] Loss: 0.5018, Accuracy: 76.76%, Precision: 0.78, Recall: 0.74, F1-Score: 0.76, AUC: 0.77
Epoch [21/100] - [TRAIN] Loss: 0.5115, Accuracy: 76.19%, AUC: 0.76 [VAL] Loss: 0.5056, Accuracy: 76.54%, Precision: 0.77, Recall: 0.74, F1-Score: 0.75, AUC: 0.76
Epoch [22/100] - [TRAIN] Loss: 0.5125, Accuracy: 76.19%, AUC: 0.76 [VAL] Loss: 0.5042, Accuracy: 77.28%, Precision: 0.78, Recall: 0.74, F1-Score: 0.76, AUC: 0.77
Epoch [23/100] - [TRAIN] Loss: 0.5104, Accuracy: 75.98%, AUC: 0.76 [VAL] Loss: 0.4958, Accuracy: 76.75%, Precision: 0.77, Recall: 0.75, F1-Score: 0.76, AUC: 0.77
Epoch [24/100] - [TRAIN] Loss: 0.5126, Accuracy: 75.96%, AUC: 0.76 [VAL] Loss: 0.5010, Accuracy: 76.64%, Precision: 0.77, Recall: 0.74, F1-Score: 0.76, AUC: 0.77
Epoch [25/100] - [TRAIN] Loss: 0.5142, Accuracy: 76.10%, AUC: 0.76 [VAL] Loss: 0.4895, Accuracy: 77.42%, Precision: 0.79, Recall: 0.74, F1-Score: 0.77, AUC: 0.77
Epoch [26/100] - [TRAIN] Loss: 0.5155, Accuracy: 75.90%, AUC: 0.76 [VAL] Loss: 0.5044, Accuracy: 77.09%, Precision: 0.78, Recall: 0.75, F1-Score: 0.76, AUC: 0.77
Epoch [27/100] - [TRAIN] Loss: 0.5112, Accuracy: 76.07%, AUC: 0.76 [VAL] Loss: 0.5005, Accuracy: 76.98%, Precision: 0.77, Recall: 0.74, F1-Score: 0.76, AUC: 0.77
Epoch [28/100] - [TRAIN] Loss: 0.5108, Accuracy: 76.24%, AUC: 0.76 [VAL] Loss: 0.5123, Accuracy: 75.83%, Precision: 0.76, Recall: 0.73, F1-Score: 0.74, AUC: 0.76
Epoch [29/100] - [TRAIN] Loss: 0.5121, Accuracy: 76.25%, AUC: 0.76 [VAL] Loss: 0.4965, Accuracy: 77.03%, Precision: 0.78, Recall: 0.74, F1-Score: 0.76, AUC: 0.77
Epoch [30/100] - [TRAIN] Loss: 0.5153, Accuracy: 75.80%, AUC: 0.76 [VAL] Loss: 0.5086, Accuracy: 75.58%, Precision: 0.77, Recall: 0.72, F1-Score: 0.75, AUC: 0.76
Epoch [31/100] - [TRAIN] Loss: 0.5163, Accuracy: 75.69%, AUC: 0.76 [VAL] Loss: 0.4931, Accuracy: 77.35%, Precision: 0.79, Recall: 0.74, F1-Score: 0.76, AUC: 0.77
Epoch [32/100] - [TRAIN] Loss: 0.5110, Accuracy: 75.98%, AUC: 0.76 [VAL] Loss: 0.5019, Accuracy: 76.88%, Precision: 0.78, Recall: 0.73, F1-Score: 0.75, AUC: 0.77
Epoch [33/100] - [TRAIN] Loss: 0.5109, Accuracy: 75.94%, AUC: 0.76 [VAL] Loss: 0.5042, Accuracy: 76.47%, Precision: 0.77, Recall: 0.74, F1-Score: 0.75, AUC: 0.76
Epoch [34/100] - [TRAIN] Loss: 0.5147, Accuracy: 76.00%, AUC: 0.76 [VAL] Loss: 0.5052, Accuracy: 75.96%, Precision: 0.78, Recall: 0.73, F1-Score: 0.75, AUC: 0.76
Epoch [35/100] - [TRAIN] Loss: 0.5143, Accuracy: 75.82%, AUC: 0.76 [VAL] Loss: 0.5056, Accuracy: 76.58%, Precision: 0.77, Recall: 0.73, F1-Score: 0.75, AUC: 0.76
Epoch [36/100] - [TRAIN] Loss: 0.5110, Accuracy: 76.14%, AUC: 0.76 [VAL] Loss: 0.4950, Accuracy: 77.23%, Precision: 0.79, Recall: 0.74, F1-Score: 0.76, AUC: 0.77
Epoch [37/100] - [TRAIN] Loss: 0.5135, Accuracy: 75.90%, AUC: 0.76 [VAL] Loss: 0.5133, Accuracy: 76.32%, Precision: 0.77, Recall: 0.73, F1-Score: 0.75, AUC: 0.76
Epoch [38/100] - [TRAIN] Loss: 0.5116, Accuracy: 75.96%, AUC: 0.76 [VAL] Loss: 0.4942, Accuracy: 76.91%, Precision: 0.78, Recall: 0.74, F1-Score: 0.76, AUC: 0.77
Epoch [39/100] - [TRAIN] Loss: 0.5155, Accuracy: 75.84%, AUC: 0.76 [VAL] Loss: 0.4986, Accuracy: 77.09%, Precision: 0.78, Recall: 0.73, F1-Score: 0.76, AUC: 0.77
Epoch [40/100] - [TRAIN] Loss: 0.5111, Accuracy: 76.19%, AUC: 0.76 [VAL] Loss: 0.5024, Accuracy: 76.03%, Precision: 0.77, Recall: 0.73, F1-Score: 0.75, AUC: 0.76
Epoch [41/100] - [TRAIN] Loss: 0.5126, Accuracy: 76.09%, AUC: 0.76 [VAL] Loss: 0.5018, Accuracy: 76.68%, Precision: 0.77, Recall: 0.74, F1-Score: 0.76, AUC: 0.77
Epoch [42/100] - [TRAIN] Loss: 0.5133, Accuracy: 76.13%, AUC: 0.76 [VAL] Loss: 0.5020, Accuracy: 76.51%, Precision: 0.77, Recall: 0.74, F1-Score: 0.76, AUC: 0.76
Epoch [43/100] - [TRAIN] Loss: 0.5137, Accuracy: 75.74%, AUC: 0.76 [VAL] Loss: 0.5015, Accuracy: 76.50%, Precision: 0.77, Recall: 0.73, F1-Score: 0.75, AUC: 0.76
Epoch [44/100] - [TRAIN] Loss: 0.5127, Accuracy: 75.90%, AUC: 0.76 [VAL] Loss: 0.5095, Accuracy: 76.68%, Precision: 0.77, Recall: 0.74, F1-Score: 0.76, AUC: 0.77
Epoch [45/100] - [TRAIN] Loss: 0.5144, Accuracy: 75.93%, AUC: 0.76 [VAL] Loss: 0.4937, Accuracy: 77.27%, Precision: 0.78, Recall: 0.74, F1-Score: 0.76, AUC: 0.77
Epoch [46/100] - [TRAIN] Loss: 0.5116, Accuracy: 76.22%, AUC: 0.76 [VAL] Loss: 0.5020, Accuracy: 76.52%, Precision: 0.77, Recall: 0.74, F1-Score: 0.75, AUC: 0.76
Epoch [47/100] - [TRAIN] Loss: 0.5134, Accuracy: 75.97%, AUC: 0.76 [VAL] Loss: 0.5033, Accuracy: 76.52%, Precision: 0.77, Recall: 0.73, F1-Score: 0.75, AUC: 0.76
Epoch [48/100] - [TRAIN] Loss: 0.5126, Accuracy: 75.92%, AUC: 0.76 [VAL] Loss: 0.5023, Accuracy: 76.21%, Precision: 0.76, Recall: 0.73, F1-Score: 0.75, AUC: 0.76
Epoch [49/100] - [TRAIN] Loss: 0.5146, Accuracy: 75.77%, AUC: 0.76 [VAL] Loss: 0.5047, Accuracy: 76.26%, Precision: 0.78, Recall: 0.73, F1-Score: 0.75, AUC: 0.76
Epoch [50/100] - [TRAIN] Loss: 0.5133, Accuracy: 75.98%, AUC: 0.76 [VAL] Loss: 0.5010, Accuracy: 76.90%, Precision: 0.78, Recall: 0.74, F1-Score: 0.76, AUC: 0.77
Epoch [51/100] - [TRAIN] Loss: 0.5144, Accuracy: 75.84%, AUC: 0.76 [VAL] Loss: 0.5042, Accuracy: 76.98%, Precision: 0.78, Recall: 0.74, F1-Score: 0.76, AUC: 0.77
Epoch [52/100] - [TRAIN] Loss: 0.5133, Accuracy: 76.08%, AUC: 0.76 [VAL] Loss: 0.4993, Accuracy: 77.06%, Precision: 0.78, Recall: 0.74, F1-Score: 0.76, AUC: 0.77
Epoch [53/100] - [TRAIN] Loss: 0.5142, Accuracy: 75.98%, AUC: 0.76 [VAL] Loss: 0.5077, Accuracy: 76.36%, Precision: 0.77, Recall: 0.73, F1-Score: 0.75, AUC: 0.76
Epoch [54/100] - [TRAIN] Loss: 0.5083, Accuracy: 76.60%, AUC: 0.77 [VAL] Loss: 0.5000, Accuracy: 76.91%, Precision: 0.77, Recall: 0.73, F1-Score: 0.75, AUC: 0.77
Epoch [55/100] - [TRAIN] Loss: 0.5151, Accuracy: 75.88%, AUC: 0.76 [VAL] Loss: 0.5027, Accuracy: 76.90%, Precision: 0.78, Recall: 0.74, F1-Score: 0.76, AUC: 0.77
Epoch [56/100] - [TRAIN] Loss: 0.5124, Accuracy: 76.20%, AUC: 0.76 [VAL] Loss: 0.4916, Accuracy: 77.59%, Precision: 0.79, Recall: 0.75, F1-Score: 0.77, AUC: 0.78
Epoch [57/100] - [TRAIN] Loss: 0.5123, Accuracy: 76.00%, AUC: 0.76 [VAL] Loss: 0.5007, Accuracy: 76.74%, Precision: 0.77, Recall: 0.74, F1-Score: 0.76, AUC: 0.77
Epoch [58/100] - [TRAIN] Loss: 0.5146, Accuracy: 75.81%, AUC: 0.76 [VAL] Loss: 0.4988, Accuracy: 77.01%, Precision: 0.78, Recall: 0.73, F1-Score: 0.75, AUC: 0.77
Epoch [59/100] - [TRAIN] Loss: 0.5173, Accuracy: 75.73%, AUC: 0.76 [VAL] Loss: 0.5017, Accuracy: 76.31%, Precision: 0.77, Recall: 0.74, F1-Score: 0.75, AUC: 0.76
Epoch [60/100] - [TRAIN] Loss: 0.5101, Accuracy: 76.01%, AUC: 0.76 [VAL] Loss: 0.4980, Accuracy: 76.86%, Precision: 0.79, Recall: 0.74, F1-Score: 0.76, AUC: 0.77
Epoch [61/100] - [TRAIN] Loss: 0.5134, Accuracy: 76.12%, AUC: 0.76 [VAL] Loss: 0.5091, Accuracy: 76.61%, Precision: 0.77, Recall: 0.73, F1-Score: 0.75, AUC: 0.76
Epoch [62/100] - [TRAIN] Loss: 0.5129, Accuracy: 76.08%, AUC: 0.76 [VAL] Loss: 0.5053, Accuracy: 76.70%, Precision: 0.77, Recall: 0.74, F1-Score: 0.75, AUC: 0.77
Epoch [63/100] - [TRAIN] Loss: 0.5140, Accuracy: 75.87%, AUC: 0.76 [VAL] Loss: 0.4963, Accuracy: 77.11%, Precision: 0.78, Recall: 0.74, F1-Score: 0.76, AUC: 0.77
Epoch [64/100] - [TRAIN] Loss: 0.5113, Accuracy: 76.30%, AUC: 0.76 [VAL] Loss: 0.5093, Accuracy: 76.49%, Precision: 0.78, Recall: 0.73, F1-Score: 0.75, AUC: 0.76
Epoch [65/100] - [TRAIN] Loss: 0.5165, Accuracy: 75.90%, AUC: 0.76 [VAL] Loss: 0.5095, Accuracy: 75.76%, Precision: 0.76, Recall: 0.72, F1-Score: 0.74, AUC: 0.76
Epoch [66/100] - [TRAIN] Loss: 0.5170, Accuracy: 75.82%, AUC: 0.76 [VAL] Loss: 0.5034, Accuracy: 76.48%, Precision: 0.78, Recall: 0.73, F1-Score: 0.75, AUC: 0.76
Epoch [67/100] - [TRAIN] Loss: 0.5162, Accuracy: 75.80%, AUC: 0.76 [VAL] Loss: 0.4908, Accuracy: 77.42%, Precision: 0.78, Recall: 0.74, F1-Score: 0.76, AUC: 0.77
Epoch [68/100] - [TRAIN] Loss: 0.5142, Accuracy: 75.86%, AUC: 0.76 [VAL] Loss: 0.5071, Accuracy: 76.81%, Precision: 0.77, Recall: 0.74, F1-Score: 0.75, AUC: 0.77
Epoch [69/100] - [TRAIN] Loss: 0.5136, Accuracy: 75.89%, AUC: 0.76 [VAL] Loss: 0.4961, Accuracy: 77.27%, Precision: 0.79, Recall: 0.74, F1-Score: 0.76, AUC: 0.77
Epoch [70/100] - [TRAIN] Loss: 0.5176, Accuracy: 75.62%, AUC: 0.76 [VAL] Loss: 0.4987, Accuracy: 76.79%, Precision: 0.78, Recall: 0.73, F1-Score: 0.75, AUC: 0.77
Epoch [71/100] - [TRAIN] Loss: 0.5133, Accuracy: 76.07%, AUC: 0.76 [VAL] Loss: 0.5020, Accuracy: 76.94%, Precision: 0.78, Recall: 0.74, F1-Score: 0.76, AUC: 0.77
Epoch [72/100] - [TRAIN] Loss: 0.5129, Accuracy: 76.16%, AUC: 0.76 [VAL] Loss: 0.5019, Accuracy: 76.53%, Precision: 0.77, Recall: 0.73, F1-Score: 0.75, AUC: 0.76
Epoch [73/100] - [TRAIN] Loss: 0.5117, Accuracy: 76.17%, AUC: 0.76 [VAL] Loss: 0.5023, Accuracy: 76.88%, Precision: 0.78, Recall: 0.74, F1-Score: 0.76, AUC: 0.77
Epoch [74/100] - [TRAIN] Loss: 0.5127, Accuracy: 75.99%, AUC: 0.76 [VAL] Loss: 0.5065, Accuracy: 76.48%, Precision: 0.78, Recall: 0.73, F1-Score: 0.75, AUC: 0.76
Epoch [75/100] - [TRAIN] Loss: 0.5127, Accuracy: 76.07%, AUC: 0.76 [VAL] Loss: 0.5052, Accuracy: 76.61%, Precision: 0.78, Recall: 0.74, F1-Score: 0.75, AUC: 0.77
Epoch [76/100] - [TRAIN] Loss: 0.5108, Accuracy: 76.12%, AUC: 0.76 [VAL] Loss: 0.4990, Accuracy: 76.75%, Precision: 0.77, Recall: 0.74, F1-Score: 0.76, AUC: 0.77
Epoch [77/100] - [TRAIN] Loss: 0.5135, Accuracy: 75.82%, AUC: 0.76 [VAL] Loss: 0.5038, Accuracy: 76.69%, Precision: 0.77, Recall: 0.74, F1-Score: 0.76, AUC: 0.77
Epoch [78/100] - [TRAIN] Loss: 0.5120, Accuracy: 75.91%, AUC: 0.76 [VAL] Loss: 0.5054, Accuracy: 76.37%, Precision: 0.77, Recall: 0.73, F1-Score: 0.75, AUC: 0.76
Epoch [79/100] - [TRAIN] Loss: 0.5150, Accuracy: 75.91%, AUC: 0.76 [VAL] Loss: 0.5065, Accuracy: 76.99%, Precision: 0.77, Recall: 0.74, F1-Score: 0.76, AUC: 0.77
Epoch [80/100] - [TRAIN] Loss: 0.5103, Accuracy: 76.25%, AUC: 0.76 [VAL] Loss: 0.4958, Accuracy: 76.57%, Precision: 0.77, Recall: 0.74, F1-Score: 0.76, AUC: 0.77
Epoch [81/100] - [TRAIN] Loss: 0.5139, Accuracy: 76.21%, AUC: 0.76 [VAL] Loss: 0.5042, Accuracy: 76.05%, Precision: 0.76, Recall: 0.73, F1-Score: 0.75, AUC: 0.76
Epoch [82/100] - [TRAIN] Loss: 0.5107, Accuracy: 76.10%, AUC: 0.76 [VAL] Loss: 0.5072, Accuracy: 76.11%, Precision: 0.77, Recall: 0.73, F1-Score: 0.75, AUC: 0.76
Epoch [83/100] - [TRAIN] Loss: 0.5137, Accuracy: 75.83%, AUC: 0.76 [VAL] Loss: 0.4982, Accuracy: 77.10%, Precision: 0.78, Recall: 0.74, F1-Score: 0.76, AUC: 0.77
Epoch [84/100] - [TRAIN] Loss: 0.5137, Accuracy: 75.99%, AUC: 0.76 [VAL] Loss: 0.5030, Accuracy: 76.55%, Precision: 0.77, Recall: 0.74, F1-Score: 0.75, AUC: 0.76
Epoch [85/100] - [TRAIN] Loss: 0.5127, Accuracy: 76.00%, AUC: 0.76 [VAL] Loss: 0.5068, Accuracy: 76.63%, Precision: 0.77, Recall: 0.74, F1-Score: 0.75, AUC: 0.77
Epoch [86/100] - [TRAIN] Loss: 0.5141, Accuracy: 75.88%, AUC: 0.76 [VAL] Loss: 0.5029, Accuracy: 76.50%, Precision: 0.76, Recall: 0.74, F1-Score: 0.75, AUC: 0.76
Epoch [87/100] - [TRAIN] Loss: 0.5159, Accuracy: 75.81%, AUC: 0.76 [VAL] Loss: 0.4974, Accuracy: 77.50%, Precision: 0.78, Recall: 0.75, F1-Score: 0.76, AUC: 0.77
Epoch [88/100] - [TRAIN] Loss: 0.5169, Accuracy: 75.78%, AUC: 0.76 [VAL] Loss: 0.4986, Accuracy: 77.27%, Precision: 0.79, Recall: 0.74, F1-Score: 0.76, AUC: 0.77
Epoch [89/100] - [TRAIN] Loss: 0.5175, Accuracy: 75.68%, AUC: 0.76 [VAL] Loss: 0.4979, Accuracy: 76.86%, Precision: 0.78, Recall: 0.74, F1-Score: 0.76, AUC: 0.77
Epoch [90/100] - [TRAIN] Loss: 0.5157, Accuracy: 75.80%, AUC: 0.76 [VAL] Loss: 0.5014, Accuracy: 76.45%, Precision: 0.77, Recall: 0.73, F1-Score: 0.75, AUC: 0.76
Epoch [91/100] - [TRAIN] Loss: 0.5128, Accuracy: 75.90%, AUC: 0.76 [VAL] Loss: 0.5036, Accuracy: 76.61%, Precision: 0.77, Recall: 0.73, F1-Score: 0.75, AUC: 0.76
Epoch [92/100] - [TRAIN] Loss: 0.5109, Accuracy: 76.22%, AUC: 0.76 [VAL] Loss: 0.5024, Accuracy: 76.64%, Precision: 0.77, Recall: 0.74, F1-Score: 0.75, AUC: 0.77
Epoch [93/100] - [TRAIN] Loss: 0.5111, Accuracy: 76.02%, AUC: 0.76 [VAL] Loss: 0.5016, Accuracy: 76.78%, Precision: 0.77, Recall: 0.74, F1-Score: 0.75, AUC: 0.77
Epoch [94/100] - [TRAIN] Loss: 0.5101, Accuracy: 76.20%, AUC: 0.76 [VAL] Loss: 0.5024, Accuracy: 76.76%, Precision: 0.77, Recall: 0.74, F1-Score: 0.75, AUC: 0.77
Epoch [95/100] - [TRAIN] Loss: 0.5148, Accuracy: 75.90%, AUC: 0.76 [VAL] Loss: 0.5005, Accuracy: 76.42%, Precision: 0.77, Recall: 0.74, F1-Score: 0.75, AUC: 0.76
Epoch [96/100] - [TRAIN] Loss: 0.5148, Accuracy: 75.82%, AUC: 0.76 [VAL] Loss: 0.5006, Accuracy: 76.65%, Precision: 0.77, Recall: 0.74, F1-Score: 0.76, AUC: 0.77
Epoch [97/100] - [TRAIN] Loss: 0.5140, Accuracy: 75.91%, AUC: 0.76 [VAL] Loss: 0.5004, Accuracy: 76.76%, Precision: 0.78, Recall: 0.74, F1-Score: 0.76, AUC: 0.77
Epoch [98/100] - [TRAIN] Loss: 0.5129, Accuracy: 75.89%, AUC: 0.76 [VAL] Loss: 0.5047, Accuracy: 76.62%, Precision: 0.78, Recall: 0.74, F1-Score: 0.76, AUC: 0.77
Epoch [99/100] - [TRAIN] Loss: 0.5144, Accuracy: 75.79%, AUC: 0.76 [VAL] Loss: 0.4963, Accuracy: 77.06%, Precision: 0.78, Recall: 0.74, F1-Score: 0.76, AUC: 0.77
Epoch [100/100] - [TRAIN] Loss: 0.5100, Accuracy: 76.13%, AUC: 0.76 [VAL] Loss: 0.5057, Accuracy: 76.72%, Precision: 0.77, Recall: 0.73, F1-Score: 0.75, AUC: 0.77
Accuracy Score on test set: 77.34 %
    AUC Score on test set: 0.77
    Precision: 0.7872
    Recall: 0.7427
    F1-Score: 0.7643

    Detailed Classification Report:
                  precision    recall  f1-score   support

           0       0.76      0.80      0.78      5053
           1       0.79      0.74      0.76      4947

    accuracy                           0.77     10000
   macro avg       0.77      0.77      0.77     10000
weighted avg       0.77      0.77      0.77     10000


    Confusion Matrix:
    [[4060  993]
 [1273 3674]]
    
029-H3K9ac-H3K9me3-H3K27ac-H3K27me3
Epoch [1/100] - [TRAIN] Loss: 0.5910, Accuracy: 71.94%, AUC: 0.72 [VAL] Loss: 0.5247, Accuracy: 75.71%, Precision: 0.75, Recall: 0.75, F1-Score: 0.75, AUC: 0.76
Epoch [2/100] - [TRAIN] Loss: 0.5432, Accuracy: 74.67%, AUC: 0.75 [VAL] Loss: 0.5128, Accuracy: 75.65%, Precision: 0.75, Recall: 0.75, F1-Score: 0.75, AUC: 0.76
Epoch [3/100] - [TRAIN] Loss: 0.5349, Accuracy: 74.75%, AUC: 0.75 [VAL] Loss: 0.5141, Accuracy: 75.95%, Precision: 0.75, Recall: 0.76, F1-Score: 0.75, AUC: 0.76
Epoch [4/100] - [TRAIN] Loss: 0.5318, Accuracy: 75.10%, AUC: 0.75 [VAL] Loss: 0.5079, Accuracy: 76.17%, Precision: 0.76, Recall: 0.75, F1-Score: 0.75, AUC: 0.76
Epoch [5/100] - [TRAIN] Loss: 0.5307, Accuracy: 74.98%, AUC: 0.75 [VAL] Loss: 0.5203, Accuracy: 75.40%, Precision: 0.76, Recall: 0.73, F1-Score: 0.74, AUC: 0.75
Epoch [6/100] - [TRAIN] Loss: 0.5242, Accuracy: 75.30%, AUC: 0.75 [VAL] Loss: 0.5067, Accuracy: 76.79%, Precision: 0.77, Recall: 0.75, F1-Score: 0.76, AUC: 0.77
Epoch [7/100] - [TRAIN] Loss: 0.5253, Accuracy: 75.52%, AUC: 0.75 [VAL] Loss: 0.5040, Accuracy: 76.61%, Precision: 0.76, Recall: 0.74, F1-Score: 0.75, AUC: 0.77
Epoch [8/100] - [TRAIN] Loss: 0.5234, Accuracy: 75.24%, AUC: 0.75 [VAL] Loss: 0.5055, Accuracy: 76.56%, Precision: 0.78, Recall: 0.73, F1-Score: 0.75, AUC: 0.77
Epoch [9/100] - [TRAIN] Loss: 0.5236, Accuracy: 75.41%, AUC: 0.75 [VAL] Loss: 0.4991, Accuracy: 76.86%, Precision: 0.78, Recall: 0.74, F1-Score: 0.76, AUC: 0.77
Epoch [10/100] - [TRAIN] Loss: 0.5209, Accuracy: 75.64%, AUC: 0.76 [VAL] Loss: 0.5071, Accuracy: 76.50%, Precision: 0.79, Recall: 0.71, F1-Score: 0.75, AUC: 0.76
Epoch [11/100] - [TRAIN] Loss: 0.5164, Accuracy: 75.80%, AUC: 0.76 [VAL] Loss: 0.5039, Accuracy: 76.46%, Precision: 0.76, Recall: 0.74, F1-Score: 0.75, AUC: 0.76
Epoch [12/100] - [TRAIN] Loss: 0.5161, Accuracy: 76.03%, AUC: 0.76 [VAL] Loss: 0.5041, Accuracy: 76.44%, Precision: 0.77, Recall: 0.74, F1-Score: 0.75, AUC: 0.76
Epoch [13/100] - [TRAIN] Loss: 0.5216, Accuracy: 75.50%, AUC: 0.75 [VAL] Loss: 0.5071, Accuracy: 76.35%, Precision: 0.77, Recall: 0.73, F1-Score: 0.75, AUC: 0.76
Epoch [14/100] - [TRAIN] Loss: 0.5184, Accuracy: 75.70%, AUC: 0.76 [VAL] Loss: 0.5001, Accuracy: 76.82%, Precision: 0.79, Recall: 0.73, F1-Score: 0.75, AUC: 0.77
Epoch [15/100] - [TRAIN] Loss: 0.5178, Accuracy: 75.64%, AUC: 0.76 [VAL] Loss: 0.5064, Accuracy: 76.02%, Precision: 0.78, Recall: 0.71, F1-Score: 0.74, AUC: 0.76
Epoch [16/100] - [TRAIN] Loss: 0.5163, Accuracy: 75.76%, AUC: 0.76 [VAL] Loss: 0.5057, Accuracy: 76.75%, Precision: 0.79, Recall: 0.73, F1-Score: 0.76, AUC: 0.77
Epoch [17/100] - [TRAIN] Loss: 0.5202, Accuracy: 75.69%, AUC: 0.76 [VAL] Loss: 0.4990, Accuracy: 77.15%, Precision: 0.79, Recall: 0.73, F1-Score: 0.76, AUC: 0.77
Epoch [18/100] - [TRAIN] Loss: 0.5183, Accuracy: 75.68%, AUC: 0.76 [VAL] Loss: 0.4956, Accuracy: 77.43%, Precision: 0.80, Recall: 0.73, F1-Score: 0.76, AUC: 0.77
Epoch [19/100] - [TRAIN] Loss: 0.5213, Accuracy: 75.41%, AUC: 0.75 [VAL] Loss: 0.4990, Accuracy: 77.12%, Precision: 0.78, Recall: 0.74, F1-Score: 0.76, AUC: 0.77
Epoch [20/100] - [TRAIN] Loss: 0.5151, Accuracy: 75.73%, AUC: 0.76 [VAL] Loss: 0.5068, Accuracy: 75.80%, Precision: 0.78, Recall: 0.72, F1-Score: 0.75, AUC: 0.76
Epoch [21/100] - [TRAIN] Loss: 0.5179, Accuracy: 75.64%, AUC: 0.76 [VAL] Loss: 0.5050, Accuracy: 76.34%, Precision: 0.78, Recall: 0.72, F1-Score: 0.75, AUC: 0.76
Epoch [22/100] - [TRAIN] Loss: 0.5171, Accuracy: 75.48%, AUC: 0.75 [VAL] Loss: 0.5052, Accuracy: 76.33%, Precision: 0.77, Recall: 0.73, F1-Score: 0.75, AUC: 0.76
Epoch [23/100] - [TRAIN] Loss: 0.5150, Accuracy: 75.93%, AUC: 0.76 [VAL] Loss: 0.5043, Accuracy: 76.60%, Precision: 0.77, Recall: 0.73, F1-Score: 0.75, AUC: 0.76
Epoch [24/100] - [TRAIN] Loss: 0.5162, Accuracy: 75.62%, AUC: 0.76 [VAL] Loss: 0.5058, Accuracy: 75.86%, Precision: 0.76, Recall: 0.73, F1-Score: 0.75, AUC: 0.76
Epoch [25/100] - [TRAIN] Loss: 0.5158, Accuracy: 75.96%, AUC: 0.76 [VAL] Loss: 0.5032, Accuracy: 76.77%, Precision: 0.77, Recall: 0.74, F1-Score: 0.76, AUC: 0.77
Epoch [26/100] - [TRAIN] Loss: 0.5192, Accuracy: 75.59%, AUC: 0.76 [VAL] Loss: 0.5075, Accuracy: 76.04%, Precision: 0.77, Recall: 0.72, F1-Score: 0.75, AUC: 0.76
Epoch [27/100] - [TRAIN] Loss: 0.5179, Accuracy: 75.53%, AUC: 0.75 [VAL] Loss: 0.5023, Accuracy: 76.71%, Precision: 0.78, Recall: 0.72, F1-Score: 0.75, AUC: 0.77
Epoch [28/100] - [TRAIN] Loss: 0.5147, Accuracy: 75.85%, AUC: 0.76 [VAL] Loss: 0.4982, Accuracy: 76.63%, Precision: 0.78, Recall: 0.74, F1-Score: 0.76, AUC: 0.77
Epoch [29/100] - [TRAIN] Loss: 0.5187, Accuracy: 75.72%, AUC: 0.76 [VAL] Loss: 0.5007, Accuracy: 76.61%, Precision: 0.79, Recall: 0.73, F1-Score: 0.76, AUC: 0.77
Epoch [30/100] - [TRAIN] Loss: 0.5177, Accuracy: 75.64%, AUC: 0.76 [VAL] Loss: 0.5023, Accuracy: 76.66%, Precision: 0.78, Recall: 0.72, F1-Score: 0.75, AUC: 0.77
Epoch [31/100] - [TRAIN] Loss: 0.5191, Accuracy: 75.58%, AUC: 0.76 [VAL] Loss: 0.5061, Accuracy: 77.02%, Precision: 0.79, Recall: 0.73, F1-Score: 0.76, AUC: 0.77
Epoch [32/100] - [TRAIN] Loss: 0.5197, Accuracy: 75.68%, AUC: 0.76 [VAL] Loss: 0.5095, Accuracy: 75.51%, Precision: 0.78, Recall: 0.72, F1-Score: 0.75, AUC: 0.76
Epoch [33/100] - [TRAIN] Loss: 0.5187, Accuracy: 75.45%, AUC: 0.75 [VAL] Loss: 0.5069, Accuracy: 76.17%, Precision: 0.78, Recall: 0.72, F1-Score: 0.75, AUC: 0.76
Epoch [34/100] - [TRAIN] Loss: 0.5163, Accuracy: 75.60%, AUC: 0.76 [VAL] Loss: 0.4999, Accuracy: 76.96%, Precision: 0.78, Recall: 0.74, F1-Score: 0.76, AUC: 0.77
Epoch [35/100] - [TRAIN] Loss: 0.5175, Accuracy: 75.66%, AUC: 0.76 [VAL] Loss: 0.5124, Accuracy: 75.75%, Precision: 0.77, Recall: 0.72, F1-Score: 0.75, AUC: 0.76
Epoch [36/100] - [TRAIN] Loss: 0.5170, Accuracy: 75.68%, AUC: 0.76 [VAL] Loss: 0.5011, Accuracy: 76.71%, Precision: 0.77, Recall: 0.72, F1-Score: 0.75, AUC: 0.76
Epoch [37/100] - [TRAIN] Loss: 0.5170, Accuracy: 75.55%, AUC: 0.75 [VAL] Loss: 0.5046, Accuracy: 77.01%, Precision: 0.78, Recall: 0.73, F1-Score: 0.75, AUC: 0.77
Epoch [38/100] - [TRAIN] Loss: 0.5169, Accuracy: 75.48%, AUC: 0.75 [VAL] Loss: 0.5115, Accuracy: 76.17%, Precision: 0.78, Recall: 0.72, F1-Score: 0.74, AUC: 0.76
Epoch [39/100] - [TRAIN] Loss: 0.5151, Accuracy: 75.87%, AUC: 0.76 [VAL] Loss: 0.5045, Accuracy: 76.29%, Precision: 0.78, Recall: 0.72, F1-Score: 0.75, AUC: 0.76
Epoch [40/100] - [TRAIN] Loss: 0.5210, Accuracy: 75.29%, AUC: 0.75 [VAL] Loss: 0.5021, Accuracy: 76.68%, Precision: 0.78, Recall: 0.73, F1-Score: 0.76, AUC: 0.77
Epoch [41/100] - [TRAIN] Loss: 0.5153, Accuracy: 75.95%, AUC: 0.76 [VAL] Loss: 0.4938, Accuracy: 77.06%, Precision: 0.78, Recall: 0.74, F1-Score: 0.76, AUC: 0.77
Epoch [42/100] - [TRAIN] Loss: 0.5173, Accuracy: 75.76%, AUC: 0.76 [VAL] Loss: 0.5003, Accuracy: 76.80%, Precision: 0.78, Recall: 0.73, F1-Score: 0.75, AUC: 0.77
Epoch [43/100] - [TRAIN] Loss: 0.5171, Accuracy: 75.56%, AUC: 0.75 [VAL] Loss: 0.5076, Accuracy: 76.51%, Precision: 0.77, Recall: 0.73, F1-Score: 0.75, AUC: 0.76
Epoch [44/100] - [TRAIN] Loss: 0.5165, Accuracy: 75.69%, AUC: 0.76 [VAL] Loss: 0.4998, Accuracy: 76.70%, Precision: 0.78, Recall: 0.74, F1-Score: 0.76, AUC: 0.77
Epoch [45/100] - [TRAIN] Loss: 0.5184, Accuracy: 75.64%, AUC: 0.76 [VAL] Loss: 0.5022, Accuracy: 76.99%, Precision: 0.78, Recall: 0.73, F1-Score: 0.76, AUC: 0.77
Epoch [46/100] - [TRAIN] Loss: 0.5161, Accuracy: 75.73%, AUC: 0.76 [VAL] Loss: 0.5006, Accuracy: 77.00%, Precision: 0.79, Recall: 0.73, F1-Score: 0.76, AUC: 0.77
Epoch [47/100] - [TRAIN] Loss: 0.5164, Accuracy: 75.57%, AUC: 0.75 [VAL] Loss: 0.5051, Accuracy: 76.27%, Precision: 0.77, Recall: 0.72, F1-Score: 0.75, AUC: 0.76
Epoch [48/100] - [TRAIN] Loss: 0.5211, Accuracy: 75.37%, AUC: 0.75 [VAL] Loss: 0.5052, Accuracy: 76.39%, Precision: 0.78, Recall: 0.73, F1-Score: 0.75, AUC: 0.76
Epoch [49/100] - [TRAIN] Loss: 0.5172, Accuracy: 75.82%, AUC: 0.76 [VAL] Loss: 0.5027, Accuracy: 76.49%, Precision: 0.78, Recall: 0.73, F1-Score: 0.75, AUC: 0.76
Epoch [50/100] - [TRAIN] Loss: 0.5163, Accuracy: 75.71%, AUC: 0.76 [VAL] Loss: 0.5066, Accuracy: 76.70%, Precision: 0.78, Recall: 0.73, F1-Score: 0.76, AUC: 0.77
Epoch [51/100] - [TRAIN] Loss: 0.5198, Accuracy: 75.41%, AUC: 0.75 [VAL] Loss: 0.5028, Accuracy: 76.68%, Precision: 0.78, Recall: 0.73, F1-Score: 0.75, AUC: 0.77
Epoch [52/100] - [TRAIN] Loss: 0.5186, Accuracy: 75.70%, AUC: 0.76 [VAL] Loss: 0.5044, Accuracy: 76.74%, Precision: 0.78, Recall: 0.73, F1-Score: 0.75, AUC: 0.77
Epoch [53/100] - [TRAIN] Loss: 0.5142, Accuracy: 75.87%, AUC: 0.76 [VAL] Loss: 0.5017, Accuracy: 76.97%, Precision: 0.79, Recall: 0.73, F1-Score: 0.76, AUC: 0.77
Epoch [54/100] - [TRAIN] Loss: 0.5135, Accuracy: 76.04%, AUC: 0.76 [VAL] Loss: 0.5047, Accuracy: 76.95%, Precision: 0.78, Recall: 0.73, F1-Score: 0.75, AUC: 0.77
Epoch [55/100] - [TRAIN] Loss: 0.5161, Accuracy: 75.61%, AUC: 0.76 [VAL] Loss: 0.4968, Accuracy: 77.22%, Precision: 0.79, Recall: 0.73, F1-Score: 0.76, AUC: 0.77
Epoch [56/100] - [TRAIN] Loss: 0.5204, Accuracy: 75.65%, AUC: 0.76 [VAL] Loss: 0.5041, Accuracy: 76.68%, Precision: 0.78, Recall: 0.73, F1-Score: 0.76, AUC: 0.77
Epoch [57/100] - [TRAIN] Loss: 0.5175, Accuracy: 75.71%, AUC: 0.76 [VAL] Loss: 0.5043, Accuracy: 76.10%, Precision: 0.77, Recall: 0.73, F1-Score: 0.75, AUC: 0.76
Epoch [58/100] - [TRAIN] Loss: 0.5154, Accuracy: 75.76%, AUC: 0.76 [VAL] Loss: 0.5105, Accuracy: 76.59%, Precision: 0.78, Recall: 0.73, F1-Score: 0.75, AUC: 0.77
Epoch [59/100] - [TRAIN] Loss: 0.5178, Accuracy: 75.51%, AUC: 0.75 [VAL] Loss: 0.5034, Accuracy: 76.37%, Precision: 0.77, Recall: 0.73, F1-Score: 0.75, AUC: 0.76
Epoch [60/100] - [TRAIN] Loss: 0.5158, Accuracy: 75.65%, AUC: 0.76 [VAL] Loss: 0.5007, Accuracy: 77.22%, Precision: 0.78, Recall: 0.74, F1-Score: 0.76, AUC: 0.77
Epoch [61/100] - [TRAIN] Loss: 0.5203, Accuracy: 75.53%, AUC: 0.75 [VAL] Loss: 0.4935, Accuracy: 77.91%, Precision: 0.79, Recall: 0.75, F1-Score: 0.77, AUC: 0.78
Epoch [62/100] - [TRAIN] Loss: 0.5183, Accuracy: 75.80%, AUC: 0.76 [VAL] Loss: 0.4987, Accuracy: 76.80%, Precision: 0.78, Recall: 0.73, F1-Score: 0.76, AUC: 0.77
Epoch [63/100] - [TRAIN] Loss: 0.5145, Accuracy: 75.91%, AUC: 0.76 [VAL] Loss: 0.5143, Accuracy: 75.81%, Precision: 0.77, Recall: 0.72, F1-Score: 0.74, AUC: 0.76
Epoch [64/100] - [TRAIN] Loss: 0.5141, Accuracy: 75.97%, AUC: 0.76 [VAL] Loss: 0.5116, Accuracy: 76.28%, Precision: 0.78, Recall: 0.72, F1-Score: 0.75, AUC: 0.76
Epoch [65/100] - [TRAIN] Loss: 0.5195, Accuracy: 75.48%, AUC: 0.75 [VAL] Loss: 0.5040, Accuracy: 76.43%, Precision: 0.78, Recall: 0.72, F1-Score: 0.75, AUC: 0.76
Epoch [66/100] - [TRAIN] Loss: 0.5166, Accuracy: 75.48%, AUC: 0.75 [VAL] Loss: 0.5079, Accuracy: 75.99%, Precision: 0.77, Recall: 0.72, F1-Score: 0.75, AUC: 0.76
Epoch [67/100] - [TRAIN] Loss: 0.5177, Accuracy: 75.73%, AUC: 0.76 [VAL] Loss: 0.5003, Accuracy: 76.63%, Precision: 0.78, Recall: 0.73, F1-Score: 0.75, AUC: 0.77
Epoch [68/100] - [TRAIN] Loss: 0.5171, Accuracy: 75.79%, AUC: 0.76 [VAL] Loss: 0.5084, Accuracy: 76.30%, Precision: 0.77, Recall: 0.72, F1-Score: 0.75, AUC: 0.76
Epoch [69/100] - [TRAIN] Loss: 0.5174, Accuracy: 75.67%, AUC: 0.76 [VAL] Loss: 0.5001, Accuracy: 76.45%, Precision: 0.78, Recall: 0.72, F1-Score: 0.75, AUC: 0.76
Epoch [70/100] - [TRAIN] Loss: 0.5155, Accuracy: 75.72%, AUC: 0.76 [VAL] Loss: 0.5081, Accuracy: 75.93%, Precision: 0.77, Recall: 0.71, F1-Score: 0.74, AUC: 0.76
Epoch [71/100] - [TRAIN] Loss: 0.5167, Accuracy: 75.68%, AUC: 0.76 [VAL] Loss: 0.5047, Accuracy: 76.85%, Precision: 0.78, Recall: 0.72, F1-Score: 0.75, AUC: 0.77
Epoch [72/100] - [TRAIN] Loss: 0.5145, Accuracy: 75.90%, AUC: 0.76 [VAL] Loss: 0.5101, Accuracy: 76.05%, Precision: 0.77, Recall: 0.72, F1-Score: 0.75, AUC: 0.76
Epoch [73/100] - [TRAIN] Loss: 0.5196, Accuracy: 75.55%, AUC: 0.75 [VAL] Loss: 0.5064, Accuracy: 76.20%, Precision: 0.78, Recall: 0.72, F1-Score: 0.75, AUC: 0.76
Epoch [74/100] - [TRAIN] Loss: 0.5140, Accuracy: 75.86%, AUC: 0.76 [VAL] Loss: 0.5057, Accuracy: 76.12%, Precision: 0.77, Recall: 0.73, F1-Score: 0.75, AUC: 0.76
Epoch [75/100] - [TRAIN] Loss: 0.5176, Accuracy: 75.57%, AUC: 0.75 [VAL] Loss: 0.5000, Accuracy: 76.89%, Precision: 0.78, Recall: 0.73, F1-Score: 0.75, AUC: 0.77
Epoch [76/100] - [TRAIN] Loss: 0.5150, Accuracy: 76.02%, AUC: 0.76 [VAL] Loss: 0.5062, Accuracy: 76.14%, Precision: 0.77, Recall: 0.72, F1-Score: 0.75, AUC: 0.76
Epoch [77/100] - [TRAIN] Loss: 0.5143, Accuracy: 75.80%, AUC: 0.76 [VAL] Loss: 0.5057, Accuracy: 76.41%, Precision: 0.78, Recall: 0.72, F1-Score: 0.75, AUC: 0.76
Epoch [78/100] - [TRAIN] Loss: 0.5168, Accuracy: 75.80%, AUC: 0.76 [VAL] Loss: 0.5060, Accuracy: 76.41%, Precision: 0.78, Recall: 0.72, F1-Score: 0.75, AUC: 0.76
Epoch [79/100] - [TRAIN] Loss: 0.5175, Accuracy: 75.94%, AUC: 0.76 [VAL] Loss: 0.4936, Accuracy: 76.75%, Precision: 0.77, Recall: 0.73, F1-Score: 0.75, AUC: 0.77
Epoch [80/100] - [TRAIN] Loss: 0.5161, Accuracy: 75.67%, AUC: 0.76 [VAL] Loss: 0.5031, Accuracy: 76.68%, Precision: 0.78, Recall: 0.73, F1-Score: 0.75, AUC: 0.77
Epoch [81/100] - [TRAIN] Loss: 0.5151, Accuracy: 75.83%, AUC: 0.76 [VAL] Loss: 0.5029, Accuracy: 76.72%, Precision: 0.78, Recall: 0.73, F1-Score: 0.75, AUC: 0.77
Epoch [82/100] - [TRAIN] Loss: 0.5177, Accuracy: 75.86%, AUC: 0.76 [VAL] Loss: 0.5032, Accuracy: 76.27%, Precision: 0.78, Recall: 0.72, F1-Score: 0.75, AUC: 0.76
Epoch [83/100] - [TRAIN] Loss: 0.5162, Accuracy: 75.84%, AUC: 0.76 [VAL] Loss: 0.4977, Accuracy: 76.56%, Precision: 0.77, Recall: 0.74, F1-Score: 0.75, AUC: 0.76
Epoch [84/100] - [TRAIN] Loss: 0.5155, Accuracy: 75.77%, AUC: 0.76 [VAL] Loss: 0.4939, Accuracy: 77.19%, Precision: 0.78, Recall: 0.73, F1-Score: 0.76, AUC: 0.77
Epoch [85/100] - [TRAIN] Loss: 0.5161, Accuracy: 75.70%, AUC: 0.76 [VAL] Loss: 0.5017, Accuracy: 76.39%, Precision: 0.78, Recall: 0.72, F1-Score: 0.75, AUC: 0.76
Epoch [86/100] - [TRAIN] Loss: 0.5195, Accuracy: 75.31%, AUC: 0.75 [VAL] Loss: 0.4997, Accuracy: 76.69%, Precision: 0.78, Recall: 0.73, F1-Score: 0.75, AUC: 0.77
Epoch [87/100] - [TRAIN] Loss: 0.5153, Accuracy: 75.98%, AUC: 0.76 [VAL] Loss: 0.5079, Accuracy: 75.91%, Precision: 0.78, Recall: 0.72, F1-Score: 0.75, AUC: 0.76
Epoch [88/100] - [TRAIN] Loss: 0.5182, Accuracy: 75.62%, AUC: 0.76 [VAL] Loss: 0.5024, Accuracy: 76.70%, Precision: 0.77, Recall: 0.74, F1-Score: 0.75, AUC: 0.77
Epoch [89/100] - [TRAIN] Loss: 0.5201, Accuracy: 75.36%, AUC: 0.75 [VAL] Loss: 0.5098, Accuracy: 76.14%, Precision: 0.77, Recall: 0.72, F1-Score: 0.75, AUC: 0.76
Epoch [90/100] - [TRAIN] Loss: 0.5191, Accuracy: 75.62%, AUC: 0.76 [VAL] Loss: 0.4985, Accuracy: 76.12%, Precision: 0.77, Recall: 0.71, F1-Score: 0.74, AUC: 0.76
Epoch [91/100] - [TRAIN] Loss: 0.5193, Accuracy: 75.71%, AUC: 0.76 [VAL] Loss: 0.4962, Accuracy: 76.67%, Precision: 0.78, Recall: 0.73, F1-Score: 0.75, AUC: 0.77
Epoch [92/100] - [TRAIN] Loss: 0.5176, Accuracy: 75.74%, AUC: 0.76 [VAL] Loss: 0.5016, Accuracy: 76.86%, Precision: 0.78, Recall: 0.73, F1-Score: 0.75, AUC: 0.77
Epoch [93/100] - [TRAIN] Loss: 0.5161, Accuracy: 75.69%, AUC: 0.76 [VAL] Loss: 0.5004, Accuracy: 77.09%, Precision: 0.79, Recall: 0.73, F1-Score: 0.76, AUC: 0.77
Epoch [94/100] - [TRAIN] Loss: 0.5208, Accuracy: 75.56%, AUC: 0.75 [VAL] Loss: 0.5056, Accuracy: 76.60%, Precision: 0.78, Recall: 0.73, F1-Score: 0.76, AUC: 0.77
Epoch [95/100] - [TRAIN] Loss: 0.5199, Accuracy: 75.76%, AUC: 0.76 [VAL] Loss: 0.5083, Accuracy: 75.89%, Precision: 0.78, Recall: 0.73, F1-Score: 0.75, AUC: 0.76
Epoch [96/100] - [TRAIN] Loss: 0.5194, Accuracy: 75.50%, AUC: 0.75 [VAL] Loss: 0.5064, Accuracy: 76.19%, Precision: 0.77, Recall: 0.72, F1-Score: 0.74, AUC: 0.76
Epoch [97/100] - [TRAIN] Loss: 0.5143, Accuracy: 75.88%, AUC: 0.76 [VAL] Loss: 0.4975, Accuracy: 77.13%, Precision: 0.79, Recall: 0.73, F1-Score: 0.76, AUC: 0.77
Epoch [98/100] - [TRAIN] Loss: 0.5186, Accuracy: 75.56%, AUC: 0.75 [VAL] Loss: 0.5037, Accuracy: 76.40%, Precision: 0.78, Recall: 0.73, F1-Score: 0.75, AUC: 0.76
Epoch [99/100] - [TRAIN] Loss: 0.5149, Accuracy: 75.74%, AUC: 0.76 [VAL] Loss: 0.5025, Accuracy: 76.71%, Precision: 0.78, Recall: 0.72, F1-Score: 0.75, AUC: 0.77
Epoch [100/100] - [TRAIN] Loss: 0.5203, Accuracy: 75.35%, AUC: 0.75 [VAL] Loss: 0.5064, Accuracy: 76.90%, Precision: 0.78, Recall: 0.73, F1-Score: 0.76, AUC: 0.77
Accuracy Score on test set: 76.52 %
    AUC Score on test set: 0.76
    Precision: 0.7716
    Recall: 0.7298
    F1-Score: 0.7501

    Detailed Classification Report:
                  precision    recall  f1-score   support

           0       0.76      0.80      0.78      5171
           1       0.77      0.73      0.75      4829

    accuracy                           0.77     10000
   macro avg       0.77      0.76      0.76     10000
weighted avg       0.77      0.77      0.76     10000


    Confusion Matrix:
    [[4128 1043]
 [1305 3524]]
    
Batch FINISHED!!!

Real-time duration: 10126.754825022 seconds
