Using device: cuda
Current CUDA device: 0
CUDA device name: Tesla V100-PCIE-16GB
010-H3K9ac-H3K27ac
Epoch [1/100] - [TRAIN] Loss: 0.5975, Accuracy: 72.99%, AUC: 0.73 [VAL] Loss: 0.5388, Accuracy: 76.37%, Precision: 0.78, Recall: 0.71, F1-Score: 0.74, AUC: 0.76
Epoch [2/100] - [TRAIN] Loss: 0.5571, Accuracy: 75.11%, AUC: 0.75 [VAL] Loss: 0.5312, Accuracy: 76.16%, Precision: 0.78, Recall: 0.71, F1-Score: 0.75, AUC: 0.76
Epoch [3/100] - [TRAIN] Loss: 0.5457, Accuracy: 75.00%, AUC: 0.75 [VAL] Loss: 0.5188, Accuracy: 76.42%, Precision: 0.79, Recall: 0.71, F1-Score: 0.75, AUC: 0.76
Epoch [4/100] - [TRAIN] Loss: 0.5408, Accuracy: 75.01%, AUC: 0.75 [VAL] Loss: 0.5231, Accuracy: 76.02%, Precision: 0.79, Recall: 0.69, F1-Score: 0.74, AUC: 0.76
Epoch [5/100] - [TRAIN] Loss: 0.5390, Accuracy: 75.12%, AUC: 0.75 [VAL] Loss: 0.5158, Accuracy: 76.27%, Precision: 0.78, Recall: 0.71, F1-Score: 0.75, AUC: 0.76
Epoch [6/100] - [TRAIN] Loss: 0.5329, Accuracy: 75.37%, AUC: 0.75 [VAL] Loss: 0.5226, Accuracy: 76.05%, Precision: 0.79, Recall: 0.69, F1-Score: 0.74, AUC: 0.76
Epoch [7/100] - [TRAIN] Loss: 0.5354, Accuracy: 75.32%, AUC: 0.75 [VAL] Loss: 0.5156, Accuracy: 76.69%, Precision: 0.79, Recall: 0.71, F1-Score: 0.75, AUC: 0.77
Epoch [8/100] - [TRAIN] Loss: 0.5293, Accuracy: 75.24%, AUC: 0.75 [VAL] Loss: 0.5110, Accuracy: 76.34%, Precision: 0.81, Recall: 0.68, F1-Score: 0.74, AUC: 0.76
Epoch [9/100] - [TRAIN] Loss: 0.5319, Accuracy: 75.43%, AUC: 0.75 [VAL] Loss: 0.5180, Accuracy: 76.28%, Precision: 0.78, Recall: 0.71, F1-Score: 0.74, AUC: 0.76
Epoch [10/100] - [TRAIN] Loss: 0.5283, Accuracy: 75.51%, AUC: 0.75 [VAL] Loss: 0.5165, Accuracy: 76.36%, Precision: 0.79, Recall: 0.70, F1-Score: 0.74, AUC: 0.76
Epoch [11/100] - [TRAIN] Loss: 0.5302, Accuracy: 75.47%, AUC: 0.75 [VAL] Loss: 0.5195, Accuracy: 75.82%, Precision: 0.79, Recall: 0.69, F1-Score: 0.74, AUC: 0.76
Epoch [12/100] - [TRAIN] Loss: 0.5305, Accuracy: 75.49%, AUC: 0.75 [VAL] Loss: 0.5088, Accuracy: 76.40%, Precision: 0.78, Recall: 0.72, F1-Score: 0.75, AUC: 0.76
Epoch [13/100] - [TRAIN] Loss: 0.5273, Accuracy: 75.36%, AUC: 0.75 [VAL] Loss: 0.5088, Accuracy: 76.83%, Precision: 0.78, Recall: 0.72, F1-Score: 0.75, AUC: 0.77
Epoch [14/100] - [TRAIN] Loss: 0.5277, Accuracy: 75.56%, AUC: 0.75 [VAL] Loss: 0.5164, Accuracy: 76.22%, Precision: 0.79, Recall: 0.69, F1-Score: 0.74, AUC: 0.76
Epoch [15/100] - [TRAIN] Loss: 0.5281, Accuracy: 75.43%, AUC: 0.75 [VAL] Loss: 0.5119, Accuracy: 76.47%, Precision: 0.79, Recall: 0.71, F1-Score: 0.75, AUC: 0.76
Epoch [16/100] - [TRAIN] Loss: 0.5300, Accuracy: 75.35%, AUC: 0.75 [VAL] Loss: 0.5147, Accuracy: 76.12%, Precision: 0.78, Recall: 0.71, F1-Score: 0.74, AUC: 0.76
Epoch [17/100] - [TRAIN] Loss: 0.5261, Accuracy: 75.44%, AUC: 0.75 [VAL] Loss: 0.5124, Accuracy: 76.82%, Precision: 0.79, Recall: 0.72, F1-Score: 0.75, AUC: 0.77
Epoch [18/100] - [TRAIN] Loss: 0.5252, Accuracy: 75.56%, AUC: 0.75 [VAL] Loss: 0.5154, Accuracy: 75.75%, Precision: 0.78, Recall: 0.70, F1-Score: 0.74, AUC: 0.76
Epoch [19/100] - [TRAIN] Loss: 0.5242, Accuracy: 75.48%, AUC: 0.75 [VAL] Loss: 0.5136, Accuracy: 76.04%, Precision: 0.78, Recall: 0.69, F1-Score: 0.73, AUC: 0.76
Epoch [20/100] - [TRAIN] Loss: 0.5250, Accuracy: 75.45%, AUC: 0.75 [VAL] Loss: 0.5151, Accuracy: 76.03%, Precision: 0.78, Recall: 0.69, F1-Score: 0.74, AUC: 0.76
Epoch [21/100] - [TRAIN] Loss: 0.5241, Accuracy: 75.62%, AUC: 0.76 [VAL] Loss: 0.5139, Accuracy: 76.33%, Precision: 0.78, Recall: 0.71, F1-Score: 0.75, AUC: 0.76
Epoch [22/100] - [TRAIN] Loss: 0.5272, Accuracy: 75.44%, AUC: 0.75 [VAL] Loss: 0.5169, Accuracy: 76.25%, Precision: 0.79, Recall: 0.70, F1-Score: 0.74, AUC: 0.76
Epoch [23/100] - [TRAIN] Loss: 0.5233, Accuracy: 75.70%, AUC: 0.76 [VAL] Loss: 0.5129, Accuracy: 76.42%, Precision: 0.79, Recall: 0.70, F1-Score: 0.74, AUC: 0.76
Epoch [24/100] - [TRAIN] Loss: 0.5212, Accuracy: 75.86%, AUC: 0.76 [VAL] Loss: 0.5125, Accuracy: 76.00%, Precision: 0.79, Recall: 0.70, F1-Score: 0.74, AUC: 0.76
Epoch [25/100] - [TRAIN] Loss: 0.5271, Accuracy: 75.43%, AUC: 0.75 [VAL] Loss: 0.5234, Accuracy: 75.77%, Precision: 0.78, Recall: 0.69, F1-Score: 0.73, AUC: 0.76
Epoch [26/100] - [TRAIN] Loss: 0.5239, Accuracy: 75.55%, AUC: 0.75 [VAL] Loss: 0.5189, Accuracy: 76.09%, Precision: 0.77, Recall: 0.70, F1-Score: 0.74, AUC: 0.76
Epoch [27/100] - [TRAIN] Loss: 0.5261, Accuracy: 75.48%, AUC: 0.75 [VAL] Loss: 0.5182, Accuracy: 76.05%, Precision: 0.78, Recall: 0.70, F1-Score: 0.74, AUC: 0.76
Epoch [28/100] - [TRAIN] Loss: 0.5256, Accuracy: 75.65%, AUC: 0.76 [VAL] Loss: 0.5214, Accuracy: 76.17%, Precision: 0.78, Recall: 0.70, F1-Score: 0.74, AUC: 0.76
Epoch [29/100] - [TRAIN] Loss: 0.5262, Accuracy: 75.47%, AUC: 0.75 [VAL] Loss: 0.5100, Accuracy: 76.54%, Precision: 0.79, Recall: 0.70, F1-Score: 0.74, AUC: 0.76
Epoch [30/100] - [TRAIN] Loss: 0.5267, Accuracy: 75.28%, AUC: 0.75 [VAL] Loss: 0.5140, Accuracy: 76.61%, Precision: 0.79, Recall: 0.71, F1-Score: 0.75, AUC: 0.76
Epoch [31/100] - [TRAIN] Loss: 0.5262, Accuracy: 75.63%, AUC: 0.76 [VAL] Loss: 0.5147, Accuracy: 76.62%, Precision: 0.79, Recall: 0.70, F1-Score: 0.74, AUC: 0.76
Epoch [32/100] - [TRAIN] Loss: 0.5234, Accuracy: 75.53%, AUC: 0.75 [VAL] Loss: 0.5083, Accuracy: 76.22%, Precision: 0.79, Recall: 0.70, F1-Score: 0.74, AUC: 0.76
Epoch [33/100] - [TRAIN] Loss: 0.5224, Accuracy: 75.63%, AUC: 0.76 [VAL] Loss: 0.5164, Accuracy: 75.92%, Precision: 0.79, Recall: 0.70, F1-Score: 0.74, AUC: 0.76
Epoch [34/100] - [TRAIN] Loss: 0.5286, Accuracy: 75.23%, AUC: 0.75 [VAL] Loss: 0.5098, Accuracy: 77.11%, Precision: 0.79, Recall: 0.72, F1-Score: 0.75, AUC: 0.77
Epoch [35/100] - [TRAIN] Loss: 0.5249, Accuracy: 75.33%, AUC: 0.75 [VAL] Loss: 0.5099, Accuracy: 76.51%, Precision: 0.79, Recall: 0.71, F1-Score: 0.75, AUC: 0.76
Epoch [36/100] - [TRAIN] Loss: 0.5215, Accuracy: 75.62%, AUC: 0.76 [VAL] Loss: 0.5106, Accuracy: 76.57%, Precision: 0.79, Recall: 0.71, F1-Score: 0.75, AUC: 0.77
Epoch [37/100] - [TRAIN] Loss: 0.5249, Accuracy: 75.50%, AUC: 0.75 [VAL] Loss: 0.5129, Accuracy: 75.61%, Precision: 0.78, Recall: 0.69, F1-Score: 0.74, AUC: 0.75
Epoch [38/100] - [TRAIN] Loss: 0.5261, Accuracy: 75.24%, AUC: 0.75 [VAL] Loss: 0.5048, Accuracy: 76.63%, Precision: 0.79, Recall: 0.71, F1-Score: 0.75, AUC: 0.77
Epoch [39/100] - [TRAIN] Loss: 0.5239, Accuracy: 75.64%, AUC: 0.76 [VAL] Loss: 0.5179, Accuracy: 75.81%, Precision: 0.79, Recall: 0.69, F1-Score: 0.74, AUC: 0.76
Epoch [40/100] - [TRAIN] Loss: 0.5226, Accuracy: 75.61%, AUC: 0.76 [VAL] Loss: 0.5083, Accuracy: 76.14%, Precision: 0.78, Recall: 0.71, F1-Score: 0.74, AUC: 0.76
Epoch [41/100] - [TRAIN] Loss: 0.5219, Accuracy: 75.86%, AUC: 0.76 [VAL] Loss: 0.5241, Accuracy: 75.19%, Precision: 0.77, Recall: 0.70, F1-Score: 0.73, AUC: 0.75
Epoch [42/100] - [TRAIN] Loss: 0.5249, Accuracy: 75.57%, AUC: 0.75 [VAL] Loss: 0.5070, Accuracy: 76.27%, Precision: 0.79, Recall: 0.71, F1-Score: 0.75, AUC: 0.76
Epoch [43/100] - [TRAIN] Loss: 0.5254, Accuracy: 75.56%, AUC: 0.75 [VAL] Loss: 0.5196, Accuracy: 75.55%, Precision: 0.78, Recall: 0.69, F1-Score: 0.73, AUC: 0.75
Epoch [44/100] - [TRAIN] Loss: 0.5256, Accuracy: 75.55%, AUC: 0.75 [VAL] Loss: 0.5100, Accuracy: 76.17%, Precision: 0.79, Recall: 0.71, F1-Score: 0.75, AUC: 0.76
Epoch [45/100] - [TRAIN] Loss: 0.5232, Accuracy: 75.60%, AUC: 0.75 [VAL] Loss: 0.5199, Accuracy: 75.43%, Precision: 0.77, Recall: 0.70, F1-Score: 0.73, AUC: 0.75
Epoch [46/100] - [TRAIN] Loss: 0.5263, Accuracy: 75.40%, AUC: 0.75 [VAL] Loss: 0.5133, Accuracy: 76.81%, Precision: 0.79, Recall: 0.72, F1-Score: 0.75, AUC: 0.77
Epoch [47/100] - [TRAIN] Loss: 0.5228, Accuracy: 75.67%, AUC: 0.76 [VAL] Loss: 0.5126, Accuracy: 76.45%, Precision: 0.78, Recall: 0.71, F1-Score: 0.74, AUC: 0.76
Epoch [48/100] - [TRAIN] Loss: 0.5263, Accuracy: 75.58%, AUC: 0.75 [VAL] Loss: 0.5152, Accuracy: 75.51%, Precision: 0.78, Recall: 0.70, F1-Score: 0.74, AUC: 0.75
Epoch [49/100] - [TRAIN] Loss: 0.5273, Accuracy: 75.30%, AUC: 0.75 [VAL] Loss: 0.5199, Accuracy: 76.03%, Precision: 0.79, Recall: 0.70, F1-Score: 0.74, AUC: 0.76
Epoch [50/100] - [TRAIN] Loss: 0.5262, Accuracy: 75.45%, AUC: 0.75 [VAL] Loss: 0.5160, Accuracy: 76.06%, Precision: 0.78, Recall: 0.70, F1-Score: 0.74, AUC: 0.76
Epoch [51/100] - [TRAIN] Loss: 0.5238, Accuracy: 75.58%, AUC: 0.75 [VAL] Loss: 0.5180, Accuracy: 75.90%, Precision: 0.79, Recall: 0.69, F1-Score: 0.74, AUC: 0.76
Epoch [52/100] - [TRAIN] Loss: 0.5243, Accuracy: 75.70%, AUC: 0.76 [VAL] Loss: 0.5188, Accuracy: 76.08%, Precision: 0.79, Recall: 0.70, F1-Score: 0.74, AUC: 0.76
Epoch [53/100] - [TRAIN] Loss: 0.5265, Accuracy: 75.41%, AUC: 0.75 [VAL] Loss: 0.5116, Accuracy: 75.83%, Precision: 0.78, Recall: 0.70, F1-Score: 0.74, AUC: 0.76
Epoch [54/100] - [TRAIN] Loss: 0.5241, Accuracy: 75.58%, AUC: 0.75 [VAL] Loss: 0.5189, Accuracy: 75.61%, Precision: 0.78, Recall: 0.70, F1-Score: 0.74, AUC: 0.75
Epoch [55/100] - [TRAIN] Loss: 0.5234, Accuracy: 75.74%, AUC: 0.76 [VAL] Loss: 0.5169, Accuracy: 76.03%, Precision: 0.78, Recall: 0.70, F1-Score: 0.74, AUC: 0.76
Epoch [56/100] - [TRAIN] Loss: 0.5213, Accuracy: 75.86%, AUC: 0.76 [VAL] Loss: 0.5157, Accuracy: 76.37%, Precision: 0.79, Recall: 0.69, F1-Score: 0.74, AUC: 0.76
Epoch [57/100] - [TRAIN] Loss: 0.5261, Accuracy: 75.50%, AUC: 0.75 [VAL] Loss: 0.5069, Accuracy: 76.96%, Precision: 0.80, Recall: 0.71, F1-Score: 0.75, AUC: 0.77
Epoch [58/100] - [TRAIN] Loss: 0.5252, Accuracy: 75.46%, AUC: 0.75 [VAL] Loss: 0.5131, Accuracy: 76.46%, Precision: 0.79, Recall: 0.71, F1-Score: 0.75, AUC: 0.76
Epoch [59/100] - [TRAIN] Loss: 0.5232, Accuracy: 75.59%, AUC: 0.75 [VAL] Loss: 0.5187, Accuracy: 75.79%, Precision: 0.78, Recall: 0.71, F1-Score: 0.74, AUC: 0.76
Epoch [60/100] - [TRAIN] Loss: 0.5279, Accuracy: 75.31%, AUC: 0.75 [VAL] Loss: 0.5125, Accuracy: 76.77%, Precision: 0.79, Recall: 0.71, F1-Score: 0.75, AUC: 0.77
Epoch [61/100] - [TRAIN] Loss: 0.5275, Accuracy: 75.39%, AUC: 0.75 [VAL] Loss: 0.5272, Accuracy: 75.39%, Precision: 0.77, Recall: 0.70, F1-Score: 0.74, AUC: 0.75
Epoch [62/100] - [TRAIN] Loss: 0.5246, Accuracy: 75.72%, AUC: 0.76 [VAL] Loss: 0.5098, Accuracy: 76.09%, Precision: 0.78, Recall: 0.70, F1-Score: 0.74, AUC: 0.76
Epoch [63/100] - [TRAIN] Loss: 0.5226, Accuracy: 75.64%, AUC: 0.76 [VAL] Loss: 0.5083, Accuracy: 76.06%, Precision: 0.79, Recall: 0.70, F1-Score: 0.74, AUC: 0.76
Epoch [64/100] - [TRAIN] Loss: 0.5252, Accuracy: 75.48%, AUC: 0.75 [VAL] Loss: 0.5151, Accuracy: 76.42%, Precision: 0.79, Recall: 0.71, F1-Score: 0.75, AUC: 0.76
Epoch [65/100] - [TRAIN] Loss: 0.5253, Accuracy: 75.42%, AUC: 0.75 [VAL] Loss: 0.5028, Accuracy: 76.45%, Precision: 0.79, Recall: 0.71, F1-Score: 0.75, AUC: 0.76
Epoch [66/100] - [TRAIN] Loss: 0.5239, Accuracy: 75.57%, AUC: 0.75 [VAL] Loss: 0.5139, Accuracy: 75.78%, Precision: 0.79, Recall: 0.69, F1-Score: 0.74, AUC: 0.76
Epoch [67/100] - [TRAIN] Loss: 0.5253, Accuracy: 75.51%, AUC: 0.75 [VAL] Loss: 0.5117, Accuracy: 76.16%, Precision: 0.78, Recall: 0.70, F1-Score: 0.74, AUC: 0.76
Epoch [68/100] - [TRAIN] Loss: 0.5229, Accuracy: 75.79%, AUC: 0.76 [VAL] Loss: 0.5214, Accuracy: 75.62%, Precision: 0.78, Recall: 0.70, F1-Score: 0.74, AUC: 0.76
Epoch [69/100] - [TRAIN] Loss: 0.5224, Accuracy: 75.61%, AUC: 0.75 [VAL] Loss: 0.5088, Accuracy: 76.41%, Precision: 0.79, Recall: 0.70, F1-Score: 0.74, AUC: 0.76
Epoch [70/100] - [TRAIN] Loss: 0.5254, Accuracy: 75.46%, AUC: 0.75 [VAL] Loss: 0.5062, Accuracy: 77.19%, Precision: 0.80, Recall: 0.72, F1-Score: 0.76, AUC: 0.77
Epoch [71/100] - [TRAIN] Loss: 0.5218, Accuracy: 75.75%, AUC: 0.76 [VAL] Loss: 0.5186, Accuracy: 76.14%, Precision: 0.78, Recall: 0.70, F1-Score: 0.74, AUC: 0.76
Epoch [72/100] - [TRAIN] Loss: 0.5244, Accuracy: 75.66%, AUC: 0.76 [VAL] Loss: 0.5235, Accuracy: 75.43%, Precision: 0.77, Recall: 0.69, F1-Score: 0.73, AUC: 0.75
Epoch [73/100] - [TRAIN] Loss: 0.5239, Accuracy: 75.35%, AUC: 0.75 [VAL] Loss: 0.5179, Accuracy: 76.02%, Precision: 0.79, Recall: 0.70, F1-Score: 0.74, AUC: 0.76
Epoch [74/100] - [TRAIN] Loss: 0.5264, Accuracy: 75.53%, AUC: 0.75 [VAL] Loss: 0.5103, Accuracy: 76.81%, Precision: 0.79, Recall: 0.71, F1-Score: 0.75, AUC: 0.77
Epoch [75/100] - [TRAIN] Loss: 0.5252, Accuracy: 75.58%, AUC: 0.75 [VAL] Loss: 0.5181, Accuracy: 75.55%, Precision: 0.78, Recall: 0.69, F1-Score: 0.73, AUC: 0.75
Epoch [76/100] - [TRAIN] Loss: 0.5289, Accuracy: 75.14%, AUC: 0.75 [VAL] Loss: 0.5048, Accuracy: 76.69%, Precision: 0.79, Recall: 0.71, F1-Score: 0.75, AUC: 0.77
Epoch [77/100] - [TRAIN] Loss: 0.5247, Accuracy: 75.62%, AUC: 0.76 [VAL] Loss: 0.5121, Accuracy: 76.42%, Precision: 0.79, Recall: 0.71, F1-Score: 0.75, AUC: 0.76
Epoch [78/100] - [TRAIN] Loss: 0.5226, Accuracy: 75.73%, AUC: 0.76 [VAL] Loss: 0.5193, Accuracy: 75.31%, Precision: 0.78, Recall: 0.69, F1-Score: 0.74, AUC: 0.75
Epoch [79/100] - [TRAIN] Loss: 0.5236, Accuracy: 75.57%, AUC: 0.75 [VAL] Loss: 0.5119, Accuracy: 76.19%, Precision: 0.78, Recall: 0.70, F1-Score: 0.74, AUC: 0.76
Epoch [80/100] - [TRAIN] Loss: 0.5241, Accuracy: 75.52%, AUC: 0.75 [VAL] Loss: 0.5099, Accuracy: 76.51%, Precision: 0.78, Recall: 0.72, F1-Score: 0.75, AUC: 0.76
Epoch [81/100] - [TRAIN] Loss: 0.5226, Accuracy: 75.85%, AUC: 0.76 [VAL] Loss: 0.5064, Accuracy: 76.66%, Precision: 0.79, Recall: 0.71, F1-Score: 0.75, AUC: 0.76
Epoch [82/100] - [TRAIN] Loss: 0.5221, Accuracy: 75.55%, AUC: 0.75 [VAL] Loss: 0.5145, Accuracy: 76.17%, Precision: 0.78, Recall: 0.70, F1-Score: 0.74, AUC: 0.76
Epoch [83/100] - [TRAIN] Loss: 0.5255, Accuracy: 75.40%, AUC: 0.75 [VAL] Loss: 0.5226, Accuracy: 75.46%, Precision: 0.78, Recall: 0.69, F1-Score: 0.73, AUC: 0.75
Epoch [84/100] - [TRAIN] Loss: 0.5242, Accuracy: 75.62%, AUC: 0.75 [VAL] Loss: 0.5146, Accuracy: 76.25%, Precision: 0.80, Recall: 0.70, F1-Score: 0.75, AUC: 0.76
Epoch [85/100] - [TRAIN] Loss: 0.5244, Accuracy: 75.57%, AUC: 0.75 [VAL] Loss: 0.5148, Accuracy: 76.38%, Precision: 0.79, Recall: 0.71, F1-Score: 0.75, AUC: 0.76
Epoch [86/100] - [TRAIN] Loss: 0.5224, Accuracy: 75.59%, AUC: 0.76 [VAL] Loss: 0.5114, Accuracy: 76.26%, Precision: 0.79, Recall: 0.71, F1-Score: 0.74, AUC: 0.76
Epoch [87/100] - [TRAIN] Loss: 0.5259, Accuracy: 75.69%, AUC: 0.76 [VAL] Loss: 0.5174, Accuracy: 75.89%, Precision: 0.78, Recall: 0.71, F1-Score: 0.74, AUC: 0.76
Epoch [88/100] - [TRAIN] Loss: 0.5275, Accuracy: 75.32%, AUC: 0.75 [VAL] Loss: 0.5174, Accuracy: 76.12%, Precision: 0.78, Recall: 0.71, F1-Score: 0.74, AUC: 0.76
Epoch [89/100] - [TRAIN] Loss: 0.5267, Accuracy: 75.48%, AUC: 0.75 [VAL] Loss: 0.5092, Accuracy: 76.25%, Precision: 0.79, Recall: 0.70, F1-Score: 0.74, AUC: 0.76
Epoch [90/100] - [TRAIN] Loss: 0.5190, Accuracy: 75.69%, AUC: 0.76 [VAL] Loss: 0.5102, Accuracy: 76.53%, Precision: 0.79, Recall: 0.71, F1-Score: 0.75, AUC: 0.76
Epoch [91/100] - [TRAIN] Loss: 0.5282, Accuracy: 75.42%, AUC: 0.75 [VAL] Loss: 0.5091, Accuracy: 76.64%, Precision: 0.80, Recall: 0.71, F1-Score: 0.75, AUC: 0.77
Epoch [92/100] - [TRAIN] Loss: 0.5272, Accuracy: 75.45%, AUC: 0.75 [VAL] Loss: 0.5208, Accuracy: 75.34%, Precision: 0.79, Recall: 0.69, F1-Score: 0.73, AUC: 0.75
Epoch [93/100] - [TRAIN] Loss: 0.5264, Accuracy: 75.43%, AUC: 0.75 [VAL] Loss: 0.5186, Accuracy: 75.77%, Precision: 0.78, Recall: 0.70, F1-Score: 0.74, AUC: 0.76
Epoch [94/100] - [TRAIN] Loss: 0.5257, Accuracy: 75.59%, AUC: 0.75 [VAL] Loss: 0.5061, Accuracy: 76.86%, Precision: 0.79, Recall: 0.71, F1-Score: 0.75, AUC: 0.77
Epoch [95/100] - [TRAIN] Loss: 0.5239, Accuracy: 75.74%, AUC: 0.76 [VAL] Loss: 0.4962, Accuracy: 77.08%, Precision: 0.79, Recall: 0.71, F1-Score: 0.75, AUC: 0.77
Epoch [96/100] - [TRAIN] Loss: 0.5250, Accuracy: 75.40%, AUC: 0.75 [VAL] Loss: 0.5140, Accuracy: 76.84%, Precision: 0.79, Recall: 0.71, F1-Score: 0.75, AUC: 0.77
Epoch [97/100] - [TRAIN] Loss: 0.5259, Accuracy: 75.21%, AUC: 0.75 [VAL] Loss: 0.5070, Accuracy: 76.51%, Precision: 0.78, Recall: 0.71, F1-Score: 0.74, AUC: 0.76
Epoch [98/100] - [TRAIN] Loss: 0.5225, Accuracy: 75.31%, AUC: 0.75 [VAL] Loss: 0.5075, Accuracy: 76.95%, Precision: 0.79, Recall: 0.71, F1-Score: 0.75, AUC: 0.77
Epoch [99/100] - [TRAIN] Loss: 0.5232, Accuracy: 75.48%, AUC: 0.75 [VAL] Loss: 0.5047, Accuracy: 76.83%, Precision: 0.79, Recall: 0.71, F1-Score: 0.75, AUC: 0.77
Epoch [100/100] - [TRAIN] Loss: 0.5252, Accuracy: 75.50%, AUC: 0.75 [VAL] Loss: 0.5115, Accuracy: 76.60%, Precision: 0.79, Recall: 0.71, F1-Score: 0.75, AUC: 0.76
Accuracy Score on test set: 76.06 %
    AUC Score on test set: 0.76
    Precision: 0.7861
    Recall: 0.7012
    F1-Score: 0.7412

    Detailed Classification Report:
                  precision    recall  f1-score   support

           0       0.74      0.82      0.78      5110
           1       0.79      0.70      0.74      4890

    accuracy                           0.76     10000
   macro avg       0.76      0.76      0.76     10000
weighted avg       0.76      0.76      0.76     10000


    Confusion Matrix:
    [[4177  933]
 [1461 3429]]
    
011-H3K9ac-H3K27me3
Epoch [1/100] - [TRAIN] Loss: 0.6083, Accuracy: 71.00%, AUC: 0.71 [VAL] Loss: 0.5465, Accuracy: 74.53%, Precision: 0.73, Recall: 0.75, F1-Score: 0.74, AUC: 0.75
Epoch [2/100] - [TRAIN] Loss: 0.5591, Accuracy: 73.96%, AUC: 0.74 [VAL] Loss: 0.5278, Accuracy: 75.05%, Precision: 0.75, Recall: 0.75, F1-Score: 0.75, AUC: 0.75
Epoch [3/100] - [TRAIN] Loss: 0.5459, Accuracy: 74.44%, AUC: 0.74 [VAL] Loss: 0.5259, Accuracy: 74.45%, Precision: 0.74, Recall: 0.72, F1-Score: 0.73, AUC: 0.74
Epoch [4/100] - [TRAIN] Loss: 0.5423, Accuracy: 74.26%, AUC: 0.74 [VAL] Loss: 0.5314, Accuracy: 74.49%, Precision: 0.74, Recall: 0.73, F1-Score: 0.74, AUC: 0.74
Epoch [5/100] - [TRAIN] Loss: 0.5410, Accuracy: 74.30%, AUC: 0.74 [VAL] Loss: 0.5306, Accuracy: 74.76%, Precision: 0.75, Recall: 0.72, F1-Score: 0.73, AUC: 0.75
Epoch [6/100] - [TRAIN] Loss: 0.5340, Accuracy: 74.49%, AUC: 0.74 [VAL] Loss: 0.5224, Accuracy: 74.85%, Precision: 0.75, Recall: 0.72, F1-Score: 0.74, AUC: 0.75
Epoch [7/100] - [TRAIN] Loss: 0.5343, Accuracy: 74.53%, AUC: 0.74 [VAL] Loss: 0.5208, Accuracy: 75.04%, Precision: 0.76, Recall: 0.70, F1-Score: 0.73, AUC: 0.75
Epoch [8/100] - [TRAIN] Loss: 0.5345, Accuracy: 74.71%, AUC: 0.75 [VAL] Loss: 0.5212, Accuracy: 75.00%, Precision: 0.77, Recall: 0.71, F1-Score: 0.74, AUC: 0.75
Epoch [9/100] - [TRAIN] Loss: 0.5339, Accuracy: 74.64%, AUC: 0.75 [VAL] Loss: 0.5245, Accuracy: 75.03%, Precision: 0.76, Recall: 0.72, F1-Score: 0.74, AUC: 0.75
Epoch [10/100] - [TRAIN] Loss: 0.5333, Accuracy: 74.53%, AUC: 0.74 [VAL] Loss: 0.5219, Accuracy: 75.47%, Precision: 0.77, Recall: 0.71, F1-Score: 0.74, AUC: 0.75
Epoch [11/100] - [TRAIN] Loss: 0.5362, Accuracy: 74.52%, AUC: 0.74 [VAL] Loss: 0.5149, Accuracy: 75.32%, Precision: 0.77, Recall: 0.71, F1-Score: 0.74, AUC: 0.75
Epoch [12/100] - [TRAIN] Loss: 0.5322, Accuracy: 74.49%, AUC: 0.74 [VAL] Loss: 0.5202, Accuracy: 75.65%, Precision: 0.76, Recall: 0.72, F1-Score: 0.74, AUC: 0.75
Epoch [13/100] - [TRAIN] Loss: 0.5311, Accuracy: 74.76%, AUC: 0.75 [VAL] Loss: 0.5241, Accuracy: 75.57%, Precision: 0.77, Recall: 0.72, F1-Score: 0.74, AUC: 0.75
Epoch [14/100] - [TRAIN] Loss: 0.5298, Accuracy: 74.78%, AUC: 0.75 [VAL] Loss: 0.5231, Accuracy: 74.87%, Precision: 0.76, Recall: 0.71, F1-Score: 0.73, AUC: 0.75
Epoch [15/100] - [TRAIN] Loss: 0.5279, Accuracy: 74.92%, AUC: 0.75 [VAL] Loss: 0.5176, Accuracy: 75.77%, Precision: 0.77, Recall: 0.72, F1-Score: 0.74, AUC: 0.76
Epoch [16/100] - [TRAIN] Loss: 0.5294, Accuracy: 74.84%, AUC: 0.75 [VAL] Loss: 0.5213, Accuracy: 75.21%, Precision: 0.76, Recall: 0.73, F1-Score: 0.74, AUC: 0.75
Epoch [17/100] - [TRAIN] Loss: 0.5322, Accuracy: 74.68%, AUC: 0.75 [VAL] Loss: 0.5168, Accuracy: 75.48%, Precision: 0.77, Recall: 0.73, F1-Score: 0.75, AUC: 0.75
Epoch [18/100] - [TRAIN] Loss: 0.5332, Accuracy: 74.34%, AUC: 0.74 [VAL] Loss: 0.5162, Accuracy: 75.50%, Precision: 0.77, Recall: 0.72, F1-Score: 0.74, AUC: 0.75
Epoch [19/100] - [TRAIN] Loss: 0.5293, Accuracy: 74.49%, AUC: 0.74 [VAL] Loss: 0.5160, Accuracy: 75.34%, Precision: 0.76, Recall: 0.72, F1-Score: 0.74, AUC: 0.75
Epoch [20/100] - [TRAIN] Loss: 0.5286, Accuracy: 74.97%, AUC: 0.75 [VAL] Loss: 0.5182, Accuracy: 75.73%, Precision: 0.77, Recall: 0.73, F1-Score: 0.75, AUC: 0.76
Epoch [21/100] - [TRAIN] Loss: 0.5296, Accuracy: 74.78%, AUC: 0.75 [VAL] Loss: 0.5278, Accuracy: 74.71%, Precision: 0.75, Recall: 0.71, F1-Score: 0.73, AUC: 0.75
Epoch [22/100] - [TRAIN] Loss: 0.5284, Accuracy: 74.88%, AUC: 0.75 [VAL] Loss: 0.5197, Accuracy: 75.03%, Precision: 0.76, Recall: 0.71, F1-Score: 0.74, AUC: 0.75
Epoch [23/100] - [TRAIN] Loss: 0.5313, Accuracy: 74.62%, AUC: 0.75 [VAL] Loss: 0.5163, Accuracy: 75.24%, Precision: 0.76, Recall: 0.71, F1-Score: 0.74, AUC: 0.75
Epoch [24/100] - [TRAIN] Loss: 0.5306, Accuracy: 74.69%, AUC: 0.75 [VAL] Loss: 0.5234, Accuracy: 74.99%, Precision: 0.76, Recall: 0.71, F1-Score: 0.74, AUC: 0.75
Epoch [25/100] - [TRAIN] Loss: 0.5323, Accuracy: 74.42%, AUC: 0.74 [VAL] Loss: 0.5153, Accuracy: 75.55%, Precision: 0.77, Recall: 0.71, F1-Score: 0.74, AUC: 0.75
Epoch [26/100] - [TRAIN] Loss: 0.5276, Accuracy: 75.08%, AUC: 0.75 [VAL] Loss: 0.5134, Accuracy: 75.93%, Precision: 0.77, Recall: 0.72, F1-Score: 0.74, AUC: 0.76
Epoch [27/100] - [TRAIN] Loss: 0.5287, Accuracy: 74.96%, AUC: 0.75 [VAL] Loss: 0.5240, Accuracy: 74.21%, Precision: 0.75, Recall: 0.70, F1-Score: 0.73, AUC: 0.74
Epoch [28/100] - [TRAIN] Loss: 0.5284, Accuracy: 74.73%, AUC: 0.75 [VAL] Loss: 0.5155, Accuracy: 75.71%, Precision: 0.76, Recall: 0.71, F1-Score: 0.74, AUC: 0.76
Epoch [29/100] - [TRAIN] Loss: 0.5296, Accuracy: 74.84%, AUC: 0.75 [VAL] Loss: 0.5193, Accuracy: 75.23%, Precision: 0.76, Recall: 0.71, F1-Score: 0.74, AUC: 0.75
Epoch [30/100] - [TRAIN] Loss: 0.5273, Accuracy: 74.84%, AUC: 0.75 [VAL] Loss: 0.5118, Accuracy: 75.78%, Precision: 0.78, Recall: 0.71, F1-Score: 0.74, AUC: 0.76
Epoch [31/100] - [TRAIN] Loss: 0.5319, Accuracy: 74.73%, AUC: 0.75 [VAL] Loss: 0.5203, Accuracy: 75.46%, Precision: 0.76, Recall: 0.72, F1-Score: 0.74, AUC: 0.75
Epoch [32/100] - [TRAIN] Loss: 0.5305, Accuracy: 74.75%, AUC: 0.75 [VAL] Loss: 0.5149, Accuracy: 75.31%, Precision: 0.76, Recall: 0.72, F1-Score: 0.74, AUC: 0.75
Epoch [33/100] - [TRAIN] Loss: 0.5318, Accuracy: 74.33%, AUC: 0.74 [VAL] Loss: 0.5259, Accuracy: 75.15%, Precision: 0.77, Recall: 0.72, F1-Score: 0.74, AUC: 0.75
Epoch [34/100] - [TRAIN] Loss: 0.5322, Accuracy: 74.62%, AUC: 0.75 [VAL] Loss: 0.5191, Accuracy: 75.48%, Precision: 0.77, Recall: 0.72, F1-Score: 0.74, AUC: 0.75
Epoch [35/100] - [TRAIN] Loss: 0.5300, Accuracy: 74.61%, AUC: 0.75 [VAL] Loss: 0.5124, Accuracy: 75.99%, Precision: 0.78, Recall: 0.72, F1-Score: 0.75, AUC: 0.76
Epoch [36/100] - [TRAIN] Loss: 0.5286, Accuracy: 74.68%, AUC: 0.75 [VAL] Loss: 0.5222, Accuracy: 75.61%, Precision: 0.76, Recall: 0.72, F1-Score: 0.74, AUC: 0.76
Epoch [37/100] - [TRAIN] Loss: 0.5308, Accuracy: 74.89%, AUC: 0.75 [VAL] Loss: 0.5181, Accuracy: 75.34%, Precision: 0.77, Recall: 0.71, F1-Score: 0.74, AUC: 0.75
Epoch [38/100] - [TRAIN] Loss: 0.5302, Accuracy: 74.75%, AUC: 0.75 [VAL] Loss: 0.5261, Accuracy: 75.03%, Precision: 0.77, Recall: 0.71, F1-Score: 0.74, AUC: 0.75
Epoch [39/100] - [TRAIN] Loss: 0.5265, Accuracy: 74.86%, AUC: 0.75 [VAL] Loss: 0.5201, Accuracy: 75.03%, Precision: 0.76, Recall: 0.72, F1-Score: 0.74, AUC: 0.75
Epoch [40/100] - [TRAIN] Loss: 0.5285, Accuracy: 74.81%, AUC: 0.75 [VAL] Loss: 0.5153, Accuracy: 75.52%, Precision: 0.77, Recall: 0.71, F1-Score: 0.74, AUC: 0.75
Epoch [41/100] - [TRAIN] Loss: 0.5296, Accuracy: 74.55%, AUC: 0.74 [VAL] Loss: 0.5052, Accuracy: 76.20%, Precision: 0.78, Recall: 0.72, F1-Score: 0.75, AUC: 0.76
Epoch [42/100] - [TRAIN] Loss: 0.5289, Accuracy: 74.62%, AUC: 0.75 [VAL] Loss: 0.5265, Accuracy: 74.42%, Precision: 0.75, Recall: 0.70, F1-Score: 0.73, AUC: 0.74
Epoch [43/100] - [TRAIN] Loss: 0.5326, Accuracy: 74.59%, AUC: 0.75 [VAL] Loss: 0.5122, Accuracy: 75.70%, Precision: 0.77, Recall: 0.72, F1-Score: 0.74, AUC: 0.76
Epoch [44/100] - [TRAIN] Loss: 0.5298, Accuracy: 74.76%, AUC: 0.75 [VAL] Loss: 0.5145, Accuracy: 75.71%, Precision: 0.77, Recall: 0.72, F1-Score: 0.74, AUC: 0.76
Epoch [45/100] - [TRAIN] Loss: 0.5267, Accuracy: 75.00%, AUC: 0.75 [VAL] Loss: 0.5086, Accuracy: 75.79%, Precision: 0.77, Recall: 0.72, F1-Score: 0.74, AUC: 0.76
Epoch [46/100] - [TRAIN] Loss: 0.5296, Accuracy: 74.63%, AUC: 0.75 [VAL] Loss: 0.5136, Accuracy: 75.67%, Precision: 0.78, Recall: 0.72, F1-Score: 0.75, AUC: 0.76
Epoch [47/100] - [TRAIN] Loss: 0.5313, Accuracy: 74.56%, AUC: 0.74 [VAL] Loss: 0.5114, Accuracy: 76.05%, Precision: 0.78, Recall: 0.73, F1-Score: 0.75, AUC: 0.76
Epoch [48/100] - [TRAIN] Loss: 0.5273, Accuracy: 74.85%, AUC: 0.75 [VAL] Loss: 0.5193, Accuracy: 75.59%, Precision: 0.77, Recall: 0.72, F1-Score: 0.74, AUC: 0.76
Epoch [49/100] - [TRAIN] Loss: 0.5292, Accuracy: 74.87%, AUC: 0.75 [VAL] Loss: 0.5167, Accuracy: 75.40%, Precision: 0.77, Recall: 0.71, F1-Score: 0.74, AUC: 0.75
Epoch [50/100] - [TRAIN] Loss: 0.5323, Accuracy: 74.45%, AUC: 0.74 [VAL] Loss: 0.5180, Accuracy: 75.94%, Precision: 0.77, Recall: 0.71, F1-Score: 0.74, AUC: 0.76
Epoch [51/100] - [TRAIN] Loss: 0.5268, Accuracy: 74.76%, AUC: 0.75 [VAL] Loss: 0.5248, Accuracy: 74.86%, Precision: 0.76, Recall: 0.72, F1-Score: 0.74, AUC: 0.75
Epoch [52/100] - [TRAIN] Loss: 0.5267, Accuracy: 75.06%, AUC: 0.75 [VAL] Loss: 0.5171, Accuracy: 75.59%, Precision: 0.77, Recall: 0.72, F1-Score: 0.74, AUC: 0.76
Epoch [53/100] - [TRAIN] Loss: 0.5282, Accuracy: 74.96%, AUC: 0.75 [VAL] Loss: 0.5207, Accuracy: 75.37%, Precision: 0.77, Recall: 0.71, F1-Score: 0.74, AUC: 0.75
Epoch [54/100] - [TRAIN] Loss: 0.5295, Accuracy: 74.84%, AUC: 0.75 [VAL] Loss: 0.5140, Accuracy: 75.36%, Precision: 0.76, Recall: 0.72, F1-Score: 0.74, AUC: 0.75
Epoch [55/100] - [TRAIN] Loss: 0.5308, Accuracy: 74.59%, AUC: 0.75 [VAL] Loss: 0.5184, Accuracy: 75.79%, Precision: 0.76, Recall: 0.72, F1-Score: 0.74, AUC: 0.76
Epoch [56/100] - [TRAIN] Loss: 0.5288, Accuracy: 74.84%, AUC: 0.75 [VAL] Loss: 0.5140, Accuracy: 75.64%, Precision: 0.78, Recall: 0.71, F1-Score: 0.74, AUC: 0.76
Epoch [57/100] - [TRAIN] Loss: 0.5312, Accuracy: 74.75%, AUC: 0.75 [VAL] Loss: 0.5153, Accuracy: 75.92%, Precision: 0.77, Recall: 0.72, F1-Score: 0.74, AUC: 0.76
Epoch [58/100] - [TRAIN] Loss: 0.5286, Accuracy: 74.72%, AUC: 0.75 [VAL] Loss: 0.5187, Accuracy: 75.58%, Precision: 0.77, Recall: 0.71, F1-Score: 0.74, AUC: 0.75
Epoch [59/100] - [TRAIN] Loss: 0.5309, Accuracy: 74.67%, AUC: 0.75 [VAL] Loss: 0.5217, Accuracy: 74.63%, Precision: 0.76, Recall: 0.71, F1-Score: 0.73, AUC: 0.75
Epoch [60/100] - [TRAIN] Loss: 0.5307, Accuracy: 74.65%, AUC: 0.75 [VAL] Loss: 0.5157, Accuracy: 75.43%, Precision: 0.77, Recall: 0.72, F1-Score: 0.74, AUC: 0.75
Epoch [61/100] - [TRAIN] Loss: 0.5266, Accuracy: 74.84%, AUC: 0.75 [VAL] Loss: 0.5191, Accuracy: 74.58%, Precision: 0.76, Recall: 0.71, F1-Score: 0.73, AUC: 0.75
Epoch [62/100] - [TRAIN] Loss: 0.5305, Accuracy: 74.80%, AUC: 0.75 [VAL] Loss: 0.5236, Accuracy: 74.99%, Precision: 0.76, Recall: 0.72, F1-Score: 0.74, AUC: 0.75
Epoch [63/100] - [TRAIN] Loss: 0.5277, Accuracy: 74.70%, AUC: 0.75 [VAL] Loss: 0.5204, Accuracy: 75.47%, Precision: 0.77, Recall: 0.72, F1-Score: 0.74, AUC: 0.75
Epoch [64/100] - [TRAIN] Loss: 0.5311, Accuracy: 74.69%, AUC: 0.75 [VAL] Loss: 0.5124, Accuracy: 75.19%, Precision: 0.77, Recall: 0.71, F1-Score: 0.74, AUC: 0.75
Epoch [65/100] - [TRAIN] Loss: 0.5280, Accuracy: 74.81%, AUC: 0.75 [VAL] Loss: 0.5245, Accuracy: 74.89%, Precision: 0.76, Recall: 0.71, F1-Score: 0.74, AUC: 0.75
Epoch [66/100] - [TRAIN] Loss: 0.5303, Accuracy: 74.69%, AUC: 0.75 [VAL] Loss: 0.5153, Accuracy: 75.18%, Precision: 0.77, Recall: 0.70, F1-Score: 0.74, AUC: 0.75
Epoch [67/100] - [TRAIN] Loss: 0.5337, Accuracy: 74.56%, AUC: 0.74 [VAL] Loss: 0.5221, Accuracy: 74.81%, Precision: 0.76, Recall: 0.71, F1-Score: 0.73, AUC: 0.75
Epoch [68/100] - [TRAIN] Loss: 0.5311, Accuracy: 74.74%, AUC: 0.75 [VAL] Loss: 0.5200, Accuracy: 74.85%, Precision: 0.77, Recall: 0.71, F1-Score: 0.74, AUC: 0.75
Epoch [69/100] - [TRAIN] Loss: 0.5307, Accuracy: 74.64%, AUC: 0.75 [VAL] Loss: 0.5071, Accuracy: 75.78%, Precision: 0.76, Recall: 0.72, F1-Score: 0.74, AUC: 0.76
Epoch [70/100] - [TRAIN] Loss: 0.5295, Accuracy: 74.90%, AUC: 0.75 [VAL] Loss: 0.5275, Accuracy: 74.97%, Precision: 0.77, Recall: 0.70, F1-Score: 0.73, AUC: 0.75
Epoch [71/100] - [TRAIN] Loss: 0.5313, Accuracy: 74.76%, AUC: 0.75 [VAL] Loss: 0.5180, Accuracy: 75.43%, Precision: 0.76, Recall: 0.71, F1-Score: 0.74, AUC: 0.75
Epoch [72/100] - [TRAIN] Loss: 0.5288, Accuracy: 74.80%, AUC: 0.75 [VAL] Loss: 0.5201, Accuracy: 75.06%, Precision: 0.77, Recall: 0.71, F1-Score: 0.74, AUC: 0.75
Epoch [73/100] - [TRAIN] Loss: 0.5343, Accuracy: 74.17%, AUC: 0.74 [VAL] Loss: 0.5231, Accuracy: 74.98%, Precision: 0.76, Recall: 0.71, F1-Score: 0.74, AUC: 0.75
Epoch [74/100] - [TRAIN] Loss: 0.5325, Accuracy: 74.52%, AUC: 0.74 [VAL] Loss: 0.5140, Accuracy: 75.21%, Precision: 0.76, Recall: 0.71, F1-Score: 0.74, AUC: 0.75
Epoch [75/100] - [TRAIN] Loss: 0.5286, Accuracy: 74.75%, AUC: 0.75 [VAL] Loss: 0.5188, Accuracy: 75.61%, Precision: 0.76, Recall: 0.72, F1-Score: 0.74, AUC: 0.76
Epoch [76/100] - [TRAIN] Loss: 0.5301, Accuracy: 74.81%, AUC: 0.75 [VAL] Loss: 0.5176, Accuracy: 75.01%, Precision: 0.76, Recall: 0.71, F1-Score: 0.73, AUC: 0.75
Epoch [77/100] - [TRAIN] Loss: 0.5282, Accuracy: 74.76%, AUC: 0.75 [VAL] Loss: 0.5247, Accuracy: 74.95%, Precision: 0.75, Recall: 0.72, F1-Score: 0.73, AUC: 0.75
Epoch [78/100] - [TRAIN] Loss: 0.5302, Accuracy: 74.70%, AUC: 0.75 [VAL] Loss: 0.5131, Accuracy: 75.23%, Precision: 0.76, Recall: 0.72, F1-Score: 0.74, AUC: 0.75
Epoch [79/100] - [TRAIN] Loss: 0.5295, Accuracy: 74.64%, AUC: 0.75 [VAL] Loss: 0.5165, Accuracy: 75.18%, Precision: 0.76, Recall: 0.71, F1-Score: 0.74, AUC: 0.75
Epoch [80/100] - [TRAIN] Loss: 0.5339, Accuracy: 74.45%, AUC: 0.74 [VAL] Loss: 0.5319, Accuracy: 74.67%, Precision: 0.75, Recall: 0.71, F1-Score: 0.73, AUC: 0.75
Epoch [81/100] - [TRAIN] Loss: 0.5271, Accuracy: 74.87%, AUC: 0.75 [VAL] Loss: 0.5227, Accuracy: 75.19%, Precision: 0.77, Recall: 0.71, F1-Score: 0.74, AUC: 0.75
Epoch [82/100] - [TRAIN] Loss: 0.5329, Accuracy: 74.73%, AUC: 0.75 [VAL] Loss: 0.5219, Accuracy: 75.21%, Precision: 0.77, Recall: 0.71, F1-Score: 0.74, AUC: 0.75
Epoch [83/100] - [TRAIN] Loss: 0.5323, Accuracy: 74.57%, AUC: 0.74 [VAL] Loss: 0.5166, Accuracy: 75.57%, Precision: 0.77, Recall: 0.72, F1-Score: 0.74, AUC: 0.75
Epoch [84/100] - [TRAIN] Loss: 0.5285, Accuracy: 74.61%, AUC: 0.75 [VAL] Loss: 0.5184, Accuracy: 75.85%, Precision: 0.77, Recall: 0.72, F1-Score: 0.74, AUC: 0.76
Epoch [85/100] - [TRAIN] Loss: 0.5291, Accuracy: 74.89%, AUC: 0.75 [VAL] Loss: 0.5174, Accuracy: 75.46%, Precision: 0.77, Recall: 0.71, F1-Score: 0.74, AUC: 0.75
Epoch [86/100] - [TRAIN] Loss: 0.5302, Accuracy: 74.53%, AUC: 0.74 [VAL] Loss: 0.5152, Accuracy: 75.54%, Precision: 0.77, Recall: 0.72, F1-Score: 0.74, AUC: 0.75
Epoch [87/100] - [TRAIN] Loss: 0.5292, Accuracy: 74.54%, AUC: 0.74 [VAL] Loss: 0.5189, Accuracy: 75.67%, Precision: 0.76, Recall: 0.72, F1-Score: 0.74, AUC: 0.76
Epoch [88/100] - [TRAIN] Loss: 0.5292, Accuracy: 74.63%, AUC: 0.75 [VAL] Loss: 0.5170, Accuracy: 75.58%, Precision: 0.77, Recall: 0.71, F1-Score: 0.74, AUC: 0.75
Epoch [89/100] - [TRAIN] Loss: 0.5307, Accuracy: 74.66%, AUC: 0.75 [VAL] Loss: 0.5198, Accuracy: 75.29%, Precision: 0.76, Recall: 0.72, F1-Score: 0.74, AUC: 0.75
Epoch [90/100] - [TRAIN] Loss: 0.5294, Accuracy: 74.62%, AUC: 0.75 [VAL] Loss: 0.5207, Accuracy: 74.82%, Precision: 0.75, Recall: 0.71, F1-Score: 0.73, AUC: 0.75
Epoch [91/100] - [TRAIN] Loss: 0.5301, Accuracy: 74.75%, AUC: 0.75 [VAL] Loss: 0.5127, Accuracy: 75.71%, Precision: 0.77, Recall: 0.72, F1-Score: 0.74, AUC: 0.76
Epoch [92/100] - [TRAIN] Loss: 0.5306, Accuracy: 74.59%, AUC: 0.75 [VAL] Loss: 0.5164, Accuracy: 75.27%, Precision: 0.76, Recall: 0.71, F1-Score: 0.74, AUC: 0.75
Epoch [93/100] - [TRAIN] Loss: 0.5313, Accuracy: 74.48%, AUC: 0.74 [VAL] Loss: 0.5207, Accuracy: 75.60%, Precision: 0.76, Recall: 0.72, F1-Score: 0.74, AUC: 0.75
Epoch [94/100] - [TRAIN] Loss: 0.5277, Accuracy: 74.64%, AUC: 0.75 [VAL] Loss: 0.5237, Accuracy: 74.88%, Precision: 0.76, Recall: 0.71, F1-Score: 0.73, AUC: 0.75
Epoch [95/100] - [TRAIN] Loss: 0.5284, Accuracy: 74.93%, AUC: 0.75 [VAL] Loss: 0.5169, Accuracy: 76.02%, Precision: 0.77, Recall: 0.72, F1-Score: 0.74, AUC: 0.76
Epoch [96/100] - [TRAIN] Loss: 0.5260, Accuracy: 74.89%, AUC: 0.75 [VAL] Loss: 0.5212, Accuracy: 75.13%, Precision: 0.77, Recall: 0.72, F1-Score: 0.74, AUC: 0.75
Epoch [97/100] - [TRAIN] Loss: 0.5284, Accuracy: 74.64%, AUC: 0.75 [VAL] Loss: 0.5186, Accuracy: 75.90%, Precision: 0.77, Recall: 0.72, F1-Score: 0.75, AUC: 0.76
Epoch [98/100] - [TRAIN] Loss: 0.5271, Accuracy: 74.97%, AUC: 0.75 [VAL] Loss: 0.5191, Accuracy: 76.05%, Precision: 0.77, Recall: 0.72, F1-Score: 0.75, AUC: 0.76
Epoch [99/100] - [TRAIN] Loss: 0.5306, Accuracy: 74.72%, AUC: 0.75 [VAL] Loss: 0.5144, Accuracy: 75.82%, Precision: 0.77, Recall: 0.72, F1-Score: 0.74, AUC: 0.76
Epoch [100/100] - [TRAIN] Loss: 0.5282, Accuracy: 74.65%, AUC: 0.75 [VAL] Loss: 0.5191, Accuracy: 75.20%, Precision: 0.77, Recall: 0.71, F1-Score: 0.74, AUC: 0.75
Accuracy Score on test set: 73.81 %
    AUC Score on test set: 0.74
    Precision: 0.7508
    Recall: 0.6941
    F1-Score: 0.7214

    Detailed Classification Report:
                  precision    recall  f1-score   support

           0       0.73      0.78      0.75      5116
           1       0.75      0.69      0.72      4884

    accuracy                           0.74     10000
   macro avg       0.74      0.74      0.74     10000
weighted avg       0.74      0.74      0.74     10000


    Confusion Matrix:
    [[3991 1125]
 [1494 3390]]
    
012-H3K9me3-H3K27ac
Epoch [1/100] - [TRAIN] Loss: 0.6076, Accuracy: 71.60%, AUC: 0.71 [VAL] Loss: 0.5562, Accuracy: 74.56%, Precision: 0.76, Recall: 0.70, F1-Score: 0.73, AUC: 0.75
Epoch [2/100] - [TRAIN] Loss: 0.5703, Accuracy: 74.10%, AUC: 0.74 [VAL] Loss: 0.5507, Accuracy: 74.71%, Precision: 0.76, Recall: 0.72, F1-Score: 0.74, AUC: 0.75
Epoch [3/100] - [TRAIN] Loss: 0.5572, Accuracy: 74.28%, AUC: 0.74 [VAL] Loss: 0.5373, Accuracy: 75.06%, Precision: 0.77, Recall: 0.71, F1-Score: 0.74, AUC: 0.75
Epoch [4/100] - [TRAIN] Loss: 0.5534, Accuracy: 74.24%, AUC: 0.74 [VAL] Loss: 0.5379, Accuracy: 75.07%, Precision: 0.76, Recall: 0.73, F1-Score: 0.74, AUC: 0.75
Epoch [5/100] - [TRAIN] Loss: 0.5508, Accuracy: 74.27%, AUC: 0.74 [VAL] Loss: 0.5402, Accuracy: 74.65%, Precision: 0.75, Recall: 0.72, F1-Score: 0.74, AUC: 0.75
Epoch [6/100] - [TRAIN] Loss: 0.5494, Accuracy: 74.39%, AUC: 0.74 [VAL] Loss: 0.5360, Accuracy: 74.61%, Precision: 0.76, Recall: 0.71, F1-Score: 0.73, AUC: 0.75
Epoch [7/100] - [TRAIN] Loss: 0.5443, Accuracy: 74.40%, AUC: 0.74 [VAL] Loss: 0.5280, Accuracy: 75.15%, Precision: 0.77, Recall: 0.71, F1-Score: 0.74, AUC: 0.75
Epoch [8/100] - [TRAIN] Loss: 0.5444, Accuracy: 74.50%, AUC: 0.74 [VAL] Loss: 0.5223, Accuracy: 76.17%, Precision: 0.76, Recall: 0.74, F1-Score: 0.75, AUC: 0.76
Epoch [9/100] - [TRAIN] Loss: 0.5437, Accuracy: 74.39%, AUC: 0.74 [VAL] Loss: 0.5345, Accuracy: 74.82%, Precision: 0.76, Recall: 0.71, F1-Score: 0.73, AUC: 0.75
Epoch [10/100] - [TRAIN] Loss: 0.5381, Accuracy: 74.71%, AUC: 0.75 [VAL] Loss: 0.5222, Accuracy: 75.74%, Precision: 0.76, Recall: 0.71, F1-Score: 0.74, AUC: 0.76
Epoch [11/100] - [TRAIN] Loss: 0.5426, Accuracy: 74.64%, AUC: 0.75 [VAL] Loss: 0.5251, Accuracy: 75.61%, Precision: 0.76, Recall: 0.73, F1-Score: 0.74, AUC: 0.76
Epoch [12/100] - [TRAIN] Loss: 0.5444, Accuracy: 74.33%, AUC: 0.74 [VAL] Loss: 0.5313, Accuracy: 74.86%, Precision: 0.76, Recall: 0.70, F1-Score: 0.73, AUC: 0.75
Epoch [13/100] - [TRAIN] Loss: 0.5412, Accuracy: 74.61%, AUC: 0.75 [VAL] Loss: 0.5179, Accuracy: 75.74%, Precision: 0.76, Recall: 0.72, F1-Score: 0.74, AUC: 0.76
Epoch [14/100] - [TRAIN] Loss: 0.5389, Accuracy: 74.97%, AUC: 0.75 [VAL] Loss: 0.5280, Accuracy: 75.18%, Precision: 0.76, Recall: 0.73, F1-Score: 0.74, AUC: 0.75
Epoch [15/100] - [TRAIN] Loss: 0.5393, Accuracy: 74.62%, AUC: 0.75 [VAL] Loss: 0.5268, Accuracy: 75.45%, Precision: 0.76, Recall: 0.72, F1-Score: 0.74, AUC: 0.75
Epoch [16/100] - [TRAIN] Loss: 0.5395, Accuracy: 74.53%, AUC: 0.74 [VAL] Loss: 0.5365, Accuracy: 75.02%, Precision: 0.76, Recall: 0.71, F1-Score: 0.74, AUC: 0.75
Epoch [17/100] - [TRAIN] Loss: 0.5397, Accuracy: 74.56%, AUC: 0.74 [VAL] Loss: 0.5290, Accuracy: 75.10%, Precision: 0.76, Recall: 0.72, F1-Score: 0.74, AUC: 0.75
Epoch [18/100] - [TRAIN] Loss: 0.5376, Accuracy: 74.55%, AUC: 0.74 [VAL] Loss: 0.5282, Accuracy: 75.03%, Precision: 0.76, Recall: 0.72, F1-Score: 0.74, AUC: 0.75
Epoch [19/100] - [TRAIN] Loss: 0.5354, Accuracy: 74.92%, AUC: 0.75 [VAL] Loss: 0.5325, Accuracy: 75.45%, Precision: 0.76, Recall: 0.73, F1-Score: 0.75, AUC: 0.75
Epoch [20/100] - [TRAIN] Loss: 0.5393, Accuracy: 74.80%, AUC: 0.75 [VAL] Loss: 0.5204, Accuracy: 75.01%, Precision: 0.75, Recall: 0.72, F1-Score: 0.74, AUC: 0.75
Epoch [21/100] - [TRAIN] Loss: 0.5377, Accuracy: 74.67%, AUC: 0.75 [VAL] Loss: 0.5207, Accuracy: 75.25%, Precision: 0.76, Recall: 0.73, F1-Score: 0.74, AUC: 0.75
Epoch [22/100] - [TRAIN] Loss: 0.5386, Accuracy: 74.63%, AUC: 0.75 [VAL] Loss: 0.5301, Accuracy: 74.94%, Precision: 0.75, Recall: 0.72, F1-Score: 0.74, AUC: 0.75
Epoch [23/100] - [TRAIN] Loss: 0.5370, Accuracy: 74.65%, AUC: 0.75 [VAL] Loss: 0.5291, Accuracy: 75.09%, Precision: 0.75, Recall: 0.72, F1-Score: 0.74, AUC: 0.75
Epoch [24/100] - [TRAIN] Loss: 0.5359, Accuracy: 74.82%, AUC: 0.75 [VAL] Loss: 0.5141, Accuracy: 76.00%, Precision: 0.77, Recall: 0.73, F1-Score: 0.75, AUC: 0.76
Epoch [25/100] - [TRAIN] Loss: 0.5368, Accuracy: 74.97%, AUC: 0.75 [VAL] Loss: 0.5218, Accuracy: 76.12%, Precision: 0.77, Recall: 0.73, F1-Score: 0.75, AUC: 0.76
Epoch [26/100] - [TRAIN] Loss: 0.5370, Accuracy: 74.72%, AUC: 0.75 [VAL] Loss: 0.5200, Accuracy: 75.83%, Precision: 0.77, Recall: 0.72, F1-Score: 0.75, AUC: 0.76
Epoch [27/100] - [TRAIN] Loss: 0.5396, Accuracy: 74.80%, AUC: 0.75 [VAL] Loss: 0.5272, Accuracy: 75.33%, Precision: 0.76, Recall: 0.72, F1-Score: 0.74, AUC: 0.75
Epoch [28/100] - [TRAIN] Loss: 0.5353, Accuracy: 74.73%, AUC: 0.75 [VAL] Loss: 0.5298, Accuracy: 74.98%, Precision: 0.76, Recall: 0.71, F1-Score: 0.73, AUC: 0.75
Epoch [29/100] - [TRAIN] Loss: 0.5399, Accuracy: 74.46%, AUC: 0.74 [VAL] Loss: 0.5184, Accuracy: 75.49%, Precision: 0.77, Recall: 0.72, F1-Score: 0.74, AUC: 0.75
Epoch [30/100] - [TRAIN] Loss: 0.5377, Accuracy: 74.67%, AUC: 0.75 [VAL] Loss: 0.5206, Accuracy: 76.11%, Precision: 0.77, Recall: 0.73, F1-Score: 0.75, AUC: 0.76
Epoch [31/100] - [TRAIN] Loss: 0.5390, Accuracy: 74.64%, AUC: 0.75 [VAL] Loss: 0.5208, Accuracy: 75.57%, Precision: 0.77, Recall: 0.72, F1-Score: 0.74, AUC: 0.75
Epoch [32/100] - [TRAIN] Loss: 0.5397, Accuracy: 74.50%, AUC: 0.74 [VAL] Loss: 0.5297, Accuracy: 74.76%, Precision: 0.76, Recall: 0.71, F1-Score: 0.73, AUC: 0.75
Epoch [33/100] - [TRAIN] Loss: 0.5372, Accuracy: 74.79%, AUC: 0.75 [VAL] Loss: 0.5200, Accuracy: 76.16%, Precision: 0.77, Recall: 0.73, F1-Score: 0.75, AUC: 0.76
Epoch [34/100] - [TRAIN] Loss: 0.5391, Accuracy: 74.54%, AUC: 0.74 [VAL] Loss: 0.5311, Accuracy: 75.12%, Precision: 0.77, Recall: 0.72, F1-Score: 0.74, AUC: 0.75
Epoch [35/100] - [TRAIN] Loss: 0.5389, Accuracy: 74.51%, AUC: 0.74 [VAL] Loss: 0.5240, Accuracy: 75.51%, Precision: 0.76, Recall: 0.72, F1-Score: 0.74, AUC: 0.75
Epoch [36/100] - [TRAIN] Loss: 0.5361, Accuracy: 74.92%, AUC: 0.75 [VAL] Loss: 0.5292, Accuracy: 75.36%, Precision: 0.77, Recall: 0.72, F1-Score: 0.74, AUC: 0.75
Epoch [37/100] - [TRAIN] Loss: 0.5383, Accuracy: 74.81%, AUC: 0.75 [VAL] Loss: 0.5354, Accuracy: 75.42%, Precision: 0.77, Recall: 0.72, F1-Score: 0.75, AUC: 0.75
Epoch [38/100] - [TRAIN] Loss: 0.5388, Accuracy: 74.54%, AUC: 0.74 [VAL] Loss: 0.5279, Accuracy: 75.01%, Precision: 0.76, Recall: 0.71, F1-Score: 0.74, AUC: 0.75
Epoch [39/100] - [TRAIN] Loss: 0.5356, Accuracy: 74.78%, AUC: 0.75 [VAL] Loss: 0.5197, Accuracy: 76.48%, Precision: 0.77, Recall: 0.73, F1-Score: 0.75, AUC: 0.76
Epoch [40/100] - [TRAIN] Loss: 0.5378, Accuracy: 74.61%, AUC: 0.75 [VAL] Loss: 0.5200, Accuracy: 75.73%, Precision: 0.76, Recall: 0.72, F1-Score: 0.74, AUC: 0.76
Epoch [41/100] - [TRAIN] Loss: 0.5368, Accuracy: 74.84%, AUC: 0.75 [VAL] Loss: 0.5219, Accuracy: 75.83%, Precision: 0.77, Recall: 0.72, F1-Score: 0.75, AUC: 0.76
Epoch [42/100] - [TRAIN] Loss: 0.5346, Accuracy: 74.76%, AUC: 0.75 [VAL] Loss: 0.5268, Accuracy: 75.40%, Precision: 0.76, Recall: 0.72, F1-Score: 0.74, AUC: 0.75
Epoch [43/100] - [TRAIN] Loss: 0.5389, Accuracy: 74.73%, AUC: 0.75 [VAL] Loss: 0.5277, Accuracy: 75.53%, Precision: 0.77, Recall: 0.72, F1-Score: 0.74, AUC: 0.75
Epoch [44/100] - [TRAIN] Loss: 0.5377, Accuracy: 74.64%, AUC: 0.75 [VAL] Loss: 0.5224, Accuracy: 75.63%, Precision: 0.76, Recall: 0.72, F1-Score: 0.74, AUC: 0.75
Epoch [45/100] - [TRAIN] Loss: 0.5398, Accuracy: 74.40%, AUC: 0.74 [VAL] Loss: 0.5286, Accuracy: 75.47%, Precision: 0.76, Recall: 0.73, F1-Score: 0.74, AUC: 0.75
Epoch [46/100] - [TRAIN] Loss: 0.5348, Accuracy: 74.80%, AUC: 0.75 [VAL] Loss: 0.5270, Accuracy: 75.74%, Precision: 0.77, Recall: 0.72, F1-Score: 0.75, AUC: 0.76
Epoch [47/100] - [TRAIN] Loss: 0.5384, Accuracy: 74.57%, AUC: 0.74 [VAL] Loss: 0.5235, Accuracy: 75.23%, Precision: 0.76, Recall: 0.72, F1-Score: 0.74, AUC: 0.75
Epoch [48/100] - [TRAIN] Loss: 0.5349, Accuracy: 75.04%, AUC: 0.75 [VAL] Loss: 0.5242, Accuracy: 75.50%, Precision: 0.76, Recall: 0.72, F1-Score: 0.74, AUC: 0.75
Epoch [49/100] - [TRAIN] Loss: 0.5338, Accuracy: 75.04%, AUC: 0.75 [VAL] Loss: 0.5175, Accuracy: 75.84%, Precision: 0.77, Recall: 0.72, F1-Score: 0.74, AUC: 0.76
Epoch [50/100] - [TRAIN] Loss: 0.5375, Accuracy: 74.50%, AUC: 0.74 [VAL] Loss: 0.5258, Accuracy: 75.71%, Precision: 0.77, Recall: 0.72, F1-Score: 0.74, AUC: 0.76
Epoch [51/100] - [TRAIN] Loss: 0.5412, Accuracy: 74.45%, AUC: 0.74 [VAL] Loss: 0.5265, Accuracy: 75.08%, Precision: 0.77, Recall: 0.71, F1-Score: 0.74, AUC: 0.75
Epoch [52/100] - [TRAIN] Loss: 0.5359, Accuracy: 74.86%, AUC: 0.75 [VAL] Loss: 0.5200, Accuracy: 74.91%, Precision: 0.77, Recall: 0.71, F1-Score: 0.74, AUC: 0.75
Epoch [53/100] - [TRAIN] Loss: 0.5382, Accuracy: 74.59%, AUC: 0.75 [VAL] Loss: 0.5234, Accuracy: 76.04%, Precision: 0.77, Recall: 0.73, F1-Score: 0.75, AUC: 0.76
Epoch [54/100] - [TRAIN] Loss: 0.5368, Accuracy: 74.93%, AUC: 0.75 [VAL] Loss: 0.5246, Accuracy: 75.24%, Precision: 0.76, Recall: 0.71, F1-Score: 0.74, AUC: 0.75
Epoch [55/100] - [TRAIN] Loss: 0.5385, Accuracy: 74.58%, AUC: 0.75 [VAL] Loss: 0.5193, Accuracy: 75.86%, Precision: 0.77, Recall: 0.72, F1-Score: 0.74, AUC: 0.76
Epoch [56/100] - [TRAIN] Loss: 0.5369, Accuracy: 74.50%, AUC: 0.74 [VAL] Loss: 0.5152, Accuracy: 75.82%, Precision: 0.77, Recall: 0.72, F1-Score: 0.74, AUC: 0.76
Epoch [57/100] - [TRAIN] Loss: 0.5404, Accuracy: 74.44%, AUC: 0.74 [VAL] Loss: 0.5274, Accuracy: 75.41%, Precision: 0.76, Recall: 0.72, F1-Score: 0.74, AUC: 0.75
Epoch [58/100] - [TRAIN] Loss: 0.5359, Accuracy: 74.50%, AUC: 0.74 [VAL] Loss: 0.5322, Accuracy: 74.78%, Precision: 0.76, Recall: 0.71, F1-Score: 0.74, AUC: 0.75
Epoch [59/100] - [TRAIN] Loss: 0.5376, Accuracy: 74.43%, AUC: 0.74 [VAL] Loss: 0.5266, Accuracy: 75.11%, Precision: 0.77, Recall: 0.71, F1-Score: 0.74, AUC: 0.75
Epoch [60/100] - [TRAIN] Loss: 0.5349, Accuracy: 74.96%, AUC: 0.75 [VAL] Loss: 0.5279, Accuracy: 74.70%, Precision: 0.76, Recall: 0.71, F1-Score: 0.74, AUC: 0.75
Epoch [61/100] - [TRAIN] Loss: 0.5396, Accuracy: 74.62%, AUC: 0.75 [VAL] Loss: 0.5262, Accuracy: 75.62%, Precision: 0.76, Recall: 0.71, F1-Score: 0.74, AUC: 0.75
Epoch [62/100] - [TRAIN] Loss: 0.5375, Accuracy: 74.91%, AUC: 0.75 [VAL] Loss: 0.5174, Accuracy: 75.58%, Precision: 0.77, Recall: 0.72, F1-Score: 0.74, AUC: 0.75
Epoch [63/100] - [TRAIN] Loss: 0.5375, Accuracy: 74.44%, AUC: 0.74 [VAL] Loss: 0.5219, Accuracy: 75.70%, Precision: 0.76, Recall: 0.73, F1-Score: 0.74, AUC: 0.76
Epoch [64/100] - [TRAIN] Loss: 0.5428, Accuracy: 74.18%, AUC: 0.74 [VAL] Loss: 0.5282, Accuracy: 74.88%, Precision: 0.75, Recall: 0.72, F1-Score: 0.73, AUC: 0.75
Epoch [65/100] - [TRAIN] Loss: 0.5409, Accuracy: 74.44%, AUC: 0.74 [VAL] Loss: 0.5223, Accuracy: 75.61%, Precision: 0.76, Recall: 0.73, F1-Score: 0.74, AUC: 0.76
Epoch [66/100] - [TRAIN] Loss: 0.5367, Accuracy: 74.78%, AUC: 0.75 [VAL] Loss: 0.5260, Accuracy: 75.69%, Precision: 0.77, Recall: 0.72, F1-Score: 0.75, AUC: 0.76
Epoch [67/100] - [TRAIN] Loss: 0.5365, Accuracy: 74.58%, AUC: 0.75 [VAL] Loss: 0.5159, Accuracy: 75.80%, Precision: 0.77, Recall: 0.72, F1-Score: 0.74, AUC: 0.76
Epoch [68/100] - [TRAIN] Loss: 0.5352, Accuracy: 74.71%, AUC: 0.75 [VAL] Loss: 0.5259, Accuracy: 75.29%, Precision: 0.76, Recall: 0.72, F1-Score: 0.74, AUC: 0.75
Epoch [69/100] - [TRAIN] Loss: 0.5354, Accuracy: 74.73%, AUC: 0.75 [VAL] Loss: 0.5161, Accuracy: 76.05%, Precision: 0.76, Recall: 0.73, F1-Score: 0.75, AUC: 0.76
Epoch [70/100] - [TRAIN] Loss: 0.5348, Accuracy: 74.92%, AUC: 0.75 [VAL] Loss: 0.5189, Accuracy: 75.52%, Precision: 0.77, Recall: 0.71, F1-Score: 0.74, AUC: 0.75
Epoch [71/100] - [TRAIN] Loss: 0.5405, Accuracy: 74.44%, AUC: 0.74 [VAL] Loss: 0.5248, Accuracy: 74.92%, Precision: 0.76, Recall: 0.71, F1-Score: 0.73, AUC: 0.75
Epoch [72/100] - [TRAIN] Loss: 0.5360, Accuracy: 74.66%, AUC: 0.75 [VAL] Loss: 0.5294, Accuracy: 74.95%, Precision: 0.76, Recall: 0.72, F1-Score: 0.74, AUC: 0.75
Epoch [73/100] - [TRAIN] Loss: 0.5381, Accuracy: 74.73%, AUC: 0.75 [VAL] Loss: 0.5268, Accuracy: 75.34%, Precision: 0.76, Recall: 0.72, F1-Score: 0.74, AUC: 0.75
Epoch [74/100] - [TRAIN] Loss: 0.5383, Accuracy: 74.58%, AUC: 0.74 [VAL] Loss: 0.5220, Accuracy: 75.59%, Precision: 0.77, Recall: 0.72, F1-Score: 0.74, AUC: 0.76
Epoch [75/100] - [TRAIN] Loss: 0.5355, Accuracy: 74.75%, AUC: 0.75 [VAL] Loss: 0.5199, Accuracy: 76.28%, Precision: 0.78, Recall: 0.73, F1-Score: 0.75, AUC: 0.76
Epoch [76/100] - [TRAIN] Loss: 0.5338, Accuracy: 74.94%, AUC: 0.75 [VAL] Loss: 0.5170, Accuracy: 76.09%, Precision: 0.77, Recall: 0.73, F1-Score: 0.75, AUC: 0.76
Epoch [77/100] - [TRAIN] Loss: 0.5366, Accuracy: 74.64%, AUC: 0.75 [VAL] Loss: 0.5303, Accuracy: 75.71%, Precision: 0.77, Recall: 0.72, F1-Score: 0.74, AUC: 0.76
Epoch [78/100] - [TRAIN] Loss: 0.5376, Accuracy: 74.58%, AUC: 0.74 [VAL] Loss: 0.5169, Accuracy: 75.92%, Precision: 0.76, Recall: 0.73, F1-Score: 0.74, AUC: 0.76
Epoch [79/100] - [TRAIN] Loss: 0.5366, Accuracy: 74.84%, AUC: 0.75 [VAL] Loss: 0.5192, Accuracy: 75.89%, Precision: 0.77, Recall: 0.72, F1-Score: 0.74, AUC: 0.76
Epoch [80/100] - [TRAIN] Loss: 0.5351, Accuracy: 74.81%, AUC: 0.75 [VAL] Loss: 0.5225, Accuracy: 75.10%, Precision: 0.77, Recall: 0.71, F1-Score: 0.74, AUC: 0.75
Epoch [81/100] - [TRAIN] Loss: 0.5398, Accuracy: 74.47%, AUC: 0.74 [VAL] Loss: 0.5247, Accuracy: 75.60%, Precision: 0.77, Recall: 0.71, F1-Score: 0.74, AUC: 0.75
Epoch [82/100] - [TRAIN] Loss: 0.5404, Accuracy: 74.44%, AUC: 0.74 [VAL] Loss: 0.5283, Accuracy: 75.08%, Precision: 0.76, Recall: 0.71, F1-Score: 0.74, AUC: 0.75
Epoch [83/100] - [TRAIN] Loss: 0.5386, Accuracy: 74.39%, AUC: 0.74 [VAL] Loss: 0.5254, Accuracy: 75.31%, Precision: 0.77, Recall: 0.72, F1-Score: 0.74, AUC: 0.75
Epoch [84/100] - [TRAIN] Loss: 0.5397, Accuracy: 74.63%, AUC: 0.75 [VAL] Loss: 0.5115, Accuracy: 76.38%, Precision: 0.77, Recall: 0.73, F1-Score: 0.75, AUC: 0.76
Epoch [85/100] - [TRAIN] Loss: 0.5367, Accuracy: 74.81%, AUC: 0.75 [VAL] Loss: 0.5306, Accuracy: 75.18%, Precision: 0.76, Recall: 0.71, F1-Score: 0.73, AUC: 0.75
Epoch [86/100] - [TRAIN] Loss: 0.5390, Accuracy: 74.45%, AUC: 0.74 [VAL] Loss: 0.5247, Accuracy: 75.47%, Precision: 0.77, Recall: 0.72, F1-Score: 0.74, AUC: 0.75
Epoch [87/100] - [TRAIN] Loss: 0.5363, Accuracy: 74.82%, AUC: 0.75 [VAL] Loss: 0.5329, Accuracy: 75.06%, Precision: 0.76, Recall: 0.71, F1-Score: 0.74, AUC: 0.75
Epoch [88/100] - [TRAIN] Loss: 0.5368, Accuracy: 74.63%, AUC: 0.75 [VAL] Loss: 0.5259, Accuracy: 75.28%, Precision: 0.76, Recall: 0.72, F1-Score: 0.74, AUC: 0.75
Epoch [89/100] - [TRAIN] Loss: 0.5373, Accuracy: 74.75%, AUC: 0.75 [VAL] Loss: 0.5193, Accuracy: 75.85%, Precision: 0.77, Recall: 0.72, F1-Score: 0.74, AUC: 0.76
Epoch [90/100] - [TRAIN] Loss: 0.5333, Accuracy: 74.97%, AUC: 0.75 [VAL] Loss: 0.5219, Accuracy: 75.47%, Precision: 0.76, Recall: 0.72, F1-Score: 0.74, AUC: 0.75
Epoch [91/100] - [TRAIN] Loss: 0.5395, Accuracy: 74.39%, AUC: 0.74 [VAL] Loss: 0.5239, Accuracy: 75.28%, Precision: 0.77, Recall: 0.71, F1-Score: 0.74, AUC: 0.75
Epoch [92/100] - [TRAIN] Loss: 0.5382, Accuracy: 74.80%, AUC: 0.75 [VAL] Loss: 0.5301, Accuracy: 75.11%, Precision: 0.77, Recall: 0.71, F1-Score: 0.74, AUC: 0.75
Epoch [93/100] - [TRAIN] Loss: 0.5375, Accuracy: 74.74%, AUC: 0.75 [VAL] Loss: 0.5250, Accuracy: 74.92%, Precision: 0.76, Recall: 0.72, F1-Score: 0.74, AUC: 0.75
Epoch [94/100] - [TRAIN] Loss: 0.5335, Accuracy: 75.05%, AUC: 0.75 [VAL] Loss: 0.5293, Accuracy: 75.17%, Precision: 0.77, Recall: 0.71, F1-Score: 0.74, AUC: 0.75
Epoch [95/100] - [TRAIN] Loss: 0.5362, Accuracy: 74.75%, AUC: 0.75 [VAL] Loss: 0.5272, Accuracy: 75.26%, Precision: 0.77, Recall: 0.72, F1-Score: 0.74, AUC: 0.75
Epoch [96/100] - [TRAIN] Loss: 0.5371, Accuracy: 74.72%, AUC: 0.75 [VAL] Loss: 0.5297, Accuracy: 75.30%, Precision: 0.76, Recall: 0.72, F1-Score: 0.74, AUC: 0.75
Epoch [97/100] - [TRAIN] Loss: 0.5371, Accuracy: 74.74%, AUC: 0.75 [VAL] Loss: 0.5249, Accuracy: 75.72%, Precision: 0.76, Recall: 0.72, F1-Score: 0.74, AUC: 0.76
Epoch [98/100] - [TRAIN] Loss: 0.5366, Accuracy: 74.82%, AUC: 0.75 [VAL] Loss: 0.5252, Accuracy: 75.47%, Precision: 0.76, Recall: 0.72, F1-Score: 0.74, AUC: 0.75
Epoch [99/100] - [TRAIN] Loss: 0.5399, Accuracy: 74.56%, AUC: 0.74 [VAL] Loss: 0.5139, Accuracy: 76.59%, Precision: 0.77, Recall: 0.74, F1-Score: 0.75, AUC: 0.77
Epoch [100/100] - [TRAIN] Loss: 0.5396, Accuracy: 74.56%, AUC: 0.74 [VAL] Loss: 0.5240, Accuracy: 75.72%, Precision: 0.76, Recall: 0.73, F1-Score: 0.74, AUC: 0.76
Accuracy Score on test set: 75.96 %
    AUC Score on test set: 0.76
    Precision: 0.7672
    Recall: 0.7335
    F1-Score: 0.7500

    Detailed Classification Report:
                  precision    recall  f1-score   support

           0       0.75      0.78      0.77      5084
           1       0.77      0.73      0.75      4916

    accuracy                           0.76     10000
   macro avg       0.76      0.76      0.76     10000
weighted avg       0.76      0.76      0.76     10000


    Confusion Matrix:
    [[3990 1094]
 [1310 3606]]
    
013-H3K9me3-H3K27me3
Epoch [1/100] - [TRAIN] Loss: 0.6991, Accuracy: 56.32%, AUC: 0.57 [VAL] Loss: 0.6774, Accuracy: 61.26%, Precision: 0.57, Recall: 0.84, F1-Score: 0.68, AUC: 0.62
Epoch [2/100] - [TRAIN] Loss: 0.6731, Accuracy: 61.22%, AUC: 0.62 [VAL] Loss: 0.6668, Accuracy: 61.81%, Precision: 0.57, Recall: 0.87, F1-Score: 0.69, AUC: 0.62
Epoch [3/100] - [TRAIN] Loss: 0.6689, Accuracy: 61.28%, AUC: 0.62 [VAL] Loss: 0.6619, Accuracy: 62.68%, Precision: 0.58, Recall: 0.86, F1-Score: 0.69, AUC: 0.63
Epoch [4/100] - [TRAIN] Loss: 0.6651, Accuracy: 61.61%, AUC: 0.62 [VAL] Loss: 0.6632, Accuracy: 61.67%, Precision: 0.58, Recall: 0.84, F1-Score: 0.68, AUC: 0.62
Epoch [5/100] - [TRAIN] Loss: 0.6657, Accuracy: 62.10%, AUC: 0.62 [VAL] Loss: 0.6581, Accuracy: 61.82%, Precision: 0.57, Recall: 0.85, F1-Score: 0.69, AUC: 0.62
Epoch [6/100] - [TRAIN] Loss: 0.6629, Accuracy: 61.90%, AUC: 0.62 [VAL] Loss: 0.6561, Accuracy: 62.73%, Precision: 0.58, Recall: 0.85, F1-Score: 0.69, AUC: 0.63
Epoch [7/100] - [TRAIN] Loss: 0.6639, Accuracy: 61.63%, AUC: 0.62 [VAL] Loss: 0.6576, Accuracy: 62.78%, Precision: 0.71, Recall: 0.40, F1-Score: 0.51, AUC: 0.62
Epoch [8/100] - [TRAIN] Loss: 0.6605, Accuracy: 61.91%, AUC: 0.62 [VAL] Loss: 0.6516, Accuracy: 62.30%, Precision: 0.71, Recall: 0.39, F1-Score: 0.50, AUC: 0.62
Epoch [9/100] - [TRAIN] Loss: 0.6607, Accuracy: 62.36%, AUC: 0.62 [VAL] Loss: 0.6609, Accuracy: 62.25%, Precision: 0.70, Recall: 0.38, F1-Score: 0.50, AUC: 0.62
Epoch [10/100] - [TRAIN] Loss: 0.6591, Accuracy: 62.14%, AUC: 0.62 [VAL] Loss: 0.6518, Accuracy: 62.95%, Precision: 0.72, Recall: 0.39, F1-Score: 0.51, AUC: 0.62
Epoch [11/100] - [TRAIN] Loss: 0.6606, Accuracy: 61.78%, AUC: 0.62 [VAL] Loss: 0.6500, Accuracy: 63.39%, Precision: 0.71, Recall: 0.40, F1-Score: 0.51, AUC: 0.62
Epoch [12/100] - [TRAIN] Loss: 0.6585, Accuracy: 62.27%, AUC: 0.62 [VAL] Loss: 0.6546, Accuracy: 62.02%, Precision: 0.70, Recall: 0.38, F1-Score: 0.49, AUC: 0.61
Epoch [13/100] - [TRAIN] Loss: 0.6582, Accuracy: 62.08%, AUC: 0.62 [VAL] Loss: 0.6539, Accuracy: 62.11%, Precision: 0.71, Recall: 0.39, F1-Score: 0.50, AUC: 0.62
Epoch [14/100] - [TRAIN] Loss: 0.6551, Accuracy: 62.20%, AUC: 0.62 [VAL] Loss: 0.6502, Accuracy: 63.12%, Precision: 0.72, Recall: 0.40, F1-Score: 0.52, AUC: 0.63
Epoch [15/100] - [TRAIN] Loss: 0.6564, Accuracy: 62.01%, AUC: 0.62 [VAL] Loss: 0.6504, Accuracy: 62.29%, Precision: 0.70, Recall: 0.38, F1-Score: 0.50, AUC: 0.61
Epoch [16/100] - [TRAIN] Loss: 0.6588, Accuracy: 61.66%, AUC: 0.62 [VAL] Loss: 0.6489, Accuracy: 63.11%, Precision: 0.72, Recall: 0.39, F1-Score: 0.51, AUC: 0.62
Epoch [17/100] - [TRAIN] Loss: 0.6546, Accuracy: 62.29%, AUC: 0.62 [VAL] Loss: 0.6504, Accuracy: 62.04%, Precision: 0.58, Recall: 0.85, F1-Score: 0.69, AUC: 0.62
Epoch [18/100] - [TRAIN] Loss: 0.6552, Accuracy: 62.19%, AUC: 0.62 [VAL] Loss: 0.6484, Accuracy: 62.98%, Precision: 0.72, Recall: 0.40, F1-Score: 0.52, AUC: 0.63
Epoch [19/100] - [TRAIN] Loss: 0.6540, Accuracy: 61.98%, AUC: 0.62 [VAL] Loss: 0.6476, Accuracy: 62.29%, Precision: 0.72, Recall: 0.39, F1-Score: 0.50, AUC: 0.62
Epoch [20/100] - [TRAIN] Loss: 0.6535, Accuracy: 62.17%, AUC: 0.62 [VAL] Loss: 0.6489, Accuracy: 62.74%, Precision: 0.72, Recall: 0.39, F1-Score: 0.51, AUC: 0.62
Epoch [21/100] - [TRAIN] Loss: 0.6552, Accuracy: 62.05%, AUC: 0.62 [VAL] Loss: 0.6553, Accuracy: 61.45%, Precision: 0.70, Recall: 0.38, F1-Score: 0.49, AUC: 0.61
Epoch [22/100] - [TRAIN] Loss: 0.6537, Accuracy: 62.19%, AUC: 0.62 [VAL] Loss: 0.6511, Accuracy: 63.23%, Precision: 0.71, Recall: 0.40, F1-Score: 0.51, AUC: 0.62
Epoch [23/100] - [TRAIN] Loss: 0.6538, Accuracy: 62.12%, AUC: 0.62 [VAL] Loss: 0.6538, Accuracy: 61.97%, Precision: 0.69, Recall: 0.38, F1-Score: 0.49, AUC: 0.61
Epoch [24/100] - [TRAIN] Loss: 0.6521, Accuracy: 62.17%, AUC: 0.62 [VAL] Loss: 0.6433, Accuracy: 63.11%, Precision: 0.72, Recall: 0.40, F1-Score: 0.51, AUC: 0.63
Epoch [25/100] - [TRAIN] Loss: 0.6504, Accuracy: 62.46%, AUC: 0.62 [VAL] Loss: 0.6464, Accuracy: 62.67%, Precision: 0.72, Recall: 0.39, F1-Score: 0.50, AUC: 0.62
Epoch [26/100] - [TRAIN] Loss: 0.6500, Accuracy: 62.56%, AUC: 0.63 [VAL] Loss: 0.6476, Accuracy: 62.02%, Precision: 0.70, Recall: 0.38, F1-Score: 0.49, AUC: 0.61
Epoch [27/100] - [TRAIN] Loss: 0.6507, Accuracy: 62.33%, AUC: 0.62 [VAL] Loss: 0.6482, Accuracy: 62.78%, Precision: 0.70, Recall: 0.39, F1-Score: 0.50, AUC: 0.62
Epoch [28/100] - [TRAIN] Loss: 0.6500, Accuracy: 62.32%, AUC: 0.62 [VAL] Loss: 0.6447, Accuracy: 62.77%, Precision: 0.72, Recall: 0.40, F1-Score: 0.51, AUC: 0.62
Epoch [29/100] - [TRAIN] Loss: 0.6517, Accuracy: 62.16%, AUC: 0.62 [VAL] Loss: 0.6464, Accuracy: 62.39%, Precision: 0.71, Recall: 0.39, F1-Score: 0.50, AUC: 0.62
Epoch [30/100] - [TRAIN] Loss: 0.6493, Accuracy: 62.54%, AUC: 0.62 [VAL] Loss: 0.6425, Accuracy: 62.66%, Precision: 0.70, Recall: 0.39, F1-Score: 0.50, AUC: 0.62
Epoch [31/100] - [TRAIN] Loss: 0.6491, Accuracy: 62.42%, AUC: 0.62 [VAL] Loss: 0.6408, Accuracy: 62.43%, Precision: 0.72, Recall: 0.39, F1-Score: 0.50, AUC: 0.62
Epoch [32/100] - [TRAIN] Loss: 0.6493, Accuracy: 62.59%, AUC: 0.62 [VAL] Loss: 0.6459, Accuracy: 62.15%, Precision: 0.71, Recall: 0.39, F1-Score: 0.50, AUC: 0.62
Epoch [33/100] - [TRAIN] Loss: 0.6499, Accuracy: 62.08%, AUC: 0.62 [VAL] Loss: 0.6422, Accuracy: 63.68%, Precision: 0.73, Recall: 0.41, F1-Score: 0.52, AUC: 0.63
Epoch [34/100] - [TRAIN] Loss: 0.6494, Accuracy: 62.41%, AUC: 0.62 [VAL] Loss: 0.6442, Accuracy: 62.41%, Precision: 0.71, Recall: 0.39, F1-Score: 0.50, AUC: 0.62
Epoch [35/100] - [TRAIN] Loss: 0.6491, Accuracy: 62.32%, AUC: 0.62 [VAL] Loss: 0.6425, Accuracy: 62.75%, Precision: 0.72, Recall: 0.39, F1-Score: 0.50, AUC: 0.62
Epoch [36/100] - [TRAIN] Loss: 0.6476, Accuracy: 62.61%, AUC: 0.63 [VAL] Loss: 0.6476, Accuracy: 61.96%, Precision: 0.71, Recall: 0.38, F1-Score: 0.49, AUC: 0.61
Epoch [37/100] - [TRAIN] Loss: 0.6496, Accuracy: 62.42%, AUC: 0.62 [VAL] Loss: 0.6374, Accuracy: 63.19%, Precision: 0.73, Recall: 0.39, F1-Score: 0.51, AUC: 0.63
Epoch [38/100] - [TRAIN] Loss: 0.6486, Accuracy: 62.27%, AUC: 0.62 [VAL] Loss: 0.6445, Accuracy: 61.86%, Precision: 0.71, Recall: 0.39, F1-Score: 0.50, AUC: 0.62
Epoch [39/100] - [TRAIN] Loss: 0.6477, Accuracy: 62.38%, AUC: 0.62 [VAL] Loss: 0.6432, Accuracy: 62.24%, Precision: 0.72, Recall: 0.39, F1-Score: 0.51, AUC: 0.62
Epoch [40/100] - [TRAIN] Loss: 0.6495, Accuracy: 62.36%, AUC: 0.62 [VAL] Loss: 0.6375, Accuracy: 63.10%, Precision: 0.72, Recall: 0.38, F1-Score: 0.50, AUC: 0.62
Epoch [41/100] - [TRAIN] Loss: 0.6473, Accuracy: 62.45%, AUC: 0.62 [VAL] Loss: 0.6418, Accuracy: 62.64%, Precision: 0.72, Recall: 0.39, F1-Score: 0.51, AUC: 0.62
Epoch [42/100] - [TRAIN] Loss: 0.6474, Accuracy: 62.12%, AUC: 0.62 [VAL] Loss: 0.6416, Accuracy: 62.18%, Precision: 0.71, Recall: 0.37, F1-Score: 0.49, AUC: 0.62
Epoch [43/100] - [TRAIN] Loss: 0.6474, Accuracy: 62.54%, AUC: 0.62 [VAL] Loss: 0.6422, Accuracy: 62.57%, Precision: 0.71, Recall: 0.38, F1-Score: 0.50, AUC: 0.62
Epoch [44/100] - [TRAIN] Loss: 0.6458, Accuracy: 62.34%, AUC: 0.62 [VAL] Loss: 0.6410, Accuracy: 63.23%, Precision: 0.73, Recall: 0.39, F1-Score: 0.51, AUC: 0.63
Epoch [45/100] - [TRAIN] Loss: 0.6496, Accuracy: 62.10%, AUC: 0.62 [VAL] Loss: 0.6437, Accuracy: 62.37%, Precision: 0.71, Recall: 0.39, F1-Score: 0.50, AUC: 0.62
Epoch [46/100] - [TRAIN] Loss: 0.6485, Accuracy: 62.01%, AUC: 0.62 [VAL] Loss: 0.6446, Accuracy: 62.59%, Precision: 0.72, Recall: 0.39, F1-Score: 0.51, AUC: 0.62
Epoch [47/100] - [TRAIN] Loss: 0.6483, Accuracy: 62.34%, AUC: 0.62 [VAL] Loss: 0.6397, Accuracy: 62.26%, Precision: 0.73, Recall: 0.38, F1-Score: 0.50, AUC: 0.62
Epoch [48/100] - [TRAIN] Loss: 0.6459, Accuracy: 62.17%, AUC: 0.62 [VAL] Loss: 0.6440, Accuracy: 62.31%, Precision: 0.71, Recall: 0.38, F1-Score: 0.50, AUC: 0.62
Epoch [49/100] - [TRAIN] Loss: 0.6468, Accuracy: 62.69%, AUC: 0.63 [VAL] Loss: 0.6437, Accuracy: 62.36%, Precision: 0.73, Recall: 0.38, F1-Score: 0.50, AUC: 0.62
Epoch [50/100] - [TRAIN] Loss: 0.6468, Accuracy: 62.42%, AUC: 0.62 [VAL] Loss: 0.6393, Accuracy: 63.00%, Precision: 0.71, Recall: 0.38, F1-Score: 0.50, AUC: 0.62
Epoch [51/100] - [TRAIN] Loss: 0.6473, Accuracy: 62.59%, AUC: 0.63 [VAL] Loss: 0.6372, Accuracy: 62.84%, Precision: 0.72, Recall: 0.39, F1-Score: 0.51, AUC: 0.62
Epoch [52/100] - [TRAIN] Loss: 0.6463, Accuracy: 62.41%, AUC: 0.62 [VAL] Loss: 0.6417, Accuracy: 63.20%, Precision: 0.72, Recall: 0.39, F1-Score: 0.51, AUC: 0.63
Epoch [53/100] - [TRAIN] Loss: 0.6470, Accuracy: 62.40%, AUC: 0.62 [VAL] Loss: 0.6443, Accuracy: 63.02%, Precision: 0.72, Recall: 0.39, F1-Score: 0.50, AUC: 0.62
Epoch [54/100] - [TRAIN] Loss: 0.6462, Accuracy: 62.38%, AUC: 0.62 [VAL] Loss: 0.6427, Accuracy: 62.57%, Precision: 0.72, Recall: 0.40, F1-Score: 0.51, AUC: 0.62
Epoch [55/100] - [TRAIN] Loss: 0.6463, Accuracy: 62.26%, AUC: 0.62 [VAL] Loss: 0.6443, Accuracy: 62.59%, Precision: 0.71, Recall: 0.38, F1-Score: 0.50, AUC: 0.62
Epoch [56/100] - [TRAIN] Loss: 0.6488, Accuracy: 61.91%, AUC: 0.62 [VAL] Loss: 0.6367, Accuracy: 62.65%, Precision: 0.73, Recall: 0.38, F1-Score: 0.50, AUC: 0.62
Epoch [57/100] - [TRAIN] Loss: 0.6458, Accuracy: 62.53%, AUC: 0.62 [VAL] Loss: 0.6497, Accuracy: 62.08%, Precision: 0.70, Recall: 0.39, F1-Score: 0.50, AUC: 0.61
Epoch [58/100] - [TRAIN] Loss: 0.6480, Accuracy: 62.23%, AUC: 0.62 [VAL] Loss: 0.6444, Accuracy: 62.25%, Precision: 0.70, Recall: 0.38, F1-Score: 0.49, AUC: 0.61
Epoch [59/100] - [TRAIN] Loss: 0.6467, Accuracy: 62.63%, AUC: 0.63 [VAL] Loss: 0.6443, Accuracy: 62.45%, Precision: 0.71, Recall: 0.39, F1-Score: 0.50, AUC: 0.62
Epoch [60/100] - [TRAIN] Loss: 0.6476, Accuracy: 62.39%, AUC: 0.62 [VAL] Loss: 0.6427, Accuracy: 63.16%, Precision: 0.72, Recall: 0.39, F1-Score: 0.51, AUC: 0.62
Epoch [61/100] - [TRAIN] Loss: 0.6493, Accuracy: 62.05%, AUC: 0.62 [VAL] Loss: 0.6424, Accuracy: 62.71%, Precision: 0.72, Recall: 0.39, F1-Score: 0.51, AUC: 0.62
Epoch [62/100] - [TRAIN] Loss: 0.6453, Accuracy: 62.42%, AUC: 0.62 [VAL] Loss: 0.6455, Accuracy: 62.75%, Precision: 0.71, Recall: 0.39, F1-Score: 0.50, AUC: 0.62
Epoch [63/100] - [TRAIN] Loss: 0.6456, Accuracy: 62.49%, AUC: 0.62 [VAL] Loss: 0.6495, Accuracy: 62.03%, Precision: 0.71, Recall: 0.38, F1-Score: 0.49, AUC: 0.61
Epoch [64/100] - [TRAIN] Loss: 0.6456, Accuracy: 62.30%, AUC: 0.62 [VAL] Loss: 0.6483, Accuracy: 61.62%, Precision: 0.71, Recall: 0.38, F1-Score: 0.49, AUC: 0.61
Epoch [65/100] - [TRAIN] Loss: 0.6475, Accuracy: 62.33%, AUC: 0.62 [VAL] Loss: 0.6477, Accuracy: 61.88%, Precision: 0.71, Recall: 0.38, F1-Score: 0.49, AUC: 0.61
Epoch [66/100] - [TRAIN] Loss: 0.6471, Accuracy: 62.40%, AUC: 0.62 [VAL] Loss: 0.6393, Accuracy: 63.40%, Precision: 0.72, Recall: 0.39, F1-Score: 0.50, AUC: 0.62
Epoch [67/100] - [TRAIN] Loss: 0.6452, Accuracy: 62.55%, AUC: 0.62 [VAL] Loss: 0.6396, Accuracy: 62.68%, Precision: 0.72, Recall: 0.39, F1-Score: 0.51, AUC: 0.62
Epoch [68/100] - [TRAIN] Loss: 0.6454, Accuracy: 62.56%, AUC: 0.62 [VAL] Loss: 0.6456, Accuracy: 62.77%, Precision: 0.72, Recall: 0.38, F1-Score: 0.50, AUC: 0.62
Epoch [69/100] - [TRAIN] Loss: 0.6482, Accuracy: 62.46%, AUC: 0.62 [VAL] Loss: 0.6465, Accuracy: 62.27%, Precision: 0.73, Recall: 0.38, F1-Score: 0.50, AUC: 0.62
Epoch [70/100] - [TRAIN] Loss: 0.6474, Accuracy: 62.09%, AUC: 0.62 [VAL] Loss: 0.6394, Accuracy: 62.89%, Precision: 0.72, Recall: 0.39, F1-Score: 0.50, AUC: 0.62
Epoch [71/100] - [TRAIN] Loss: 0.6462, Accuracy: 62.52%, AUC: 0.62 [VAL] Loss: 0.6451, Accuracy: 62.09%, Precision: 0.70, Recall: 0.38, F1-Score: 0.50, AUC: 0.62
Epoch [72/100] - [TRAIN] Loss: 0.6486, Accuracy: 62.13%, AUC: 0.62 [VAL] Loss: 0.6515, Accuracy: 61.98%, Precision: 0.71, Recall: 0.38, F1-Score: 0.50, AUC: 0.62
Epoch [73/100] - [TRAIN] Loss: 0.6456, Accuracy: 62.50%, AUC: 0.62 [VAL] Loss: 0.6427, Accuracy: 62.36%, Precision: 0.70, Recall: 0.39, F1-Score: 0.50, AUC: 0.62
Epoch [74/100] - [TRAIN] Loss: 0.6474, Accuracy: 62.42%, AUC: 0.62 [VAL] Loss: 0.6420, Accuracy: 62.65%, Precision: 0.72, Recall: 0.39, F1-Score: 0.50, AUC: 0.62
Epoch [75/100] - [TRAIN] Loss: 0.6477, Accuracy: 62.31%, AUC: 0.62 [VAL] Loss: 0.6430, Accuracy: 62.45%, Precision: 0.71, Recall: 0.39, F1-Score: 0.50, AUC: 0.62
Epoch [76/100] - [TRAIN] Loss: 0.6490, Accuracy: 62.31%, AUC: 0.62 [VAL] Loss: 0.6426, Accuracy: 62.47%, Precision: 0.71, Recall: 0.40, F1-Score: 0.51, AUC: 0.62
Epoch [77/100] - [TRAIN] Loss: 0.6474, Accuracy: 62.24%, AUC: 0.62 [VAL] Loss: 0.6473, Accuracy: 61.93%, Precision: 0.71, Recall: 0.39, F1-Score: 0.50, AUC: 0.62
Epoch [78/100] - [TRAIN] Loss: 0.6479, Accuracy: 62.26%, AUC: 0.62 [VAL] Loss: 0.6470, Accuracy: 62.79%, Precision: 0.71, Recall: 0.38, F1-Score: 0.50, AUC: 0.62
Epoch [79/100] - [TRAIN] Loss: 0.6457, Accuracy: 62.45%, AUC: 0.62 [VAL] Loss: 0.6435, Accuracy: 62.18%, Precision: 0.72, Recall: 0.39, F1-Score: 0.50, AUC: 0.62
Epoch [80/100] - [TRAIN] Loss: 0.6468, Accuracy: 62.37%, AUC: 0.62 [VAL] Loss: 0.6469, Accuracy: 62.26%, Precision: 0.71, Recall: 0.38, F1-Score: 0.50, AUC: 0.62
Epoch [81/100] - [TRAIN] Loss: 0.6459, Accuracy: 62.43%, AUC: 0.62 [VAL] Loss: 0.6344, Accuracy: 62.76%, Precision: 0.73, Recall: 0.39, F1-Score: 0.51, AUC: 0.63
Epoch [82/100] - [TRAIN] Loss: 0.6477, Accuracy: 62.21%, AUC: 0.62 [VAL] Loss: 0.6463, Accuracy: 61.83%, Precision: 0.72, Recall: 0.38, F1-Score: 0.50, AUC: 0.62
Epoch [83/100] - [TRAIN] Loss: 0.6473, Accuracy: 62.27%, AUC: 0.62 [VAL] Loss: 0.6497, Accuracy: 63.12%, Precision: 0.71, Recall: 0.39, F1-Score: 0.51, AUC: 0.62
Epoch [84/100] - [TRAIN] Loss: 0.6475, Accuracy: 62.03%, AUC: 0.62 [VAL] Loss: 0.6426, Accuracy: 62.54%, Precision: 0.73, Recall: 0.39, F1-Score: 0.51, AUC: 0.62
Epoch [85/100] - [TRAIN] Loss: 0.6464, Accuracy: 62.61%, AUC: 0.63 [VAL] Loss: 0.6418, Accuracy: 62.76%, Precision: 0.73, Recall: 0.39, F1-Score: 0.51, AUC: 0.62
Epoch [86/100] - [TRAIN] Loss: 0.6472, Accuracy: 62.47%, AUC: 0.62 [VAL] Loss: 0.6395, Accuracy: 63.47%, Precision: 0.72, Recall: 0.39, F1-Score: 0.51, AUC: 0.63
Epoch [87/100] - [TRAIN] Loss: 0.6454, Accuracy: 62.59%, AUC: 0.63 [VAL] Loss: 0.6413, Accuracy: 63.28%, Precision: 0.71, Recall: 0.40, F1-Score: 0.51, AUC: 0.63
Epoch [88/100] - [TRAIN] Loss: 0.6472, Accuracy: 62.40%, AUC: 0.62 [VAL] Loss: 0.6486, Accuracy: 62.66%, Precision: 0.71, Recall: 0.38, F1-Score: 0.50, AUC: 0.62
Epoch [89/100] - [TRAIN] Loss: 0.6468, Accuracy: 62.30%, AUC: 0.62 [VAL] Loss: 0.6432, Accuracy: 62.26%, Precision: 0.71, Recall: 0.39, F1-Score: 0.50, AUC: 0.62
Epoch [90/100] - [TRAIN] Loss: 0.6470, Accuracy: 62.54%, AUC: 0.62 [VAL] Loss: 0.6410, Accuracy: 62.57%, Precision: 0.72, Recall: 0.39, F1-Score: 0.50, AUC: 0.62
Epoch [91/100] - [TRAIN] Loss: 0.6487, Accuracy: 62.13%, AUC: 0.62 [VAL] Loss: 0.6478, Accuracy: 62.13%, Precision: 0.71, Recall: 0.39, F1-Score: 0.50, AUC: 0.62
Epoch [92/100] - [TRAIN] Loss: 0.6473, Accuracy: 62.22%, AUC: 0.62 [VAL] Loss: 0.6427, Accuracy: 62.80%, Precision: 0.72, Recall: 0.40, F1-Score: 0.51, AUC: 0.62
Epoch [93/100] - [TRAIN] Loss: 0.6463, Accuracy: 62.42%, AUC: 0.62 [VAL] Loss: 0.6440, Accuracy: 62.34%, Precision: 0.72, Recall: 0.39, F1-Score: 0.50, AUC: 0.62
Epoch [94/100] - [TRAIN] Loss: 0.6456, Accuracy: 62.40%, AUC: 0.62 [VAL] Loss: 0.6441, Accuracy: 62.25%, Precision: 0.72, Recall: 0.38, F1-Score: 0.50, AUC: 0.62
Epoch [95/100] - [TRAIN] Loss: 0.6492, Accuracy: 61.97%, AUC: 0.62 [VAL] Loss: 0.6447, Accuracy: 62.04%, Precision: 0.72, Recall: 0.37, F1-Score: 0.49, AUC: 0.62
Epoch [96/100] - [TRAIN] Loss: 0.6463, Accuracy: 62.38%, AUC: 0.62 [VAL] Loss: 0.6449, Accuracy: 62.43%, Precision: 0.71, Recall: 0.38, F1-Score: 0.50, AUC: 0.62
Epoch [97/100] - [TRAIN] Loss: 0.6471, Accuracy: 62.41%, AUC: 0.62 [VAL] Loss: 0.6492, Accuracy: 61.84%, Precision: 0.71, Recall: 0.38, F1-Score: 0.49, AUC: 0.61
Epoch [98/100] - [TRAIN] Loss: 0.6460, Accuracy: 62.56%, AUC: 0.62 [VAL] Loss: 0.6470, Accuracy: 62.76%, Precision: 0.72, Recall: 0.39, F1-Score: 0.51, AUC: 0.62
Epoch [99/100] - [TRAIN] Loss: 0.6462, Accuracy: 62.21%, AUC: 0.62 [VAL] Loss: 0.6460, Accuracy: 62.72%, Precision: 0.71, Recall: 0.39, F1-Score: 0.50, AUC: 0.62
Epoch [100/100] - [TRAIN] Loss: 0.6457, Accuracy: 62.67%, AUC: 0.63 [VAL] Loss: 0.6429, Accuracy: 62.20%, Precision: 0.71, Recall: 0.38, F1-Score: 0.50, AUC: 0.62
Accuracy Score on test set: 62.33 %
    AUC Score on test set: 0.62
    Precision: 0.7083
    Recall: 0.3799
    F1-Score: 0.4946

    Detailed Classification Report:
                  precision    recall  f1-score   support

           0       0.59      0.85      0.70      5149
           1       0.71      0.38      0.49      4851

    accuracy                           0.62     10000
   macro avg       0.65      0.62      0.60     10000
weighted avg       0.65      0.62      0.60     10000


    Confusion Matrix:
    [[4390  759]
 [3008 1843]]
    
014-H3K27ac-H3K27me3
Epoch [1/100] - [TRAIN] Loss: 0.6013, Accuracy: 71.94%, AUC: 0.72 [VAL] Loss: 0.5505, Accuracy: 75.01%, Precision: 0.76, Recall: 0.72, F1-Score: 0.74, AUC: 0.75
Epoch [2/100] - [TRAIN] Loss: 0.5627, Accuracy: 74.08%, AUC: 0.74 [VAL] Loss: 0.5387, Accuracy: 74.94%, Precision: 0.77, Recall: 0.70, F1-Score: 0.74, AUC: 0.75
Epoch [3/100] - [TRAIN] Loss: 0.5585, Accuracy: 74.02%, AUC: 0.74 [VAL] Loss: 0.5384, Accuracy: 74.91%, Precision: 0.77, Recall: 0.70, F1-Score: 0.74, AUC: 0.75
Epoch [4/100] - [TRAIN] Loss: 0.5480, Accuracy: 74.33%, AUC: 0.74 [VAL] Loss: 0.5297, Accuracy: 75.43%, Precision: 0.77, Recall: 0.70, F1-Score: 0.73, AUC: 0.75
Epoch [5/100] - [TRAIN] Loss: 0.5444, Accuracy: 74.47%, AUC: 0.74 [VAL] Loss: 0.5206, Accuracy: 75.62%, Precision: 0.78, Recall: 0.70, F1-Score: 0.74, AUC: 0.76
Epoch [6/100] - [TRAIN] Loss: 0.5424, Accuracy: 74.47%, AUC: 0.74 [VAL] Loss: 0.5302, Accuracy: 75.08%, Precision: 0.78, Recall: 0.69, F1-Score: 0.73, AUC: 0.75
Epoch [7/100] - [TRAIN] Loss: 0.5449, Accuracy: 74.50%, AUC: 0.74 [VAL] Loss: 0.5264, Accuracy: 74.94%, Precision: 0.77, Recall: 0.68, F1-Score: 0.72, AUC: 0.75
Epoch [8/100] - [TRAIN] Loss: 0.5392, Accuracy: 74.60%, AUC: 0.75 [VAL] Loss: 0.5223, Accuracy: 75.76%, Precision: 0.78, Recall: 0.71, F1-Score: 0.74, AUC: 0.76
Epoch [9/100] - [TRAIN] Loss: 0.5408, Accuracy: 74.53%, AUC: 0.74 [VAL] Loss: 0.5354, Accuracy: 74.42%, Precision: 0.76, Recall: 0.70, F1-Score: 0.73, AUC: 0.74
Epoch [10/100] - [TRAIN] Loss: 0.5383, Accuracy: 74.37%, AUC: 0.74 [VAL] Loss: 0.5271, Accuracy: 75.43%, Precision: 0.78, Recall: 0.69, F1-Score: 0.73, AUC: 0.75
Epoch [11/100] - [TRAIN] Loss: 0.5397, Accuracy: 74.42%, AUC: 0.74 [VAL] Loss: 0.5226, Accuracy: 76.17%, Precision: 0.78, Recall: 0.71, F1-Score: 0.74, AUC: 0.76
Epoch [12/100] - [TRAIN] Loss: 0.5397, Accuracy: 74.38%, AUC: 0.74 [VAL] Loss: 0.5256, Accuracy: 75.17%, Precision: 0.78, Recall: 0.69, F1-Score: 0.73, AUC: 0.75
Epoch [13/100] - [TRAIN] Loss: 0.5378, Accuracy: 74.42%, AUC: 0.74 [VAL] Loss: 0.5274, Accuracy: 75.17%, Precision: 0.78, Recall: 0.68, F1-Score: 0.73, AUC: 0.75
Epoch [14/100] - [TRAIN] Loss: 0.5392, Accuracy: 74.69%, AUC: 0.75 [VAL] Loss: 0.5305, Accuracy: 74.94%, Precision: 0.79, Recall: 0.68, F1-Score: 0.73, AUC: 0.75
Epoch [15/100] - [TRAIN] Loss: 0.5408, Accuracy: 74.36%, AUC: 0.74 [VAL] Loss: 0.5302, Accuracy: 75.31%, Precision: 0.77, Recall: 0.69, F1-Score: 0.73, AUC: 0.75
Epoch [16/100] - [TRAIN] Loss: 0.5357, Accuracy: 74.85%, AUC: 0.75 [VAL] Loss: 0.5240, Accuracy: 75.22%, Precision: 0.78, Recall: 0.68, F1-Score: 0.73, AUC: 0.75
Epoch [17/100] - [TRAIN] Loss: 0.5349, Accuracy: 74.80%, AUC: 0.75 [VAL] Loss: 0.5313, Accuracy: 74.70%, Precision: 0.77, Recall: 0.68, F1-Score: 0.72, AUC: 0.74
Epoch [18/100] - [TRAIN] Loss: 0.5367, Accuracy: 74.55%, AUC: 0.74 [VAL] Loss: 0.5186, Accuracy: 75.59%, Precision: 0.78, Recall: 0.69, F1-Score: 0.73, AUC: 0.75
Epoch [19/100] - [TRAIN] Loss: 0.5374, Accuracy: 74.55%, AUC: 0.74 [VAL] Loss: 0.5209, Accuracy: 75.34%, Precision: 0.78, Recall: 0.69, F1-Score: 0.73, AUC: 0.75
Epoch [20/100] - [TRAIN] Loss: 0.5377, Accuracy: 74.55%, AUC: 0.74 [VAL] Loss: 0.5198, Accuracy: 75.90%, Precision: 0.78, Recall: 0.70, F1-Score: 0.74, AUC: 0.76
Epoch [21/100] - [TRAIN] Loss: 0.5389, Accuracy: 74.51%, AUC: 0.74 [VAL] Loss: 0.5274, Accuracy: 75.67%, Precision: 0.79, Recall: 0.69, F1-Score: 0.74, AUC: 0.76
Epoch [22/100] - [TRAIN] Loss: 0.5402, Accuracy: 74.53%, AUC: 0.74 [VAL] Loss: 0.5279, Accuracy: 74.97%, Precision: 0.78, Recall: 0.69, F1-Score: 0.73, AUC: 0.75
Epoch [23/100] - [TRAIN] Loss: 0.5370, Accuracy: 74.63%, AUC: 0.75 [VAL] Loss: 0.5162, Accuracy: 75.85%, Precision: 0.79, Recall: 0.70, F1-Score: 0.74, AUC: 0.76
Epoch [24/100] - [TRAIN] Loss: 0.5343, Accuracy: 74.50%, AUC: 0.74 [VAL] Loss: 0.5312, Accuracy: 75.11%, Precision: 0.77, Recall: 0.70, F1-Score: 0.73, AUC: 0.75
Epoch [25/100] - [TRAIN] Loss: 0.5371, Accuracy: 74.55%, AUC: 0.74 [VAL] Loss: 0.5309, Accuracy: 75.18%, Precision: 0.77, Recall: 0.70, F1-Score: 0.73, AUC: 0.75
Epoch [26/100] - [TRAIN] Loss: 0.5387, Accuracy: 74.66%, AUC: 0.75 [VAL] Loss: 0.5207, Accuracy: 75.16%, Precision: 0.79, Recall: 0.68, F1-Score: 0.73, AUC: 0.75
Epoch [27/100] - [TRAIN] Loss: 0.5375, Accuracy: 74.47%, AUC: 0.74 [VAL] Loss: 0.5264, Accuracy: 74.99%, Precision: 0.78, Recall: 0.68, F1-Score: 0.73, AUC: 0.75
Epoch [28/100] - [TRAIN] Loss: 0.5394, Accuracy: 74.48%, AUC: 0.74 [VAL] Loss: 0.5199, Accuracy: 75.75%, Precision: 0.78, Recall: 0.70, F1-Score: 0.74, AUC: 0.76
Epoch [29/100] - [TRAIN] Loss: 0.5387, Accuracy: 74.48%, AUC: 0.74 [VAL] Loss: 0.5263, Accuracy: 75.23%, Precision: 0.78, Recall: 0.69, F1-Score: 0.73, AUC: 0.75
Epoch [30/100] - [TRAIN] Loss: 0.5379, Accuracy: 74.70%, AUC: 0.75 [VAL] Loss: 0.5203, Accuracy: 75.58%, Precision: 0.78, Recall: 0.69, F1-Score: 0.73, AUC: 0.75
Epoch [31/100] - [TRAIN] Loss: 0.5367, Accuracy: 74.61%, AUC: 0.75 [VAL] Loss: 0.5268, Accuracy: 74.87%, Precision: 0.77, Recall: 0.69, F1-Score: 0.72, AUC: 0.75
Epoch [32/100] - [TRAIN] Loss: 0.5383, Accuracy: 74.67%, AUC: 0.75 [VAL] Loss: 0.5252, Accuracy: 75.51%, Precision: 0.78, Recall: 0.70, F1-Score: 0.74, AUC: 0.75
Epoch [33/100] - [TRAIN] Loss: 0.5389, Accuracy: 74.48%, AUC: 0.74 [VAL] Loss: 0.5259, Accuracy: 74.98%, Precision: 0.78, Recall: 0.69, F1-Score: 0.73, AUC: 0.75
Epoch [34/100] - [TRAIN] Loss: 0.5361, Accuracy: 74.63%, AUC: 0.75 [VAL] Loss: 0.5152, Accuracy: 76.05%, Precision: 0.79, Recall: 0.70, F1-Score: 0.74, AUC: 0.76
Epoch [35/100] - [TRAIN] Loss: 0.5362, Accuracy: 74.73%, AUC: 0.75 [VAL] Loss: 0.5265, Accuracy: 74.99%, Precision: 0.78, Recall: 0.69, F1-Score: 0.73, AUC: 0.75
Epoch [36/100] - [TRAIN] Loss: 0.5376, Accuracy: 74.54%, AUC: 0.74 [VAL] Loss: 0.5284, Accuracy: 75.25%, Precision: 0.77, Recall: 0.68, F1-Score: 0.72, AUC: 0.75
Epoch [37/100] - [TRAIN] Loss: 0.5375, Accuracy: 74.70%, AUC: 0.75 [VAL] Loss: 0.5195, Accuracy: 75.82%, Precision: 0.78, Recall: 0.70, F1-Score: 0.73, AUC: 0.76
Epoch [38/100] - [TRAIN] Loss: 0.5398, Accuracy: 74.41%, AUC: 0.74 [VAL] Loss: 0.5239, Accuracy: 75.63%, Precision: 0.78, Recall: 0.69, F1-Score: 0.73, AUC: 0.75
Epoch [39/100] - [TRAIN] Loss: 0.5364, Accuracy: 74.61%, AUC: 0.75 [VAL] Loss: 0.5243, Accuracy: 76.04%, Precision: 0.78, Recall: 0.70, F1-Score: 0.74, AUC: 0.76
Epoch [40/100] - [TRAIN] Loss: 0.5387, Accuracy: 74.57%, AUC: 0.74 [VAL] Loss: 0.5214, Accuracy: 75.57%, Precision: 0.79, Recall: 0.70, F1-Score: 0.74, AUC: 0.76
Epoch [41/100] - [TRAIN] Loss: 0.5395, Accuracy: 74.51%, AUC: 0.74 [VAL] Loss: 0.5211, Accuracy: 75.48%, Precision: 0.78, Recall: 0.69, F1-Score: 0.74, AUC: 0.75
Epoch [42/100] - [TRAIN] Loss: 0.5410, Accuracy: 74.52%, AUC: 0.74 [VAL] Loss: 0.5206, Accuracy: 75.37%, Precision: 0.78, Recall: 0.69, F1-Score: 0.73, AUC: 0.75
Epoch [43/100] - [TRAIN] Loss: 0.5401, Accuracy: 74.57%, AUC: 0.74 [VAL] Loss: 0.5224, Accuracy: 75.72%, Precision: 0.78, Recall: 0.69, F1-Score: 0.74, AUC: 0.76
Epoch [44/100] - [TRAIN] Loss: 0.5360, Accuracy: 74.81%, AUC: 0.75 [VAL] Loss: 0.5362, Accuracy: 74.90%, Precision: 0.78, Recall: 0.69, F1-Score: 0.73, AUC: 0.75
Epoch [45/100] - [TRAIN] Loss: 0.5392, Accuracy: 74.52%, AUC: 0.74 [VAL] Loss: 0.5237, Accuracy: 75.03%, Precision: 0.78, Recall: 0.68, F1-Score: 0.73, AUC: 0.75
Epoch [46/100] - [TRAIN] Loss: 0.5410, Accuracy: 74.00%, AUC: 0.74 [VAL] Loss: 0.5167, Accuracy: 75.72%, Precision: 0.78, Recall: 0.69, F1-Score: 0.73, AUC: 0.75
Epoch [47/100] - [TRAIN] Loss: 0.5388, Accuracy: 74.48%, AUC: 0.74 [VAL] Loss: 0.5231, Accuracy: 74.89%, Precision: 0.78, Recall: 0.69, F1-Score: 0.73, AUC: 0.75
Epoch [48/100] - [TRAIN] Loss: 0.5381, Accuracy: 74.76%, AUC: 0.75 [VAL] Loss: 0.5271, Accuracy: 74.59%, Precision: 0.77, Recall: 0.69, F1-Score: 0.73, AUC: 0.75
Epoch [49/100] - [TRAIN] Loss: 0.5349, Accuracy: 74.74%, AUC: 0.75 [VAL] Loss: 0.5243, Accuracy: 75.15%, Precision: 0.77, Recall: 0.69, F1-Score: 0.73, AUC: 0.75
Epoch [50/100] - [TRAIN] Loss: 0.5427, Accuracy: 74.36%, AUC: 0.74 [VAL] Loss: 0.5326, Accuracy: 75.04%, Precision: 0.77, Recall: 0.69, F1-Score: 0.73, AUC: 0.75
Epoch [51/100] - [TRAIN] Loss: 0.5354, Accuracy: 74.49%, AUC: 0.74 [VAL] Loss: 0.5165, Accuracy: 76.00%, Precision: 0.79, Recall: 0.70, F1-Score: 0.74, AUC: 0.76
Epoch [52/100] - [TRAIN] Loss: 0.5386, Accuracy: 74.73%, AUC: 0.75 [VAL] Loss: 0.5193, Accuracy: 75.94%, Precision: 0.78, Recall: 0.70, F1-Score: 0.74, AUC: 0.76
Epoch [53/100] - [TRAIN] Loss: 0.5386, Accuracy: 74.42%, AUC: 0.74 [VAL] Loss: 0.5235, Accuracy: 75.70%, Precision: 0.78, Recall: 0.69, F1-Score: 0.73, AUC: 0.75
Epoch [54/100] - [TRAIN] Loss: 0.5400, Accuracy: 74.36%, AUC: 0.74 [VAL] Loss: 0.5212, Accuracy: 75.70%, Precision: 0.78, Recall: 0.70, F1-Score: 0.74, AUC: 0.76
Epoch [55/100] - [TRAIN] Loss: 0.5429, Accuracy: 74.25%, AUC: 0.74 [VAL] Loss: 0.5203, Accuracy: 75.08%, Precision: 0.78, Recall: 0.69, F1-Score: 0.74, AUC: 0.75
Epoch [56/100] - [TRAIN] Loss: 0.5356, Accuracy: 74.83%, AUC: 0.75 [VAL] Loss: 0.5204, Accuracy: 75.14%, Precision: 0.79, Recall: 0.69, F1-Score: 0.73, AUC: 0.75
Epoch [57/100] - [TRAIN] Loss: 0.5398, Accuracy: 74.50%, AUC: 0.74 [VAL] Loss: 0.5247, Accuracy: 75.28%, Precision: 0.78, Recall: 0.69, F1-Score: 0.73, AUC: 0.75
Epoch [58/100] - [TRAIN] Loss: 0.5390, Accuracy: 74.38%, AUC: 0.74 [VAL] Loss: 0.5264, Accuracy: 74.77%, Precision: 0.78, Recall: 0.68, F1-Score: 0.73, AUC: 0.75
Epoch [59/100] - [TRAIN] Loss: 0.5381, Accuracy: 74.56%, AUC: 0.74 [VAL] Loss: 0.5260, Accuracy: 75.03%, Precision: 0.77, Recall: 0.69, F1-Score: 0.73, AUC: 0.75
Epoch [60/100] - [TRAIN] Loss: 0.5389, Accuracy: 74.55%, AUC: 0.74 [VAL] Loss: 0.5270, Accuracy: 75.66%, Precision: 0.79, Recall: 0.69, F1-Score: 0.74, AUC: 0.76
Epoch [61/100] - [TRAIN] Loss: 0.5382, Accuracy: 74.58%, AUC: 0.74 [VAL] Loss: 0.5337, Accuracy: 74.72%, Precision: 0.77, Recall: 0.68, F1-Score: 0.72, AUC: 0.75
Epoch [62/100] - [TRAIN] Loss: 0.5391, Accuracy: 74.54%, AUC: 0.74 [VAL] Loss: 0.5190, Accuracy: 75.38%, Precision: 0.78, Recall: 0.69, F1-Score: 0.73, AUC: 0.75
Epoch [63/100] - [TRAIN] Loss: 0.5413, Accuracy: 74.17%, AUC: 0.74 [VAL] Loss: 0.5190, Accuracy: 75.75%, Precision: 0.78, Recall: 0.69, F1-Score: 0.73, AUC: 0.75
Epoch [64/100] - [TRAIN] Loss: 0.5397, Accuracy: 74.53%, AUC: 0.74 [VAL] Loss: 0.5233, Accuracy: 76.03%, Precision: 0.78, Recall: 0.70, F1-Score: 0.74, AUC: 0.76
Epoch [65/100] - [TRAIN] Loss: 0.5398, Accuracy: 74.30%, AUC: 0.74 [VAL] Loss: 0.5220, Accuracy: 75.88%, Precision: 0.78, Recall: 0.70, F1-Score: 0.74, AUC: 0.76
Epoch [66/100] - [TRAIN] Loss: 0.5418, Accuracy: 74.38%, AUC: 0.74 [VAL] Loss: 0.5230, Accuracy: 75.49%, Precision: 0.78, Recall: 0.69, F1-Score: 0.73, AUC: 0.75
Epoch [67/100] - [TRAIN] Loss: 0.5358, Accuracy: 74.64%, AUC: 0.75 [VAL] Loss: 0.5213, Accuracy: 76.08%, Precision: 0.78, Recall: 0.71, F1-Score: 0.74, AUC: 0.76
Epoch [68/100] - [TRAIN] Loss: 0.5378, Accuracy: 74.37%, AUC: 0.74 [VAL] Loss: 0.5295, Accuracy: 75.23%, Precision: 0.78, Recall: 0.69, F1-Score: 0.73, AUC: 0.75
Epoch [69/100] - [TRAIN] Loss: 0.5418, Accuracy: 74.34%, AUC: 0.74 [VAL] Loss: 0.5274, Accuracy: 75.16%, Precision: 0.77, Recall: 0.69, F1-Score: 0.73, AUC: 0.75
Epoch [70/100] - [TRAIN] Loss: 0.5379, Accuracy: 74.63%, AUC: 0.75 [VAL] Loss: 0.5303, Accuracy: 74.91%, Precision: 0.77, Recall: 0.68, F1-Score: 0.72, AUC: 0.75
Epoch [71/100] - [TRAIN] Loss: 0.5431, Accuracy: 74.23%, AUC: 0.74 [VAL] Loss: 0.5281, Accuracy: 75.40%, Precision: 0.79, Recall: 0.69, F1-Score: 0.73, AUC: 0.75
Epoch [72/100] - [TRAIN] Loss: 0.5389, Accuracy: 74.38%, AUC: 0.74 [VAL] Loss: 0.5210, Accuracy: 75.26%, Precision: 0.78, Recall: 0.69, F1-Score: 0.73, AUC: 0.75
Epoch [73/100] - [TRAIN] Loss: 0.5403, Accuracy: 74.47%, AUC: 0.74 [VAL] Loss: 0.5220, Accuracy: 75.59%, Precision: 0.78, Recall: 0.69, F1-Score: 0.73, AUC: 0.75
Epoch [74/100] - [TRAIN] Loss: 0.5392, Accuracy: 74.43%, AUC: 0.74 [VAL] Loss: 0.5252, Accuracy: 75.88%, Precision: 0.78, Recall: 0.69, F1-Score: 0.73, AUC: 0.76
Epoch [75/100] - [TRAIN] Loss: 0.5371, Accuracy: 74.63%, AUC: 0.75 [VAL] Loss: 0.5209, Accuracy: 75.86%, Precision: 0.78, Recall: 0.69, F1-Score: 0.74, AUC: 0.76
Epoch [76/100] - [TRAIN] Loss: 0.5401, Accuracy: 74.54%, AUC: 0.74 [VAL] Loss: 0.5331, Accuracy: 74.29%, Precision: 0.77, Recall: 0.68, F1-Score: 0.72, AUC: 0.74
Epoch [77/100] - [TRAIN] Loss: 0.5378, Accuracy: 74.37%, AUC: 0.74 [VAL] Loss: 0.5307, Accuracy: 74.85%, Precision: 0.77, Recall: 0.69, F1-Score: 0.73, AUC: 0.75
Epoch [78/100] - [TRAIN] Loss: 0.5391, Accuracy: 74.42%, AUC: 0.74 [VAL] Loss: 0.5313, Accuracy: 75.10%, Precision: 0.76, Recall: 0.69, F1-Score: 0.73, AUC: 0.75
Epoch [79/100] - [TRAIN] Loss: 0.5394, Accuracy: 74.54%, AUC: 0.74 [VAL] Loss: 0.5295, Accuracy: 75.63%, Precision: 0.78, Recall: 0.69, F1-Score: 0.73, AUC: 0.75
Epoch [80/100] - [TRAIN] Loss: 0.5392, Accuracy: 74.58%, AUC: 0.74 [VAL] Loss: 0.5289, Accuracy: 75.46%, Precision: 0.77, Recall: 0.70, F1-Score: 0.74, AUC: 0.75
Epoch [81/100] - [TRAIN] Loss: 0.5345, Accuracy: 74.87%, AUC: 0.75 [VAL] Loss: 0.5281, Accuracy: 74.27%, Precision: 0.77, Recall: 0.68, F1-Score: 0.72, AUC: 0.74
Epoch [82/100] - [TRAIN] Loss: 0.5373, Accuracy: 74.65%, AUC: 0.75 [VAL] Loss: 0.5333, Accuracy: 75.10%, Precision: 0.78, Recall: 0.69, F1-Score: 0.73, AUC: 0.75
Epoch [83/100] - [TRAIN] Loss: 0.5352, Accuracy: 74.61%, AUC: 0.75 [VAL] Loss: 0.5219, Accuracy: 75.81%, Precision: 0.79, Recall: 0.69, F1-Score: 0.74, AUC: 0.76
Epoch [84/100] - [TRAIN] Loss: 0.5374, Accuracy: 74.76%, AUC: 0.75 [VAL] Loss: 0.5270, Accuracy: 75.46%, Precision: 0.78, Recall: 0.69, F1-Score: 0.73, AUC: 0.75
Epoch [85/100] - [TRAIN] Loss: 0.5407, Accuracy: 74.37%, AUC: 0.74 [VAL] Loss: 0.5175, Accuracy: 75.13%, Precision: 0.78, Recall: 0.68, F1-Score: 0.73, AUC: 0.75
Epoch [86/100] - [TRAIN] Loss: 0.5390, Accuracy: 74.62%, AUC: 0.75 [VAL] Loss: 0.5207, Accuracy: 75.56%, Precision: 0.79, Recall: 0.69, F1-Score: 0.73, AUC: 0.75
Epoch [87/100] - [TRAIN] Loss: 0.5361, Accuracy: 74.58%, AUC: 0.74 [VAL] Loss: 0.5243, Accuracy: 75.57%, Precision: 0.79, Recall: 0.69, F1-Score: 0.74, AUC: 0.76
Epoch [88/100] - [TRAIN] Loss: 0.5385, Accuracy: 74.67%, AUC: 0.75 [VAL] Loss: 0.5252, Accuracy: 75.33%, Precision: 0.78, Recall: 0.69, F1-Score: 0.73, AUC: 0.75
Epoch [89/100] - [TRAIN] Loss: 0.5367, Accuracy: 74.52%, AUC: 0.74 [VAL] Loss: 0.5196, Accuracy: 75.99%, Precision: 0.78, Recall: 0.70, F1-Score: 0.74, AUC: 0.76
Epoch [90/100] - [TRAIN] Loss: 0.5375, Accuracy: 74.78%, AUC: 0.75 [VAL] Loss: 0.5246, Accuracy: 75.31%, Precision: 0.78, Recall: 0.68, F1-Score: 0.73, AUC: 0.75
Epoch [91/100] - [TRAIN] Loss: 0.5378, Accuracy: 74.69%, AUC: 0.75 [VAL] Loss: 0.5345, Accuracy: 74.34%, Precision: 0.77, Recall: 0.68, F1-Score: 0.72, AUC: 0.74
Epoch [92/100] - [TRAIN] Loss: 0.5391, Accuracy: 74.54%, AUC: 0.74 [VAL] Loss: 0.5290, Accuracy: 75.27%, Precision: 0.78, Recall: 0.69, F1-Score: 0.73, AUC: 0.75
Epoch [93/100] - [TRAIN] Loss: 0.5369, Accuracy: 74.42%, AUC: 0.74 [VAL] Loss: 0.5264, Accuracy: 74.50%, Precision: 0.77, Recall: 0.67, F1-Score: 0.72, AUC: 0.74
Epoch [94/100] - [TRAIN] Loss: 0.5381, Accuracy: 74.48%, AUC: 0.74 [VAL] Loss: 0.5139, Accuracy: 75.65%, Precision: 0.78, Recall: 0.69, F1-Score: 0.73, AUC: 0.75
Epoch [95/100] - [TRAIN] Loss: 0.5402, Accuracy: 74.41%, AUC: 0.74 [VAL] Loss: 0.5201, Accuracy: 75.65%, Precision: 0.78, Recall: 0.70, F1-Score: 0.73, AUC: 0.75
Epoch [96/100] - [TRAIN] Loss: 0.5402, Accuracy: 74.47%, AUC: 0.74 [VAL] Loss: 0.5200, Accuracy: 75.55%, Precision: 0.78, Recall: 0.69, F1-Score: 0.73, AUC: 0.75
Epoch [97/100] - [TRAIN] Loss: 0.5380, Accuracy: 74.65%, AUC: 0.75 [VAL] Loss: 0.5168, Accuracy: 76.13%, Precision: 0.79, Recall: 0.70, F1-Score: 0.74, AUC: 0.76
Epoch [98/100] - [TRAIN] Loss: 0.5400, Accuracy: 74.21%, AUC: 0.74 [VAL] Loss: 0.5206, Accuracy: 74.59%, Precision: 0.78, Recall: 0.68, F1-Score: 0.73, AUC: 0.75
Epoch [99/100] - [TRAIN] Loss: 0.5344, Accuracy: 74.55%, AUC: 0.74 [VAL] Loss: 0.5302, Accuracy: 75.61%, Precision: 0.78, Recall: 0.69, F1-Score: 0.73, AUC: 0.75
Epoch [100/100] - [TRAIN] Loss: 0.5397, Accuracy: 74.49%, AUC: 0.74 [VAL] Loss: 0.5261, Accuracy: 75.32%, Precision: 0.78, Recall: 0.69, F1-Score: 0.74, AUC: 0.75
Accuracy Score on test set: 75.04 %
    AUC Score on test set: 0.75
    Precision: 0.7702
    Recall: 0.6861
    F1-Score: 0.7257

    Detailed Classification Report:
                  precision    recall  f1-score   support

           0       0.74      0.81      0.77      5187
           1       0.77      0.69      0.73      4813

    accuracy                           0.75     10000
   macro avg       0.75      0.75      0.75     10000
weighted avg       0.75      0.75      0.75     10000


    Confusion Matrix:
    [[4202  985]
 [1511 3302]]
    
Batch FINISHED!!!

Real-time duration: 8515.439664388 seconds
